
======================================================================
instance01: 70 boxes (2 types), 4 containers (2 types)
  continuous-knapsack bound: 11112.0
  discretization: 2,840 variables, 59,728 nonzeros in (13)
  greedy warm start: value 7680.0 (32/70 boxes, 0.0s)
  building MILP ...
Set parameter Username
Set parameter LicenseID to value 2847717
Academic license - for non-commercial use only - expires 2027-07-23
  model: 2,840 vars (2,840 binary), 935 constraints, 71,088 nonzeros [0.1s]
  MILP: value 9216.0, bound 9216.0, gap 0.00% [optimal]
  report -> C:\Users\Marvin\3DMHKP\results_3DMHKPst\instance01-3DMHKPst-nostab.txt

======================================================================
instance02: 180 boxes (4 types), 15 containers (3 types)
  continuous-knapsack bound: 86016.0
  discretization: 4,030 variables, 30,140 nonzeros in (13)
  greedy warm start: value 74944.0 (110/180 boxes, 0.0s)
  building MILP ...
  model: 4,030 vars (4,030 binary), 1,092 constraints, 48,678 nonzeros [0.1s]
  MILP: value 85555.2, bound 85619.2, gap 0.07% [time limit]
  report -> C:\Users\Marvin\3DMHKP\results_3DMHKPst\instance02-3DMHKPst-nostab.txt

======================================================================
instance03: 103 boxes (3 types), 4 containers (3 types)
  continuous-knapsack bound: 53500.0
  discretization: 1,493 variables, 7,110 nonzeros in (13)
  greedy warm start: value 44800.0 (56/103 boxes, 0.0s)
  building MILP ...
  model: 1,493 vars (1,493 binary), 285 constraints, 11,887 nonzeros [0.0s]
  MILP: value 53262.5, bound 53262.5, gap 0.00% [optimal]
  report -> C:\Users\Marvin\3DMHKP\results_3DMHKPst\instance03-3DMHKPst-nostab.txt

======================================================================
instance04: 110 boxes (2 types), 15 containers (3 types)
  continuous-knapsack bound: 2720640.0
  discretization: 5,285 variables, 308,650 nonzeros in (13)
  greedy warm start: value 1953408.0 (65/110 boxes, 0.0s)
  building MILP ...
  model: 5,285 vars (5,285 binary), 2,180 constraints, 332,961 nonzeros [0.3s]
  MILP: value 2333440.0, bound 2333440.0, gap -0.00% [optimal]
  report -> C:\Users\Marvin\3DMHKP\results_3DMHKPst\instance04-3DMHKPst-nostab.txt

======================================================================
instance05: 95 boxes (3 types), 8 containers (3 types)
  continuous-knapsack bound: 653750.0
  discretization: 2,733 variables, 49,094 nonzeros in (13)
  greedy warm start: value 426250.0 (46/95 boxes, 0.0s)
  building MILP ...
  model: 2,733 vars (2,733 binary), 767 constraints, 60,733 nonzeros [0.1s]
  MILP: value 583750.0, bound 583750.0, gap 0.00% [optimal]
  report -> C:\Users\Marvin\3DMHKP\results_3DMHKPst\instance05-3DMHKPst-nostab.txt

======================================================================
instance06: 95 boxes (3 types), 9 containers (3 types)
  continuous-knapsack bound: 143424.0
  discretization: 16,612 variables, 965,800 nonzeros in (13)
  greedy warm start: value 108000.0 (64/95 boxes, 0.0s)
  building MILP ...
  model: 16,612 vars (16,612 binary), 2,839 constraints, 1,033,496 nonzeros [1.1s]
  MILP: value 142464.0, bound 143424.0, gap 0.67% [time limit]
  report -> C:\Users\Marvin\3DMHKP\results_3DMHKPst\instance06-3DMHKPst-nostab.txt

======================================================================
instance07: 47 boxes (3 types), 2 containers (2 types)
  continuous-knapsack bound: 20203.2
  discretization: 33,976 variables, 7,817,471 nonzeros in (13)
  greedy warm start: value 13452.0 (31/47 boxes, 0.0s)
  building MILP ...
  model: 33,976 vars (33,976 binary), 6,486 constraints, 7,919,399 nonzeros [4.3s]
  MILP: value 16137.0, bound 17946.0, gap 10.08% [time limit]
  report -> C:\Users\Marvin\3DMHKP\results_3DMHKPst\instance07-3DMHKPst-nostab.txt

======================================================================
instance08: 175 boxes (6 types), 5 containers (3 types)
  continuous-knapsack bound: 77986.8
  discretization: 204,915 variables, 76,166,142 nonzeros in (13)
  greedy warm start: value 52665.6 (117/175 boxes, 0.1s)
  SKIPPED: 76,166,142 nonzeros exceeds --max-nnz (25,000,000); keeping the greedy packing
  report -> C:\Users\Marvin\3DMHKP\results_3DMHKPst\instance08-3DMHKPst-nostab.txt

======================================================================
instance09: 72 boxes (4 types), 3 containers (3 types)
  continuous-knapsack bound: 139356.0
  discretization: 264,270 variables, 201,390,888 nonzeros in (13)
  greedy warm start: value 98784.0 (52/72 boxes, 0.0s)
  SKIPPED: 201,390,888 nonzeros exceeds --max-nnz (25,000,000); keeping the greedy packing
  report -> C:\Users\Marvin\3DMHKP\results_3DMHKPst\instance09-3DMHKPst-nostab.txt

======================================================================
instance10: 200 boxes (3 types), 3 containers (2 types)
  continuous-knapsack bound: 15360.0
  discretization: 5,392 variables, 66,048 nonzeros in (13)
  greedy warm start: value 12800.0 (92/200 boxes, 0.0s)
  building MILP ...
  model: 5,392 vars (5,392 binary), 1,288 constraints, 85,360 nonzeros [0.1s]
  MILP: value 15360.0, bound 15360.0, gap 0.00% [optimal]
  report -> C:\Users\Marvin\3DMHKP\results_3DMHKPst\instance10-3DMHKPst-nostab.txt

======================================================================
instance11: 118 boxes (4 types), 4 containers (3 types)
  continuous-knapsack bound: 68353.2
  discretization: 19,922 variables, 8,578,022 nonzeros in (13)
  greedy warm start: value 31263.0 (22/118 boxes, 0.0s)
  building MILP ...
  model: 19,922 vars (19,922 binary), 7,042 constraints, 8,645,574 nonzeros [5.4s]
  MILP: value 54761.0, bound 55286.0, gap 0.95% [time limit]
  report -> C:\Users\Marvin\3DMHKP\results_3DMHKPst\instance11-3DMHKPst-nostab.txt

======================================================================
instance12: 90 boxes (3 types), 3 containers (3 types)
  continuous-knapsack bound: 24964.0
  discretization: 48,294 variables, 8,061,020 nonzeros in (13)
  greedy warm start: value 18856.8 (62/90 boxes, 0.0s)
  building MILP ...
  model: 48,294 vars (48,294 binary), 8,379 constraints, 8,205,902 nonzeros [4.0s]
  MILP: value 23054.4, bound 24746.4, gap 6.84% [time limit]
  report -> C:\Users\Marvin\3DMHKP\results_3DMHKPst\instance12-3DMHKPst-nostab.txt

======================================================================
instance13: 84 boxes (2 types), 4 containers (2 types)
  continuous-knapsack bound: 36556.8
  discretization: 66,334 variables, 14,184,794 nonzeros in (13)
  greedy warm start: value 36556.8 (84/84 boxes, 0.0s)
  building MILP ...
  model: 66,334 vars (66,334 binary), 13,849 constraints, 14,450,130 nonzeros [7.0s]
  MILP: value 36556.8, bound 36556.8, gap 0.00% [optimal]
  report -> C:\Users\Marvin\3DMHKP\results_3DMHKPst\instance13-3DMHKPst-nostab.txt

======================================================================
instance14: 102 boxes (3 types), 6 containers (3 types)
  continuous-knapsack bound: 71552.0
  discretization: 12,858 variables, 412,342 nonzeros in (13)
  greedy warm start: value 50966.4 (53/102 boxes, 0.0s)
  building MILP ...
  model: 12,858 vars (12,858 binary), 2,529 constraints, 463,774 nonzeros [0.4s]
  MILP: value 68723.2, bound 69318.4, gap 0.86% [time limit]
  report -> C:\Users\Marvin\3DMHKP\results_3DMHKPst\instance14-3DMHKPst-nostab.txt

======================================================================
instance15: 85 boxes (4 types), 4 containers (2 types)
  continuous-knapsack bound: 42922.8
  discretization: 35,612 variables, 5,859,810 nonzeros in (13)
  greedy warm start: value 29853.6 (42/85 boxes, 0.0s)
  building MILP ...
  model: 35,612 vars (35,612 binary), 5,747 constraints, 6,002,258 nonzeros [3.1s]
  MILP: value 40807.8, bound 40807.8, gap -0.00% [optimal]
  report -> C:\Users\Marvin\3DMHKP\results_3DMHKPst\instance15-3DMHKPst-nostab.txt

======================================================================
instance16: 90 boxes (3 types), 3 containers (3 types)
  continuous-knapsack bound: 666829.6
  discretization: 228,640 variables, 248,136,757 nonzeros in (13)
  greedy warm start: value 436938.0 (63/90 boxes, 0.0s)
  SKIPPED: 248,136,757 nonzeros exceeds --max-nnz (25,000,000); keeping the greedy packing
  report -> C:\Users\Marvin\3DMHKP\results_3DMHKPst\instance16-3DMHKPst-nostab.txt

======================================================================================================
SUMMARY  (alpha = 0.00)
======================================================================================================
instance      packed         value         bound      gap    util    supp    time         KUR-st
------------------------------------------------------------------------------------------------------
instance01        32        9216.0        9216.0    0.0%   89.8%      0%    8.7s         8640.0
instance02        87       85555.2       85619.2    0.1%   99.6%     67%  120.1s        85376.0
instance03        57       53262.5       53262.5    0.0%   99.6%     89%    0.2s        53262.5
instance04        75     2333440.0     2333440.0   -0.0%   82.7%      0%    1.3s            n/c
instance05        57      583750.0      583750.0    0.0%   95.5%      0%    0.5s       583750.0
instance06        76      142464.0      143424.0    0.7%   99.5%      0%  121.2s       142464.0
instance07        28       16137.0       17946.0   10.1%   85.2%      0%  124.4s        10908.0
instance08       117       52665.6       77986.8   32.5%   86.4%      0%    0.1s        40556.2
instance09        52       98784.0      139356.0   29.1%   68.8%     36%    0.0s        92052.0
instance10        40       15360.0       15360.0    0.0%  100.0%    100%    0.3s        15360.0
instance11        27       54761.0       55286.0    0.9%   87.9%      0%  125.6s        54761.0
instance12        77       23054.4       24746.4    6.8%   90.1%      0%  124.5s        18504.0
instance13        84       36556.8       36556.8    0.0%   77.8%     50%   34.9s        36556.8
instance14        65       68723.2       69318.4    0.9%   94.9%      0%  120.5s        68723.2
instance15        42       40807.8       40807.8   -0.0%   95.0%      0%   11.7s        40807.8
instance16        63      436938.0      666829.6   34.5%   62.7%     43%    0.0s       469266.0
------------------------------------------------------------------------------------------------------
proven optimal: 7/16
mean volume utilization: 88.5%
KUR-st is Kurpel et al. (2020) Table E1, 'With load stability', 3600 s per instance on a 2.77 GHz Xeon with Gurobi 8.1.0;
  n/c marks instance 4, which they solved in a 10-container truncation (see --self-test).
