======================================================================
3DMHKP Simulated Annealing (random single-neighbour, sequence decoder)
SA params: T0=auto, alpha=0.999, T_min=0.001, reheat_threshold=5753, reheat_fraction=0.25
Move weights: {'relocate': 1.0, 'swap': 1.0, '2opt': 1.0, 'promote': 1.5, 'demote': 1.0, 'orient': 1.0, 'container': 0.5}
Time limit: 30.0s per instance, seed 1
======================================================================

======================================================================
instance01: 70 boxes (2 types), 4 containers (2 types)
  continuous-knapsack bound: 11112.0
  SA: value 8640.0 (greedy 7680.0, +960.0), bound 11112.0, gap 22.25%, util 86.4%
  report -> C:\Users\Marvin\3DMHKP\results_3DMHKP\instance01-3DMHKP-SA-30s.txt

======================================================================
instance02: 180 boxes (4 types), 15 containers (3 types)
  continuous-knapsack bound: 86016.0
  SA: value 82508.8 (greedy 76019.2, +6489.6), bound 86016.0, gap 4.08%, util 99.4%
  report -> C:\Users\Marvin\3DMHKP\results_3DMHKP\instance02-3DMHKP-SA-30s.txt

======================================================================
instance03: 103 boxes (3 types), 4 containers (3 types)
  continuous-knapsack bound: 53500.0
  SA: value 52650.0 (greedy 51625.0, +1025.0), bound 53500.0, gap 1.59%, util 100.0%
  report -> C:\Users\Marvin\3DMHKP\results_3DMHKP\instance03-3DMHKP-SA-30s.txt

======================================================================
instance04: 110 boxes (2 types), 15 containers (3 types)
  continuous-knapsack bound: 2720640.0
  SA: value 2307840.0 (greedy 2077440.0, +230400.0), bound 2720640.0, gap 15.17%, util 81.5%
  report -> C:\Users\Marvin\3DMHKP\results_3DMHKP\instance04-3DMHKP-SA-30s.txt

======================================================================
instance05: 95 boxes (3 types), 8 containers (3 types)
  continuous-knapsack bound: 653750.0
  SA: value 565250.0 (greedy 487500.0, +77750.0), bound 653750.0, gap 13.54%, util 97.9%
  report -> C:\Users\Marvin\3DMHKP\results_3DMHKP\instance05-3DMHKP-SA-30s.txt

======================================================================
instance06: 95 boxes (3 types), 9 containers (3 types)
  continuous-knapsack bound: 143424.0
  SA: value 137952.0 (greedy 123840.0, +14112.0), bound 143424.0, gap 3.82%, util 94.8%
  report -> C:\Users\Marvin\3DMHKP\results_3DMHKP\instance06-3DMHKP-SA-30s.txt

======================================================================
instance07: 47 boxes (3 types), 2 containers (2 types)
  continuous-knapsack bound: 20203.2
  SA: value 17415.0 (greedy 16437.0, +978.0), bound 20203.2, gap 13.80%, util 90.3%
  report -> C:\Users\Marvin\3DMHKP\results_3DMHKP\instance07-3DMHKP-SA-30s.txt

======================================================================
instance08: 175 boxes (6 types), 5 containers (3 types)
  continuous-knapsack bound: 77986.8
  SA: value 65217.0 (greedy 60661.2, +4555.8), bound 77986.8, gap 16.37%, util 95.2%
  report -> C:\Users\Marvin\3DMHKP\results_3DMHKP\instance08-3DMHKP-SA-30s.txt

======================================================================
instance09: 72 boxes (4 types), 3 containers (3 types)
  continuous-knapsack bound: 139356.0
  SA: value 125046.0 (greedy 97596.0, +27450.0), bound 139356.0, gap 10.27%, util 88.0%
  report -> C:\Users\Marvin\3DMHKP\results_3DMHKP\instance09-3DMHKP-SA-30s.txt

======================================================================
instance10: 200 boxes (3 types), 3 containers (2 types)
  continuous-knapsack bound: 15360.0
  SA: value 15360.0 (greedy 15360.0, +0.0), bound 15360.0, gap 0.00% - matches the bound, so PROVEN OPTIMAL, util 100.0%
  report -> C:\Users\Marvin\3DMHKP\results_3DMHKP\instance10-3DMHKP-SA-30s.txt

======================================================================
instance11: 118 boxes (4 types), 4 containers (3 types)
  continuous-knapsack bound: 68353.2
  SA: value 51948.4 (greedy 48943.6, +3004.8), bound 68353.2, gap 24.00%, util 85.1%
  report -> C:\Users\Marvin\3DMHKP\results_3DMHKP\instance11-3DMHKP-SA-30s.txt

======================================================================
instance12: 90 boxes (3 types), 3 containers (3 types)
  continuous-knapsack bound: 24964.0
  SA: value 22809.6 (greedy 20232.0, +2577.6), bound 24964.0, gap 8.63%, util 89.3%
  report -> C:\Users\Marvin\3DMHKP\results_3DMHKP\instance12-3DMHKP-SA-30s.txt

======================================================================
instance13: 84 boxes (2 types), 4 containers (2 types)
  continuous-knapsack bound: 36556.8
  SA: value 36556.8 (greedy 34656.0, +1900.8), bound 36556.8, gap 0.00% - matches the bound, so PROVEN OPTIMAL, util 77.8%
  report -> C:\Users\Marvin\3DMHKP\results_3DMHKP\instance13-3DMHKP-SA-30s.txt

======================================================================
instance14: 102 boxes (3 types), 6 containers (3 types)
  continuous-knapsack bound: 71552.0
  SA: value 65987.2 (greedy 60569.6, +5417.6), bound 71552.0, gap 7.78%, util 91.5%
  report -> C:\Users\Marvin\3DMHKP\results_3DMHKP\instance14-3DMHKP-SA-30s.txt

======================================================================
instance15: 85 boxes (4 types), 4 containers (2 types)
  continuous-knapsack bound: 42922.8
  SA: value 37892.5 (greedy 33703.7, +4188.8), bound 42922.8, gap 11.72%, util 91.5%
  report -> C:\Users\Marvin\3DMHKP\results_3DMHKP\instance15-3DMHKP-SA-30s.txt

======================================================================
instance16: 90 boxes (3 types), 3 containers (3 types)
  continuous-knapsack bound: 666829.6
  SA: value 571218.0 (greedy 505770.0, +65448.0), bound 666829.6, gap 14.34%, util 84.3%
  report -> C:\Users\Marvin\3DMHKP\results_3DMHKP\instance16-3DMHKP-SA-30s.txt

================================================================================================
SUMMARY
================================================================================================
instance      boxes  packed       greedy     SA value        bound      gap    util    iters    time
------------------------------------------------------------------------------------------------
instance01       70      34       7680.0       8640.0      11112.0   22.2%   86.4%    93811   30.0s
instance02      180     108      76019.2      82508.8      86016.0    4.1%   99.4%    34894   30.0s
instance03      103      57      51625.0      52650.0      53500.0    1.6%  100.0%    41846   30.0s
instance04      110      74    2077440.0    2307840.0    2720640.0   15.2%   81.5%    44616   30.0s
instance05       95      48     487500.0     565250.0     653750.0   13.5%   97.9%    93591   30.0s
instance06       95      75     123840.0     137952.0     143424.0    3.8%   94.8%    37540   30.0s
instance07       47      27      16437.0      17415.0      20203.2   13.8%   90.3%    46351   30.0s
instance08      175     112      60661.2      65217.0      77986.8   16.4%   95.2%     7878   30.0s
instance09       72      61      97596.0     125046.0     139356.0   10.3%   88.0%    17490   30.0s
instance10      200      40      15360.0      15360.0      15360.0    0.0%  100.0%    69088   30.0s
instance11      118      26      48943.6      51948.4      68353.2   24.0%   85.1%    85112   30.0s
instance12       90      71      20232.0      22809.6      24964.0    8.6%   89.3%    16663   30.0s
instance13       84      84      34656.0      36556.8      36556.8    0.0%   77.8%     6415   30.0s
instance14      102      63      60569.6      65987.2      71552.0    7.8%   91.5%    46500   30.0s
instance15       85      39      33703.7      37892.5      42922.8   11.7%   91.5%    53702   30.0s
instance16       90      78     505770.0     571218.0     666829.6   14.3%   84.3%    10836   30.0s
------------------------------------------------------------------------------------------------
proven optimal (value reaches the upper bound): 2/16
improved over greedy: 15/16 (total value 3718033.3 -> 4164291.3, +12.00%)
mean gap to continuous-knapsack bound: 10.5%
mean volume utilization: 90.8%
