
======================================================================
instance01: 70 boxes (2 types), 4 containers (2 types)
  continuous-knapsack bound: 11112.0
  discretization: 2,840 variables, 59,728 nonzeros in (13), 37,144 in stability
  greedy warm start: value 6528.0 (28/70 boxes, 0.0s)
  building MILP ...
Set parameter Username
Set parameter LicenseID to value 2847717
Academic license - for non-commercial use only - expires 2027-07-23
  model: 2,840 vars (2,840 binary), 1,733 constraints, 108,232 nonzeros [0.1s]
  MILP: value 8640.0, bound 8640.0, gap 0.00% [optimal]
  report -> C:\Users\Marvin\3DMHKP\results_3DMHKPst\instance01-3DMHKPst.txt

======================================================================
instance02: 180 boxes (4 types), 15 containers (3 types)
  continuous-knapsack bound: 86016.0
  discretization: 4,030 variables, 30,140 nonzeros in (13), 21,720 in stability
  greedy warm start: value 74944.0 (110/180 boxes, 0.0s)
  building MILP ...
  model: 4,030 vars (4,030 binary), 1,912 constraints, 70,398 nonzeros [0.1s]
  MILP: value 85376.0, bound 85542.4, gap 0.19% [time limit]
  report -> C:\Users\Marvin\3DMHKP\results_3DMHKPst\instance02-3DMHKPst.txt

======================================================================
instance03: 103 boxes (3 types), 4 containers (3 types)
  continuous-knapsack bound: 53500.0
  discretization: 1,493 variables, 7,110 nonzeros in (13), 6,332 in stability
  greedy warm start: value 44200.0 (59/103 boxes, 0.0s)
  building MILP ...
  model: 1,493 vars (1,493 binary), 495 constraints, 18,219 nonzeros [0.0s]
  MILP: value 53262.5, bound 53262.5, gap 0.00% [optimal]
  report -> C:\Users\Marvin\3DMHKP\results_3DMHKPst\instance03-3DMHKPst.txt

======================================================================
instance04: 110 boxes (2 types), 15 containers (3 types)
  continuous-knapsack bound: 2720640.0
  discretization: 5,285 variables, 308,650 nonzeros in (13), 174,030 in stability
  greedy warm start: value 1994752.0 (65/110 boxes, 0.0s)
  building MILP ...
  model: 5,285 vars (5,285 binary), 9,140 constraints, 506,991 nonzeros [0.5s]
  MILP: value 2307840.0, bound 2307840.0, gap 0.00% [optimal]
  report -> C:\Users\Marvin\3DMHKP\results_3DMHKPst\instance04-3DMHKPst.txt

======================================================================
instance05: 95 boxes (3 types), 8 containers (3 types)
  continuous-knapsack bound: 653750.0
  discretization: 2,733 variables, 49,094 nonzeros in (13), 25,245 in stability
  greedy warm start: value 426250.0 (46/95 boxes, 0.0s)
  building MILP ...
  model: 2,733 vars (2,733 binary), 1,637 constraints, 85,978 nonzeros [0.1s]
  MILP: value 583750.0, bound 583750.0, gap 0.00% [optimal]
  report -> C:\Users\Marvin\3DMHKP\results_3DMHKPst\instance05-3DMHKPst.txt

======================================================================
instance06: 95 boxes (3 types), 9 containers (3 types)
  continuous-knapsack bound: 143424.0
  discretization: 16,612 variables, 965,800 nonzeros in (13), 438,603 in stability
  greedy warm start: value 108000.0 (64/95 boxes, 0.0s)
  building MILP ...
  model: 16,612 vars (16,612 binary), 7,089 constraints, 1,472,099 nonzeros [1.1s]
  MILP: value 141984.0, bound 143424.0, gap 1.00% [time limit]
  report -> C:\Users\Marvin\3DMHKP\results_3DMHKPst\instance06-3DMHKPst.txt

======================================================================
instance07: 47 boxes (3 types), 2 containers (2 types)
  continuous-knapsack bound: 20203.2
  discretization: 33,976 variables, 7,817,471 nonzeros in (13), 2,363,660 in stability
  greedy warm start: value 12816.0 (31/47 boxes, 0.0s)
  building MILP ...
  model: 33,976 vars (33,976 binary), 14,952 constraints, 10,283,059 nonzeros [5.4s]
  MILP: value 12816.0, bound 20203.2, gap 36.56% [time limit]
  report -> C:\Users\Marvin\3DMHKP\results_3DMHKPst\instance07-3DMHKPst.txt

======================================================================
instance08: 175 boxes (6 types), 5 containers (3 types)
  continuous-knapsack bound: 77986.8
  discretization: 204,915 variables, 76,166,142 nonzeros in (13), 17,458,284 in stability
  greedy warm start: value 47506.4 (121/175 boxes, 0.1s)
  SKIPPED: 93,624,426 nonzeros exceeds --max-nnz (25,000,000); keeping the greedy packing
  report -> C:\Users\Marvin\3DMHKP\results_3DMHKPst\instance08-3DMHKPst.txt

======================================================================
instance09: 72 boxes (4 types), 3 containers (3 types)
  continuous-knapsack bound: 139356.0
  discretization: 264,270 variables, 201,390,888 nonzeros in (13), 44,316,040 in stability
  greedy warm start: value 93438.0 (50/72 boxes, 0.0s)
  SKIPPED: 245,706,928 nonzeros exceeds --max-nnz (25,000,000); keeping the greedy packing
  report -> C:\Users\Marvin\3DMHKP\results_3DMHKPst\instance09-3DMHKPst.txt

======================================================================
instance10: 200 boxes (3 types), 3 containers (2 types)
  continuous-knapsack bound: 15360.0
  discretization: 5,392 variables, 66,048 nonzeros in (13), 64,416 in stability
  greedy warm start: value 12544.0 (98/200 boxes, 0.0s)
  building MILP ...
  model: 5,392 vars (5,392 binary), 2,312 constraints, 149,776 nonzeros [0.1s]
  MILP: value 15360.0, bound 15360.0, gap 0.00% [optimal]
  report -> C:\Users\Marvin\3DMHKP\results_3DMHKPst\instance10-3DMHKPst.txt

======================================================================
instance11: 118 boxes (4 types), 4 containers (3 types)
  continuous-knapsack bound: 68353.2
  discretization: 19,922 variables, 8,578,022 nonzeros in (13), 2,100,428 in stability
  greedy warm start: value 26938.4 (19/118 boxes, 0.0s)
  building MILP ...
  model: 19,922 vars (19,922 binary), 19,654 constraints, 10,745,188 nonzeros [5.3s]
  MILP: value 54761.0, bound 54761.0, gap 0.00% [optimal]
  report -> C:\Users\Marvin\3DMHKP\results_3DMHKPst\instance11-3DMHKPst.txt

======================================================================
instance12: 90 boxes (3 types), 3 containers (3 types)
  continuous-knapsack bound: 24964.0
  discretization: 48,294 variables, 8,061,020 nonzeros in (13), 2,403,558 in stability
  greedy warm start: value 18532.8 (61/90 boxes, 0.0s)
  building MILP ...
  model: 48,294 vars (48,294 binary), 17,541 constraints, 10,609,460 nonzeros [5.6s]
  MILP: value 20678.4, bound 24964.0, gap 17.17% [time limit]
  report -> C:\Users\Marvin\3DMHKP\results_3DMHKPst\instance12-3DMHKPst.txt

======================================================================
instance13: 84 boxes (2 types), 4 containers (2 types)
  continuous-knapsack bound: 36556.8
  discretization: 66,334 variables, 14,184,794 nonzeros in (13), 4,749,618 in stability
  greedy warm start: value 36556.8 (84/84 boxes, 0.1s)
  building MILP ...
  model: 66,334 vars (66,334 binary), 29,977 constraints, 19,199,748 nonzeros [11.0s]
  MILP: value 36556.8, bound 36556.8, gap 0.00% [optimal]
  report -> C:\Users\Marvin\3DMHKP\results_3DMHKPst\instance13-3DMHKPst.txt

======================================================================
instance14: 102 boxes (3 types), 6 containers (3 types)
  continuous-knapsack bound: 71552.0
  discretization: 12,858 variables, 412,342 nonzeros in (13), 192,418 in stability
  greedy warm start: value 56438.4 (57/102 boxes, 0.0s)
  building MILP ...
  model: 12,858 vars (12,858 binary), 5,121 constraints, 656,192 nonzeros [1.0s]
  MILP: value 68723.2, bound 69222.4, gap 0.72% [time limit]
  report -> C:\Users\Marvin\3DMHKP\results_3DMHKPst\instance14-3DMHKPst.txt

======================================================================
instance15: 85 boxes (4 types), 4 containers (2 types)
  continuous-knapsack bound: 42922.8
  discretization: 35,612 variables, 5,859,810 nonzeros in (13), 1,818,762 in stability
  greedy warm start: value 24886.8 (41/85 boxes, 0.0s)
  building MILP ...
  model: 35,612 vars (35,612 binary), 14,605 constraints, 7,821,020 nonzeros [4.4s]
  MILP: value 24886.8, bound 40862.2, gap 39.10% [time limit]
  report -> C:\Users\Marvin\3DMHKP\results_3DMHKPst\instance15-3DMHKPst.txt

======================================================================
instance16: 90 boxes (3 types), 3 containers (3 types)
  continuous-knapsack bound: 666829.6
  discretization: 228,640 variables, 248,136,757 nonzeros in (13), 54,009,853 in stability
  greedy warm start: value 390570.0 (58/90 boxes, 0.1s)
  SKIPPED: 302,146,610 nonzeros exceeds --max-nnz (25,000,000); keeping the greedy packing
  report -> C:\Users\Marvin\3DMHKP\results_3DMHKPst\instance16-3DMHKPst.txt

======================================================================================================
SUMMARY  (alpha = 1.00)
======================================================================================================
instance      packed         value         bound      gap    util    supp    time         KUR-st
------------------------------------------------------------------------------------------------------
instance01        34        8640.0        8640.0    0.0%   86.4%    100%    0.7s         8640.0
instance02        95       85376.0       85542.4    0.2%  100.0%    100%  120.1s        85376.0
instance03        57       53262.5       53262.5    0.0%   99.6%    100%    0.2s        53262.5
instance04        74     2307840.0     2307840.0    0.0%   81.5%    100%   67.0s            n/c
instance05        57      583750.0      583750.0    0.0%   95.5%    100%    0.5s       583750.0
instance06        77      141984.0      143424.0    1.0%   98.6%    100%  121.2s       142464.0
instance07        31       12816.0       20203.2   36.6%   72.6%    100%  126.2s        10908.0
instance08       121       47506.4       77986.8   39.1%   82.8%    100%    0.1s        40556.2
instance09        50       93438.0      139356.0   33.0%   64.9%    100%    0.0s        92052.0
instance10        40       15360.0       15360.0    0.0%  100.0%    100%    0.5s        15360.0
instance11        27       54761.0       54761.0    0.0%   87.9%    100%   43.8s        54761.0
instance12        62       20678.4       24964.0   17.2%   78.5%    100%  126.3s        18504.0
instance13        84       36556.8       36556.8    0.0%   77.8%    100%   76.2s        36556.8
instance14        65       68723.2       69222.4    0.7%   94.9%    100%  121.0s        68723.2
instance15        41       24886.8       40862.2   39.1%   62.3%    100%  124.6s        40807.8
instance16        58      390570.0      666829.6   41.4%   55.2%    100%    0.1s       469266.0
------------------------------------------------------------------------------------------------------
proven optimal: 7/16
mean volume utilization: 83.7%
minimum base support over all packed boxes: 100.0% (required 100%)
KUR-st is Kurpel et al. (2020) Table E1, 'With load stability', 3600 s per instance on a 2.77 GHz Xeon with Gurobi 8.1.0;
  n/c marks instance 4, which they solved in a 10-container truncation (see --self-test).
