======================================================================
3DMHKP Simulated Annealing (random single-neighbour, sequence decoder)
SA params: T0=auto, alpha=0.999, T_min=0.001, reheat_threshold=5753, reheat_fraction=0.25
Move weights: {'relocate': 1.0, 'swap': 1.0, '2opt': 1.0, 'promote': 1.5, 'demote': 1.0, 'orient': 1.0, 'container': 0.5}
Time limit: 60.0s per instance, seed 1
======================================================================

======================================================================
instance01: 70 boxes (2 types), 4 containers (2 types)
  continuous-knapsack bound: 11112.0
  SA: value 8640.0 (greedy 7680.0, +960.0), bound 11112.0, gap 22.25%, util 86.4%
  report -> C:\Users\Marvin\3DMHKP\results_3DMHKP\instance01-3DMHKP-SA.txt

======================================================================
instance02: 180 boxes (4 types), 15 containers (3 types)
  continuous-knapsack bound: 86016.0
  SA: value 82944.0 (greedy 76019.2, +6924.8), bound 86016.0, gap 3.57%, util 99.4%
  report -> C:\Users\Marvin\3DMHKP\results_3DMHKP\instance02-3DMHKP-SA.txt

======================================================================
instance03: 103 boxes (3 types), 4 containers (3 types)
  continuous-knapsack bound: 53500.0
  SA: value 52750.0 (greedy 51625.0, +1125.0), bound 53500.0, gap 1.40%, util 99.3%
  report -> C:\Users\Marvin\3DMHKP\results_3DMHKP\instance03-3DMHKP-SA.txt

======================================================================
instance04: 110 boxes (2 types), 15 containers (3 types)
  continuous-knapsack bound: 2720640.0
  SA: value 2333440.0 (greedy 2077440.0, +256000.0), bound 2720640.0, gap 14.23%, util 82.7%
  report -> C:\Users\Marvin\3DMHKP\results_3DMHKP\instance04-3DMHKP-SA.txt

======================================================================
instance05: 95 boxes (3 types), 8 containers (3 types)
  continuous-knapsack bound: 653750.0
  SA: value 562750.0 (greedy 487500.0, +75250.0), bound 653750.0, gap 13.92%, util 98.8%
  report -> C:\Users\Marvin\3DMHKP\results_3DMHKP\instance05-3DMHKP-SA.txt

======================================================================
instance06: 95 boxes (3 types), 9 containers (3 types)
  continuous-knapsack bound: 143424.0
  SA: value 137184.0 (greedy 123840.0, +13344.0), bound 143424.0, gap 4.35%, util 94.3%
  report -> C:\Users\Marvin\3DMHKP\results_3DMHKP\instance06-3DMHKP-SA.txt

======================================================================
instance07: 47 boxes (3 types), 2 containers (2 types)
  continuous-knapsack bound: 20203.2
  SA: value 17286.0 (greedy 16437.0, +849.0), bound 20203.2, gap 14.44%, util 90.5%
  report -> C:\Users\Marvin\3DMHKP\results_3DMHKP\instance07-3DMHKP-SA.txt

======================================================================
instance08: 175 boxes (6 types), 5 containers (3 types)
  continuous-knapsack bound: 77986.8
  SA: value 68593.6 (greedy 60661.2, +7932.4), bound 77986.8, gap 12.04%, util 96.0%
  report -> C:\Users\Marvin\3DMHKP\results_3DMHKP\instance08-3DMHKP-SA.txt

======================================================================
instance09: 72 boxes (4 types), 3 containers (3 types)
  continuous-knapsack bound: 139356.0
  SA: value 126936.0 (greedy 97596.0, +29340.0), bound 139356.0, gap 8.91%, util 89.3%
  report -> C:\Users\Marvin\3DMHKP\results_3DMHKP\instance09-3DMHKP-SA.txt

======================================================================
instance10: 200 boxes (3 types), 3 containers (2 types)
  continuous-knapsack bound: 15360.0
  SA: value 15360.0 (greedy 15360.0, +0.0), bound 15360.0, gap 0.00% - matches the bound, so PROVEN OPTIMAL, util 100.0%
  report -> C:\Users\Marvin\3DMHKP\results_3DMHKP\instance10-3DMHKP-SA.txt

======================================================================
instance11: 118 boxes (4 types), 4 containers (3 types)
  continuous-knapsack bound: 68353.2
  SA: value 53357.6 (greedy 48943.6, +4414.0), bound 68353.2, gap 21.94%, util 84.8%
  report -> C:\Users\Marvin\3DMHKP\results_3DMHKP\instance11-3DMHKP-SA.txt

======================================================================
instance12: 90 boxes (3 types), 3 containers (3 types)
  continuous-knapsack bound: 24964.0
  SA: value 22881.6 (greedy 20232.0, +2649.6), bound 24964.0, gap 8.34%, util 90.1%
  report -> C:\Users\Marvin\3DMHKP\results_3DMHKP\instance12-3DMHKP-SA.txt

======================================================================
instance13: 84 boxes (2 types), 4 containers (2 types)
  continuous-knapsack bound: 36556.8
  SA: value 36556.8 (greedy 34656.0, +1900.8), bound 36556.8, gap 0.00% - matches the bound, so PROVEN OPTIMAL, util 77.8%
  report -> C:\Users\Marvin\3DMHKP\results_3DMHKP\instance13-3DMHKP-SA.txt

======================================================================
instance14: 102 boxes (3 types), 6 containers (3 types)
  continuous-knapsack bound: 71552.0
  SA: value 66982.4 (greedy 60569.6, +6412.8), bound 71552.0, gap 6.39%, util 95.0%
  report -> C:\Users\Marvin\3DMHKP\results_3DMHKP\instance14-3DMHKP-SA.txt

======================================================================
instance15: 85 boxes (4 types), 4 containers (2 types)
  continuous-knapsack bound: 42922.8
  SA: value 37315.5 (greedy 33703.7, +3611.8), bound 42922.8, gap 13.06%, util 91.6%
  report -> C:\Users\Marvin\3DMHKP\results_3DMHKP\instance15-3DMHKP-SA.txt

======================================================================
instance16: 90 boxes (3 types), 3 containers (3 types)
  continuous-knapsack bound: 666829.6
  SA: value 566394.0 (greedy 505770.0, +60624.0), bound 666829.6, gap 15.06%, util 83.2%
  report -> C:\Users\Marvin\3DMHKP\results_3DMHKP\instance16-3DMHKP-SA.txt

================================================================================================
SUMMARY
================================================================================================
instance      boxes  packed       greedy     SA value        bound      gap    util    iters    time
------------------------------------------------------------------------------------------------
instance01       70      34       7680.0       8640.0      11112.0   22.2%   86.4%   172471   60.0s
instance02      180     108      76019.2      82944.0      86016.0    3.6%   99.4%    64413   60.0s
instance03      103      58      51625.0      52750.0      53500.0    1.4%   99.3%    78979   60.0s
instance04      110      75    2077440.0    2333440.0    2720640.0   14.2%   82.7%    87140   60.0s
instance05       95      47     487500.0     562750.0     653750.0   13.9%   98.8%   189039   60.0s
instance06       95      74     123840.0     137184.0     143424.0    4.4%   94.3%    80023   60.0s
instance07       47      28      16437.0      17286.0      20203.2   14.4%   90.5%   107460   60.0s
instance08      175     114      60661.2      68593.6      77986.8   12.0%   96.0%    21047   60.0s
instance09       72      62      97596.0     126936.0     139356.0    8.9%   89.3%    33476   60.0s
instance10      200      40      15360.0      15360.0      15360.0    0.0%  100.0%    99971   60.0s
instance11      118      24      48943.6      53357.6      68353.2   21.9%   84.8%   169696   60.0s
instance12       90      67      20232.0      22881.6      24964.0    8.3%   90.1%    29988   60.0s
instance13       84      84      34656.0      36556.8      36556.8    0.0%   77.8%    12952   60.0s
instance14      102      62      60569.6      66982.4      71552.0    6.4%   95.0%    99589   60.0s
instance15       85      41      33703.7      37315.5      42922.8   13.1%   91.6%   105965   60.0s
instance16       90      78     505770.0     566394.0     666829.6   15.1%   83.2%    22091   60.0s
------------------------------------------------------------------------------------------------
proven optimal (value reaches the upper bound): 2/16
improved over greedy: 15/16 (total value 3718033.3 -> 4189371.5, +12.68%)
mean gap to continuous-knapsack bound: 10.0%
mean volume utilization: 91.2%
