======================================================================
3DMHKP Simulated Annealing (random single-neighbour, sequence decoder)
SA params: T0=auto, alpha=0.999, T_min=0.001, reheat_threshold=5753, reheat_fraction=0.25
Move weights: {'relocate': 1.0, 'swap': 1.0, '2opt': 1.0, 'promote': 1.5, 'demote': 1.0, 'orient': 1.0, 'container': 0.5}
Time limit: 120.0s per instance, seed 1
======================================================================

======================================================================
instance01: 70 boxes (2 types), 4 containers (2 types)
  continuous-knapsack bound: 11112.0
  SA: value 8640.0 (greedy 7680.0, +960.0), bound 11112.0, gap 22.25%, util 86.4%
  report -> c:\Users\Marvin\3DMHKP\results_3DMHKP\instance01-3DMHKP-SA-120s.txt

======================================================================
instance02: 180 boxes (4 types), 15 containers (3 types)
  continuous-knapsack bound: 86016.0
  SA: value 82931.2 (greedy 76019.2, +6912.0), bound 86016.0, gap 3.59%, util 99.2%
  report -> c:\Users\Marvin\3DMHKP\results_3DMHKP\instance02-3DMHKP-SA-120s.txt

======================================================================
instance03: 103 boxes (3 types), 4 containers (3 types)
  continuous-knapsack bound: 53500.0
  SA: value 53262.5 (greedy 51625.0, +1637.5), bound 53500.0, gap 0.44%, util 99.6%
  report -> c:\Users\Marvin\3DMHKP\results_3DMHKP\instance03-3DMHKP-SA-120s.txt

======================================================================
instance04: 110 boxes (2 types), 15 containers (3 types)
  continuous-knapsack bound: 2720640.0
  SA: value 2333440.0 (greedy 2077440.0, +256000.0), bound 2720640.0, gap 14.23%, util 82.7%
  report -> c:\Users\Marvin\3DMHKP\results_3DMHKP\instance04-3DMHKP-SA-120s.txt

======================================================================
instance05: 95 boxes (3 types), 8 containers (3 types)
  continuous-knapsack bound: 653750.0
  SA: value 565250.0 (greedy 487500.0, +77750.0), bound 653750.0, gap 13.54%, util 97.9%
  report -> c:\Users\Marvin\3DMHKP\results_3DMHKP\instance05-3DMHKP-SA-120s.txt

======================================================================
instance06: 95 boxes (3 types), 9 containers (3 types)
  continuous-knapsack bound: 143424.0
  SA: value 135936.0 (greedy 123840.0, +12096.0), bound 143424.0, gap 5.22%, util 92.9%
  report -> c:\Users\Marvin\3DMHKP\results_3DMHKP\instance06-3DMHKP-SA-120s.txt

======================================================================
instance07: 47 boxes (3 types), 2 containers (2 types)
  continuous-knapsack bound: 20203.2
  SA: value 17286.0 (greedy 16437.0, +849.0), bound 20203.2, gap 14.44%, util 90.5%
  report -> c:\Users\Marvin\3DMHKP\results_3DMHKP\instance07-3DMHKP-SA-120s.txt

======================================================================
instance08: 175 boxes (6 types), 5 containers (3 types)
  continuous-knapsack bound: 77986.8
  SA: value 66674.8 (greedy 60661.2, +6013.6), bound 77986.8, gap 14.51%, util 96.1%
  report -> c:\Users\Marvin\3DMHKP\results_3DMHKP\instance08-3DMHKP-SA-120s.txt

======================================================================
instance09: 72 boxes (4 types), 3 containers (3 types)
  continuous-knapsack bound: 139356.0
  SA: value 127278.0 (greedy 97596.0, +29682.0), bound 139356.0, gap 8.67%, util 91.1%
  report -> c:\Users\Marvin\3DMHKP\results_3DMHKP\instance09-3DMHKP-SA-120s.txt

======================================================================
instance10: 200 boxes (3 types), 3 containers (2 types)
  continuous-knapsack bound: 15360.0
  SA: value 15360.0 (greedy 15360.0, +0.0), bound 15360.0, gap 0.00% - matches the bound, so PROVEN OPTIMAL, util 100.0%
  report -> c:\Users\Marvin\3DMHKP\results_3DMHKP\instance10-3DMHKP-SA-120s.txt

======================================================================
instance11: 118 boxes (4 types), 4 containers (3 types)
  continuous-knapsack bound: 68353.2
  SA: value 54578.2 (greedy 48943.6, +5634.6), bound 68353.2, gap 20.15%, util 85.8%
  report -> c:\Users\Marvin\3DMHKP\results_3DMHKP\instance11-3DMHKP-SA-120s.txt

======================================================================
instance12: 90 boxes (3 types), 3 containers (3 types)
  continuous-knapsack bound: 24964.0
  SA: value 23443.2 (greedy 20232.0, +3211.2), bound 24964.0, gap 6.09%, util 92.4%
  report -> c:\Users\Marvin\3DMHKP\results_3DMHKP\instance12-3DMHKP-SA-120s.txt

======================================================================
instance13: 84 boxes (2 types), 4 containers (2 types)
  continuous-knapsack bound: 36556.8
  SA: value 36556.8 (greedy 34656.0, +1900.8), bound 36556.8, gap 0.00% - matches the bound, so PROVEN OPTIMAL, util 77.8%
  report -> c:\Users\Marvin\3DMHKP\results_3DMHKP\instance13-3DMHKP-SA-120s.txt

======================================================================
instance14: 102 boxes (3 types), 6 containers (3 types)
  continuous-knapsack bound: 71552.0
  SA: value 66982.4 (greedy 60569.6, +6412.8), bound 71552.0, gap 6.39%, util 95.0%
  report -> c:\Users\Marvin\3DMHKP\results_3DMHKP\instance14-3DMHKP-SA-120s.txt

======================================================================
instance15: 85 boxes (4 types), 4 containers (2 types)
  continuous-knapsack bound: 42922.8
  SA: value 37210.8 (greedy 33703.7, +3507.1), bound 42922.8, gap 13.31%, util 90.9%
  report -> c:\Users\Marvin\3DMHKP\results_3DMHKP\instance15-3DMHKP-SA-120s.txt

======================================================================
instance16: 90 boxes (3 types), 3 containers (3 types)
  continuous-knapsack bound: 666829.6
  SA: value 578778.0 (greedy 505770.0, +73008.0), bound 666829.6, gap 13.20%, util 84.2%
  report -> c:\Users\Marvin\3DMHKP\results_3DMHKP\instance16-3DMHKP-SA-120s.txt

================================================================================================
SUMMARY
================================================================================================
instance      boxes  packed       greedy     SA value        bound      gap    util    iters    time
------------------------------------------------------------------------------------------------
instance01       70      34       7680.0       8640.0      11112.0   22.2%   86.4%   326237  120.0s
instance02      180     112      76019.2      82931.2      86016.0    3.6%   99.2%   130492  120.0s
instance03      103      57      51625.0      53262.5      53500.0    0.4%   99.6%   162233  120.0s
instance04      110      75    2077440.0    2333440.0    2720640.0   14.2%   82.7%   172057  120.0s
instance05       95      48     487500.0     565250.0     653750.0   13.5%   97.9%   377415  120.0s
instance06       95      74     123840.0     135936.0     143424.0    5.2%   92.9%   156402  120.0s
instance07       47      28      16437.0      17286.0      20203.2   14.4%   90.5%   196923  120.0s
instance08      175     112      60661.2      66674.8      77986.8   14.5%   96.1%    36834  120.0s
instance09       72      60      97596.0     127278.0     139356.0    8.7%   91.1%    56942  120.0s
instance10      200      40      15360.0      15360.0      15360.0    0.0%  100.0%   209198  120.0s
instance11      118      25      48943.6      54578.2      68353.2   20.2%   85.8%   325786  120.0s
instance12       90      75      20232.0      23443.2      24964.0    6.1%   92.4%    49254  120.0s
instance13       84      84      34656.0      36556.8      36556.8    0.0%   77.8%    25469  120.0s
instance14      102      62      60569.6      66982.4      71552.0    6.4%   95.0%   182846  120.0s
instance15       85      38      33703.7      37210.8      42922.8   13.3%   90.9%   199764  120.0s
instance16       90      81     505770.0     578778.0     666829.6   13.2%   84.2%    44848  120.0s
------------------------------------------------------------------------------------------------
proven optimal (value reaches the upper bound): 2/16
improved over greedy: 15/16 (total value 3718033.3 -> 4203607.9, +13.06%)
mean gap to continuous-knapsack bound: 9.8%
mean volume utilization: 91.4%
