
======================================================================
instance01: 70 boxes (2 types), 4 containers (2 types)
  continuous-knapsack bound: 11112.0
  greedy warm start: value 7680.0 (32/70 boxes, 0.0s)
  building MILP ...
Set parameter Username
Set parameter LicenseID to value 2847717
Academic license - for non-commercial use only - expires 2027-07-23
  model: 15470 vars (15260 binary), 27198 constraints  [0.7s]
  MILP: value 8640.0, bound 10368.0, gap 16.67% [time limit]
  report -> C:\Users\Marvin\3DMHKP\results_3DMHKP\instance01-3DMHKP.txt

======================================================================
instance02: 180 boxes (4 types), 15 containers (3 types)
  continuous-knapsack bound: 86016.0
  greedy warm start: value 76019.2 (107/180 boxes, 0.0s)
  building MILP ...
  model: 100635 vars (100095 binary), 356525 constraints  [7.7s]
  MILP: value 76019.2, bound 85836.8, gap 11.44% [time limit]
  report -> C:\Users\Marvin\3DMHKP\results_3DMHKP\instance02-3DMHKP.txt

======================================================================
instance03: 103 boxes (3 types), 4 containers (3 types)
  continuous-knapsack bound: 53500.0
  greedy warm start: value 51625.0 (59/103 boxes, 0.0s)
  building MILP ...
  model: 32771 vars (32462 binary), 58504 constraints  [1.5s]
  MILP: value 51625.0, bound 53262.5, gap 3.07% [time limit]
  report -> C:\Users\Marvin\3DMHKP\results_3DMHKP\instance03-3DMHKP.txt

======================================================================
instance04: 110 boxes (2 types), 15 containers (3 types)
  continuous-knapsack bound: 2720640.0
  greedy warm start: value 2077440.0 (65/110 boxes, 0.0s)
  building MILP ...
  model: 38720 vars (38390 binary), 132984 constraints  [3.0s]
  MILP: value 2077440.0, bound 2691840.0, gap 22.82% [time limit]
  report -> C:\Users\Marvin\3DMHKP\results_3DMHKP\instance04-3DMHKP.txt

======================================================================
instance05: 95 boxes (3 types), 8 containers (3 types)
  continuous-knapsack bound: 653750.0
  greedy warm start: value 487500.0 (49/95 boxes, 0.0s)
  building MILP ...
  model: 28410 vars (28125 binary), 67923 constraints  [1.6s]
  MILP: value 550000.0, bound 619000.0, gap 11.15% [time limit]
  report -> C:\Users\Marvin\3DMHKP\results_3DMHKP\instance05-3DMHKP.txt

======================================================================
instance06: 95 boxes (3 types), 9 containers (3 types)
  continuous-knapsack bound: 143424.0
  greedy warm start: value 123840.0 (68/95 boxes, 0.0s)
  building MILP ...
  model: 28595 vars (28310 binary), 72255 constraints  [1.9s]
  MILP: value 123840.0, bound 143232.0, gap 13.54% [time limit]
  report -> C:\Users\Marvin\3DMHKP\results_3DMHKP\instance06-3DMHKP.txt

======================================================================
instance07: 47 boxes (3 types), 2 containers (2 types)
  continuous-knapsack bound: 20203.2
  greedy warm start: value 16437.0 (27/47 boxes, 0.0s)
  building MILP ...
  model: 7050 vars (6909 binary), 10055 constraints  [0.3s]
  MILP: value 17055.0, bound 19941.0, gap 14.47% [time limit]
  report -> C:\Users\Marvin\3DMHKP\results_3DMHKP\instance07-3DMHKP.txt

======================================================================
instance08: 175 boxes (6 types), 5 containers (3 types)
  continuous-knapsack bound: 77986.8
  greedy warm start: value 60661.2 (105/175 boxes, 0.1s)
  building MILP ...
  model: 93975 vars (93450 binary), 183996 constraints  [5.0s]
  MILP: value 60661.2, bound 77847.6, gap 22.08% [time limit]
  report -> C:\Users\Marvin\3DMHKP\results_3DMHKP\instance08-3DMHKP.txt

======================================================================
instance09: 72 boxes (4 types), 3 containers (3 types)
  continuous-knapsack bound: 139356.0
  greedy warm start: value 97596.0 (52/72 boxes, 0.0s)
  building MILP ...
  model: 16272 vars (16056 binary), 26060 constraints  [0.7s]
  MILP: value 114228.0, bound 139176.0, gap 17.93% [time limit]
  report -> C:\Users\Marvin\3DMHKP\results_3DMHKP\instance09-3DMHKP.txt

======================================================================
instance10: 200 boxes (3 types), 3 containers (2 types)
  continuous-knapsack bound: 15360.0
  greedy warm start: value 15360.0 (40/200 boxes, 0.0s)
  building MILP ...
  model: 122000 vars (121400 binary), 200639 constraints  [5.9s]
  MILP: value 15360.0, bound 15360.0, gap 0.00% [optimal]
  report -> C:\Users\Marvin\3DMHKP\results_3DMHKP\instance10-3DMHKP.txt

======================================================================
instance11: 118 boxes (4 types), 4 containers (3 types)
  continuous-knapsack bound: 68353.2
  greedy warm start: value 48943.6 (21/118 boxes, 0.0s)
  building MILP ...
  model: 43001 vars (42647 binary), 76794 constraints  [2.1s]
  MILP: value 48943.6, bound 65149.2, gap 24.87% [time limit]
  report -> C:\Users\Marvin\3DMHKP\results_3DMHKP\instance11-3DMHKP.txt

======================================================================
instance12: 90 boxes (3 types), 3 containers (3 types)
  continuous-knapsack bound: 24964.0
  greedy warm start: value 20232.0 (77/90 boxes, 0.0s)
  building MILP ...
  model: 25200 vars (24930 binary), 40708 constraints  [1.2s]
  MILP: value 20232.0, bound 24782.4, gap 18.36% [time limit]
  report -> C:\Users\Marvin\3DMHKP\results_3DMHKP\instance12-3DMHKP.txt

======================================================================
instance13: 84 boxes (2 types), 4 containers (2 types)
  continuous-knapsack bound: 36556.8
  greedy warm start: value 34656.0 (81/84 boxes, 0.0s)
  building MILP ...
  model: 22092 vars (21840 binary), 38993 constraints  [1.1s]
  MILP: value 34656.0, bound 36556.8, gap 5.20% [time limit]
  report -> C:\Users\Marvin\3DMHKP\results_3DMHKP\instance13-3DMHKP.txt

======================================================================
instance14: 102 boxes (3 types), 6 containers (3 types)
  continuous-knapsack bound: 71552.0
  greedy warm start: value 60569.6 (61/102 boxes, 0.0s)
  building MILP ...
  model: 32403 vars (32097 binary), 67925 constraints  [1.7s]
  MILP: value 60569.6, bound 71014.4, gap 14.71% [time limit]
  report -> C:\Users\Marvin\3DMHKP\results_3DMHKP\instance14-3DMHKP.txt

======================================================================
instance15: 85 boxes (4 types), 4 containers (2 types)
  continuous-knapsack bound: 42922.8
  greedy warm start: value 33703.7 (46/85 boxes, 0.0s)
  building MILP ...
  model: 22535 vars (22280 binary), 39864 constraints  [1.1s]
  MILP: value 33703.7, bound 42511.0, gap 20.72% [time limit]
  report -> C:\Users\Marvin\3DMHKP\results_3DMHKP\instance15-3DMHKP.txt

======================================================================
instance16: 90 boxes (3 types), 3 containers (3 types)
  continuous-knapsack bound: 666829.6
  greedy warm start: value 505770.0 (75/90 boxes, 0.1s)
  building MILP ...
  model: 25110 vars (24840 binary), 40678 constraints  [1.2s]
  MILP: value 517938.0, bound 663954.0, gap 21.99% [time limit]
  report -> C:\Users\Marvin\3DMHKP\results_3DMHKP\instance16-3DMHKP.txt

========================================================================================
SUMMARY
========================================================================================
instance      boxes  packed        value        bound      gap    util    time
----------------------------------------------------------------------------------------
instance01       70      30       8640.0      10368.0   16.7%   84.2%  120.8s
instance02      180     107      76019.2      85836.8   11.4%   90.7%  127.9s
instance03      103      59      51625.0      53262.5    3.1%   99.3%  121.7s
instance04      110      65    2077440.0    2691840.0   22.8%   71.2%  123.1s
instance05       95      46     550000.0     619000.0   11.1%   87.5%  121.7s
instance06       95      68     123840.0     143232.0   13.5%   81.4%  122.0s
instance07       47      22      17055.0      19941.0   14.5%   86.1%  120.4s
instance08      175     105      60661.2      77847.6   22.1%   90.3%  125.4s
instance09       72      58     114228.0     139176.0   17.9%   77.9%  120.8s
instance10      200      40      15360.0      15360.0    0.0%  100.0%   23.7s
instance11      118      21      48943.6      65149.2   24.9%   75.5%  122.2s
instance12       90      77      20232.0      24782.4   18.4%   74.7%  121.3s
instance13       84      81      34656.0      36556.8    5.2%   72.7%  121.2s
instance14      102      61      60569.6      71014.4   14.7%   80.2%  121.8s
instance15       85      46      33703.7      42511.0   20.7%   80.3%  121.2s
instance16       90      76     517938.0     663954.0   22.0%   73.3%  121.4s
----------------------------------------------------------------------------------------
proven optimal: 1/16
mean volume utilization: 82.8%
