============================================================
  Solver:     3DMHKP-SA.py
  Instance:   /home/mcaspar/3DMHKP/Egeblad/ep3-20-F-R-50.txt
  Value mode: flat
  Timelimit:  300s
  Reports:    /home/mcaspar/3DMHKP/results_3DMHKP_ep3
  CPUs:       1
============================================================
======================================================================
3DMHKP Simulated Annealing (random single-neighbour, sequence decoder)
SA params: T0=5% of f(S_0), alpha=0.999, T_min=0.001, reheat_threshold=5753, reheat_fraction=0.25
Move weights: {'relocate': 0.0, 'swap': 1.0, '2opt': 0.0, 'promote': 1.5, 'demote': 1.5, 'orient': 1.0, 'container': 0.5}
Time limit: 300.0s per instance, seed 702002118
======================================================================

======================================================================
ep3-20-F-R-50: 20 boxes (20 types), 1 containers (1 types)
  0-1 knapsack bound: 128928.0 (continuous relaxation: 132400.9)
  initial (value-density) decode: value 89202.0 (9/20 boxes)
  T0 = 4530.3 (calibrated, 375 worsening draws, target accept 35%)
  schedule: time-based, T0 -> 1032.75 over 300s
    [iter 14] *** NEW BEST: value 91481.0, boxes 8/20, T=4526.3, elapsed=0.2s
    [iter 24] *** NEW BEST: value 93558.0, boxes 8/20, T=4526.3, elapsed=0.2s
    [iter 327] *** NEW BEST: value 96750.0, boxes 9/20, T=4525.3, elapsed=0.2s
    [iter 334] *** NEW BEST: value 97177.0, boxes 8/20, T=4525.3, elapsed=0.2s
    [iter 377] *** NEW BEST: value 98547.0, boxes 8/20, T=4525.2, elapsed=0.2s
    [iter 378] *** NEW BEST: value 103810.0, boxes 9/20, T=4525.2, elapsed=0.2s
    [iter 1945] *** NEW BEST: value 105975.0, boxes 9/20, T=4520.0, elapsed=0.5s
    [iter 1953] *** NEW BEST: value 109699.0, boxes 9/20, T=4520.0, elapsed=0.5s
    [iter 7706] reheat + diversify: ceiling=1132.57, value=63683.0
    [iter 10138] *** NEW BEST: value 110083.0, boxes 9/20, T=4495.8, elapsed=1.6s
    [iter 15891] reheat + diversify: ceiling=1019.32, value=67562.0
    [iter 21644] reheat + diversify: ceiling=917.38, value=56616.0
    [iter 27397] reheat + diversify: ceiling=825.65, value=71250.0
    [iter 33150] reheat + diversify: ceiling=743.08, value=52953.0
    [iter 38903] reheat + diversify: ceiling=668.77, value=74027.0
    [iter 44656] reheat + diversify: ceiling=601.90, value=55329.0
    [iter 50409] reheat + diversify: ceiling=541.71, value=72647.0
    [iter 56162] reheat + diversify: ceiling=487.54, value=74763.0
    [iter 61915] reheat + diversify: ceiling=438.78, value=74076.0
    [iter 67668] reheat + diversify: ceiling=394.90, value=45193.0
    [iter 73421] reheat + diversify: ceiling=355.41, value=88342.0
    [iter 79174] reheat + diversify: ceiling=319.87, value=58293.0
    [iter 84927] reheat + diversify: ceiling=287.88, value=65698.0
    [iter 90680] reheat + diversify: ceiling=259.10, value=69458.0
    [iter 96433] reheat + diversify: ceiling=233.19, value=70429.0
    [iter 102186] reheat + diversify: ceiling=209.87, value=76171.0
    [iter 107939] reheat + diversify: ceiling=188.88, value=36031.0
    [iter 113692] reheat + diversify: ceiling=169.99, value=61620.0
    [iter 119445] reheat + diversify: ceiling=152.99, value=59417.0
    [iter 125198] reheat + diversify: ceiling=137.69, value=76287.0
    [iter 130951] reheat + diversify: ceiling=123.92, value=89703.0
    [iter 136704] reheat + diversify: ceiling=111.53, value=87600.0
    [iter 142457] reheat + diversify: ceiling=100.38, value=71917.0
    [iter 148210] reheat + diversify: ceiling=90.34, value=85113.0
    [iter 153963] reheat + diversify: ceiling=81.31, value=57824.0
    [iter 159716] reheat + diversify: ceiling=73.18, value=63286.0
    [iter 165469] reheat + diversify: ceiling=65.86, value=49366.0
    [iter 171222] reheat + diversify: ceiling=59.27, value=53319.0
    [iter 176975] reheat + diversify: ceiling=53.35, value=85325.0
    [iter 182728] reheat + diversify: ceiling=48.01, value=64804.0
    [iter 188481] reheat + diversify: ceiling=43.21, value=74731.0
    [iter 194234] reheat + diversify: ceiling=38.89, value=51779.0
    [iter 199987] reheat + diversify: ceiling=35.00, value=84462.0
    [iter 205740] reheat + diversify: ceiling=31.50, value=77856.0
    [iter 211493] reheat + diversify: ceiling=28.35, value=66096.0
    [iter 217246] reheat + diversify: ceiling=25.52, value=51463.0
    [iter 221150] *** NEW BEST: value 114455.0, boxes 10/20, T=3938.2, elapsed=28.4s
    [iter 226903] reheat + diversify: ceiling=22.96, value=49058.0
    [iter 232656] reheat + diversify: ceiling=20.67, value=65495.0
    [iter 238409] reheat + diversify: ceiling=18.60, value=63679.0
    [iter 244162] reheat + diversify: ceiling=16.74, value=74268.0
    [iter 249915] reheat + diversify: ceiling=15.07, value=62210.0
    [iter 255668] reheat + diversify: ceiling=13.56, value=66441.0
    [iter 261421] reheat + diversify: ceiling=12.20, value=73567.0
    [iter 267174] reheat + diversify: ceiling=10.98, value=63588.0
    [iter 272927] reheat + diversify: ceiling=9.89, value=60350.0
    [iter 278680] reheat + diversify: ceiling=8.90, value=61624.0
    [iter 284433] reheat + diversify: ceiling=8.01, value=71685.0
    [iter 290186] reheat + diversify: ceiling=7.21, value=78714.0
    [iter 295939] reheat + diversify: ceiling=6.49, value=53060.0
    [iter 301692] reheat + diversify: ceiling=5.84, value=63608.0
    [iter 307445] reheat + diversify: ceiling=5.25, value=62882.0
    [iter 313198] reheat + diversify: ceiling=4.73, value=81892.0
    [iter 318951] reheat + diversify: ceiling=4.26, value=69204.0
    [iter 324704] reheat + diversify: ceiling=3.83, value=67420.0
    [iter 330457] reheat + diversify: ceiling=3.45, value=66452.0
    [iter 336210] reheat + diversify: ceiling=3.10, value=62800.0
    [iter 341963] reheat + diversify: ceiling=2.79, value=67252.0
    [iter 347716] reheat + diversify: ceiling=2.51, value=67008.0
    [iter 353469] reheat + diversify: ceiling=2.26, value=78365.0
    [iter 359222] reheat + diversify: ceiling=2.04, value=64798.0
    [iter 364975] reheat + diversify: ceiling=1.83, value=64715.0
    [iter 370728] reheat + diversify: ceiling=1.65, value=73134.0
    [iter 376481] reheat + diversify: ceiling=1.48, value=67854.0
    [iter 382234] reheat + diversify: ceiling=1.34, value=76701.0
    [iter 387987] reheat + diversify: ceiling=1.20, value=70896.0
    [iter 393740] reheat + diversify: ceiling=1.08, value=70715.0
    [iter 399493] reheat + diversify: ceiling=0.97, value=70908.0
    [iter 405246] reheat + diversify: ceiling=0.88, value=80388.0
    [iter 410999] reheat + diversify: ceiling=0.79, value=93092.0
    [iter 416752] reheat + diversify: ceiling=0.71, value=77782.0
    [iter 422505] reheat + diversify: ceiling=0.64, value=69673.0
    [iter 428258] reheat + diversify: ceiling=0.57, value=67749.0
    [iter 434011] reheat + diversify: ceiling=0.52, value=74335.0
    [iter 439764] reheat + diversify: ceiling=0.47, value=65343.0
    [iter 445517] reheat + diversify: ceiling=0.42, value=42614.0
    [iter 451270] reheat + diversify: ceiling=0.38, value=84204.0
    [iter 457023] reheat + diversify: ceiling=0.34, value=69556.0
    [iter 462776] reheat + diversify: ceiling=0.31, value=71200.0
    [iter 468529] reheat + diversify: ceiling=0.27, value=63837.0
    [iter 474282] reheat + diversify: ceiling=0.25, value=66286.0
    [iter 480035] reheat + diversify: ceiling=0.22, value=68397.0
    [iter 485788] reheat + diversify: ceiling=0.20, value=76863.0
    [iter 491541] reheat + diversify: ceiling=0.18, value=73459.0
    [iter 497294] reheat + diversify: ceiling=0.16, value=88056.0
    [iter 503047] reheat + diversify: ceiling=0.15, value=68117.0
    [iter 508800] reheat + diversify: ceiling=0.13, value=68043.0
    [iter 514553] reheat + diversify: ceiling=0.12, value=94437.0
    [iter 520306] reheat + diversify: ceiling=0.11, value=69331.0
    [iter 526059] reheat + diversify: ceiling=0.10, value=72797.0
    [iter 531812] reheat + diversify: ceiling=0.09, value=76828.0
    [iter 537565] reheat + diversify: ceiling=0.08, value=68189.0
    [iter 543318] reheat + diversify: ceiling=0.07, value=80421.0
    [iter 549071] reheat + diversify: ceiling=0.06, value=78285.0
    [iter 554824] reheat + diversify: ceiling=0.06, value=49561.0
    [iter 560577] reheat + diversify: ceiling=0.05, value=65578.0
    [iter 566330] reheat + diversify: ceiling=0.05, value=67597.0
    [iter 572083] reheat + diversify: ceiling=0.04, value=66085.0
    [iter 577836] reheat + diversify: ceiling=0.04, value=50885.0
    [iter 583589] reheat + diversify: ceiling=0.03, value=66894.0
    [iter 589342] reheat + diversify: ceiling=0.03, value=69970.0
    [iter 595095] reheat + diversify: ceiling=0.03, value=95685.0
    [iter 600848] reheat + diversify: ceiling=0.02, value=63943.0
    [iter 606601] reheat + diversify: ceiling=0.02, value=55741.0
    [iter 612354] reheat + diversify: ceiling=0.02, value=77457.0
    [iter 618107] reheat + diversify: ceiling=0.02, value=64869.0
    [iter 623860] reheat + diversify: ceiling=0.02, value=83936.0
    [iter 629613] reheat + diversify: ceiling=0.01, value=97919.0
    [iter 635366] reheat + diversify: ceiling=0.01, value=66402.0
    [iter 641119] reheat + diversify: ceiling=0.01, value=65135.0
    [iter 646872] reheat + diversify: ceiling=0.01, value=50023.0
    [iter 652625] reheat + diversify: ceiling=0.01, value=45801.0
    [iter 658378] reheat + diversify: ceiling=0.01, value=60558.0
    [iter 664131] reheat + diversify: ceiling=0.01, value=59848.0
    [iter 669884] reheat + diversify: ceiling=0.01, value=55362.0
    [iter 675637] reheat + diversify: ceiling=0.01, value=53138.0
    [iter 681390] reheat + diversify: ceiling=0.01, value=70826.0
    [iter 687143] reheat + diversify: ceiling=0.01, value=86265.0
    [iter 692896] reheat + diversify: ceiling=0.00, value=55429.0
    [iter 698649] reheat + diversify: ceiling=0.00, value=61961.0
    [iter 704402] reheat + diversify: ceiling=0.00, value=51814.0
    [iter 710155] reheat + diversify: ceiling=0.00, value=79848.0
    [iter 715908] reheat + diversify: ceiling=0.00, value=74513.0
    [iter 721661] reheat + diversify: ceiling=0.00, value=73843.0
    [iter 727414] reheat + diversify: ceiling=0.00, value=47157.0
    [iter 733167] reheat + diversify: ceiling=0.00, value=73064.0
    [iter 738920] reheat + diversify: ceiling=0.00, value=64658.0
    [iter 744673] reheat + diversify: ceiling=0.00, value=79364.0
    [iter 750426] reheat + diversify: ceiling=0.00, value=80259.0
    [iter 756179] reheat + diversify: ceiling=0.00, value=76373.0
    [iter 761932] reheat + diversify: ceiling=0.00, value=57289.0
    [iter 767685] reheat + diversify: ceiling=0.00, value=48031.0
    [iter 773438] reheat + diversify: ceiling=0.00, value=78183.0
    [iter 779191] reheat + diversify: ceiling=0.00, value=92846.0
    [iter 784944] reheat + diversify: ceiling=0.00, value=71510.0
    [iter 790697] reheat + diversify: ceiling=0.00, value=75949.0
    [iter 796450] reheat + diversify: ceiling=0.00, value=46585.0
    [iter 802203] reheat + diversify: ceiling=0.00, value=64351.0
    [iter 807956] reheat + diversify: ceiling=0.00, value=71961.0
    [iter 813709] reheat + diversify: ceiling=0.00, value=64007.0
    [iter 819462] reheat + diversify: ceiling=0.00, value=73806.0
    [iter 825215] reheat + diversify: ceiling=0.00, value=65358.0
    [iter 830968] reheat + diversify: ceiling=0.00, value=66052.0
    [iter 836721] reheat + diversify: ceiling=0.00, value=68101.0
    [iter 842474] reheat + diversify: ceiling=0.00, value=66448.0
    [iter 848227] reheat + diversify: ceiling=0.00, value=85889.0
    [iter 853980] reheat + diversify: ceiling=0.00, value=53977.0
    [iter 859733] reheat + diversify: ceiling=0.00, value=45767.0
    [iter 865486] reheat + diversify: ceiling=0.00, value=93262.0
    [iter 871239] reheat + diversify: ceiling=0.00, value=55842.0
    [iter 876992] reheat + diversify: ceiling=0.00, value=67339.0
    [iter 882745] reheat + diversify: ceiling=0.00, value=77623.0
    [iter 888498] reheat + diversify: ceiling=0.00, value=80907.0
    [iter 894251] reheat + diversify: ceiling=0.00, value=87353.0
    [iter 900004] reheat + diversify: ceiling=0.00, value=57911.0
    [iter 905757] reheat + diversify: ceiling=0.00, value=83570.0
    [iter 911510] reheat + diversify: ceiling=0.00, value=68812.0
    [iter 917263] reheat + diversify: ceiling=0.00, value=64702.0
    [iter 923016] reheat + diversify: ceiling=0.00, value=73211.0
    [iter 928769] reheat + diversify: ceiling=0.00, value=59395.0
    [iter 934522] reheat + diversify: ceiling=0.00, value=83797.0
    [iter 940275] reheat + diversify: ceiling=0.00, value=70800.0
    [iter 946028] reheat + diversify: ceiling=0.00, value=59827.0
    [iter 951781] reheat + diversify: ceiling=0.00, value=63467.0
    [iter 957534] reheat + diversify: ceiling=0.00, value=64599.0
    [iter 963287] reheat + diversify: ceiling=0.00, value=62594.0
    [iter 969040] reheat + diversify: ceiling=0.00, value=84473.0
    [iter 974793] reheat + diversify: ceiling=0.00, value=86292.0
    [iter 980546] reheat + diversify: ceiling=0.00, value=58555.0
    [iter 986299] reheat + diversify: ceiling=0.00, value=51767.0
    [iter 992052] reheat + diversify: ceiling=0.00, value=71086.0
    [iter 997805] reheat + diversify: ceiling=0.00, value=76160.0
    [iter 1003558] reheat + diversify: ceiling=0.00, value=68935.0
    [iter 1009311] reheat + diversify: ceiling=0.00, value=56774.0
    [iter 1015064] reheat + diversify: ceiling=0.00, value=71213.0
    [iter 1020817] reheat + diversify: ceiling=0.00, value=66681.0
    [iter 1026570] reheat + diversify: ceiling=0.00, value=69923.0
    [iter 1032323] reheat + diversify: ceiling=0.00, value=77921.0
    [iter 1038076] reheat + diversify: ceiling=0.00, value=63403.0
    [iter 1043829] reheat + diversify: ceiling=0.00, value=70655.0
    [iter 1049582] reheat + diversify: ceiling=0.00, value=48924.0
    [iter 1055335] reheat + diversify: ceiling=0.00, value=76339.0
    [iter 1061088] reheat + diversify: ceiling=0.00, value=78493.0
    [iter 1066841] reheat + diversify: ceiling=0.00, value=67394.0
    [iter 1072594] reheat + diversify: ceiling=0.00, value=66282.0
    [iter 1078347] reheat + diversify: ceiling=0.00, value=48941.0
    [iter 1084100] reheat + diversify: ceiling=0.00, value=75172.0
    [iter 1089853] reheat + diversify: ceiling=0.00, value=54550.0
    [iter 1095606] reheat + diversify: ceiling=0.00, value=76691.0
    [iter 1101359] reheat + diversify: ceiling=0.00, value=60057.0
    [iter 1107112] reheat + diversify: ceiling=0.00, value=84670.0
    [iter 1112865] reheat + diversify: ceiling=0.00, value=76460.0
    [iter 1118618] reheat + diversify: ceiling=0.00, value=51838.0
    [iter 1124371] reheat + diversify: ceiling=0.00, value=71805.0
    [iter 1130124] reheat + diversify: ceiling=0.00, value=47641.0
    [iter 1135877] reheat + diversify: ceiling=0.00, value=92960.0
    [iter 1141630] reheat + diversify: ceiling=0.00, value=65707.0
    [iter 1147383] reheat + diversify: ceiling=0.00, value=60540.0
    [iter 1153136] reheat + diversify: ceiling=0.00, value=61001.0
    [iter 1158889] reheat + diversify: ceiling=0.00, value=80111.0
    [iter 1164642] reheat + diversify: ceiling=0.00, value=84698.0
    [iter 1170395] reheat + diversify: ceiling=0.00, value=74635.0
    [iter 1176148] reheat + diversify: ceiling=0.00, value=60009.0
    [iter 1181901] reheat + diversify: ceiling=0.00, value=50832.0
    [iter 1187654] reheat + diversify: ceiling=0.00, value=71867.0
    [iter 1193407] reheat + diversify: ceiling=0.00, value=92982.0
    [iter 1199160] reheat + diversify: ceiling=0.00, value=36203.0
    [iter 1204913] reheat + diversify: ceiling=0.00, value=53905.0
    [iter 1210666] reheat + diversify: ceiling=0.00, value=95436.0
    [iter 1216419] reheat + diversify: ceiling=0.00, value=57879.0
    [iter 1222172] reheat + diversify: ceiling=0.00, value=63424.0
    [iter 1227925] reheat + diversify: ceiling=0.00, value=64090.0
    [iter 1233678] reheat + diversify: ceiling=0.00, value=69836.0
    [iter 1239431] reheat + diversify: ceiling=0.00, value=59140.0
    [iter 1245184] reheat + diversify: ceiling=0.00, value=68312.0
    [iter 1250937] reheat + diversify: ceiling=0.00, value=56366.0
    [iter 1256690] reheat + diversify: ceiling=0.00, value=64513.0
    [iter 1262443] reheat + diversify: ceiling=0.00, value=69961.0
    [iter 1268196] reheat + diversify: ceiling=0.00, value=57959.0
    [iter 1273949] reheat + diversify: ceiling=0.00, value=54273.0
    [iter 1279702] reheat + diversify: ceiling=0.00, value=65723.0
    [iter 1285455] reheat + diversify: ceiling=0.00, value=75309.0
    [iter 1291208] reheat + diversify: ceiling=0.00, value=61417.0
    [iter 1296961] reheat + diversify: ceiling=0.00, value=79555.0
    [iter 1302714] reheat + diversify: ceiling=0.00, value=74985.0
    [iter 1308467] reheat + diversify: ceiling=0.00, value=69562.0
    [iter 1314220] reheat + diversify: ceiling=0.00, value=68972.0
    [iter 1319973] reheat + diversify: ceiling=0.00, value=63844.0
    [iter 1325726] reheat + diversify: ceiling=0.00, value=57103.0
    [iter 1331479] reheat + diversify: ceiling=0.00, value=71740.0
    [iter 1337232] reheat + diversify: ceiling=0.00, value=89967.0
    [iter 1342985] reheat + diversify: ceiling=0.00, value=72530.0
    [iter 1348738] reheat + diversify: ceiling=0.00, value=73631.0
    [iter 1354491] reheat + diversify: ceiling=0.00, value=51971.0
    [iter 1360244] reheat + diversify: ceiling=0.00, value=47437.0
    [iter 1365997] reheat + diversify: ceiling=0.00, value=77698.0
    [iter 1371750] reheat + diversify: ceiling=0.00, value=70228.0
    [iter 1377503] reheat + diversify: ceiling=0.00, value=62721.0
    [iter 1383256] reheat + diversify: ceiling=0.00, value=78682.0
    [iter 1389009] reheat + diversify: ceiling=0.00, value=48924.0
    [iter 1394762] reheat + diversify: ceiling=0.00, value=53610.0
    [iter 1400515] reheat + diversify: ceiling=0.00, value=76808.0
    [iter 1406268] reheat + diversify: ceiling=0.00, value=65944.0
    [iter 1412021] reheat + diversify: ceiling=0.00, value=71594.0
    [iter 1417774] reheat + diversify: ceiling=0.00, value=52827.0
    [iter 1423527] reheat + diversify: ceiling=0.00, value=68964.0
    [iter 1429280] reheat + diversify: ceiling=0.00, value=67157.0
    [iter 1435033] reheat + diversify: ceiling=0.00, value=69069.0
    [iter 1440786] reheat + diversify: ceiling=0.00, value=68811.0
    [iter 1446539] reheat + diversify: ceiling=0.00, value=82809.0
    [iter 1452292] reheat + diversify: ceiling=0.00, value=61435.0
    [iter 1458045] reheat + diversify: ceiling=0.00, value=85206.0
    [iter 1463798] reheat + diversify: ceiling=0.00, value=64748.0
    [iter 1469551] reheat + diversify: ceiling=0.00, value=73944.0
    [iter 1475304] reheat + diversify: ceiling=0.00, value=60420.0
    [iter 1481057] reheat + diversify: ceiling=0.00, value=77370.0
    [iter 1486810] reheat + diversify: ceiling=0.00, value=59430.0
    [iter 1492563] reheat + diversify: ceiling=0.00, value=66067.0
    [iter 1498316] reheat + diversify: ceiling=0.00, value=78010.0
    [iter 1504069] reheat + diversify: ceiling=0.00, value=79797.0
    [iter 1509822] reheat + diversify: ceiling=0.00, value=70571.0
    [iter 1515575] reheat + diversify: ceiling=0.00, value=71144.0
    [iter 1521328] reheat + diversify: ceiling=0.00, value=74448.0
    [iter 1527081] reheat + diversify: ceiling=0.00, value=56076.0
    [iter 1532834] reheat + diversify: ceiling=0.00, value=57695.0
    [iter 1538587] reheat + diversify: ceiling=0.00, value=43451.0
    [iter 1544340] reheat + diversify: ceiling=0.00, value=68699.0
    [iter 1550093] reheat + diversify: ceiling=0.00, value=71402.0
    [iter 1555846] reheat + diversify: ceiling=0.00, value=74195.0
    [iter 1561599] reheat + diversify: ceiling=0.00, value=76225.0
    [iter 1567352] reheat + diversify: ceiling=0.00, value=75872.0
    [iter 1573105] reheat + diversify: ceiling=0.00, value=68340.0
    [iter 1578858] reheat + diversify: ceiling=0.00, value=63556.0
    [iter 1584611] reheat + diversify: ceiling=0.00, value=61721.0
    [iter 1590364] reheat + diversify: ceiling=0.00, value=67394.0
    [iter 1596117] reheat + diversify: ceiling=0.00, value=68201.0
    [iter 1601870] reheat + diversify: ceiling=0.00, value=64006.0
    [iter 1607623] reheat + diversify: ceiling=0.00, value=80290.0
    [iter 1613376] reheat + diversify: ceiling=0.00, value=68859.0
    [iter 1619129] reheat + diversify: ceiling=0.00, value=71793.0
    [iter 1624882] reheat + diversify: ceiling=0.00, value=70017.0
    [iter 1630635] reheat + diversify: ceiling=0.00, value=92507.0
    [iter 1636388] reheat + diversify: ceiling=0.00, value=75888.0
    [iter 1642141] reheat + diversify: ceiling=0.00, value=65733.0
    [iter 1647894] reheat + diversify: ceiling=0.00, value=65655.0
    [iter 1653647] reheat + diversify: ceiling=0.00, value=82657.0
    [iter 1659400] reheat + diversify: ceiling=0.00, value=60264.0
    [iter 1665153] reheat + diversify: ceiling=0.00, value=52407.0
    [iter 1670906] reheat + diversify: ceiling=0.00, value=49044.0
    [iter 1676659] reheat + diversify: ceiling=0.00, value=60784.0
    [iter 1682412] reheat + diversify: ceiling=0.00, value=69948.0
    [iter 1688165] reheat + diversify: ceiling=0.00, value=59664.0
    [iter 1693918] reheat + diversify: ceiling=0.00, value=74953.0
    [iter 1699671] reheat + diversify: ceiling=0.00, value=72922.0
    [iter 1705424] reheat + diversify: ceiling=0.00, value=61537.0
    [iter 1711177] reheat + diversify: ceiling=0.00, value=89223.0
    [iter 1716930] reheat + diversify: ceiling=0.00, value=58539.0
    [iter 1722683] reheat + diversify: ceiling=0.00, value=69156.0
    [iter 1728436] reheat + diversify: ceiling=0.00, value=57236.0
    [iter 1734189] reheat + diversify: ceiling=0.00, value=80712.0
    [iter 1739942] reheat + diversify: ceiling=0.00, value=59677.0
    [iter 1745695] reheat + diversify: ceiling=0.00, value=94017.0
    [iter 1751448] reheat + diversify: ceiling=0.00, value=62948.0
    [iter 1757201] reheat + diversify: ceiling=0.00, value=50714.0
    [iter 1762954] reheat + diversify: ceiling=0.00, value=69811.0
    [iter 1768707] reheat + diversify: ceiling=0.00, value=92482.0
    [iter 1774460] reheat + diversify: ceiling=0.00, value=64395.0
    [iter 1780213] reheat + diversify: ceiling=0.00, value=62809.0
    [iter 1785966] reheat + diversify: ceiling=0.00, value=96131.0
    [iter 1791719] reheat + diversify: ceiling=0.00, value=69277.0
    [iter 1797472] reheat + diversify: ceiling=0.00, value=63088.0
    [iter 1803225] reheat + diversify: ceiling=0.00, value=79979.0
    [iter 1808978] reheat + diversify: ceiling=0.00, value=78034.0
    [iter 1814731] reheat + diversify: ceiling=0.00, value=83906.0
    [iter 1820484] reheat + diversify: ceiling=0.00, value=57917.0
    [iter 1826237] reheat + diversify: ceiling=0.00, value=53518.0
    [iter 1831990] reheat + diversify: ceiling=0.00, value=81885.0
    [iter 1837743] reheat + diversify: ceiling=0.00, value=69822.0
    [iter 1843496] reheat + diversify: ceiling=0.00, value=72479.0
    [iter 1849249] reheat + diversify: ceiling=0.00, value=67113.0
    [iter 1855002] reheat + diversify: ceiling=0.00, value=83199.0
    [iter 1860755] reheat + diversify: ceiling=0.00, value=76647.0
    [iter 1866508] reheat + diversify: ceiling=0.00, value=57429.0
    [iter 1872261] reheat + diversify: ceiling=0.00, value=57349.0
    [iter 1878014] reheat + diversify: ceiling=0.00, value=70042.0
    [iter 1883767] reheat + diversify: ceiling=0.00, value=73276.0
    [iter 1889520] reheat + diversify: ceiling=0.00, value=85124.0
    [iter 1895273] reheat + diversify: ceiling=0.00, value=58303.0
    [iter 1901026] reheat + diversify: ceiling=0.00, value=70791.0
    [iter 1906779] reheat + diversify: ceiling=0.00, value=84200.0
    [iter 1912532] reheat + diversify: ceiling=0.00, value=61934.0
    [iter 1918285] reheat + diversify: ceiling=0.00, value=52844.0
    [iter 1924038] reheat + diversify: ceiling=0.00, value=55943.0
    [iter 1929791] reheat + diversify: ceiling=0.00, value=57269.0
    [iter 1935544] reheat + diversify: ceiling=0.00, value=72384.0
    [iter 1941297] reheat + diversify: ceiling=0.00, value=67687.0
    [iter 1947050] reheat + diversify: ceiling=0.00, value=54570.0
    [iter 1952803] reheat + diversify: ceiling=0.00, value=63276.0
    [iter 1958556] reheat + diversify: ceiling=0.00, value=64440.0
    [iter 1964309] reheat + diversify: ceiling=0.00, value=57516.0
    [iter 1970062] reheat + diversify: ceiling=0.00, value=59903.0
    [iter 1975815] reheat + diversify: ceiling=0.00, value=42903.0
    [iter 1981568] reheat + diversify: ceiling=0.00, value=56900.0
    [iter 1987321] reheat + diversify: ceiling=0.00, value=70879.0
    [iter 1993074] reheat + diversify: ceiling=0.00, value=77285.0
    [iter 1998827] reheat + diversify: ceiling=0.00, value=69662.0
    [iter 2004580] reheat + diversify: ceiling=0.00, value=69769.0
    [iter 2010333] reheat + diversify: ceiling=0.00, value=89064.0
    [iter 2016086] reheat + diversify: ceiling=0.00, value=88063.0
    [iter 2021839] reheat + diversify: ceiling=0.00, value=52320.0
    [iter 2027592] reheat + diversify: ceiling=0.00, value=72990.0
    [iter 2033345] reheat + diversify: ceiling=0.00, value=47144.0
    [iter 2039098] reheat + diversify: ceiling=0.00, value=64074.0
    [iter 2044851] reheat + diversify: ceiling=0.00, value=69040.0
    [iter 2050604] reheat + diversify: ceiling=0.00, value=61316.0
    [iter 2056357] reheat + diversify: ceiling=0.00, value=84747.0
    [iter 2062110] reheat + diversify: ceiling=0.00, value=64679.0
    [iter 2067863] reheat + diversify: ceiling=0.00, value=83326.0
    [iter 2073616] reheat + diversify: ceiling=0.00, value=76417.0
    [iter 2079369] reheat + diversify: ceiling=0.00, value=69356.0
    [iter 2085122] reheat + diversify: ceiling=0.00, value=71011.0
    [iter 2090875] reheat + diversify: ceiling=0.00, value=62216.0
    [iter 2096628] reheat + diversify: ceiling=0.00, value=78697.0
    [iter 2102381] reheat + diversify: ceiling=0.00, value=40499.0
    [iter 2108134] reheat + diversify: ceiling=0.00, value=83392.0
    [iter 2113887] reheat + diversify: ceiling=0.00, value=72241.0
    [iter 2119640] reheat + diversify: ceiling=0.00, value=66498.0
    [iter 2125393] reheat + diversify: ceiling=0.00, value=47902.0
    [iter 2131146] reheat + diversify: ceiling=0.00, value=61462.0
    [iter 2136899] reheat + diversify: ceiling=0.00, value=61133.0
    [iter 2142652] reheat + diversify: ceiling=0.00, value=87595.0
    [iter 2148405] reheat + diversify: ceiling=0.00, value=84956.0
    [iter 2154158] reheat + diversify: ceiling=0.00, value=85470.0
    [iter 2159911] reheat + diversify: ceiling=0.00, value=82144.0
    [iter 2165664] reheat + diversify: ceiling=0.00, value=56670.0
    [iter 2171417] reheat + diversify: ceiling=0.00, value=52986.0
    [iter 2177170] reheat + diversify: ceiling=0.00, value=87425.0
    [iter 2182923] reheat + diversify: ceiling=0.00, value=68746.0
    [iter 2188676] reheat + diversify: ceiling=0.00, value=66715.0
    [iter 2194429] reheat + diversify: ceiling=0.00, value=56983.0
    [iter 2200182] reheat + diversify: ceiling=0.00, value=81344.0
    [iter 2205935] reheat + diversify: ceiling=0.00, value=55706.0
    [iter 2211688] reheat + diversify: ceiling=0.00, value=81126.0
    [iter 2217441] reheat + diversify: ceiling=0.00, value=88846.0
    [iter 2223194] reheat + diversify: ceiling=0.00, value=60409.0
    [iter 2228947] reheat + diversify: ceiling=0.00, value=82867.0
    [iter 2234700] reheat + diversify: ceiling=0.00, value=81023.0
    [iter 2240453] reheat + diversify: ceiling=0.00, value=68465.0
    [iter 2246206] reheat + diversify: ceiling=0.00, value=76782.0
    [iter 2251959] reheat + diversify: ceiling=0.00, value=45268.0
    [iter 2257712] reheat + diversify: ceiling=0.00, value=79897.0
    [iter 2263465] reheat + diversify: ceiling=0.00, value=58723.0
    [iter 2269218] reheat + diversify: ceiling=0.00, value=73296.0
    [iter 2274971] reheat + diversify: ceiling=0.00, value=80314.0
    [iter 2280724] reheat + diversify: ceiling=0.00, value=65469.0
    [iter 2286477] reheat + diversify: ceiling=0.00, value=53337.0
    [iter 2292230] reheat + diversify: ceiling=0.00, value=79722.0
    [iter 2297983] reheat + diversify: ceiling=0.00, value=78970.0
    [iter 2303736] reheat + diversify: ceiling=0.00, value=67855.0
    [iter 2309489] reheat + diversify: ceiling=0.00, value=56953.0
    [iter 2315242] reheat + diversify: ceiling=0.00, value=77271.0
    [iter 2320995] reheat + diversify: ceiling=0.00, value=63274.0
    [iter 2326748] reheat + diversify: ceiling=0.00, value=92216.0
    [iter 2332501] reheat + diversify: ceiling=0.00, value=69429.0
    [iter 2338254] reheat + diversify: ceiling=0.00, value=58298.0
    [iter 2344007] reheat + diversify: ceiling=0.00, value=58293.0
    [iter 2349760] reheat + diversify: ceiling=0.00, value=70743.0
    [iter 2355513] reheat + diversify: ceiling=0.00, value=71255.0
    [iter 2361266] reheat + diversify: ceiling=0.00, value=78959.0
    [iter 2367019] reheat + diversify: ceiling=0.00, value=63873.0
    [iter 2372772] reheat + diversify: ceiling=0.00, value=67097.0
    [iter 2378525] reheat + diversify: ceiling=0.00, value=61631.0
    [iter 2384278] reheat + diversify: ceiling=0.00, value=54810.0
    [iter 2390031] reheat + diversify: ceiling=0.00, value=76731.0
    [iter 2395784] reheat + diversify: ceiling=0.00, value=82912.0
    [iter 2401537] reheat + diversify: ceiling=0.00, value=65594.0
    [iter 2407290] reheat + diversify: ceiling=0.00, value=65418.0
    [iter 2413043] reheat + diversify: ceiling=0.00, value=88244.0
    [iter 2418796] reheat + diversify: ceiling=0.00, value=69389.0
    [iter 2424549] reheat + diversify: ceiling=0.00, value=73385.0
    [iter 2430302] reheat + diversify: ceiling=0.00, value=72316.0
    [iter 2436055] reheat + diversify: ceiling=0.00, value=46917.0
    [iter 2441808] reheat + diversify: ceiling=0.00, value=64818.0
    [iter 2447561] reheat + diversify: ceiling=0.00, value=73944.0
    [iter 2453314] reheat + diversify: ceiling=0.00, value=77160.0
    [iter 2459067] reheat + diversify: ceiling=0.00, value=53895.0
  time limit reached at iteration 2464415
  SA finished: 2464415 iterations in 300.0s (8215 it/s), accepted 1121523 (45.5%), rejected 1342891, neutral 976291 (39.6%), worsening accepted 9.8%, no-move draws 0, reheats 426
  SA: value 114455.0 (greedy 89202.0, +25253.0), bound 128928.0, gap 11.23%, util 81.3%
  report -> /home/mcaspar/3DMHKP/results_3DMHKP_ep3/ep3-20-F-R-50-3DMHKP-SA-a0.999-r0.25-t300s.txt

================================================================================================
SUMMARY
================================================================================================
instance      boxes  packed       greedy     SA value        bound      gap    util    iters    time
------------------------------------------------------------------------------------------------
ep3-20-F-R-50     20      10      89202.0     114455.0     128928.0   11.2%   81.3%  2464415  300.0s
------------------------------------------------------------------------------------------------
proven optimal (value reaches the upper bound): 0/1
improved over greedy: 1/1 (total value 89202.0 -> 114455.0, +28.31%)
mean gap to 0-1 knapsack bound: 11.2%
mean volume utilization: 81.3%
