============================================================
  Solver:     3DMHKP-SA.py
  Instance:   /home/mcaspar/3DMHKP/Egeblad/ep3-40-U-C-50.txt
  Value mode: flat
  Timelimit:  900s
  Reports:    /home/mcaspar/3DMHKP/results_3DMHKP_ep3
  CPUs:       1
============================================================
======================================================================
3DMHKP Simulated Annealing (random single-neighbour, sequence decoder)
SA params: T0=5% of f(S_0), alpha=0.999, T_min=0.001, reheat_threshold=5753, reheat_fraction=0.25
Move weights: {'relocate': 0.0, 'swap': 1.0, '2opt': 0.0, 'promote': 1.5, 'demote': 1.5, 'orient': 1.0, 'container': 0.5}
Time limit: 900.0s per instance, seed 1454363645
======================================================================

======================================================================
ep3-40-U-C-50: 40 boxes (5 types), 1 containers (1 types)
  0-1 knapsack bound: 216956.0 (continuous relaxation: 219204.6)
  initial (value-density) decode: value 154791.0 (14/40 boxes)
  T0 = 3643.5 (calibrated, 175 worsening draws, target accept 35%)
  schedule: time-based, T0 -> 830.59 over 900s
    [iter 65] *** NEW BEST: value 158730.0, boxes 15/40, T=3642.1, elapsed=0.2s
    [iter 1969] *** NEW BEST: value 160351.0, boxes 16/40, T=3639.6, elapsed=0.6s
    [iter 1984] *** NEW BEST: value 165236.0, boxes 16/40, T=3639.6, elapsed=0.7s
    [iter 2000] *** NEW BEST: value 170251.0, boxes 17/40, T=3639.6, elapsed=0.7s
    [iter 2533] *** NEW BEST: value 173946.0, boxes 16/40, T=3638.9, elapsed=0.8s
    [iter 6135] *** NEW BEST: value 175136.0, boxes 17/40, T=3634.5, elapsed=1.5s
    [iter 6410] *** NEW BEST: value 180021.0, boxes 17/40, T=3634.2, elapsed=1.6s
    [iter 7608] *** NEW BEST: value 184906.0, boxes 17/40, T=3632.7, elapsed=1.8s
    [iter 13361] reheat + diversify: ceiling=910.87, value=96379.0
    [iter 19114] reheat + diversify: ceiling=819.78, value=114892.0
    [iter 24867] reheat + diversify: ceiling=737.80, value=125010.0
    [iter 30620] reheat + diversify: ceiling=664.02, value=109706.0
    [iter 36373] reheat + diversify: ceiling=597.62, value=120325.0
    [iter 42126] reheat + diversify: ceiling=537.86, value=133753.0
    [iter 47879] reheat + diversify: ceiling=484.07, value=109479.0
    [iter 53632] reheat + diversify: ceiling=435.67, value=122676.0
    [iter 59385] reheat + diversify: ceiling=392.10, value=117389.0
    [iter 65138] reheat + diversify: ceiling=352.89, value=102243.0
    [iter 70891] reheat + diversify: ceiling=317.60, value=105349.0
    [iter 76644] reheat + diversify: ceiling=285.84, value=90207.0
    [iter 82397] reheat + diversify: ceiling=257.26, value=129039.0
    [iter 88150] reheat + diversify: ceiling=231.53, value=124608.0
    [iter 93903] reheat + diversify: ceiling=208.38, value=107660.0
    [iter 99656] reheat + diversify: ceiling=187.54, value=100107.0
    [iter 105409] reheat + diversify: ceiling=168.79, value=121055.0
    [iter 111162] reheat + diversify: ceiling=151.91, value=132466.0
    [iter 116915] reheat + diversify: ceiling=136.72, value=121185.0
    [iter 122668] reheat + diversify: ceiling=123.04, value=119667.0
    [iter 128421] reheat + diversify: ceiling=110.74, value=93086.0
    [iter 134174] reheat + diversify: ceiling=99.67, value=141607.0
    [iter 139927] reheat + diversify: ceiling=89.70, value=122575.0
    [iter 145680] reheat + diversify: ceiling=80.73, value=104691.0
    [iter 151433] reheat + diversify: ceiling=72.66, value=150460.0
    [iter 157186] reheat + diversify: ceiling=65.39, value=103274.0
    [iter 162939] reheat + diversify: ceiling=58.85, value=122047.0
    [iter 168692] reheat + diversify: ceiling=52.97, value=128864.0
    [iter 174445] reheat + diversify: ceiling=47.67, value=100334.0
    [iter 180198] reheat + diversify: ceiling=42.90, value=105421.0
    [iter 185951] reheat + diversify: ceiling=38.61, value=128738.0
    [iter 191704] reheat + diversify: ceiling=34.75, value=103631.0
    [iter 197457] reheat + diversify: ceiling=31.28, value=117360.0
    [iter 203210] reheat + diversify: ceiling=28.15, value=129169.0
    [iter 208963] reheat + diversify: ceiling=25.33, value=104062.0
    [iter 214716] reheat + diversify: ceiling=22.80, value=122802.0
    [iter 220469] reheat + diversify: ceiling=20.52, value=107128.0
    [iter 226222] reheat + diversify: ceiling=18.47, value=133753.0
    [iter 231975] reheat + diversify: ceiling=16.62, value=109349.0
    [iter 237728] reheat + diversify: ceiling=14.96, value=124682.0
    [iter 243481] reheat + diversify: ceiling=13.46, value=109149.0
    [iter 249234] reheat + diversify: ceiling=12.12, value=113174.0
    [iter 254987] reheat + diversify: ceiling=10.91, value=125998.0
    [iter 260740] reheat + diversify: ceiling=9.81, value=111485.0
    [iter 266493] reheat + diversify: ceiling=8.83, value=114595.0
    [iter 272246] reheat + diversify: ceiling=7.95, value=109077.0
    [iter 277999] reheat + diversify: ceiling=7.16, value=137652.0
    [iter 283752] reheat + diversify: ceiling=6.44, value=86910.0
    [iter 289505] reheat + diversify: ceiling=5.80, value=99608.0
    [iter 295258] reheat + diversify: ceiling=5.22, value=106600.0
    [iter 301011] reheat + diversify: ceiling=4.69, value=117560.0
    [iter 306764] reheat + diversify: ceiling=4.22, value=126099.0
    [iter 312517] reheat + diversify: ceiling=3.80, value=104992.0
    [iter 318270] reheat + diversify: ceiling=3.42, value=135873.0
    [iter 324023] reheat + diversify: ceiling=3.08, value=102544.0
    [iter 329776] reheat + diversify: ceiling=2.77, value=98528.0
    [iter 335529] reheat + diversify: ceiling=2.49, value=140644.0
    [iter 341282] reheat + diversify: ceiling=2.25, value=95721.0
    [iter 347035] reheat + diversify: ceiling=2.02, value=117129.0
    [iter 352788] reheat + diversify: ceiling=1.82, value=132576.0
    [iter 358541] reheat + diversify: ceiling=1.64, value=125843.0
    [iter 364294] reheat + diversify: ceiling=1.47, value=134054.0
    [iter 370047] reheat + diversify: ceiling=1.33, value=162555.0
    [iter 375800] reheat + diversify: ceiling=1.19, value=113764.0
    [iter 381553] reheat + diversify: ceiling=1.07, value=107460.0
    [iter 387306] reheat + diversify: ceiling=0.97, value=140100.0
    [iter 393059] reheat + diversify: ceiling=0.87, value=94142.0
    [iter 398812] reheat + diversify: ceiling=0.78, value=109275.0
    [iter 404565] reheat + diversify: ceiling=0.70, value=106510.0
    [iter 410318] reheat + diversify: ceiling=0.63, value=92525.0
    [iter 416071] reheat + diversify: ceiling=0.57, value=102117.0
    [iter 421824] reheat + diversify: ceiling=0.51, value=107887.0
    [iter 427577] reheat + diversify: ceiling=0.46, value=122546.0
    [iter 433330] reheat + diversify: ceiling=0.42, value=119907.0
    [iter 439083] reheat + diversify: ceiling=0.37, value=132994.0
    [iter 444836] reheat + diversify: ceiling=0.34, value=125340.0
    [iter 450589] reheat + diversify: ceiling=0.30, value=112873.0
    [iter 456342] reheat + diversify: ceiling=0.27, value=130955.0
    [iter 462095] reheat + diversify: ceiling=0.25, value=99977.0
    [iter 467848] reheat + diversify: ceiling=0.22, value=140028.0
    [iter 473601] reheat + diversify: ceiling=0.20, value=104788.0
    [iter 479354] reheat + diversify: ceiling=0.18, value=109677.0
    [iter 485107] reheat + diversify: ceiling=0.16, value=118851.0
    [iter 490860] reheat + diversify: ceiling=0.15, value=98389.0
    [iter 496613] reheat + diversify: ceiling=0.13, value=118319.0
    [iter 502366] reheat + diversify: ceiling=0.12, value=122115.0
    [iter 508119] reheat + diversify: ceiling=0.11, value=94991.0
    [iter 513872] reheat + diversify: ceiling=0.10, value=116727.0
    [iter 519625] reheat + diversify: ceiling=0.09, value=121185.0
    [iter 525378] reheat + diversify: ceiling=0.08, value=111687.0
    [iter 531131] reheat + diversify: ceiling=0.07, value=114034.0
    [iter 536884] reheat + diversify: ceiling=0.06, value=118189.0
    [iter 542637] reheat + diversify: ceiling=0.06, value=120300.0
    [iter 548390] reheat + diversify: ceiling=0.05, value=91137.0
    [iter 554143] reheat + diversify: ceiling=0.05, value=110335.0
    [iter 559896] reheat + diversify: ceiling=0.04, value=127289.0
    [iter 565649] reheat + diversify: ceiling=0.04, value=132893.0
    [iter 571402] reheat + diversify: ceiling=0.03, value=115512.0
    [iter 577155] reheat + diversify: ceiling=0.03, value=102555.0
    [iter 582908] reheat + diversify: ceiling=0.03, value=138768.0
    [iter 588661] reheat + diversify: ceiling=0.02, value=127992.0
    [iter 594414] reheat + diversify: ceiling=0.02, value=127691.0
    [iter 600167] reheat + diversify: ceiling=0.02, value=109605.0
    [iter 605920] reheat + diversify: ceiling=0.02, value=136920.0
    [iter 611673] reheat + diversify: ceiling=0.02, value=121486.0
    [iter 617426] reheat + diversify: ceiling=0.01, value=125140.0
    [iter 623179] reheat + diversify: ceiling=0.01, value=125872.0
    [iter 628932] reheat + diversify: ceiling=0.01, value=125843.0
    [iter 634685] reheat + diversify: ceiling=0.01, value=110137.0
    [iter 640438] reheat + diversify: ceiling=0.01, value=137351.0
    [iter 646191] reheat + diversify: ceiling=0.01, value=117816.0
    [iter 651944] reheat + diversify: ceiling=0.01, value=110636.0
    [iter 657697] reheat + diversify: ceiling=0.01, value=122144.0
    [iter 663450] reheat + diversify: ceiling=0.01, value=107988.0
    [iter 669203] reheat + diversify: ceiling=0.01, value=129798.0
    [iter 674956] reheat + diversify: ceiling=0.00, value=105751.0
    [iter 680709] reheat + diversify: ceiling=0.00, value=104363.0
    [iter 686462] reheat + diversify: ceiling=0.00, value=133623.0
    [iter 692215] reheat + diversify: ceiling=0.00, value=132563.0
    [iter 697968] reheat + diversify: ceiling=0.00, value=112215.0
    [iter 703721] reheat + diversify: ceiling=0.00, value=117661.0
    [iter 709474] reheat + diversify: ceiling=0.00, value=117230.0
    [iter 715227] reheat + diversify: ceiling=0.00, value=128109.0
    [iter 720980] reheat + diversify: ceiling=0.00, value=149488.0
    [iter 726733] reheat + diversify: ceiling=0.00, value=118218.0
    [iter 732486] reheat + diversify: ceiling=0.00, value=127979.0
    [iter 738239] reheat + diversify: ceiling=0.00, value=130557.0
    [iter 743992] reheat + diversify: ceiling=0.00, value=122018.0
    [iter 749745] reheat + diversify: ceiling=0.00, value=133623.0
    [iter 755498] reheat + diversify: ceiling=0.00, value=117989.0
    [iter 761251] reheat + diversify: ceiling=0.00, value=117158.0
    [iter 767004] reheat + diversify: ceiling=0.00, value=110957.0
    [iter 772757] reheat + diversify: ceiling=0.00, value=132495.0
    [iter 778510] reheat + diversify: ceiling=0.00, value=114721.0
    [iter 784263] reheat + diversify: ceiling=0.00, value=111168.0
    [iter 790016] reheat + diversify: ceiling=0.00, value=121486.0
    [iter 795769] reheat + diversify: ceiling=0.00, value=96480.0
    [iter 801522] reheat + diversify: ceiling=0.00, value=113174.0
    [iter 807275] reheat + diversify: ceiling=0.00, value=126103.0
    [iter 813028] reheat + diversify: ceiling=0.00, value=121084.0
    [iter 818781] reheat + diversify: ceiling=0.00, value=112244.0
    [iter 824534] reheat + diversify: ceiling=0.00, value=130427.0
    [iter 830287] reheat + diversify: ceiling=0.00, value=92457.0
    [iter 836040] reheat + diversify: ceiling=0.00, value=120426.0
    [iter 841793] reheat + diversify: ceiling=0.00, value=108419.0
    [iter 847546] reheat + diversify: ceiling=0.00, value=116731.0
    [iter 853299] reheat + diversify: ceiling=0.00, value=124381.0
    [iter 859052] reheat + diversify: ceiling=0.00, value=130959.0
    [iter 864805] reheat + diversify: ceiling=0.00, value=105320.0
    [iter 870558] reheat + diversify: ceiling=0.00, value=125872.0
    [iter 876311] reheat + diversify: ceiling=0.00, value=104895.0
    [iter 882064] reheat + diversify: ceiling=0.00, value=98299.0
    [iter 887817] reheat + diversify: ceiling=0.00, value=132897.0
    [iter 893570] reheat + diversify: ceiling=0.00, value=138968.0
    [iter 899323] reheat + diversify: ceiling=0.00, value=115022.0
    [iter 905076] reheat + diversify: ceiling=0.00, value=116500.0
    [iter 910829] reheat + diversify: ceiling=0.00, value=118319.0
    [iter 916582] reheat + diversify: ceiling=0.00, value=129279.0
    [iter 922335] reheat + diversify: ceiling=0.00, value=126171.0
    [iter 928088] reheat + diversify: ceiling=0.00, value=138009.0
    [iter 933841] reheat + diversify: ceiling=0.00, value=119509.0
    [iter 939594] reheat + diversify: ceiling=0.00, value=135374.0
    [iter 945347] reheat + diversify: ceiling=0.00, value=132475.0
    [iter 951100] reheat + diversify: ceiling=0.00, value=118449.0
    [iter 956853] reheat + diversify: ceiling=0.00, value=104992.0
    [iter 962606] reheat + diversify: ceiling=0.00, value=141050.0
    [iter 968359] reheat + diversify: ceiling=0.00, value=122245.0
    [iter 974112] reheat + diversify: ceiling=0.00, value=115022.0
    [iter 979865] reheat + diversify: ceiling=0.00, value=141847.0
    [iter 985618] reheat + diversify: ceiling=0.00, value=126299.0
    [iter 991371] reheat + diversify: ceiling=0.00, value=124585.0
    [iter 997124] reheat + diversify: ceiling=0.00, value=123736.0
    [iter 1002877] reheat + diversify: ceiling=0.00, value=102555.0
    [iter 1008630] reheat + diversify: ceiling=0.00, value=99977.0
    [iter 1014383] reheat + diversify: ceiling=0.00, value=104992.0
    [iter 1020136] reheat + diversify: ceiling=0.00, value=120886.0
    [iter 1025889] reheat + diversify: ceiling=0.00, value=110137.0
    [iter 1031642] reheat + diversify: ceiling=0.00, value=104289.0
    [iter 1037395] reheat + diversify: ceiling=0.00, value=107530.0
    [iter 1043148] reheat + diversify: ceiling=0.00, value=142236.0
    [iter 1048901] reheat + diversify: ceiling=0.00, value=116902.0
    [iter 1054654] reheat + diversify: ceiling=0.00, value=129039.0
    [iter 1060407] reheat + diversify: ceiling=0.00, value=121587.0
    [iter 1066160] reheat + diversify: ceiling=0.00, value=114692.0
    [iter 1071913] reheat + diversify: ceiling=0.00, value=139040.0
    [iter 1077666] reheat + diversify: ceiling=0.00, value=101167.0
    [iter 1083419] reheat + diversify: ceiling=0.00, value=134083.0
    [iter 1089172] reheat + diversify: ceiling=0.00, value=133120.0
    [iter 1094925] reheat + diversify: ceiling=0.00, value=135743.0
    [iter 1100678] reheat + diversify: ceiling=0.00, value=121311.0
    [iter 1106431] reheat + diversify: ceiling=0.00, value=111741.0
    [iter 1112184] reheat + diversify: ceiling=0.00, value=121282.0
    [iter 1117937] reheat + diversify: ceiling=0.00, value=115871.0
    [iter 1123690] reheat + diversify: ceiling=0.00, value=109174.0
    [iter 1129443] reheat + diversify: ceiling=0.00, value=106079.0
    [iter 1135196] reheat + diversify: ceiling=0.00, value=128637.0
    [iter 1140949] reheat + diversify: ceiling=0.00, value=99177.0
    [iter 1146702] reheat + diversify: ceiling=0.00, value=108188.0
    [iter 1152455] reheat + diversify: ceiling=0.00, value=106510.0
    [iter 1158208] reheat + diversify: ceiling=0.00, value=101495.0
    [iter 1163961] reheat + diversify: ceiling=0.00, value=141403.0
    [iter 1169714] reheat + diversify: ceiling=0.00, value=125344.0
    [iter 1175467] reheat + diversify: ceiling=0.00, value=136949.0
    [iter 1181220] reheat + diversify: ceiling=0.00, value=114263.0
    [iter 1186973] reheat + diversify: ceiling=0.00, value=99977.0
    [iter 1192726] reheat + diversify: ceiling=0.00, value=110108.0
    [iter 1198479] reheat + diversify: ceiling=0.00, value=117061.0
    [iter 1204232] reheat + diversify: ceiling=0.00, value=111067.0
    [iter 1209985] reheat + diversify: ceiling=0.00, value=105093.0
    [iter 1215738] reheat + diversify: ceiling=0.00, value=108846.0
    [iter 1221491] reheat + diversify: ceiling=0.00, value=130845.0
    [iter 1227244] reheat + diversify: ceiling=0.00, value=124913.0
    [iter 1232997] reheat + diversify: ceiling=0.00, value=120657.0
    [iter 1238750] reheat + diversify: ceiling=0.00, value=121412.0
    [iter 1244503] reheat + diversify: ceiling=0.00, value=115842.0
    [iter 1250256] reheat + diversify: ceiling=0.00, value=111916.0
    [iter 1256009] reheat + diversify: ceiling=0.00, value=117129.0
    [iter 1261762] reheat + diversify: ceiling=0.00, value=156911.0
    [iter 1267515] reheat + diversify: ceiling=0.00, value=107790.0
    [iter 1273268] reheat + diversify: ceiling=0.00, value=115541.0
    [iter 1279021] reheat + diversify: ceiling=0.00, value=112345.0
    [iter 1284774] reheat + diversify: ceiling=0.00, value=104062.0
    [iter 1290527] reheat + diversify: ceiling=0.00, value=122575.0
    [iter 1296280] reheat + diversify: ceiling=0.00, value=131934.0
    [iter 1302033] reheat + diversify: ceiling=0.00, value=115882.0
    [iter 1307786] reheat + diversify: ceiling=0.00, value=103501.0
    [iter 1313539] reheat + diversify: ceiling=0.00, value=120426.0
    [iter 1319292] reheat + diversify: ceiling=0.00, value=106079.0
    [iter 1325045] reheat + diversify: ceiling=0.00, value=103831.0
    [iter 1330798] reheat + diversify: ceiling=0.00, value=132693.0
    [iter 1336551] reheat + diversify: ceiling=0.00, value=104363.0
    [iter 1342304] reheat + diversify: ceiling=0.00, value=113933.0
    [iter 1348057] reheat + diversify: ceiling=0.00, value=119379.0
    [iter 1353810] reheat + diversify: ceiling=0.00, value=103173.0
    [iter 1359563] reheat + diversify: ceiling=0.00, value=117531.0
    [iter 1365316] reheat + diversify: ceiling=0.00, value=129697.0
    [iter 1371069] reheat + diversify: ceiling=0.00, value=175136.0
    [iter 1376822] reheat + diversify: ceiling=0.00, value=153627.0
    [iter 1382575] reheat + diversify: ceiling=0.00, value=102584.0
    [iter 1388328] reheat + diversify: ceiling=0.00, value=116069.0
    [iter 1394081] reheat + diversify: ceiling=0.00, value=119768.0
    [iter 1399834] reheat + diversify: ceiling=0.00, value=100237.0
    [iter 1405587] reheat + diversify: ceiling=0.00, value=103116.0
    [iter 1411340] reheat + diversify: ceiling=0.00, value=106629.0
    [iter 1417093] reheat + diversify: ceiling=0.00, value=107258.0
    [iter 1422846] reheat + diversify: ceiling=0.00, value=109077.0
    [iter 1428599] reheat + diversify: ceiling=0.00, value=102023.0
    [iter 1434352] reheat + diversify: ceiling=0.00, value=115541.0
    [iter 1440105] reheat + diversify: ceiling=0.00, value=96911.0
    [iter 1445858] reheat + diversify: ceiling=0.00, value=107988.0
    [iter 1451611] reheat + diversify: ceiling=0.00, value=132994.0
    [iter 1457364] reheat + diversify: ceiling=0.00, value=136291.0
    [iter 1463117] reheat + diversify: ceiling=0.00, value=118216.0
    [iter 1468870] reheat + diversify: ceiling=0.00, value=141477.0
    [iter 1474623] reheat + diversify: ceiling=0.00, value=114692.0
    [iter 1480376] reheat + diversify: ceiling=0.00, value=128637.0
    [iter 1486129] reheat + diversify: ceiling=0.00, value=106928.0
    [iter 1491882] reheat + diversify: ceiling=0.00, value=113100.0
    [iter 1497635] reheat + diversify: ceiling=0.00, value=99449.0
    [iter 1503388] reheat + diversify: ceiling=0.00, value=126200.0
    [iter 1509141] reheat + diversify: ceiling=0.00, value=102454.0
    [iter 1514894] reheat + diversify: ceiling=0.00, value=97540.0
    [iter 1520647] reheat + diversify: ceiling=0.00, value=111813.0
    [iter 1526400] reheat + diversify: ceiling=0.00, value=133526.0
    [iter 1532153] reheat + diversify: ceiling=0.00, value=112999.0
    [iter 1537906] reheat + diversify: ceiling=0.00, value=125441.0
    [iter 1543659] reheat + diversify: ceiling=0.00, value=120556.0
    [iter 1549412] reheat + diversify: ceiling=0.00, value=108215.0
    [iter 1555165] reheat + diversify: ceiling=0.00, value=113174.0
    [iter 1560918] reheat + diversify: ceiling=0.00, value=104781.0
    [iter 1566671] reheat + diversify: ceiling=0.00, value=122997.0
    [iter 1572424] reheat + diversify: ceiling=0.00, value=135658.0
    [iter 1578177] reheat + diversify: ceiling=0.00, value=100866.0
    [iter 1583930] reheat + diversify: ceiling=0.00, value=97037.0
    [iter 1589683] reheat + diversify: ceiling=0.00, value=112834.0
    [iter 1595436] reheat + diversify: ceiling=0.00, value=100826.0
    [iter 1601189] reheat + diversify: ceiling=0.00, value=119366.0
    [iter 1606942] reheat + diversify: ceiling=0.00, value=116601.0
    [iter 1612695] reheat + diversify: ceiling=0.00, value=103745.0
    [iter 1618448] reheat + diversify: ceiling=0.00, value=117259.0
    [iter 1624201] reheat + diversify: ceiling=0.00, value=100334.0
    [iter 1629954] reheat + diversify: ceiling=0.00, value=135658.0
    [iter 1635707] reheat + diversify: ceiling=0.00, value=117259.0
    [iter 1641460] reheat + diversify: ceiling=0.00, value=139584.0
    [iter 1647213] reheat + diversify: ceiling=0.00, value=110007.0
    [iter 1652966] reheat + diversify: ceiling=0.00, value=115440.0
    [iter 1658719] reheat + diversify: ceiling=0.00, value=97569.0
    [iter 1664472] reheat + diversify: ceiling=0.00, value=119979.0
    [iter 1670225] reheat + diversify: ceiling=0.00, value=126070.0
    [iter 1675978] reheat + diversify: ceiling=0.00, value=107128.0
    [iter 1681731] reheat + diversify: ceiling=0.00, value=113764.0
    [iter 1687484] reheat + diversify: ceiling=0.00, value=130025.0
    [iter 1693237] reheat + diversify: ceiling=0.00, value=130928.0
    [iter 1698990] reheat + diversify: ceiling=0.00, value=127321.0
    [iter 1704743] reheat + diversify: ceiling=0.00, value=122692.0
    [iter 1710496] reheat + diversify: ceiling=0.00, value=110766.0
    [iter 1716249] reheat + diversify: ceiling=0.00, value=116082.0
    [iter 1722002] reheat + diversify: ceiling=0.00, value=118319.0
    [iter 1727755] reheat + diversify: ceiling=0.00, value=110007.0
    [iter 1733508] reheat + diversify: ceiling=0.00, value=147792.0
    [iter 1739261] reheat + diversify: ceiling=0.00, value=161939.0
    [iter 1745014] reheat + diversify: ceiling=0.00, value=175136.0
    [iter 1750767] reheat + diversify: ceiling=0.00, value=106941.0
    [iter 1756520] reheat + diversify: ceiling=0.00, value=135772.0
    [iter 1762273] reheat + diversify: ceiling=0.00, value=105978.0
    [iter 1768026] reheat + diversify: ceiling=0.00, value=130427.0
    [iter 1773779] reheat + diversify: ceiling=0.00, value=125571.0
    [iter 1779532] reheat + diversify: ceiling=0.00, value=88599.0
    [iter 1785285] reheat + diversify: ceiling=0.00, value=117690.0
    [iter 1791038] reheat + diversify: ceiling=0.00, value=134054.0
    [iter 1796791] reheat + diversify: ceiling=0.00, value=96911.0
    [iter 1802544] reheat + diversify: ceiling=0.00, value=91795.0
    [iter 1808297] reheat + diversify: ceiling=0.00, value=118721.0
    [iter 1814050] reheat + diversify: ceiling=0.00, value=111826.0
    [iter 1819803] reheat + diversify: ceiling=0.00, value=108619.0
    [iter 1825556] reheat + diversify: ceiling=0.00, value=132576.0
    [iter 1831309] reheat + diversify: ceiling=0.00, value=125998.0
    [iter 1837062] reheat + diversify: ceiling=0.00, value=114290.0
    [iter 1842815] reheat + diversify: ceiling=0.00, value=109178.0
    [iter 1848568] reheat + diversify: ceiling=0.00, value=153942.0
    [iter 1854321] reheat + diversify: ceiling=0.00, value=124913.0
    [iter 1860074] reheat + diversify: ceiling=0.00, value=92752.0
    [iter 1865827] reheat + diversify: ceiling=0.00, value=126631.0
    [iter 1871580] reheat + diversify: ceiling=0.00, value=125412.0
    [iter 1877333] reheat + diversify: ceiling=0.00, value=104163.0
    [iter 1883086] reheat + diversify: ceiling=0.00, value=106710.0
    [iter 1888839] reheat + diversify: ceiling=0.00, value=119366.0
    [iter 1894592] reheat + diversify: ceiling=0.00, value=112244.0
    [iter 1900345] reheat + diversify: ceiling=0.00, value=109978.0
    [iter 1906098] reheat + diversify: ceiling=0.00, value=107631.0
    [iter 1911851] reheat + diversify: ceiling=0.00, value=103932.0
    [iter 1917604] reheat + diversify: ceiling=0.00, value=112772.0
    [iter 1923357] reheat + diversify: ceiling=0.00, value=116929.0
    [iter 1929110] reheat + diversify: ceiling=0.00, value=115139.0
    [iter 1934863] reheat + diversify: ceiling=0.00, value=113434.0
    [iter 1940616] reheat + diversify: ceiling=0.00, value=125311.0
    [iter 1946369] reheat + diversify: ceiling=0.00, value=120325.0
    [iter 1952122] reheat + diversify: ceiling=0.00, value=111696.0
    [iter 1957875] reheat + diversify: ceiling=0.00, value=125973.0
    [iter 1963628] reheat + diversify: ceiling=0.00, value=108091.0
    [iter 1969381] reheat + diversify: ceiling=0.00, value=122777.0
    [iter 1975134] reheat + diversify: ceiling=0.00, value=103835.0
    [iter 1980887] reheat + diversify: ceiling=0.00, value=125982.0
    [iter 1986640] reheat + diversify: ceiling=0.00, value=121214.0
    [iter 1992393] reheat + diversify: ceiling=0.00, value=127577.0
    [iter 1998146] reheat + diversify: ceiling=0.00, value=120426.0
    [iter 2003899] reheat + diversify: ceiling=0.00, value=113962.0
    [iter 2009652] reheat + diversify: ceiling=0.00, value=128008.0
    [iter 2015405] reheat + diversify: ceiling=0.00, value=117158.0
    [iter 2021158] reheat + diversify: ceiling=0.00, value=133023.0
    [iter 2026911] reheat + diversify: ceiling=0.00, value=136388.0
    [iter 2032664] reheat + diversify: ceiling=0.00, value=104464.0
    [iter 2038417] reheat + diversify: ceiling=0.00, value=140230.0
    [iter 2044170] reheat + diversify: ceiling=0.00, value=116542.0
    [iter 2049923] reheat + diversify: ceiling=0.00, value=114892.0
    [iter 2055676] reheat + diversify: ceiling=0.00, value=114795.0
    [iter 2061429] reheat + diversify: ceiling=0.00, value=112873.0
    [iter 2067182] reheat + diversify: ceiling=0.00, value=107887.0
    [iter 2072935] reheat + diversify: ceiling=0.00, value=120983.0
    [iter 2078688] reheat + diversify: ceiling=0.00, value=130025.0
    [iter 2084441] reheat + diversify: ceiling=0.00, value=121616.0
    [iter 2090194] reheat + diversify: ceiling=0.00, value=122173.0
    [iter 2095947] reheat + diversify: ceiling=0.00, value=107599.0
    [iter 2101700] reheat + diversify: ceiling=0.00, value=132576.0
    [iter 2107453] reheat + diversify: ceiling=0.00, value=122676.0
    [iter 2113206] reheat + diversify: ceiling=0.00, value=108289.0
    [iter 2118959] reheat + diversify: ceiling=0.00, value=114591.0
    [iter 2124712] reheat + diversify: ceiling=0.00, value=117360.0
    [iter 2130465] reheat + diversify: ceiling=0.00, value=111943.0
    [iter 2136218] reheat + diversify: ceiling=0.00, value=125441.0
    [iter 2141971] reheat + diversify: ceiling=0.00, value=107887.0
    [iter 2147724] reheat + diversify: ceiling=0.00, value=127590.0
    [iter 2153477] reheat + diversify: ceiling=0.00, value=105122.0
    [iter 2159230] reheat + diversify: ceiling=0.00, value=119797.0
    [iter 2164983] reheat + diversify: ceiling=0.00, value=94991.0
    [iter 2170736] reheat + diversify: ceiling=0.00, value=108947.0
    [iter 2176489] reheat + diversify: ceiling=0.00, value=106840.0
    [iter 2182242] reheat + diversify: ceiling=0.00, value=120024.0
    [iter 2187995] reheat + diversify: ceiling=0.00, value=124280.0
    [iter 2193748] reheat + diversify: ceiling=0.00, value=128637.0
    [iter 2199501] reheat + diversify: ceiling=0.00, value=112545.0
    [iter 2205254] reheat + diversify: ceiling=0.00, value=111197.0
    [iter 2211007] reheat + diversify: ceiling=0.00, value=117430.0
    [iter 2216760] reheat + diversify: ceiling=0.00, value=120098.0
    [iter 2222513] reheat + diversify: ceiling=0.00, value=103903.0
    [iter 2228266] reheat + diversify: ceiling=0.00, value=108720.0
    [iter 2234019] reheat + diversify: ceiling=0.00, value=135215.0
    [iter 2239772] reheat + diversify: ceiling=0.00, value=115123.0
    [iter 2245525] reheat + diversify: ceiling=0.00, value=120727.0
    [iter 2251278] reheat + diversify: ceiling=0.00, value=113933.0
    [iter 2257031] reheat + diversify: ceiling=0.00, value=124255.0
    [iter 2262784] reheat + diversify: ceiling=0.00, value=127577.0
    [iter 2268537] reheat + diversify: ceiling=0.00, value=117888.0
    [iter 2274290] reheat + diversify: ceiling=0.00, value=137050.0
    [iter 2280043] reheat + diversify: ceiling=0.00, value=124812.0
    [iter 2285796] reheat + diversify: ceiling=0.00, value=114160.0
    [iter 2291549] reheat + diversify: ceiling=0.00, value=128666.0
    [iter 2297302] reheat + diversify: ceiling=0.00, value=126831.0
    [iter 2303055] reheat + diversify: ceiling=0.00, value=135714.0
    [iter 2308808] reheat + diversify: ceiling=0.00, value=104691.0
    [iter 2314561] reheat + diversify: ceiling=0.00, value=101495.0
    [iter 2320314] reheat + diversify: ceiling=0.00, value=97740.0
    [iter 2326067] reheat + diversify: ceiling=0.00, value=134054.0
    [iter 2331820] reheat + diversify: ceiling=0.00, value=108188.0
    [iter 2337573] reheat + diversify: ceiling=0.00, value=95624.0
    [iter 2343326] reheat + diversify: ceiling=0.00, value=122245.0
    [iter 2349079] reheat + diversify: ceiling=0.00, value=129996.0
    [iter 2354832] reheat + diversify: ceiling=0.00, value=110438.0
    [iter 2360585] reheat + diversify: ceiling=0.00, value=111826.0
    [iter 2366338] reheat + diversify: ceiling=0.00, value=127577.0
    [iter 2372091] reheat + diversify: ceiling=0.00, value=107433.0
    [iter 2377844] reheat + diversify: ceiling=0.00, value=105349.0
    [iter 2383597] reheat + diversify: ceiling=0.00, value=110537.0
    [iter 2389350] reheat + diversify: ceiling=0.00, value=127260.0
    [iter 2395103] reheat + diversify: ceiling=0.00, value=113735.0
    [iter 2400856] reheat + diversify: ceiling=0.00, value=110568.0
    [iter 2406609] reheat + diversify: ceiling=0.00, value=110036.0
    [iter 2412362] reheat + diversify: ceiling=0.00, value=109378.0
    [iter 2418115] reheat + diversify: ceiling=0.00, value=106312.0
    [iter 2423868] reheat + diversify: ceiling=0.00, value=115943.0
    [iter 2429621] reheat + diversify: ceiling=0.00, value=100107.0
    [iter 2435374] reheat + diversify: ceiling=0.00, value=113304.0
    [iter 2441127] reheat + diversify: ceiling=0.00, value=100866.0
    [iter 2446880] reheat + diversify: ceiling=0.00, value=122575.0
    [iter 2452633] reheat + diversify: ceiling=0.00, value=102324.0
    [iter 2458386] reheat + diversify: ceiling=0.00, value=141834.0
    [iter 2464139] reheat + diversify: ceiling=0.00, value=124682.0
    [iter 2469892] reheat + diversify: ceiling=0.00, value=112114.0
    [iter 2475645] reheat + diversify: ceiling=0.00, value=124053.0
    [iter 2481398] reheat + diversify: ceiling=0.00, value=140213.0
    [iter 2487151] reheat + diversify: ceiling=0.00, value=99977.0
    [iter 2492904] reheat + diversify: ceiling=0.00, value=91166.0
    [iter 2498657] reheat + diversify: ceiling=0.00, value=135244.0
    [iter 2504410] reheat + diversify: ceiling=0.00, value=109048.0
    [iter 2510163] reheat + diversify: ceiling=0.00, value=126501.0
    [iter 2515916] reheat + diversify: ceiling=0.00, value=129470.0
    [iter 2521669] reheat + diversify: ceiling=0.00, value=130025.0
    [iter 2527422] reheat + diversify: ceiling=0.00, value=129895.0
    [iter 2533175] reheat + diversify: ceiling=0.00, value=137782.0
    [iter 2538928] reheat + diversify: ceiling=0.00, value=117888.0
    [iter 2544681] reheat + diversify: ceiling=0.00, value=112273.0
    [iter 2550434] reheat + diversify: ceiling=0.00, value=117661.0
    [iter 2556187] reheat + diversify: ceiling=0.00, value=113535.0
    [iter 2561940] reheat + diversify: ceiling=0.00, value=122676.0
    [iter 2567693] reheat + diversify: ceiling=0.00, value=133120.0
    [iter 2573446] reheat + diversify: ceiling=0.00, value=114822.0
    [iter 2579199] reheat + diversify: ceiling=0.00, value=122663.0
    [iter 2584952] reheat + diversify: ceiling=0.00, value=125872.0
    [iter 2590705] reheat + diversify: ceiling=0.00, value=108850.0
    [iter 2596458] reheat + diversify: ceiling=0.00, value=102872.0
    [iter 2602211] reheat + diversify: ceiling=0.00, value=127231.0
    [iter 2607964] reheat + diversify: ceiling=0.00, value=115768.0
    [iter 2613717] reheat + diversify: ceiling=0.00, value=121917.0
    [iter 2619470] reheat + diversify: ceiling=0.00, value=127460.0
    [iter 2625223] reheat + diversify: ceiling=0.00, value=133636.0
    [iter 2630976] reheat + diversify: ceiling=0.00, value=118189.0
    [iter 2636729] reheat + diversify: ceiling=0.00, value=126070.0
    [iter 2642482] reheat + diversify: ceiling=0.00, value=133322.0
    [iter 2648235] reheat + diversify: ceiling=0.00, value=140745.0
    [iter 2653988] reheat + diversify: ceiling=0.00, value=109174.0
    [iter 2659741] reheat + diversify: ceiling=0.00, value=125243.0
    [iter 2665494] reheat + diversify: ceiling=0.00, value=107570.0
    [iter 2671247] reheat + diversify: ceiling=0.00, value=115752.0
    [iter 2677000] reheat + diversify: ceiling=0.00, value=114494.0
    [iter 2682753] reheat + diversify: ceiling=0.00, value=128621.0
    [iter 2688506] reheat + diversify: ceiling=0.00, value=110238.0
    [iter 2694259] reheat + diversify: ceiling=0.00, value=120329.0
    [iter 2700012] reheat + diversify: ceiling=0.00, value=131017.0
    [iter 2705765] reheat + diversify: ceiling=0.00, value=102714.0
    [iter 2711518] reheat + diversify: ceiling=0.00, value=124783.0
    [iter 2717271] reheat + diversify: ceiling=0.00, value=121515.0
    [iter 2723024] reheat + diversify: ceiling=0.00, value=137578.0
    [iter 2728777] reheat + diversify: ceiling=0.00, value=116069.0
    [iter 2734530] reheat + diversify: ceiling=0.00, value=122676.0
    [iter 2740283] reheat + diversify: ceiling=0.00, value=119168.0
    [iter 2746036] reheat + diversify: ceiling=0.00, value=129798.0
    [iter 2751789] reheat + diversify: ceiling=0.00, value=105353.0
    [iter 2757542] reheat + diversify: ceiling=0.00, value=126501.0
    [iter 2763295] reheat + diversify: ceiling=0.00, value=120426.0
    [iter 2769048] reheat + diversify: ceiling=0.00, value=140028.0
    [iter 2774801] reheat + diversify: ceiling=0.00, value=111826.0
    [iter 2780554] reheat + diversify: ceiling=0.00, value=122575.0
    [iter 2786307] reheat + diversify: ceiling=0.00, value=117259.0
    [iter 2792060] reheat + diversify: ceiling=0.00, value=96379.0
    [iter 2797813] reheat + diversify: ceiling=0.00, value=126200.0
    [iter 2803566] reheat + diversify: ceiling=0.00, value=121486.0
    [iter 2809319] reheat + diversify: ceiling=0.00, value=107132.0
    [iter 2815072] reheat + diversify: ceiling=0.00, value=113304.0
    [iter 2820825] reheat + diversify: ceiling=0.00, value=121616.0
    [iter 2826578] reheat + diversify: ceiling=0.00, value=123752.0
    [iter 2832331] reheat + diversify: ceiling=0.00, value=136417.0
    [iter 2838084] reheat + diversify: ceiling=0.00, value=110036.0
    [iter 2843837] reheat + diversify: ceiling=0.00, value=129798.0
    [iter 2849590] reheat + diversify: ceiling=0.00, value=103961.0
    [iter 2855343] reheat + diversify: ceiling=0.00, value=98288.0
    [iter 2861096] reheat + diversify: ceiling=0.00, value=95218.0
    [iter 2866849] reheat + diversify: ceiling=0.00, value=112902.0
    [iter 2872602] reheat + diversify: ceiling=0.00, value=109479.0
    [iter 2878355] reheat + diversify: ceiling=0.00, value=97410.0
    [iter 2884108] reheat + diversify: ceiling=0.00, value=142764.0
    [iter 2889861] reheat + diversify: ceiling=0.00, value=114591.0
    [iter 2895614] reheat + diversify: ceiling=0.00, value=99348.0
    [iter 2901367] reheat + diversify: ceiling=0.00, value=117430.0
    [iter 2907120] reheat + diversify: ceiling=0.00, value=113174.0
    [iter 2912873] reheat + diversify: ceiling=0.00, value=124711.0
    [iter 2918626] reheat + diversify: ceiling=0.00, value=108419.0
    [iter 2924379] reheat + diversify: ceiling=0.00, value=93284.0
    [iter 2930132] reheat + diversify: ceiling=0.00, value=117360.0
    [iter 2935885] reheat + diversify: ceiling=0.00, value=124608.0
    [iter 2941638] reheat + diversify: ceiling=0.00, value=129594.0
    [iter 2947391] reheat + diversify: ceiling=0.00, value=126530.0
    [iter 2953144] reheat + diversify: ceiling=0.00, value=109605.0
    [iter 2958897] reheat + diversify: ceiling=0.00, value=126656.0
    [iter 2964650] reheat + diversify: ceiling=0.00, value=117560.0
    [iter 2970403] reheat + diversify: ceiling=0.00, value=121587.0
    [iter 2976156] reheat + diversify: ceiling=0.00, value=128738.0
    [iter 2981909] reheat + diversify: ceiling=0.00, value=116102.0
    [iter 2987662] reheat + diversify: ceiling=0.00, value=139170.0
    [iter 2993415] reheat + diversify: ceiling=0.00, value=112273.0
    [iter 2999168] reheat + diversify: ceiling=0.00, value=123849.0
    [iter 3004921] reheat + diversify: ceiling=0.00, value=113100.0
    [iter 3010674] reheat + diversify: ceiling=0.00, value=117587.0
    [iter 3016427] reheat + diversify: ceiling=0.00, value=111411.0
    [iter 3022180] reheat + diversify: ceiling=0.00, value=126472.0
    [iter 3027933] reheat + diversify: ceiling=0.00, value=113632.0
    [iter 3033686] reheat + diversify: ceiling=0.00, value=124053.0
    [iter 3039439] reheat + diversify: ceiling=0.00, value=122575.0
    [iter 3045192] reheat + diversify: ceiling=0.00, value=129697.0
    [iter 3050945] reheat + diversify: ceiling=0.00, value=101524.0
    [iter 3056698] reheat + diversify: ceiling=0.00, value=102584.0
    [iter 3062451] reheat + diversify: ceiling=0.00, value=117457.0
    [iter 3068204] reheat + diversify: ceiling=0.00, value=121946.0
    [iter 3073957] reheat + diversify: ceiling=0.00, value=133124.0
    [iter 3079710] reheat + diversify: ceiling=0.00, value=129270.0
    [iter 3085463] reheat + diversify: ceiling=0.00, value=115541.0
    [iter 3091216] reheat + diversify: ceiling=0.00, value=83714.0
    [iter 3096969] reheat + diversify: ceiling=0.00, value=134609.0
    [iter 3102722] reheat + diversify: ceiling=0.00, value=140774.0
    [iter 3108475] reheat + diversify: ceiling=0.00, value=118647.0
    [iter 3114228] reheat + diversify: ceiling=0.00, value=122144.0
    [iter 3119981] reheat + diversify: ceiling=0.00, value=142564.0
    [iter 3125734] reheat + diversify: ceiling=0.00, value=99977.0
    [iter 3131487] reheat + diversify: ceiling=0.00, value=121385.0
    [iter 3137240] reheat + diversify: ceiling=0.00, value=117661.0
    [iter 3142993] reheat + diversify: ceiling=0.00, value=101825.0
    [iter 3148746] reheat + diversify: ceiling=0.00, value=133425.0
    [iter 3154499] reheat + diversify: ceiling=0.00, value=120426.0
    [iter 3160252] reheat + diversify: ceiling=0.00, value=127691.0
    [iter 3166005] reheat + diversify: ceiling=0.00, value=109706.0
    [iter 3171758] reheat + diversify: ceiling=0.00, value=103644.0
    [iter 3177511] reheat + diversify: ceiling=0.00, value=136388.0
    [iter 3183264] reheat + diversify: ceiling=0.00, value=127878.0
    [iter 3189017] reheat + diversify: ceiling=0.00, value=126517.0
    [iter 3194770] reheat + diversify: ceiling=0.00, value=122993.0
    [iter 3200523] reheat + diversify: ceiling=0.00, value=106211.0
    [iter 3206276] reheat + diversify: ceiling=0.00, value=107786.0
    [iter 3212029] reheat + diversify: ceiling=0.00, value=108159.0
    [iter 3217782] reheat + diversify: ceiling=0.00, value=103173.0
    [iter 3223535] reheat + diversify: ceiling=0.00, value=126171.0
    [iter 3229288] reheat + diversify: ceiling=0.00, value=126501.0
    [iter 3235041] reheat + diversify: ceiling=0.00, value=117360.0
    [iter 3240794] reheat + diversify: ceiling=0.00, value=138009.0
    [iter 3246547] reheat + diversify: ceiling=0.00, value=84372.0
    [iter 3252300] reheat + diversify: ceiling=0.00, value=96379.0
    [iter 3258053] reheat + diversify: ceiling=0.00, value=139471.0
    [iter 3263806] reheat + diversify: ceiling=0.00, value=118088.0
    [iter 3269559] reheat + diversify: ceiling=0.00, value=114263.0
    [iter 3275312] reheat + diversify: ceiling=0.00, value=123752.0
    [iter 3281065] reheat + diversify: ceiling=0.00, value=132475.0
    [iter 3286818] reheat + diversify: ceiling=0.00, value=108850.0
    [iter 3292571] reheat + diversify: ceiling=0.00, value=138939.0
    [iter 3298324] reheat + diversify: ceiling=0.00, value=129470.0
    [iter 3304077] reheat + diversify: ceiling=0.00, value=125470.0
    [iter 3309830] reheat + diversify: ceiling=0.00, value=119927.0
    [iter 3315583] reheat + diversify: ceiling=0.00, value=128109.0
    [iter 3321336] reheat + diversify: ceiling=0.00, value=100334.0
    [iter 3327089] reheat + diversify: ceiling=0.00, value=110335.0
    [iter 3332842] reheat + diversify: ceiling=0.00, value=95092.0
    [iter 3338595] reheat + diversify: ceiling=0.00, value=126171.0
    [iter 3344348] reheat + diversify: ceiling=0.00, value=117531.0
    [iter 3350101] reheat + diversify: ceiling=0.00, value=125441.0
    [iter 3355854] reheat + diversify: ceiling=0.00, value=130988.0
    [iter 3361607] reheat + diversify: ceiling=0.00, value=124280.0
    [iter 3367360] reheat + diversify: ceiling=0.00, value=120439.0
    [iter 3373113] reheat + diversify: ceiling=0.00, value=113904.0
    [iter 3378866] reheat + diversify: ceiling=0.00, value=137578.0
    [iter 3384619] reheat + diversify: ceiling=0.00, value=117259.0
    [iter 3390372] reheat + diversify: ceiling=0.00, value=133652.0
    [iter 3396125] reheat + diversify: ceiling=0.00, value=126530.0
    [iter 3401878] reheat + diversify: ceiling=0.00, value=119049.0
    [iter 3407631] reheat + diversify: ceiling=0.00, value=94402.0
    [iter 3413384] reheat + diversify: ceiling=0.00, value=109735.0
    [iter 3419137] reheat + diversify: ceiling=0.00, value=125571.0
    [iter 3424890] reheat + diversify: ceiling=0.00, value=126200.0
    [iter 3430643] reheat + diversify: ceiling=0.00, value=121185.0
    [iter 3436396] reheat + diversify: ceiling=0.00, value=125872.0
    [iter 3442149] reheat + diversify: ceiling=0.00, value=108188.0
    [iter 3447902] reheat + diversify: ceiling=0.00, value=137360.0
    [iter 3453655] reheat + diversify: ceiling=0.00, value=130887.0
    [iter 3459408] reheat + diversify: ceiling=0.00, value=122802.0
    [iter 3465161] reheat + diversify: ceiling=0.00, value=116403.0
    [iter 3470914] reheat + diversify: ceiling=0.00, value=110957.0
    [iter 3476667] reheat + diversify: ceiling=0.00, value=118319.0
    [iter 3482420] reheat + diversify: ceiling=0.00, value=132336.0
    [iter 3488173] reheat + diversify: ceiling=0.00, value=134382.0
    [iter 3493926] reheat + diversify: ceiling=0.00, value=124251.0
    [iter 3499679] reheat + diversify: ceiling=0.00, value=118319.0
    [iter 3505432] reheat + diversify: ceiling=0.00, value=116170.0
    [iter 3511185] reheat + diversify: ceiling=0.00, value=100406.0
    [iter 3516938] reheat + diversify: ceiling=0.00, value=112244.0
    [iter 3522691] reheat + diversify: ceiling=0.00, value=142366.0
    [iter 3528444] reheat + diversify: ceiling=0.00, value=100866.0
    [iter 3534197] reheat + diversify: ceiling=0.00, value=116929.0
    [iter 3539950] reheat + diversify: ceiling=0.00, value=126631.0
    [iter 3545703] reheat + diversify: ceiling=0.00, value=126501.0
    [iter 3551456] reheat + diversify: ceiling=0.00, value=112341.0
    [iter 3557209] reheat + diversify: ceiling=0.00, value=126070.0
    [iter 3562962] reheat + diversify: ceiling=0.00, value=129380.0
    [iter 3568715] reheat + diversify: ceiling=0.00, value=90735.0
    [iter 3574468] reheat + diversify: ceiling=0.00, value=129798.0
    [iter 3580221] reheat + diversify: ceiling=0.00, value=129396.0
    [iter 3585974] reheat + diversify: ceiling=0.00, value=112345.0
    [iter 3591727] reheat + diversify: ceiling=0.00, value=113933.0
    [iter 3597480] reheat + diversify: ceiling=0.00, value=118319.0
    [iter 3603233] reheat + diversify: ceiling=0.00, value=116597.0
    [iter 3608986] reheat + diversify: ceiling=0.00, value=121814.0
    [iter 3614739] reheat + diversify: ceiling=0.00, value=129798.0
    [iter 3620492] reheat + diversify: ceiling=0.00, value=121486.0
    [iter 3626245] reheat + diversify: ceiling=0.00, value=121616.0
    [iter 3631998] reheat + diversify: ceiling=0.00, value=137477.0
    [iter 3637751] reheat + diversify: ceiling=0.00, value=145562.0
    [iter 3643504] reheat + diversify: ceiling=0.00, value=132994.0
    [iter 3649257] reheat + diversify: ceiling=0.00, value=114523.0
    [iter 3655010] reheat + diversify: ceiling=0.00, value=95092.0
    [iter 3660763] reheat + diversify: ceiling=0.00, value=106182.0
    [iter 3666516] reheat + diversify: ceiling=0.00, value=92096.0
    [iter 3672269] reheat + diversify: ceiling=0.00, value=146090.0
    [iter 3678022] reheat + diversify: ceiling=0.00, value=127590.0
    [iter 3683775] reheat + diversify: ceiling=0.00, value=117991.0
    [iter 3689528] reheat + diversify: ceiling=0.00, value=122546.0
    [iter 3695281] reheat + diversify: ceiling=0.00, value=133623.0
    [iter 3701034] reheat + diversify: ceiling=0.00, value=107871.0
    [iter 3706787] reheat + diversify: ceiling=0.00, value=126303.0
    [iter 3712540] reheat + diversify: ceiling=0.00, value=137879.0
    [iter 3718293] reheat + diversify: ceiling=0.00, value=94503.0
    [iter 3724046] reheat + diversify: ceiling=0.00, value=114290.0
    [iter 3729799] reheat + diversify: ceiling=0.00, value=132035.0
    [iter 3735552] reheat + diversify: ceiling=0.00, value=96911.0
    [iter 3741305] reheat + diversify: ceiling=0.00, value=124495.0
    [iter 3747058] reheat + diversify: ceiling=0.00, value=141847.0
    [iter 3752811] reheat + diversify: ceiling=0.00, value=120682.0
    [iter 3758564] reheat + diversify: ceiling=0.00, value=122472.0
    [iter 3764317] reheat + diversify: ceiling=0.00, value=128008.0
    [iter 3770070] reheat + diversify: ceiling=0.00, value=133225.0
    [iter 3775823] reheat + diversify: ceiling=0.00, value=112257.0
    [iter 3781576] reheat + diversify: ceiling=0.00, value=129697.0
  time limit reached at iteration 3783698
  SA finished: 3783698 iterations in 900.0s (4204 it/s), accepted 1944010 (51.4%), rejected 1839687, neutral 1846053 (48.8%), worsening accepted 5.1%, no-move draws 0, reheats 656
  SA: value 184906.0 (greedy 154791.0, +30115.0), bound 216956.0, gap 14.77%, util 84.9%
  report -> /home/mcaspar/3DMHKP/results_3DMHKP_ep3/ep3-40-U-C-50-3DMHKP-SA-a0.999-r0.25-t900s.txt

================================================================================================
SUMMARY
================================================================================================
instance      boxes  packed       greedy     SA value        bound      gap    util    iters    time
------------------------------------------------------------------------------------------------
ep3-40-U-C-50     40      17     154791.0     184906.0     216956.0   14.8%   84.9%  3783698  900.0s
------------------------------------------------------------------------------------------------
proven optimal (value reaches the upper bound): 0/1
improved over greedy: 1/1 (total value 154791.0 -> 184906.0, +19.46%)
mean gap to 0-1 knapsack bound: 14.8%
mean volume utilization: 84.9%
