============================================================
  Solver:     3DMHKP-SA.py
  Instance:   /home/mcaspar/3DMHKP/Egeblad/ep3-20-F-R-50.txt
  Value mode: flat
  Timelimit:  900s
  Reports:    /home/mcaspar/3DMHKP/results_3DMHKP_ep3
  CPUs:       1
============================================================
======================================================================
3DMHKP Simulated Annealing (random single-neighbour, sequence decoder)
SA params: T0=5% of f(S_0), alpha=0.999, T_min=0.001, reheat_threshold=5753, reheat_fraction=0.25
Move weights: {'relocate': 0.0, 'swap': 1.0, '2opt': 0.0, 'promote': 1.5, 'demote': 1.5, 'orient': 1.0, 'container': 0.5}
Time limit: 900.0s per instance, seed 1640019588
======================================================================

======================================================================
ep3-20-F-R-50: 20 boxes (20 types), 1 containers (1 types)
  0-1 knapsack bound: 128928.0 (continuous relaxation: 132400.9)
  initial (value-density) decode: value 89202.0 (9/20 boxes)
  T0 = 4530.3 (calibrated, 385 worsening draws, target accept 35%)
  schedule: time-based, T0 -> 1032.75 over 900s
    [iter 9] *** NEW BEST: value 91481.0, boxes 8/20, T=4529.1, elapsed=0.2s
    [iter 16] *** NEW BEST: value 92119.0, boxes 7/20, T=4529.1, elapsed=0.2s
    [iter 29] *** NEW BEST: value 93092.0, boxes 9/20, T=4529.1, elapsed=0.2s
    [iter 338] *** NEW BEST: value 97177.0, boxes 8/20, T=4528.7, elapsed=0.2s
    [iter 379] *** NEW BEST: value 98018.0, boxes 9/20, T=4528.7, elapsed=0.2s
    [iter 467] *** NEW BEST: value 103743.0, boxes 9/20, T=4528.6, elapsed=0.2s
    [iter 1605] *** NEW BEST: value 104303.0, boxes 9/20, T=4527.5, elapsed=0.4s
    [iter 1647] *** NEW BEST: value 107452.0, boxes 9/20, T=4527.5, elapsed=0.4s
    [iter 7400] reheat + diversify: ceiling=1132.57, value=55528.0
    [iter 10165] *** NEW BEST: value 108027.0, boxes 9/20, T=4519.4, elapsed=1.5s
    [iter 15918] reheat + diversify: ceiling=1019.32, value=49568.0
    [iter 21671] reheat + diversify: ceiling=917.38, value=70027.0
    [iter 26150] *** NEW BEST: value 109699.0, boxes 9/20, T=4504.3, elapsed=3.5s
    [iter 31903] reheat + diversify: ceiling=825.65, value=56718.0
    [iter 37656] reheat + diversify: ceiling=743.08, value=55973.0
    [iter 43409] reheat + diversify: ceiling=668.77, value=85049.0
    [iter 49162] reheat + diversify: ceiling=601.90, value=80655.0
    [iter 54915] reheat + diversify: ceiling=541.71, value=68511.0
    [iter 60668] reheat + diversify: ceiling=487.54, value=82025.0
    [iter 66421] reheat + diversify: ceiling=438.78, value=70178.0
    [iter 72174] reheat + diversify: ceiling=394.90, value=95962.0
    [iter 75427] *** NEW BEST: value 110083.0, boxes 9/20, T=4458.1, elapsed=9.8s
    [iter 81180] reheat + diversify: ceiling=355.41, value=91520.0
    [iter 86933] reheat + diversify: ceiling=319.87, value=85427.0
    [iter 92686] reheat + diversify: ceiling=287.88, value=87140.0
    [iter 98439] reheat + diversify: ceiling=259.10, value=66865.0
    [iter 104192] reheat + diversify: ceiling=233.19, value=55156.0
    [iter 109945] reheat + diversify: ceiling=209.87, value=70232.0
    [iter 115698] reheat + diversify: ceiling=188.88, value=63209.0
    [iter 121451] reheat + diversify: ceiling=169.99, value=47053.0
    [iter 127204] reheat + diversify: ceiling=152.99, value=89014.0
    [iter 132957] reheat + diversify: ceiling=137.69, value=70257.0
    [iter 138710] reheat + diversify: ceiling=123.92, value=56013.0
    [iter 144463] reheat + diversify: ceiling=111.53, value=68022.0
    [iter 150216] reheat + diversify: ceiling=100.38, value=63467.0
    [iter 155969] reheat + diversify: ceiling=90.34, value=63754.0
    [iter 161722] reheat + diversify: ceiling=81.31, value=78735.0
    [iter 167475] reheat + diversify: ceiling=73.18, value=44380.0
    [iter 173228] reheat + diversify: ceiling=65.86, value=85133.0
    [iter 178981] reheat + diversify: ceiling=59.27, value=70661.0
    [iter 184734] reheat + diversify: ceiling=53.35, value=76485.0
    [iter 190487] reheat + diversify: ceiling=48.01, value=63132.0
    [iter 196240] reheat + diversify: ceiling=43.21, value=78469.0
    [iter 201993] reheat + diversify: ceiling=38.89, value=65377.0
    [iter 207746] reheat + diversify: ceiling=35.00, value=86617.0
    [iter 213499] reheat + diversify: ceiling=31.50, value=91272.0
    [iter 219252] reheat + diversify: ceiling=28.35, value=67318.0
    [iter 225005] reheat + diversify: ceiling=25.52, value=67116.0
    [iter 230758] reheat + diversify: ceiling=22.96, value=51540.0
    [iter 236511] reheat + diversify: ceiling=20.67, value=59415.0
    [iter 242264] reheat + diversify: ceiling=18.60, value=84384.0
    [iter 248017] reheat + diversify: ceiling=16.74, value=68115.0
    [iter 253770] reheat + diversify: ceiling=15.07, value=75256.0
    [iter 259523] reheat + diversify: ceiling=13.56, value=59372.0
    [iter 265276] reheat + diversify: ceiling=12.20, value=64131.0
    [iter 271029] reheat + diversify: ceiling=10.98, value=61839.0
    [iter 276782] reheat + diversify: ceiling=9.89, value=72743.0
    [iter 282535] reheat + diversify: ceiling=8.90, value=69454.0
    [iter 288288] reheat + diversify: ceiling=8.01, value=50207.0
    [iter 294041] reheat + diversify: ceiling=7.21, value=83165.0
    [iter 299794] reheat + diversify: ceiling=6.49, value=77908.0
    [iter 305547] reheat + diversify: ceiling=5.84, value=77527.0
    [iter 311300] reheat + diversify: ceiling=5.25, value=66925.0
    [iter 317053] reheat + diversify: ceiling=4.73, value=62210.0
    [iter 322806] reheat + diversify: ceiling=4.26, value=53702.0
    [iter 328559] reheat + diversify: ceiling=3.83, value=74420.0
    [iter 334312] reheat + diversify: ceiling=3.45, value=75214.0
    [iter 340065] reheat + diversify: ceiling=3.10, value=78687.0
    [iter 345818] reheat + diversify: ceiling=2.79, value=66594.0
    [iter 351571] reheat + diversify: ceiling=2.51, value=72747.0
    [iter 357324] reheat + diversify: ceiling=2.26, value=76955.0
    [iter 363077] reheat + diversify: ceiling=2.04, value=82025.0
    [iter 368830] reheat + diversify: ceiling=1.83, value=67639.0
    [iter 374583] reheat + diversify: ceiling=1.65, value=53618.0
    [iter 380336] reheat + diversify: ceiling=1.48, value=73214.0
    [iter 386089] reheat + diversify: ceiling=1.34, value=85711.0
    [iter 391842] reheat + diversify: ceiling=1.20, value=80171.0
    [iter 397595] reheat + diversify: ceiling=1.08, value=70391.0
    [iter 403348] reheat + diversify: ceiling=0.97, value=57988.0
    [iter 409101] reheat + diversify: ceiling=0.88, value=53290.0
    [iter 414854] reheat + diversify: ceiling=0.79, value=78966.0
    [iter 420607] reheat + diversify: ceiling=0.71, value=49257.0
    [iter 426360] reheat + diversify: ceiling=0.64, value=80032.0
    [iter 432113] reheat + diversify: ceiling=0.57, value=50357.0
    [iter 437866] reheat + diversify: ceiling=0.52, value=52991.0
    [iter 443619] reheat + diversify: ceiling=0.47, value=77170.0
    [iter 449372] reheat + diversify: ceiling=0.42, value=77624.0
    [iter 455125] reheat + diversify: ceiling=0.38, value=89023.0
    [iter 460878] reheat + diversify: ceiling=0.34, value=69345.0
    [iter 466631] reheat + diversify: ceiling=0.31, value=75891.0
    [iter 472384] reheat + diversify: ceiling=0.27, value=75387.0
    [iter 478137] reheat + diversify: ceiling=0.25, value=66737.0
    [iter 483890] reheat + diversify: ceiling=0.22, value=63801.0
    [iter 489643] reheat + diversify: ceiling=0.20, value=64232.0
    [iter 495396] reheat + diversify: ceiling=0.18, value=64968.0
    [iter 501149] reheat + diversify: ceiling=0.16, value=60518.0
    [iter 506902] reheat + diversify: ceiling=0.15, value=69061.0
    [iter 512655] reheat + diversify: ceiling=0.13, value=69629.0
    [iter 518408] reheat + diversify: ceiling=0.12, value=71371.0
    [iter 524161] reheat + diversify: ceiling=0.11, value=68012.0
    [iter 529914] reheat + diversify: ceiling=0.10, value=74460.0
    [iter 535667] reheat + diversify: ceiling=0.09, value=67541.0
    [iter 541420] reheat + diversify: ceiling=0.08, value=89312.0
    [iter 547173] reheat + diversify: ceiling=0.07, value=56682.0
    [iter 552926] reheat + diversify: ceiling=0.06, value=82604.0
    [iter 558679] reheat + diversify: ceiling=0.06, value=62217.0
    [iter 564432] reheat + diversify: ceiling=0.05, value=53735.0
    [iter 570185] reheat + diversify: ceiling=0.05, value=74599.0
    [iter 575938] reheat + diversify: ceiling=0.04, value=62019.0
    [iter 581691] reheat + diversify: ceiling=0.04, value=82570.0
    [iter 587444] reheat + diversify: ceiling=0.03, value=37810.0
    [iter 593197] reheat + diversify: ceiling=0.03, value=68015.0
    [iter 598950] reheat + diversify: ceiling=0.03, value=74989.0
    [iter 604703] reheat + diversify: ceiling=0.02, value=65499.0
    [iter 610456] reheat + diversify: ceiling=0.02, value=78295.0
    [iter 616209] reheat + diversify: ceiling=0.02, value=58430.0
    [iter 621962] reheat + diversify: ceiling=0.02, value=42709.0
    [iter 627715] reheat + diversify: ceiling=0.02, value=74489.0
    [iter 633468] reheat + diversify: ceiling=0.01, value=51460.0
    [iter 639221] reheat + diversify: ceiling=0.01, value=43202.0
    [iter 644974] reheat + diversify: ceiling=0.01, value=62254.0
    [iter 650727] reheat + diversify: ceiling=0.01, value=74656.0
    [iter 656480] reheat + diversify: ceiling=0.01, value=92625.0
    [iter 662233] reheat + diversify: ceiling=0.01, value=90117.0
    [iter 667986] reheat + diversify: ceiling=0.01, value=92878.0
    [iter 673739] reheat + diversify: ceiling=0.01, value=78267.0
    [iter 679492] reheat + diversify: ceiling=0.01, value=51046.0
    [iter 685245] reheat + diversify: ceiling=0.01, value=65369.0
    [iter 690998] reheat + diversify: ceiling=0.01, value=57318.0
    [iter 696751] reheat + diversify: ceiling=0.00, value=58108.0
    [iter 702504] reheat + diversify: ceiling=0.00, value=60931.0
    [iter 708257] reheat + diversify: ceiling=0.00, value=73048.0
    [iter 714010] reheat + diversify: ceiling=0.00, value=68934.0
    [iter 719763] reheat + diversify: ceiling=0.00, value=76629.0
    [iter 725516] reheat + diversify: ceiling=0.00, value=88400.0
    [iter 731269] reheat + diversify: ceiling=0.00, value=72039.0
    [iter 737022] reheat + diversify: ceiling=0.00, value=74340.0
    [iter 742775] reheat + diversify: ceiling=0.00, value=52149.0
    [iter 748528] reheat + diversify: ceiling=0.00, value=62944.0
    [iter 754281] reheat + diversify: ceiling=0.00, value=93543.0
    [iter 760034] reheat + diversify: ceiling=0.00, value=82541.0
    [iter 765787] reheat + diversify: ceiling=0.00, value=64924.0
    [iter 771540] reheat + diversify: ceiling=0.00, value=70853.0
    [iter 777293] reheat + diversify: ceiling=0.00, value=68741.0
    [iter 783046] reheat + diversify: ceiling=0.00, value=48852.0
    [iter 788799] reheat + diversify: ceiling=0.00, value=74150.0
    [iter 794552] reheat + diversify: ceiling=0.00, value=66713.0
    [iter 800305] reheat + diversify: ceiling=0.00, value=71994.0
    [iter 806058] reheat + diversify: ceiling=0.00, value=57231.0
    [iter 811811] reheat + diversify: ceiling=0.00, value=73825.0
    [iter 817564] reheat + diversify: ceiling=0.00, value=62746.0
    [iter 823317] reheat + diversify: ceiling=0.00, value=82990.0
    [iter 829070] reheat + diversify: ceiling=0.00, value=58969.0
    [iter 834823] reheat + diversify: ceiling=0.00, value=69586.0
    [iter 840576] reheat + diversify: ceiling=0.00, value=76852.0
    [iter 846329] reheat + diversify: ceiling=0.00, value=76243.0
    [iter 852082] reheat + diversify: ceiling=0.00, value=72988.0
    [iter 857835] reheat + diversify: ceiling=0.00, value=85328.0
    [iter 863588] reheat + diversify: ceiling=0.00, value=52339.0
    [iter 869341] reheat + diversify: ceiling=0.00, value=84367.0
    [iter 875094] reheat + diversify: ceiling=0.00, value=61225.0
    [iter 880847] reheat + diversify: ceiling=0.00, value=68712.0
    [iter 886600] reheat + diversify: ceiling=0.00, value=82204.0
    [iter 892353] reheat + diversify: ceiling=0.00, value=52647.0
    [iter 898106] reheat + diversify: ceiling=0.00, value=60472.0
    [iter 903859] reheat + diversify: ceiling=0.00, value=79743.0
    [iter 909612] reheat + diversify: ceiling=0.00, value=60820.0
    [iter 915365] reheat + diversify: ceiling=0.00, value=68983.0
    [iter 921118] reheat + diversify: ceiling=0.00, value=83008.0
    [iter 926871] reheat + diversify: ceiling=0.00, value=72477.0
    [iter 932624] reheat + diversify: ceiling=0.00, value=81440.0
    [iter 938377] reheat + diversify: ceiling=0.00, value=45190.0
    [iter 944130] reheat + diversify: ceiling=0.00, value=56713.0
    [iter 949883] reheat + diversify: ceiling=0.00, value=62849.0
    [iter 955636] reheat + diversify: ceiling=0.00, value=78998.0
    [iter 961389] reheat + diversify: ceiling=0.00, value=65171.0
    [iter 967142] reheat + diversify: ceiling=0.00, value=62907.0
    [iter 972895] reheat + diversify: ceiling=0.00, value=65532.0
    [iter 978648] reheat + diversify: ceiling=0.00, value=81490.0
    [iter 984401] reheat + diversify: ceiling=0.00, value=59856.0
    [iter 990154] reheat + diversify: ceiling=0.00, value=69870.0
    [iter 995907] reheat + diversify: ceiling=0.00, value=58408.0
    [iter 1001660] reheat + diversify: ceiling=0.00, value=64747.0
    [iter 1007413] reheat + diversify: ceiling=0.00, value=68117.0
    [iter 1013166] reheat + diversify: ceiling=0.00, value=54007.0
    [iter 1018919] reheat + diversify: ceiling=0.00, value=80600.0
    [iter 1024672] reheat + diversify: ceiling=0.00, value=59960.0
    [iter 1030425] reheat + diversify: ceiling=0.00, value=61569.0
    [iter 1036178] reheat + diversify: ceiling=0.00, value=54874.0
    [iter 1041931] reheat + diversify: ceiling=0.00, value=75624.0
    [iter 1047684] reheat + diversify: ceiling=0.00, value=76876.0
    [iter 1053437] reheat + diversify: ceiling=0.00, value=58184.0
    [iter 1059190] reheat + diversify: ceiling=0.00, value=64875.0
    [iter 1064943] reheat + diversify: ceiling=0.00, value=65139.0
    [iter 1070696] reheat + diversify: ceiling=0.00, value=72054.0
    [iter 1076449] reheat + diversify: ceiling=0.00, value=68092.0
    [iter 1082202] reheat + diversify: ceiling=0.00, value=81477.0
    [iter 1087955] reheat + diversify: ceiling=0.00, value=77189.0
    [iter 1093708] reheat + diversify: ceiling=0.00, value=72963.0
    [iter 1099461] reheat + diversify: ceiling=0.00, value=64406.0
    [iter 1105214] reheat + diversify: ceiling=0.00, value=72166.0
    [iter 1110967] reheat + diversify: ceiling=0.00, value=73717.0
    [iter 1116720] reheat + diversify: ceiling=0.00, value=64605.0
    [iter 1122473] reheat + diversify: ceiling=0.00, value=68886.0
    [iter 1128226] reheat + diversify: ceiling=0.00, value=42782.0
    [iter 1133979] reheat + diversify: ceiling=0.00, value=85204.0
    [iter 1139732] reheat + diversify: ceiling=0.00, value=55004.0
    [iter 1145485] reheat + diversify: ceiling=0.00, value=79102.0
    [iter 1151238] reheat + diversify: ceiling=0.00, value=56823.0
    [iter 1156991] reheat + diversify: ceiling=0.00, value=67134.0
    [iter 1162744] reheat + diversify: ceiling=0.00, value=68737.0
    [iter 1168497] reheat + diversify: ceiling=0.00, value=78529.0
    [iter 1174250] reheat + diversify: ceiling=0.00, value=62998.0
    [iter 1180003] reheat + diversify: ceiling=0.00, value=85933.0
    [iter 1185756] reheat + diversify: ceiling=0.00, value=72516.0
    [iter 1191509] reheat + diversify: ceiling=0.00, value=75904.0
    [iter 1197262] reheat + diversify: ceiling=0.00, value=83998.0
    [iter 1203015] reheat + diversify: ceiling=0.00, value=69381.0
    [iter 1208768] reheat + diversify: ceiling=0.00, value=75356.0
    [iter 1214521] reheat + diversify: ceiling=0.00, value=63879.0
    [iter 1220274] reheat + diversify: ceiling=0.00, value=75817.0
    [iter 1226027] reheat + diversify: ceiling=0.00, value=76370.0
    [iter 1231780] reheat + diversify: ceiling=0.00, value=55412.0
    [iter 1237533] reheat + diversify: ceiling=0.00, value=53715.0
    [iter 1243286] reheat + diversify: ceiling=0.00, value=61432.0
    [iter 1249039] reheat + diversify: ceiling=0.00, value=69105.0
    [iter 1254792] reheat + diversify: ceiling=0.00, value=67151.0
    [iter 1260545] reheat + diversify: ceiling=0.00, value=64661.0
    [iter 1266298] reheat + diversify: ceiling=0.00, value=57563.0
    [iter 1272051] reheat + diversify: ceiling=0.00, value=59508.0
    [iter 1277804] reheat + diversify: ceiling=0.00, value=65280.0
    [iter 1283557] reheat + diversify: ceiling=0.00, value=61691.0
    [iter 1289310] reheat + diversify: ceiling=0.00, value=68962.0
    [iter 1295063] reheat + diversify: ceiling=0.00, value=61548.0
    [iter 1300816] reheat + diversify: ceiling=0.00, value=65395.0
    [iter 1306569] reheat + diversify: ceiling=0.00, value=81293.0
    [iter 1312322] reheat + diversify: ceiling=0.00, value=65475.0
    [iter 1318075] reheat + diversify: ceiling=0.00, value=85211.0
    [iter 1323828] reheat + diversify: ceiling=0.00, value=62159.0
    [iter 1329581] reheat + diversify: ceiling=0.00, value=65957.0
    [iter 1335334] reheat + diversify: ceiling=0.00, value=81314.0
    [iter 1341087] reheat + diversify: ceiling=0.00, value=75183.0
    [iter 1346840] reheat + diversify: ceiling=0.00, value=78968.0
    [iter 1352593] reheat + diversify: ceiling=0.00, value=52716.0
    [iter 1358346] reheat + diversify: ceiling=0.00, value=76850.0
    [iter 1364099] reheat + diversify: ceiling=0.00, value=87097.0
    [iter 1369852] reheat + diversify: ceiling=0.00, value=85427.0
    [iter 1375605] reheat + diversify: ceiling=0.00, value=84925.0
    [iter 1381358] reheat + diversify: ceiling=0.00, value=62286.0
    [iter 1387111] reheat + diversify: ceiling=0.00, value=43723.0
    [iter 1392864] reheat + diversify: ceiling=0.00, value=58422.0
    [iter 1398617] reheat + diversify: ceiling=0.00, value=73146.0
    [iter 1404370] reheat + diversify: ceiling=0.00, value=61916.0
    [iter 1410123] reheat + diversify: ceiling=0.00, value=68868.0
    [iter 1415876] reheat + diversify: ceiling=0.00, value=57059.0
    [iter 1421629] reheat + diversify: ceiling=0.00, value=59845.0
    [iter 1427382] reheat + diversify: ceiling=0.00, value=68183.0
    [iter 1433135] reheat + diversify: ceiling=0.00, value=75907.0
    [iter 1438888] reheat + diversify: ceiling=0.00, value=56489.0
    [iter 1444641] reheat + diversify: ceiling=0.00, value=63828.0
    [iter 1446454] *** NEW BEST: value 113183.0, boxes 10/20, T=3365.1, elapsed=181.0s
    [iter 1452207] reheat + diversify: ceiling=0.00, value=71931.0
    [iter 1457960] reheat + diversify: ceiling=0.00, value=61751.0
    [iter 1463713] reheat + diversify: ceiling=0.00, value=76183.0
    [iter 1469466] reheat + diversify: ceiling=0.00, value=73967.0
    [iter 1475219] reheat + diversify: ceiling=0.00, value=58430.0
    [iter 1480972] reheat + diversify: ceiling=0.00, value=75744.0
    [iter 1486725] reheat + diversify: ceiling=0.00, value=78142.0
    [iter 1492478] reheat + diversify: ceiling=0.00, value=84631.0
    [iter 1498231] reheat + diversify: ceiling=0.00, value=84125.0
    [iter 1503984] reheat + diversify: ceiling=0.00, value=72807.0
    [iter 1509737] reheat + diversify: ceiling=0.00, value=100971.0
    [iter 1515490] reheat + diversify: ceiling=0.00, value=81080.0
    [iter 1521243] reheat + diversify: ceiling=0.00, value=66806.0
    [iter 1526996] reheat + diversify: ceiling=0.00, value=61888.0
    [iter 1532749] reheat + diversify: ceiling=0.00, value=95657.0
    [iter 1538502] reheat + diversify: ceiling=0.00, value=45186.0
    [iter 1544255] reheat + diversify: ceiling=0.00, value=77024.0
    [iter 1550008] reheat + diversify: ceiling=0.00, value=75415.0
    [iter 1555761] reheat + diversify: ceiling=0.00, value=61363.0
    [iter 1561514] reheat + diversify: ceiling=0.00, value=85674.0
    [iter 1567267] reheat + diversify: ceiling=0.00, value=83065.0
    [iter 1573020] reheat + diversify: ceiling=0.00, value=46114.0
    [iter 1578773] reheat + diversify: ceiling=0.00, value=65534.0
    [iter 1584526] reheat + diversify: ceiling=0.00, value=68501.0
    [iter 1590279] reheat + diversify: ceiling=0.00, value=58953.0
    [iter 1596032] reheat + diversify: ceiling=0.00, value=62050.0
    [iter 1601785] reheat + diversify: ceiling=0.00, value=75748.0
    [iter 1607538] reheat + diversify: ceiling=0.00, value=67892.0
    [iter 1613291] reheat + diversify: ceiling=0.00, value=70089.0
    [iter 1619044] reheat + diversify: ceiling=0.00, value=80838.0
    [iter 1624797] reheat + diversify: ceiling=0.00, value=79049.0
    [iter 1630550] reheat + diversify: ceiling=0.00, value=58667.0
    [iter 1636303] reheat + diversify: ceiling=0.00, value=78470.0
    [iter 1642056] reheat + diversify: ceiling=0.00, value=82732.0
    [iter 1647809] reheat + diversify: ceiling=0.00, value=62024.0
    [iter 1653562] reheat + diversify: ceiling=0.00, value=83828.0
    [iter 1659315] reheat + diversify: ceiling=0.00, value=99383.0
    [iter 1665068] reheat + diversify: ceiling=0.00, value=68439.0
    [iter 1670821] reheat + diversify: ceiling=0.00, value=65756.0
    [iter 1676574] reheat + diversify: ceiling=0.00, value=77122.0
    [iter 1682327] reheat + diversify: ceiling=0.00, value=62895.0
    [iter 1688080] reheat + diversify: ceiling=0.00, value=54575.0
    [iter 1693833] reheat + diversify: ceiling=0.00, value=74308.0
    [iter 1699586] reheat + diversify: ceiling=0.00, value=79159.0
    [iter 1705339] reheat + diversify: ceiling=0.00, value=51485.0
    [iter 1711092] reheat + diversify: ceiling=0.00, value=81997.0
    [iter 1716845] reheat + diversify: ceiling=0.00, value=91199.0
    [iter 1722598] reheat + diversify: ceiling=0.00, value=78073.0
    [iter 1728351] reheat + diversify: ceiling=0.00, value=83880.0
    [iter 1734104] reheat + diversify: ceiling=0.00, value=66215.0
    [iter 1739857] reheat + diversify: ceiling=0.00, value=81994.0
    [iter 1745610] reheat + diversify: ceiling=0.00, value=62789.0
    [iter 1751363] reheat + diversify: ceiling=0.00, value=77442.0
    [iter 1757116] reheat + diversify: ceiling=0.00, value=64125.0
    [iter 1762869] reheat + diversify: ceiling=0.00, value=63362.0
    [iter 1768622] reheat + diversify: ceiling=0.00, value=81277.0
    [iter 1774375] reheat + diversify: ceiling=0.00, value=73379.0
    [iter 1780128] reheat + diversify: ceiling=0.00, value=61646.0
    [iter 1785881] reheat + diversify: ceiling=0.00, value=66663.0
    [iter 1791634] reheat + diversify: ceiling=0.00, value=70201.0
    [iter 1797387] reheat + diversify: ceiling=0.00, value=80151.0
    [iter 1803140] reheat + diversify: ceiling=0.00, value=69659.0
    [iter 1808893] reheat + diversify: ceiling=0.00, value=39479.0
    [iter 1814646] reheat + diversify: ceiling=0.00, value=58205.0
    [iter 1820399] reheat + diversify: ceiling=0.00, value=67930.0
    [iter 1826152] reheat + diversify: ceiling=0.00, value=56939.0
    [iter 1831905] reheat + diversify: ceiling=0.00, value=54476.0
    [iter 1837658] reheat + diversify: ceiling=0.00, value=72453.0
    [iter 1843411] reheat + diversify: ceiling=0.00, value=60866.0
    [iter 1849164] reheat + diversify: ceiling=0.00, value=60301.0
    [iter 1854917] reheat + diversify: ceiling=0.00, value=72027.0
    [iter 1860670] reheat + diversify: ceiling=0.00, value=75541.0
    [iter 1866423] reheat + diversify: ceiling=0.00, value=54059.0
    [iter 1872176] reheat + diversify: ceiling=0.00, value=87425.0
    [iter 1877929] reheat + diversify: ceiling=0.00, value=47956.0
    [iter 1883682] reheat + diversify: ceiling=0.00, value=72325.0
    [iter 1889435] reheat + diversify: ceiling=0.00, value=66070.0
    [iter 1895188] reheat + diversify: ceiling=0.00, value=61587.0
    [iter 1900941] reheat + diversify: ceiling=0.00, value=80188.0
    [iter 1906694] reheat + diversify: ceiling=0.00, value=75924.0
    [iter 1912447] reheat + diversify: ceiling=0.00, value=67496.0
    [iter 1918200] reheat + diversify: ceiling=0.00, value=71347.0
    [iter 1923953] reheat + diversify: ceiling=0.00, value=81322.0
    [iter 1929706] reheat + diversify: ceiling=0.00, value=56719.0
    [iter 1935459] reheat + diversify: ceiling=0.00, value=74651.0
    [iter 1941212] reheat + diversify: ceiling=0.00, value=74372.0
    [iter 1946965] reheat + diversify: ceiling=0.00, value=58450.0
    [iter 1952718] reheat + diversify: ceiling=0.00, value=70895.0
    [iter 1958471] reheat + diversify: ceiling=0.00, value=81909.0
    [iter 1964224] reheat + diversify: ceiling=0.00, value=63502.0
    [iter 1969977] reheat + diversify: ceiling=0.00, value=73060.0
    [iter 1975730] reheat + diversify: ceiling=0.00, value=53109.0
    [iter 1981483] reheat + diversify: ceiling=0.00, value=76592.0
    [iter 1987236] reheat + diversify: ceiling=0.00, value=67470.0
    [iter 1992989] reheat + diversify: ceiling=0.00, value=67041.0
    [iter 1998742] reheat + diversify: ceiling=0.00, value=77164.0
    [iter 2004495] reheat + diversify: ceiling=0.00, value=56894.0
    [iter 2010248] reheat + diversify: ceiling=0.00, value=62082.0
    [iter 2016001] reheat + diversify: ceiling=0.00, value=55052.0
    [iter 2021754] reheat + diversify: ceiling=0.00, value=86787.0
    [iter 2027507] reheat + diversify: ceiling=0.00, value=62769.0
    [iter 2033260] reheat + diversify: ceiling=0.00, value=59852.0
    [iter 2039013] reheat + diversify: ceiling=0.00, value=79521.0
    [iter 2044766] reheat + diversify: ceiling=0.00, value=76195.0
    [iter 2050519] reheat + diversify: ceiling=0.00, value=68303.0
    [iter 2056272] reheat + diversify: ceiling=0.00, value=67236.0
    [iter 2062025] reheat + diversify: ceiling=0.00, value=78856.0
    [iter 2067778] reheat + diversify: ceiling=0.00, value=77426.0
    [iter 2073531] reheat + diversify: ceiling=0.00, value=46316.0
    [iter 2079284] reheat + diversify: ceiling=0.00, value=76247.0
    [iter 2085037] reheat + diversify: ceiling=0.00, value=83408.0
    [iter 2090790] reheat + diversify: ceiling=0.00, value=69502.0
    [iter 2096543] reheat + diversify: ceiling=0.00, value=64292.0
    [iter 2102296] reheat + diversify: ceiling=0.00, value=71368.0
    [iter 2108049] reheat + diversify: ceiling=0.00, value=61762.0
    [iter 2113802] reheat + diversify: ceiling=0.00, value=54068.0
    [iter 2119555] reheat + diversify: ceiling=0.00, value=68617.0
    [iter 2125308] reheat + diversify: ceiling=0.00, value=88395.0
    [iter 2131061] reheat + diversify: ceiling=0.00, value=56712.0
    [iter 2136814] reheat + diversify: ceiling=0.00, value=62562.0
    [iter 2142567] reheat + diversify: ceiling=0.00, value=62607.0
    [iter 2148320] reheat + diversify: ceiling=0.00, value=57497.0
    [iter 2154073] reheat + diversify: ceiling=0.00, value=49747.0
    [iter 2159826] reheat + diversify: ceiling=0.00, value=43884.0
    [iter 2165579] reheat + diversify: ceiling=0.00, value=85984.0
    [iter 2171332] reheat + diversify: ceiling=0.00, value=64032.0
    [iter 2177085] reheat + diversify: ceiling=0.00, value=57040.0
    [iter 2182838] reheat + diversify: ceiling=0.00, value=50594.0
    [iter 2188591] reheat + diversify: ceiling=0.00, value=70949.0
    [iter 2194344] reheat + diversify: ceiling=0.00, value=61781.0
    [iter 2200097] reheat + diversify: ceiling=0.00, value=81407.0
    [iter 2205850] reheat + diversify: ceiling=0.00, value=72463.0
    [iter 2211603] reheat + diversify: ceiling=0.00, value=70398.0
    [iter 2217356] reheat + diversify: ceiling=0.00, value=60475.0
    [iter 2219235] *** NEW BEST: value 114455.0, boxes 10/20, T=2883.7, elapsed=275.0s
    [iter 2224988] reheat + diversify: ceiling=0.00, value=71120.0
    [iter 2230741] reheat + diversify: ceiling=0.00, value=64599.0
    [iter 2236494] reheat + diversify: ceiling=0.00, value=71156.0
    [iter 2242247] reheat + diversify: ceiling=0.00, value=68219.0
    [iter 2248000] reheat + diversify: ceiling=0.00, value=67521.0
    [iter 2253753] reheat + diversify: ceiling=0.00, value=61531.0
    [iter 2259506] reheat + diversify: ceiling=0.00, value=75202.0
    [iter 2265259] reheat + diversify: ceiling=0.00, value=79658.0
    [iter 2271012] reheat + diversify: ceiling=0.00, value=57637.0
    [iter 2276765] reheat + diversify: ceiling=0.00, value=77254.0
    [iter 2282518] reheat + diversify: ceiling=0.00, value=69853.0
    [iter 2288271] reheat + diversify: ceiling=0.00, value=76485.0
    [iter 2294024] reheat + diversify: ceiling=0.00, value=85155.0
    [iter 2299777] reheat + diversify: ceiling=0.00, value=75347.0
    [iter 2305530] reheat + diversify: ceiling=0.00, value=80757.0
    [iter 2311283] reheat + diversify: ceiling=0.00, value=74723.0
    [iter 2317036] reheat + diversify: ceiling=0.00, value=42118.0
    [iter 2322789] reheat + diversify: ceiling=0.00, value=68581.0
    [iter 2328542] reheat + diversify: ceiling=0.00, value=69405.0
    [iter 2334295] reheat + diversify: ceiling=0.00, value=69485.0
    [iter 2340048] reheat + diversify: ceiling=0.00, value=52192.0
    [iter 2345801] reheat + diversify: ceiling=0.00, value=53826.0
    [iter 2351554] reheat + diversify: ceiling=0.00, value=75062.0
    [iter 2357307] reheat + diversify: ceiling=0.00, value=81350.0
    [iter 2363060] reheat + diversify: ceiling=0.00, value=76831.0
    [iter 2368813] reheat + diversify: ceiling=0.00, value=78313.0
    [iter 2374566] reheat + diversify: ceiling=0.00, value=52096.0
    [iter 2380319] reheat + diversify: ceiling=0.00, value=62586.0
    [iter 2386072] reheat + diversify: ceiling=0.00, value=87816.0
    [iter 2391825] reheat + diversify: ceiling=0.00, value=70144.0
    [iter 2397578] reheat + diversify: ceiling=0.00, value=74953.0
    [iter 2403331] reheat + diversify: ceiling=0.00, value=63764.0
    [iter 2409084] reheat + diversify: ceiling=0.00, value=77001.0
    [iter 2414837] reheat + diversify: ceiling=0.00, value=78092.0
    [iter 2420590] reheat + diversify: ceiling=0.00, value=50834.0
    [iter 2426343] reheat + diversify: ceiling=0.00, value=86475.0
    [iter 2432096] reheat + diversify: ceiling=0.00, value=71620.0
    [iter 2437849] reheat + diversify: ceiling=0.00, value=58125.0
    [iter 2443602] reheat + diversify: ceiling=0.00, value=61301.0
    [iter 2449355] reheat + diversify: ceiling=0.00, value=68279.0
    [iter 2455108] reheat + diversify: ceiling=0.00, value=67533.0
    [iter 2460861] reheat + diversify: ceiling=0.00, value=53475.0
    [iter 2466614] reheat + diversify: ceiling=0.00, value=63122.0
    [iter 2472367] reheat + diversify: ceiling=0.00, value=74033.0
    [iter 2478120] reheat + diversify: ceiling=0.00, value=66184.0
    [iter 2483873] reheat + diversify: ceiling=0.00, value=55681.0
    [iter 2489626] reheat + diversify: ceiling=0.00, value=65662.0
    [iter 2495379] reheat + diversify: ceiling=0.00, value=78566.0
    [iter 2501132] reheat + diversify: ceiling=0.00, value=73811.0
    [iter 2506885] reheat + diversify: ceiling=0.00, value=58879.0
    [iter 2512638] reheat + diversify: ceiling=0.00, value=70600.0
    [iter 2518391] reheat + diversify: ceiling=0.00, value=76540.0
    [iter 2524144] reheat + diversify: ceiling=0.00, value=87902.0
    [iter 2529897] reheat + diversify: ceiling=0.00, value=66141.0
    [iter 2535650] reheat + diversify: ceiling=0.00, value=59115.0
    [iter 2541403] reheat + diversify: ceiling=0.00, value=77167.0
    [iter 2547156] reheat + diversify: ceiling=0.00, value=75885.0
    [iter 2552909] reheat + diversify: ceiling=0.00, value=86109.0
    [iter 2558662] reheat + diversify: ceiling=0.00, value=84313.0
    [iter 2564415] reheat + diversify: ceiling=0.00, value=65508.0
    [iter 2570168] reheat + diversify: ceiling=0.00, value=58088.0
    [iter 2575921] reheat + diversify: ceiling=0.00, value=39449.0
    [iter 2581674] reheat + diversify: ceiling=0.00, value=39046.0
    [iter 2587427] reheat + diversify: ceiling=0.00, value=78604.0
    [iter 2593180] reheat + diversify: ceiling=0.00, value=64943.0
    [iter 2598933] reheat + diversify: ceiling=0.00, value=74346.0
    [iter 2604686] reheat + diversify: ceiling=0.00, value=67665.0
    [iter 2610439] reheat + diversify: ceiling=0.00, value=85378.0
    [iter 2616192] reheat + diversify: ceiling=0.00, value=78864.0
    [iter 2621945] reheat + diversify: ceiling=0.00, value=45727.0
    [iter 2627698] reheat + diversify: ceiling=0.00, value=80723.0
    [iter 2633451] reheat + diversify: ceiling=0.00, value=52390.0
    [iter 2639204] reheat + diversify: ceiling=0.00, value=82311.0
    [iter 2644957] reheat + diversify: ceiling=0.00, value=58752.0
    [iter 2650710] reheat + diversify: ceiling=0.00, value=52477.0
    [iter 2656463] reheat + diversify: ceiling=0.00, value=70506.0
    [iter 2662216] reheat + diversify: ceiling=0.00, value=85379.0
    [iter 2667969] reheat + diversify: ceiling=0.00, value=84425.0
    [iter 2673722] reheat + diversify: ceiling=0.00, value=77871.0
    [iter 2679475] reheat + diversify: ceiling=0.00, value=74576.0
    [iter 2685228] reheat + diversify: ceiling=0.00, value=56142.0
    [iter 2690981] reheat + diversify: ceiling=0.00, value=59673.0
    [iter 2696734] reheat + diversify: ceiling=0.00, value=95847.0
    [iter 2702487] reheat + diversify: ceiling=0.00, value=57711.0
    [iter 2708240] reheat + diversify: ceiling=0.00, value=87677.0
    [iter 2713993] reheat + diversify: ceiling=0.00, value=77726.0
    [iter 2719746] reheat + diversify: ceiling=0.00, value=59145.0
    [iter 2725499] reheat + diversify: ceiling=0.00, value=70337.0
    [iter 2731252] reheat + diversify: ceiling=0.00, value=83876.0
    [iter 2737005] reheat + diversify: ceiling=0.00, value=67049.0
    [iter 2742758] reheat + diversify: ceiling=0.00, value=48088.0
    [iter 2748511] reheat + diversify: ceiling=0.00, value=75162.0
    [iter 2754264] reheat + diversify: ceiling=0.00, value=42281.0
    [iter 2760017] reheat + diversify: ceiling=0.00, value=69539.0
    [iter 2765770] reheat + diversify: ceiling=0.00, value=69373.0
    [iter 2771523] reheat + diversify: ceiling=0.00, value=68775.0
    [iter 2777276] reheat + diversify: ceiling=0.00, value=72241.0
    [iter 2783029] reheat + diversify: ceiling=0.00, value=80172.0
    [iter 2788782] reheat + diversify: ceiling=0.00, value=69120.0
    [iter 2794535] reheat + diversify: ceiling=0.00, value=75807.0
    [iter 2800288] reheat + diversify: ceiling=0.00, value=62803.0
    [iter 2806041] reheat + diversify: ceiling=0.00, value=65786.0
    [iter 2811794] reheat + diversify: ceiling=0.00, value=59943.0
    [iter 2817547] reheat + diversify: ceiling=0.00, value=64220.0
    [iter 2823300] reheat + diversify: ceiling=0.00, value=56354.0
    [iter 2829053] reheat + diversify: ceiling=0.00, value=91052.0
    [iter 2834806] reheat + diversify: ceiling=0.00, value=71333.0
    [iter 2840559] reheat + diversify: ceiling=0.00, value=85875.0
    [iter 2846312] reheat + diversify: ceiling=0.00, value=81822.0
    [iter 2852065] reheat + diversify: ceiling=0.00, value=70683.0
    [iter 2857818] reheat + diversify: ceiling=0.00, value=64842.0
    [iter 2863571] reheat + diversify: ceiling=0.00, value=85810.0
    [iter 2869324] reheat + diversify: ceiling=0.00, value=81333.0
    [iter 2875077] reheat + diversify: ceiling=0.00, value=89168.0
    [iter 2880830] reheat + diversify: ceiling=0.00, value=69046.0
    [iter 2886583] reheat + diversify: ceiling=0.00, value=75180.0
    [iter 2892336] reheat + diversify: ceiling=0.00, value=85124.0
    [iter 2898089] reheat + diversify: ceiling=0.00, value=78712.0
    [iter 2903842] reheat + diversify: ceiling=0.00, value=87113.0
    [iter 2909595] reheat + diversify: ceiling=0.00, value=71728.0
    [iter 2915348] reheat + diversify: ceiling=0.00, value=69934.0
    [iter 2921101] reheat + diversify: ceiling=0.00, value=58577.0
    [iter 2926854] reheat + diversify: ceiling=0.00, value=62884.0
    [iter 2932607] reheat + diversify: ceiling=0.00, value=57135.0
    [iter 2938360] reheat + diversify: ceiling=0.00, value=61204.0
    [iter 2944113] reheat + diversify: ceiling=0.00, value=92846.0
    [iter 2949866] reheat + diversify: ceiling=0.00, value=72769.0
    [iter 2955619] reheat + diversify: ceiling=0.00, value=80547.0
    [iter 2961372] reheat + diversify: ceiling=0.00, value=46645.0
    [iter 2967125] reheat + diversify: ceiling=0.00, value=70047.0
    [iter 2972878] reheat + diversify: ceiling=0.00, value=72374.0
    [iter 2978631] reheat + diversify: ceiling=0.00, value=81618.0
    [iter 2984384] reheat + diversify: ceiling=0.00, value=50763.0
    [iter 2990137] reheat + diversify: ceiling=0.00, value=75517.0
    [iter 2995890] reheat + diversify: ceiling=0.00, value=66577.0
    [iter 3001643] reheat + diversify: ceiling=0.00, value=65675.0
    [iter 3007396] reheat + diversify: ceiling=0.00, value=75042.0
    [iter 3013149] reheat + diversify: ceiling=0.00, value=59090.0
    [iter 3018902] reheat + diversify: ceiling=0.00, value=77423.0
    [iter 3024655] reheat + diversify: ceiling=0.00, value=43945.0
    [iter 3030408] reheat + diversify: ceiling=0.00, value=61309.0
    [iter 3036161] reheat + diversify: ceiling=0.00, value=58598.0
    [iter 3041914] reheat + diversify: ceiling=0.00, value=55299.0
    [iter 3047667] reheat + diversify: ceiling=0.00, value=55548.0
    [iter 3053420] reheat + diversify: ceiling=0.00, value=75734.0
    [iter 3059173] reheat + diversify: ceiling=0.00, value=54225.0
    [iter 3064926] reheat + diversify: ceiling=0.00, value=47050.0
    [iter 3070679] reheat + diversify: ceiling=0.00, value=66140.0
    [iter 3076432] reheat + diversify: ceiling=0.00, value=65992.0
    [iter 3082185] reheat + diversify: ceiling=0.00, value=87816.0
    [iter 3087938] reheat + diversify: ceiling=0.00, value=70943.0
    [iter 3093691] reheat + diversify: ceiling=0.00, value=59914.0
    [iter 3099444] reheat + diversify: ceiling=0.00, value=70757.0
    [iter 3105197] reheat + diversify: ceiling=0.00, value=75848.0
    [iter 3110950] reheat + diversify: ceiling=0.00, value=58092.0
    [iter 3116703] reheat + diversify: ceiling=0.00, value=57381.0
    [iter 3122456] reheat + diversify: ceiling=0.00, value=49862.0
    [iter 3128209] reheat + diversify: ceiling=0.00, value=70000.0
    [iter 3133962] reheat + diversify: ceiling=0.00, value=61048.0
    [iter 3139715] reheat + diversify: ceiling=0.00, value=85210.0
    [iter 3145468] reheat + diversify: ceiling=0.00, value=66293.0
    [iter 3151221] reheat + diversify: ceiling=0.00, value=72386.0
    [iter 3156974] reheat + diversify: ceiling=0.00, value=45665.0
    [iter 3162727] reheat + diversify: ceiling=0.00, value=55582.0
    [iter 3168480] reheat + diversify: ceiling=0.00, value=63452.0
    [iter 3174233] reheat + diversify: ceiling=0.00, value=53131.0
    [iter 3179986] reheat + diversify: ceiling=0.00, value=86369.0
    [iter 3185739] reheat + diversify: ceiling=0.00, value=84404.0
    [iter 3191492] reheat + diversify: ceiling=0.00, value=72226.0
    [iter 3197245] reheat + diversify: ceiling=0.00, value=76711.0
    [iter 3202998] reheat + diversify: ceiling=0.00, value=76529.0
    [iter 3208751] reheat + diversify: ceiling=0.00, value=56472.0
    [iter 3214504] reheat + diversify: ceiling=0.00, value=56092.0
    [iter 3220257] reheat + diversify: ceiling=0.00, value=70590.0
    [iter 3226010] reheat + diversify: ceiling=0.00, value=67199.0
    [iter 3231763] reheat + diversify: ceiling=0.00, value=83281.0
    [iter 3237516] reheat + diversify: ceiling=0.00, value=56984.0
    [iter 3243269] reheat + diversify: ceiling=0.00, value=71975.0
    [iter 3249022] reheat + diversify: ceiling=0.00, value=54071.0
    [iter 3254775] reheat + diversify: ceiling=0.00, value=71580.0
    [iter 3260528] reheat + diversify: ceiling=0.00, value=73221.0
    [iter 3266281] reheat + diversify: ceiling=0.00, value=72647.0
    [iter 3272034] reheat + diversify: ceiling=0.00, value=63415.0
    [iter 3277787] reheat + diversify: ceiling=0.00, value=65271.0
    [iter 3283540] reheat + diversify: ceiling=0.00, value=56633.0
    [iter 3289293] reheat + diversify: ceiling=0.00, value=65390.0
    [iter 3295046] reheat + diversify: ceiling=0.00, value=63399.0
    [iter 3300799] reheat + diversify: ceiling=0.00, value=65828.0
    [iter 3306552] reheat + diversify: ceiling=0.00, value=81602.0
    [iter 3312305] reheat + diversify: ceiling=0.00, value=73328.0
    [iter 3318058] reheat + diversify: ceiling=0.00, value=65229.0
    [iter 3323811] reheat + diversify: ceiling=0.00, value=69032.0
    [iter 3329564] reheat + diversify: ceiling=0.00, value=76938.0
    [iter 3335317] reheat + diversify: ceiling=0.00, value=71478.0
    [iter 3341070] reheat + diversify: ceiling=0.00, value=70316.0
    [iter 3346823] reheat + diversify: ceiling=0.00, value=70297.0
    [iter 3352576] reheat + diversify: ceiling=0.00, value=64021.0
    [iter 3358329] reheat + diversify: ceiling=0.00, value=61843.0
    [iter 3364082] reheat + diversify: ceiling=0.00, value=60369.0
    [iter 3369835] reheat + diversify: ceiling=0.00, value=71839.0
    [iter 3375588] reheat + diversify: ceiling=0.00, value=52780.0
    [iter 3381341] reheat + diversify: ceiling=0.00, value=60397.0
    [iter 3387094] reheat + diversify: ceiling=0.00, value=65271.0
    [iter 3392847] reheat + diversify: ceiling=0.00, value=61776.0
    [iter 3398600] reheat + diversify: ceiling=0.00, value=74053.0
    [iter 3404353] reheat + diversify: ceiling=0.00, value=49375.0
    [iter 3410106] reheat + diversify: ceiling=0.00, value=77042.0
    [iter 3415859] reheat + diversify: ceiling=0.00, value=46862.0
    [iter 3421612] reheat + diversify: ceiling=0.00, value=67854.0
    [iter 3427365] reheat + diversify: ceiling=0.00, value=66332.0
    [iter 3433118] reheat + diversify: ceiling=0.00, value=54670.0
    [iter 3438871] reheat + diversify: ceiling=0.00, value=91000.0
    [iter 3444624] reheat + diversify: ceiling=0.00, value=78259.0
    [iter 3450377] reheat + diversify: ceiling=0.00, value=66187.0
    [iter 3456130] reheat + diversify: ceiling=0.00, value=74723.0
    [iter 3461883] reheat + diversify: ceiling=0.00, value=64512.0
    [iter 3467636] reheat + diversify: ceiling=0.00, value=60938.0
    [iter 3473389] reheat + diversify: ceiling=0.00, value=77017.0
    [iter 3479142] reheat + diversify: ceiling=0.00, value=57961.0
    [iter 3484895] reheat + diversify: ceiling=0.00, value=79941.0
    [iter 3490648] reheat + diversify: ceiling=0.00, value=87568.0
    [iter 3496401] reheat + diversify: ceiling=0.00, value=66842.0
    [iter 3502154] reheat + diversify: ceiling=0.00, value=59138.0
    [iter 3507907] reheat + diversify: ceiling=0.00, value=66207.0
    [iter 3513660] reheat + diversify: ceiling=0.00, value=68505.0
    [iter 3519413] reheat + diversify: ceiling=0.00, value=82060.0
    [iter 3525166] reheat + diversify: ceiling=0.00, value=50054.0
    [iter 3530919] reheat + diversify: ceiling=0.00, value=88865.0
    [iter 3536672] reheat + diversify: ceiling=0.00, value=78162.0
    [iter 3542425] reheat + diversify: ceiling=0.00, value=58763.0
    [iter 3548178] reheat + diversify: ceiling=0.00, value=54317.0
    [iter 3553931] reheat + diversify: ceiling=0.00, value=68256.0
    [iter 3559684] reheat + diversify: ceiling=0.00, value=50856.0
    [iter 3565437] reheat + diversify: ceiling=0.00, value=73895.0
    [iter 3571190] reheat + diversify: ceiling=0.00, value=61588.0
    [iter 3576943] reheat + diversify: ceiling=0.00, value=62607.0
    [iter 3582696] reheat + diversify: ceiling=0.00, value=71663.0
    [iter 3588449] reheat + diversify: ceiling=0.00, value=65770.0
    [iter 3594202] reheat + diversify: ceiling=0.00, value=75865.0
    [iter 3599955] reheat + diversify: ceiling=0.00, value=53522.0
    [iter 3605708] reheat + diversify: ceiling=0.00, value=62811.0
    [iter 3611461] reheat + diversify: ceiling=0.00, value=70351.0
    [iter 3617214] reheat + diversify: ceiling=0.00, value=42820.0
    [iter 3622967] reheat + diversify: ceiling=0.00, value=66359.0
    [iter 3628720] reheat + diversify: ceiling=0.00, value=49964.0
    [iter 3634473] reheat + diversify: ceiling=0.00, value=76458.0
    [iter 3640226] reheat + diversify: ceiling=0.00, value=75333.0
    [iter 3645979] reheat + diversify: ceiling=0.00, value=67328.0
    [iter 3651732] reheat + diversify: ceiling=0.00, value=71124.0
    [iter 3657485] reheat + diversify: ceiling=0.00, value=55021.0
    [iter 3663238] reheat + diversify: ceiling=0.00, value=84476.0
    [iter 3668991] reheat + diversify: ceiling=0.00, value=70219.0
    [iter 3674744] reheat + diversify: ceiling=0.00, value=66596.0
    [iter 3680497] reheat + diversify: ceiling=0.00, value=60246.0
    [iter 3686250] reheat + diversify: ceiling=0.00, value=62243.0
    [iter 3692003] reheat + diversify: ceiling=0.00, value=65256.0
    [iter 3697756] reheat + diversify: ceiling=0.00, value=80152.0
    [iter 3703509] reheat + diversify: ceiling=0.00, value=85329.0
    [iter 3709262] reheat + diversify: ceiling=0.00, value=71533.0
    [iter 3715015] reheat + diversify: ceiling=0.00, value=49267.0
    [iter 3720768] reheat + diversify: ceiling=0.00, value=83343.0
    [iter 3726521] reheat + diversify: ceiling=0.00, value=53800.0
    [iter 3732274] reheat + diversify: ceiling=0.00, value=85712.0
    [iter 3738027] reheat + diversify: ceiling=0.00, value=50997.0
    [iter 3743780] reheat + diversify: ceiling=0.00, value=69114.0
    [iter 3749533] reheat + diversify: ceiling=0.00, value=74995.0
    [iter 3755286] reheat + diversify: ceiling=0.00, value=61583.0
    [iter 3761039] reheat + diversify: ceiling=0.00, value=80397.0
    [iter 3766792] reheat + diversify: ceiling=0.00, value=85318.0
    [iter 3772545] reheat + diversify: ceiling=0.00, value=75510.0
    [iter 3778298] reheat + diversify: ceiling=0.00, value=85938.0
    [iter 3784051] reheat + diversify: ceiling=0.00, value=56055.0
    [iter 3789804] reheat + diversify: ceiling=0.00, value=61934.0
    [iter 3795557] reheat + diversify: ceiling=0.00, value=67341.0
    [iter 3801310] reheat + diversify: ceiling=0.00, value=78463.0
    [iter 3807063] reheat + diversify: ceiling=0.00, value=85749.0
    [iter 3812816] reheat + diversify: ceiling=0.00, value=54174.0
    [iter 3818569] reheat + diversify: ceiling=0.00, value=62266.0
    [iter 3824322] reheat + diversify: ceiling=0.00, value=79950.0
    [iter 3830075] reheat + diversify: ceiling=0.00, value=88477.0
    [iter 3835828] reheat + diversify: ceiling=0.00, value=65652.0
    [iter 3841581] reheat + diversify: ceiling=0.00, value=75873.0
    [iter 3847334] reheat + diversify: ceiling=0.00, value=51651.0
    [iter 3853087] reheat + diversify: ceiling=0.00, value=68650.0
    [iter 3858840] reheat + diversify: ceiling=0.00, value=70698.0
    [iter 3864593] reheat + diversify: ceiling=0.00, value=70229.0
    [iter 3870346] reheat + diversify: ceiling=0.00, value=60217.0
    [iter 3876099] reheat + diversify: ceiling=0.00, value=80505.0
    [iter 3881852] reheat + diversify: ceiling=0.00, value=66861.0
    [iter 3887605] reheat + diversify: ceiling=0.00, value=71594.0
    [iter 3893358] reheat + diversify: ceiling=0.00, value=71495.0
    [iter 3899111] reheat + diversify: ceiling=0.00, value=55376.0
    [iter 3904864] reheat + diversify: ceiling=0.00, value=85221.0
    [iter 3910617] reheat + diversify: ceiling=0.00, value=67992.0
    [iter 3916370] reheat + diversify: ceiling=0.00, value=62199.0
    [iter 3922123] reheat + diversify: ceiling=0.00, value=72393.0
    [iter 3927876] reheat + diversify: ceiling=0.00, value=43580.0
    [iter 3933629] reheat + diversify: ceiling=0.00, value=63504.0
    [iter 3939382] reheat + diversify: ceiling=0.00, value=85295.0
    [iter 3945135] reheat + diversify: ceiling=0.00, value=81051.0
    [iter 3950888] reheat + diversify: ceiling=0.00, value=71477.0
    [iter 3956641] reheat + diversify: ceiling=0.00, value=80090.0
    [iter 3962394] reheat + diversify: ceiling=0.00, value=81732.0
    [iter 3968147] reheat + diversify: ceiling=0.00, value=66809.0
    [iter 3973900] reheat + diversify: ceiling=0.00, value=73784.0
    [iter 3979653] reheat + diversify: ceiling=0.00, value=59140.0
    [iter 3985406] reheat + diversify: ceiling=0.00, value=73848.0
    [iter 3991159] reheat + diversify: ceiling=0.00, value=62888.0
    [iter 3996912] reheat + diversify: ceiling=0.00, value=41354.0
    [iter 4002665] reheat + diversify: ceiling=0.00, value=67214.0
    [iter 4008418] reheat + diversify: ceiling=0.00, value=63242.0
    [iter 4014171] reheat + diversify: ceiling=0.00, value=81445.0
    [iter 4019924] reheat + diversify: ceiling=0.00, value=74168.0
    [iter 4025677] reheat + diversify: ceiling=0.00, value=61019.0
    [iter 4031430] reheat + diversify: ceiling=0.00, value=58753.0
    [iter 4037183] reheat + diversify: ceiling=0.00, value=56282.0
    [iter 4042936] reheat + diversify: ceiling=0.00, value=66956.0
    [iter 4048689] reheat + diversify: ceiling=0.00, value=76679.0
    [iter 4054442] reheat + diversify: ceiling=0.00, value=73325.0
    [iter 4060195] reheat + diversify: ceiling=0.00, value=67774.0
    [iter 4065948] reheat + diversify: ceiling=0.00, value=86759.0
    [iter 4071701] reheat + diversify: ceiling=0.00, value=59129.0
    [iter 4077454] reheat + diversify: ceiling=0.00, value=51722.0
    [iter 4083207] reheat + diversify: ceiling=0.00, value=68989.0
    [iter 4088960] reheat + diversify: ceiling=0.00, value=89032.0
    [iter 4094713] reheat + diversify: ceiling=0.00, value=53955.0
    [iter 4100466] reheat + diversify: ceiling=0.00, value=71650.0
    [iter 4106219] reheat + diversify: ceiling=0.00, value=74775.0
    [iter 4111972] reheat + diversify: ceiling=0.00, value=72311.0
    [iter 4117725] reheat + diversify: ceiling=0.00, value=56239.0
    [iter 4123478] reheat + diversify: ceiling=0.00, value=66674.0
    [iter 4129231] reheat + diversify: ceiling=0.00, value=61318.0
    [iter 4134984] reheat + diversify: ceiling=0.00, value=61224.0
    [iter 4140737] reheat + diversify: ceiling=0.00, value=58450.0
    [iter 4146490] reheat + diversify: ceiling=0.00, value=63828.0
    [iter 4152243] reheat + diversify: ceiling=0.00, value=68225.0
    [iter 4157996] reheat + diversify: ceiling=0.00, value=77840.0
    [iter 4163749] reheat + diversify: ceiling=0.00, value=84088.0
    [iter 4169502] reheat + diversify: ceiling=0.00, value=50129.0
    [iter 4175255] reheat + diversify: ceiling=0.00, value=67435.0
    [iter 4181008] reheat + diversify: ceiling=0.00, value=80961.0
    [iter 4186761] reheat + diversify: ceiling=0.00, value=72332.0
    [iter 4192514] reheat + diversify: ceiling=0.00, value=64861.0
    [iter 4198267] reheat + diversify: ceiling=0.00, value=65723.0
    [iter 4204020] reheat + diversify: ceiling=0.00, value=73398.0
    [iter 4209773] reheat + diversify: ceiling=0.00, value=53205.0
    [iter 4215526] reheat + diversify: ceiling=0.00, value=64116.0
    [iter 4221279] reheat + diversify: ceiling=0.00, value=57705.0
    [iter 4227032] reheat + diversify: ceiling=0.00, value=57990.0
    [iter 4232785] reheat + diversify: ceiling=0.00, value=72940.0
    [iter 4238538] reheat + diversify: ceiling=0.00, value=62839.0
    [iter 4244291] reheat + diversify: ceiling=0.00, value=68148.0
    [iter 4250044] reheat + diversify: ceiling=0.00, value=60534.0
    [iter 4255797] reheat + diversify: ceiling=0.00, value=65380.0
    [iter 4261550] reheat + diversify: ceiling=0.00, value=82496.0
    [iter 4267303] reheat + diversify: ceiling=0.00, value=81269.0
    [iter 4273056] reheat + diversify: ceiling=0.00, value=98418.0
    [iter 4278809] reheat + diversify: ceiling=0.00, value=70004.0
    [iter 4284562] reheat + diversify: ceiling=0.00, value=100158.0
    [iter 4290315] reheat + diversify: ceiling=0.00, value=75598.0
    [iter 4296068] reheat + diversify: ceiling=0.00, value=72462.0
    [iter 4301821] reheat + diversify: ceiling=0.00, value=78466.0
    [iter 4307574] reheat + diversify: ceiling=0.00, value=66655.0
    [iter 4313327] reheat + diversify: ceiling=0.00, value=79351.0
    [iter 4319080] reheat + diversify: ceiling=0.00, value=64560.0
    [iter 4324833] reheat + diversify: ceiling=0.00, value=61626.0
    [iter 4330586] reheat + diversify: ceiling=0.00, value=68225.0
    [iter 4336339] reheat + diversify: ceiling=0.00, value=81202.0
    [iter 4342092] reheat + diversify: ceiling=0.00, value=77639.0
    [iter 4347845] reheat + diversify: ceiling=0.00, value=74199.0
    [iter 4353598] reheat + diversify: ceiling=0.00, value=64658.0
    [iter 4359351] reheat + diversify: ceiling=0.00, value=76810.0
    [iter 4365104] reheat + diversify: ceiling=0.00, value=76403.0
    [iter 4370857] reheat + diversify: ceiling=0.00, value=72980.0
    [iter 4376610] reheat + diversify: ceiling=0.00, value=91712.0
    [iter 4382363] reheat + diversify: ceiling=0.00, value=71326.0
    [iter 4388116] reheat + diversify: ceiling=0.00, value=71092.0
    [iter 4393869] reheat + diversify: ceiling=0.00, value=49619.0
    [iter 4399622] reheat + diversify: ceiling=0.00, value=69497.0
    [iter 4405375] reheat + diversify: ceiling=0.00, value=66591.0
    [iter 4411128] reheat + diversify: ceiling=0.00, value=65532.0
    [iter 4416881] reheat + diversify: ceiling=0.00, value=83475.0
    [iter 4422634] reheat + diversify: ceiling=0.00, value=85211.0
    [iter 4428387] reheat + diversify: ceiling=0.00, value=74815.0
    [iter 4434140] reheat + diversify: ceiling=0.00, value=54584.0
    [iter 4439893] reheat + diversify: ceiling=0.00, value=82417.0
    [iter 4445646] reheat + diversify: ceiling=0.00, value=52526.0
    [iter 4451399] reheat + diversify: ceiling=0.00, value=73167.0
    [iter 4457152] reheat + diversify: ceiling=0.00, value=60133.0
    [iter 4462905] reheat + diversify: ceiling=0.00, value=64627.0
    [iter 4468658] reheat + diversify: ceiling=0.00, value=78687.0
    [iter 4474411] reheat + diversify: ceiling=0.00, value=67601.0
    [iter 4480164] reheat + diversify: ceiling=0.00, value=87733.0
    [iter 4485917] reheat + diversify: ceiling=0.00, value=73504.0
    [iter 4491670] reheat + diversify: ceiling=0.00, value=90096.0
    [iter 4497423] reheat + diversify: ceiling=0.00, value=79586.0
    [iter 4503176] reheat + diversify: ceiling=0.00, value=70831.0
    [iter 4508929] reheat + diversify: ceiling=0.00, value=79713.0
    [iter 4514682] reheat + diversify: ceiling=0.00, value=62876.0
    [iter 4520435] reheat + diversify: ceiling=0.00, value=83056.0
    [iter 4526188] reheat + diversify: ceiling=0.00, value=66459.0
    [iter 4531941] reheat + diversify: ceiling=0.00, value=82582.0
    [iter 4537694] reheat + diversify: ceiling=0.00, value=75173.0
    [iter 4543447] reheat + diversify: ceiling=0.00, value=64703.0
    [iter 4549200] reheat + diversify: ceiling=0.00, value=60571.0
    [iter 4554953] reheat + diversify: ceiling=0.00, value=44035.0
    [iter 4560706] reheat + diversify: ceiling=0.00, value=51896.0
    [iter 4566459] reheat + diversify: ceiling=0.00, value=74148.0
    [iter 4572212] reheat + diversify: ceiling=0.00, value=89117.0
    [iter 4577965] reheat + diversify: ceiling=0.00, value=61972.0
    [iter 4583718] reheat + diversify: ceiling=0.00, value=61862.0
    [iter 4589471] reheat + diversify: ceiling=0.00, value=57939.0
    [iter 4595224] reheat + diversify: ceiling=0.00, value=72700.0
    [iter 4600977] reheat + diversify: ceiling=0.00, value=78673.0
    [iter 4606730] reheat + diversify: ceiling=0.00, value=66737.0
    [iter 4612483] reheat + diversify: ceiling=0.00, value=58025.0
    [iter 4618236] reheat + diversify: ceiling=0.00, value=56949.0
    [iter 4623989] reheat + diversify: ceiling=0.00, value=60814.0
    [iter 4629742] reheat + diversify: ceiling=0.00, value=70393.0
    [iter 4635495] reheat + diversify: ceiling=0.00, value=75224.0
    [iter 4641248] reheat + diversify: ceiling=0.00, value=53519.0
    [iter 4647001] reheat + diversify: ceiling=0.00, value=79998.0
    [iter 4652754] reheat + diversify: ceiling=0.00, value=83130.0
    [iter 4658507] reheat + diversify: ceiling=0.00, value=69238.0
    [iter 4664260] reheat + diversify: ceiling=0.00, value=73107.0
    [iter 4670013] reheat + diversify: ceiling=0.00, value=68962.0
    [iter 4675766] reheat + diversify: ceiling=0.00, value=65147.0
    [iter 4681519] reheat + diversify: ceiling=0.00, value=74028.0
    [iter 4687272] reheat + diversify: ceiling=0.00, value=87722.0
    [iter 4693025] reheat + diversify: ceiling=0.00, value=78342.0
    [iter 4698778] reheat + diversify: ceiling=0.00, value=80886.0
    [iter 4704531] reheat + diversify: ceiling=0.00, value=73407.0
    [iter 4710284] reheat + diversify: ceiling=0.00, value=74701.0
    [iter 4716037] reheat + diversify: ceiling=0.00, value=75477.0
    [iter 4721790] reheat + diversify: ceiling=0.00, value=67149.0
    [iter 4727543] reheat + diversify: ceiling=0.00, value=74489.0
    [iter 4733296] reheat + diversify: ceiling=0.00, value=103549.0
    [iter 4739049] reheat + diversify: ceiling=0.00, value=100207.0
    [iter 4744802] reheat + diversify: ceiling=0.00, value=59941.0
    [iter 4750555] reheat + diversify: ceiling=0.00, value=52861.0
    [iter 4756308] reheat + diversify: ceiling=0.00, value=66452.0
    [iter 4762061] reheat + diversify: ceiling=0.00, value=58160.0
    [iter 4767814] reheat + diversify: ceiling=0.00, value=74951.0
    [iter 4773567] reheat + diversify: ceiling=0.00, value=59375.0
    [iter 4779320] reheat + diversify: ceiling=0.00, value=85684.0
    [iter 4785073] reheat + diversify: ceiling=0.00, value=55482.0
    [iter 4790826] reheat + diversify: ceiling=0.00, value=71784.0
    [iter 4796579] reheat + diversify: ceiling=0.00, value=86972.0
    [iter 4802332] reheat + diversify: ceiling=0.00, value=79126.0
    [iter 4808085] reheat + diversify: ceiling=0.00, value=63224.0
    [iter 4813838] reheat + diversify: ceiling=0.00, value=67235.0
    [iter 4819591] reheat + diversify: ceiling=0.00, value=56888.0
    [iter 4825344] reheat + diversify: ceiling=0.00, value=64914.0
    [iter 4831097] reheat + diversify: ceiling=0.00, value=66477.0
    [iter 4836850] reheat + diversify: ceiling=0.00, value=81310.0
    [iter 4842603] reheat + diversify: ceiling=0.00, value=52027.0
    [iter 4848356] reheat + diversify: ceiling=0.00, value=85883.0
    [iter 4854109] reheat + diversify: ceiling=0.00, value=57124.0
    [iter 4859862] reheat + diversify: ceiling=0.00, value=65890.0
    [iter 4865615] reheat + diversify: ceiling=0.00, value=73056.0
    [iter 4871368] reheat + diversify: ceiling=0.00, value=82366.0
    [iter 4877121] reheat + diversify: ceiling=0.00, value=103967.0
    [iter 4882874] reheat + diversify: ceiling=0.00, value=71080.0
    [iter 4888627] reheat + diversify: ceiling=0.00, value=82420.0
    [iter 4894380] reheat + diversify: ceiling=0.00, value=89993.0
    [iter 4900133] reheat + diversify: ceiling=0.00, value=71374.0
    [iter 4905886] reheat + diversify: ceiling=0.00, value=54060.0
    [iter 4911639] reheat + diversify: ceiling=0.00, value=82867.0
    [iter 4917392] reheat + diversify: ceiling=0.00, value=64039.0
    [iter 4923145] reheat + diversify: ceiling=0.00, value=74299.0
    [iter 4928898] reheat + diversify: ceiling=0.00, value=53045.0
    [iter 4934651] reheat + diversify: ceiling=0.00, value=82946.0
    [iter 4940404] reheat + diversify: ceiling=0.00, value=73721.0
    [iter 4946157] reheat + diversify: ceiling=0.00, value=68869.0
    [iter 4951910] reheat + diversify: ceiling=0.00, value=60820.0
    [iter 4957663] reheat + diversify: ceiling=0.00, value=76245.0
    [iter 4963416] reheat + diversify: ceiling=0.00, value=95196.0
    [iter 4969169] reheat + diversify: ceiling=0.00, value=95703.0
    [iter 4974922] reheat + diversify: ceiling=0.00, value=58439.0
    [iter 4980675] reheat + diversify: ceiling=0.00, value=66592.0
    [iter 4986428] reheat + diversify: ceiling=0.00, value=66576.0
    [iter 4992181] reheat + diversify: ceiling=0.00, value=67891.0
    [iter 4997934] reheat + diversify: ceiling=0.00, value=68254.0
    [iter 5003687] reheat + diversify: ceiling=0.00, value=83923.0
    [iter 5009440] reheat + diversify: ceiling=0.00, value=71902.0
    [iter 5015193] reheat + diversify: ceiling=0.00, value=55773.0
    [iter 5020946] reheat + diversify: ceiling=0.00, value=79540.0
    [iter 5026699] reheat + diversify: ceiling=0.00, value=56467.0
    [iter 5032452] reheat + diversify: ceiling=0.00, value=71872.0
    [iter 5038205] reheat + diversify: ceiling=0.00, value=69822.0
    [iter 5043958] reheat + diversify: ceiling=0.00, value=88661.0
    [iter 5049711] reheat + diversify: ceiling=0.00, value=97381.0
    [iter 5055464] reheat + diversify: ceiling=0.00, value=66722.0
    [iter 5061217] reheat + diversify: ceiling=0.00, value=55439.0
    [iter 5066970] reheat + diversify: ceiling=0.00, value=59256.0
    [iter 5072723] reheat + diversify: ceiling=0.00, value=89566.0
    [iter 5078476] reheat + diversify: ceiling=0.00, value=68842.0
    [iter 5084229] reheat + diversify: ceiling=0.00, value=62352.0
    [iter 5089982] reheat + diversify: ceiling=0.00, value=76779.0
    [iter 5095735] reheat + diversify: ceiling=0.00, value=77454.0
    [iter 5101488] reheat + diversify: ceiling=0.00, value=71411.0
    [iter 5107241] reheat + diversify: ceiling=0.00, value=78966.0
    [iter 5112994] reheat + diversify: ceiling=0.00, value=68580.0
    [iter 5118747] reheat + diversify: ceiling=0.00, value=78779.0
    [iter 5124500] reheat + diversify: ceiling=0.00, value=61324.0
    [iter 5130253] reheat + diversify: ceiling=0.00, value=74811.0
    [iter 5136006] reheat + diversify: ceiling=0.00, value=66745.0
    [iter 5141759] reheat + diversify: ceiling=0.00, value=67507.0
    [iter 5147512] reheat + diversify: ceiling=0.00, value=67325.0
    [iter 5153265] reheat + diversify: ceiling=0.00, value=82664.0
    [iter 5159018] reheat + diversify: ceiling=0.00, value=65287.0
    [iter 5164771] reheat + diversify: ceiling=0.00, value=47101.0
    [iter 5170524] reheat + diversify: ceiling=0.00, value=55077.0
    [iter 5176277] reheat + diversify: ceiling=0.00, value=77715.0
    [iter 5182030] reheat + diversify: ceiling=0.00, value=74979.0
    [iter 5187783] reheat + diversify: ceiling=0.00, value=86730.0
    [iter 5193536] reheat + diversify: ceiling=0.00, value=68389.0
    [iter 5199289] reheat + diversify: ceiling=0.00, value=63095.0
    [iter 5205042] reheat + diversify: ceiling=0.00, value=81104.0
    [iter 5210795] reheat + diversify: ceiling=0.00, value=60479.0
    [iter 5216548] reheat + diversify: ceiling=0.00, value=61754.0
    [iter 5222301] reheat + diversify: ceiling=0.00, value=74378.0
    [iter 5228054] reheat + diversify: ceiling=0.00, value=63145.0
    [iter 5233807] reheat + diversify: ceiling=0.00, value=75279.0
    [iter 5239560] reheat + diversify: ceiling=0.00, value=61848.0
    [iter 5245313] reheat + diversify: ceiling=0.00, value=52052.0
    [iter 5251066] reheat + diversify: ceiling=0.00, value=86989.0
    [iter 5256819] reheat + diversify: ceiling=0.00, value=50406.0
    [iter 5262572] reheat + diversify: ceiling=0.00, value=65672.0
    [iter 5268325] reheat + diversify: ceiling=0.00, value=65773.0
    [iter 5274078] reheat + diversify: ceiling=0.00, value=72543.0
    [iter 5279831] reheat + diversify: ceiling=0.00, value=77248.0
    [iter 5285584] reheat + diversify: ceiling=0.00, value=58769.0
    [iter 5291337] reheat + diversify: ceiling=0.00, value=41810.0
    [iter 5297090] reheat + diversify: ceiling=0.00, value=73065.0
    [iter 5302843] reheat + diversify: ceiling=0.00, value=75094.0
    [iter 5308596] reheat + diversify: ceiling=0.00, value=60892.0
    [iter 5314349] reheat + diversify: ceiling=0.00, value=66771.0
    [iter 5320102] reheat + diversify: ceiling=0.00, value=70991.0
    [iter 5325855] reheat + diversify: ceiling=0.00, value=63962.0
    [iter 5331608] reheat + diversify: ceiling=0.00, value=83784.0
    [iter 5337361] reheat + diversify: ceiling=0.00, value=68010.0
    [iter 5343114] reheat + diversify: ceiling=0.00, value=80928.0
    [iter 5348867] reheat + diversify: ceiling=0.00, value=65056.0
    [iter 5354620] reheat + diversify: ceiling=0.00, value=59368.0
    [iter 5360373] reheat + diversify: ceiling=0.00, value=52814.0
    [iter 5366126] reheat + diversify: ceiling=0.00, value=87160.0
    [iter 5371879] reheat + diversify: ceiling=0.00, value=43335.0
    [iter 5377632] reheat + diversify: ceiling=0.00, value=50434.0
    [iter 5383385] reheat + diversify: ceiling=0.00, value=44482.0
    [iter 5389138] reheat + diversify: ceiling=0.00, value=65252.0
    [iter 5394891] reheat + diversify: ceiling=0.00, value=83377.0
    [iter 5400644] reheat + diversify: ceiling=0.00, value=77501.0
    [iter 5406397] reheat + diversify: ceiling=0.00, value=58027.0
    [iter 5412150] reheat + diversify: ceiling=0.00, value=79384.0
    [iter 5417903] reheat + diversify: ceiling=0.00, value=87568.0
    [iter 5423656] reheat + diversify: ceiling=0.00, value=42366.0
    [iter 5429409] reheat + diversify: ceiling=0.00, value=77448.0
    [iter 5435162] reheat + diversify: ceiling=0.00, value=79547.0
    [iter 5440915] reheat + diversify: ceiling=0.00, value=65419.0
    [iter 5446668] reheat + diversify: ceiling=0.00, value=61128.0
    [iter 5452421] reheat + diversify: ceiling=0.00, value=40793.0
    [iter 5458174] reheat + diversify: ceiling=0.00, value=67454.0
    [iter 5463927] reheat + diversify: ceiling=0.00, value=83539.0
    [iter 5469680] reheat + diversify: ceiling=0.00, value=74610.0
    [iter 5475433] reheat + diversify: ceiling=0.00, value=66608.0
    [iter 5481186] reheat + diversify: ceiling=0.00, value=60732.0
    [iter 5486939] reheat + diversify: ceiling=0.00, value=76509.0
    [iter 5492692] reheat + diversify: ceiling=0.00, value=110083.0
    [iter 5498445] reheat + diversify: ceiling=0.00, value=49469.0
    [iter 5504198] reheat + diversify: ceiling=0.00, value=69398.0
    [iter 5509951] reheat + diversify: ceiling=0.00, value=60300.0
    [iter 5515704] reheat + diversify: ceiling=0.00, value=93887.0
    [iter 5521457] reheat + diversify: ceiling=0.00, value=86900.0
    [iter 5527210] reheat + diversify: ceiling=0.00, value=73678.0
    [iter 5532963] reheat + diversify: ceiling=0.00, value=74895.0
    [iter 5538716] reheat + diversify: ceiling=0.00, value=83004.0
    [iter 5544469] reheat + diversify: ceiling=0.00, value=76884.0
    [iter 5550222] reheat + diversify: ceiling=0.00, value=94437.0
    [iter 5555975] reheat + diversify: ceiling=0.00, value=75302.0
    [iter 5561728] reheat + diversify: ceiling=0.00, value=60578.0
    [iter 5567481] reheat + diversify: ceiling=0.00, value=95835.0
    [iter 5573234] reheat + diversify: ceiling=0.00, value=75439.0
    [iter 5578987] reheat + diversify: ceiling=0.00, value=76872.0
    [iter 5584740] reheat + diversify: ceiling=0.00, value=77625.0
    [iter 5590493] reheat + diversify: ceiling=0.00, value=66905.0
    [iter 5596246] reheat + diversify: ceiling=0.00, value=77292.0
    [iter 5601999] reheat + diversify: ceiling=0.00, value=81924.0
    [iter 5607752] reheat + diversify: ceiling=0.00, value=47576.0
    [iter 5613505] reheat + diversify: ceiling=0.00, value=60766.0
    [iter 5619258] reheat + diversify: ceiling=0.00, value=66945.0
    [iter 5625011] reheat + diversify: ceiling=0.00, value=73246.0
    [iter 5630764] reheat + diversify: ceiling=0.00, value=59142.0
    [iter 5636517] reheat + diversify: ceiling=0.00, value=72304.0
    [iter 5642270] reheat + diversify: ceiling=0.00, value=67292.0
    [iter 5648023] reheat + diversify: ceiling=0.00, value=58283.0
    [iter 5653776] reheat + diversify: ceiling=0.00, value=78622.0
    [iter 5659529] reheat + diversify: ceiling=0.00, value=69142.0
    [iter 5665282] reheat + diversify: ceiling=0.00, value=68163.0
    [iter 5671035] reheat + diversify: ceiling=0.00, value=61121.0
    [iter 5676788] reheat + diversify: ceiling=0.00, value=86489.0
    [iter 5682541] reheat + diversify: ceiling=0.00, value=63639.0
    [iter 5688294] reheat + diversify: ceiling=0.00, value=69875.0
    [iter 5694047] reheat + diversify: ceiling=0.00, value=64435.0
    [iter 5699800] reheat + diversify: ceiling=0.00, value=77205.0
    [iter 5705553] reheat + diversify: ceiling=0.00, value=66711.0
    [iter 5711306] reheat + diversify: ceiling=0.00, value=81228.0
    [iter 5717059] reheat + diversify: ceiling=0.00, value=66631.0
    [iter 5722812] reheat + diversify: ceiling=0.00, value=90354.0
    [iter 5728565] reheat + diversify: ceiling=0.00, value=68663.0
    [iter 5734318] reheat + diversify: ceiling=0.00, value=75541.0
    [iter 5740071] reheat + diversify: ceiling=0.00, value=69567.0
    [iter 5745824] reheat + diversify: ceiling=0.00, value=67102.0
    [iter 5751577] reheat + diversify: ceiling=0.00, value=78945.0
    [iter 5757330] reheat + diversify: ceiling=0.00, value=71597.0
    [iter 5763083] reheat + diversify: ceiling=0.00, value=68172.0
    [iter 5768836] reheat + diversify: ceiling=0.00, value=64209.0
    [iter 5774589] reheat + diversify: ceiling=0.00, value=61938.0
    [iter 5780342] reheat + diversify: ceiling=0.00, value=62461.0
    [iter 5786095] reheat + diversify: ceiling=0.00, value=88495.0
    [iter 5791848] reheat + diversify: ceiling=0.00, value=70796.0
    [iter 5797601] reheat + diversify: ceiling=0.00, value=59109.0
    [iter 5803354] reheat + diversify: ceiling=0.00, value=95787.0
    [iter 5809107] reheat + diversify: ceiling=0.00, value=71262.0
    [iter 5814860] reheat + diversify: ceiling=0.00, value=66963.0
    [iter 5820613] reheat + diversify: ceiling=0.00, value=72305.0
    [iter 5826366] reheat + diversify: ceiling=0.00, value=66243.0
    [iter 5832119] reheat + diversify: ceiling=0.00, value=86480.0
    [iter 5837872] reheat + diversify: ceiling=0.00, value=52706.0
    [iter 5843625] reheat + diversify: ceiling=0.00, value=69026.0
    [iter 5849378] reheat + diversify: ceiling=0.00, value=75271.0
    [iter 5855131] reheat + diversify: ceiling=0.00, value=75439.0
    [iter 5860884] reheat + diversify: ceiling=0.00, value=84698.0
    [iter 5866637] reheat + diversify: ceiling=0.00, value=72054.0
    [iter 5872390] reheat + diversify: ceiling=0.00, value=82334.0
    [iter 5878143] reheat + diversify: ceiling=0.00, value=89662.0
    [iter 5883896] reheat + diversify: ceiling=0.00, value=66056.0
    [iter 5889649] reheat + diversify: ceiling=0.00, value=64359.0
    [iter 5895402] reheat + diversify: ceiling=0.00, value=66235.0
    [iter 5901155] reheat + diversify: ceiling=0.00, value=82394.0
    [iter 5906908] reheat + diversify: ceiling=0.00, value=72295.0
    [iter 5912661] reheat + diversify: ceiling=0.00, value=66946.0
    [iter 5918414] reheat + diversify: ceiling=0.00, value=69004.0
    [iter 5924167] reheat + diversify: ceiling=0.00, value=50985.0
    [iter 5929920] reheat + diversify: ceiling=0.00, value=59562.0
    [iter 5935673] reheat + diversify: ceiling=0.00, value=77285.0
    [iter 5941426] reheat + diversify: ceiling=0.00, value=88619.0
    [iter 5947179] reheat + diversify: ceiling=0.00, value=71830.0
    [iter 5952932] reheat + diversify: ceiling=0.00, value=68022.0
    [iter 5958685] reheat + diversify: ceiling=0.00, value=69315.0
    [iter 5964438] reheat + diversify: ceiling=0.00, value=62554.0
    [iter 5970191] reheat + diversify: ceiling=0.00, value=57000.0
    [iter 5975944] reheat + diversify: ceiling=0.00, value=60014.0
    [iter 5981697] reheat + diversify: ceiling=0.00, value=59244.0
    [iter 5987450] reheat + diversify: ceiling=0.00, value=74796.0
    [iter 5993203] reheat + diversify: ceiling=0.00, value=79167.0
    [iter 5998956] reheat + diversify: ceiling=0.00, value=69398.0
    [iter 6004709] reheat + diversify: ceiling=0.00, value=82077.0
    [iter 6010462] reheat + diversify: ceiling=0.00, value=59176.0
    [iter 6016215] reheat + diversify: ceiling=0.00, value=80456.0
    [iter 6021968] reheat + diversify: ceiling=0.00, value=89618.0
    [iter 6027721] reheat + diversify: ceiling=0.00, value=69160.0
    [iter 6033474] reheat + diversify: ceiling=0.00, value=60588.0
    [iter 6039227] reheat + diversify: ceiling=0.00, value=75698.0
    [iter 6044980] reheat + diversify: ceiling=0.00, value=84419.0
    [iter 6050733] reheat + diversify: ceiling=0.00, value=73955.0
    [iter 6056486] reheat + diversify: ceiling=0.00, value=68064.0
    [iter 6062239] reheat + diversify: ceiling=0.00, value=49622.0
    [iter 6067992] reheat + diversify: ceiling=0.00, value=61140.0
    [iter 6073745] reheat + diversify: ceiling=0.00, value=91896.0
    [iter 6079498] reheat + diversify: ceiling=0.00, value=99629.0
    [iter 6085251] reheat + diversify: ceiling=0.00, value=44786.0
    [iter 6091004] reheat + diversify: ceiling=0.00, value=57820.0
    [iter 6096757] reheat + diversify: ceiling=0.00, value=105422.0
    [iter 6102510] reheat + diversify: ceiling=0.00, value=85812.0
    [iter 6108263] reheat + diversify: ceiling=0.00, value=51431.0
    [iter 6114016] reheat + diversify: ceiling=0.00, value=90738.0
    [iter 6119769] reheat + diversify: ceiling=0.00, value=64571.0
    [iter 6125522] reheat + diversify: ceiling=0.00, value=69230.0
    [iter 6131275] reheat + diversify: ceiling=0.00, value=75183.0
    [iter 6137028] reheat + diversify: ceiling=0.00, value=79897.0
    [iter 6142781] reheat + diversify: ceiling=0.00, value=75869.0
    [iter 6148534] reheat + diversify: ceiling=0.00, value=110083.0
    [iter 6154287] reheat + diversify: ceiling=0.00, value=65644.0
    [iter 6160040] reheat + diversify: ceiling=0.00, value=84211.0
    [iter 6165793] reheat + diversify: ceiling=0.00, value=69670.0
    [iter 6171546] reheat + diversify: ceiling=0.00, value=72567.0
    [iter 6177299] reheat + diversify: ceiling=0.00, value=70962.0
    [iter 6183052] reheat + diversify: ceiling=0.00, value=72154.0
    [iter 6188805] reheat + diversify: ceiling=0.00, value=69844.0
    [iter 6194558] reheat + diversify: ceiling=0.00, value=72384.0
    [iter 6200311] reheat + diversify: ceiling=0.00, value=77856.0
    [iter 6206064] reheat + diversify: ceiling=0.00, value=73355.0
    [iter 6211817] reheat + diversify: ceiling=0.00, value=67120.0
    [iter 6217570] reheat + diversify: ceiling=0.00, value=65520.0
    [iter 6223323] reheat + diversify: ceiling=0.00, value=80639.0
    [iter 6229076] reheat + diversify: ceiling=0.00, value=64852.0
    [iter 6234829] reheat + diversify: ceiling=0.00, value=57718.0
    [iter 6240582] reheat + diversify: ceiling=0.00, value=88750.0
    [iter 6246335] reheat + diversify: ceiling=0.00, value=66697.0
    [iter 6252088] reheat + diversify: ceiling=0.00, value=65445.0
    [iter 6257841] reheat + diversify: ceiling=0.00, value=57359.0
    [iter 6263594] reheat + diversify: ceiling=0.00, value=72477.0
    [iter 6269347] reheat + diversify: ceiling=0.00, value=53651.0
    [iter 6275100] reheat + diversify: ceiling=0.00, value=67384.0
    [iter 6280853] reheat + diversify: ceiling=0.00, value=67322.0
    [iter 6286606] reheat + diversify: ceiling=0.00, value=64496.0
    [iter 6292359] reheat + diversify: ceiling=0.00, value=75679.0
    [iter 6298112] reheat + diversify: ceiling=0.00, value=73411.0
    [iter 6303865] reheat + diversify: ceiling=0.00, value=64841.0
    [iter 6309618] reheat + diversify: ceiling=0.00, value=78264.0
    [iter 6315371] reheat + diversify: ceiling=0.00, value=58537.0
    [iter 6321124] reheat + diversify: ceiling=0.00, value=75585.0
    [iter 6326877] reheat + diversify: ceiling=0.00, value=63996.0
    [iter 6332630] reheat + diversify: ceiling=0.00, value=76535.0
    [iter 6338383] reheat + diversify: ceiling=0.00, value=43862.0
    [iter 6344136] reheat + diversify: ceiling=0.00, value=50540.0
    [iter 6349889] reheat + diversify: ceiling=0.00, value=63483.0
    [iter 6355642] reheat + diversify: ceiling=0.00, value=61826.0
    [iter 6361395] reheat + diversify: ceiling=0.00, value=78529.0
    [iter 6367148] reheat + diversify: ceiling=0.00, value=60209.0
    [iter 6372901] reheat + diversify: ceiling=0.00, value=57554.0
    [iter 6378654] reheat + diversify: ceiling=0.00, value=70245.0
    [iter 6384407] reheat + diversify: ceiling=0.00, value=70809.0
    [iter 6390160] reheat + diversify: ceiling=0.00, value=73041.0
    [iter 6395913] reheat + diversify: ceiling=0.00, value=57085.0
    [iter 6401666] reheat + diversify: ceiling=0.00, value=61826.0
    [iter 6407419] reheat + diversify: ceiling=0.00, value=57419.0
    [iter 6413172] reheat + diversify: ceiling=0.00, value=60992.0
    [iter 6418925] reheat + diversify: ceiling=0.00, value=75948.0
    [iter 6424678] reheat + diversify: ceiling=0.00, value=99054.0
    [iter 6430431] reheat + diversify: ceiling=0.00, value=90545.0
    [iter 6436184] reheat + diversify: ceiling=0.00, value=80700.0
    [iter 6441937] reheat + diversify: ceiling=0.00, value=79161.0
    [iter 6447690] reheat + diversify: ceiling=0.00, value=53793.0
    [iter 6453443] reheat + diversify: ceiling=0.00, value=61948.0
    [iter 6459196] reheat + diversify: ceiling=0.00, value=75926.0
    [iter 6464949] reheat + diversify: ceiling=0.00, value=74233.0
    [iter 6470702] reheat + diversify: ceiling=0.00, value=66243.0
    [iter 6476455] reheat + diversify: ceiling=0.00, value=57887.0
    [iter 6482208] reheat + diversify: ceiling=0.00, value=65514.0
    [iter 6487961] reheat + diversify: ceiling=0.00, value=74924.0
    [iter 6493714] reheat + diversify: ceiling=0.00, value=70931.0
    [iter 6499467] reheat + diversify: ceiling=0.00, value=64084.0
    [iter 6505220] reheat + diversify: ceiling=0.00, value=54699.0
    [iter 6510973] reheat + diversify: ceiling=0.00, value=68052.0
    [iter 6516726] reheat + diversify: ceiling=0.00, value=60559.0
    [iter 6522479] reheat + diversify: ceiling=0.00, value=70953.0
    [iter 6528232] reheat + diversify: ceiling=0.00, value=74304.0
    [iter 6533985] reheat + diversify: ceiling=0.00, value=73323.0
    [iter 6539738] reheat + diversify: ceiling=0.00, value=66823.0
    [iter 6545491] reheat + diversify: ceiling=0.00, value=74618.0
    [iter 6551244] reheat + diversify: ceiling=0.00, value=78966.0
    [iter 6556997] reheat + diversify: ceiling=0.00, value=60186.0
    [iter 6562750] reheat + diversify: ceiling=0.00, value=73754.0
    [iter 6568503] reheat + diversify: ceiling=0.00, value=32528.0
    [iter 6574256] reheat + diversify: ceiling=0.00, value=75978.0
    [iter 6580009] reheat + diversify: ceiling=0.00, value=71473.0
    [iter 6585762] reheat + diversify: ceiling=0.00, value=67983.0
    [iter 6591515] reheat + diversify: ceiling=0.00, value=70090.0
    [iter 6597268] reheat + diversify: ceiling=0.00, value=67732.0
    [iter 6603021] reheat + diversify: ceiling=0.00, value=79586.0
    [iter 6608774] reheat + diversify: ceiling=0.00, value=80644.0
    [iter 6614527] reheat + diversify: ceiling=0.00, value=68159.0
    [iter 6620280] reheat + diversify: ceiling=0.00, value=65609.0
    [iter 6626033] reheat + diversify: ceiling=0.00, value=71839.0
    [iter 6631786] reheat + diversify: ceiling=0.00, value=73399.0
    [iter 6637539] reheat + diversify: ceiling=0.00, value=76156.0
    [iter 6643292] reheat + diversify: ceiling=0.00, value=66136.0
    [iter 6649045] reheat + diversify: ceiling=0.00, value=68286.0
    [iter 6654798] reheat + diversify: ceiling=0.00, value=56965.0
    [iter 6660551] reheat + diversify: ceiling=0.00, value=60896.0
    [iter 6666304] reheat + diversify: ceiling=0.00, value=74299.0
    [iter 6672057] reheat + diversify: ceiling=0.00, value=72857.0
    [iter 6677810] reheat + diversify: ceiling=0.00, value=80227.0
    [iter 6683563] reheat + diversify: ceiling=0.00, value=76575.0
    [iter 6689316] reheat + diversify: ceiling=0.00, value=67825.0
    [iter 6695069] reheat + diversify: ceiling=0.00, value=66629.0
    [iter 6700822] reheat + diversify: ceiling=0.00, value=79052.0
    [iter 6706575] reheat + diversify: ceiling=0.00, value=60469.0
    [iter 6712328] reheat + diversify: ceiling=0.00, value=74183.0
    [iter 6718081] reheat + diversify: ceiling=0.00, value=68837.0
    [iter 6723834] reheat + diversify: ceiling=0.00, value=63227.0
    [iter 6729587] reheat + diversify: ceiling=0.00, value=72472.0
    [iter 6735340] reheat + diversify: ceiling=0.00, value=83152.0
    [iter 6741093] reheat + diversify: ceiling=0.00, value=54070.0
    [iter 6746846] reheat + diversify: ceiling=0.00, value=59905.0
    [iter 6752599] reheat + diversify: ceiling=0.00, value=76418.0
    [iter 6758352] reheat + diversify: ceiling=0.00, value=81868.0
    [iter 6764105] reheat + diversify: ceiling=0.00, value=68299.0
    [iter 6769858] reheat + diversify: ceiling=0.00, value=80619.0
    [iter 6775611] reheat + diversify: ceiling=0.00, value=69040.0
    [iter 6781364] reheat + diversify: ceiling=0.00, value=62412.0
    [iter 6787117] reheat + diversify: ceiling=0.00, value=58185.0
    [iter 6792870] reheat + diversify: ceiling=0.00, value=61576.0
    [iter 6798623] reheat + diversify: ceiling=0.00, value=67985.0
    [iter 6804376] reheat + diversify: ceiling=0.00, value=89971.0
    [iter 6810129] reheat + diversify: ceiling=0.00, value=70445.0
    [iter 6815882] reheat + diversify: ceiling=0.00, value=61117.0
    [iter 6821635] reheat + diversify: ceiling=0.00, value=76223.0
    [iter 6827388] reheat + diversify: ceiling=0.00, value=68566.0
    [iter 6833141] reheat + diversify: ceiling=0.00, value=71061.0
    [iter 6838894] reheat + diversify: ceiling=0.00, value=99211.0
    [iter 6844647] reheat + diversify: ceiling=0.00, value=76453.0
    [iter 6850400] reheat + diversify: ceiling=0.00, value=46973.0
    [iter 6856153] reheat + diversify: ceiling=0.00, value=77032.0
    [iter 6861906] reheat + diversify: ceiling=0.00, value=71709.0
    [iter 6867659] reheat + diversify: ceiling=0.00, value=70351.0
    [iter 6873412] reheat + diversify: ceiling=0.00, value=52119.0
    [iter 6879165] reheat + diversify: ceiling=0.00, value=55954.0
    [iter 6884918] reheat + diversify: ceiling=0.00, value=72323.0
    [iter 6890671] reheat + diversify: ceiling=0.00, value=85506.0
    [iter 6896424] reheat + diversify: ceiling=0.00, value=59270.0
    [iter 6902177] reheat + diversify: ceiling=0.00, value=66045.0
    [iter 6907930] reheat + diversify: ceiling=0.00, value=74045.0
    [iter 6913683] reheat + diversify: ceiling=0.00, value=83964.0
    [iter 6919436] reheat + diversify: ceiling=0.00, value=73134.0
    [iter 6925189] reheat + diversify: ceiling=0.00, value=81277.0
    [iter 6930942] reheat + diversify: ceiling=0.00, value=72096.0
    [iter 6936695] reheat + diversify: ceiling=0.00, value=91896.0
    [iter 6942448] reheat + diversify: ceiling=0.00, value=63373.0
    [iter 6948201] reheat + diversify: ceiling=0.00, value=80250.0
    [iter 6953954] reheat + diversify: ceiling=0.00, value=74225.0
    [iter 6959707] reheat + diversify: ceiling=0.00, value=88353.0
    [iter 6965460] reheat + diversify: ceiling=0.00, value=75752.0
    [iter 6971213] reheat + diversify: ceiling=0.00, value=78552.0
    [iter 6976966] reheat + diversify: ceiling=0.00, value=53875.0
    [iter 6982719] reheat + diversify: ceiling=0.00, value=43182.0
    [iter 6988472] reheat + diversify: ceiling=0.00, value=58904.0
    [iter 6994225] reheat + diversify: ceiling=0.00, value=50357.0
    [iter 6999978] reheat + diversify: ceiling=0.00, value=73573.0
    [iter 7005731] reheat + diversify: ceiling=0.00, value=70782.0
    [iter 7011484] reheat + diversify: ceiling=0.00, value=71538.0
    [iter 7017237] reheat + diversify: ceiling=0.00, value=78227.0
    [iter 7022990] reheat + diversify: ceiling=0.00, value=77945.0
    [iter 7028743] reheat + diversify: ceiling=0.00, value=57331.0
    [iter 7034496] reheat + diversify: ceiling=0.00, value=66824.0
    [iter 7040249] reheat + diversify: ceiling=0.00, value=79394.0
    [iter 7046002] reheat + diversify: ceiling=0.00, value=81663.0
    [iter 7051755] reheat + diversify: ceiling=0.00, value=81329.0
    [iter 7057508] reheat + diversify: ceiling=0.00, value=74900.0
    [iter 7063261] reheat + diversify: ceiling=0.00, value=73441.0
    [iter 7069014] reheat + diversify: ceiling=0.00, value=63926.0
    [iter 7074767] reheat + diversify: ceiling=0.00, value=62927.0
    [iter 7080520] reheat + diversify: ceiling=0.00, value=61937.0
    [iter 7086273] reheat + diversify: ceiling=0.00, value=68233.0
    [iter 7092026] reheat + diversify: ceiling=0.00, value=59096.0
    [iter 7097779] reheat + diversify: ceiling=0.00, value=74575.0
    [iter 7103532] reheat + diversify: ceiling=0.00, value=92173.0
    [iter 7109285] reheat + diversify: ceiling=0.00, value=65987.0
    [iter 7115038] reheat + diversify: ceiling=0.00, value=85079.0
    [iter 7120791] reheat + diversify: ceiling=0.00, value=88400.0
    [iter 7126544] reheat + diversify: ceiling=0.00, value=49793.0
    [iter 7132297] reheat + diversify: ceiling=0.00, value=72022.0
    [iter 7138050] reheat + diversify: ceiling=0.00, value=79348.0
    [iter 7143803] reheat + diversify: ceiling=0.00, value=77090.0
    [iter 7149556] reheat + diversify: ceiling=0.00, value=74992.0
    [iter 7155309] reheat + diversify: ceiling=0.00, value=67719.0
    [iter 7161062] reheat + diversify: ceiling=0.00, value=59763.0
    [iter 7166815] reheat + diversify: ceiling=0.00, value=64492.0
    [iter 7172568] reheat + diversify: ceiling=0.00, value=87040.0
    [iter 7178321] reheat + diversify: ceiling=0.00, value=78168.0
    [iter 7184074] reheat + diversify: ceiling=0.00, value=69729.0
    [iter 7189827] reheat + diversify: ceiling=0.00, value=67509.0
    [iter 7195580] reheat + diversify: ceiling=0.00, value=80852.0
    [iter 7201333] reheat + diversify: ceiling=0.00, value=72485.0
    [iter 7207086] reheat + diversify: ceiling=0.00, value=81045.0
    [iter 7212839] reheat + diversify: ceiling=0.00, value=67082.0
    [iter 7218592] reheat + diversify: ceiling=0.00, value=77761.0
    [iter 7224345] reheat + diversify: ceiling=0.00, value=56790.0
    [iter 7230098] reheat + diversify: ceiling=0.00, value=78264.0
    [iter 7235851] reheat + diversify: ceiling=0.00, value=52989.0
    [iter 7241604] reheat + diversify: ceiling=0.00, value=56837.0
    [iter 7247357] reheat + diversify: ceiling=0.00, value=70546.0
    [iter 7253110] reheat + diversify: ceiling=0.00, value=81740.0
    [iter 7258863] reheat + diversify: ceiling=0.00, value=58994.0
    [iter 7264616] reheat + diversify: ceiling=0.00, value=85282.0
    [iter 7270369] reheat + diversify: ceiling=0.00, value=95774.0
    [iter 7276122] reheat + diversify: ceiling=0.00, value=58691.0
    [iter 7281875] reheat + diversify: ceiling=0.00, value=68839.0
    [iter 7287628] reheat + diversify: ceiling=0.00, value=71542.0
    [iter 7293381] reheat + diversify: ceiling=0.00, value=47460.0
    [iter 7299134] reheat + diversify: ceiling=0.00, value=70545.0
    [iter 7304887] reheat + diversify: ceiling=0.00, value=77336.0
    [iter 7310640] reheat + diversify: ceiling=0.00, value=56248.0
    [iter 7316393] reheat + diversify: ceiling=0.00, value=70753.0
    [iter 7322146] reheat + diversify: ceiling=0.00, value=54075.0
    [iter 7327899] reheat + diversify: ceiling=0.00, value=66865.0
    [iter 7333652] reheat + diversify: ceiling=0.00, value=70368.0
    [iter 7339405] reheat + diversify: ceiling=0.00, value=63787.0
    [iter 7345158] reheat + diversify: ceiling=0.00, value=63675.0
    [iter 7350911] reheat + diversify: ceiling=0.00, value=70322.0
    [iter 7356664] reheat + diversify: ceiling=0.00, value=97817.0
    [iter 7362417] reheat + diversify: ceiling=0.00, value=83964.0
    [iter 7368170] reheat + diversify: ceiling=0.00, value=56557.0
    [iter 7373923] reheat + diversify: ceiling=0.00, value=57238.0
    [iter 7379676] reheat + diversify: ceiling=0.00, value=66165.0
    [iter 7385429] reheat + diversify: ceiling=0.00, value=42520.0
    [iter 7391182] reheat + diversify: ceiling=0.00, value=55602.0
    [iter 7396935] reheat + diversify: ceiling=0.00, value=66734.0
    [iter 7402688] reheat + diversify: ceiling=0.00, value=74050.0
    [iter 7408441] reheat + diversify: ceiling=0.00, value=63301.0
    [iter 7414194] reheat + diversify: ceiling=0.00, value=82599.0
    [iter 7419947] reheat + diversify: ceiling=0.00, value=59810.0
    [iter 7425700] reheat + diversify: ceiling=0.00, value=67022.0
    [iter 7431453] reheat + diversify: ceiling=0.00, value=81334.0
    [iter 7437206] reheat + diversify: ceiling=0.00, value=83199.0
    [iter 7442959] reheat + diversify: ceiling=0.00, value=73822.0
    [iter 7448712] reheat + diversify: ceiling=0.00, value=59483.0
    [iter 7454465] reheat + diversify: ceiling=0.00, value=81934.0
    [iter 7460218] reheat + diversify: ceiling=0.00, value=58276.0
    [iter 7465971] reheat + diversify: ceiling=0.00, value=73409.0
    [iter 7471724] reheat + diversify: ceiling=0.00, value=81104.0
    [iter 7477477] reheat + diversify: ceiling=0.00, value=72328.0
    [iter 7483230] reheat + diversify: ceiling=0.00, value=71680.0
    [iter 7488983] reheat + diversify: ceiling=0.00, value=79179.0
    [iter 7494736] reheat + diversify: ceiling=0.00, value=70759.0
    [iter 7500489] reheat + diversify: ceiling=0.00, value=83817.0
    [iter 7506242] reheat + diversify: ceiling=0.00, value=74725.0
    [iter 7511995] reheat + diversify: ceiling=0.00, value=73834.0
    [iter 7517748] reheat + diversify: ceiling=0.00, value=70445.0
    [iter 7523501] reheat + diversify: ceiling=0.00, value=70036.0
    [iter 7529254] reheat + diversify: ceiling=0.00, value=60301.0
    [iter 7535007] reheat + diversify: ceiling=0.00, value=73921.0
    [iter 7540760] reheat + diversify: ceiling=0.00, value=54332.0
    [iter 7546513] reheat + diversify: ceiling=0.00, value=62554.0
    [iter 7552266] reheat + diversify: ceiling=0.00, value=53437.0
    [iter 7558019] reheat + diversify: ceiling=0.00, value=55839.0
    [iter 7563772] reheat + diversify: ceiling=0.00, value=76780.0
    [iter 7569525] reheat + diversify: ceiling=0.00, value=75541.0
  time limit reached at iteration 7569822
  SA finished: 7569822 iterations in 900.0s (8411 it/s), accepted 3441317 (45.5%), rejected 4128504, neutral 3000067 (39.6%), worsening accepted 9.7%, no-move draws 0, reheats 1313
  SA: value 114455.0 (greedy 89202.0, +25253.0), bound 128928.0, gap 11.23%, util 81.3%
  report -> /home/mcaspar/3DMHKP/results_3DMHKP_ep3/ep3-20-F-R-50-3DMHKP-SA-a0.999-r0.25-t900s.txt

================================================================================================
SUMMARY
================================================================================================
instance      boxes  packed       greedy     SA value        bound      gap    util    iters    time
------------------------------------------------------------------------------------------------
ep3-20-F-R-50     20      10      89202.0     114455.0     128928.0   11.2%   81.3%  7569822  900.0s
------------------------------------------------------------------------------------------------
proven optimal (value reaches the upper bound): 0/1
improved over greedy: 1/1 (total value 89202.0 -> 114455.0, +28.31%)
mean gap to 0-1 knapsack bound: 11.2%
mean volume utilization: 81.3%
