============================================================
  Solver:     3DMHKP-SA.py
  Instance:   /home/mcaspar/3DMHKP/Egeblad/ep3-20-D-C-50.txt
  Value mode: flat
  Timelimit:  300s
  Reports:    /home/mcaspar/3DMHKP/results_3DMHKP_ep3
  CPUs:       1
============================================================
======================================================================
3DMHKP Simulated Annealing (random single-neighbour, sequence decoder)
SA params: T0=5% of f(S_0), alpha=0.999, T_min=0.001, reheat_threshold=5753, reheat_fraction=0.25
Move weights: {'relocate': 0.0, 'swap': 1.0, '2opt': 0.0, 'promote': 1.5, 'demote': 1.5, 'orient': 1.0, 'container': 0.5}
Time limit: 300.0s per instance, seed 1475602936
======================================================================

======================================================================
ep3-20-D-C-50: 20 boxes (5 types), 1 containers (1 types)
  0-1 knapsack bound: 21792.0 (continuous relaxation: 22478.6)
  initial (value-density) decode: value 9736.0 (10/20 boxes)
  T0 = 548.7 (calibrated, 142 worsening draws, target accept 35%)
  schedule: time-based, T0 -> 125.08 over 300s
    [iter 10] *** NEW BEST: value 11686.0, boxes 11/20, T=548.4, elapsed=0.1s
    [iter 53] *** NEW BEST: value 12616.0, boxes 11/20, T=548.4, elapsed=0.1s
    [iter 125] *** NEW BEST: value 13192.0, boxes 11/20, T=548.4, elapsed=0.1s
    [iter 5878] reheat + diversify: ceiling=137.17, value=11686.0
    [iter 11631] reheat + diversify: ceiling=123.45, value=12616.0
    [iter 17384] reheat + diversify: ceiling=111.10, value=12616.0
    [iter 23137] reheat + diversify: ceiling=99.99, value=12616.0
    [iter 28890] reheat + diversify: ceiling=89.99, value=10534.0
    [iter 34643] reheat + diversify: ceiling=81.00, value=6724.0
    [iter 40396] reheat + diversify: ceiling=72.90, value=12040.0
    [iter 46149] reheat + diversify: ceiling=65.61, value=8230.0
    [iter 51902] reheat + diversify: ceiling=59.05, value=11110.0
    [iter 57655] reheat + diversify: ceiling=53.14, value=11686.0
    [iter 63408] reheat + diversify: ceiling=47.83, value=12616.0
    [iter 69161] reheat + diversify: ceiling=43.04, value=11110.0
    [iter 74914] reheat + diversify: ceiling=38.74, value=12040.0
    [iter 80667] reheat + diversify: ceiling=34.87, value=12616.0
    [iter 86420] reheat + diversify: ceiling=31.38, value=12040.0
    [iter 92173] reheat + diversify: ceiling=28.24, value=11686.0
    [iter 97926] reheat + diversify: ceiling=25.42, value=11110.0
    [iter 103679] reheat + diversify: ceiling=22.88, value=12040.0
    [iter 109432] reheat + diversify: ceiling=20.59, value=13192.0
    [iter 115185] reheat + diversify: ceiling=18.53, value=12616.0
    [iter 120938] reheat + diversify: ceiling=16.68, value=12616.0
    [iter 126691] reheat + diversify: ceiling=15.01, value=12040.0
    [iter 132444] reheat + diversify: ceiling=13.51, value=13192.0
    [iter 138197] reheat + diversify: ceiling=12.16, value=9736.0
    [iter 143950] reheat + diversify: ceiling=10.94, value=9160.0
    [iter 149703] reheat + diversify: ceiling=9.85, value=12616.0
    [iter 155456] reheat + diversify: ceiling=8.86, value=13192.0
    [iter 161209] reheat + diversify: ceiling=7.98, value=8230.0
    [iter 166962] reheat + diversify: ceiling=7.18, value=8230.0
    [iter 172715] reheat + diversify: ceiling=6.46, value=13192.0
    [iter 178468] reheat + diversify: ceiling=5.81, value=12616.0
    [iter 184221] reheat + diversify: ceiling=5.23, value=13192.0
    [iter 189974] reheat + diversify: ceiling=4.71, value=13192.0
    [iter 195727] reheat + diversify: ceiling=4.24, value=11110.0
    [iter 201480] reheat + diversify: ceiling=3.81, value=12616.0
    [iter 207233] reheat + diversify: ceiling=3.43, value=8230.0
    [iter 212986] reheat + diversify: ceiling=3.09, value=13192.0
    [iter 218739] reheat + diversify: ceiling=2.78, value=11110.0
    [iter 224492] reheat + diversify: ceiling=2.50, value=11686.0
    [iter 230245] reheat + diversify: ceiling=2.25, value=12616.0
    [iter 235998] reheat + diversify: ceiling=2.03, value=8230.0
    [iter 241751] reheat + diversify: ceiling=1.82, value=13192.0
    [iter 247504] reheat + diversify: ceiling=1.64, value=11110.0
    [iter 253257] reheat + diversify: ceiling=1.48, value=12616.0
    [iter 259010] reheat + diversify: ceiling=1.33, value=9604.0
    [iter 264763] reheat + diversify: ceiling=1.20, value=13192.0
    [iter 270516] reheat + diversify: ceiling=1.08, value=12616.0
    [iter 276269] reheat + diversify: ceiling=0.97, value=6724.0
    [iter 282022] reheat + diversify: ceiling=0.87, value=12616.0
    [iter 287775] reheat + diversify: ceiling=0.79, value=9160.0
    [iter 293528] reheat + diversify: ceiling=0.71, value=12616.0
    [iter 299281] reheat + diversify: ceiling=0.64, value=12616.0
    [iter 305034] reheat + diversify: ceiling=0.57, value=11686.0
    [iter 310787] reheat + diversify: ceiling=0.52, value=13192.0
    [iter 316540] reheat + diversify: ceiling=0.46, value=7654.0
    [iter 322293] reheat + diversify: ceiling=0.42, value=11110.0
    [iter 328046] reheat + diversify: ceiling=0.38, value=11686.0
    [iter 333799] reheat + diversify: ceiling=0.34, value=13192.0
    [iter 339552] reheat + diversify: ceiling=0.30, value=11110.0
    [iter 345305] reheat + diversify: ceiling=0.27, value=8230.0
    [iter 351058] reheat + diversify: ceiling=0.25, value=11686.0
    [iter 356811] reheat + diversify: ceiling=0.22, value=13192.0
    [iter 362564] reheat + diversify: ceiling=0.20, value=12616.0
    [iter 368317] reheat + diversify: ceiling=0.18, value=13192.0
    [iter 374070] reheat + diversify: ceiling=0.16, value=12616.0
    [iter 379823] reheat + diversify: ceiling=0.15, value=7654.0
    [iter 385576] reheat + diversify: ceiling=0.13, value=7654.0
    [iter 391329] reheat + diversify: ceiling=0.12, value=9160.0
    [iter 397082] reheat + diversify: ceiling=0.11, value=10180.0
    [iter 402835] reheat + diversify: ceiling=0.10, value=12040.0
    [iter 408588] reheat + diversify: ceiling=0.09, value=7654.0
    [iter 414341] reheat + diversify: ceiling=0.08, value=11110.0
    [iter 420094] reheat + diversify: ceiling=0.07, value=12040.0
    [iter 425847] reheat + diversify: ceiling=0.06, value=12040.0
    [iter 431600] reheat + diversify: ceiling=0.06, value=10534.0
    [iter 437353] reheat + diversify: ceiling=0.05, value=12040.0
    [iter 443106] reheat + diversify: ceiling=0.05, value=12616.0
    [iter 448859] reheat + diversify: ceiling=0.04, value=11110.0
    [iter 454612] reheat + diversify: ceiling=0.04, value=12616.0
    [iter 460365] reheat + diversify: ceiling=0.03, value=9160.0
    [iter 466118] reheat + diversify: ceiling=0.03, value=11686.0
    [iter 471871] reheat + diversify: ceiling=0.03, value=11464.0
    [iter 477624] reheat + diversify: ceiling=0.02, value=12040.0
    [iter 483377] reheat + diversify: ceiling=0.02, value=12616.0
    [iter 489130] reheat + diversify: ceiling=0.02, value=11110.0
    [iter 494883] reheat + diversify: ceiling=0.02, value=8230.0
    [iter 500636] reheat + diversify: ceiling=0.02, value=13192.0
    [iter 506389] reheat + diversify: ceiling=0.01, value=13192.0
    [iter 512142] reheat + diversify: ceiling=0.01, value=13192.0
    [iter 517895] reheat + diversify: ceiling=0.01, value=11110.0
    [iter 523648] reheat + diversify: ceiling=0.01, value=12040.0
    [iter 529401] reheat + diversify: ceiling=0.01, value=11686.0
    [iter 535154] reheat + diversify: ceiling=0.01, value=13192.0
    [iter 540907] reheat + diversify: ceiling=0.01, value=12040.0
    [iter 546660] reheat + diversify: ceiling=0.01, value=12616.0
    [iter 552413] reheat + diversify: ceiling=0.01, value=12616.0
    [iter 558166] reheat + diversify: ceiling=0.01, value=12040.0
    [iter 563919] reheat + diversify: ceiling=0.00, value=11110.0
    [iter 569672] reheat + diversify: ceiling=0.00, value=8230.0
    [iter 575425] reheat + diversify: ceiling=0.00, value=13192.0
    [iter 581178] reheat + diversify: ceiling=0.00, value=11686.0
    [iter 586931] reheat + diversify: ceiling=0.00, value=11110.0
    [iter 592684] reheat + diversify: ceiling=0.00, value=12616.0
    [iter 598437] reheat + diversify: ceiling=0.00, value=11110.0
    [iter 604190] reheat + diversify: ceiling=0.00, value=8230.0
    [iter 609943] reheat + diversify: ceiling=0.00, value=11110.0
    [iter 615696] reheat + diversify: ceiling=0.00, value=13192.0
    [iter 621449] reheat + diversify: ceiling=0.00, value=12616.0
    [iter 627202] reheat + diversify: ceiling=0.00, value=12616.0
    [iter 632955] reheat + diversify: ceiling=0.00, value=11686.0
    [iter 638708] reheat + diversify: ceiling=0.00, value=12616.0
    [iter 644461] reheat + diversify: ceiling=0.00, value=7654.0
    [iter 650214] reheat + diversify: ceiling=0.00, value=10534.0
    [iter 655967] reheat + diversify: ceiling=0.00, value=11686.0
    [iter 661720] reheat + diversify: ceiling=0.00, value=13192.0
    [iter 667473] reheat + diversify: ceiling=0.00, value=8230.0
    [iter 673226] reheat + diversify: ceiling=0.00, value=9160.0
    [iter 678979] reheat + diversify: ceiling=0.00, value=12616.0
    [iter 684732] reheat + diversify: ceiling=0.00, value=8230.0
    [iter 690485] reheat + diversify: ceiling=0.00, value=9736.0
    [iter 696238] reheat + diversify: ceiling=0.00, value=13192.0
    [iter 701991] reheat + diversify: ceiling=0.00, value=12616.0
    [iter 707744] reheat + diversify: ceiling=0.00, value=8230.0
    [iter 713497] reheat + diversify: ceiling=0.00, value=9160.0
    [iter 719250] reheat + diversify: ceiling=0.00, value=13192.0
    [iter 725003] reheat + diversify: ceiling=0.00, value=7654.0
    [iter 730756] reheat + diversify: ceiling=0.00, value=10534.0
    [iter 736509] reheat + diversify: ceiling=0.00, value=10534.0
    [iter 742262] reheat + diversify: ceiling=0.00, value=13192.0
    [iter 748015] reheat + diversify: ceiling=0.00, value=12616.0
    [iter 753768] reheat + diversify: ceiling=0.00, value=12040.0
    [iter 759521] reheat + diversify: ceiling=0.00, value=13192.0
    [iter 765274] reheat + diversify: ceiling=0.00, value=8230.0
    [iter 771027] reheat + diversify: ceiling=0.00, value=11110.0
    [iter 776780] reheat + diversify: ceiling=0.00, value=12616.0
    [iter 782533] reheat + diversify: ceiling=0.00, value=11110.0
    [iter 788286] reheat + diversify: ceiling=0.00, value=13192.0
    [iter 794039] reheat + diversify: ceiling=0.00, value=8230.0
    [iter 799792] reheat + diversify: ceiling=0.00, value=7654.0
    [iter 805545] reheat + diversify: ceiling=0.00, value=13192.0
    [iter 811298] reheat + diversify: ceiling=0.00, value=8230.0
    [iter 817051] reheat + diversify: ceiling=0.00, value=12616.0
    [iter 822804] reheat + diversify: ceiling=0.00, value=8230.0
    [iter 828557] reheat + diversify: ceiling=0.00, value=12616.0
    [iter 834310] reheat + diversify: ceiling=0.00, value=13192.0
    [iter 840063] reheat + diversify: ceiling=0.00, value=13192.0
    [iter 845816] reheat + diversify: ceiling=0.00, value=10180.0
    [iter 851569] reheat + diversify: ceiling=0.00, value=12040.0
    [iter 857322] reheat + diversify: ceiling=0.00, value=13192.0
    [iter 863075] reheat + diversify: ceiling=0.00, value=8230.0
    [iter 868828] reheat + diversify: ceiling=0.00, value=12040.0
    [iter 874581] reheat + diversify: ceiling=0.00, value=13192.0
    [iter 880334] reheat + diversify: ceiling=0.00, value=12616.0
    [iter 886087] reheat + diversify: ceiling=0.00, value=11110.0
    [iter 891840] reheat + diversify: ceiling=0.00, value=9160.0
    [iter 897593] reheat + diversify: ceiling=0.00, value=11110.0
    [iter 903346] reheat + diversify: ceiling=0.00, value=8230.0
    [iter 909099] reheat + diversify: ceiling=0.00, value=8230.0
    [iter 914852] reheat + diversify: ceiling=0.00, value=13192.0
    [iter 920605] reheat + diversify: ceiling=0.00, value=8230.0
    [iter 926358] reheat + diversify: ceiling=0.00, value=6724.0
    [iter 932111] reheat + diversify: ceiling=0.00, value=11686.0
    [iter 937864] reheat + diversify: ceiling=0.00, value=12616.0
    [iter 943617] reheat + diversify: ceiling=0.00, value=12616.0
    [iter 949370] reheat + diversify: ceiling=0.00, value=13192.0
    [iter 955123] reheat + diversify: ceiling=0.00, value=13192.0
    [iter 960876] reheat + diversify: ceiling=0.00, value=13192.0
    [iter 966629] reheat + diversify: ceiling=0.00, value=13192.0
    [iter 972382] reheat + diversify: ceiling=0.00, value=12040.0
    [iter 978135] reheat + diversify: ceiling=0.00, value=12616.0
    [iter 983888] reheat + diversify: ceiling=0.00, value=12616.0
    [iter 989641] reheat + diversify: ceiling=0.00, value=11686.0
    [iter 995394] reheat + diversify: ceiling=0.00, value=12616.0
    [iter 1001147] reheat + diversify: ceiling=0.00, value=13192.0
    [iter 1006900] reheat + diversify: ceiling=0.00, value=13192.0
    [iter 1012653] reheat + diversify: ceiling=0.00, value=8230.0
    [iter 1018406] reheat + diversify: ceiling=0.00, value=8230.0
    [iter 1024159] reheat + diversify: ceiling=0.00, value=13192.0
    [iter 1029912] reheat + diversify: ceiling=0.00, value=11110.0
    [iter 1035665] reheat + diversify: ceiling=0.00, value=12040.0
    [iter 1041418] reheat + diversify: ceiling=0.00, value=12040.0
    [iter 1047171] reheat + diversify: ceiling=0.00, value=12040.0
    [iter 1052924] reheat + diversify: ceiling=0.00, value=13192.0
    [iter 1058677] reheat + diversify: ceiling=0.00, value=13192.0
    [iter 1064430] reheat + diversify: ceiling=0.00, value=12616.0
    [iter 1070183] reheat + diversify: ceiling=0.00, value=11110.0
    [iter 1075936] reheat + diversify: ceiling=0.00, value=9160.0
    [iter 1081689] reheat + diversify: ceiling=0.00, value=12040.0
    [iter 1087442] reheat + diversify: ceiling=0.00, value=6724.0
    [iter 1093195] reheat + diversify: ceiling=0.00, value=13192.0
    [iter 1098948] reheat + diversify: ceiling=0.00, value=12616.0
    [iter 1104701] reheat + diversify: ceiling=0.00, value=12616.0
    [iter 1110454] reheat + diversify: ceiling=0.00, value=11686.0
    [iter 1116207] reheat + diversify: ceiling=0.00, value=13192.0
    [iter 1121960] reheat + diversify: ceiling=0.00, value=12616.0
    [iter 1127713] reheat + diversify: ceiling=0.00, value=8230.0
    [iter 1133466] reheat + diversify: ceiling=0.00, value=13192.0
    [iter 1139219] reheat + diversify: ceiling=0.00, value=12616.0
    [iter 1144972] reheat + diversify: ceiling=0.00, value=12040.0
    [iter 1150725] reheat + diversify: ceiling=0.00, value=13192.0
    [iter 1156478] reheat + diversify: ceiling=0.00, value=10180.0
    [iter 1162231] reheat + diversify: ceiling=0.00, value=12040.0
    [iter 1167984] reheat + diversify: ceiling=0.00, value=12040.0
    [iter 1173737] reheat + diversify: ceiling=0.00, value=9160.0
    [iter 1179490] reheat + diversify: ceiling=0.00, value=8230.0
    [iter 1185243] reheat + diversify: ceiling=0.00, value=8230.0
    [iter 1190996] reheat + diversify: ceiling=0.00, value=12040.0
    [iter 1196749] reheat + diversify: ceiling=0.00, value=10534.0
    [iter 1202502] reheat + diversify: ceiling=0.00, value=11110.0
    [iter 1208255] reheat + diversify: ceiling=0.00, value=12616.0
    [iter 1214008] reheat + diversify: ceiling=0.00, value=8230.0
    [iter 1219761] reheat + diversify: ceiling=0.00, value=13192.0
    [iter 1225514] reheat + diversify: ceiling=0.00, value=12616.0
    [iter 1231267] reheat + diversify: ceiling=0.00, value=8230.0
    [iter 1237020] reheat + diversify: ceiling=0.00, value=13192.0
    [iter 1242773] reheat + diversify: ceiling=0.00, value=12616.0
    [iter 1248526] reheat + diversify: ceiling=0.00, value=13192.0
    [iter 1254279] reheat + diversify: ceiling=0.00, value=12616.0
    [iter 1260032] reheat + diversify: ceiling=0.00, value=11110.0
    [iter 1265785] reheat + diversify: ceiling=0.00, value=12040.0
    [iter 1271538] reheat + diversify: ceiling=0.00, value=12040.0
    [iter 1277291] reheat + diversify: ceiling=0.00, value=8230.0
    [iter 1283044] reheat + diversify: ceiling=0.00, value=12616.0
    [iter 1288797] reheat + diversify: ceiling=0.00, value=13192.0
    [iter 1294550] reheat + diversify: ceiling=0.00, value=11110.0
    [iter 1300303] reheat + diversify: ceiling=0.00, value=12616.0
    [iter 1306056] reheat + diversify: ceiling=0.00, value=13192.0
    [iter 1311809] reheat + diversify: ceiling=0.00, value=12616.0
    [iter 1317562] reheat + diversify: ceiling=0.00, value=7654.0
    [iter 1323315] reheat + diversify: ceiling=0.00, value=13192.0
    [iter 1329068] reheat + diversify: ceiling=0.00, value=12616.0
    [iter 1334821] reheat + diversify: ceiling=0.00, value=11686.0
    [iter 1340574] reheat + diversify: ceiling=0.00, value=11686.0
    [iter 1346327] reheat + diversify: ceiling=0.00, value=12616.0
    [iter 1352080] reheat + diversify: ceiling=0.00, value=13192.0
    [iter 1357833] reheat + diversify: ceiling=0.00, value=9160.0
    [iter 1363586] reheat + diversify: ceiling=0.00, value=8230.0
    [iter 1369339] reheat + diversify: ceiling=0.00, value=11686.0
    [iter 1375092] reheat + diversify: ceiling=0.00, value=12040.0
    [iter 1380845] reheat + diversify: ceiling=0.00, value=11110.0
    [iter 1386598] reheat + diversify: ceiling=0.00, value=11110.0
    [iter 1392351] reheat + diversify: ceiling=0.00, value=12616.0
    [iter 1398104] reheat + diversify: ceiling=0.00, value=11110.0
    [iter 1403857] reheat + diversify: ceiling=0.00, value=12040.0
    [iter 1409610] reheat + diversify: ceiling=0.00, value=12616.0
    [iter 1415363] reheat + diversify: ceiling=0.00, value=9604.0
    [iter 1421116] reheat + diversify: ceiling=0.00, value=12616.0
    [iter 1426869] reheat + diversify: ceiling=0.00, value=12616.0
    [iter 1432622] reheat + diversify: ceiling=0.00, value=9160.0
    [iter 1438375] reheat + diversify: ceiling=0.00, value=12616.0
    [iter 1444128] reheat + diversify: ceiling=0.00, value=12616.0
    [iter 1449881] reheat + diversify: ceiling=0.00, value=12040.0
    [iter 1455634] reheat + diversify: ceiling=0.00, value=8230.0
    [iter 1461387] reheat + diversify: ceiling=0.00, value=13192.0
    [iter 1467140] reheat + diversify: ceiling=0.00, value=11110.0
    [iter 1472893] reheat + diversify: ceiling=0.00, value=13192.0
    [iter 1478646] reheat + diversify: ceiling=0.00, value=13192.0
    [iter 1484399] reheat + diversify: ceiling=0.00, value=13192.0
    [iter 1490152] reheat + diversify: ceiling=0.00, value=9160.0
    [iter 1495905] reheat + diversify: ceiling=0.00, value=12616.0
    [iter 1501658] reheat + diversify: ceiling=0.00, value=13192.0
    [iter 1507411] reheat + diversify: ceiling=0.00, value=8230.0
    [iter 1513164] reheat + diversify: ceiling=0.00, value=8230.0
    [iter 1518917] reheat + diversify: ceiling=0.00, value=13192.0
    [iter 1524670] reheat + diversify: ceiling=0.00, value=13192.0
    [iter 1530423] reheat + diversify: ceiling=0.00, value=8230.0
    [iter 1536176] reheat + diversify: ceiling=0.00, value=12616.0
    [iter 1541929] reheat + diversify: ceiling=0.00, value=8230.0
    [iter 1547682] reheat + diversify: ceiling=0.00, value=13192.0
    [iter 1553435] reheat + diversify: ceiling=0.00, value=13192.0
    [iter 1559188] reheat + diversify: ceiling=0.00, value=13192.0
    [iter 1564941] reheat + diversify: ceiling=0.00, value=11686.0
    [iter 1570694] reheat + diversify: ceiling=0.00, value=13192.0
    [iter 1576447] reheat + diversify: ceiling=0.00, value=11110.0
    [iter 1582200] reheat + diversify: ceiling=0.00, value=13192.0
    [iter 1587953] reheat + diversify: ceiling=0.00, value=12040.0
    [iter 1593706] reheat + diversify: ceiling=0.00, value=11110.0
    [iter 1599459] reheat + diversify: ceiling=0.00, value=13192.0
    [iter 1605212] reheat + diversify: ceiling=0.00, value=12616.0
    [iter 1610965] reheat + diversify: ceiling=0.00, value=8230.0
    [iter 1616718] reheat + diversify: ceiling=0.00, value=12616.0
    [iter 1622471] reheat + diversify: ceiling=0.00, value=13192.0
    [iter 1628224] reheat + diversify: ceiling=0.00, value=11686.0
    [iter 1633977] reheat + diversify: ceiling=0.00, value=12040.0
    [iter 1639730] reheat + diversify: ceiling=0.00, value=11110.0
    [iter 1645483] reheat + diversify: ceiling=0.00, value=11110.0
    [iter 1651236] reheat + diversify: ceiling=0.00, value=11110.0
    [iter 1656989] reheat + diversify: ceiling=0.00, value=8230.0
    [iter 1662742] reheat + diversify: ceiling=0.00, value=13192.0
    [iter 1668495] reheat + diversify: ceiling=0.00, value=12616.0
    [iter 1674248] reheat + diversify: ceiling=0.00, value=12040.0
    [iter 1680001] reheat + diversify: ceiling=0.00, value=8230.0
    [iter 1685754] reheat + diversify: ceiling=0.00, value=12040.0
    [iter 1691507] reheat + diversify: ceiling=0.00, value=9160.0
    [iter 1697260] reheat + diversify: ceiling=0.00, value=12616.0
    [iter 1703013] reheat + diversify: ceiling=0.00, value=11110.0
    [iter 1708766] reheat + diversify: ceiling=0.00, value=8230.0
    [iter 1714519] reheat + diversify: ceiling=0.00, value=12616.0
    [iter 1720272] reheat + diversify: ceiling=0.00, value=13192.0
    [iter 1726025] reheat + diversify: ceiling=0.00, value=9160.0
    [iter 1731778] reheat + diversify: ceiling=0.00, value=11686.0
    [iter 1737531] reheat + diversify: ceiling=0.00, value=11110.0
    [iter 1743284] reheat + diversify: ceiling=0.00, value=7654.0
    [iter 1749037] reheat + diversify: ceiling=0.00, value=8230.0
    [iter 1754790] reheat + diversify: ceiling=0.00, value=12616.0
    [iter 1760543] reheat + diversify: ceiling=0.00, value=13192.0
    [iter 1766296] reheat + diversify: ceiling=0.00, value=9160.0
    [iter 1772049] reheat + diversify: ceiling=0.00, value=8230.0
    [iter 1777802] reheat + diversify: ceiling=0.00, value=11686.0
    [iter 1783555] reheat + diversify: ceiling=0.00, value=13192.0
    [iter 1789308] reheat + diversify: ceiling=0.00, value=13192.0
    [iter 1795061] reheat + diversify: ceiling=0.00, value=13192.0
    [iter 1800814] reheat + diversify: ceiling=0.00, value=10180.0
    [iter 1806567] reheat + diversify: ceiling=0.00, value=8230.0
    [iter 1812320] reheat + diversify: ceiling=0.00, value=13192.0
    [iter 1818073] reheat + diversify: ceiling=0.00, value=13192.0
    [iter 1823826] reheat + diversify: ceiling=0.00, value=12616.0
    [iter 1829579] reheat + diversify: ceiling=0.00, value=13192.0
    [iter 1835332] reheat + diversify: ceiling=0.00, value=11110.0
    [iter 1841085] reheat + diversify: ceiling=0.00, value=11686.0
    [iter 1846838] reheat + diversify: ceiling=0.00, value=9160.0
    [iter 1852591] reheat + diversify: ceiling=0.00, value=13192.0
    [iter 1858344] reheat + diversify: ceiling=0.00, value=9160.0
    [iter 1864097] reheat + diversify: ceiling=0.00, value=12616.0
    [iter 1869850] reheat + diversify: ceiling=0.00, value=12616.0
    [iter 1875603] reheat + diversify: ceiling=0.00, value=13192.0
    [iter 1881356] reheat + diversify: ceiling=0.00, value=11110.0
    [iter 1887109] reheat + diversify: ceiling=0.00, value=13192.0
    [iter 1892862] reheat + diversify: ceiling=0.00, value=11110.0
    [iter 1898615] reheat + diversify: ceiling=0.00, value=12040.0
    [iter 1904368] reheat + diversify: ceiling=0.00, value=13192.0
    [iter 1910121] reheat + diversify: ceiling=0.00, value=11110.0
    [iter 1915874] reheat + diversify: ceiling=0.00, value=13192.0
    [iter 1921627] reheat + diversify: ceiling=0.00, value=13192.0
    [iter 1927380] reheat + diversify: ceiling=0.00, value=11686.0
    [iter 1933133] reheat + diversify: ceiling=0.00, value=13192.0
    [iter 1938886] reheat + diversify: ceiling=0.00, value=11686.0
    [iter 1944639] reheat + diversify: ceiling=0.00, value=11686.0
    [iter 1950392] reheat + diversify: ceiling=0.00, value=9918.0
    [iter 1956145] reheat + diversify: ceiling=0.00, value=12616.0
    [iter 1961898] reheat + diversify: ceiling=0.00, value=9160.0
    [iter 1967651] reheat + diversify: ceiling=0.00, value=9160.0
    [iter 1973404] reheat + diversify: ceiling=0.00, value=12040.0
    [iter 1979157] reheat + diversify: ceiling=0.00, value=12616.0
    [iter 1984910] reheat + diversify: ceiling=0.00, value=11110.0
    [iter 1990663] reheat + diversify: ceiling=0.00, value=7654.0
    [iter 1996416] reheat + diversify: ceiling=0.00, value=13192.0
    [iter 2002169] reheat + diversify: ceiling=0.00, value=11110.0
    [iter 2007922] reheat + diversify: ceiling=0.00, value=11110.0
    [iter 2013675] reheat + diversify: ceiling=0.00, value=12616.0
    [iter 2019428] reheat + diversify: ceiling=0.00, value=9160.0
    [iter 2025181] reheat + diversify: ceiling=0.00, value=11110.0
    [iter 2030934] reheat + diversify: ceiling=0.00, value=13192.0
    [iter 2036687] reheat + diversify: ceiling=0.00, value=12040.0
    [iter 2042440] reheat + diversify: ceiling=0.00, value=11686.0
    [iter 2048193] reheat + diversify: ceiling=0.00, value=12040.0
    [iter 2053946] reheat + diversify: ceiling=0.00, value=13192.0
    [iter 2059699] reheat + diversify: ceiling=0.00, value=10180.0
    [iter 2065452] reheat + diversify: ceiling=0.00, value=12616.0
    [iter 2071205] reheat + diversify: ceiling=0.00, value=11686.0
    [iter 2076958] reheat + diversify: ceiling=0.00, value=9736.0
    [iter 2082711] reheat + diversify: ceiling=0.00, value=13192.0
    [iter 2088464] reheat + diversify: ceiling=0.00, value=11110.0
    [iter 2094217] reheat + diversify: ceiling=0.00, value=13192.0
    [iter 2099970] reheat + diversify: ceiling=0.00, value=11464.0
    [iter 2105723] reheat + diversify: ceiling=0.00, value=12616.0
    [iter 2111476] reheat + diversify: ceiling=0.00, value=13192.0
    [iter 2117229] reheat + diversify: ceiling=0.00, value=8230.0
    [iter 2122982] reheat + diversify: ceiling=0.00, value=12616.0
    [iter 2128735] reheat + diversify: ceiling=0.00, value=12040.0
    [iter 2134488] reheat + diversify: ceiling=0.00, value=12616.0
    [iter 2140241] reheat + diversify: ceiling=0.00, value=11110.0
    [iter 2145994] reheat + diversify: ceiling=0.00, value=13192.0
    [iter 2151747] reheat + diversify: ceiling=0.00, value=13192.0
    [iter 2157500] reheat + diversify: ceiling=0.00, value=13192.0
    [iter 2163253] reheat + diversify: ceiling=0.00, value=8230.0
    [iter 2169006] reheat + diversify: ceiling=0.00, value=11686.0
    [iter 2174759] reheat + diversify: ceiling=0.00, value=9604.0
    [iter 2180512] reheat + diversify: ceiling=0.00, value=12616.0
    [iter 2186265] reheat + diversify: ceiling=0.00, value=10534.0
    [iter 2192018] reheat + diversify: ceiling=0.00, value=12616.0
    [iter 2197771] reheat + diversify: ceiling=0.00, value=8230.0
    [iter 2203524] reheat + diversify: ceiling=0.00, value=6724.0
    [iter 2209277] reheat + diversify: ceiling=0.00, value=10534.0
    [iter 2215030] reheat + diversify: ceiling=0.00, value=8230.0
    [iter 2220783] reheat + diversify: ceiling=0.00, value=12040.0
    [iter 2226536] reheat + diversify: ceiling=0.00, value=11110.0
    [iter 2232289] reheat + diversify: ceiling=0.00, value=8230.0
    [iter 2238042] reheat + diversify: ceiling=0.00, value=8230.0
    [iter 2243795] reheat + diversify: ceiling=0.00, value=13192.0
    [iter 2249548] reheat + diversify: ceiling=0.00, value=7654.0
    [iter 2255301] reheat + diversify: ceiling=0.00, value=13192.0
    [iter 2261054] reheat + diversify: ceiling=0.00, value=12616.0
    [iter 2266807] reheat + diversify: ceiling=0.00, value=12616.0
    [iter 2272560] reheat + diversify: ceiling=0.00, value=8230.0
    [iter 2278313] reheat + diversify: ceiling=0.00, value=9160.0
    [iter 2284066] reheat + diversify: ceiling=0.00, value=13192.0
    [iter 2289819] reheat + diversify: ceiling=0.00, value=8230.0
    [iter 2295572] reheat + diversify: ceiling=0.00, value=13192.0
    [iter 2301325] reheat + diversify: ceiling=0.00, value=11110.0
    [iter 2307078] reheat + diversify: ceiling=0.00, value=7654.0
    [iter 2312831] reheat + diversify: ceiling=0.00, value=8230.0
    [iter 2318584] reheat + diversify: ceiling=0.00, value=11110.0
    [iter 2324337] reheat + diversify: ceiling=0.00, value=13192.0
    [iter 2330090] reheat + diversify: ceiling=0.00, value=12616.0
    [iter 2335843] reheat + diversify: ceiling=0.00, value=13192.0
    [iter 2341596] reheat + diversify: ceiling=0.00, value=13192.0
    [iter 2347349] reheat + diversify: ceiling=0.00, value=13192.0
    [iter 2353102] reheat + diversify: ceiling=0.00, value=13192.0
    [iter 2358855] reheat + diversify: ceiling=0.00, value=7654.0
    [iter 2364608] reheat + diversify: ceiling=0.00, value=13192.0
    [iter 2370361] reheat + diversify: ceiling=0.00, value=9160.0
    [iter 2376114] reheat + diversify: ceiling=0.00, value=9160.0
    [iter 2381867] reheat + diversify: ceiling=0.00, value=13192.0
    [iter 2387620] reheat + diversify: ceiling=0.00, value=11110.0
    [iter 2393373] reheat + diversify: ceiling=0.00, value=11686.0
    [iter 2399126] reheat + diversify: ceiling=0.00, value=13192.0
    [iter 2404879] reheat + diversify: ceiling=0.00, value=11686.0
    [iter 2410632] reheat + diversify: ceiling=0.00, value=11110.0
    [iter 2416385] reheat + diversify: ceiling=0.00, value=12616.0
    [iter 2422138] reheat + diversify: ceiling=0.00, value=12040.0
    [iter 2427891] reheat + diversify: ceiling=0.00, value=12040.0
    [iter 2433644] reheat + diversify: ceiling=0.00, value=8230.0
    [iter 2439397] reheat + diversify: ceiling=0.00, value=10180.0
    [iter 2445150] reheat + diversify: ceiling=0.00, value=13192.0
    [iter 2450903] reheat + diversify: ceiling=0.00, value=12616.0
    [iter 2456656] reheat + diversify: ceiling=0.00, value=6724.0
    [iter 2462409] reheat + diversify: ceiling=0.00, value=12616.0
    [iter 2468162] reheat + diversify: ceiling=0.00, value=11686.0
    [iter 2473915] reheat + diversify: ceiling=0.00, value=12616.0
    [iter 2479668] reheat + diversify: ceiling=0.00, value=9160.0
    [iter 2485421] reheat + diversify: ceiling=0.00, value=13192.0
    [iter 2491174] reheat + diversify: ceiling=0.00, value=13192.0
    [iter 2496927] reheat + diversify: ceiling=0.00, value=9160.0
    [iter 2502680] reheat + diversify: ceiling=0.00, value=11110.0
    [iter 2508433] reheat + diversify: ceiling=0.00, value=12616.0
    [iter 2514186] reheat + diversify: ceiling=0.00, value=8230.0
    [iter 2519939] reheat + diversify: ceiling=0.00, value=11110.0
    [iter 2525692] reheat + diversify: ceiling=0.00, value=13192.0
    [iter 2531445] reheat + diversify: ceiling=0.00, value=11110.0
    [iter 2537198] reheat + diversify: ceiling=0.00, value=10180.0
    [iter 2542951] reheat + diversify: ceiling=0.00, value=12616.0
    [iter 2548704] reheat + diversify: ceiling=0.00, value=13192.0
    [iter 2554457] reheat + diversify: ceiling=0.00, value=8230.0
    [iter 2560210] reheat + diversify: ceiling=0.00, value=13192.0
    [iter 2565963] reheat + diversify: ceiling=0.00, value=13192.0
    [iter 2571716] reheat + diversify: ceiling=0.00, value=12616.0
    [iter 2577469] reheat + diversify: ceiling=0.00, value=11110.0
    [iter 2583222] reheat + diversify: ceiling=0.00, value=12040.0
    [iter 2588975] reheat + diversify: ceiling=0.00, value=8230.0
    [iter 2594728] reheat + diversify: ceiling=0.00, value=8230.0
    [iter 2600481] reheat + diversify: ceiling=0.00, value=8230.0
    [iter 2606234] reheat + diversify: ceiling=0.00, value=12616.0
    [iter 2611987] reheat + diversify: ceiling=0.00, value=13192.0
    [iter 2617740] reheat + diversify: ceiling=0.00, value=11110.0
    [iter 2623493] reheat + diversify: ceiling=0.00, value=13192.0
    [iter 2629246] reheat + diversify: ceiling=0.00, value=11110.0
    [iter 2634999] reheat + diversify: ceiling=0.00, value=12616.0
    [iter 2640752] reheat + diversify: ceiling=0.00, value=12040.0
    [iter 2646505] reheat + diversify: ceiling=0.00, value=13192.0
    [iter 2652258] reheat + diversify: ceiling=0.00, value=12616.0
    [iter 2658011] reheat + diversify: ceiling=0.00, value=11110.0
    [iter 2663764] reheat + diversify: ceiling=0.00, value=11686.0
    [iter 2669517] reheat + diversify: ceiling=0.00, value=13192.0
    [iter 2675270] reheat + diversify: ceiling=0.00, value=8230.0
    [iter 2681023] reheat + diversify: ceiling=0.00, value=12616.0
    [iter 2686776] reheat + diversify: ceiling=0.00, value=12040.0
    [iter 2692529] reheat + diversify: ceiling=0.00, value=12616.0
    [iter 2698282] reheat + diversify: ceiling=0.00, value=9160.0
    [iter 2704035] reheat + diversify: ceiling=0.00, value=13192.0
    [iter 2709788] reheat + diversify: ceiling=0.00, value=11686.0
    [iter 2715541] reheat + diversify: ceiling=0.00, value=10180.0
    [iter 2721294] reheat + diversify: ceiling=0.00, value=8230.0
    [iter 2727047] reheat + diversify: ceiling=0.00, value=8230.0
    [iter 2732800] reheat + diversify: ceiling=0.00, value=12040.0
    [iter 2738553] reheat + diversify: ceiling=0.00, value=8230.0
    [iter 2744306] reheat + diversify: ceiling=0.00, value=12616.0
    [iter 2750059] reheat + diversify: ceiling=0.00, value=9160.0
    [iter 2755812] reheat + diversify: ceiling=0.00, value=13192.0
    [iter 2761565] reheat + diversify: ceiling=0.00, value=12616.0
    [iter 2767318] reheat + diversify: ceiling=0.00, value=12616.0
    [iter 2773071] reheat + diversify: ceiling=0.00, value=13192.0
    [iter 2778824] reheat + diversify: ceiling=0.00, value=9160.0
    [iter 2784577] reheat + diversify: ceiling=0.00, value=13192.0
    [iter 2790330] reheat + diversify: ceiling=0.00, value=8230.0
    [iter 2796083] reheat + diversify: ceiling=0.00, value=8230.0
    [iter 2801836] reheat + diversify: ceiling=0.00, value=11110.0
    [iter 2807589] reheat + diversify: ceiling=0.00, value=13192.0
    [iter 2813342] reheat + diversify: ceiling=0.00, value=8230.0
    [iter 2819095] reheat + diversify: ceiling=0.00, value=9160.0
    [iter 2824848] reheat + diversify: ceiling=0.00, value=11110.0
    [iter 2830601] reheat + diversify: ceiling=0.00, value=8230.0
    [iter 2836354] reheat + diversify: ceiling=0.00, value=11110.0
    [iter 2842107] reheat + diversify: ceiling=0.00, value=11110.0
    [iter 2847860] reheat + diversify: ceiling=0.00, value=9160.0
    [iter 2853613] reheat + diversify: ceiling=0.00, value=7654.0
    [iter 2859366] reheat + diversify: ceiling=0.00, value=12040.0
    [iter 2865119] reheat + diversify: ceiling=0.00, value=13192.0
    [iter 2870872] reheat + diversify: ceiling=0.00, value=10180.0
    [iter 2876625] reheat + diversify: ceiling=0.00, value=7654.0
    [iter 2882378] reheat + diversify: ceiling=0.00, value=12040.0
    [iter 2888131] reheat + diversify: ceiling=0.00, value=12616.0
    [iter 2893884] reheat + diversify: ceiling=0.00, value=12616.0
    [iter 2899637] reheat + diversify: ceiling=0.00, value=13192.0
    [iter 2905390] reheat + diversify: ceiling=0.00, value=11110.0
    [iter 2911143] reheat + diversify: ceiling=0.00, value=6724.0
    [iter 2916896] reheat + diversify: ceiling=0.00, value=12040.0
    [iter 2922649] reheat + diversify: ceiling=0.00, value=12616.0
    [iter 2928402] reheat + diversify: ceiling=0.00, value=9160.0
    [iter 2934155] reheat + diversify: ceiling=0.00, value=13192.0
    [iter 2939908] reheat + diversify: ceiling=0.00, value=9604.0
    [iter 2945661] reheat + diversify: ceiling=0.00, value=8230.0
    [iter 2951414] reheat + diversify: ceiling=0.00, value=9160.0
    [iter 2957167] reheat + diversify: ceiling=0.00, value=11110.0
    [iter 2962920] reheat + diversify: ceiling=0.00, value=12040.0
    [iter 2968673] reheat + diversify: ceiling=0.00, value=12616.0
    [iter 2974426] reheat + diversify: ceiling=0.00, value=9736.0
    [iter 2980179] reheat + diversify: ceiling=0.00, value=8230.0
    [iter 2985932] reheat + diversify: ceiling=0.00, value=12616.0
    [iter 2991685] reheat + diversify: ceiling=0.00, value=9736.0
    [iter 2997438] reheat + diversify: ceiling=0.00, value=11110.0
    [iter 3003191] reheat + diversify: ceiling=0.00, value=11686.0
    [iter 3008944] reheat + diversify: ceiling=0.00, value=12616.0
    [iter 3014697] reheat + diversify: ceiling=0.00, value=12040.0
    [iter 3020450] reheat + diversify: ceiling=0.00, value=11110.0
    [iter 3026203] reheat + diversify: ceiling=0.00, value=11110.0
    [iter 3031956] reheat + diversify: ceiling=0.00, value=12040.0
    [iter 3037709] reheat + diversify: ceiling=0.00, value=11110.0
    [iter 3043462] reheat + diversify: ceiling=0.00, value=11686.0
    [iter 3049215] reheat + diversify: ceiling=0.00, value=10494.0
    [iter 3054968] reheat + diversify: ceiling=0.00, value=8230.0
    [iter 3060721] reheat + diversify: ceiling=0.00, value=13192.0
    [iter 3066474] reheat + diversify: ceiling=0.00, value=12616.0
    [iter 3072227] reheat + diversify: ceiling=0.00, value=13192.0
    [iter 3077980] reheat + diversify: ceiling=0.00, value=12040.0
    [iter 3083733] reheat + diversify: ceiling=0.00, value=11686.0
    [iter 3089486] reheat + diversify: ceiling=0.00, value=9736.0
    [iter 3095239] reheat + diversify: ceiling=0.00, value=13192.0
    [iter 3100992] reheat + diversify: ceiling=0.00, value=12616.0
    [iter 3106745] reheat + diversify: ceiling=0.00, value=12616.0
    [iter 3112498] reheat + diversify: ceiling=0.00, value=10494.0
    [iter 3118251] reheat + diversify: ceiling=0.00, value=10180.0
    [iter 3124004] reheat + diversify: ceiling=0.00, value=13192.0
    [iter 3129757] reheat + diversify: ceiling=0.00, value=13192.0
    [iter 3135510] reheat + diversify: ceiling=0.00, value=11110.0
    [iter 3141263] reheat + diversify: ceiling=0.00, value=8230.0
    [iter 3147016] reheat + diversify: ceiling=0.00, value=10180.0
    [iter 3152769] reheat + diversify: ceiling=0.00, value=13192.0
    [iter 3158522] reheat + diversify: ceiling=0.00, value=12616.0
    [iter 3164275] reheat + diversify: ceiling=0.00, value=10180.0
    [iter 3170028] reheat + diversify: ceiling=0.00, value=11686.0
    [iter 3175781] reheat + diversify: ceiling=0.00, value=11110.0
    [iter 3181534] reheat + diversify: ceiling=0.00, value=13192.0
    [iter 3187287] reheat + diversify: ceiling=0.00, value=11110.0
    [iter 3193040] reheat + diversify: ceiling=0.00, value=11110.0
    [iter 3198793] reheat + diversify: ceiling=0.00, value=11464.0
    [iter 3204546] reheat + diversify: ceiling=0.00, value=8230.0
    [iter 3210299] reheat + diversify: ceiling=0.00, value=13192.0
    [iter 3216052] reheat + diversify: ceiling=0.00, value=11110.0
    [iter 3221805] reheat + diversify: ceiling=0.00, value=12040.0
    [iter 3227558] reheat + diversify: ceiling=0.00, value=9160.0
    [iter 3233311] reheat + diversify: ceiling=0.00, value=13192.0
    [iter 3239064] reheat + diversify: ceiling=0.00, value=13192.0
    [iter 3244817] reheat + diversify: ceiling=0.00, value=12616.0
    [iter 3250570] reheat + diversify: ceiling=0.00, value=12616.0
    [iter 3256323] reheat + diversify: ceiling=0.00, value=12616.0
    [iter 3262076] reheat + diversify: ceiling=0.00, value=10534.0
    [iter 3267829] reheat + diversify: ceiling=0.00, value=11110.0
    [iter 3273582] reheat + diversify: ceiling=0.00, value=8230.0
    [iter 3279335] reheat + diversify: ceiling=0.00, value=13192.0
    [iter 3285088] reheat + diversify: ceiling=0.00, value=8230.0
    [iter 3290841] reheat + diversify: ceiling=0.00, value=13192.0
    [iter 3296594] reheat + diversify: ceiling=0.00, value=12616.0
    [iter 3302347] reheat + diversify: ceiling=0.00, value=11110.0
    [iter 3308100] reheat + diversify: ceiling=0.00, value=10180.0
    [iter 3313853] reheat + diversify: ceiling=0.00, value=13192.0
    [iter 3319606] reheat + diversify: ceiling=0.00, value=12040.0
    [iter 3325359] reheat + diversify: ceiling=0.00, value=8230.0
    [iter 3331112] reheat + diversify: ceiling=0.00, value=8230.0
    [iter 3336865] reheat + diversify: ceiling=0.00, value=9604.0
    [iter 3342618] reheat + diversify: ceiling=0.00, value=8230.0
    [iter 3348371] reheat + diversify: ceiling=0.00, value=11110.0
    [iter 3354124] reheat + diversify: ceiling=0.00, value=13192.0
    [iter 3359877] reheat + diversify: ceiling=0.00, value=11686.0
    [iter 3365630] reheat + diversify: ceiling=0.00, value=13192.0
    [iter 3371383] reheat + diversify: ceiling=0.00, value=9160.0
    [iter 3377136] reheat + diversify: ceiling=0.00, value=8230.0
    [iter 3382889] reheat + diversify: ceiling=0.00, value=13192.0
    [iter 3388642] reheat + diversify: ceiling=0.00, value=12040.0
    [iter 3394395] reheat + diversify: ceiling=0.00, value=9160.0
    [iter 3400148] reheat + diversify: ceiling=0.00, value=13192.0
    [iter 3405901] reheat + diversify: ceiling=0.00, value=8230.0
    [iter 3411654] reheat + diversify: ceiling=0.00, value=13192.0
    [iter 3417407] reheat + diversify: ceiling=0.00, value=11110.0
    [iter 3423160] reheat + diversify: ceiling=0.00, value=11110.0
    [iter 3428913] reheat + diversify: ceiling=0.00, value=9604.0
    [iter 3434666] reheat + diversify: ceiling=0.00, value=10180.0
    [iter 3440419] reheat + diversify: ceiling=0.00, value=8230.0
    [iter 3446172] reheat + diversify: ceiling=0.00, value=12616.0
    [iter 3451925] reheat + diversify: ceiling=0.00, value=13192.0
    [iter 3457678] reheat + diversify: ceiling=0.00, value=11686.0
    [iter 3463431] reheat + diversify: ceiling=0.00, value=13192.0
    [iter 3469184] reheat + diversify: ceiling=0.00, value=13192.0
    [iter 3474937] reheat + diversify: ceiling=0.00, value=8230.0
    [iter 3480690] reheat + diversify: ceiling=0.00, value=13192.0
    [iter 3486443] reheat + diversify: ceiling=0.00, value=8230.0
    [iter 3492196] reheat + diversify: ceiling=0.00, value=12616.0
    [iter 3497949] reheat + diversify: ceiling=0.00, value=11686.0
    [iter 3503702] reheat + diversify: ceiling=0.00, value=12040.0
    [iter 3509455] reheat + diversify: ceiling=0.00, value=13192.0
    [iter 3515208] reheat + diversify: ceiling=0.00, value=13192.0
    [iter 3520961] reheat + diversify: ceiling=0.00, value=8230.0
    [iter 3526714] reheat + diversify: ceiling=0.00, value=8230.0
    [iter 3532467] reheat + diversify: ceiling=0.00, value=13192.0
    [iter 3538220] reheat + diversify: ceiling=0.00, value=13192.0
    [iter 3543973] reheat + diversify: ceiling=0.00, value=13192.0
    [iter 3549726] reheat + diversify: ceiling=0.00, value=9736.0
    [iter 3555479] reheat + diversify: ceiling=0.00, value=8230.0
    [iter 3561232] reheat + diversify: ceiling=0.00, value=12040.0
    [iter 3566985] reheat + diversify: ceiling=0.00, value=12616.0
    [iter 3572738] reheat + diversify: ceiling=0.00, value=12616.0
    [iter 3578491] reheat + diversify: ceiling=0.00, value=8230.0
    [iter 3584244] reheat + diversify: ceiling=0.00, value=8230.0
    [iter 3589997] reheat + diversify: ceiling=0.00, value=8230.0
    [iter 3595750] reheat + diversify: ceiling=0.00, value=11110.0
    [iter 3601503] reheat + diversify: ceiling=0.00, value=13192.0
    [iter 3607256] reheat + diversify: ceiling=0.00, value=12040.0
    [iter 3613009] reheat + diversify: ceiling=0.00, value=11686.0
    [iter 3618762] reheat + diversify: ceiling=0.00, value=13192.0
    [iter 3624515] reheat + diversify: ceiling=0.00, value=12616.0
    [iter 3630268] reheat + diversify: ceiling=0.00, value=11110.0
    [iter 3636021] reheat + diversify: ceiling=0.00, value=10180.0
    [iter 3641774] reheat + diversify: ceiling=0.00, value=8230.0
    [iter 3647527] reheat + diversify: ceiling=0.00, value=13192.0
    [iter 3653280] reheat + diversify: ceiling=0.00, value=12616.0
    [iter 3659033] reheat + diversify: ceiling=0.00, value=13192.0
    [iter 3664786] reheat + diversify: ceiling=0.00, value=8230.0
    [iter 3670539] reheat + diversify: ceiling=0.00, value=13192.0
    [iter 3676292] reheat + diversify: ceiling=0.00, value=13192.0
    [iter 3682045] reheat + diversify: ceiling=0.00, value=8230.0
    [iter 3687798] reheat + diversify: ceiling=0.00, value=12616.0
    [iter 3693551] reheat + diversify: ceiling=0.00, value=13192.0
    [iter 3699304] reheat + diversify: ceiling=0.00, value=13192.0
    [iter 3705057] reheat + diversify: ceiling=0.00, value=2824.0
    [iter 3710810] reheat + diversify: ceiling=0.00, value=13192.0
    [iter 3716563] reheat + diversify: ceiling=0.00, value=11110.0
    [iter 3722316] reheat + diversify: ceiling=0.00, value=13192.0
    [iter 3728069] reheat + diversify: ceiling=0.00, value=11110.0
    [iter 3733822] reheat + diversify: ceiling=0.00, value=13192.0
    [iter 3739575] reheat + diversify: ceiling=0.00, value=7654.0
    [iter 3745328] reheat + diversify: ceiling=0.00, value=13192.0
    [iter 3751081] reheat + diversify: ceiling=0.00, value=11110.0
    [iter 3756834] reheat + diversify: ceiling=0.00, value=12040.0
    [iter 3762587] reheat + diversify: ceiling=0.00, value=13192.0
    [iter 3768340] reheat + diversify: ceiling=0.00, value=12040.0
    [iter 3774093] reheat + diversify: ceiling=0.00, value=12616.0
    [iter 3779846] reheat + diversify: ceiling=0.00, value=7654.0
    [iter 3785599] reheat + diversify: ceiling=0.00, value=13192.0
    [iter 3791352] reheat + diversify: ceiling=0.00, value=12616.0
    [iter 3797105] reheat + diversify: ceiling=0.00, value=8230.0
    [iter 3802858] reheat + diversify: ceiling=0.00, value=12040.0
    [iter 3808611] reheat + diversify: ceiling=0.00, value=12616.0
    [iter 3814364] reheat + diversify: ceiling=0.00, value=12616.0
    [iter 3820117] reheat + diversify: ceiling=0.00, value=9160.0
    [iter 3825870] reheat + diversify: ceiling=0.00, value=13192.0
    [iter 3831623] reheat + diversify: ceiling=0.00, value=11110.0
    [iter 3837376] reheat + diversify: ceiling=0.00, value=12616.0
    [iter 3843129] reheat + diversify: ceiling=0.00, value=8230.0
    [iter 3848882] reheat + diversify: ceiling=0.00, value=9160.0
    [iter 3854635] reheat + diversify: ceiling=0.00, value=8230.0
    [iter 3860388] reheat + diversify: ceiling=0.00, value=13192.0
    [iter 3866141] reheat + diversify: ceiling=0.00, value=12040.0
    [iter 3871894] reheat + diversify: ceiling=0.00, value=13192.0
    [iter 3877647] reheat + diversify: ceiling=0.00, value=10180.0
    [iter 3883400] reheat + diversify: ceiling=0.00, value=9736.0
    [iter 3889153] reheat + diversify: ceiling=0.00, value=13192.0
    [iter 3894906] reheat + diversify: ceiling=0.00, value=6724.0
    [iter 3900659] reheat + diversify: ceiling=0.00, value=13192.0
    [iter 3906412] reheat + diversify: ceiling=0.00, value=13192.0
    [iter 3912165] reheat + diversify: ceiling=0.00, value=8230.0
    [iter 3917918] reheat + diversify: ceiling=0.00, value=8230.0
    [iter 3923671] reheat + diversify: ceiling=0.00, value=13192.0
    [iter 3929424] reheat + diversify: ceiling=0.00, value=8230.0
    [iter 3935177] reheat + diversify: ceiling=0.00, value=12040.0
    [iter 3940930] reheat + diversify: ceiling=0.00, value=12616.0
    [iter 3946683] reheat + diversify: ceiling=0.00, value=12040.0
    [iter 3952436] reheat + diversify: ceiling=0.00, value=6724.0
    [iter 3958189] reheat + diversify: ceiling=0.00, value=13192.0
    [iter 3963942] reheat + diversify: ceiling=0.00, value=12040.0
    [iter 3969695] reheat + diversify: ceiling=0.00, value=12616.0
    [iter 3975448] reheat + diversify: ceiling=0.00, value=12616.0
    [iter 3981201] reheat + diversify: ceiling=0.00, value=12616.0
    [iter 3986954] reheat + diversify: ceiling=0.00, value=13192.0
    [iter 3992707] reheat + diversify: ceiling=0.00, value=9160.0
    [iter 3998460] reheat + diversify: ceiling=0.00, value=8230.0
    [iter 4004213] reheat + diversify: ceiling=0.00, value=7654.0
    [iter 4009966] reheat + diversify: ceiling=0.00, value=8230.0
    [iter 4015719] reheat + diversify: ceiling=0.00, value=8230.0
    [iter 4021472] reheat + diversify: ceiling=0.00, value=12616.0
    [iter 4027225] reheat + diversify: ceiling=0.00, value=11686.0
    [iter 4032978] reheat + diversify: ceiling=0.00, value=13192.0
    [iter 4038731] reheat + diversify: ceiling=0.00, value=13192.0
    [iter 4044484] reheat + diversify: ceiling=0.00, value=12616.0
    [iter 4050237] reheat + diversify: ceiling=0.00, value=12040.0
    [iter 4055990] reheat + diversify: ceiling=0.00, value=8230.0
    [iter 4061743] reheat + diversify: ceiling=0.00, value=13192.0
    [iter 4067496] reheat + diversify: ceiling=0.00, value=13192.0
    [iter 4073249] reheat + diversify: ceiling=0.00, value=10534.0
    [iter 4079002] reheat + diversify: ceiling=0.00, value=12616.0
    [iter 4084755] reheat + diversify: ceiling=0.00, value=11686.0
    [iter 4090508] reheat + diversify: ceiling=0.00, value=13192.0
    [iter 4096261] reheat + diversify: ceiling=0.00, value=11686.0
    [iter 4102014] reheat + diversify: ceiling=0.00, value=8230.0
    [iter 4107767] reheat + diversify: ceiling=0.00, value=11110.0
    [iter 4113520] reheat + diversify: ceiling=0.00, value=13192.0
    [iter 4119273] reheat + diversify: ceiling=0.00, value=9160.0
    [iter 4125026] reheat + diversify: ceiling=0.00, value=12040.0
    [iter 4130779] reheat + diversify: ceiling=0.00, value=8230.0
    [iter 4136532] reheat + diversify: ceiling=0.00, value=11110.0
    [iter 4142285] reheat + diversify: ceiling=0.00, value=13192.0
    [iter 4148038] reheat + diversify: ceiling=0.00, value=13192.0
    [iter 4153791] reheat + diversify: ceiling=0.00, value=9736.0
    [iter 4159544] reheat + diversify: ceiling=0.00, value=12616.0
    [iter 4165297] reheat + diversify: ceiling=0.00, value=11110.0
    [iter 4171050] reheat + diversify: ceiling=0.00, value=8230.0
    [iter 4176803] reheat + diversify: ceiling=0.00, value=13192.0
    [iter 4182556] reheat + diversify: ceiling=0.00, value=11110.0
    [iter 4188309] reheat + diversify: ceiling=0.00, value=10180.0
    [iter 4194062] reheat + diversify: ceiling=0.00, value=12616.0
    [iter 4199815] reheat + diversify: ceiling=0.00, value=12616.0
    [iter 4205568] reheat + diversify: ceiling=0.00, value=13192.0
    [iter 4211321] reheat + diversify: ceiling=0.00, value=13192.0
    [iter 4217074] reheat + diversify: ceiling=0.00, value=8230.0
    [iter 4222827] reheat + diversify: ceiling=0.00, value=9160.0
    [iter 4228580] reheat + diversify: ceiling=0.00, value=12040.0
    [iter 4234333] reheat + diversify: ceiling=0.00, value=12616.0
    [iter 4240086] reheat + diversify: ceiling=0.00, value=9160.0
    [iter 4245839] reheat + diversify: ceiling=0.00, value=11686.0
    [iter 4251592] reheat + diversify: ceiling=0.00, value=11686.0
    [iter 4257345] reheat + diversify: ceiling=0.00, value=8230.0
    [iter 4263098] reheat + diversify: ceiling=0.00, value=8230.0
    [iter 4268851] reheat + diversify: ceiling=0.00, value=8230.0
    [iter 4274604] reheat + diversify: ceiling=0.00, value=8230.0
    [iter 4280357] reheat + diversify: ceiling=0.00, value=8230.0
    [iter 4286110] reheat + diversify: ceiling=0.00, value=11686.0
    [iter 4291863] reheat + diversify: ceiling=0.00, value=13192.0
    [iter 4297616] reheat + diversify: ceiling=0.00, value=10534.0
    [iter 4303369] reheat + diversify: ceiling=0.00, value=11686.0
    [iter 4309122] reheat + diversify: ceiling=0.00, value=11110.0
    [iter 4314875] reheat + diversify: ceiling=0.00, value=13192.0
    [iter 4320628] reheat + diversify: ceiling=0.00, value=12616.0
    [iter 4326381] reheat + diversify: ceiling=0.00, value=11110.0
    [iter 4332134] reheat + diversify: ceiling=0.00, value=13192.0
    [iter 4337887] reheat + diversify: ceiling=0.00, value=11686.0
    [iter 4343640] reheat + diversify: ceiling=0.00, value=9160.0
    [iter 4349393] reheat + diversify: ceiling=0.00, value=11110.0
    [iter 4355146] reheat + diversify: ceiling=0.00, value=12616.0
    [iter 4360899] reheat + diversify: ceiling=0.00, value=11110.0
    [iter 4366652] reheat + diversify: ceiling=0.00, value=6724.0
    [iter 4372405] reheat + diversify: ceiling=0.00, value=9160.0
    [iter 4378158] reheat + diversify: ceiling=0.00, value=13192.0
    [iter 4383911] reheat + diversify: ceiling=0.00, value=13192.0
    [iter 4389664] reheat + diversify: ceiling=0.00, value=11110.0
    [iter 4395417] reheat + diversify: ceiling=0.00, value=12040.0
    [iter 4401170] reheat + diversify: ceiling=0.00, value=9736.0
    [iter 4406923] reheat + diversify: ceiling=0.00, value=13192.0
    [iter 4412676] reheat + diversify: ceiling=0.00, value=12040.0
    [iter 4418429] reheat + diversify: ceiling=0.00, value=13192.0
    [iter 4424182] reheat + diversify: ceiling=0.00, value=13192.0
    [iter 4429935] reheat + diversify: ceiling=0.00, value=12616.0
    [iter 4435688] reheat + diversify: ceiling=0.00, value=8230.0
    [iter 4441441] reheat + diversify: ceiling=0.00, value=8230.0
    [iter 4447194] reheat + diversify: ceiling=0.00, value=11686.0
    [iter 4452947] reheat + diversify: ceiling=0.00, value=13192.0
    [iter 4458700] reheat + diversify: ceiling=0.00, value=9160.0
    [iter 4464453] reheat + diversify: ceiling=0.00, value=11110.0
    [iter 4470206] reheat + diversify: ceiling=0.00, value=13192.0
    [iter 4475959] reheat + diversify: ceiling=0.00, value=9160.0
    [iter 4481712] reheat + diversify: ceiling=0.00, value=13192.0
    [iter 4487465] reheat + diversify: ceiling=0.00, value=12616.0
    [iter 4493218] reheat + diversify: ceiling=0.00, value=11686.0
    [iter 4498971] reheat + diversify: ceiling=0.00, value=11110.0
    [iter 4504724] reheat + diversify: ceiling=0.00, value=13192.0
    [iter 4510477] reheat + diversify: ceiling=0.00, value=11686.0
    [iter 4516230] reheat + diversify: ceiling=0.00, value=13192.0
    [iter 4521983] reheat + diversify: ceiling=0.00, value=8230.0
    [iter 4527736] reheat + diversify: ceiling=0.00, value=13192.0
    [iter 4533489] reheat + diversify: ceiling=0.00, value=13192.0
    [iter 4539242] reheat + diversify: ceiling=0.00, value=11110.0
    [iter 4544995] reheat + diversify: ceiling=0.00, value=12616.0
    [iter 4550748] reheat + diversify: ceiling=0.00, value=13192.0
    [iter 4556501] reheat + diversify: ceiling=0.00, value=9160.0
    [iter 4562254] reheat + diversify: ceiling=0.00, value=11110.0
    [iter 4568007] reheat + diversify: ceiling=0.00, value=12616.0
    [iter 4573760] reheat + diversify: ceiling=0.00, value=12616.0
    [iter 4579513] reheat + diversify: ceiling=0.00, value=13192.0
    [iter 4585266] reheat + diversify: ceiling=0.00, value=13192.0
    [iter 4591019] reheat + diversify: ceiling=0.00, value=13192.0
    [iter 4596772] reheat + diversify: ceiling=0.00, value=11110.0
    [iter 4602525] reheat + diversify: ceiling=0.00, value=11110.0
    [iter 4608278] reheat + diversify: ceiling=0.00, value=13192.0
    [iter 4614031] reheat + diversify: ceiling=0.00, value=13192.0
    [iter 4619784] reheat + diversify: ceiling=0.00, value=9160.0
    [iter 4625537] reheat + diversify: ceiling=0.00, value=8230.0
    [iter 4631290] reheat + diversify: ceiling=0.00, value=13192.0
    [iter 4637043] reheat + diversify: ceiling=0.00, value=11686.0
    [iter 4642796] reheat + diversify: ceiling=0.00, value=12616.0
    [iter 4648549] reheat + diversify: ceiling=0.00, value=13192.0
    [iter 4654302] reheat + diversify: ceiling=0.00, value=8230.0
    [iter 4660055] reheat + diversify: ceiling=0.00, value=12616.0
    [iter 4665808] reheat + diversify: ceiling=0.00, value=8230.0
    [iter 4671561] reheat + diversify: ceiling=0.00, value=7654.0
    [iter 4677314] reheat + diversify: ceiling=0.00, value=11110.0
    [iter 4683067] reheat + diversify: ceiling=0.00, value=12616.0
    [iter 4688820] reheat + diversify: ceiling=0.00, value=12616.0
    [iter 4694573] reheat + diversify: ceiling=0.00, value=8230.0
    [iter 4700326] reheat + diversify: ceiling=0.00, value=8230.0
    [iter 4706079] reheat + diversify: ceiling=0.00, value=6724.0
    [iter 4711832] reheat + diversify: ceiling=0.00, value=13192.0
    [iter 4717585] reheat + diversify: ceiling=0.00, value=12616.0
    [iter 4723338] reheat + diversify: ceiling=0.00, value=12040.0
    [iter 4729091] reheat + diversify: ceiling=0.00, value=9160.0
    [iter 4734844] reheat + diversify: ceiling=0.00, value=12616.0
    [iter 4740597] reheat + diversify: ceiling=0.00, value=8230.0
    [iter 4746350] reheat + diversify: ceiling=0.00, value=13192.0
    [iter 4752103] reheat + diversify: ceiling=0.00, value=9160.0
    [iter 4757856] reheat + diversify: ceiling=0.00, value=7654.0
    [iter 4763609] reheat + diversify: ceiling=0.00, value=11110.0
    [iter 4769362] reheat + diversify: ceiling=0.00, value=11686.0
    [iter 4775115] reheat + diversify: ceiling=0.00, value=12040.0
    [iter 4780868] reheat + diversify: ceiling=0.00, value=10180.0
    [iter 4786621] reheat + diversify: ceiling=0.00, value=11686.0
    [iter 4792374] reheat + diversify: ceiling=0.00, value=8230.0
    [iter 4798127] reheat + diversify: ceiling=0.00, value=13192.0
    [iter 4803880] reheat + diversify: ceiling=0.00, value=13192.0
    [iter 4809633] reheat + diversify: ceiling=0.00, value=12616.0
    [iter 4815386] reheat + diversify: ceiling=0.00, value=12040.0
    [iter 4821139] reheat + diversify: ceiling=0.00, value=13192.0
    [iter 4826892] reheat + diversify: ceiling=0.00, value=8230.0
    [iter 4832645] reheat + diversify: ceiling=0.00, value=8230.0
    [iter 4838398] reheat + diversify: ceiling=0.00, value=9160.0
    [iter 4844151] reheat + diversify: ceiling=0.00, value=8674.0
    [iter 4849904] reheat + diversify: ceiling=0.00, value=12616.0
    [iter 4855657] reheat + diversify: ceiling=0.00, value=11110.0
    [iter 4861410] reheat + diversify: ceiling=0.00, value=12616.0
  time limit reached at iteration 4865584
  SA finished: 4865584 iterations in 300.0s (16219 it/s), accepted 3814879 (78.4%), rejected 1050704, neutral 3730698 (76.7%), worsening accepted 7.4%, no-move draws 0, reheats 845
  SA: value 13192.0 (greedy 9736.0, +3456.0), bound 21792.0, gap 39.46%, util 59.2%
  report -> /home/mcaspar/3DMHKP/results_3DMHKP_ep3/ep3-20-D-C-50-3DMHKP-SA-a0.999-r0.25-t300s.txt

================================================================================================
SUMMARY
================================================================================================
instance      boxes  packed       greedy     SA value        bound      gap    util    iters    time
------------------------------------------------------------------------------------------------
ep3-20-D-C-50     20      11       9736.0      13192.0      21792.0   39.5%   59.2%  4865584  300.0s
------------------------------------------------------------------------------------------------
proven optimal (value reaches the upper bound): 0/1
improved over greedy: 1/1 (total value 9736.0 -> 13192.0, +35.50%)
mean gap to 0-1 knapsack bound: 39.5%
mean volume utilization: 59.2%
