============================================================
  Solver:     3DMHKP-SA.py
  Instance:   /home/mcaspar/3DMHKP/Egeblad/ep3-20-D-R-90.txt
  Value mode: flat
  Timelimit:  900s
  Reports:    /home/mcaspar/3DMHKP/results_3DMHKP_ep3
  CPUs:       1
============================================================
======================================================================
3DMHKP Simulated Annealing (random single-neighbour, sequence decoder)
SA params: T0=5% of f(S_0), alpha=0.999, T_min=0.001, reheat_threshold=5753, reheat_fraction=0.25
Move weights: {'relocate': 0.0, 'swap': 1.0, '2opt': 0.0, 'promote': 1.5, 'demote': 1.5, 'orient': 1.0, 'container': 0.5}
Time limit: 900.0s per instance, seed 264866401
======================================================================

======================================================================
ep3-20-D-R-90: 20 boxes (20 types), 1 containers (1 types)
  0-1 knapsack bound: 25676.0 (continuous relaxation: 25836.3)
  initial (value-density) decode: value 13192.0 (13/20 boxes)
  T0 = 1068.8 (calibrated, 100 worsening draws, target accept 35%)
  schedule: time-based, T0 -> 243.64 over 900s
    [iter 1] *** NEW BEST: value 14536.0, boxes 14/20, T=1068.8, elapsed=0.2s
    [iter 2] *** NEW BEST: value 16708.0, boxes 15/20, T=1068.3, elapsed=0.2s
    [iter 8] *** NEW BEST: value 17138.0, boxes 14/20, T=1068.3, elapsed=0.2s
    [iter 41] *** NEW BEST: value 17800.0, boxes 16/20, T=1068.3, elapsed=0.2s
    [iter 49] *** NEW BEST: value 18760.0, boxes 16/20, T=1068.3, elapsed=0.2s
    [iter 60] *** NEW BEST: value 19336.0, boxes 16/20, T=1068.3, elapsed=0.3s
    [iter 155] *** NEW BEST: value 20620.0, boxes 16/20, T=1068.3, elapsed=0.3s
    [iter 164] *** NEW BEST: value 21924.0, boxes 16/20, T=1068.3, elapsed=0.3s
    [iter 180] *** NEW BEST: value 22216.0, boxes 17/20, T=1068.3, elapsed=0.3s
    [iter 2282] *** NEW BEST: value 22586.0, boxes 17/20, T=1067.7, elapsed=0.6s
    [iter 2287] *** NEW BEST: value 23164.0, boxes 16/20, T=1067.7, elapsed=0.6s
    [iter 4396] *** NEW BEST: value 23488.0, boxes 17/20, T=1067.1, elapsed=1.0s
    [iter 10149] reheat + diversify: ceiling=267.19, value=17607.0
    [iter 15902] reheat + diversify: ceiling=240.47, value=15818.0
    [iter 21655] reheat + diversify: ceiling=216.42, value=18266.0
    [iter 27352] *** NEW BEST: value 23520.0, boxes 17/20, T=1060.8, elapsed=4.6s
    [iter 27382] *** NEW BEST: value 24136.0, boxes 18/20, T=1060.7, elapsed=4.6s
    [iter 33135] reheat + diversify: ceiling=194.78, value=20544.0
    [iter 38888] reheat + diversify: ceiling=175.30, value=19380.0
    [iter 44641] reheat + diversify: ceiling=157.77, value=19084.0
    [iter 50394] reheat + diversify: ceiling=141.99, value=16024.0
    [iter 56147] reheat + diversify: ceiling=127.80, value=18578.0
    [iter 61900] reheat + diversify: ceiling=115.02, value=19460.0
    [iter 67653] reheat + diversify: ceiling=103.51, value=18268.0
    [iter 73406] reheat + diversify: ceiling=93.16, value=21146.0
    [iter 79159] reheat + diversify: ceiling=83.85, value=19220.0
    [iter 84912] reheat + diversify: ceiling=75.46, value=17520.0
    [iter 90665] reheat + diversify: ceiling=67.92, value=18930.0
    [iter 96418] reheat + diversify: ceiling=61.12, value=18282.0
    [iter 102171] reheat + diversify: ceiling=55.01, value=17832.0
    [iter 107924] reheat + diversify: ceiling=49.51, value=19084.0
    [iter 113677] reheat + diversify: ceiling=44.56, value=17868.0
    [iter 119430] reheat + diversify: ceiling=40.10, value=15696.0
    [iter 125183] reheat + diversify: ceiling=36.09, value=18978.0
    [iter 130936] reheat + diversify: ceiling=32.48, value=18410.0
    [iter 136689] reheat + diversify: ceiling=29.24, value=18672.0
    [iter 142442] reheat + diversify: ceiling=26.31, value=18760.0
    [iter 148195] reheat + diversify: ceiling=23.68, value=20764.0
    [iter 153948] reheat + diversify: ceiling=21.31, value=17536.0
    [iter 159701] reheat + diversify: ceiling=19.18, value=18647.0
    [iter 165454] reheat + diversify: ceiling=17.26, value=16266.0
    [iter 171207] reheat + diversify: ceiling=15.54, value=16176.0
    [iter 176960] reheat + diversify: ceiling=13.98, value=19620.0
    [iter 182713] reheat + diversify: ceiling=12.58, value=17960.0
    [iter 188466] reheat + diversify: ceiling=11.33, value=16292.0
    [iter 194219] reheat + diversify: ceiling=10.19, value=19756.0
    [iter 199972] reheat + diversify: ceiling=9.17, value=21697.0
    [iter 205725] reheat + diversify: ceiling=8.26, value=19014.0
    [iter 211478] reheat + diversify: ceiling=7.43, value=15590.0
    [iter 217231] reheat + diversify: ceiling=6.69, value=18776.0
    [iter 222984] reheat + diversify: ceiling=6.02, value=19660.0
    [iter 228737] reheat + diversify: ceiling=5.42, value=19428.0
    [iter 234490] reheat + diversify: ceiling=4.88, value=16580.0
    [iter 240243] reheat + diversify: ceiling=4.39, value=17590.0
    [iter 245996] reheat + diversify: ceiling=3.95, value=18386.0
    [iter 251749] reheat + diversify: ceiling=3.55, value=17618.0
    [iter 257502] reheat + diversify: ceiling=3.20, value=19084.0
    [iter 263255] reheat + diversify: ceiling=2.88, value=19242.0
    [iter 269008] reheat + diversify: ceiling=2.59, value=20236.0
    [iter 274761] reheat + diversify: ceiling=2.33, value=15864.0
    [iter 280514] reheat + diversify: ceiling=2.10, value=16876.0
    [iter 286267] reheat + diversify: ceiling=1.89, value=18328.0
    [iter 292020] reheat + diversify: ceiling=1.70, value=19434.0
    [iter 297773] reheat + diversify: ceiling=1.53, value=20236.0
    [iter 303526] reheat + diversify: ceiling=1.38, value=18316.0
    [iter 309279] reheat + diversify: ceiling=1.24, value=16780.0
    [iter 315032] reheat + diversify: ceiling=1.12, value=19588.0
    [iter 320785] reheat + diversify: ceiling=1.00, value=18082.0
    [iter 326538] reheat + diversify: ceiling=0.90, value=19256.0
    [iter 332291] reheat + diversify: ceiling=0.81, value=18916.0
    [iter 338044] reheat + diversify: ceiling=0.73, value=22094.0
    [iter 343797] reheat + diversify: ceiling=0.66, value=17798.0
    [iter 349550] reheat + diversify: ceiling=0.59, value=17294.0
    [iter 355303] reheat + diversify: ceiling=0.53, value=17992.0
    [iter 361056] reheat + diversify: ceiling=0.48, value=18760.0
    [iter 366809] reheat + diversify: ceiling=0.43, value=15918.0
    [iter 372562] reheat + diversify: ceiling=0.39, value=19182.0
    [iter 378315] reheat + diversify: ceiling=0.35, value=17462.0
    [iter 384068] reheat + diversify: ceiling=0.32, value=16316.0
    [iter 389821] reheat + diversify: ceiling=0.28, value=20342.0
    [iter 395574] reheat + diversify: ceiling=0.26, value=17942.0
    [iter 401327] reheat + diversify: ceiling=0.23, value=17948.0
    [iter 407080] reheat + diversify: ceiling=0.21, value=16176.0
    [iter 412833] reheat + diversify: ceiling=0.19, value=15560.0
    [iter 418586] reheat + diversify: ceiling=0.17, value=18330.0
    [iter 424339] reheat + diversify: ceiling=0.15, value=20048.0
    [iter 430092] reheat + diversify: ceiling=0.14, value=18984.0
    [iter 435845] reheat + diversify: ceiling=0.12, value=18606.0
    [iter 441598] reheat + diversify: ceiling=0.11, value=22126.0
    [iter 447351] reheat + diversify: ceiling=0.10, value=17652.0
    [iter 453104] reheat + diversify: ceiling=0.09, value=19014.0
    [iter 458857] reheat + diversify: ceiling=0.08, value=17416.0
    [iter 464610] reheat + diversify: ceiling=0.07, value=20732.0
    [iter 470363] reheat + diversify: ceiling=0.06, value=15926.0
    [iter 476116] reheat + diversify: ceiling=0.06, value=22216.0
    [iter 481869] reheat + diversify: ceiling=0.05, value=15600.0
    [iter 487622] reheat + diversify: ceiling=0.05, value=18872.0
    [iter 493375] reheat + diversify: ceiling=0.04, value=18282.0
    [iter 499128] reheat + diversify: ceiling=0.04, value=19758.0
    [iter 504881] reheat + diversify: ceiling=0.03, value=17970.0
    [iter 510634] reheat + diversify: ceiling=0.03, value=19102.0
    [iter 516387] reheat + diversify: ceiling=0.03, value=18486.0
    [iter 522140] reheat + diversify: ceiling=0.03, value=17196.0
    [iter 527893] reheat + diversify: ceiling=0.02, value=17832.0
    [iter 533646] reheat + diversify: ceiling=0.02, value=16302.0
    [iter 539399] reheat + diversify: ceiling=0.02, value=18686.0
    [iter 545152] reheat + diversify: ceiling=0.02, value=20932.0
    [iter 550905] reheat + diversify: ceiling=0.01, value=19315.0
    [iter 556658] reheat + diversify: ceiling=0.01, value=21924.0
    [iter 562411] reheat + diversify: ceiling=0.01, value=21322.0
    [iter 568164] reheat + diversify: ceiling=0.01, value=13764.0
    [iter 573917] reheat + diversify: ceiling=0.01, value=17758.0
    [iter 579670] reheat + diversify: ceiling=0.01, value=19660.0
    [iter 585423] reheat + diversify: ceiling=0.01, value=16702.0
    [iter 591176] reheat + diversify: ceiling=0.01, value=16950.0
    [iter 596929] reheat + diversify: ceiling=0.01, value=16034.0
    [iter 602682] reheat + diversify: ceiling=0.01, value=13946.0
    [iter 608435] reheat + diversify: ceiling=0.01, value=19868.0
    [iter 614188] reheat + diversify: ceiling=0.00, value=15204.0
    [iter 619941] reheat + diversify: ceiling=0.00, value=21256.0
    [iter 625694] reheat + diversify: ceiling=0.00, value=18472.0
    [iter 631447] reheat + diversify: ceiling=0.00, value=21892.0
    [iter 637200] reheat + diversify: ceiling=0.00, value=19076.0
    [iter 642953] reheat + diversify: ceiling=0.00, value=17196.0
    [iter 648706] reheat + diversify: ceiling=0.00, value=19254.0
    [iter 654459] reheat + diversify: ceiling=0.00, value=20822.0
    [iter 660212] reheat + diversify: ceiling=0.00, value=17116.0
    [iter 665965] reheat + diversify: ceiling=0.00, value=15728.0
    [iter 671718] reheat + diversify: ceiling=0.00, value=18392.0
    [iter 677471] reheat + diversify: ceiling=0.00, value=17126.0
    [iter 683224] reheat + diversify: ceiling=0.00, value=16778.0
    [iter 688977] reheat + diversify: ceiling=0.00, value=18578.0
    [iter 694730] reheat + diversify: ceiling=0.00, value=19016.0
    [iter 700483] reheat + diversify: ceiling=0.00, value=16778.0
    [iter 706236] reheat + diversify: ceiling=0.00, value=20680.0
    [iter 711989] reheat + diversify: ceiling=0.00, value=22094.0
    [iter 717742] reheat + diversify: ceiling=0.00, value=17460.0
    [iter 723495] reheat + diversify: ceiling=0.00, value=16374.0
    [iter 729248] reheat + diversify: ceiling=0.00, value=17428.0
    [iter 735001] reheat + diversify: ceiling=0.00, value=16752.0
    [iter 740754] reheat + diversify: ceiling=0.00, value=16034.0
    [iter 746507] reheat + diversify: ceiling=0.00, value=18872.0
    [iter 752260] reheat + diversify: ceiling=0.00, value=20680.0
    [iter 758013] reheat + diversify: ceiling=0.00, value=19256.0
    [iter 763766] reheat + diversify: ceiling=0.00, value=19226.0
    [iter 769519] reheat + diversify: ceiling=0.00, value=18374.0
    [iter 775272] reheat + diversify: ceiling=0.00, value=16975.0
    [iter 781025] reheat + diversify: ceiling=0.00, value=20032.0
    [iter 786778] reheat + diversify: ceiling=0.00, value=18544.0
    [iter 792531] reheat + diversify: ceiling=0.00, value=18930.0
    [iter 798284] reheat + diversify: ceiling=0.00, value=16202.0
    [iter 804037] reheat + diversify: ceiling=0.00, value=17536.0
    [iter 809790] reheat + diversify: ceiling=0.00, value=19992.0
    [iter 815543] reheat + diversify: ceiling=0.00, value=19706.0
    [iter 821296] reheat + diversify: ceiling=0.00, value=19012.0
    [iter 827049] reheat + diversify: ceiling=0.00, value=18026.0
    [iter 832802] reheat + diversify: ceiling=0.00, value=20620.0
    [iter 838555] reheat + diversify: ceiling=0.00, value=20767.0
    [iter 844308] reheat + diversify: ceiling=0.00, value=14704.0
    [iter 850061] reheat + diversify: ceiling=0.00, value=15078.0
    [iter 855814] reheat + diversify: ceiling=0.00, value=17210.0
    [iter 861567] reheat + diversify: ceiling=0.00, value=16768.0
    [iter 867320] reheat + diversify: ceiling=0.00, value=17852.0
    [iter 873073] reheat + diversify: ceiling=0.00, value=20236.0
    [iter 878826] reheat + diversify: ceiling=0.00, value=22372.0
    [iter 884579] reheat + diversify: ceiling=0.00, value=16664.0
    [iter 890332] reheat + diversify: ceiling=0.00, value=19568.0
    [iter 896085] reheat + diversify: ceiling=0.00, value=20608.0
    [iter 901838] reheat + diversify: ceiling=0.00, value=16526.0
    [iter 907591] reheat + diversify: ceiling=0.00, value=20620.0
    [iter 913344] reheat + diversify: ceiling=0.00, value=17838.0
    [iter 919097] reheat + diversify: ceiling=0.00, value=23383.0
    [iter 924850] reheat + diversify: ceiling=0.00, value=20764.0
    [iter 930603] reheat + diversify: ceiling=0.00, value=19384.0
    [iter 936356] reheat + diversify: ceiling=0.00, value=17014.0
    [iter 942109] reheat + diversify: ceiling=0.00, value=16876.0
    [iter 947862] reheat + diversify: ceiling=0.00, value=20742.0
    [iter 953615] reheat + diversify: ceiling=0.00, value=20952.0
    [iter 959368] reheat + diversify: ceiling=0.00, value=17520.0
    [iter 965121] reheat + diversify: ceiling=0.00, value=17246.0
    [iter 970874] reheat + diversify: ceiling=0.00, value=21568.0
    [iter 976627] reheat + diversify: ceiling=0.00, value=20358.0
    [iter 982380] reheat + diversify: ceiling=0.00, value=18916.0
    [iter 988133] reheat + diversify: ceiling=0.00, value=19076.0
    [iter 993886] reheat + diversify: ceiling=0.00, value=20064.0
    [iter 999639] reheat + diversify: ceiling=0.00, value=17410.0
    [iter 1005392] reheat + diversify: ceiling=0.00, value=19460.0
    [iter 1011145] reheat + diversify: ceiling=0.00, value=19056.0
    [iter 1016898] reheat + diversify: ceiling=0.00, value=20742.0
    [iter 1022651] reheat + diversify: ceiling=0.00, value=18316.0
    [iter 1028404] reheat + diversify: ceiling=0.00, value=20236.0
    [iter 1034157] reheat + diversify: ceiling=0.00, value=18500.0
    [iter 1039910] reheat + diversify: ceiling=0.00, value=17456.0
    [iter 1045663] reheat + diversify: ceiling=0.00, value=19912.0
    [iter 1051416] reheat + diversify: ceiling=0.00, value=21892.0
    [iter 1057169] reheat + diversify: ceiling=0.00, value=20884.0
    [iter 1062922] reheat + diversify: ceiling=0.00, value=22216.0
    [iter 1068675] reheat + diversify: ceiling=0.00, value=18718.0
    [iter 1074428] reheat + diversify: ceiling=0.00, value=18930.0
    [iter 1080181] reheat + diversify: ceiling=0.00, value=20640.0
    [iter 1085934] reheat + diversify: ceiling=0.00, value=18930.0
    [iter 1091687] reheat + diversify: ceiling=0.00, value=16832.0
    [iter 1097440] reheat + diversify: ceiling=0.00, value=19426.0
    [iter 1103193] reheat + diversify: ceiling=0.00, value=18374.0
    [iter 1108946] reheat + diversify: ceiling=0.00, value=20990.0
    [iter 1114699] reheat + diversify: ceiling=0.00, value=19388.0
    [iter 1120452] reheat + diversify: ceiling=0.00, value=15484.0
    [iter 1126205] reheat + diversify: ceiling=0.00, value=17832.0
    [iter 1131958] reheat + diversify: ceiling=0.00, value=15972.0
    [iter 1137711] reheat + diversify: ceiling=0.00, value=18682.0
    [iter 1143464] reheat + diversify: ceiling=0.00, value=16034.0
    [iter 1149217] reheat + diversify: ceiling=0.00, value=17336.0
    [iter 1154970] reheat + diversify: ceiling=0.00, value=18776.0
    [iter 1160723] reheat + diversify: ceiling=0.00, value=18406.0
    [iter 1166476] reheat + diversify: ceiling=0.00, value=14984.0
    [iter 1172229] reheat + diversify: ceiling=0.00, value=13296.0
    [iter 1177982] reheat + diversify: ceiling=0.00, value=16984.0
    [iter 1183735] reheat + diversify: ceiling=0.00, value=18318.0
    [iter 1189488] reheat + diversify: ceiling=0.00, value=20978.0
    [iter 1195241] reheat + diversify: ceiling=0.00, value=20767.0
    [iter 1200994] reheat + diversify: ceiling=0.00, value=20440.0
    [iter 1206747] reheat + diversify: ceiling=0.00, value=17492.0
    [iter 1212500] reheat + diversify: ceiling=0.00, value=15358.0
    [iter 1218253] reheat + diversify: ceiling=0.00, value=18360.0
    [iter 1224006] reheat + diversify: ceiling=0.00, value=19478.0
    [iter 1229759] reheat + diversify: ceiling=0.00, value=20330.0
    [iter 1235512] reheat + diversify: ceiling=0.00, value=17582.0
    [iter 1241265] reheat + diversify: ceiling=0.00, value=13964.0
    [iter 1247018] reheat + diversify: ceiling=0.00, value=21938.0
    [iter 1252771] reheat + diversify: ceiling=0.00, value=20620.0
    [iter 1258524] reheat + diversify: ceiling=0.00, value=21892.0
    [iter 1264277] reheat + diversify: ceiling=0.00, value=16908.0
    [iter 1270030] reheat + diversify: ceiling=0.00, value=15778.0
    [iter 1275783] reheat + diversify: ceiling=0.00, value=18236.0
    [iter 1281536] reheat + diversify: ceiling=0.00, value=20990.0
    [iter 1287289] reheat + diversify: ceiling=0.00, value=19540.0
    [iter 1293042] reheat + diversify: ceiling=0.00, value=20237.0
    [iter 1298795] reheat + diversify: ceiling=0.00, value=17352.0
    [iter 1304548] reheat + diversify: ceiling=0.00, value=17086.0
    [iter 1310301] reheat + diversify: ceiling=0.00, value=19830.0
    [iter 1316054] reheat + diversify: ceiling=0.00, value=22262.0
    [iter 1321807] reheat + diversify: ceiling=0.00, value=22742.0
    [iter 1327560] reheat + diversify: ceiling=0.00, value=18020.0
    [iter 1333313] reheat + diversify: ceiling=0.00, value=16930.0
    [iter 1339066] reheat + diversify: ceiling=0.00, value=20032.0
    [iter 1344819] reheat + diversify: ceiling=0.00, value=22216.0
    [iter 1350572] reheat + diversify: ceiling=0.00, value=21322.0
    [iter 1356325] reheat + diversify: ceiling=0.00, value=16480.0
    [iter 1362078] reheat + diversify: ceiling=0.00, value=18844.0
    [iter 1367831] reheat + diversify: ceiling=0.00, value=21568.0
    [iter 1373584] reheat + diversify: ceiling=0.00, value=18780.0
    [iter 1379337] reheat + diversify: ceiling=0.00, value=18472.0
    [iter 1385090] reheat + diversify: ceiling=0.00, value=20654.0
    [iter 1390843] reheat + diversify: ceiling=0.00, value=16838.0
    [iter 1396596] reheat + diversify: ceiling=0.00, value=21256.0
    [iter 1402349] reheat + diversify: ceiling=0.00, value=21352.0
    [iter 1408102] reheat + diversify: ceiling=0.00, value=18102.0
    [iter 1413855] reheat + diversify: ceiling=0.00, value=19492.0
    [iter 1419608] reheat + diversify: ceiling=0.00, value=20680.0
    [iter 1425361] reheat + diversify: ceiling=0.00, value=16442.0
    [iter 1431114] reheat + diversify: ceiling=0.00, value=21288.0
    [iter 1436867] reheat + diversify: ceiling=0.00, value=19862.0
    [iter 1442620] reheat + diversify: ceiling=0.00, value=19338.0
    [iter 1448373] reheat + diversify: ceiling=0.00, value=17356.0
    [iter 1454126] reheat + diversify: ceiling=0.00, value=18902.0
    [iter 1459879] reheat + diversify: ceiling=0.00, value=18440.0
    [iter 1465632] reheat + diversify: ceiling=0.00, value=18392.0
    [iter 1471385] reheat + diversify: ceiling=0.00, value=21108.0
    [iter 1477138] reheat + diversify: ceiling=0.00, value=16546.0
    [iter 1482891] reheat + diversify: ceiling=0.00, value=18408.0
    [iter 1488644] reheat + diversify: ceiling=0.00, value=19384.0
    [iter 1494397] reheat + diversify: ceiling=0.00, value=22216.0
    [iter 1500150] reheat + diversify: ceiling=0.00, value=19568.0
    [iter 1505903] reheat + diversify: ceiling=0.00, value=16508.0
    [iter 1511656] reheat + diversify: ceiling=0.00, value=18978.0
    [iter 1517409] reheat + diversify: ceiling=0.00, value=15216.0
    [iter 1523162] reheat + diversify: ceiling=0.00, value=15818.0
    [iter 1528915] reheat + diversify: ceiling=0.00, value=20032.0
    [iter 1534668] reheat + diversify: ceiling=0.00, value=17662.0
    [iter 1540421] reheat + diversify: ceiling=0.00, value=18096.0
    [iter 1546174] reheat + diversify: ceiling=0.00, value=20018.0
    [iter 1551927] reheat + diversify: ceiling=0.00, value=20202.0
    [iter 1557680] reheat + diversify: ceiling=0.00, value=17210.0
    [iter 1563433] reheat + diversify: ceiling=0.00, value=20262.0
    [iter 1569186] reheat + diversify: ceiling=0.00, value=22216.0
    [iter 1574939] reheat + diversify: ceiling=0.00, value=16930.0
    [iter 1580692] reheat + diversify: ceiling=0.00, value=18438.0
    [iter 1586445] reheat + diversify: ceiling=0.00, value=17758.0
    [iter 1592198] reheat + diversify: ceiling=0.00, value=19558.0
    [iter 1597951] reheat + diversify: ceiling=0.00, value=19570.0
    [iter 1603704] reheat + diversify: ceiling=0.00, value=21256.0
    [iter 1609457] reheat + diversify: ceiling=0.00, value=19056.0
    [iter 1615210] reheat + diversify: ceiling=0.00, value=18446.0
    [iter 1620963] reheat + diversify: ceiling=0.00, value=17322.0
    [iter 1626716] reheat + diversify: ceiling=0.00, value=15140.0
    [iter 1632469] reheat + diversify: ceiling=0.00, value=18394.0
    [iter 1638222] reheat + diversify: ceiling=0.00, value=20018.0
    [iter 1643975] reheat + diversify: ceiling=0.00, value=17084.0
    [iter 1649728] reheat + diversify: ceiling=0.00, value=20990.0
    [iter 1655481] reheat + diversify: ceiling=0.00, value=18760.0
    [iter 1661234] reheat + diversify: ceiling=0.00, value=19272.0
    [iter 1666987] reheat + diversify: ceiling=0.00, value=19706.0
    [iter 1672740] reheat + diversify: ceiling=0.00, value=20328.0
    [iter 1678493] reheat + diversify: ceiling=0.00, value=18314.0
    [iter 1684246] reheat + diversify: ceiling=0.00, value=17076.0
    [iter 1689999] reheat + diversify: ceiling=0.00, value=17140.0
    [iter 1695752] reheat + diversify: ceiling=0.00, value=16250.0
    [iter 1701505] reheat + diversify: ceiling=0.00, value=16718.0
    [iter 1707258] reheat + diversify: ceiling=0.00, value=18452.0
    [iter 1713011] reheat + diversify: ceiling=0.00, value=18606.0
    [iter 1718764] reheat + diversify: ceiling=0.00, value=17788.0
    [iter 1724517] reheat + diversify: ceiling=0.00, value=17800.0
    [iter 1730270] reheat + diversify: ceiling=0.00, value=17788.0
    [iter 1736023] reheat + diversify: ceiling=0.00, value=17340.0
    [iter 1741776] reheat + diversify: ceiling=0.00, value=17352.0
    [iter 1747529] reheat + diversify: ceiling=0.00, value=20952.0
    [iter 1753282] reheat + diversify: ceiling=0.00, value=19226.0
    [iter 1759035] reheat + diversify: ceiling=0.00, value=20666.0
    [iter 1764788] reheat + diversify: ceiling=0.00, value=14430.0
    [iter 1770541] reheat + diversify: ceiling=0.00, value=19086.0
    [iter 1776294] reheat + diversify: ceiling=0.00, value=18436.0
    [iter 1782047] reheat + diversify: ceiling=0.00, value=19130.0
    [iter 1787800] reheat + diversify: ceiling=0.00, value=20174.0
    [iter 1793553] reheat + diversify: ceiling=0.00, value=18454.0
    [iter 1799306] reheat + diversify: ceiling=0.00, value=17312.0
    [iter 1805059] reheat + diversify: ceiling=0.00, value=18766.0
    [iter 1810812] reheat + diversify: ceiling=0.00, value=17494.0
    [iter 1816565] reheat + diversify: ceiling=0.00, value=17046.0
    [iter 1822318] reheat + diversify: ceiling=0.00, value=20216.0
    [iter 1828071] reheat + diversify: ceiling=0.00, value=16178.0
    [iter 1833824] reheat + diversify: ceiling=0.00, value=19862.0
    [iter 1839577] reheat + diversify: ceiling=0.00, value=19862.0
    [iter 1845330] reheat + diversify: ceiling=0.00, value=18505.0
    [iter 1851083] reheat + diversify: ceiling=0.00, value=18236.0
    [iter 1856836] reheat + diversify: ceiling=0.00, value=18202.0
    [iter 1862589] reheat + diversify: ceiling=0.00, value=17662.0
    [iter 1868342] reheat + diversify: ceiling=0.00, value=20330.0
    [iter 1874095] reheat + diversify: ceiling=0.00, value=21488.0
    [iter 1879848] reheat + diversify: ceiling=0.00, value=15898.0
    [iter 1885601] reheat + diversify: ceiling=0.00, value=18760.0
    [iter 1891354] reheat + diversify: ceiling=0.00, value=16112.0
    [iter 1897107] reheat + diversify: ceiling=0.00, value=19014.0
    [iter 1902860] reheat + diversify: ceiling=0.00, value=20680.0
    [iter 1908613] reheat + diversify: ceiling=0.00, value=20680.0
    [iter 1914366] reheat + diversify: ceiling=0.00, value=19254.0
    [iter 1920119] reheat + diversify: ceiling=0.00, value=20654.0
    [iter 1925872] reheat + diversify: ceiling=0.00, value=20680.0
    [iter 1931625] reheat + diversify: ceiling=0.00, value=17712.0
    [iter 1937378] reheat + diversify: ceiling=0.00, value=18428.0
    [iter 1943131] reheat + diversify: ceiling=0.00, value=19192.0
    [iter 1948884] reheat + diversify: ceiling=0.00, value=17868.0
    [iter 1954637] reheat + diversify: ceiling=0.00, value=17156.0
    [iter 1960390] reheat + diversify: ceiling=0.00, value=17520.0
    [iter 1966143] reheat + diversify: ceiling=0.00, value=20742.0
    [iter 1971896] reheat + diversify: ceiling=0.00, value=18606.0
    [iter 1977649] reheat + diversify: ceiling=0.00, value=20452.0
    [iter 1983402] reheat + diversify: ceiling=0.00, value=18692.0
    [iter 1989155] reheat + diversify: ceiling=0.00, value=15746.0
    [iter 1994908] reheat + diversify: ceiling=0.00, value=13900.0
    [iter 2000661] reheat + diversify: ceiling=0.00, value=19520.0
    [iter 2006414] reheat + diversify: ceiling=0.00, value=18034.0
    [iter 2012167] reheat + diversify: ceiling=0.00, value=20452.0
    [iter 2017920] reheat + diversify: ceiling=0.00, value=22094.0
    [iter 2023673] reheat + diversify: ceiling=0.00, value=20776.0
    [iter 2029426] reheat + diversify: ceiling=0.00, value=13452.0
    [iter 2035179] reheat + diversify: ceiling=0.00, value=17226.0
    [iter 2040932] reheat + diversify: ceiling=0.00, value=17196.0
    [iter 2046685] reheat + diversify: ceiling=0.00, value=21724.0
    [iter 2052438] reheat + diversify: ceiling=0.00, value=21400.0
    [iter 2058191] reheat + diversify: ceiling=0.00, value=21276.0
    [iter 2063944] reheat + diversify: ceiling=0.00, value=18236.0
    [iter 2069697] reheat + diversify: ceiling=0.00, value=17620.0
    [iter 2075450] reheat + diversify: ceiling=0.00, value=18202.0
    [iter 2081203] reheat + diversify: ceiling=0.00, value=20174.0
    [iter 2086956] reheat + diversify: ceiling=0.00, value=18554.0
    [iter 2092709] reheat + diversify: ceiling=0.00, value=20822.0
    [iter 2098462] reheat + diversify: ceiling=0.00, value=16780.0
    [iter 2104215] reheat + diversify: ceiling=0.00, value=20990.0
    [iter 2109968] reheat + diversify: ceiling=0.00, value=20393.0
    [iter 2115721] reheat + diversify: ceiling=0.00, value=17414.0
    [iter 2121474] reheat + diversify: ceiling=0.00, value=19012.0
    [iter 2127227] reheat + diversify: ceiling=0.00, value=16936.0
    [iter 2132980] reheat + diversify: ceiling=0.00, value=17988.0
    [iter 2138733] reheat + diversify: ceiling=0.00, value=18064.0
    [iter 2144486] reheat + diversify: ceiling=0.00, value=20126.0
    [iter 2150239] reheat + diversify: ceiling=0.00, value=13808.0
    [iter 2155992] reheat + diversify: ceiling=0.00, value=22372.0
    [iter 2161745] reheat + diversify: ceiling=0.00, value=20872.0
    [iter 2167498] reheat + diversify: ceiling=0.00, value=20406.0
    [iter 2173251] reheat + diversify: ceiling=0.00, value=20004.0
    [iter 2179004] reheat + diversify: ceiling=0.00, value=15602.0
    [iter 2184757] reheat + diversify: ceiling=0.00, value=20680.0
    [iter 2190510] reheat + diversify: ceiling=0.00, value=21432.0
    [iter 2196263] reheat + diversify: ceiling=0.00, value=14670.0
    [iter 2202016] reheat + diversify: ceiling=0.00, value=23196.0
    [iter 2207769] reheat + diversify: ceiling=0.00, value=18408.0
    [iter 2213522] reheat + diversify: ceiling=0.00, value=21256.0
    [iter 2219275] reheat + diversify: ceiling=0.00, value=19660.0
    [iter 2225028] reheat + diversify: ceiling=0.00, value=16208.0
    [iter 2230781] reheat + diversify: ceiling=0.00, value=19226.0
    [iter 2236534] reheat + diversify: ceiling=0.00, value=18036.0
    [iter 2242287] reheat + diversify: ceiling=0.00, value=15448.0
    [iter 2248040] reheat + diversify: ceiling=0.00, value=20742.0
    [iter 2253793] reheat + diversify: ceiling=0.00, value=22216.0
    [iter 2259546] reheat + diversify: ceiling=0.00, value=19214.0
    [iter 2265299] reheat + diversify: ceiling=0.00, value=17366.0
    [iter 2271052] reheat + diversify: ceiling=0.00, value=18300.0
    [iter 2276805] reheat + diversify: ceiling=0.00, value=19428.0
    [iter 2282558] reheat + diversify: ceiling=0.00, value=16760.0
    [iter 2288311] reheat + diversify: ceiling=0.00, value=20990.0
    [iter 2294064] reheat + diversify: ceiling=0.00, value=18436.0
    [iter 2299817] reheat + diversify: ceiling=0.00, value=23059.0
    [iter 2305570] reheat + diversify: ceiling=0.00, value=17356.0
    [iter 2311323] reheat + diversify: ceiling=0.00, value=18526.0
    [iter 2317076] reheat + diversify: ceiling=0.00, value=17788.0
    [iter 2322829] reheat + diversify: ceiling=0.00, value=18578.0
    [iter 2328582] reheat + diversify: ceiling=0.00, value=22872.0
    [iter 2334335] reheat + diversify: ceiling=0.00, value=19116.0
    [iter 2340088] reheat + diversify: ceiling=0.00, value=17393.0
    [iter 2345841] reheat + diversify: ceiling=0.00, value=20236.0
    [iter 2351594] reheat + diversify: ceiling=0.00, value=21724.0
    [iter 2357347] reheat + diversify: ceiling=0.00, value=21146.0
    [iter 2363100] reheat + diversify: ceiling=0.00, value=18526.0
    [iter 2368853] reheat + diversify: ceiling=0.00, value=11116.0
    [iter 2374606] reheat + diversify: ceiling=0.00, value=17742.0
    [iter 2380359] reheat + diversify: ceiling=0.00, value=17137.0
    [iter 2386112] reheat + diversify: ceiling=0.00, value=18904.0
    [iter 2391865] reheat + diversify: ceiling=0.00, value=20540.0
    [iter 2397618] reheat + diversify: ceiling=0.00, value=17558.0
    [iter 2403371] reheat + diversify: ceiling=0.00, value=20356.0
    [iter 2409124] reheat + diversify: ceiling=0.00, value=14546.0
    [iter 2414877] reheat + diversify: ceiling=0.00, value=20156.0
    [iter 2420630] reheat + diversify: ceiling=0.00, value=23164.0
    [iter 2426383] reheat + diversify: ceiling=0.00, value=22372.0
    [iter 2432136] reheat + diversify: ceiling=0.00, value=19058.0
    [iter 2437889] reheat + diversify: ceiling=0.00, value=19058.0
    [iter 2443642] reheat + diversify: ceiling=0.00, value=22048.0
    [iter 2449395] reheat + diversify: ceiling=0.00, value=20680.0
    [iter 2455148] reheat + diversify: ceiling=0.00, value=18606.0
    [iter 2460901] reheat + diversify: ceiling=0.00, value=18238.0
    [iter 2466654] reheat + diversify: ceiling=0.00, value=21380.0
    [iter 2472407] reheat + diversify: ceiling=0.00, value=18312.0
    [iter 2478160] reheat + diversify: ceiling=0.00, value=19254.0
    [iter 2483913] reheat + diversify: ceiling=0.00, value=15016.0
    [iter 2489666] reheat + diversify: ceiling=0.00, value=20452.0
    [iter 2495419] reheat + diversify: ceiling=0.00, value=19506.0
    [iter 2501172] reheat + diversify: ceiling=0.00, value=20004.0
    [iter 2506925] reheat + diversify: ceiling=0.00, value=23164.0
    [iter 2512678] reheat + diversify: ceiling=0.00, value=16548.0
    [iter 2518431] reheat + diversify: ceiling=0.00, value=21722.0
    [iter 2524184] reheat + diversify: ceiling=0.00, value=16472.0
    [iter 2529937] reheat + diversify: ceiling=0.00, value=16916.0
    [iter 2535690] reheat + diversify: ceiling=0.00, value=19492.0
    [iter 2541443] reheat + diversify: ceiling=0.00, value=19214.0
    [iter 2547196] reheat + diversify: ceiling=0.00, value=19292.0
    [iter 2552949] reheat + diversify: ceiling=0.00, value=22094.0
    [iter 2558702] reheat + diversify: ceiling=0.00, value=21924.0
    [iter 2564455] reheat + diversify: ceiling=0.00, value=16808.0
    [iter 2570208] reheat + diversify: ceiling=0.00, value=20666.0
    [iter 2575961] reheat + diversify: ceiling=0.00, value=18202.0
    [iter 2581714] reheat + diversify: ceiling=0.00, value=18822.0
    [iter 2587467] reheat + diversify: ceiling=0.00, value=20064.0
    [iter 2593220] reheat + diversify: ceiling=0.00, value=16950.0
    [iter 2598973] reheat + diversify: ceiling=0.00, value=19336.0
    [iter 2604726] reheat + diversify: ceiling=0.00, value=18438.0
    [iter 2610479] reheat + diversify: ceiling=0.00, value=19388.0
    [iter 2616232] reheat + diversify: ceiling=0.00, value=17352.0
    [iter 2621985] reheat + diversify: ceiling=0.00, value=20251.0
    [iter 2627738] reheat + diversify: ceiling=0.00, value=18822.0
    [iter 2633491] reheat + diversify: ceiling=0.00, value=22216.0
    [iter 2639244] reheat + diversify: ceiling=0.00, value=18192.0
    [iter 2644997] reheat + diversify: ceiling=0.00, value=16054.0
    [iter 2650750] reheat + diversify: ceiling=0.00, value=19938.0
    [iter 2656503] reheat + diversify: ceiling=0.00, value=15854.0
    [iter 2662256] reheat + diversify: ceiling=0.00, value=18264.0
    [iter 2668009] reheat + diversify: ceiling=0.00, value=18112.0
    [iter 2673762] reheat + diversify: ceiling=0.00, value=20620.0
    [iter 2679515] reheat + diversify: ceiling=0.00, value=20128.0
    [iter 2685268] reheat + diversify: ceiling=0.00, value=22216.0
    [iter 2691021] reheat + diversify: ceiling=0.00, value=21196.0
    [iter 2696774] reheat + diversify: ceiling=0.00, value=16670.0
    [iter 2702527] reheat + diversify: ceiling=0.00, value=19954.0
    [iter 2708280] reheat + diversify: ceiling=0.00, value=19254.0
    [iter 2714033] reheat + diversify: ceiling=0.00, value=21056.0
    [iter 2719786] reheat + diversify: ceiling=0.00, value=18526.0
    [iter 2725539] reheat + diversify: ceiling=0.00, value=17168.0
    [iter 2731292] reheat + diversify: ceiling=0.00, value=17584.0
    [iter 2737045] reheat + diversify: ceiling=0.00, value=19807.0
    [iter 2742798] reheat + diversify: ceiling=0.00, value=18687.0
    [iter 2748551] reheat + diversify: ceiling=0.00, value=21989.0
    [iter 2754304] reheat + diversify: ceiling=0.00, value=19014.0
    [iter 2760057] reheat + diversify: ceiling=0.00, value=19084.0
    [iter 2765810] reheat + diversify: ceiling=0.00, value=19616.0
    [iter 2771563] reheat + diversify: ceiling=0.00, value=22372.0
    [iter 2777316] reheat + diversify: ceiling=0.00, value=20038.0
    [iter 2783069] reheat + diversify: ceiling=0.00, value=19254.0
    [iter 2788822] reheat + diversify: ceiling=0.00, value=19308.0
    [iter 2794575] reheat + diversify: ceiling=0.00, value=16808.0
    [iter 2800328] reheat + diversify: ceiling=0.00, value=22216.0
    [iter 2806081] reheat + diversify: ceiling=0.00, value=22313.0
    [iter 2811834] reheat + diversify: ceiling=0.00, value=18980.0
    [iter 2817587] reheat + diversify: ceiling=0.00, value=19660.0
    [iter 2823340] reheat + diversify: ceiling=0.00, value=16438.0
    [iter 2829093] reheat + diversify: ceiling=0.00, value=20216.0
    [iter 2834846] reheat + diversify: ceiling=0.00, value=21892.0
    [iter 2840599] reheat + diversify: ceiling=0.00, value=18990.0
    [iter 2846352] reheat + diversify: ceiling=0.00, value=14272.0
    [iter 2852105] reheat + diversify: ceiling=0.00, value=19862.0
    [iter 2857858] reheat + diversify: ceiling=0.00, value=20540.0
    [iter 2863611] reheat + diversify: ceiling=0.00, value=21812.0
    [iter 2869364] reheat + diversify: ceiling=0.00, value=21276.0
    [iter 2875117] reheat + diversify: ceiling=0.00, value=20822.0
    [iter 2880870] reheat + diversify: ceiling=0.00, value=19770.0
    [iter 2886623] reheat + diversify: ceiling=0.00, value=20640.0
    [iter 2892376] reheat + diversify: ceiling=0.00, value=20680.0
    [iter 2898129] reheat + diversify: ceiling=0.00, value=21600.0
    [iter 2903882] reheat + diversify: ceiling=0.00, value=20202.0
    [iter 2909635] reheat + diversify: ceiling=0.00, value=17359.0
    [iter 2915388] reheat + diversify: ceiling=0.00, value=20372.0
    [iter 2921141] reheat + diversify: ceiling=0.00, value=21970.0
    [iter 2926894] reheat + diversify: ceiling=0.00, value=16640.0
    [iter 2932647] reheat + diversify: ceiling=0.00, value=19862.0
    [iter 2938400] reheat + diversify: ceiling=0.00, value=17308.0
    [iter 2944153] reheat + diversify: ceiling=0.00, value=21943.0
    [iter 2949906] reheat + diversify: ceiling=0.00, value=20216.0
    [iter 2955659] reheat + diversify: ceiling=0.00, value=18406.0
    [iter 2961412] reheat + diversify: ceiling=0.00, value=17278.0
    [iter 2967165] reheat + diversify: ceiling=0.00, value=19286.0
    [iter 2972918] reheat + diversify: ceiling=0.00, value=16302.0
    [iter 2978671] reheat + diversify: ceiling=0.00, value=20776.0
    [iter 2984424] reheat + diversify: ceiling=0.00, value=14918.0
    [iter 2990177] reheat + diversify: ceiling=0.00, value=21322.0
    [iter 2995930] reheat + diversify: ceiling=0.00, value=20032.0
    [iter 3001683] reheat + diversify: ceiling=0.00, value=17196.0
    [iter 3007436] reheat + diversify: ceiling=0.00, value=18672.0
    [iter 3013189] reheat + diversify: ceiling=0.00, value=16923.0
    [iter 3018942] reheat + diversify: ceiling=0.00, value=20680.0
    [iter 3024695] reheat + diversify: ceiling=0.00, value=16952.0
    [iter 3030448] reheat + diversify: ceiling=0.00, value=16562.0
    [iter 3036201] reheat + diversify: ceiling=0.00, value=22126.0
    [iter 3041954] reheat + diversify: ceiling=0.00, value=17366.0
    [iter 3047707] reheat + diversify: ceiling=0.00, value=17278.0
    [iter 3053460] reheat + diversify: ceiling=0.00, value=20206.0
    [iter 3059213] reheat + diversify: ceiling=0.00, value=20452.0
    [iter 3064966] reheat + diversify: ceiling=0.00, value=19706.0
    [iter 3070719] reheat + diversify: ceiling=0.00, value=17572.0
    [iter 3076472] reheat + diversify: ceiling=0.00, value=16808.0
    [iter 3082225] reheat + diversify: ceiling=0.00, value=16640.0
    [iter 3087978] reheat + diversify: ceiling=0.00, value=18076.0
    [iter 3093731] reheat + diversify: ceiling=0.00, value=19798.0
    [iter 3099484] reheat + diversify: ceiling=0.00, value=21892.0
    [iter 3105237] reheat + diversify: ceiling=0.00, value=20356.0
    [iter 3110990] reheat + diversify: ceiling=0.00, value=19108.0
    [iter 3116743] reheat + diversify: ceiling=0.00, value=17878.0
    [iter 3122496] reheat + diversify: ceiling=0.00, value=18392.0
    [iter 3128249] reheat + diversify: ceiling=0.00, value=18032.0
    [iter 3134002] reheat + diversify: ceiling=0.00, value=18202.0
    [iter 3139755] reheat + diversify: ceiling=0.00, value=18916.0
    [iter 3145508] reheat + diversify: ceiling=0.00, value=15994.0
    [iter 3151261] reheat + diversify: ceiling=0.00, value=17868.0
    [iter 3157014] reheat + diversify: ceiling=0.00, value=20680.0
    [iter 3162767] reheat + diversify: ceiling=0.00, value=17102.0
    [iter 3168520] reheat + diversify: ceiling=0.00, value=20732.0
    [iter 3174273] reheat + diversify: ceiling=0.00, value=19157.0
    [iter 3180026] reheat + diversify: ceiling=0.00, value=19226.0
    [iter 3185779] reheat + diversify: ceiling=0.00, value=17258.0
    [iter 3191532] reheat + diversify: ceiling=0.00, value=14958.0
    [iter 3197285] reheat + diversify: ceiling=0.00, value=18844.0
    [iter 3203038] reheat + diversify: ceiling=0.00, value=18760.0
    [iter 3208791] reheat + diversify: ceiling=0.00, value=16752.0
    [iter 3214544] reheat + diversify: ceiling=0.00, value=18850.0
    [iter 3220297] reheat + diversify: ceiling=0.00, value=20822.0
    [iter 3226050] reheat + diversify: ceiling=0.00, value=17388.0
    [iter 3231803] reheat + diversify: ceiling=0.00, value=20174.0
    [iter 3237556] reheat + diversify: ceiling=0.00, value=17258.0
    [iter 3243309] reheat + diversify: ceiling=0.00, value=20032.0
    [iter 3249062] reheat + diversify: ceiling=0.00, value=21938.0
    [iter 3254815] reheat + diversify: ceiling=0.00, value=19428.0
    [iter 3260568] reheat + diversify: ceiling=0.00, value=21582.0
    [iter 3266321] reheat + diversify: ceiling=0.00, value=19632.0
    [iter 3272074] reheat + diversify: ceiling=0.00, value=18472.0
    [iter 3277827] reheat + diversify: ceiling=0.00, value=20666.0
    [iter 3283580] reheat + diversify: ceiling=0.00, value=19214.0
    [iter 3289333] reheat + diversify: ceiling=0.00, value=19584.0
    [iter 3295086] reheat + diversify: ceiling=0.00, value=19242.0
    [iter 3300839] reheat + diversify: ceiling=0.00, value=22540.0
    [iter 3306592] reheat + diversify: ceiling=0.00, value=16598.0
    [iter 3312345] reheat + diversify: ceiling=0.00, value=18436.0
    [iter 3318098] reheat + diversify: ceiling=0.00, value=23383.0
    [iter 3323851] reheat + diversify: ceiling=0.00, value=18850.0
    [iter 3329604] reheat + diversify: ceiling=0.00, value=19460.0
    [iter 3335357] reheat + diversify: ceiling=0.00, value=16752.0
    [iter 3341110] reheat + diversify: ceiling=0.00, value=21488.0
    [iter 3346863] reheat + diversify: ceiling=0.00, value=18238.0
    [iter 3352616] reheat + diversify: ceiling=0.00, value=18150.0
    [iter 3358369] reheat + diversify: ceiling=0.00, value=16526.0
    [iter 3364122] reheat + diversify: ceiling=0.00, value=22540.0
    [iter 3369875] reheat + diversify: ceiling=0.00, value=17590.0
    [iter 3375628] reheat + diversify: ceiling=0.00, value=19428.0
    [iter 3381381] reheat + diversify: ceiling=0.00, value=18360.0
    [iter 3387134] reheat + diversify: ceiling=0.00, value=21938.0
    [iter 3392887] reheat + diversify: ceiling=0.00, value=15864.0
    [iter 3398640] reheat + diversify: ceiling=0.00, value=18316.0
    [iter 3404393] reheat + diversify: ceiling=0.00, value=21164.0
    [iter 3410146] reheat + diversify: ceiling=0.00, value=18213.0
    [iter 3415899] reheat + diversify: ceiling=0.00, value=18610.0
    [iter 3421652] reheat + diversify: ceiling=0.00, value=18680.0
    [iter 3427405] reheat + diversify: ceiling=0.00, value=20868.0
    [iter 3433158] reheat + diversify: ceiling=0.00, value=18034.0
    [iter 3438911] reheat + diversify: ceiling=0.00, value=22216.0
    [iter 3444664] reheat + diversify: ceiling=0.00, value=16238.0
    [iter 3450417] reheat + diversify: ceiling=0.00, value=16562.0
    [iter 3456170] reheat + diversify: ceiling=0.00, value=17248.0
    [iter 3461923] reheat + diversify: ceiling=0.00, value=19272.0
    [iter 3467676] reheat + diversify: ceiling=0.00, value=18642.0
    [iter 3473429] reheat + diversify: ceiling=0.00, value=18482.0
    [iter 3479182] reheat + diversify: ceiling=0.00, value=20202.0
    [iter 3484935] reheat + diversify: ceiling=0.00, value=21892.0
    [iter 3490688] reheat + diversify: ceiling=0.00, value=20272.0
    [iter 3496441] reheat + diversify: ceiling=0.00, value=19492.0
    [iter 3502194] reheat + diversify: ceiling=0.00, value=21802.0
    [iter 3507947] reheat + diversify: ceiling=0.00, value=20822.0
    [iter 3513700] reheat + diversify: ceiling=0.00, value=18400.0
    [iter 3519453] reheat + diversify: ceiling=0.00, value=20822.0
    [iter 3525206] reheat + diversify: ceiling=0.00, value=15514.0
    [iter 3530959] reheat + diversify: ceiling=0.00, value=20620.0
    [iter 3536712] reheat + diversify: ceiling=0.00, value=21756.0
    [iter 3542465] reheat + diversify: ceiling=0.00, value=18806.0
    [iter 3548218] reheat + diversify: ceiling=0.00, value=16114.0
    [iter 3553971] reheat + diversify: ceiling=0.00, value=17576.0
    [iter 3559724] reheat + diversify: ceiling=0.00, value=20829.0
    [iter 3565477] reheat + diversify: ceiling=0.00, value=16500.0
    [iter 3571230] reheat + diversify: ceiling=0.00, value=15868.0
    [iter 3576983] reheat + diversify: ceiling=0.00, value=22540.0
    [iter 3582736] reheat + diversify: ceiling=0.00, value=20978.0
    [iter 3588489] reheat + diversify: ceiling=0.00, value=22742.0
    [iter 3594242] reheat + diversify: ceiling=0.00, value=23059.0
    [iter 3599995] reheat + diversify: ceiling=0.00, value=20236.0
    [iter 3605748] reheat + diversify: ceiling=0.00, value=21892.0
    [iter 3611501] reheat + diversify: ceiling=0.00, value=20666.0
    [iter 3617254] reheat + diversify: ceiling=0.00, value=19596.0
    [iter 3623007] reheat + diversify: ceiling=0.00, value=20822.0
    [iter 3628760] reheat + diversify: ceiling=0.00, value=16850.0
    [iter 3634513] reheat + diversify: ceiling=0.00, value=22262.0
    [iter 3640266] reheat + diversify: ceiling=0.00, value=17490.0
    [iter 3646019] reheat + diversify: ceiling=0.00, value=17434.0
    [iter 3651772] reheat + diversify: ceiling=0.00, value=20540.0
    [iter 3657525] reheat + diversify: ceiling=0.00, value=20374.0
    [iter 3663278] reheat + diversify: ceiling=0.00, value=19084.0
    [iter 3669031] reheat + diversify: ceiling=0.00, value=17758.0
    [iter 3674784] reheat + diversify: ceiling=0.00, value=17288.0
    [iter 3680537] reheat + diversify: ceiling=0.00, value=17448.0
    [iter 3686290] reheat + diversify: ceiling=0.00, value=20498.0
    [iter 3692043] reheat + diversify: ceiling=0.00, value=20400.0
    [iter 3697796] reheat + diversify: ceiling=0.00, value=19372.0
    [iter 3703549] reheat + diversify: ceiling=0.00, value=17788.0
    [iter 3709302] reheat + diversify: ceiling=0.00, value=19292.0
    [iter 3715055] reheat + diversify: ceiling=0.00, value=18408.0
    [iter 3720808] reheat + diversify: ceiling=0.00, value=18760.0
    [iter 3726561] reheat + diversify: ceiling=0.00, value=17074.0
    [iter 3732314] reheat + diversify: ceiling=0.00, value=21568.0
    [iter 3738067] reheat + diversify: ceiling=0.00, value=20018.0
    [iter 3743820] reheat + diversify: ceiling=0.00, value=21938.0
    [iter 3749573] reheat + diversify: ceiling=0.00, value=18808.0
    [iter 3755326] reheat + diversify: ceiling=0.00, value=21146.0
    [iter 3761079] reheat + diversify: ceiling=0.00, value=20742.0
    [iter 3766832] reheat + diversify: ceiling=0.00, value=19130.0
    [iter 3772585] reheat + diversify: ceiling=0.00, value=22157.0
    [iter 3778338] reheat + diversify: ceiling=0.00, value=22540.0
    [iter 3784091] reheat + diversify: ceiling=0.00, value=19520.0
    [iter 3789844] reheat + diversify: ceiling=0.00, value=18772.0
    [iter 3795597] reheat + diversify: ceiling=0.00, value=19752.0
    [iter 3801350] reheat + diversify: ceiling=0.00, value=19988.0
    [iter 3807103] reheat + diversify: ceiling=0.00, value=19752.0
    [iter 3812856] reheat + diversify: ceiling=0.00, value=21938.0
    [iter 3818609] reheat + diversify: ceiling=0.00, value=21892.0
    [iter 3824362] reheat + diversify: ceiling=0.00, value=15994.0
    [iter 3830115] reheat + diversify: ceiling=0.00, value=19286.0
    [iter 3835868] reheat + diversify: ceiling=0.00, value=22742.0
    [iter 3841621] reheat + diversify: ceiling=0.00, value=20620.0
    [iter 3847374] reheat + diversify: ceiling=0.00, value=15994.0
    [iter 3853127] reheat + diversify: ceiling=0.00, value=20251.0
    [iter 3858880] reheat + diversify: ceiling=0.00, value=19157.0
    [iter 3864633] reheat + diversify: ceiling=0.00, value=18526.0
    [iter 3870386] reheat + diversify: ceiling=0.00, value=18036.0
    [iter 3876139] reheat + diversify: ceiling=0.00, value=16332.0
    [iter 3881892] reheat + diversify: ceiling=0.00, value=21568.0
    [iter 3887645] reheat + diversify: ceiling=0.00, value=19108.0
    [iter 3893398] reheat + diversify: ceiling=0.00, value=20620.0
    [iter 3899151] reheat + diversify: ceiling=0.00, value=18358.0
    [iter 3904904] reheat + diversify: ceiling=0.00, value=18822.0
    [iter 3910657] reheat + diversify: ceiling=0.00, value=18640.0
    [iter 3916410] reheat + diversify: ceiling=0.00, value=19938.0
    [iter 3922163] reheat + diversify: ceiling=0.00, value=17798.0
    [iter 3927916] reheat + diversify: ceiling=0.00, value=17800.0
    [iter 3933669] reheat + diversify: ceiling=0.00, value=20330.0
    [iter 3939422] reheat + diversify: ceiling=0.00, value=22094.0
    [iter 3945175] reheat + diversify: ceiling=0.00, value=15831.0
    [iter 3950928] reheat + diversify: ceiling=0.00, value=21938.0
    [iter 3956681] reheat + diversify: ceiling=0.00, value=20237.0
    [iter 3962434] reheat + diversify: ceiling=0.00, value=21568.0
    [iter 3968187] reheat + diversify: ceiling=0.00, value=21164.0
    [iter 3973940] reheat + diversify: ceiling=0.00, value=22540.0
    [iter 3979693] reheat + diversify: ceiling=0.00, value=20174.0
    [iter 3985446] reheat + diversify: ceiling=0.00, value=21256.0
    [iter 3991199] reheat + diversify: ceiling=0.00, value=17308.0
    [iter 3996952] reheat + diversify: ceiling=0.00, value=19662.0
    [iter 4002705] reheat + diversify: ceiling=0.00, value=22216.0
    [iter 4008458] reheat + diversify: ceiling=0.00, value=20776.0
    [iter 4014211] reheat + diversify: ceiling=0.00, value=19510.0
    [iter 4019964] reheat + diversify: ceiling=0.00, value=15868.0
    [iter 4025717] reheat + diversify: ceiling=0.00, value=21938.0
    [iter 4031470] reheat + diversify: ceiling=0.00, value=16082.0
    [iter 4037223] reheat + diversify: ceiling=0.00, value=18762.0
    [iter 4042976] reheat + diversify: ceiling=0.00, value=18760.0
    [iter 4048729] reheat + diversify: ceiling=0.00, value=19938.0
    [iter 4054482] reheat + diversify: ceiling=0.00, value=15958.0
    [iter 4060235] reheat + diversify: ceiling=0.00, value=19338.0
    [iter 4065988] reheat + diversify: ceiling=0.00, value=20236.0
    [iter 4071741] reheat + diversify: ceiling=0.00, value=17494.0
    [iter 4077494] reheat + diversify: ceiling=0.00, value=20586.0
    [iter 4083247] reheat + diversify: ceiling=0.00, value=20540.0
    [iter 4089000] reheat + diversify: ceiling=0.00, value=21938.0
    [iter 4094753] reheat + diversify: ceiling=0.00, value=22443.0
    [iter 4100506] reheat + diversify: ceiling=0.00, value=19196.0
    [iter 4106259] reheat + diversify: ceiling=0.00, value=17712.0
    [iter 4112012] reheat + diversify: ceiling=0.00, value=22443.0
    [iter 4117765] reheat + diversify: ceiling=0.00, value=18879.0
    [iter 4123518] reheat + diversify: ceiling=0.00, value=18364.0
    [iter 4129271] reheat + diversify: ceiling=0.00, value=20608.0
    [iter 4135024] reheat + diversify: ceiling=0.00, value=22872.0
    [iter 4140777] reheat + diversify: ceiling=0.00, value=22767.0
    [iter 4146530] reheat + diversify: ceiling=0.00, value=22540.0
    [iter 4152283] reheat + diversify: ceiling=0.00, value=20018.0
    [iter 4158036] reheat + diversify: ceiling=0.00, value=16850.0
    [iter 4163789] reheat + diversify: ceiling=0.00, value=21488.0
    [iter 4169542] reheat + diversify: ceiling=0.00, value=20202.0
    [iter 4175295] reheat + diversify: ceiling=0.00, value=20680.0
    [iter 4181048] reheat + diversify: ceiling=0.00, value=18236.0
    [iter 4186801] reheat + diversify: ceiling=0.00, value=22372.0
    [iter 4192554] reheat + diversify: ceiling=0.00, value=20236.0
    [iter 4198307] reheat + diversify: ceiling=0.00, value=16274.0
    [iter 4204060] reheat + diversify: ceiling=0.00, value=18872.0
    [iter 4209813] reheat + diversify: ceiling=0.00, value=20978.0
    [iter 4215566] reheat + diversify: ceiling=0.00, value=20990.0
    [iter 4221319] reheat + diversify: ceiling=0.00, value=18916.0
    [iter 4227072] reheat + diversify: ceiling=0.00, value=17798.0
    [iter 4232825] reheat + diversify: ceiling=0.00, value=19258.0
    [iter 4238578] reheat + diversify: ceiling=0.00, value=19586.0
    [iter 4244331] reheat + diversify: ceiling=0.00, value=19792.0
    [iter 4250084] reheat + diversify: ceiling=0.00, value=18682.0
    [iter 4255837] reheat + diversify: ceiling=0.00, value=19777.0
    [iter 4261590] reheat + diversify: ceiling=0.00, value=20978.0
    [iter 4267343] reheat + diversify: ceiling=0.00, value=18822.0
    [iter 4273096] reheat + diversify: ceiling=0.00, value=21812.0
    [iter 4278849] reheat + diversify: ceiling=0.00, value=22094.0
    [iter 4284602] reheat + diversify: ceiling=0.00, value=18360.0
    [iter 4290355] reheat + diversify: ceiling=0.00, value=16238.0
    [iter 4296108] reheat + diversify: ceiling=0.00, value=21970.0
    [iter 4301861] reheat + diversify: ceiling=0.00, value=19052.0
    [iter 4307614] reheat + diversify: ceiling=0.00, value=20206.0
    [iter 4313367] reheat + diversify: ceiling=0.00, value=17338.0
    [iter 4319120] reheat + diversify: ceiling=0.00, value=21892.0
    [iter 4324873] reheat + diversify: ceiling=0.00, value=19586.0
    [iter 4330626] reheat + diversify: ceiling=0.00, value=21056.0
    [iter 4336379] reheat + diversify: ceiling=0.00, value=19607.0
    [iter 4342132] reheat + diversify: ceiling=0.00, value=17388.0
    [iter 4347885] reheat + diversify: ceiling=0.00, value=21938.0
    [iter 4353638] reheat + diversify: ceiling=0.00, value=21091.0
    [iter 4359391] reheat + diversify: ceiling=0.00, value=21568.0
    [iter 4365144] reheat + diversify: ceiling=0.00, value=18202.0
    [iter 4370897] reheat + diversify: ceiling=0.00, value=18192.0
    [iter 4376650] reheat + diversify: ceiling=0.00, value=18934.0
    [iter 4382403] reheat + diversify: ceiling=0.00, value=21520.0
    [iter 4388156] reheat + diversify: ceiling=0.00, value=19758.0
    [iter 4393909] reheat + diversify: ceiling=0.00, value=22216.0
    [iter 4399662] reheat + diversify: ceiling=0.00, value=21352.0
    [iter 4405415] reheat + diversify: ceiling=0.00, value=21509.0
    [iter 4411168] reheat + diversify: ceiling=0.00, value=19756.0
    [iter 4416921] reheat + diversify: ceiling=0.00, value=21383.0
    [iter 4422674] reheat + diversify: ceiling=0.00, value=20680.0
    [iter 4428427] reheat + diversify: ceiling=0.00, value=17862.0
    [iter 4434180] reheat + diversify: ceiling=0.00, value=18810.0
    [iter 4439933] reheat + diversify: ceiling=0.00, value=23164.0
    [iter 4445686] reheat + diversify: ceiling=0.00, value=20822.0
    [iter 4451439] reheat + diversify: ceiling=0.00, value=20032.0
    [iter 4457192] reheat + diversify: ceiling=0.00, value=20990.0
    [iter 4462945] reheat + diversify: ceiling=0.00, value=16824.0
    [iter 4468698] reheat + diversify: ceiling=0.00, value=16752.0
    [iter 4474451] reheat + diversify: ceiling=0.00, value=22540.0
    [iter 4480204] reheat + diversify: ceiling=0.00, value=16472.0
    [iter 4485957] reheat + diversify: ceiling=0.00, value=20540.0
    [iter 4491710] reheat + diversify: ceiling=0.00, value=22540.0
    [iter 4497463] reheat + diversify: ceiling=0.00, value=21938.0
    [iter 4503216] reheat + diversify: ceiling=0.00, value=18406.0
    [iter 4508969] reheat + diversify: ceiling=0.00, value=18842.0
    [iter 4514722] reheat + diversify: ceiling=0.00, value=22313.0
    [iter 4520475] reheat + diversify: ceiling=0.00, value=22216.0
    [iter 4526228] reheat + diversify: ceiling=0.00, value=19146.0
    [iter 4531981] reheat + diversify: ceiling=0.00, value=20776.0
    [iter 4537734] reheat + diversify: ceiling=0.00, value=18020.0
    [iter 4543487] reheat + diversify: ceiling=0.00, value=20776.0
    [iter 4549240] reheat + diversify: ceiling=0.00, value=20911.0
    [iter 4554993] reheat + diversify: ceiling=0.00, value=17632.0
    [iter 4560746] reheat + diversify: ceiling=0.00, value=18760.0
    [iter 4566499] reheat + diversify: ceiling=0.00, value=18440.0
    [iter 4572252] reheat + diversify: ceiling=0.00, value=19582.0
    [iter 4578005] reheat + diversify: ceiling=0.00, value=20932.0
    [iter 4583758] reheat + diversify: ceiling=0.00, value=18202.0
    [iter 4589511] reheat + diversify: ceiling=0.00, value=16850.0
    [iter 4595264] reheat + diversify: ceiling=0.00, value=21582.0
    [iter 4601017] reheat + diversify: ceiling=0.00, value=17106.0
    [iter 4606770] reheat + diversify: ceiling=0.00, value=23520.0
    [iter 4612523] reheat + diversify: ceiling=0.00, value=20018.0
    [iter 4618276] reheat + diversify: ceiling=0.00, value=21938.0
    [iter 4624029] reheat + diversify: ceiling=0.00, value=22157.0
    [iter 4629782] reheat + diversify: ceiling=0.00, value=20680.0
    [iter 4635535] reheat + diversify: ceiling=0.00, value=22586.0
    [iter 4641288] reheat + diversify: ceiling=0.00, value=22216.0
    [iter 4647041] reheat + diversify: ceiling=0.00, value=17520.0
    [iter 4652794] reheat + diversify: ceiling=0.00, value=18564.0
    [iter 4658547] reheat + diversify: ceiling=0.00, value=19603.0
    [iter 4664300] reheat + diversify: ceiling=0.00, value=17948.0
    [iter 4670053] reheat + diversify: ceiling=0.00, value=21495.0
    [iter 4675806] reheat + diversify: ceiling=0.00, value=17520.0
    [iter 4681559] reheat + diversify: ceiling=0.00, value=22540.0
    [iter 4687312] reheat + diversify: ceiling=0.00, value=22094.0
    [iter 4693065] reheat + diversify: ceiling=0.00, value=20330.0
    [iter 4698818] reheat + diversify: ceiling=0.00, value=20564.0
    [iter 4704571] reheat + diversify: ceiling=0.00, value=18312.0
    [iter 4710324] reheat + diversify: ceiling=0.00, value=23707.0
    [iter 4716077] reheat + diversify: ceiling=0.00, value=20680.0
    [iter 4721830] reheat + diversify: ceiling=0.00, value=23164.0
    [iter 4727583] reheat + diversify: ceiling=0.00, value=22216.0
    [iter 4733336] reheat + diversify: ceiling=0.00, value=19756.0
    [iter 4739089] reheat + diversify: ceiling=0.00, value=17924.0
    [iter 4744842] reheat + diversify: ceiling=0.00, value=22216.0
    [iter 4750595] reheat + diversify: ceiling=0.00, value=20822.0
    [iter 4756348] reheat + diversify: ceiling=0.00, value=21938.0
    [iter 4762101] reheat + diversify: ceiling=0.00, value=20342.0
    [iter 4767854] reheat + diversify: ceiling=0.00, value=21756.0
    [iter 4773607] reheat + diversify: ceiling=0.00, value=17212.0
    [iter 4779360] reheat + diversify: ceiling=0.00, value=18288.0
    [iter 4785113] reheat + diversify: ceiling=0.00, value=18076.0
    [iter 4790866] reheat + diversify: ceiling=0.00, value=17600.0
    [iter 4796619] reheat + diversify: ceiling=0.00, value=18692.0
    [iter 4802372] reheat + diversify: ceiling=0.00, value=19878.0
    [iter 4808125] reheat + diversify: ceiling=0.00, value=18872.0
    [iter 4813878] reheat + diversify: ceiling=0.00, value=16844.0
    [iter 4819631] reheat + diversify: ceiling=0.00, value=18780.0
    [iter 4825384] reheat + diversify: ceiling=0.00, value=21509.0
    [iter 4831137] reheat + diversify: ceiling=0.00, value=20498.0
    [iter 4836890] reheat + diversify: ceiling=0.00, value=17924.0
    [iter 4842643] reheat + diversify: ceiling=0.00, value=19600.0
    [iter 4848396] reheat + diversify: ceiling=0.00, value=20236.0
    [iter 4854149] reheat + diversify: ceiling=0.00, value=23488.0
    [iter 4859902] reheat + diversify: ceiling=0.00, value=19620.0
    [iter 4865655] reheat + diversify: ceiling=0.00, value=17878.0
    [iter 4871408] reheat + diversify: ceiling=0.00, value=16842.0
    [iter 4877161] reheat + diversify: ceiling=0.00, value=19192.0
    [iter 4882914] reheat + diversify: ceiling=0.00, value=20216.0
    [iter 4888667] reheat + diversify: ceiling=0.00, value=23488.0
    [iter 4894420] reheat + diversify: ceiling=0.00, value=19914.0
    [iter 4900173] reheat + diversify: ceiling=0.00, value=19520.0
    [iter 4905926] reheat + diversify: ceiling=0.00, value=20216.0
    [iter 4911679] reheat + diversify: ceiling=0.00, value=24136.0
    [iter 4917432] reheat + diversify: ceiling=0.00, value=22216.0
    [iter 4923185] reheat + diversify: ceiling=0.00, value=18126.0
    [iter 4928938] reheat + diversify: ceiling=0.00, value=16858.0
    [iter 4934691] reheat + diversify: ceiling=0.00, value=18459.0
    [iter 4940444] reheat + diversify: ceiling=0.00, value=22216.0
    [iter 4946197] reheat + diversify: ceiling=0.00, value=17758.0
    [iter 4951950] reheat + diversify: ceiling=0.00, value=21970.0
    [iter 4957703] reheat + diversify: ceiling=0.00, value=23091.0
    [iter 4963456] reheat + diversify: ceiling=0.00, value=20680.0
    [iter 4969209] reheat + diversify: ceiling=0.00, value=19619.0
    [iter 4974962] reheat + diversify: ceiling=0.00, value=18436.0
    [iter 4980715] reheat + diversify: ceiling=0.00, value=16404.0
    [iter 4986468] reheat + diversify: ceiling=0.00, value=17978.0
    [iter 4992221] reheat + diversify: ceiling=0.00, value=16844.0
    [iter 4997974] reheat + diversify: ceiling=0.00, value=20666.0
    [iter 5003727] reheat + diversify: ceiling=0.00, value=21568.0
    [iter 5009480] reheat + diversify: ceiling=0.00, value=16922.0
    [iter 5015233] reheat + diversify: ceiling=0.00, value=17063.0
    [iter 5020986] reheat + diversify: ceiling=0.00, value=19308.0
    [iter 5026739] reheat + diversify: ceiling=0.00, value=19740.0
    [iter 5032492] reheat + diversify: ceiling=0.00, value=20372.0
    [iter 5038245] reheat + diversify: ceiling=0.00, value=22216.0
    [iter 5043998] reheat + diversify: ceiling=0.00, value=18857.0
    [iter 5049751] reheat + diversify: ceiling=0.00, value=17712.0
    [iter 5055504] reheat + diversify: ceiling=0.00, value=22540.0
    [iter 5061257] reheat + diversify: ceiling=0.00, value=20561.0
    [iter 5067010] reheat + diversify: ceiling=0.00, value=20990.0
    [iter 5072763] reheat + diversify: ceiling=0.00, value=20620.0
    [iter 5078516] reheat + diversify: ceiling=0.00, value=20289.0
    [iter 5084269] reheat + diversify: ceiling=0.00, value=20356.0
    [iter 5090022] reheat + diversify: ceiling=0.00, value=21833.0
    [iter 5095775] reheat + diversify: ceiling=0.00, value=21924.0
    [iter 5101528] reheat + diversify: ceiling=0.00, value=20268.0
    [iter 5107281] reheat + diversify: ceiling=0.00, value=22540.0
    [iter 5113034] reheat + diversify: ceiling=0.00, value=20763.0
    [iter 5118787] reheat + diversify: ceiling=0.00, value=17868.0
    [iter 5124540] reheat + diversify: ceiling=0.00, value=17034.0
    [iter 5130293] reheat + diversify: ceiling=0.00, value=23059.0
    [iter 5136046] reheat + diversify: ceiling=0.00, value=17878.0
    [iter 5141799] reheat + diversify: ceiling=0.00, value=19620.0
    [iter 5147552] reheat + diversify: ceiling=0.00, value=20544.0
    [iter 5153305] reheat + diversify: ceiling=0.00, value=19382.0
    [iter 5159058] reheat + diversify: ceiling=0.00, value=21619.0
    [iter 5164811] reheat + diversify: ceiling=0.00, value=17832.0
    [iter 5170564] reheat + diversify: ceiling=0.00, value=21970.0
    [iter 5176317] reheat + diversify: ceiling=0.00, value=20620.0
    [iter 5182070] reheat + diversify: ceiling=0.00, value=21892.0
    [iter 5187823] reheat + diversify: ceiling=0.00, value=18760.0
    [iter 5193576] reheat + diversify: ceiling=0.00, value=21970.0
    [iter 5199329] reheat + diversify: ceiling=0.00, value=22540.0
    [iter 5205082] reheat + diversify: ceiling=0.00, value=19712.0
    [iter 5210835] reheat + diversify: ceiling=0.00, value=22313.0
    [iter 5216588] reheat + diversify: ceiling=0.00, value=23164.0
    [iter 5222341] reheat + diversify: ceiling=0.00, value=18408.0
    [iter 5228094] reheat + diversify: ceiling=0.00, value=22468.0
    [iter 5233847] reheat + diversify: ceiling=0.00, value=21724.0
    [iter 5239600] reheat + diversify: ceiling=0.00, value=22216.0
    [iter 5245353] reheat + diversify: ceiling=0.00, value=22216.0
    [iter 5251106] reheat + diversify: ceiling=0.00, value=22586.0
    [iter 5256859] reheat + diversify: ceiling=0.00, value=21756.0
    [iter 5262612] reheat + diversify: ceiling=0.00, value=20978.0
    [iter 5268365] reheat + diversify: ceiling=0.00, value=17712.0
    [iter 5274118] reheat + diversify: ceiling=0.00, value=20202.0
    [iter 5279871] reheat + diversify: ceiling=0.00, value=22262.0
    [iter 5285624] reheat + diversify: ceiling=0.00, value=17520.0
    [iter 5291377] reheat + diversify: ceiling=0.00, value=21892.0
    [iter 5297130] reheat + diversify: ceiling=0.00, value=18680.0
    [iter 5302883] reheat + diversify: ceiling=0.00, value=21488.0
    [iter 5308636] reheat + diversify: ceiling=0.00, value=18064.0
    [iter 5314389] reheat + diversify: ceiling=0.00, value=21938.0
    [iter 5320142] reheat + diversify: ceiling=0.00, value=19428.0
    [iter 5325895] reheat + diversify: ceiling=0.00, value=21568.0
    [iter 5331648] reheat + diversify: ceiling=0.00, value=15002.0
    [iter 5337401] reheat + diversify: ceiling=0.00, value=20978.0
    [iter 5343154] reheat + diversify: ceiling=0.00, value=21892.0
    [iter 5348907] reheat + diversify: ceiling=0.00, value=16394.0
    [iter 5354660] reheat + diversify: ceiling=0.00, value=20540.0
    [iter 5360413] reheat + diversify: ceiling=0.00, value=20236.0
    [iter 5366166] reheat + diversify: ceiling=0.00, value=17292.0
    [iter 5371919] reheat + diversify: ceiling=0.00, value=20372.0
    [iter 5377672] reheat + diversify: ceiling=0.00, value=18039.0
    [iter 5383425] reheat + diversify: ceiling=0.00, value=20680.0
    [iter 5389178] reheat + diversify: ceiling=0.00, value=16930.0
    [iter 5394931] reheat + diversify: ceiling=0.00, value=20666.0
    [iter 5400684] reheat + diversify: ceiling=0.00, value=22262.0
    [iter 5406437] reheat + diversify: ceiling=0.00, value=21812.0
    [iter 5412190] reheat + diversify: ceiling=0.00, value=17116.0
    [iter 5417943] reheat + diversify: ceiling=0.00, value=17758.0
    [iter 5423696] reheat + diversify: ceiling=0.00, value=17306.0
    [iter 5429449] reheat + diversify: ceiling=0.00, value=20498.0
    [iter 5435202] reheat + diversify: ceiling=0.00, value=16936.0
    [iter 5440955] reheat + diversify: ceiling=0.00, value=17352.0
    [iter 5446708] reheat + diversify: ceiling=0.00, value=19084.0
    [iter 5452461] reheat + diversify: ceiling=0.00, value=19584.0
    [iter 5458214] reheat + diversify: ceiling=0.00, value=21196.0
    [iter 5463967] reheat + diversify: ceiling=0.00, value=17858.0
    [iter 5469720] reheat + diversify: ceiling=0.00, value=19582.0
    [iter 5475473] reheat + diversify: ceiling=0.00, value=18190.0
    [iter 5481226] reheat + diversify: ceiling=0.00, value=16850.0
    [iter 5486979] reheat + diversify: ceiling=0.00, value=15366.0
    [iter 5492732] reheat + diversify: ceiling=0.00, value=21924.0
    [iter 5498485] reheat + diversify: ceiling=0.00, value=22443.0
    [iter 5504238] reheat + diversify: ceiling=0.00, value=22157.0
    [iter 5509991] reheat + diversify: ceiling=0.00, value=22126.0
    [iter 5515744] reheat + diversify: ceiling=0.00, value=21146.0
    [iter 5521497] reheat + diversify: ceiling=0.00, value=17510.0
    [iter 5527250] reheat + diversify: ceiling=0.00, value=22872.0
    [iter 5533003] reheat + diversify: ceiling=0.00, value=21256.0
    [iter 5538756] reheat + diversify: ceiling=0.00, value=21146.0
    [iter 5544509] reheat + diversify: ceiling=0.00, value=17664.0
    [iter 5550262] reheat + diversify: ceiling=0.00, value=16260.0
    [iter 5556015] reheat + diversify: ceiling=0.00, value=16752.0
    [iter 5561768] reheat + diversify: ceiling=0.00, value=17171.0
    [iter 5567521] reheat + diversify: ceiling=0.00, value=22742.0
    [iter 5573274] reheat + diversify: ceiling=0.00, value=16484.0
    [iter 5579027] reheat + diversify: ceiling=0.00, value=17076.0
    [iter 5584780] reheat + diversify: ceiling=0.00, value=18760.0
    [iter 5590533] reheat + diversify: ceiling=0.00, value=18234.0
    [iter 5596286] reheat + diversify: ceiling=0.00, value=18440.0
    [iter 5602039] reheat + diversify: ceiling=0.00, value=22418.0
    [iter 5607792] reheat + diversify: ceiling=0.00, value=16332.0
    [iter 5613545] reheat + diversify: ceiling=0.00, value=22767.0
    [iter 5619298] reheat + diversify: ceiling=0.00, value=17788.0
    [iter 5625051] reheat + diversify: ceiling=0.00, value=17836.0
    [iter 5630804] reheat + diversify: ceiling=0.00, value=17016.0
    [iter 5636557] reheat + diversify: ceiling=0.00, value=22500.0
    [iter 5642310] reheat + diversify: ceiling=0.00, value=20776.0
    [iter 5648063] reheat + diversify: ceiling=0.00, value=22216.0
    [iter 5653816] reheat + diversify: ceiling=0.00, value=18192.0
    [iter 5659569] reheat + diversify: ceiling=0.00, value=18840.0
    [iter 5665322] reheat + diversify: ceiling=0.00, value=22742.0
    [iter 5671075] reheat + diversify: ceiling=0.00, value=17356.0
    [iter 5676828] reheat + diversify: ceiling=0.00, value=16324.0
    [iter 5682581] reheat + diversify: ceiling=0.00, value=18760.0
    [iter 5688334] reheat + diversify: ceiling=0.00, value=20032.0
    [iter 5694087] reheat + diversify: ceiling=0.00, value=22540.0
    [iter 5699840] reheat + diversify: ceiling=0.00, value=22216.0
    [iter 5705593] reheat + diversify: ceiling=0.00, value=20330.0
    [iter 5711346] reheat + diversify: ceiling=0.00, value=16312.0
    [iter 5717099] reheat + diversify: ceiling=0.00, value=22540.0
    [iter 5722852] reheat + diversify: ceiling=0.00, value=18760.0
    [iter 5728605] reheat + diversify: ceiling=0.00, value=20498.0
    [iter 5734358] reheat + diversify: ceiling=0.00, value=18760.0
    [iter 5740111] reheat + diversify: ceiling=0.00, value=21432.0
    [iter 5745864] reheat + diversify: ceiling=0.00, value=22540.0
    [iter 5751617] reheat + diversify: ceiling=0.00, value=19509.0
    [iter 5757370] reheat + diversify: ceiling=0.00, value=17574.0
    [iter 5763123] reheat + diversify: ceiling=0.00, value=19798.0
    [iter 5768876] reheat + diversify: ceiling=0.00, value=17242.0
    [iter 5774629] reheat + diversify: ceiling=0.00, value=19862.0
    [iter 5780382] reheat + diversify: ceiling=0.00, value=21164.0
    [iter 5786135] reheat + diversify: ceiling=0.00, value=17960.0
    [iter 5791888] reheat + diversify: ceiling=0.00, value=18342.0
    [iter 5797641] reheat + diversify: ceiling=0.00, value=23707.0
    [iter 5803394] reheat + diversify: ceiling=0.00, value=17752.0
    [iter 5809147] reheat + diversify: ceiling=0.00, value=23059.0
    [iter 5814900] reheat + diversify: ceiling=0.00, value=20778.0
    [iter 5820653] reheat + diversify: ceiling=0.00, value=20342.0
    [iter 5826406] reheat + diversify: ceiling=0.00, value=23091.0
    [iter 5832159] reheat + diversify: ceiling=0.00, value=19192.0
    [iter 5837912] reheat + diversify: ceiling=0.00, value=23164.0
    [iter 5843665] reheat + diversify: ceiling=0.00, value=21892.0
    [iter 5849418] reheat + diversify: ceiling=0.00, value=20827.0
    [iter 5855171] reheat + diversify: ceiling=0.00, value=18236.0
    [iter 5860924] reheat + diversify: ceiling=0.00, value=19298.0
    [iter 5866677] reheat + diversify: ceiling=0.00, value=19155.0
    [iter 5872430] reheat + diversify: ceiling=0.00, value=18500.0
    [iter 5878183] reheat + diversify: ceiling=0.00, value=17388.0
    [iter 5883936] reheat + diversify: ceiling=0.00, value=20094.0
    [iter 5889689] reheat + diversify: ceiling=0.00, value=21892.0
    [iter 5895442] reheat + diversify: ceiling=0.00, value=22742.0
    [iter 5901195] reheat + diversify: ceiling=0.00, value=16303.0
    [iter 5906948] reheat + diversify: ceiling=0.00, value=17664.0
    [iter 5912701] reheat + diversify: ceiling=0.00, value=19292.0
    [iter 5918454] reheat + diversify: ceiling=0.00, value=18358.0
    [iter 5924207] reheat + diversify: ceiling=0.00, value=20544.0
    [iter 5929960] reheat + diversify: ceiling=0.00, value=16358.0
    [iter 5935713] reheat + diversify: ceiling=0.00, value=20540.0
    [iter 5941466] reheat + diversify: ceiling=0.00, value=15522.0
    [iter 5947219] reheat + diversify: ceiling=0.00, value=23812.0
    [iter 5952972] reheat + diversify: ceiling=0.00, value=19116.0
  time limit reached at iteration 5955944
  SA finished: 5955944 iterations in 900.0s (6618 it/s), accepted 3226390 (54.2%), rejected 2729553, neutral 2574888 (43.2%), worsening accepted 19.3%, no-move draws 0, reheats 1033
  SA: value 24136.0 (greedy 13192.0, +10944.0), bound 25676.0, gap 6.00%, util 86.7%
  report -> /home/mcaspar/3DMHKP/results_3DMHKP_ep3/ep3-20-D-R-90-3DMHKP-SA-a0.999-r0.25-t900s.txt

================================================================================================
SUMMARY
================================================================================================
instance      boxes  packed       greedy     SA value        bound      gap    util    iters    time
------------------------------------------------------------------------------------------------
ep3-20-D-R-90     20      18      13192.0      24136.0      25676.0    6.0%   86.7%  5955944  900.0s
------------------------------------------------------------------------------------------------
proven optimal (value reaches the upper bound): 0/1
improved over greedy: 1/1 (total value 13192.0 -> 24136.0, +82.96%)
mean gap to 0-1 knapsack bound: 6.0%
mean volume utilization: 86.7%
