============================================================
  Solver:     3DMHKP-SA.py
  Instance:   /home/mcaspar/3DMHKP/Egeblad/ep3-20-U-C-90.txt
  Value mode: flat
  Timelimit:  900s
  Reports:    /home/mcaspar/3DMHKP/results_3DMHKP_ep3
  CPUs:       1
============================================================
======================================================================
3DMHKP Simulated Annealing (random single-neighbour, sequence decoder)
SA params: T0=5% of f(S_0), alpha=0.999, T_min=0.001, reheat_threshold=5753, reheat_fraction=0.25
Move weights: {'relocate': 0.0, 'swap': 1.0, '2opt': 0.0, 'promote': 1.5, 'demote': 1.5, 'orient': 1.0, 'container': 0.5}
Time limit: 900.0s per instance, seed 1853364936
======================================================================

======================================================================
ep3-20-U-C-90: 20 boxes (5 types), 1 containers (1 types)
  0-1 knapsack bound: 162251.0 (continuous relaxation: 164485.9)
  initial (value-density) decode: value 117506.0 (11/20 boxes)
  T0 = 3787.3 (calibrated, 228 worsening draws, target accept 35%)
  schedule: time-based, T0 -> 863.38 over 900s
    [iter 1] *** NEW BEST: value 127892.0, boxes 11/20, T=3787.3, elapsed=0.1s
    [iter 309] *** NEW BEST: value 131935.0, boxes 14/20, T=3786.1, elapsed=0.2s
    [iter 319] *** NEW BEST: value 132421.0, boxes 13/20, T=3786.1, elapsed=0.2s
    [iter 2500] *** NEW BEST: value 136534.0, boxes 13/20, T=3783.7, elapsed=0.6s
    [iter 8253] reheat + diversify: ceiling=946.83, value=100082.0
    [iter 14006] reheat + diversify: ceiling=852.14, value=109328.0
    [iter 14873] *** NEW BEST: value 136950.0, boxes 15/20, T=3770.7, elapsed=2.7s
    [iter 20626] reheat + diversify: ceiling=766.93, value=103897.0
    [iter 26379] reheat + diversify: ceiling=690.24, value=93225.0
    [iter 27692] *** NEW BEST: value 140933.0, boxes 14/20, T=3757.5, elapsed=4.8s
    [iter 33445] reheat + diversify: ceiling=621.21, value=84948.0
    [iter 39198] reheat + diversify: ceiling=559.09, value=97910.0
    [iter 44951] reheat + diversify: ceiling=503.18, value=120517.0
    [iter 50704] reheat + diversify: ceiling=452.86, value=97468.0
    [iter 56457] reheat + diversify: ceiling=407.58, value=111786.0
    [iter 62210] reheat + diversify: ceiling=366.82, value=90481.0
    [iter 67963] reheat + diversify: ceiling=330.14, value=106485.0
    [iter 73716] reheat + diversify: ceiling=297.12, value=113342.0
    [iter 79469] reheat + diversify: ceiling=267.41, value=91993.0
    [iter 85222] reheat + diversify: ceiling=240.67, value=97624.0
    [iter 90975] reheat + diversify: ceiling=216.60, value=106771.0
    [iter 96728] reheat + diversify: ceiling=194.94, value=106485.0
    [iter 102481] reheat + diversify: ceiling=175.45, value=90735.0
    [iter 108234] reheat + diversify: ceiling=157.90, value=107257.0
    [iter 113987] reheat + diversify: ceiling=142.11, value=124560.0
    [iter 119740] reheat + diversify: ceiling=127.90, value=96585.0
    [iter 125493] reheat + diversify: ceiling=115.11, value=102340.0
    [iter 131246] reheat + diversify: ceiling=103.60, value=102055.0
    [iter 136999] reheat + diversify: ceiling=93.24, value=88633.0
    [iter 137087] *** NEW BEST: value 142321.0, boxes 14/20, T=3644.8, elapsed=23.3s
    [iter 137095] *** NEW BEST: value 147822.0, boxes 14/20, T=3644.8, elapsed=23.3s
    [iter 142848] reheat + diversify: ceiling=83.92, value=103897.0
    [iter 148601] reheat + diversify: ceiling=75.53, value=105383.0
    [iter 154354] reheat + diversify: ceiling=67.97, value=96754.0
    [iter 160107] reheat + diversify: ceiling=61.18, value=99752.0
    [iter 165860] reheat + diversify: ceiling=55.06, value=94483.0
    [iter 171613] reheat + diversify: ceiling=49.55, value=96522.0
    [iter 177366] reheat + diversify: ceiling=44.60, value=97138.0
    [iter 183119] reheat + diversify: ceiling=40.14, value=111656.0
    [iter 188872] reheat + diversify: ceiling=36.12, value=100181.0
    [iter 194625] reheat + diversify: ceiling=32.51, value=104767.0
    [iter 200378] reheat + diversify: ceiling=29.26, value=109814.0
    [iter 206131] reheat + diversify: ceiling=26.33, value=106771.0
    [iter 211884] reheat + diversify: ceiling=23.70, value=93609.0
    [iter 217637] reheat + diversify: ceiling=21.33, value=113530.0
    [iter 223390] reheat + diversify: ceiling=19.20, value=98240.0
    [iter 229143] reheat + diversify: ceiling=17.28, value=120647.0
    [iter 234896] reheat + diversify: ceiling=15.55, value=109912.0
    [iter 240649] reheat + diversify: ceiling=13.99, value=103125.0
    [iter 246402] reheat + diversify: ceiling=12.60, value=112986.0
    [iter 252155] reheat + diversify: ceiling=11.34, value=125046.0
    [iter 257908] reheat + diversify: ceiling=10.20, value=94127.0
    [iter 263661] reheat + diversify: ceiling=9.18, value=90735.0
    [iter 269414] reheat + diversify: ceiling=8.26, value=111014.0
    [iter 275167] reheat + diversify: ceiling=7.44, value=110430.0
    [iter 280920] reheat + diversify: ceiling=6.69, value=91507.0
    [iter 286673] reheat + diversify: ceiling=6.02, value=78577.0
    [iter 292426] reheat + diversify: ceiling=5.42, value=78577.0
    [iter 298179] reheat + diversify: ceiling=4.88, value=93778.0
    [iter 303932] reheat + diversify: ceiling=4.39, value=102925.0
    [iter 309685] reheat + diversify: ceiling=3.95, value=105097.0
    [iter 315438] reheat + diversify: ceiling=3.56, value=103411.0
    [iter 321191] reheat + diversify: ceiling=3.20, value=123274.0
    [iter 326944] reheat + diversify: ceiling=2.88, value=110754.0
    [iter 332697] reheat + diversify: ceiling=2.59, value=105513.0
    [iter 338450] reheat + diversify: ceiling=2.33, value=99012.0
    [iter 344203] reheat + diversify: ceiling=2.10, value=111370.0
    [iter 349956] reheat + diversify: ceiling=1.89, value=99498.0
    [iter 355709] reheat + diversify: ceiling=1.70, value=74918.0
    [iter 361462] reheat + diversify: ceiling=1.53, value=82976.0
    [iter 367215] reheat + diversify: ceiling=1.38, value=101470.0
    [iter 372968] reheat + diversify: ceiling=1.24, value=90923.0
    [iter 378721] reheat + diversify: ceiling=1.12, value=120161.0
    [iter 384474] reheat + diversify: ceiling=1.00, value=95652.0
    [iter 390227] reheat + diversify: ceiling=0.90, value=119545.0
    [iter 395980] reheat + diversify: ceiling=0.81, value=98110.0
    [iter 401733] reheat + diversify: ceiling=0.73, value=103411.0
    [iter 407486] reheat + diversify: ceiling=0.66, value=84980.0
    [iter 413239] reheat + diversify: ceiling=0.59, value=102023.0
    [iter 418992] reheat + diversify: ceiling=0.53, value=103281.0
    [iter 424745] reheat + diversify: ceiling=0.48, value=93381.0
    [iter 430498] reheat + diversify: ceiling=0.43, value=97754.0
    [iter 436251] reheat + diversify: ceiling=0.39, value=88763.0
    [iter 442004] reheat + diversify: ceiling=0.35, value=86336.0
    [iter 447757] reheat + diversify: ceiling=0.32, value=126434.0
    [iter 453510] reheat + diversify: ceiling=0.28, value=125818.0
    [iter 459263] reheat + diversify: ceiling=0.26, value=105129.0
    [iter 465016] reheat + diversify: ceiling=0.23, value=81874.0
    [iter 470769] reheat + diversify: ceiling=0.21, value=99012.0
    [iter 476522] reheat + diversify: ceiling=0.19, value=122588.0
    [iter 482275] reheat + diversify: ceiling=0.17, value=113758.0
    [iter 488028] reheat + diversify: ceiling=0.15, value=94581.0
    [iter 493781] reheat + diversify: ceiling=0.14, value=104313.0
    [iter 499534] reheat + diversify: ceiling=0.12, value=104513.0
    [iter 505287] reheat + diversify: ceiling=0.11, value=96585.0
    [iter 511040] reheat + diversify: ceiling=0.10, value=107257.0
    [iter 516793] reheat + diversify: ceiling=0.09, value=99012.0
    [iter 522546] reheat + diversify: ceiling=0.08, value=109359.0
    [iter 528299] reheat + diversify: ceiling=0.07, value=89865.0
    [iter 534052] reheat + diversify: ceiling=0.06, value=96652.0
    [iter 539805] reheat + diversify: ceiling=0.06, value=110916.0
    [iter 545558] reheat + diversify: ceiling=0.05, value=88763.0
    [iter 551311] reheat + diversify: ceiling=0.05, value=91253.0
    [iter 557064] reheat + diversify: ceiling=0.04, value=126434.0
    [iter 562817] reheat + diversify: ceiling=0.04, value=105383.0
    [iter 568570] reheat + diversify: ceiling=0.03, value=83976.0
    [iter 574323] reheat + diversify: ceiling=0.03, value=101600.0
    [iter 580076] reheat + diversify: ceiling=0.03, value=108873.0
    [iter 585829] reheat + diversify: ceiling=0.03, value=84332.0
    [iter 591582] reheat + diversify: ceiling=0.02, value=96852.0
    [iter 597335] reheat + diversify: ceiling=0.02, value=87692.0
    [iter 603088] reheat + diversify: ceiling=0.02, value=82976.0
    [iter 608841] reheat + diversify: ceiling=0.02, value=94680.0
    [iter 614594] reheat + diversify: ceiling=0.01, value=105999.0
    [iter 620347] reheat + diversify: ceiling=0.01, value=91383.0
    [iter 626100] reheat + diversify: ceiling=0.01, value=92609.0
    [iter 631853] reheat + diversify: ceiling=0.01, value=126571.0
    [iter 637606] reheat + diversify: ceiling=0.01, value=118259.0
    [iter 643359] reheat + diversify: ceiling=0.01, value=94880.0
    [iter 649112] reheat + diversify: ceiling=0.01, value=89080.0
    [iter 654865] reheat + diversify: ceiling=0.01, value=105999.0
    [iter 660618] reheat + diversify: ceiling=0.01, value=89665.0
    [iter 666371] reheat + diversify: ceiling=0.01, value=104481.0
    [iter 672124] reheat + diversify: ceiling=0.01, value=104513.0
    [iter 677877] reheat + diversify: ceiling=0.00, value=112539.0
    [iter 683630] reheat + diversify: ceiling=0.00, value=110014.0
    [iter 689383] reheat + diversify: ceiling=0.00, value=109782.0
    [iter 695136] reheat + diversify: ceiling=0.00, value=93225.0
    [iter 700889] reheat + diversify: ceiling=0.00, value=113660.0
    [iter 706642] reheat + diversify: ceiling=0.00, value=104027.0
    [iter 712395] reheat + diversify: ceiling=0.00, value=93225.0
    [iter 718148] reheat + diversify: ceiling=0.00, value=84364.0
    [iter 723901] reheat + diversify: ceiling=0.00, value=106031.0
    [iter 729654] reheat + diversify: ceiling=0.00, value=104767.0
    [iter 733836] *** NEW BEST: value 152837.0, boxes 15/20, T=3086.5, elapsed=124.5s
    [iter 739589] reheat + diversify: ceiling=0.00, value=112272.0
    [iter 745342] reheat + diversify: ceiling=0.00, value=91253.0
    [iter 751095] reheat + diversify: ceiling=0.00, value=115315.0
    [iter 756848] reheat + diversify: ceiling=0.00, value=104929.0
    [iter 762601] reheat + diversify: ceiling=0.00, value=83748.0
    [iter 768354] reheat + diversify: ceiling=0.00, value=110884.0
    [iter 774107] reheat + diversify: ceiling=0.00, value=73492.0
    [iter 779860] reheat + diversify: ceiling=0.00, value=109782.0
    [iter 785613] reheat + diversify: ceiling=0.00, value=97624.0
    [iter 791366] reheat + diversify: ceiling=0.00, value=118643.0
    [iter 797119] reheat + diversify: ceiling=0.00, value=107257.0
    [iter 802872] reheat + diversify: ceiling=0.00, value=104481.0
    [iter 808625] reheat + diversify: ceiling=0.00, value=102925.0
    [iter 814378] reheat + diversify: ceiling=0.00, value=98494.0
    [iter 820131] reheat + diversify: ceiling=0.00, value=106355.0
    [iter 825884] reheat + diversify: ceiling=0.00, value=98142.0
    [iter 831637] reheat + diversify: ceiling=0.00, value=96522.0
    [iter 837390] reheat + diversify: ceiling=0.00, value=103281.0
    [iter 843143] reheat + diversify: ceiling=0.00, value=105513.0
    [iter 848896] reheat + diversify: ceiling=0.00, value=95683.0
    [iter 854649] reheat + diversify: ceiling=0.00, value=99012.0
    [iter 860402] reheat + diversify: ceiling=0.00, value=86336.0
    [iter 866155] reheat + diversify: ceiling=0.00, value=104513.0
    [iter 871908] reheat + diversify: ceiling=0.00, value=100498.0
    [iter 877661] reheat + diversify: ceiling=0.00, value=96236.0
    [iter 883414] reheat + diversify: ceiling=0.00, value=97624.0
    [iter 889167] reheat + diversify: ceiling=0.00, value=99882.0
    [iter 894920] reheat + diversify: ceiling=0.00, value=92895.0
    [iter 900673] reheat + diversify: ceiling=0.00, value=92511.0
    [iter 906426] reheat + diversify: ceiling=0.00, value=103509.0
    [iter 912179] reheat + diversify: ceiling=0.00, value=91837.0
    [iter 917932] reheat + diversify: ceiling=0.00, value=106422.0
    [iter 923685] reheat + diversify: ceiling=0.00, value=99012.0
    [iter 929438] reheat + diversify: ceiling=0.00, value=91351.0
    [iter 935191] reheat + diversify: ceiling=0.00, value=124560.0
    [iter 940944] reheat + diversify: ceiling=0.00, value=106771.0
    [iter 946697] reheat + diversify: ceiling=0.00, value=112402.0
    [iter 952450] reheat + diversify: ceiling=0.00, value=114276.0
    [iter 958203] reheat + diversify: ceiling=0.00, value=88893.0
    [iter 963956] reheat + diversify: ceiling=0.00, value=98240.0
    [iter 969709] reheat + diversify: ceiling=0.00, value=91837.0
    [iter 975462] reheat + diversify: ceiling=0.00, value=119259.0
    [iter 981215] reheat + diversify: ceiling=0.00, value=109626.0
    [iter 986968] reheat + diversify: ceiling=0.00, value=106771.0
    [iter 992721] reheat + diversify: ceiling=0.00, value=99279.0
    [iter 998474] reheat + diversify: ceiling=0.00, value=113660.0
    [iter 1004227] reheat + diversify: ceiling=0.00, value=99012.0
    [iter 1009980] reheat + diversify: ceiling=0.00, value=109814.0
    [iter 1015733] reheat + diversify: ceiling=0.00, value=88893.0
    [iter 1021486] reheat + diversify: ceiling=0.00, value=131449.0
    [iter 1027239] reheat + diversify: ceiling=0.00, value=126434.0
    [iter 1032992] reheat + diversify: ceiling=0.00, value=83262.0
    [iter 1038745] reheat + diversify: ceiling=0.00, value=77475.0
    [iter 1044498] reheat + diversify: ceiling=0.00, value=103728.0
    [iter 1050251] reheat + diversify: ceiling=0.00, value=91539.0
    [iter 1056004] reheat + diversify: ceiling=0.00, value=88308.0
    [iter 1061757] reheat + diversify: ceiling=0.00, value=84364.0
    [iter 1067510] reheat + diversify: ceiling=0.00, value=107257.0
    [iter 1073263] reheat + diversify: ceiling=0.00, value=114244.0
    [iter 1079016] reheat + diversify: ceiling=0.00, value=116185.0
    [iter 1084769] reheat + diversify: ceiling=0.00, value=96754.0
    [iter 1090522] reheat + diversify: ceiling=0.00, value=102153.0
    [iter 1096275] reheat + diversify: ceiling=0.00, value=92609.0
    [iter 1102028] reheat + diversify: ceiling=0.00, value=103125.0
    [iter 1107781] reheat + diversify: ceiling=0.00, value=100114.0
    [iter 1113534] reheat + diversify: ceiling=0.00, value=112272.0
    [iter 1119287] reheat + diversify: ceiling=0.00, value=107257.0
    [iter 1125040] reheat + diversify: ceiling=0.00, value=106485.0
    [iter 1130793] reheat + diversify: ceiling=0.00, value=112272.0
    [iter 1136546] reheat + diversify: ceiling=0.00, value=100667.0
    [iter 1142299] reheat + diversify: ceiling=0.00, value=108912.0
    [iter 1148052] reheat + diversify: ceiling=0.00, value=105415.0
    [iter 1153805] reheat + diversify: ceiling=0.00, value=118189.0
    [iter 1159558] reheat + diversify: ceiling=0.00, value=88340.0
    [iter 1165311] reheat + diversify: ceiling=0.00, value=84850.0
    [iter 1171064] reheat + diversify: ceiling=0.00, value=89865.0
    [iter 1176817] reheat + diversify: ceiling=0.00, value=97138.0
    [iter 1182570] reheat + diversify: ceiling=0.00, value=125046.0
    [iter 1188323] reheat + diversify: ceiling=0.00, value=95036.0
    [iter 1194076] reheat + diversify: ceiling=0.00, value=103741.0
    [iter 1199829] reheat + diversify: ceiling=0.00, value=117573.0
    [iter 1205582] reheat + diversify: ceiling=0.00, value=130833.0
    [iter 1211335] reheat + diversify: ceiling=0.00, value=107654.0
    [iter 1217088] reheat + diversify: ceiling=0.00, value=131319.0
    [iter 1222841] reheat + diversify: ceiling=0.00, value=101537.0
    [iter 1228594] reheat + diversify: ceiling=0.00, value=107257.0
    [iter 1234347] reheat + diversify: ceiling=0.00, value=81420.0
    [iter 1240100] reheat + diversify: ceiling=0.00, value=96236.0
    [iter 1245853] reheat + diversify: ceiling=0.00, value=87438.0
    [iter 1251606] reheat + diversify: ceiling=0.00, value=95004.0
    [iter 1257359] reheat + diversify: ceiling=0.00, value=87991.0
    [iter 1263112] reheat + diversify: ceiling=0.00, value=99012.0
    [iter 1268865] reheat + diversify: ceiling=0.00, value=90481.0
    [iter 1274618] reheat + diversify: ceiling=0.00, value=121133.0
    [iter 1280371] reheat + diversify: ceiling=0.00, value=97656.0
    [iter 1286124] reheat + diversify: ceiling=0.00, value=92739.0
    [iter 1291877] reheat + diversify: ceiling=0.00, value=102086.0
    [iter 1297630] reheat + diversify: ceiling=0.00, value=103995.0
    [iter 1303383] reheat + diversify: ceiling=0.00, value=95750.0
    [iter 1309136] reheat + diversify: ceiling=0.00, value=98208.0
    [iter 1314889] reheat + diversify: ceiling=0.00, value=131449.0
    [iter 1320642] reheat + diversify: ceiling=0.00, value=97138.0
    [iter 1326395] reheat + diversify: ceiling=0.00, value=121619.0
    [iter 1332148] reheat + diversify: ceiling=0.00, value=112272.0
    [iter 1337901] reheat + diversify: ceiling=0.00, value=103411.0
    [iter 1343654] reheat + diversify: ceiling=0.00, value=113441.0
    [iter 1349407] reheat + diversify: ceiling=0.00, value=116185.0
    [iter 1355160] reheat + diversify: ceiling=0.00, value=112558.0
    [iter 1360913] reheat + diversify: ceiling=0.00, value=82976.0
    [iter 1366666] reheat + diversify: ceiling=0.00, value=111300.0
    [iter 1372419] reheat + diversify: ceiling=0.00, value=90151.0
    [iter 1378172] reheat + diversify: ceiling=0.00, value=102925.0
    [iter 1383925] reheat + diversify: ceiling=0.00, value=103411.0
    [iter 1389678] reheat + diversify: ceiling=0.00, value=89696.0
    [iter 1395431] reheat + diversify: ceiling=0.00, value=99012.0
    [iter 1401184] reheat + diversify: ceiling=0.00, value=114413.0
    [iter 1406937] reheat + diversify: ceiling=0.00, value=100952.0
    [iter 1412690] reheat + diversify: ceiling=0.00, value=82976.0
    [iter 1418443] reheat + diversify: ceiling=0.00, value=97624.0
    [iter 1424196] reheat + diversify: ceiling=0.00, value=96683.0
    [iter 1429949] reheat + diversify: ceiling=0.00, value=119259.0
    [iter 1435702] reheat + diversify: ceiling=0.00, value=90767.0
    [iter 1441455] reheat + diversify: ceiling=0.00, value=100181.0
    [iter 1447208] reheat + diversify: ceiling=0.00, value=95750.0
    [iter 1452961] reheat + diversify: ceiling=0.00, value=101600.0
    [iter 1458714] reheat + diversify: ceiling=0.00, value=115016.0
    [iter 1464467] reheat + diversify: ceiling=0.00, value=101600.0
    [iter 1470220] reheat + diversify: ceiling=0.00, value=78577.0
    [iter 1475973] reheat + diversify: ceiling=0.00, value=113374.0
    [iter 1481726] reheat + diversify: ceiling=0.00, value=86889.0
    [iter 1487479] reheat + diversify: ceiling=0.00, value=107743.0
    [iter 1493232] reheat + diversify: ceiling=0.00, value=102184.0
    [iter 1498985] reheat + diversify: ceiling=0.00, value=124144.0
    [iter 1504738] reheat + diversify: ceiling=0.00, value=120161.0
    [iter 1510491] reheat + diversify: ceiling=0.00, value=87108.0
    [iter 1516244] reheat + diversify: ceiling=0.00, value=97624.0
    [iter 1521997] reheat + diversify: ceiling=0.00, value=108782.0
    [iter 1527750] reheat + diversify: ceiling=0.00, value=79479.0
    [iter 1533503] reheat + diversify: ceiling=0.00, value=99628.0
    [iter 1539256] reheat + diversify: ceiling=0.00, value=114530.0
    [iter 1545009] reheat + diversify: ceiling=0.00, value=124430.0
    [iter 1550762] reheat + diversify: ceiling=0.00, value=96236.0
    [iter 1556515] reheat + diversify: ceiling=0.00, value=85364.0
    [iter 1562268] reheat + diversify: ceiling=0.00, value=95652.0
    [iter 1568021] reheat + diversify: ceiling=0.00, value=117443.0
    [iter 1573774] reheat + diversify: ceiling=0.00, value=97138.0
    [iter 1579527] reheat + diversify: ceiling=0.00, value=100368.0
    [iter 1585280] reheat + diversify: ceiling=0.00, value=104027.0
    [iter 1591033] reheat + diversify: ceiling=0.00, value=96366.0
    [iter 1596786] reheat + diversify: ceiling=0.00, value=98240.0
    [iter 1602539] reheat + diversify: ceiling=0.00, value=105869.0
    [iter 1608292] reheat + diversify: ceiling=0.00, value=112053.0
    [iter 1614045] reheat + diversify: ceiling=0.00, value=125046.0
    [iter 1619798] reheat + diversify: ceiling=0.00, value=109912.0
    [iter 1625551] reheat + diversify: ceiling=0.00, value=79479.0
    [iter 1631304] reheat + diversify: ceiling=0.00, value=79447.0
    [iter 1637057] reheat + diversify: ceiling=0.00, value=83106.0
    [iter 1642810] reheat + diversify: ceiling=0.00, value=91221.0
    [iter 1648563] reheat + diversify: ceiling=0.00, value=89535.0
    [iter 1654316] reheat + diversify: ceiling=0.00, value=71688.0
    [iter 1660069] reheat + diversify: ceiling=0.00, value=107743.0
    [iter 1665822] reheat + diversify: ceiling=0.00, value=71688.0
    [iter 1671575] reheat + diversify: ceiling=0.00, value=111300.0
    [iter 1677328] reheat + diversify: ceiling=0.00, value=93997.0
    [iter 1683081] reheat + diversify: ceiling=0.00, value=105999.0
    [iter 1688834] reheat + diversify: ceiling=0.00, value=94095.0
    [iter 1694587] reheat + diversify: ceiling=0.00, value=99882.0
    [iter 1700340] reheat + diversify: ceiling=0.00, value=106485.0
    [iter 1706093] reheat + diversify: ceiling=0.00, value=95750.0
    [iter 1711846] reheat + diversify: ceiling=0.00, value=99012.0
    [iter 1717599] reheat + diversify: ceiling=0.00, value=92123.0
    [iter 1723352] reheat + diversify: ceiling=0.00, value=84650.0
    [iter 1729105] reheat + diversify: ceiling=0.00, value=91837.0
    [iter 1734858] reheat + diversify: ceiling=0.00, value=100667.0
    [iter 1740611] reheat + diversify: ceiling=0.00, value=94613.0
    [iter 1746364] reheat + diversify: ceiling=0.00, value=123172.0
    [iter 1752117] reheat + diversify: ceiling=0.00, value=114244.0
    [iter 1757870] reheat + diversify: ceiling=0.00, value=99012.0
    [iter 1763623] reheat + diversify: ceiling=0.00, value=91351.0
    [iter 1769376] reheat + diversify: ceiling=0.00, value=71688.0
    [iter 1775129] reheat + diversify: ceiling=0.00, value=104897.0
    [iter 1780882] reheat + diversify: ceiling=0.00, value=102795.0
    [iter 1786635] reheat + diversify: ceiling=0.00, value=91221.0
    [iter 1792388] reheat + diversify: ceiling=0.00, value=108457.0
    [iter 1798141] reheat + diversify: ceiling=0.00, value=112272.0
    [iter 1803894] reheat + diversify: ceiling=0.00, value=85720.0
    [iter 1809647] reheat + diversify: ceiling=0.00, value=120161.0
    [iter 1815400] reheat + diversify: ceiling=0.00, value=77961.0
    [iter 1821153] reheat + diversify: ceiling=0.00, value=92609.0
    [iter 1826906] reheat + diversify: ceiling=0.00, value=84494.0
    [iter 1832659] reheat + diversify: ceiling=0.00, value=91221.0
    [iter 1838412] reheat + diversify: ceiling=0.00, value=120161.0
    [iter 1844165] reheat + diversify: ceiling=0.00, value=103411.0
    [iter 1849918] reheat + diversify: ceiling=0.00, value=126434.0
    [iter 1855671] reheat + diversify: ceiling=0.00, value=81776.0
    [iter 1861424] reheat + diversify: ceiling=0.00, value=97780.0
    [iter 1867177] reheat + diversify: ceiling=0.00, value=96652.0
    [iter 1872930] reheat + diversify: ceiling=0.00, value=96236.0
    [iter 1878683] reheat + diversify: ceiling=0.00, value=131449.0
    [iter 1884436] reheat + diversify: ceiling=0.00, value=94711.0
    [iter 1890189] reheat + diversify: ceiling=0.00, value=104513.0
    [iter 1895942] reheat + diversify: ceiling=0.00, value=109328.0
    [iter 1901695] reheat + diversify: ceiling=0.00, value=83846.0
    [iter 1907448] reheat + diversify: ceiling=0.00, value=107038.0
    [iter 1913201] reheat + diversify: ceiling=0.00, value=112272.0
    [iter 1918954] reheat + diversify: ceiling=0.00, value=75503.0
    [iter 1924707] reheat + diversify: ceiling=0.00, value=113044.0
    [iter 1930460] reheat + diversify: ceiling=0.00, value=91221.0
    [iter 1936213] reheat + diversify: ceiling=0.00, value=112402.0
    [iter 1941966] reheat + diversify: ceiling=0.00, value=127536.0
    [iter 1947719] reheat + diversify: ceiling=0.00, value=104125.0
    [iter 1953472] reheat + diversify: ceiling=0.00, value=88763.0
    [iter 1959225] reheat + diversify: ceiling=0.00, value=118643.0
    [iter 1964978] reheat + diversify: ceiling=0.00, value=99466.0
    [iter 1970731] reheat + diversify: ceiling=0.00, value=106615.0
    [iter 1976484] reheat + diversify: ceiling=0.00, value=103411.0
    [iter 1982237] reheat + diversify: ceiling=0.00, value=90119.0
    [iter 1987990] reheat + diversify: ceiling=0.00, value=87108.0
    [iter 1993743] reheat + diversify: ceiling=0.00, value=111786.0
    [iter 1999496] reheat + diversify: ceiling=0.00, value=110916.0
    [iter 2005249] reheat + diversify: ceiling=0.00, value=121133.0
    [iter 2011002] reheat + diversify: ceiling=0.00, value=131449.0
    [iter 2016755] reheat + diversify: ceiling=0.00, value=122788.0
    [iter 2022508] reheat + diversify: ceiling=0.00, value=116801.0
    [iter 2028261] reheat + diversify: ceiling=0.00, value=104058.0
    [iter 2034014] reheat + diversify: ceiling=0.00, value=103541.0
    [iter 2039767] reheat + diversify: ceiling=0.00, value=96652.0
    [iter 2045520] reheat + diversify: ceiling=0.00, value=112888.0
    [iter 2051273] reheat + diversify: ceiling=0.00, value=125532.0
    [iter 2057026] reheat + diversify: ceiling=0.00, value=99012.0
    [iter 2062779] reheat + diversify: ceiling=0.00, value=109747.0
    [iter 2068532] reheat + diversify: ceiling=0.00, value=131449.0
    [iter 2074285] reheat + diversify: ceiling=0.00, value=82976.0
    [iter 2080038] reheat + diversify: ceiling=0.00, value=95036.0
    [iter 2085791] reheat + diversify: ceiling=0.00, value=83392.0
    [iter 2091544] reheat + diversify: ceiling=0.00, value=101470.0
    [iter 2097297] reheat + diversify: ceiling=0.00, value=78863.0
    [iter 2103050] reheat + diversify: ceiling=0.00, value=130833.0
    [iter 2108803] reheat + diversify: ceiling=0.00, value=109229.0
    [iter 2114556] reheat + diversify: ceiling=0.00, value=99110.0
    [iter 2120309] reheat + diversify: ceiling=0.00, value=106285.0
    [iter 2126062] reheat + diversify: ceiling=0.00, value=103281.0
    [iter 2131815] reheat + diversify: ceiling=0.00, value=94613.0
    [iter 2137568] reheat + diversify: ceiling=0.00, value=91637.0
    [iter 2143321] reheat + diversify: ceiling=0.00, value=90151.0
    [iter 2149074] reheat + diversify: ceiling=0.00, value=96652.0
    [iter 2154827] reheat + diversify: ceiling=0.00, value=96522.0
    [iter 2160580] reheat + diversify: ceiling=0.00, value=115632.0
    [iter 2166333] reheat + diversify: ceiling=0.00, value=85622.0
    [iter 2172086] reheat + diversify: ceiling=0.00, value=123528.0
    [iter 2177839] reheat + diversify: ceiling=0.00, value=102639.0
    [iter 2183592] reheat + diversify: ceiling=0.00, value=82490.0
    [iter 2189345] reheat + diversify: ceiling=0.00, value=120161.0
    [iter 2195098] reheat + diversify: ceiling=0.00, value=92123.0
    [iter 2200851] reheat + diversify: ceiling=0.00, value=103995.0
    [iter 2206604] reheat + diversify: ceiling=0.00, value=111923.0
    [iter 2212357] reheat + diversify: ceiling=0.00, value=87375.0
    [iter 2218110] reheat + diversify: ceiling=0.00, value=115413.0
    [iter 2223863] reheat + diversify: ceiling=0.00, value=86622.0
    [iter 2229616] reheat + diversify: ceiling=0.00, value=131449.0
    [iter 2235369] reheat + diversify: ceiling=0.00, value=103541.0
    [iter 2241122] reheat + diversify: ceiling=0.00, value=88308.0
    [iter 2246875] reheat + diversify: ceiling=0.00, value=95652.0
    [iter 2252628] reheat + diversify: ceiling=0.00, value=125818.0
    [iter 2258381] reheat + diversify: ceiling=0.00, value=101804.0
    [iter 2264134] reheat + diversify: ceiling=0.00, value=118389.0
    [iter 2269887] reheat + diversify: ceiling=0.00, value=131449.0
    [iter 2275640] reheat + diversify: ceiling=0.00, value=96754.0
    [iter 2281393] reheat + diversify: ceiling=0.00, value=127050.0
    [iter 2287146] reheat + diversify: ceiling=0.00, value=112370.0
    [iter 2292899] reheat + diversify: ceiling=0.00, value=103897.0
    [iter 2298652] reheat + diversify: ceiling=0.00, value=107387.0
    [iter 2304405] reheat + diversify: ceiling=0.00, value=107873.0
    [iter 2310158] reheat + diversify: ceiling=0.00, value=94581.0
    [iter 2315911] reheat + diversify: ceiling=0.00, value=97040.0
    [iter 2321664] reheat + diversify: ceiling=0.00, value=95652.0
    [iter 2327417] reheat + diversify: ceiling=0.00, value=131449.0
    [iter 2333170] reheat + diversify: ceiling=0.00, value=92739.0
    [iter 2338923] reheat + diversify: ceiling=0.00, value=106485.0
    [iter 2344676] reheat + diversify: ceiling=0.00, value=131449.0
    [iter 2350429] reheat + diversify: ceiling=0.00, value=114276.0
    [iter 2356182] reheat + diversify: ceiling=0.00, value=95782.0
    [iter 2361935] reheat + diversify: ceiling=0.00, value=99628.0
    [iter 2367688] reheat + diversify: ceiling=0.00, value=120647.0
    [iter 2373441] reheat + diversify: ceiling=0.00, value=81874.0
    [iter 2379194] reheat + diversify: ceiling=0.00, value=98624.0
    [iter 2384947] reheat + diversify: ceiling=0.00, value=88763.0
    [iter 2390700] reheat + diversify: ceiling=0.00, value=96652.0
    [iter 2396453] reheat + diversify: ceiling=0.00, value=98240.0
    [iter 2402206] reheat + diversify: ceiling=0.00, value=97494.0
    [iter 2407959] reheat + diversify: ceiling=0.00, value=102639.0
    [iter 2413712] reheat + diversify: ceiling=0.00, value=117287.0
    [iter 2419465] reheat + diversify: ceiling=0.00, value=114699.0
    [iter 2425218] reheat + diversify: ceiling=0.00, value=98240.0
    [iter 2430971] reheat + diversify: ceiling=0.00, value=119545.0
    [iter 2436724] reheat + diversify: ceiling=0.00, value=105869.0
    [iter 2442477] reheat + diversify: ceiling=0.00, value=107940.0
    [iter 2448230] reheat + diversify: ceiling=0.00, value=106168.0
    [iter 2453983] reheat + diversify: ceiling=0.00, value=96236.0
    [iter 2459736] reheat + diversify: ceiling=0.00, value=131449.0
    [iter 2465489] reheat + diversify: ceiling=0.00, value=91351.0
    [iter 2471242] reheat + diversify: ceiling=0.00, value=87724.0
    [iter 2476995] reheat + diversify: ceiling=0.00, value=103897.0
    [iter 2482748] reheat + diversify: ceiling=0.00, value=100854.0
    [iter 2488501] reheat + diversify: ceiling=0.00, value=85882.0
    [iter 2494254] reheat + diversify: ceiling=0.00, value=96652.0
    [iter 2500007] reheat + diversify: ceiling=0.00, value=104897.0
    [iter 2505760] reheat + diversify: ceiling=0.00, value=94613.0
    [iter 2511513] reheat + diversify: ceiling=0.00, value=88633.0
    [iter 2517266] reheat + diversify: ceiling=0.00, value=117643.0
    [iter 2523019] reheat + diversify: ceiling=0.00, value=100854.0
    [iter 2528772] reheat + diversify: ceiling=0.00, value=91993.0
    [iter 2534525] reheat + diversify: ceiling=0.00, value=124560.0
    [iter 2540278] reheat + diversify: ceiling=0.00, value=124560.0
    [iter 2546031] reheat + diversify: ceiling=0.00, value=117573.0
    [iter 2551784] reheat + diversify: ceiling=0.00, value=105383.0
    [iter 2557537] reheat + diversify: ceiling=0.00, value=89865.0
    [iter 2563290] reheat + diversify: ceiling=0.00, value=88607.0
    [iter 2569043] reheat + diversify: ceiling=0.00, value=125831.0
    [iter 2574796] reheat + diversify: ceiling=0.00, value=83592.0
    [iter 2580549] reheat + diversify: ceiling=0.00, value=105415.0
    [iter 2586302] reheat + diversify: ceiling=0.00, value=106485.0
    [iter 2592055] reheat + diversify: ceiling=0.00, value=104027.0
    [iter 2597808] reheat + diversify: ceiling=0.00, value=121263.0
    [iter 2603561] reheat + diversify: ceiling=0.00, value=101082.0
    [iter 2609314] reheat + diversify: ceiling=0.00, value=89249.0
    [iter 2615067] reheat + diversify: ceiling=0.00, value=103897.0
    [iter 2620820] reheat + diversify: ceiling=0.00, value=101470.0
    [iter 2626573] reheat + diversify: ceiling=0.00, value=120161.0
    [iter 2632326] reheat + diversify: ceiling=0.00, value=84364.0
    [iter 2638079] reheat + diversify: ceiling=0.00, value=98396.0
    [iter 2643832] reheat + diversify: ceiling=0.00, value=112272.0
    [iter 2649585] reheat + diversify: ceiling=0.00, value=110916.0
    [iter 2655338] reheat + diversify: ceiling=0.00, value=94394.0
    [iter 2661091] reheat + diversify: ceiling=0.00, value=85466.0
    [iter 2666844] reheat + diversify: ceiling=0.00, value=85564.0
    [iter 2672597] reheat + diversify: ceiling=0.00, value=94711.0
    [iter 2678350] reheat + diversify: ceiling=0.00, value=92123.0
    [iter 2684103] reheat + diversify: ceiling=0.00, value=84364.0
    [iter 2689856] reheat + diversify: ceiling=0.00, value=127050.0
    [iter 2695609] reheat + diversify: ceiling=0.00, value=102795.0
    [iter 2701362] reheat + diversify: ceiling=0.00, value=89379.0
    [iter 2707115] reheat + diversify: ceiling=0.00, value=110300.0
    [iter 2712868] reheat + diversify: ceiling=0.00, value=92123.0
    [iter 2718621] reheat + diversify: ceiling=0.00, value=102509.0
    [iter 2724374] reheat + diversify: ceiling=0.00, value=94880.0
    [iter 2730127] reheat + diversify: ceiling=0.00, value=104513.0
    [iter 2735880] reheat + diversify: ceiling=0.00, value=94550.0
    [iter 2741633] reheat + diversify: ceiling=0.00, value=101407.0
    [iter 2747386] reheat + diversify: ceiling=0.00, value=118189.0
    [iter 2753139] reheat + diversify: ceiling=0.00, value=103541.0
    [iter 2758892] reheat + diversify: ceiling=0.00, value=102509.0
    [iter 2764645] reheat + diversify: ceiling=0.00, value=136334.0
    [iter 2770398] reheat + diversify: ceiling=0.00, value=118059.0
    [iter 2776151] reheat + diversify: ceiling=0.00, value=109814.0
    [iter 2781904] reheat + diversify: ceiling=0.00, value=92739.0
    [iter 2787657] reheat + diversify: ceiling=0.00, value=102153.0
    [iter 2793410] reheat + diversify: ceiling=0.00, value=130833.0
    [iter 2799163] reheat + diversify: ceiling=0.00, value=98240.0
    [iter 2804916] reheat + diversify: ceiling=0.00, value=107940.0
    [iter 2810669] reheat + diversify: ceiling=0.00, value=93997.0
    [iter 2816422] reheat + diversify: ceiling=0.00, value=109528.0
    [iter 2822175] reheat + diversify: ceiling=0.00, value=87375.0
    [iter 2827928] reheat + diversify: ceiling=0.00, value=121133.0
    [iter 2833681] reheat + diversify: ceiling=0.00, value=120161.0
    [iter 2839434] reheat + diversify: ceiling=0.00, value=107873.0
    [iter 2845187] reheat + diversify: ceiling=0.00, value=99012.0
    [iter 2850940] reheat + diversify: ceiling=0.00, value=106771.0
    [iter 2856693] reheat + diversify: ceiling=0.00, value=112825.0
    [iter 2862446] reheat + diversify: ceiling=0.00, value=100667.0
    [iter 2868199] reheat + diversify: ceiling=0.00, value=131449.0
    [iter 2873952] reheat + diversify: ceiling=0.00, value=100635.0
    [iter 2879705] reheat + diversify: ceiling=0.00, value=101439.0
    [iter 2885458] reheat + diversify: ceiling=0.00, value=128445.0
    [iter 2891211] reheat + diversify: ceiling=0.00, value=120200.0
    [iter 2896964] reheat + diversify: ceiling=0.00, value=116938.0
    [iter 2902717] reheat + diversify: ceiling=0.00, value=130716.0
    [iter 2908470] reheat + diversify: ceiling=0.00, value=87375.0
    [iter 2914223] reheat + diversify: ceiling=0.00, value=108140.0
    [iter 2919976] reheat + diversify: ceiling=0.00, value=88893.0
    [iter 2925729] reheat + diversify: ceiling=0.00, value=103897.0
    [iter 2931482] reheat + diversify: ceiling=0.00, value=99012.0
    [iter 2937235] reheat + diversify: ceiling=0.00, value=90605.0
    [iter 2942988] reheat + diversify: ceiling=0.00, value=124560.0
    [iter 2948741] reheat + diversify: ceiling=0.00, value=92609.0
    [iter 2954494] reheat + diversify: ceiling=0.00, value=95229.0
    [iter 2960247] reheat + diversify: ceiling=0.00, value=92123.0
    [iter 2966000] reheat + diversify: ceiling=0.00, value=113660.0
    [iter 2971753] reheat + diversify: ceiling=0.00, value=98396.0
    [iter 2977506] reheat + diversify: ceiling=0.00, value=99596.0
    [iter 2983259] reheat + diversify: ceiling=0.00, value=102925.0
    [iter 2989012] reheat + diversify: ceiling=0.00, value=123074.0
    [iter 2994765] reheat + diversify: ceiling=0.00, value=103897.0
    [iter 3000518] reheat + diversify: ceiling=0.00, value=90637.0
    [iter 3006271] reheat + diversify: ceiling=0.00, value=112758.0
    [iter 3012024] reheat + diversify: ceiling=0.00, value=119259.0
    [iter 3017777] reheat + diversify: ceiling=0.00, value=89249.0
    [iter 3023530] reheat + diversify: ceiling=0.00, value=111300.0
    [iter 3029283] reheat + diversify: ceiling=0.00, value=126701.0
    [iter 3035036] reheat + diversify: ceiling=0.00, value=99628.0
    [iter 3040789] reheat + diversify: ceiling=0.00, value=89865.0
    [iter 3046542] reheat + diversify: ceiling=0.00, value=100984.0
    [iter 3052295] reheat + diversify: ceiling=0.00, value=93225.0
    [iter 3058048] reheat + diversify: ceiling=0.00, value=100667.0
    [iter 3063801] reheat + diversify: ceiling=0.00, value=99498.0
    [iter 3069554] reheat + diversify: ceiling=0.00, value=95197.0
    [iter 3075307] reheat + diversify: ceiling=0.00, value=85850.0
    [iter 3081060] reheat + diversify: ceiling=0.00, value=92739.0
    [iter 3086813] reheat + diversify: ceiling=0.00, value=101537.0
    [iter 3092566] reheat + diversify: ceiling=0.00, value=102055.0
    [iter 3098319] reheat + diversify: ceiling=0.00, value=101470.0
    [iter 3104072] reheat + diversify: ceiling=0.00, value=97040.0
    [iter 3109825] reheat + diversify: ceiling=0.00, value=100212.0
    [iter 3115578] reheat + diversify: ceiling=0.00, value=83392.0
    [iter 3121331] reheat + diversify: ceiling=0.00, value=104481.0
    [iter 3127084] reheat + diversify: ceiling=0.00, value=83455.0
    [iter 3132837] reheat + diversify: ceiling=0.00, value=102826.0
    [iter 3138590] reheat + diversify: ceiling=0.00, value=113758.0
    [iter 3144343] reheat + diversify: ceiling=0.00, value=97624.0
    [iter 3150096] reheat + diversify: ceiling=0.00, value=94680.0
    [iter 3155849] reheat + diversify: ceiling=0.00, value=96852.0
    [iter 3161602] reheat + diversify: ceiling=0.00, value=84364.0
    [iter 3167355] reheat + diversify: ceiling=0.00, value=102639.0
    [iter 3173108] reheat + diversify: ceiling=0.00, value=126434.0
    [iter 3178861] reheat + diversify: ceiling=0.00, value=94880.0
    [iter 3184614] reheat + diversify: ceiling=0.00, value=90151.0
    [iter 3190367] reheat + diversify: ceiling=0.00, value=95264.0
    [iter 3196120] reheat + diversify: ceiling=0.00, value=100368.0
    [iter 3201873] reheat + diversify: ceiling=0.00, value=102242.0
    [iter 3207626] reheat + diversify: ceiling=0.00, value=119259.0
    [iter 3213379] reheat + diversify: ceiling=0.00, value=131319.0
    [iter 3219132] reheat + diversify: ceiling=0.00, value=100537.0
    [iter 3224885] reheat + diversify: ceiling=0.00, value=109010.0
    [iter 3230638] reheat + diversify: ceiling=0.00, value=121003.0
    [iter 3236391] reheat + diversify: ceiling=0.00, value=119161.0
    [iter 3242144] reheat + diversify: ceiling=0.00, value=84980.0
    [iter 3247897] reheat + diversify: ceiling=0.00, value=94550.0
    [iter 3253650] reheat + diversify: ceiling=0.00, value=91253.0
    [iter 3259403] reheat + diversify: ceiling=0.00, value=93381.0
    [iter 3265156] reheat + diversify: ceiling=0.00, value=89995.0
    [iter 3270909] reheat + diversify: ceiling=0.00, value=116671.0
    [iter 3276662] reheat + diversify: ceiling=0.00, value=100537.0
    [iter 3282415] reheat + diversify: ceiling=0.00, value=91221.0
    [iter 3288168] reheat + diversify: ceiling=0.00, value=96652.0
    [iter 3293921] reheat + diversify: ceiling=0.00, value=111300.0
    [iter 3299674] reheat + diversify: ceiling=0.00, value=101153.0
    [iter 3305427] reheat + diversify: ceiling=0.00, value=101756.0
    [iter 3311180] reheat + diversify: ceiling=0.00, value=94581.0
    [iter 3316933] reheat + diversify: ceiling=0.00, value=107873.0
    [iter 3322686] reheat + diversify: ceiling=0.00, value=103897.0
    [iter 3328439] reheat + diversify: ceiling=0.00, value=95652.0
    [iter 3334192] reheat + diversify: ceiling=0.00, value=112402.0
    [iter 3339945] reheat + diversify: ceiling=0.00, value=93841.0
    [iter 3345698] reheat + diversify: ceiling=0.00, value=97138.0
    [iter 3351451] reheat + diversify: ceiling=0.00, value=107257.0
    [iter 3357204] reheat + diversify: ceiling=0.00, value=101925.0
    [iter 3362957] reheat + diversify: ceiling=0.00, value=102509.0
    [iter 3368710] reheat + diversify: ceiling=0.00, value=70332.0
    [iter 3374463] reheat + diversify: ceiling=0.00, value=130833.0
    [iter 3380216] reheat + diversify: ceiling=0.00, value=126434.0
    [iter 3385969] reheat + diversify: ceiling=0.00, value=99012.0
    [iter 3391722] reheat + diversify: ceiling=0.00, value=107873.0
    [iter 3397475] reheat + diversify: ceiling=0.00, value=99466.0
    [iter 3403228] reheat + diversify: ceiling=0.00, value=112272.0
    [iter 3408981] reheat + diversify: ceiling=0.00, value=80219.0
    [iter 3414734] reheat + diversify: ceiling=0.00, value=122658.0
    [iter 3420487] reheat + diversify: ceiling=0.00, value=99012.0
    [iter 3426240] reheat + diversify: ceiling=0.00, value=87438.0
    [iter 3431993] reheat + diversify: ceiling=0.00, value=91253.0
    [iter 3437746] reheat + diversify: ceiling=0.00, value=98882.0
    [iter 3443499] reheat + diversify: ceiling=0.00, value=99012.0
    [iter 3449252] reheat + diversify: ceiling=0.00, value=136334.0
    [iter 3455005] reheat + diversify: ceiling=0.00, value=86336.0
    [iter 3460758] reheat + diversify: ceiling=0.00, value=97040.0
    [iter 3466511] reheat + diversify: ceiling=0.00, value=98526.0
    [iter 3472264] reheat + diversify: ceiling=0.00, value=109398.0
    [iter 3478017] reheat + diversify: ceiling=0.00, value=90767.0
    [iter 3483770] reheat + diversify: ceiling=0.00, value=84850.0
    [iter 3489523] reheat + diversify: ceiling=0.00, value=123528.0
    [iter 3495276] reheat + diversify: ceiling=0.00, value=102737.0
    [iter 3501029] reheat + diversify: ceiling=0.00, value=101600.0
    [iter 3506782] reheat + diversify: ceiling=0.00, value=95620.0
    [iter 3512535] reheat + diversify: ceiling=0.00, value=106517.0
    [iter 3518288] reheat + diversify: ceiling=0.00, value=91221.0
    [iter 3524041] reheat + diversify: ceiling=0.00, value=130833.0
    [iter 3529794] reheat + diversify: ceiling=0.00, value=86822.0
    [iter 3535547] reheat + diversify: ceiling=0.00, value=91774.0
    [iter 3541300] reheat + diversify: ceiling=0.00, value=112888.0
    [iter 3547053] reheat + diversify: ceiling=0.00, value=80549.0
    [iter 3552806] reheat + diversify: ceiling=0.00, value=126434.0
    [iter 3558559] reheat + diversify: ceiling=0.00, value=118643.0
    [iter 3564312] reheat + diversify: ceiling=0.00, value=130833.0
    [iter 3570065] reheat + diversify: ceiling=0.00, value=98110.0
    [iter 3575818] reheat + diversify: ceiling=0.00, value=78577.0
    [iter 3581571] reheat + diversify: ceiling=0.00, value=84980.0
    [iter 3587324] reheat + diversify: ceiling=0.00, value=99784.0
    [iter 3593077] reheat + diversify: ceiling=0.00, value=109328.0
    [iter 3598830] reheat + diversify: ceiling=0.00, value=106485.0
    [iter 3604583] reheat + diversify: ceiling=0.00, value=94550.0
    [iter 3610336] reheat + diversify: ceiling=0.00, value=92609.0
    [iter 3616089] reheat + diversify: ceiling=0.00, value=89249.0
    [iter 3621842] reheat + diversify: ceiling=0.00, value=93225.0
    [iter 3627595] reheat + diversify: ceiling=0.00, value=102639.0
    [iter 3633348] reheat + diversify: ceiling=0.00, value=105869.0
    [iter 3639101] reheat + diversify: ceiling=0.00, value=104481.0
    [iter 3644854] reheat + diversify: ceiling=0.00, value=75820.0
    [iter 3650607] reheat + diversify: ceiling=0.00, value=108172.0
    [iter 3656360] reheat + diversify: ceiling=0.00, value=111656.0
    [iter 3662113] reheat + diversify: ceiling=0.00, value=108880.0
    [iter 3667866] reheat + diversify: ceiling=0.00, value=77961.0
    [iter 3673619] reheat + diversify: ceiling=0.00, value=125215.0
    [iter 3679372] reheat + diversify: ceiling=0.00, value=128387.0
    [iter 3685125] reheat + diversify: ceiling=0.00, value=97494.0
    [iter 3690878] reheat + diversify: ceiling=0.00, value=90637.0
    [iter 3696631] reheat + diversify: ceiling=0.00, value=89696.0
    [iter 3702384] reheat + diversify: ceiling=0.00, value=91351.0
    [iter 3708137] reheat + diversify: ceiling=0.00, value=107387.0
    [iter 3713890] reheat + diversify: ceiling=0.00, value=99012.0
    [iter 3719643] reheat + diversify: ceiling=0.00, value=103897.0
    [iter 3725396] reheat + diversify: ceiling=0.00, value=91837.0
    [iter 3731149] reheat + diversify: ceiling=0.00, value=99596.0
    [iter 3736902] reheat + diversify: ceiling=0.00, value=90119.0
    [iter 3742655] reheat + diversify: ceiling=0.00, value=94680.0
    [iter 3748408] reheat + diversify: ceiling=0.00, value=94680.0
    [iter 3754161] reheat + diversify: ceiling=0.00, value=114762.0
    [iter 3759914] reheat + diversify: ceiling=0.00, value=115283.0
    [iter 3765667] reheat + diversify: ceiling=0.00, value=96652.0
    [iter 3771420] reheat + diversify: ceiling=0.00, value=92123.0
    [iter 3777173] reheat + diversify: ceiling=0.00, value=119901.0
    [iter 3782926] reheat + diversify: ceiling=0.00, value=94613.0
    [iter 3788679] reheat + diversify: ceiling=0.00, value=114829.0
    [iter 3794432] reheat + diversify: ceiling=0.00, value=96522.0
    [iter 3800185] reheat + diversify: ceiling=0.00, value=90605.0
    [iter 3805938] reheat + diversify: ceiling=0.00, value=100368.0
    [iter 3811691] reheat + diversify: ceiling=0.00, value=119291.0
    [iter 3817444] reheat + diversify: ceiling=0.00, value=120161.0
    [iter 3823197] reheat + diversify: ceiling=0.00, value=92707.0
    [iter 3828950] reheat + diversify: ceiling=0.00, value=111014.0
    [iter 3834703] reheat + diversify: ceiling=0.00, value=85466.0
    [iter 3840456] reheat + diversify: ceiling=0.00, value=115283.0
    [iter 3846209] reheat + diversify: ceiling=0.00, value=111656.0
    [iter 3851962] reheat + diversify: ceiling=0.00, value=92123.0
    [iter 3857715] reheat + diversify: ceiling=0.00, value=109398.0
    [iter 3863468] reheat + diversify: ceiling=0.00, value=103411.0
    [iter 3869221] reheat + diversify: ceiling=0.00, value=100212.0
    [iter 3874974] reheat + diversify: ceiling=0.00, value=92609.0
    [iter 3880727] reheat + diversify: ceiling=0.00, value=110014.0
    [iter 3886480] reheat + diversify: ceiling=0.00, value=95166.0
    [iter 3892233] reheat + diversify: ceiling=0.00, value=97754.0
    [iter 3897986] reheat + diversify: ceiling=0.00, value=102055.0
    [iter 3903739] reheat + diversify: ceiling=0.00, value=120298.0
    [iter 3909492] reheat + diversify: ceiling=0.00, value=120784.0
    [iter 3915245] reheat + diversify: ceiling=0.00, value=136048.0
    [iter 3920998] reheat + diversify: ceiling=0.00, value=84980.0
    [iter 3926751] reheat + diversify: ceiling=0.00, value=131449.0
    [iter 3932504] reheat + diversify: ceiling=0.00, value=131449.0
    [iter 3938257] reheat + diversify: ceiling=0.00, value=131449.0
    [iter 3944010] reheat + diversify: ceiling=0.00, value=124560.0
    [iter 3949763] reheat + diversify: ceiling=0.00, value=105999.0
    [iter 3955516] reheat + diversify: ceiling=0.00, value=110786.0
    [iter 3961269] reheat + diversify: ceiling=0.00, value=112370.0
    [iter 3967022] reheat + diversify: ceiling=0.00, value=89249.0
    [iter 3972775] reheat + diversify: ceiling=0.00, value=84364.0
    [iter 3978528] reheat + diversify: ceiling=0.00, value=84364.0
    [iter 3984281] reheat + diversify: ceiling=0.00, value=93162.0
    [iter 3990034] reheat + diversify: ceiling=0.00, value=109010.0
    [iter 3995787] reheat + diversify: ceiling=0.00, value=95327.0
    [iter 4001540] reheat + diversify: ceiling=0.00, value=120161.0
    [iter 4007293] reheat + diversify: ceiling=0.00, value=90249.0
    [iter 4013046] reheat + diversify: ceiling=0.00, value=129445.0
    [iter 4018799] reheat + diversify: ceiling=0.00, value=90923.0
    [iter 4024552] reheat + diversify: ceiling=0.00, value=76989.0
    [iter 4030305] reheat + diversify: ceiling=0.00, value=102541.0
    [iter 4036058] reheat + diversify: ceiling=0.00, value=128089.0
    [iter 4041811] reheat + diversify: ceiling=0.00, value=90151.0
    [iter 4047564] reheat + diversify: ceiling=0.00, value=107257.0
    [iter 4053317] reheat + diversify: ceiling=0.00, value=116185.0
    [iter 4059070] reheat + diversify: ceiling=0.00, value=114083.0
    [iter 4064823] reheat + diversify: ceiling=0.00, value=100667.0
    [iter 4070576] reheat + diversify: ceiling=0.00, value=106971.0
    [iter 4076329] reheat + diversify: ceiling=0.00, value=85466.0
    [iter 4082082] reheat + diversify: ceiling=0.00, value=89249.0
    [iter 4087835] reheat + diversify: ceiling=0.00, value=107654.0
    [iter 4093588] reheat + diversify: ceiling=0.00, value=119259.0
    [iter 4099341] reheat + diversify: ceiling=0.00, value=117287.0
    [iter 4105094] reheat + diversify: ceiling=0.00, value=104481.0
    [iter 4110847] reheat + diversify: ceiling=0.00, value=124916.0
    [iter 4116600] reheat + diversify: ceiling=0.00, value=127673.0
    [iter 4122353] reheat + diversify: ceiling=0.00, value=91837.0
    [iter 4128106] reheat + diversify: ceiling=0.00, value=125046.0
    [iter 4133859] reheat + diversify: ceiling=0.00, value=131805.0
    [iter 4139612] reheat + diversify: ceiling=0.00, value=92609.0
    [iter 4145365] reheat + diversify: ceiling=0.00, value=105415.0
    [iter 4151118] reheat + diversify: ceiling=0.00, value=101470.0
    [iter 4156871] reheat + diversify: ceiling=0.00, value=97008.0
    [iter 4162624] reheat + diversify: ceiling=0.00, value=122035.0
    [iter 4168377] reheat + diversify: ceiling=0.00, value=90767.0
    [iter 4174130] reheat + diversify: ceiling=0.00, value=117287.0
    [iter 4179883] reheat + diversify: ceiling=0.00, value=100984.0
    [iter 4185636] reheat + diversify: ceiling=0.00, value=95938.0
    [iter 4191389] reheat + diversify: ceiling=0.00, value=111986.0
    [iter 4197142] reheat + diversify: ceiling=0.00, value=117573.0
    [iter 4202895] reheat + diversify: ceiling=0.00, value=91837.0
    [iter 4208648] reheat + diversify: ceiling=0.00, value=102509.0
    [iter 4214401] reheat + diversify: ceiling=0.00, value=109782.0
    [iter 4220154] reheat + diversify: ceiling=0.00, value=94264.0
    [iter 4225907] reheat + diversify: ceiling=0.00, value=97754.0
    [iter 4231660] reheat + diversify: ceiling=0.00, value=128152.0
    [iter 4237413] reheat + diversify: ceiling=0.00, value=110398.0
    [iter 4243166] reheat + diversify: ceiling=0.00, value=99142.0
    [iter 4248919] reheat + diversify: ceiling=0.00, value=131449.0
    [iter 4254672] reheat + diversify: ceiling=0.00, value=127050.0
    [iter 4260425] reheat + diversify: ceiling=0.00, value=131449.0
    [iter 4266178] reheat + diversify: ceiling=0.00, value=113927.0
    [iter 4271931] reheat + diversify: ceiling=0.00, value=122172.0
    [iter 4277684] reheat + diversify: ceiling=0.00, value=77961.0
    [iter 4283437] reheat + diversify: ceiling=0.00, value=84364.0
    [iter 4289190] reheat + diversify: ceiling=0.00, value=131449.0
    [iter 4294943] reheat + diversify: ceiling=0.00, value=99596.0
    [iter 4300696] reheat + diversify: ceiling=0.00, value=108912.0
    [iter 4306449] reheat + diversify: ceiling=0.00, value=96652.0
    [iter 4312202] reheat + diversify: ceiling=0.00, value=113790.0
    [iter 4317955] reheat + diversify: ceiling=0.00, value=95620.0
    [iter 4323708] reheat + diversify: ceiling=0.00, value=93225.0
    [iter 4329461] reheat + diversify: ceiling=0.00, value=115146.0
    [iter 4335214] reheat + diversify: ceiling=0.00, value=111370.0
    [iter 4340967] reheat + diversify: ceiling=0.00, value=120161.0
    [iter 4346720] reheat + diversify: ceiling=0.00, value=90865.0
    [iter 4352473] reheat + diversify: ceiling=0.00, value=85466.0
    [iter 4358226] reheat + diversify: ceiling=0.00, value=125046.0
    [iter 4363979] reheat + diversify: ceiling=0.00, value=102023.0
    [iter 4369732] reheat + diversify: ceiling=0.00, value=98110.0
    [iter 4375485] reheat + diversify: ceiling=0.00, value=105999.0
    [iter 4381238] reheat + diversify: ceiling=0.00, value=116185.0
    [iter 4386991] reheat + diversify: ceiling=0.00, value=90735.0
    [iter 4392744] reheat + diversify: ceiling=0.00, value=104513.0
    [iter 4398497] reheat + diversify: ceiling=0.00, value=105771.0
    [iter 4404250] reheat + diversify: ceiling=0.00, value=57259.0
    [iter 4410003] reheat + diversify: ceiling=0.00, value=98882.0
    [iter 4415756] reheat + diversify: ceiling=0.00, value=111370.0
    [iter 4421509] reheat + diversify: ceiling=0.00, value=122588.0
    [iter 4427262] reheat + diversify: ceiling=0.00, value=106971.0
    [iter 4433015] reheat + diversify: ceiling=0.00, value=77605.0
    [iter 4438768] reheat + diversify: ceiling=0.00, value=90767.0
    [iter 4444521] reheat + diversify: ceiling=0.00, value=126920.0
    [iter 4450274] reheat + diversify: ceiling=0.00, value=123074.0
    [iter 4456027] reheat + diversify: ceiling=0.00, value=130061.0
    [iter 4461780] reheat + diversify: ceiling=0.00, value=103897.0
    [iter 4467533] reheat + diversify: ceiling=0.00, value=107257.0
    [iter 4473286] reheat + diversify: ceiling=0.00, value=99012.0
    [iter 4479039] reheat + diversify: ceiling=0.00, value=119161.0
    [iter 4484792] reheat + diversify: ceiling=0.00, value=91837.0
    [iter 4490545] reheat + diversify: ceiling=0.00, value=99466.0
    [iter 4496298] reheat + diversify: ceiling=0.00, value=107873.0
    [iter 4502051] reheat + diversify: ceiling=0.00, value=104513.0
    [iter 4507804] reheat + diversify: ceiling=0.00, value=99596.0
    [iter 4513557] reheat + diversify: ceiling=0.00, value=91993.0
    [iter 4519310] reheat + diversify: ceiling=0.00, value=98110.0
    [iter 4525063] reheat + diversify: ceiling=0.00, value=130833.0
    [iter 4530816] reheat + diversify: ceiling=0.00, value=93511.0
    [iter 4536569] reheat + diversify: ceiling=0.00, value=100244.0
    [iter 4542322] reheat + diversify: ceiling=0.00, value=105285.0
    [iter 4548075] reheat + diversify: ceiling=0.00, value=94264.0
    [iter 4553828] reheat + diversify: ceiling=0.00, value=91351.0
    [iter 4559581] reheat + diversify: ceiling=0.00, value=127473.0
    [iter 4565334] reheat + diversify: ceiling=0.00, value=100698.0
    [iter 4571087] reheat + diversify: ceiling=0.00, value=102340.0
    [iter 4576840] reheat + diversify: ceiling=0.00, value=104897.0
    [iter 4582593] reheat + diversify: ceiling=0.00, value=95036.0
    [iter 4588346] reheat + diversify: ceiling=0.00, value=105285.0
    [iter 4594099] reheat + diversify: ceiling=0.00, value=96652.0
    [iter 4599852] reheat + diversify: ceiling=0.00, value=131449.0
    [iter 4605605] reheat + diversify: ceiling=0.00, value=96236.0
    [iter 4611358] reheat + diversify: ceiling=0.00, value=93162.0
    [iter 4617111] reheat + diversify: ceiling=0.00, value=122886.0
    [iter 4622864] reheat + diversify: ceiling=0.00, value=122658.0
    [iter 4628617] reheat + diversify: ceiling=0.00, value=93095.0
    [iter 4634370] reheat + diversify: ceiling=0.00, value=103157.0
    [iter 4640123] reheat + diversify: ceiling=0.00, value=128089.0
    [iter 4645876] reheat + diversify: ceiling=0.00, value=95166.0
    [iter 4651629] reheat + diversify: ceiling=0.00, value=104125.0
    [iter 4657382] reheat + diversify: ceiling=0.00, value=86889.0
    [iter 4663135] reheat + diversify: ceiling=0.00, value=122588.0
    [iter 4668888] reheat + diversify: ceiling=0.00, value=86336.0
    [iter 4674641] reheat + diversify: ceiling=0.00, value=111300.0
    [iter 4680394] reheat + diversify: ceiling=0.00, value=120803.0
    [iter 4686147] reheat + diversify: ceiling=0.00, value=107355.0
    [iter 4691900] reheat + diversify: ceiling=0.00, value=105552.0
    [iter 4697653] reheat + diversify: ceiling=0.00, value=89249.0
    [iter 4703406] reheat + diversify: ceiling=0.00, value=92609.0
    [iter 4709159] reheat + diversify: ceiling=0.00, value=93292.0
    [iter 4714912] reheat + diversify: ceiling=0.00, value=121200.0
    [iter 4720665] reheat + diversify: ceiling=0.00, value=109229.0
    [iter 4726418] reheat + diversify: ceiling=0.00, value=94483.0
    [iter 4732171] reheat + diversify: ceiling=0.00, value=127187.0
    [iter 4737924] reheat + diversify: ceiling=0.00, value=98110.0
    [iter 4743677] reheat + diversify: ceiling=0.00, value=116118.0
    [iter 4749430] reheat + diversify: ceiling=0.00, value=99628.0
    [iter 4755183] reheat + diversify: ceiling=0.00, value=106155.0
    [iter 4760936] reheat + diversify: ceiling=0.00, value=100368.0
    [iter 4766689] reheat + diversify: ceiling=0.00, value=113374.0
    [iter 4772442] reheat + diversify: ceiling=0.00, value=109912.0
    [iter 4778195] reheat + diversify: ceiling=0.00, value=122588.0
    [iter 4783948] reheat + diversify: ceiling=0.00, value=93225.0
    [iter 4789701] reheat + diversify: ceiling=0.00, value=115769.0
    [iter 4795454] reheat + diversify: ceiling=0.00, value=110430.0
    [iter 4801207] reheat + diversify: ceiling=0.00, value=88763.0
    [iter 4806960] reheat + diversify: ceiling=0.00, value=136950.0
    [iter 4812713] reheat + diversify: ceiling=0.00, value=98494.0
    [iter 4818466] reheat + diversify: ceiling=0.00, value=120647.0
    [iter 4824219] reheat + diversify: ceiling=0.00, value=123690.0
    [iter 4829972] reheat + diversify: ceiling=0.00, value=114829.0
    [iter 4835725] reheat + diversify: ceiling=0.00, value=117287.0
    [iter 4841478] reheat + diversify: ceiling=0.00, value=105869.0
    [iter 4847231] reheat + diversify: ceiling=0.00, value=116801.0
    [iter 4852984] reheat + diversify: ceiling=0.00, value=116671.0
    [iter 4858737] reheat + diversify: ceiling=0.00, value=74950.0
    [iter 4864490] reheat + diversify: ceiling=0.00, value=104027.0
    [iter 4870243] reheat + diversify: ceiling=0.00, value=98396.0
    [iter 4875996] reheat + diversify: ceiling=0.00, value=112758.0
    [iter 4881749] reheat + diversify: ceiling=0.00, value=123560.0
    [iter 4887502] reheat + diversify: ceiling=0.00, value=116671.0
    [iter 4893255] reheat + diversify: ceiling=0.00, value=99110.0
    [iter 4899008] reheat + diversify: ceiling=0.00, value=93746.0
    [iter 4904761] reheat + diversify: ceiling=0.00, value=99797.0
    [iter 4910514] reheat + diversify: ceiling=0.00, value=100667.0
    [iter 4916267] reheat + diversify: ceiling=0.00, value=98980.0
    [iter 4922020] reheat + diversify: ceiling=0.00, value=131449.0
    [iter 4927773] reheat + diversify: ceiling=0.00, value=120031.0
    [iter 4933526] reheat + diversify: ceiling=0.00, value=100854.0
    [iter 4939279] reheat + diversify: ceiling=0.00, value=84681.0
    [iter 4945032] reheat + diversify: ceiling=0.00, value=117773.0
    [iter 4950785] reheat + diversify: ceiling=0.00, value=111307.0
    [iter 4956538] reheat + diversify: ceiling=0.00, value=96138.0
    [iter 4962291] reheat + diversify: ceiling=0.00, value=87724.0
    [iter 4968044] reheat + diversify: ceiling=0.00, value=108426.0
    [iter 4973797] reheat + diversify: ceiling=0.00, value=129061.0
    [iter 4979550] reheat + diversify: ceiling=0.00, value=86206.0
    [iter 4985303] reheat + diversify: ceiling=0.00, value=124430.0
    [iter 4991056] reheat + diversify: ceiling=0.00, value=98793.0
    [iter 4996809] reheat + diversify: ceiling=0.00, value=93225.0
    [iter 5002562] reheat + diversify: ceiling=0.00, value=96652.0
    [iter 5008315] reheat + diversify: ceiling=0.00, value=136334.0
    [iter 5014068] reheat + diversify: ceiling=0.00, value=91967.0
    [iter 5019821] reheat + diversify: ceiling=0.00, value=105869.0
    [iter 5025574] reheat + diversify: ceiling=0.00, value=89728.0
    [iter 5031327] reheat + diversify: ceiling=0.00, value=76605.0
    [iter 5037080] reheat + diversify: ceiling=0.00, value=116671.0
    [iter 5042833] reheat + diversify: ceiling=0.00, value=89249.0
    [iter 5048586] reheat + diversify: ceiling=0.00, value=93355.0
    [iter 5054339] reheat + diversify: ceiling=0.00, value=119161.0
    [iter 5060092] reheat + diversify: ceiling=0.00, value=118545.0
    [iter 5065845] reheat + diversify: ceiling=0.00, value=104481.0
    [iter 5071598] reheat + diversify: ceiling=0.00, value=104643.0
    [iter 5077351] reheat + diversify: ceiling=0.00, value=114892.0
    [iter 5083104] reheat + diversify: ceiling=0.00, value=119161.0
    [iter 5088857] reheat + diversify: ceiling=0.00, value=131449.0
    [iter 5094610] reheat + diversify: ceiling=0.00, value=106901.0
    [iter 5100363] reheat + diversify: ceiling=0.00, value=105999.0
    [iter 5106116] reheat + diversify: ceiling=0.00, value=89865.0
    [iter 5111869] reheat + diversify: ceiling=0.00, value=93225.0
    [iter 5117622] reheat + diversify: ceiling=0.00, value=116671.0
    [iter 5123375] reheat + diversify: ceiling=0.00, value=105869.0
    [iter 5129128] reheat + diversify: ceiling=0.00, value=94581.0
    [iter 5134881] reheat + diversify: ceiling=0.00, value=86336.0
    [iter 5140634] reheat + diversify: ceiling=0.00, value=107387.0
    [iter 5146387] reheat + diversify: ceiling=0.00, value=127473.0
    [iter 5152140] reheat + diversify: ceiling=0.00, value=117773.0
    [iter 5157893] reheat + diversify: ceiling=0.00, value=120200.0
    [iter 5163646] reheat + diversify: ceiling=0.00, value=141063.0
    [iter 5169399] reheat + diversify: ceiling=0.00, value=84494.0
    [iter 5175152] reheat + diversify: ceiling=0.00, value=90637.0
    [iter 5180905] reheat + diversify: ceiling=0.00, value=90637.0
    [iter 5186658] reheat + diversify: ceiling=0.00, value=109328.0
    [iter 5192411] reheat + diversify: ceiling=0.00, value=82004.0
    [iter 5198164] reheat + diversify: ceiling=0.00, value=96652.0
    [iter 5203917] reheat + diversify: ceiling=0.00, value=82709.0
    [iter 5209670] reheat + diversify: ceiling=0.00, value=130061.0
    [iter 5215423] reheat + diversify: ceiling=0.00, value=96268.0
    [iter 5221176] reheat + diversify: ceiling=0.00, value=110916.0
    [iter 5226929] reheat + diversify: ceiling=0.00, value=130061.0
    [iter 5232682] reheat + diversify: ceiling=0.00, value=86984.0
    [iter 5238435] reheat + diversify: ceiling=0.00, value=93225.0
    [iter 5244188] reheat + diversify: ceiling=0.00, value=97008.0
    [iter 5249941] reheat + diversify: ceiling=0.00, value=125532.0
    [iter 5255694] reheat + diversify: ceiling=0.00, value=112888.0
    [iter 5261447] reheat + diversify: ceiling=0.00, value=126434.0
    [iter 5267200] reheat + diversify: ceiling=0.00, value=97008.0
    [iter 5272953] reheat + diversify: ceiling=0.00, value=104999.0
    [iter 5278706] reheat + diversify: ceiling=0.00, value=101600.0
    [iter 5284459] reheat + diversify: ceiling=0.00, value=110884.0
    [iter 5290212] reheat + diversify: ceiling=0.00, value=110398.0
    [iter 5295965] reheat + diversify: ceiling=0.00, value=127406.0
    [iter 5301718] reheat + diversify: ceiling=0.00, value=94581.0
    [iter 5307471] reheat + diversify: ceiling=0.00, value=117287.0
    [iter 5313224] reheat + diversify: ceiling=0.00, value=107070.0
    [iter 5318977] reheat + diversify: ceiling=0.00, value=93997.0
    [iter 5324730] reheat + diversify: ceiling=0.00, value=91221.0
    [iter 5330483] reheat + diversify: ceiling=0.00, value=117287.0
    [iter 5336236] reheat + diversify: ceiling=0.00, value=129445.0
    [iter 5341989] reheat + diversify: ceiling=0.00, value=131805.0
    [iter 5347742] reheat + diversify: ceiling=0.00, value=100698.0
    [iter 5353495] reheat + diversify: ceiling=0.00, value=94581.0
    [iter 5359248] reheat + diversify: ceiling=0.00, value=111402.0
    [iter 5365001] reheat + diversify: ceiling=0.00, value=103411.0
    [iter 5370754] reheat + diversify: ceiling=0.00, value=111300.0
    [iter 5376507] reheat + diversify: ceiling=0.00, value=117773.0
    [iter 5382260] reheat + diversify: ceiling=0.00, value=131449.0
    [iter 5388013] reheat + diversify: ceiling=0.00, value=107940.0
    [iter 5393766] reheat + diversify: ceiling=0.00, value=112272.0
    [iter 5399519] reheat + diversify: ceiling=0.00, value=93355.0
    [iter 5405272] reheat + diversify: ceiling=0.00, value=116185.0
    [iter 5411025] reheat + diversify: ceiling=0.00, value=106485.0
    [iter 5416778] reheat + diversify: ceiling=0.00, value=102023.0
    [iter 5422531] reheat + diversify: ceiling=0.00, value=100400.0
  time limit reached at iteration 5424327
  SA finished: 5424327 iterations in 900.0s (6027 it/s), accepted 2278936 (42.0%), rejected 3145390, neutral 2061810 (38.0%), worsening accepted 6.5%, no-move draws 0, reheats 941
  SA: value 152837.0 (greedy 117506.0, +35331.0), bound 162251.0, gap 5.80%, util 88.6%
  report -> /home/mcaspar/3DMHKP/results_3DMHKP_ep3/ep3-20-U-C-90-3DMHKP-SA-a0.999-r0.25-t900s.txt

================================================================================================
SUMMARY
================================================================================================
instance      boxes  packed       greedy     SA value        bound      gap    util    iters    time
------------------------------------------------------------------------------------------------
ep3-20-U-C-90     20      15     117506.0     152837.0     162251.0    5.8%   88.6%  5424327  900.0s
------------------------------------------------------------------------------------------------
proven optimal (value reaches the upper bound): 0/1
improved over greedy: 1/1 (total value 117506.0 -> 152837.0, +30.07%)
mean gap to 0-1 knapsack bound: 5.8%
mean volume utilization: 88.6%
