============================================================
  Solver:     3DMHKP-SA.py
  Instance:   /home/mcaspar/3DMHKP/Egeblad/ep3-40-F-C-50.txt
  Value mode: flat
  Timelimit:  300s
  Reports:    /home/mcaspar/3DMHKP/results_3DMHKP_ep3
  CPUs:       1
============================================================
======================================================================
3DMHKP Simulated Annealing (random single-neighbour, sequence decoder)
SA params: T0=5% of f(S_0), alpha=0.999, T_min=0.001, reheat_threshold=5753, reheat_fraction=0.25
Move weights: {'relocate': 0.0, 'swap': 1.0, '2opt': 0.0, 'promote': 1.5, 'demote': 1.5, 'orient': 1.0, 'container': 0.5}
Time limit: 300.0s per instance, seed 936772952
======================================================================

======================================================================
ep3-40-F-C-50: 40 boxes (5 types), 1 containers (1 types)
  0-1 knapsack bound: 225834.0 (continuous relaxation: 227802.5)
  initial (value-density) decode: value 168428.0 (17/40 boxes)
  T0 = 2901.4 (calibrated, 307 worsening draws, target accept 35%)
  schedule: time-based, T0 -> 661.43 over 300s
    [iter 5] *** NEW BEST: value 176642.0, boxes 18/40, T=2898.2, elapsed=0.2s
    [iter 17] *** NEW BEST: value 180910.0, boxes 19/40, T=2898.1, elapsed=0.2s
    [iter 1124] *** NEW BEST: value 181164.0, boxes 19/40, T=2893.9, elapsed=0.5s
    [iter 1160] *** NEW BEST: value 183184.0, boxes 20/40, T=2893.7, elapsed=0.5s
    [iter 1440] *** NEW BEST: value 185920.0, boxes 20/40, T=2892.1, elapsed=0.7s
    [iter 5479] *** NEW BEST: value 186408.0, boxes 20/40, T=2870.5, elapsed=2.2s
    [iter 11232] reheat + diversify: ceiling=725.36, value=128876.0
    [iter 16939] *** NEW BEST: value 187142.0, boxes 21/40, T=2812.9, elapsed=6.3s
    [iter 18236] *** NEW BEST: value 187630.0, boxes 21/40, T=2805.5, elapsed=6.8s
    [iter 23989] reheat + diversify: ceiling=652.82, value=135266.0
    [iter 29742] reheat + diversify: ceiling=587.54, value=150972.0
    [iter 35495] reheat + diversify: ceiling=528.79, value=111522.0
    [iter 41248] reheat + diversify: ceiling=475.91, value=122708.0
    [iter 47001] reheat + diversify: ceiling=428.32, value=131168.0
    [iter 52754] reheat + diversify: ceiling=385.49, value=128414.0
    [iter 58507] reheat + diversify: ceiling=346.94, value=135190.0
    [iter 64260] reheat + diversify: ceiling=312.24, value=108298.0
    [iter 70013] reheat + diversify: ceiling=281.02, value=120528.0
    [iter 75766] reheat + diversify: ceiling=252.92, value=129990.0
    [iter 81519] reheat + diversify: ceiling=227.63, value=121478.0
    [iter 87272] reheat + diversify: ceiling=204.86, value=138414.0
    [iter 93025] reheat + diversify: ceiling=184.38, value=124240.0
    [iter 98778] reheat + diversify: ceiling=165.94, value=134316.0
    [iter 104531] reheat + diversify: ceiling=149.35, value=145146.0
    [iter 110284] reheat + diversify: ceiling=134.41, value=111478.0
    [iter 116037] reheat + diversify: ceiling=120.97, value=136198.0
    [iter 121790] reheat + diversify: ceiling=108.87, value=108508.0
    [iter 127543] reheat + diversify: ceiling=97.99, value=146686.0
    [iter 133296] reheat + diversify: ceiling=88.19, value=114088.0
    [iter 139049] reheat + diversify: ceiling=79.37, value=121966.0
    [iter 144802] reheat + diversify: ceiling=71.43, value=127824.0
    [iter 150555] reheat + diversify: ceiling=64.29, value=137850.0
    [iter 156308] reheat + diversify: ceiling=57.86, value=129776.0
    [iter 158146] *** NEW BEST: value 187940.0, boxes 21/40, T=2207.6, elapsed=55.5s
    [iter 158265] *** NEW BEST: value 188428.0, boxes 21/40, T=2207.0, elapsed=55.5s
    [iter 158347] *** NEW BEST: value 193184.0, boxes 22/40, T=2206.6, elapsed=55.5s
    [iter 160931] *** NEW BEST: value 193672.0, boxes 22/40, T=2194.4, elapsed=56.7s
    [iter 166684] reheat + diversify: ceiling=52.07, value=134550.0
    [iter 172437] reheat + diversify: ceiling=46.87, value=135710.0
    [iter 178190] reheat + diversify: ceiling=42.18, value=126730.0
    [iter 183943] reheat + diversify: ceiling=37.96, value=125848.0
    [iter 189696] reheat + diversify: ceiling=34.17, value=119560.0
    [iter 195449] reheat + diversify: ceiling=30.75, value=145298.0
    [iter 201202] reheat + diversify: ceiling=27.67, value=124778.0
    [iter 206955] reheat + diversify: ceiling=24.91, value=150542.0
    [iter 212708] reheat + diversify: ceiling=22.42, value=122530.0
    [iter 218461] reheat + diversify: ceiling=20.17, value=123828.0
    [iter 224214] reheat + diversify: ceiling=18.16, value=142024.0
    [iter 229967] reheat + diversify: ceiling=16.34, value=134164.0
    [iter 235720] reheat + diversify: ceiling=14.71, value=116260.0
    [iter 241473] reheat + diversify: ceiling=13.24, value=126336.0
    [iter 247226] reheat + diversify: ceiling=11.91, value=143188.0
    [iter 252979] reheat + diversify: ceiling=10.72, value=133228.0
    [iter 258732] reheat + diversify: ceiling=9.65, value=142682.0
    [iter 264485] reheat + diversify: ceiling=8.68, value=129458.0
    [iter 270238] reheat + diversify: ceiling=7.82, value=137806.0
    [iter 275991] reheat + diversify: ceiling=7.03, value=152664.0
    [iter 281744] reheat + diversify: ceiling=6.33, value=131992.0
    [iter 287497] reheat + diversify: ceiling=5.70, value=145368.0
    [iter 293250] reheat + diversify: ceiling=5.13, value=117464.0
    [iter 299003] reheat + diversify: ceiling=4.62, value=123872.0
    [iter 304756] reheat + diversify: ceiling=4.15, value=127286.0
    [iter 310509] reheat + diversify: ceiling=3.74, value=134120.0
    [iter 316262] reheat + diversify: ceiling=3.36, value=115284.0
    [iter 322015] reheat + diversify: ceiling=3.03, value=164178.0
    [iter 327768] reheat + diversify: ceiling=2.73, value=152118.0
    [iter 333521] reheat + diversify: ceiling=2.45, value=146722.0
    [iter 339274] reheat + diversify: ceiling=2.21, value=119578.0
    [iter 345027] reheat + diversify: ceiling=1.99, value=136216.0
    [iter 350780] reheat + diversify: ceiling=1.79, value=158370.0
    [iter 356533] reheat + diversify: ceiling=1.61, value=132024.0
    [iter 362286] reheat + diversify: ceiling=1.45, value=136292.0
    [iter 368039] reheat + diversify: ceiling=1.30, value=117748.0
    [iter 373792] reheat + diversify: ceiling=1.17, value=111016.0
    [iter 379545] reheat + diversify: ceiling=1.06, value=145146.0
    [iter 385298] reheat + diversify: ceiling=0.95, value=115772.0
    [iter 391051] reheat + diversify: ceiling=0.86, value=146856.0
    [iter 396804] reheat + diversify: ceiling=0.77, value=122220.0
    [iter 402557] reheat + diversify: ceiling=0.69, value=143556.0
    [iter 408310] reheat + diversify: ceiling=0.62, value=131890.0
    [iter 414063] reheat + diversify: ceiling=0.56, value=119794.0
    [iter 419816] reheat + diversify: ceiling=0.50, value=115652.0
    [iter 425569] reheat + diversify: ceiling=0.45, value=127558.0
    [iter 431322] reheat + diversify: ceiling=0.41, value=143076.0
    [iter 437075] reheat + diversify: ceiling=0.37, value=140878.0
    [iter 442828] reheat + diversify: ceiling=0.33, value=113986.0
    [iter 448581] reheat + diversify: ceiling=0.30, value=123968.0
    [iter 454334] reheat + diversify: ceiling=0.27, value=129560.0
    [iter 460087] reheat + diversify: ceiling=0.24, value=132682.0
    [iter 465840] reheat + diversify: ceiling=0.22, value=132068.0
    [iter 471593] reheat + diversify: ceiling=0.20, value=124532.0
    [iter 477346] reheat + diversify: ceiling=0.18, value=141536.0
    [iter 483099] reheat + diversify: ceiling=0.16, value=133322.0
    [iter 488852] reheat + diversify: ceiling=0.14, value=128356.0
    [iter 494605] reheat + diversify: ceiling=0.13, value=145812.0
    [iter 500358] reheat + diversify: ceiling=0.12, value=144272.0
    [iter 506111] reheat + diversify: ceiling=0.10, value=125786.0
    [iter 511864] reheat + diversify: ceiling=0.09, value=111814.0
    [iter 517617] reheat + diversify: ceiling=0.08, value=146368.0
    [iter 523370] reheat + diversify: ceiling=0.08, value=163202.0
    [iter 529123] reheat + diversify: ceiling=0.07, value=150542.0
    [iter 534876] reheat + diversify: ceiling=0.06, value=152562.0
    [iter 540629] reheat + diversify: ceiling=0.06, value=155146.0
    [iter 546382] reheat + diversify: ceiling=0.05, value=123556.0
    [iter 552135] reheat + diversify: ceiling=0.04, value=122042.0
    [iter 557888] reheat + diversify: ceiling=0.04, value=129808.0
    [iter 563641] reheat + diversify: ceiling=0.04, value=129534.0
    [iter 569394] reheat + diversify: ceiling=0.03, value=117330.0
    [iter 575147] reheat + diversify: ceiling=0.03, value=151492.0
    [iter 580900] reheat + diversify: ceiling=0.03, value=134138.0
    [iter 586653] reheat + diversify: ceiling=0.02, value=152194.0
    [iter 592406] reheat + diversify: ceiling=0.02, value=142144.0
    [iter 598159] reheat + diversify: ceiling=0.02, value=152100.0
    [iter 603912] reheat + diversify: ceiling=0.02, value=131478.0
    [iter 609665] reheat + diversify: ceiling=0.02, value=137926.0
    [iter 615418] reheat + diversify: ceiling=0.01, value=129946.0
    [iter 621171] reheat + diversify: ceiling=0.01, value=150080.0
    [iter 626924] reheat + diversify: ceiling=0.01, value=149440.0
    [iter 632677] reheat + diversify: ceiling=0.01, value=121700.0
    [iter 638430] reheat + diversify: ceiling=0.01, value=140618.0
    [iter 644183] reheat + diversify: ceiling=0.01, value=133214.0
    [iter 649936] reheat + diversify: ceiling=0.01, value=145678.0
    [iter 655689] reheat + diversify: ceiling=0.01, value=126754.0
    [iter 661442] reheat + diversify: ceiling=0.01, value=137850.0
    [iter 667195] reheat + diversify: ceiling=0.01, value=134804.0
    [iter 672948] reheat + diversify: ceiling=0.00, value=142176.0
    [iter 678701] reheat + diversify: ceiling=0.00, value=147572.0
    [iter 684454] reheat + diversify: ceiling=0.00, value=140542.0
    [iter 690207] reheat + diversify: ceiling=0.00, value=128356.0
    [iter 695960] reheat + diversify: ceiling=0.00, value=150586.0
    [iter 701713] reheat + diversify: ceiling=0.00, value=132974.0
    [iter 707466] reheat + diversify: ceiling=0.00, value=153614.0
    [iter 713219] reheat + diversify: ceiling=0.00, value=145710.0
    [iter 718972] reheat + diversify: ceiling=0.00, value=164152.0
    [iter 724725] reheat + diversify: ceiling=0.00, value=127286.0
    [iter 730478] reheat + diversify: ceiling=0.00, value=160156.0
    [iter 736231] reheat + diversify: ceiling=0.00, value=136722.0
    [iter 741984] reheat + diversify: ceiling=0.00, value=131308.0
    [iter 747737] reheat + diversify: ceiling=0.00, value=136736.0
    [iter 753490] reheat + diversify: ceiling=0.00, value=142100.0
    [iter 759243] reheat + diversify: ceiling=0.00, value=123112.0
    [iter 764996] reheat + diversify: ceiling=0.00, value=138610.0
    [iter 770749] reheat + diversify: ceiling=0.00, value=119946.0
    [iter 776502] reheat + diversify: ceiling=0.00, value=115234.0
    [iter 782255] reheat + diversify: ceiling=0.00, value=122454.0
    [iter 788008] reheat + diversify: ceiling=0.00, value=119332.0
    [iter 793761] reheat + diversify: ceiling=0.00, value=143322.0
    [iter 799514] reheat + diversify: ceiling=0.00, value=136412.0
    [iter 805267] reheat + diversify: ceiling=0.00, value=124214.0
    [iter 811020] reheat + diversify: ceiling=0.00, value=147394.0
    [iter 816773] reheat + diversify: ceiling=0.00, value=130510.0
    [iter 822526] reheat + diversify: ceiling=0.00, value=126242.0
    [iter 828279] reheat + diversify: ceiling=0.00, value=137420.0
    [iter 834032] reheat + diversify: ceiling=0.00, value=164716.0
    [iter 839785] reheat + diversify: ceiling=0.00, value=141612.0
    [iter 845538] reheat + diversify: ceiling=0.00, value=166964.0
  time limit reached at iteration 846414
  SA finished: 846414 iterations in 300.0s (2821 it/s), accepted 427308 (50.5%), rejected 419105, neutral 385898 (45.6%), worsening accepted 9.0%, no-move draws 0, reheats 144
  SA: value 193672.0 (greedy 168428.0, +25244.0), bound 225834.0, gap 14.24%, util 88.3%
  report -> /home/mcaspar/3DMHKP/results_3DMHKP_ep3/ep3-40-F-C-50-3DMHKP-SA-a0.999-r0.25-t300s.txt

================================================================================================
SUMMARY
================================================================================================
instance      boxes  packed       greedy     SA value        bound      gap    util    iters    time
------------------------------------------------------------------------------------------------
ep3-40-F-C-50     40      22     168428.0     193672.0     225834.0   14.2%   88.3%   846414  300.0s
------------------------------------------------------------------------------------------------
proven optimal (value reaches the upper bound): 0/1
improved over greedy: 1/1 (total value 168428.0 -> 193672.0, +14.99%)
mean gap to 0-1 knapsack bound: 14.2%
mean volume utilization: 88.3%
