============================================================
  Solver:     3DMHKP-SA.py
  Instance:   /home/mcaspar/3DMHKP/Egeblad/ep3-20-U-R-90.txt
  Value mode: flat
  Timelimit:  900s
  Reports:    /home/mcaspar/3DMHKP/results_3DMHKP_ep3
  CPUs:       1
============================================================
======================================================================
3DMHKP Simulated Annealing (random single-neighbour, sequence decoder)
SA params: T0=5% of f(S_0), alpha=0.999, T_min=0.001, reheat_threshold=5753, reheat_fraction=0.25
Move weights: {'relocate': 0.0, 'swap': 1.0, '2opt': 0.0, 'promote': 1.5, 'demote': 1.5, 'orient': 1.0, 'container': 0.5}
Time limit: 900.0s per instance, seed 1635382208
======================================================================

======================================================================
ep3-20-U-R-90: 20 boxes (20 types), 1 containers (1 types)
  0-1 knapsack bound: 211545.0 (continuous relaxation: 212974.9)
  initial (value-density) decode: value 175867.0 (14/20 boxes)
  T0 = 5625.7 (calibrated, 378 worsening draws, target accept 35%)
  schedule: time-based, T0 -> 1282.47 over 900s
    [iter 208] *** NEW BEST: value 177482.0, boxes 14/20, T=5622.9, elapsed=0.3s
    [iter 215] *** NEW BEST: value 186521.0, boxes 14/20, T=5622.9, elapsed=0.3s
    [iter 5968] reheat + diversify: ceiling=1406.43, value=155363.0
    [iter 6994] *** NEW BEST: value 188521.0, boxes 15/20, T=5607.3, elapsed=2.0s
    [iter 12747] reheat + diversify: ceiling=1265.79, value=152509.0
    [iter 15832] *** NEW BEST: value 189385.0, boxes 15/20, T=5587.0, elapsed=4.2s
    [iter 21585] reheat + diversify: ceiling=1139.21, value=174642.0
    [iter 24495] *** NEW BEST: value 189433.0, boxes 16/20, T=5567.8, elapsed=6.3s
    [iter 29138] *** NEW BEST: value 190595.0, boxes 16/20, T=5557.2, elapsed=7.5s
    [iter 34891] reheat + diversify: ceiling=1025.29, value=143895.0
    [iter 36538] *** NEW BEST: value 190679.0, boxes 15/20, T=5541.3, elapsed=9.2s
    [iter 36542] *** NEW BEST: value 192383.0, boxes 15/20, T=5541.2, elapsed=9.2s
    [iter 38172] *** NEW BEST: value 193543.0, boxes 16/20, T=5537.8, elapsed=9.6s
    [iter 43925] reheat + diversify: ceiling=922.76, value=137135.0
    [iter 49678] reheat + diversify: ceiling=830.48, value=140839.0
    [iter 55431] reheat + diversify: ceiling=747.43, value=151344.0
    [iter 61184] reheat + diversify: ceiling=672.69, value=115479.0
    [iter 66937] reheat + diversify: ceiling=605.42, value=146181.0
    [iter 72690] reheat + diversify: ceiling=544.88, value=129116.0
    [iter 78443] reheat + diversify: ceiling=490.39, value=170871.0
    [iter 84196] reheat + diversify: ceiling=441.35, value=144665.0
    [iter 89949] reheat + diversify: ceiling=397.22, value=153760.0
    [iter 95702] reheat + diversify: ceiling=357.50, value=157022.0
    [iter 101455] reheat + diversify: ceiling=321.75, value=129557.0
    [iter 107208] reheat + diversify: ceiling=289.57, value=153085.0
    [iter 112961] reheat + diversify: ceiling=260.61, value=147570.0
    [iter 118714] reheat + diversify: ceiling=234.55, value=141122.0
    [iter 124467] reheat + diversify: ceiling=211.10, value=161185.0
    [iter 130220] reheat + diversify: ceiling=189.99, value=176349.0
    [iter 135973] reheat + diversify: ceiling=170.99, value=143455.0
    [iter 141726] reheat + diversify: ceiling=153.89, value=136320.0
    [iter 147479] reheat + diversify: ceiling=138.50, value=145083.0
    [iter 153232] reheat + diversify: ceiling=124.65, value=151482.0
    [iter 158985] reheat + diversify: ceiling=112.19, value=159828.0
    [iter 164738] reheat + diversify: ceiling=100.97, value=147644.0
    [iter 170491] reheat + diversify: ceiling=90.87, value=153157.0
    [iter 176244] reheat + diversify: ceiling=81.78, value=149757.0
    [iter 181997] reheat + diversify: ceiling=73.61, value=154706.0
    [iter 187750] reheat + diversify: ceiling=66.24, value=136618.0
    [iter 193503] reheat + diversify: ceiling=59.62, value=140786.0
    [iter 199256] reheat + diversify: ceiling=53.66, value=170950.0
    [iter 205009] reheat + diversify: ceiling=48.29, value=138881.0
    [iter 210762] reheat + diversify: ceiling=43.46, value=153994.0
    [iter 216515] reheat + diversify: ceiling=39.12, value=136301.0
    [iter 222268] reheat + diversify: ceiling=35.21, value=153709.0
    [iter 228021] reheat + diversify: ceiling=31.68, value=157051.0
    [iter 233774] reheat + diversify: ceiling=28.52, value=140144.0
    [iter 239527] reheat + diversify: ceiling=25.66, value=163599.0
    [iter 245280] reheat + diversify: ceiling=23.10, value=129434.0
    [iter 251033] reheat + diversify: ceiling=20.79, value=147489.0
    [iter 256786] reheat + diversify: ceiling=18.71, value=142773.0
    [iter 262539] reheat + diversify: ceiling=16.84, value=117935.0
    [iter 268292] reheat + diversify: ceiling=15.15, value=128472.0
    [iter 274045] reheat + diversify: ceiling=13.64, value=132700.0
    [iter 279798] reheat + diversify: ceiling=12.28, value=147321.0
    [iter 285551] reheat + diversify: ceiling=11.05, value=106053.0
    [iter 291304] reheat + diversify: ceiling=9.94, value=157902.0
    [iter 297057] reheat + diversify: ceiling=8.95, value=129124.0
    [iter 302810] reheat + diversify: ceiling=8.05, value=157260.0
    [iter 308563] reheat + diversify: ceiling=7.25, value=152769.0
    [iter 314316] reheat + diversify: ceiling=6.52, value=111403.0
    [iter 320069] reheat + diversify: ceiling=5.87, value=165258.0
    [iter 325822] reheat + diversify: ceiling=5.28, value=141337.0
    [iter 331575] reheat + diversify: ceiling=4.76, value=151031.0
    [iter 337328] reheat + diversify: ceiling=4.28, value=137703.0
    [iter 343081] reheat + diversify: ceiling=3.85, value=170945.0
    [iter 348834] reheat + diversify: ceiling=3.47, value=135397.0
    [iter 354587] reheat + diversify: ceiling=3.12, value=153896.0
    [iter 360340] reheat + diversify: ceiling=2.81, value=132966.0
    [iter 366093] reheat + diversify: ceiling=2.53, value=130731.0
    [iter 371846] reheat + diversify: ceiling=2.27, value=163585.0
    [iter 377599] reheat + diversify: ceiling=2.05, value=142353.0
    [iter 383352] reheat + diversify: ceiling=1.84, value=117160.0
    [iter 389105] reheat + diversify: ceiling=1.66, value=135509.0
    [iter 394858] reheat + diversify: ceiling=1.49, value=129957.0
    [iter 400611] reheat + diversify: ceiling=1.34, value=160272.0
    [iter 406364] reheat + diversify: ceiling=1.21, value=159386.0
    [iter 412117] reheat + diversify: ceiling=1.09, value=137020.0
    [iter 417870] reheat + diversify: ceiling=0.98, value=172741.0
    [iter 423623] reheat + diversify: ceiling=0.88, value=172576.0
    [iter 429376] reheat + diversify: ceiling=0.79, value=148504.0
    [iter 435129] reheat + diversify: ceiling=0.71, value=149068.0
    [iter 440882] reheat + diversify: ceiling=0.64, value=145100.0
    [iter 446635] reheat + diversify: ceiling=0.58, value=181089.0
    [iter 452388] reheat + diversify: ceiling=0.52, value=133302.0
    [iter 458141] reheat + diversify: ceiling=0.47, value=152142.0
    [iter 463894] reheat + diversify: ceiling=0.42, value=140522.0
    [iter 469647] reheat + diversify: ceiling=0.38, value=135957.0
    [iter 475400] reheat + diversify: ceiling=0.34, value=165045.0
    [iter 481153] reheat + diversify: ceiling=0.31, value=139671.0
    [iter 486906] reheat + diversify: ceiling=0.28, value=134251.0
    [iter 492659] reheat + diversify: ceiling=0.25, value=168293.0
    [iter 498412] reheat + diversify: ceiling=0.22, value=155287.0
    [iter 504165] reheat + diversify: ceiling=0.20, value=124756.0
    [iter 509918] reheat + diversify: ceiling=0.18, value=168708.0
    [iter 515671] reheat + diversify: ceiling=0.16, value=141426.0
    [iter 521424] reheat + diversify: ceiling=0.15, value=171010.0
    [iter 527177] reheat + diversify: ceiling=0.13, value=132486.0
    [iter 532930] reheat + diversify: ceiling=0.12, value=152280.0
    [iter 538683] reheat + diversify: ceiling=0.11, value=167350.0
    [iter 544436] reheat + diversify: ceiling=0.10, value=152817.0
    [iter 550189] reheat + diversify: ceiling=0.09, value=159849.0
    [iter 555942] reheat + diversify: ceiling=0.08, value=115494.0
    [iter 561695] reheat + diversify: ceiling=0.07, value=157611.0
    [iter 567448] reheat + diversify: ceiling=0.06, value=147607.0
    [iter 573201] reheat + diversify: ceiling=0.06, value=138742.0
    [iter 578954] reheat + diversify: ceiling=0.05, value=169539.0
    [iter 584707] reheat + diversify: ceiling=0.05, value=121790.0
    [iter 590460] reheat + diversify: ceiling=0.04, value=156624.0
    [iter 596213] reheat + diversify: ceiling=0.04, value=156128.0
    [iter 601966] reheat + diversify: ceiling=0.03, value=168489.0
    [iter 607719] reheat + diversify: ceiling=0.03, value=138194.0
    [iter 613472] reheat + diversify: ceiling=0.03, value=124384.0
    [iter 619225] reheat + diversify: ceiling=0.02, value=153419.0
    [iter 624978] reheat + diversify: ceiling=0.02, value=117397.0
    [iter 627017] *** NEW BEST: value 197405.0, boxes 16/20, T=4389.5, elapsed=151.0s
    [iter 632770] reheat + diversify: ceiling=0.02, value=129552.0
    [iter 638523] reheat + diversify: ceiling=0.02, value=150366.0
    [iter 644276] reheat + diversify: ceiling=0.02, value=162819.0
    [iter 650029] reheat + diversify: ceiling=0.01, value=126983.0
    [iter 655782] reheat + diversify: ceiling=0.01, value=149422.0
    [iter 661535] reheat + diversify: ceiling=0.01, value=154103.0
    [iter 667288] reheat + diversify: ceiling=0.01, value=141717.0
    [iter 673041] reheat + diversify: ceiling=0.01, value=127379.0
    [iter 678794] reheat + diversify: ceiling=0.01, value=184145.0
    [iter 684547] reheat + diversify: ceiling=0.01, value=140704.0
    [iter 690300] reheat + diversify: ceiling=0.01, value=153037.0
    [iter 696053] reheat + diversify: ceiling=0.01, value=136725.0
    [iter 701806] reheat + diversify: ceiling=0.01, value=159398.0
    [iter 707559] reheat + diversify: ceiling=0.01, value=147734.0
    [iter 713312] reheat + diversify: ceiling=0.00, value=151151.0
    [iter 719065] reheat + diversify: ceiling=0.00, value=140830.0
    [iter 724818] reheat + diversify: ceiling=0.00, value=148633.0
    [iter 730571] reheat + diversify: ceiling=0.00, value=120500.0
    [iter 736324] reheat + diversify: ceiling=0.00, value=118133.0
    [iter 742077] reheat + diversify: ceiling=0.00, value=133651.0
    [iter 747830] reheat + diversify: ceiling=0.00, value=108316.0
    [iter 753583] reheat + diversify: ceiling=0.00, value=162157.0
    [iter 759336] reheat + diversify: ceiling=0.00, value=159584.0
    [iter 765089] reheat + diversify: ceiling=0.00, value=172854.0
    [iter 770842] reheat + diversify: ceiling=0.00, value=124981.0
    [iter 776595] reheat + diversify: ceiling=0.00, value=158469.0
    [iter 782348] reheat + diversify: ceiling=0.00, value=100254.0
    [iter 788101] reheat + diversify: ceiling=0.00, value=169705.0
    [iter 793854] reheat + diversify: ceiling=0.00, value=183005.0
    [iter 799607] reheat + diversify: ceiling=0.00, value=141802.0
    [iter 805360] reheat + diversify: ceiling=0.00, value=146807.0
    [iter 811113] reheat + diversify: ceiling=0.00, value=174034.0
    [iter 816866] reheat + diversify: ceiling=0.00, value=151688.0
    [iter 822619] reheat + diversify: ceiling=0.00, value=157155.0
    [iter 828372] reheat + diversify: ceiling=0.00, value=178451.0
    [iter 834125] reheat + diversify: ceiling=0.00, value=150068.0
    [iter 839878] reheat + diversify: ceiling=0.00, value=178457.0
    [iter 845631] reheat + diversify: ceiling=0.00, value=138758.0
    [iter 851384] reheat + diversify: ceiling=0.00, value=176976.0
    [iter 857137] reheat + diversify: ceiling=0.00, value=157661.0
    [iter 862890] reheat + diversify: ceiling=0.00, value=139669.0
    [iter 868643] reheat + diversify: ceiling=0.00, value=129755.0
    [iter 874396] reheat + diversify: ceiling=0.00, value=175867.0
    [iter 880149] reheat + diversify: ceiling=0.00, value=167829.0
    [iter 885902] reheat + diversify: ceiling=0.00, value=136407.0
    [iter 891655] reheat + diversify: ceiling=0.00, value=167376.0
    [iter 897408] reheat + diversify: ceiling=0.00, value=147009.0
    [iter 903161] reheat + diversify: ceiling=0.00, value=121848.0
    [iter 908914] reheat + diversify: ceiling=0.00, value=121101.0
    [iter 914667] reheat + diversify: ceiling=0.00, value=142942.0
    [iter 920420] reheat + diversify: ceiling=0.00, value=187899.0
    [iter 926173] reheat + diversify: ceiling=0.00, value=138193.0
    [iter 931926] reheat + diversify: ceiling=0.00, value=153072.0
    [iter 937679] reheat + diversify: ceiling=0.00, value=169895.0
    [iter 943432] reheat + diversify: ceiling=0.00, value=157008.0
    [iter 949185] reheat + diversify: ceiling=0.00, value=161098.0
    [iter 954938] reheat + diversify: ceiling=0.00, value=111404.0
    [iter 960691] reheat + diversify: ceiling=0.00, value=161128.0
    [iter 966444] reheat + diversify: ceiling=0.00, value=123016.0
    [iter 972197] reheat + diversify: ceiling=0.00, value=166351.0
    [iter 977950] reheat + diversify: ceiling=0.00, value=112457.0
    [iter 983703] reheat + diversify: ceiling=0.00, value=129257.0
    [iter 989456] reheat + diversify: ceiling=0.00, value=114307.0
    [iter 995209] reheat + diversify: ceiling=0.00, value=139189.0
    [iter 1000962] reheat + diversify: ceiling=0.00, value=147038.0
    [iter 1006715] reheat + diversify: ceiling=0.00, value=172061.0
    [iter 1012468] reheat + diversify: ceiling=0.00, value=156958.0
    [iter 1018221] reheat + diversify: ceiling=0.00, value=126962.0
    [iter 1023974] reheat + diversify: ceiling=0.00, value=172674.0
    [iter 1029727] reheat + diversify: ceiling=0.00, value=147275.0
    [iter 1035480] reheat + diversify: ceiling=0.00, value=150147.0
    [iter 1041233] reheat + diversify: ceiling=0.00, value=150708.0
    [iter 1046986] reheat + diversify: ceiling=0.00, value=172467.0
    [iter 1052739] reheat + diversify: ceiling=0.00, value=121123.0
    [iter 1058492] reheat + diversify: ceiling=0.00, value=123611.0
    [iter 1064245] reheat + diversify: ceiling=0.00, value=172351.0
    [iter 1069998] reheat + diversify: ceiling=0.00, value=157015.0
    [iter 1075751] reheat + diversify: ceiling=0.00, value=147089.0
    [iter 1081504] reheat + diversify: ceiling=0.00, value=144363.0
    [iter 1087257] reheat + diversify: ceiling=0.00, value=126402.0
    [iter 1093010] reheat + diversify: ceiling=0.00, value=148310.0
    [iter 1098763] reheat + diversify: ceiling=0.00, value=129678.0
    [iter 1104516] reheat + diversify: ceiling=0.00, value=138704.0
    [iter 1110269] reheat + diversify: ceiling=0.00, value=145669.0
    [iter 1116022] reheat + diversify: ceiling=0.00, value=118126.0
    [iter 1121775] reheat + diversify: ceiling=0.00, value=146285.0
    [iter 1127528] reheat + diversify: ceiling=0.00, value=133415.0
    [iter 1133281] reheat + diversify: ceiling=0.00, value=160004.0
    [iter 1139034] reheat + diversify: ceiling=0.00, value=134931.0
    [iter 1144787] reheat + diversify: ceiling=0.00, value=149955.0
    [iter 1150540] reheat + diversify: ceiling=0.00, value=133240.0
    [iter 1156293] reheat + diversify: ceiling=0.00, value=151842.0
    [iter 1162046] reheat + diversify: ceiling=0.00, value=141834.0
    [iter 1167799] reheat + diversify: ceiling=0.00, value=139684.0
    [iter 1173552] reheat + diversify: ceiling=0.00, value=164368.0
    [iter 1179305] reheat + diversify: ceiling=0.00, value=143346.0
    [iter 1185058] reheat + diversify: ceiling=0.00, value=144975.0
    [iter 1190811] reheat + diversify: ceiling=0.00, value=123265.0
    [iter 1196564] reheat + diversify: ceiling=0.00, value=148772.0
    [iter 1202317] reheat + diversify: ceiling=0.00, value=151370.0
    [iter 1208070] reheat + diversify: ceiling=0.00, value=189385.0
    [iter 1213823] reheat + diversify: ceiling=0.00, value=117968.0
    [iter 1219576] reheat + diversify: ceiling=0.00, value=150084.0
    [iter 1225329] reheat + diversify: ceiling=0.00, value=145613.0
    [iter 1231082] reheat + diversify: ceiling=0.00, value=160254.0
    [iter 1236835] reheat + diversify: ceiling=0.00, value=167829.0
    [iter 1242588] reheat + diversify: ceiling=0.00, value=157637.0
    [iter 1248341] reheat + diversify: ceiling=0.00, value=138433.0
    [iter 1254094] reheat + diversify: ceiling=0.00, value=142921.0
    [iter 1259847] reheat + diversify: ceiling=0.00, value=143999.0
    [iter 1265600] reheat + diversify: ceiling=0.00, value=126513.0
    [iter 1271353] reheat + diversify: ceiling=0.00, value=157667.0
    [iter 1277106] reheat + diversify: ceiling=0.00, value=131770.0
    [iter 1282859] reheat + diversify: ceiling=0.00, value=155717.0
    [iter 1288612] reheat + diversify: ceiling=0.00, value=141320.0
    [iter 1294365] reheat + diversify: ceiling=0.00, value=130567.0
    [iter 1300118] reheat + diversify: ceiling=0.00, value=145487.0
    [iter 1305871] reheat + diversify: ceiling=0.00, value=155935.0
    [iter 1311624] reheat + diversify: ceiling=0.00, value=162209.0
    [iter 1317377] reheat + diversify: ceiling=0.00, value=146977.0
    [iter 1323130] reheat + diversify: ceiling=0.00, value=149325.0
    [iter 1328883] reheat + diversify: ceiling=0.00, value=141378.0
    [iter 1334636] reheat + diversify: ceiling=0.00, value=151498.0
    [iter 1340389] reheat + diversify: ceiling=0.00, value=139531.0
    [iter 1346142] reheat + diversify: ceiling=0.00, value=145519.0
    [iter 1351895] reheat + diversify: ceiling=0.00, value=187899.0
    [iter 1357648] reheat + diversify: ceiling=0.00, value=139135.0
    [iter 1363401] reheat + diversify: ceiling=0.00, value=160542.0
    [iter 1369154] reheat + diversify: ceiling=0.00, value=162671.0
    [iter 1374907] reheat + diversify: ceiling=0.00, value=116452.0
    [iter 1380660] reheat + diversify: ceiling=0.00, value=136123.0
    [iter 1386413] reheat + diversify: ceiling=0.00, value=166751.0
    [iter 1392166] reheat + diversify: ceiling=0.00, value=130856.0
    [iter 1397919] reheat + diversify: ceiling=0.00, value=165258.0
    [iter 1403672] reheat + diversify: ceiling=0.00, value=131607.0
    [iter 1409425] reheat + diversify: ceiling=0.00, value=132568.0
    [iter 1415178] reheat + diversify: ceiling=0.00, value=180833.0
    [iter 1420931] reheat + diversify: ceiling=0.00, value=106770.0
    [iter 1426684] reheat + diversify: ceiling=0.00, value=151419.0
    [iter 1432437] reheat + diversify: ceiling=0.00, value=141448.0
    [iter 1438190] reheat + diversify: ceiling=0.00, value=165386.0
    [iter 1443943] reheat + diversify: ceiling=0.00, value=178647.0
    [iter 1449696] reheat + diversify: ceiling=0.00, value=134814.0
    [iter 1455449] reheat + diversify: ceiling=0.00, value=140464.0
    [iter 1461202] reheat + diversify: ceiling=0.00, value=140030.0
    [iter 1466955] reheat + diversify: ceiling=0.00, value=130761.0
    [iter 1472708] reheat + diversify: ceiling=0.00, value=181511.0
    [iter 1478461] reheat + diversify: ceiling=0.00, value=164954.0
    [iter 1484214] reheat + diversify: ceiling=0.00, value=150925.0
    [iter 1489967] reheat + diversify: ceiling=0.00, value=127115.0
    [iter 1495720] reheat + diversify: ceiling=0.00, value=150125.0
    [iter 1501473] reheat + diversify: ceiling=0.00, value=147512.0
    [iter 1507226] reheat + diversify: ceiling=0.00, value=152053.0
    [iter 1512979] reheat + diversify: ceiling=0.00, value=145349.0
    [iter 1518732] reheat + diversify: ceiling=0.00, value=158929.0
    [iter 1524485] reheat + diversify: ceiling=0.00, value=159138.0
    [iter 1530238] reheat + diversify: ceiling=0.00, value=150532.0
    [iter 1535991] reheat + diversify: ceiling=0.00, value=143076.0
    [iter 1541744] reheat + diversify: ceiling=0.00, value=161311.0
    [iter 1547497] reheat + diversify: ceiling=0.00, value=139260.0
    [iter 1553250] reheat + diversify: ceiling=0.00, value=162263.0
    [iter 1559003] reheat + diversify: ceiling=0.00, value=181263.0
    [iter 1564756] reheat + diversify: ceiling=0.00, value=147019.0
    [iter 1570509] reheat + diversify: ceiling=0.00, value=141165.0
    [iter 1576262] reheat + diversify: ceiling=0.00, value=146325.0
    [iter 1582015] reheat + diversify: ceiling=0.00, value=177249.0
    [iter 1587768] reheat + diversify: ceiling=0.00, value=176661.0
    [iter 1593521] reheat + diversify: ceiling=0.00, value=173557.0
    [iter 1599274] reheat + diversify: ceiling=0.00, value=165883.0
    [iter 1605027] reheat + diversify: ceiling=0.00, value=158704.0
    [iter 1610780] reheat + diversify: ceiling=0.00, value=128205.0
    [iter 1616533] reheat + diversify: ceiling=0.00, value=167500.0
    [iter 1622286] reheat + diversify: ceiling=0.00, value=119853.0
    [iter 1628039] reheat + diversify: ceiling=0.00, value=150406.0
    [iter 1633792] reheat + diversify: ceiling=0.00, value=181339.0
    [iter 1639545] reheat + diversify: ceiling=0.00, value=140046.0
    [iter 1645298] reheat + diversify: ceiling=0.00, value=141924.0
    [iter 1651051] reheat + diversify: ceiling=0.00, value=150448.0
    [iter 1656804] reheat + diversify: ceiling=0.00, value=143640.0
    [iter 1662557] reheat + diversify: ceiling=0.00, value=188521.0
    [iter 1668310] reheat + diversify: ceiling=0.00, value=149204.0
    [iter 1674063] reheat + diversify: ceiling=0.00, value=147222.0
    [iter 1679816] reheat + diversify: ceiling=0.00, value=83413.0
    [iter 1685569] reheat + diversify: ceiling=0.00, value=124309.0
    [iter 1691322] reheat + diversify: ceiling=0.00, value=140336.0
    [iter 1697075] reheat + diversify: ceiling=0.00, value=159399.0
    [iter 1702828] reheat + diversify: ceiling=0.00, value=159138.0
    [iter 1708581] reheat + diversify: ceiling=0.00, value=187051.0
    [iter 1714334] reheat + diversify: ceiling=0.00, value=163681.0
    [iter 1720087] reheat + diversify: ceiling=0.00, value=147679.0
    [iter 1725840] reheat + diversify: ceiling=0.00, value=162663.0
    [iter 1731593] reheat + diversify: ceiling=0.00, value=155017.0
    [iter 1737346] reheat + diversify: ceiling=0.00, value=146110.0
    [iter 1743099] reheat + diversify: ceiling=0.00, value=142484.0
    [iter 1748852] reheat + diversify: ceiling=0.00, value=154492.0
    [iter 1754605] reheat + diversify: ceiling=0.00, value=162912.0
    [iter 1760358] reheat + diversify: ceiling=0.00, value=174701.0
    [iter 1766111] reheat + diversify: ceiling=0.00, value=118413.0
    [iter 1771864] reheat + diversify: ceiling=0.00, value=132609.0
    [iter 1777617] reheat + diversify: ceiling=0.00, value=179363.0
    [iter 1783370] reheat + diversify: ceiling=0.00, value=143508.0
    [iter 1789123] reheat + diversify: ceiling=0.00, value=177969.0
    [iter 1794876] reheat + diversify: ceiling=0.00, value=127651.0
    [iter 1800629] reheat + diversify: ceiling=0.00, value=173584.0
    [iter 1806382] reheat + diversify: ceiling=0.00, value=126860.0
    [iter 1812135] reheat + diversify: ceiling=0.00, value=139172.0
    [iter 1817888] reheat + diversify: ceiling=0.00, value=129029.0
    [iter 1823641] reheat + diversify: ceiling=0.00, value=133283.0
    [iter 1829394] reheat + diversify: ceiling=0.00, value=166591.0
    [iter 1835147] reheat + diversify: ceiling=0.00, value=132325.0
    [iter 1840900] reheat + diversify: ceiling=0.00, value=152890.0
    [iter 1846653] reheat + diversify: ceiling=0.00, value=132813.0
    [iter 1852406] reheat + diversify: ceiling=0.00, value=178451.0
    [iter 1858159] reheat + diversify: ceiling=0.00, value=162717.0
    [iter 1863912] reheat + diversify: ceiling=0.00, value=142179.0
    [iter 1869665] reheat + diversify: ceiling=0.00, value=154492.0
    [iter 1875418] reheat + diversify: ceiling=0.00, value=143176.0
    [iter 1881171] reheat + diversify: ceiling=0.00, value=164362.0
    [iter 1886924] reheat + diversify: ceiling=0.00, value=147250.0
    [iter 1892677] reheat + diversify: ceiling=0.00, value=145616.0
    [iter 1898430] reheat + diversify: ceiling=0.00, value=121528.0
    [iter 1904183] reheat + diversify: ceiling=0.00, value=177553.0
    [iter 1909936] reheat + diversify: ceiling=0.00, value=138880.0
    [iter 1915689] reheat + diversify: ceiling=0.00, value=152686.0
    [iter 1921442] reheat + diversify: ceiling=0.00, value=124162.0
    [iter 1927195] reheat + diversify: ceiling=0.00, value=170386.0
    [iter 1932948] reheat + diversify: ceiling=0.00, value=143467.0
    [iter 1938701] reheat + diversify: ceiling=0.00, value=147058.0
    [iter 1944454] reheat + diversify: ceiling=0.00, value=136539.0
    [iter 1950207] reheat + diversify: ceiling=0.00, value=170213.0
    [iter 1955960] reheat + diversify: ceiling=0.00, value=183473.0
    [iter 1961713] reheat + diversify: ceiling=0.00, value=137015.0
    [iter 1967466] reheat + diversify: ceiling=0.00, value=138943.0
    [iter 1973219] reheat + diversify: ceiling=0.00, value=139908.0
    [iter 1978972] reheat + diversify: ceiling=0.00, value=181402.0
    [iter 1984725] reheat + diversify: ceiling=0.00, value=136486.0
    [iter 1990478] reheat + diversify: ceiling=0.00, value=121118.0
    [iter 1996231] reheat + diversify: ceiling=0.00, value=127537.0
    [iter 2001984] reheat + diversify: ceiling=0.00, value=131367.0
    [iter 2007737] reheat + diversify: ceiling=0.00, value=140101.0
    [iter 2013490] reheat + diversify: ceiling=0.00, value=185373.0
    [iter 2019243] reheat + diversify: ceiling=0.00, value=145141.0
    [iter 2024996] reheat + diversify: ceiling=0.00, value=137621.0
    [iter 2030749] reheat + diversify: ceiling=0.00, value=112446.0
    [iter 2036502] reheat + diversify: ceiling=0.00, value=185373.0
    [iter 2042255] reheat + diversify: ceiling=0.00, value=175867.0
    [iter 2048008] reheat + diversify: ceiling=0.00, value=161714.0
    [iter 2053761] reheat + diversify: ceiling=0.00, value=125706.0
    [iter 2059514] reheat + diversify: ceiling=0.00, value=147290.0
    [iter 2065267] reheat + diversify: ceiling=0.00, value=133486.0
    [iter 2071020] reheat + diversify: ceiling=0.00, value=148846.0
    [iter 2076773] reheat + diversify: ceiling=0.00, value=153644.0
    [iter 2082526] reheat + diversify: ceiling=0.00, value=162513.0
    [iter 2088279] reheat + diversify: ceiling=0.00, value=138062.0
    [iter 2094032] reheat + diversify: ceiling=0.00, value=163218.0
    [iter 2099785] reheat + diversify: ceiling=0.00, value=178318.0
    [iter 2105538] reheat + diversify: ceiling=0.00, value=148309.0
    [iter 2111291] reheat + diversify: ceiling=0.00, value=124471.0
    [iter 2117044] reheat + diversify: ceiling=0.00, value=146649.0
    [iter 2122797] reheat + diversify: ceiling=0.00, value=150171.0
    [iter 2128550] reheat + diversify: ceiling=0.00, value=176661.0
    [iter 2134303] reheat + diversify: ceiling=0.00, value=156635.0
    [iter 2140056] reheat + diversify: ceiling=0.00, value=147595.0
    [iter 2145809] reheat + diversify: ceiling=0.00, value=163321.0
    [iter 2151562] reheat + diversify: ceiling=0.00, value=163317.0
    [iter 2157315] reheat + diversify: ceiling=0.00, value=155084.0
    [iter 2163068] reheat + diversify: ceiling=0.00, value=172074.0
    [iter 2168821] reheat + diversify: ceiling=0.00, value=180667.0
    [iter 2174574] reheat + diversify: ceiling=0.00, value=171773.0
    [iter 2180327] reheat + diversify: ceiling=0.00, value=136836.0
    [iter 2186080] reheat + diversify: ceiling=0.00, value=131354.0
    [iter 2191833] reheat + diversify: ceiling=0.00, value=171773.0
    [iter 2197586] reheat + diversify: ceiling=0.00, value=151336.0
    [iter 2203339] reheat + diversify: ceiling=0.00, value=180325.0
    [iter 2209092] reheat + diversify: ceiling=0.00, value=178457.0
    [iter 2214845] reheat + diversify: ceiling=0.00, value=176236.0
    [iter 2220598] reheat + diversify: ceiling=0.00, value=134610.0
    [iter 2226351] reheat + diversify: ceiling=0.00, value=165509.0
    [iter 2232104] reheat + diversify: ceiling=0.00, value=141625.0
    [iter 2237857] reheat + diversify: ceiling=0.00, value=142223.0
    [iter 2243610] reheat + diversify: ceiling=0.00, value=181691.0
    [iter 2249363] reheat + diversify: ceiling=0.00, value=178421.0
    [iter 2255116] reheat + diversify: ceiling=0.00, value=178373.0
    [iter 2260869] reheat + diversify: ceiling=0.00, value=182640.0
    [iter 2266622] reheat + diversify: ceiling=0.00, value=160192.0
    [iter 2272375] reheat + diversify: ceiling=0.00, value=134335.0
    [iter 2278128] reheat + diversify: ceiling=0.00, value=142110.0
    [iter 2283881] reheat + diversify: ceiling=0.00, value=120176.0
    [iter 2289634] reheat + diversify: ceiling=0.00, value=137094.0
    [iter 2295387] reheat + diversify: ceiling=0.00, value=164881.0
    [iter 2301140] reheat + diversify: ceiling=0.00, value=146175.0
    [iter 2306893] reheat + diversify: ceiling=0.00, value=119535.0
    [iter 2312646] reheat + diversify: ceiling=0.00, value=118503.0
    [iter 2318399] reheat + diversify: ceiling=0.00, value=166709.0
    [iter 2324152] reheat + diversify: ceiling=0.00, value=163319.0
    [iter 2329905] reheat + diversify: ceiling=0.00, value=132098.0
    [iter 2335658] reheat + diversify: ceiling=0.00, value=173280.0
    [iter 2341411] reheat + diversify: ceiling=0.00, value=159218.0
    [iter 2347164] reheat + diversify: ceiling=0.00, value=172113.0
    [iter 2352917] reheat + diversify: ceiling=0.00, value=177746.0
    [iter 2358670] reheat + diversify: ceiling=0.00, value=147920.0
    [iter 2364423] reheat + diversify: ceiling=0.00, value=150141.0
    [iter 2370176] reheat + diversify: ceiling=0.00, value=146400.0
    [iter 2375929] reheat + diversify: ceiling=0.00, value=130833.0
    [iter 2381682] reheat + diversify: ceiling=0.00, value=140637.0
    [iter 2387435] reheat + diversify: ceiling=0.00, value=145524.0
    [iter 2393188] reheat + diversify: ceiling=0.00, value=174352.0
    [iter 2398941] reheat + diversify: ceiling=0.00, value=138824.0
    [iter 2404694] reheat + diversify: ceiling=0.00, value=157088.0
    [iter 2410447] reheat + diversify: ceiling=0.00, value=156291.0
    [iter 2416200] reheat + diversify: ceiling=0.00, value=142688.0
    [iter 2421953] reheat + diversify: ceiling=0.00, value=173854.0
    [iter 2427706] reheat + diversify: ceiling=0.00, value=185373.0
    [iter 2433459] reheat + diversify: ceiling=0.00, value=114202.0
    [iter 2439212] reheat + diversify: ceiling=0.00, value=132410.0
    [iter 2444965] reheat + diversify: ceiling=0.00, value=145081.0
    [iter 2450718] reheat + diversify: ceiling=0.00, value=145166.0
    [iter 2456471] reheat + diversify: ceiling=0.00, value=132212.0
    [iter 2462224] reheat + diversify: ceiling=0.00, value=151582.0
    [iter 2467977] reheat + diversify: ceiling=0.00, value=180114.0
    [iter 2473730] reheat + diversify: ceiling=0.00, value=128988.0
    [iter 2479483] reheat + diversify: ceiling=0.00, value=187899.0
    [iter 2485236] reheat + diversify: ceiling=0.00, value=141650.0
    [iter 2490989] reheat + diversify: ceiling=0.00, value=151794.0
    [iter 2496742] reheat + diversify: ceiling=0.00, value=187899.0
    [iter 2502495] reheat + diversify: ceiling=0.00, value=166854.0
    [iter 2508248] reheat + diversify: ceiling=0.00, value=149606.0
    [iter 2514001] reheat + diversify: ceiling=0.00, value=177809.0
    [iter 2519754] reheat + diversify: ceiling=0.00, value=140260.0
    [iter 2525507] reheat + diversify: ceiling=0.00, value=146676.0
    [iter 2531260] reheat + diversify: ceiling=0.00, value=138197.0
    [iter 2537013] reheat + diversify: ceiling=0.00, value=134827.0
    [iter 2542766] reheat + diversify: ceiling=0.00, value=181263.0
    [iter 2548519] reheat + diversify: ceiling=0.00, value=176663.0
    [iter 2554272] reheat + diversify: ceiling=0.00, value=185373.0
    [iter 2560025] reheat + diversify: ceiling=0.00, value=153827.0
    [iter 2565778] reheat + diversify: ceiling=0.00, value=133650.0
    [iter 2571531] reheat + diversify: ceiling=0.00, value=155474.0
    [iter 2577284] reheat + diversify: ceiling=0.00, value=161916.0
    [iter 2583037] reheat + diversify: ceiling=0.00, value=138377.0
    [iter 2588790] reheat + diversify: ceiling=0.00, value=167217.0
    [iter 2594543] reheat + diversify: ceiling=0.00, value=165998.0
    [iter 2600296] reheat + diversify: ceiling=0.00, value=154644.0
    [iter 2606049] reheat + diversify: ceiling=0.00, value=149983.0
    [iter 2611802] reheat + diversify: ceiling=0.00, value=172066.0
    [iter 2617555] reheat + diversify: ceiling=0.00, value=132672.0
    [iter 2623308] reheat + diversify: ceiling=0.00, value=173296.0
    [iter 2629061] reheat + diversify: ceiling=0.00, value=186283.0
    [iter 2634814] reheat + diversify: ceiling=0.00, value=172602.0
    [iter 2640567] reheat + diversify: ceiling=0.00, value=165900.0
    [iter 2646320] reheat + diversify: ceiling=0.00, value=137476.0
    [iter 2652073] reheat + diversify: ceiling=0.00, value=189385.0
    [iter 2657826] reheat + diversify: ceiling=0.00, value=163728.0
    [iter 2663579] reheat + diversify: ceiling=0.00, value=146953.0
    [iter 2669332] reheat + diversify: ceiling=0.00, value=148253.0
    [iter 2675085] reheat + diversify: ceiling=0.00, value=167428.0
    [iter 2680838] reheat + diversify: ceiling=0.00, value=121862.0
    [iter 2686591] reheat + diversify: ceiling=0.00, value=164593.0
    [iter 2692344] reheat + diversify: ceiling=0.00, value=184706.0
    [iter 2698097] reheat + diversify: ceiling=0.00, value=168669.0
    [iter 2703850] reheat + diversify: ceiling=0.00, value=125189.0
    [iter 2709603] reheat + diversify: ceiling=0.00, value=145633.0
    [iter 2715356] reheat + diversify: ceiling=0.00, value=185373.0
    [iter 2721109] reheat + diversify: ceiling=0.00, value=137941.0
    [iter 2726862] reheat + diversify: ceiling=0.00, value=148114.0
    [iter 2732615] reheat + diversify: ceiling=0.00, value=181173.0
    [iter 2738368] reheat + diversify: ceiling=0.00, value=141642.0
    [iter 2744121] reheat + diversify: ceiling=0.00, value=170922.0
    [iter 2749874] reheat + diversify: ceiling=0.00, value=154456.0
    [iter 2755627] reheat + diversify: ceiling=0.00, value=164007.0
    [iter 2761380] reheat + diversify: ceiling=0.00, value=149820.0
    [iter 2767133] reheat + diversify: ceiling=0.00, value=170913.0
    [iter 2772886] reheat + diversify: ceiling=0.00, value=161754.0
    [iter 2778639] reheat + diversify: ceiling=0.00, value=153386.0
    [iter 2784392] reheat + diversify: ceiling=0.00, value=130065.0
    [iter 2790145] reheat + diversify: ceiling=0.00, value=144525.0
    [iter 2795898] reheat + diversify: ceiling=0.00, value=155110.0
    [iter 2801651] reheat + diversify: ceiling=0.00, value=117136.0
    [iter 2807404] reheat + diversify: ceiling=0.00, value=117691.0
    [iter 2813157] reheat + diversify: ceiling=0.00, value=138879.0
    [iter 2818910] reheat + diversify: ceiling=0.00, value=150002.0
    [iter 2824663] reheat + diversify: ceiling=0.00, value=177101.0
    [iter 2830416] reheat + diversify: ceiling=0.00, value=162464.0
    [iter 2836169] reheat + diversify: ceiling=0.00, value=141982.0
    [iter 2841922] reheat + diversify: ceiling=0.00, value=150092.0
    [iter 2847675] reheat + diversify: ceiling=0.00, value=155032.0
    [iter 2853428] reheat + diversify: ceiling=0.00, value=168141.0
    [iter 2859181] reheat + diversify: ceiling=0.00, value=150559.0
    [iter 2864934] reheat + diversify: ceiling=0.00, value=162375.0
    [iter 2870687] reheat + diversify: ceiling=0.00, value=155914.0
    [iter 2876440] reheat + diversify: ceiling=0.00, value=129405.0
    [iter 2882193] reheat + diversify: ceiling=0.00, value=181089.0
    [iter 2887946] reheat + diversify: ceiling=0.00, value=131477.0
    [iter 2893699] reheat + diversify: ceiling=0.00, value=141515.0
    [iter 2899452] reheat + diversify: ceiling=0.00, value=157860.0
    [iter 2905205] reheat + diversify: ceiling=0.00, value=162298.0
    [iter 2910958] reheat + diversify: ceiling=0.00, value=169745.0
    [iter 2916711] reheat + diversify: ceiling=0.00, value=135506.0
    [iter 2922464] reheat + diversify: ceiling=0.00, value=139447.0
    [iter 2928217] reheat + diversify: ceiling=0.00, value=153953.0
    [iter 2933970] reheat + diversify: ceiling=0.00, value=156889.0
    [iter 2939723] reheat + diversify: ceiling=0.00, value=153596.0
    [iter 2945476] reheat + diversify: ceiling=0.00, value=154651.0
    [iter 2951229] reheat + diversify: ceiling=0.00, value=151250.0
    [iter 2956982] reheat + diversify: ceiling=0.00, value=117676.0
    [iter 2962735] reheat + diversify: ceiling=0.00, value=167742.0
    [iter 2968488] reheat + diversify: ceiling=0.00, value=166899.0
    [iter 2974241] reheat + diversify: ceiling=0.00, value=144440.0
    [iter 2979994] reheat + diversify: ceiling=0.00, value=175043.0
    [iter 2985747] reheat + diversify: ceiling=0.00, value=135361.0
    [iter 2991500] reheat + diversify: ceiling=0.00, value=132503.0
    [iter 2997253] reheat + diversify: ceiling=0.00, value=169958.0
    [iter 3003006] reheat + diversify: ceiling=0.00, value=163660.0
    [iter 3008759] reheat + diversify: ceiling=0.00, value=150404.0
    [iter 3014512] reheat + diversify: ceiling=0.00, value=170981.0
    [iter 3020265] reheat + diversify: ceiling=0.00, value=158240.0
    [iter 3026018] reheat + diversify: ceiling=0.00, value=168236.0
    [iter 3031771] reheat + diversify: ceiling=0.00, value=140035.0
    [iter 3037524] reheat + diversify: ceiling=0.00, value=175940.0
    [iter 3043277] reheat + diversify: ceiling=0.00, value=151224.0
    [iter 3049030] reheat + diversify: ceiling=0.00, value=82423.0
    [iter 3054783] reheat + diversify: ceiling=0.00, value=167911.0
    [iter 3060536] reheat + diversify: ceiling=0.00, value=167092.0
    [iter 3066289] reheat + diversify: ceiling=0.00, value=139473.0
    [iter 3072042] reheat + diversify: ceiling=0.00, value=183307.0
    [iter 3077795] reheat + diversify: ceiling=0.00, value=153437.0
    [iter 3083548] reheat + diversify: ceiling=0.00, value=130200.0
    [iter 3089301] reheat + diversify: ceiling=0.00, value=147268.0
    [iter 3095054] reheat + diversify: ceiling=0.00, value=134530.0
    [iter 3100807] reheat + diversify: ceiling=0.00, value=182225.0
    [iter 3106560] reheat + diversify: ceiling=0.00, value=150786.0
    [iter 3112313] reheat + diversify: ceiling=0.00, value=155418.0
    [iter 3118066] reheat + diversify: ceiling=0.00, value=137558.0
    [iter 3123819] reheat + diversify: ceiling=0.00, value=185328.0
    [iter 3129572] reheat + diversify: ceiling=0.00, value=121942.0
    [iter 3135325] reheat + diversify: ceiling=0.00, value=131783.0
    [iter 3141078] reheat + diversify: ceiling=0.00, value=137727.0
    [iter 3146831] reheat + diversify: ceiling=0.00, value=178457.0
    [iter 3152584] reheat + diversify: ceiling=0.00, value=161498.0
    [iter 3158337] reheat + diversify: ceiling=0.00, value=138791.0
    [iter 3164090] reheat + diversify: ceiling=0.00, value=182421.0
    [iter 3169843] reheat + diversify: ceiling=0.00, value=185657.0
    [iter 3175596] reheat + diversify: ceiling=0.00, value=154482.0
    [iter 3181349] reheat + diversify: ceiling=0.00, value=150446.0
    [iter 3187102] reheat + diversify: ceiling=0.00, value=132032.0
    [iter 3192855] reheat + diversify: ceiling=0.00, value=167968.0
    [iter 3198608] reheat + diversify: ceiling=0.00, value=137058.0
    [iter 3204361] reheat + diversify: ceiling=0.00, value=149333.0
    [iter 3210114] reheat + diversify: ceiling=0.00, value=114078.0
    [iter 3215867] reheat + diversify: ceiling=0.00, value=180283.0
    [iter 3221620] reheat + diversify: ceiling=0.00, value=145243.0
    [iter 3227373] reheat + diversify: ceiling=0.00, value=185891.0
    [iter 3233126] reheat + diversify: ceiling=0.00, value=152306.0
    [iter 3238879] reheat + diversify: ceiling=0.00, value=153400.0
    [iter 3244632] reheat + diversify: ceiling=0.00, value=137197.0
    [iter 3250385] reheat + diversify: ceiling=0.00, value=168915.0
    [iter 3256138] reheat + diversify: ceiling=0.00, value=158077.0
    [iter 3261891] reheat + diversify: ceiling=0.00, value=148949.0
    [iter 3267644] reheat + diversify: ceiling=0.00, value=144147.0
    [iter 3273397] reheat + diversify: ceiling=0.00, value=132909.0
    [iter 3279150] reheat + diversify: ceiling=0.00, value=187899.0
    [iter 3284903] reheat + diversify: ceiling=0.00, value=171757.0
    [iter 3290656] reheat + diversify: ceiling=0.00, value=149387.0
    [iter 3296409] reheat + diversify: ceiling=0.00, value=141978.0
    [iter 3302162] reheat + diversify: ceiling=0.00, value=169161.0
    [iter 3307915] reheat + diversify: ceiling=0.00, value=165363.0
    [iter 3313668] reheat + diversify: ceiling=0.00, value=162376.0
    [iter 3319421] reheat + diversify: ceiling=0.00, value=165185.0
    [iter 3325174] reheat + diversify: ceiling=0.00, value=165047.0
    [iter 3330927] reheat + diversify: ceiling=0.00, value=175433.0
    [iter 3336680] reheat + diversify: ceiling=0.00, value=157523.0
    [iter 3342433] reheat + diversify: ceiling=0.00, value=158083.0
    [iter 3348186] reheat + diversify: ceiling=0.00, value=139095.0
    [iter 3353939] reheat + diversify: ceiling=0.00, value=145633.0
    [iter 3359692] reheat + diversify: ceiling=0.00, value=144657.0
    [iter 3365445] reheat + diversify: ceiling=0.00, value=169267.0
    [iter 3371198] reheat + diversify: ceiling=0.00, value=144845.0
    [iter 3376951] reheat + diversify: ceiling=0.00, value=149770.0
    [iter 3382704] reheat + diversify: ceiling=0.00, value=185855.0
    [iter 3388457] reheat + diversify: ceiling=0.00, value=150171.0
    [iter 3394210] reheat + diversify: ceiling=0.00, value=131544.0
    [iter 3399963] reheat + diversify: ceiling=0.00, value=183473.0
    [iter 3405716] reheat + diversify: ceiling=0.00, value=129453.0
    [iter 3411469] reheat + diversify: ceiling=0.00, value=146140.0
    [iter 3417222] reheat + diversify: ceiling=0.00, value=123147.0
    [iter 3422975] reheat + diversify: ceiling=0.00, value=140445.0
    [iter 3428728] reheat + diversify: ceiling=0.00, value=122150.0
    [iter 3434481] reheat + diversify: ceiling=0.00, value=177727.0
    [iter 3440234] reheat + diversify: ceiling=0.00, value=135062.0
    [iter 3445987] reheat + diversify: ceiling=0.00, value=159936.0
    [iter 3451740] reheat + diversify: ceiling=0.00, value=138977.0
    [iter 3457493] reheat + diversify: ceiling=0.00, value=156401.0
    [iter 3463246] reheat + diversify: ceiling=0.00, value=140980.0
    [iter 3468999] reheat + diversify: ceiling=0.00, value=141714.0
    [iter 3474752] reheat + diversify: ceiling=0.00, value=132858.0
    [iter 3480505] reheat + diversify: ceiling=0.00, value=156022.0
    [iter 3486258] reheat + diversify: ceiling=0.00, value=152490.0
    [iter 3492011] reheat + diversify: ceiling=0.00, value=149525.0
    [iter 3497764] reheat + diversify: ceiling=0.00, value=161158.0
    [iter 3503517] reheat + diversify: ceiling=0.00, value=153511.0
    [iter 3509270] reheat + diversify: ceiling=0.00, value=183155.0
    [iter 3515023] reheat + diversify: ceiling=0.00, value=130709.0
    [iter 3520776] reheat + diversify: ceiling=0.00, value=163965.0
    [iter 3526529] reheat + diversify: ceiling=0.00, value=134792.0
    [iter 3532282] reheat + diversify: ceiling=0.00, value=141490.0
    [iter 3538035] reheat + diversify: ceiling=0.00, value=142238.0
    [iter 3543788] reheat + diversify: ceiling=0.00, value=140019.0
    [iter 3549541] reheat + diversify: ceiling=0.00, value=164082.0
    [iter 3555294] reheat + diversify: ceiling=0.00, value=155389.0
    [iter 3561047] reheat + diversify: ceiling=0.00, value=152917.0
    [iter 3566800] reheat + diversify: ceiling=0.00, value=142952.0
    [iter 3572553] reheat + diversify: ceiling=0.00, value=160993.0
    [iter 3578306] reheat + diversify: ceiling=0.00, value=147880.0
    [iter 3584059] reheat + diversify: ceiling=0.00, value=132609.0
    [iter 3589812] reheat + diversify: ceiling=0.00, value=130120.0
    [iter 3595565] reheat + diversify: ceiling=0.00, value=158502.0
    [iter 3601318] reheat + diversify: ceiling=0.00, value=163856.0
    [iter 3607071] reheat + diversify: ceiling=0.00, value=140327.0
    [iter 3612824] reheat + diversify: ceiling=0.00, value=169748.0
    [iter 3618577] reheat + diversify: ceiling=0.00, value=119559.0
    [iter 3624330] reheat + diversify: ceiling=0.00, value=129123.0
    [iter 3630083] reheat + diversify: ceiling=0.00, value=181402.0
    [iter 3635836] reheat + diversify: ceiling=0.00, value=171773.0
    [iter 3641589] reheat + diversify: ceiling=0.00, value=149387.0
    [iter 3647342] reheat + diversify: ceiling=0.00, value=139641.0
    [iter 3653095] reheat + diversify: ceiling=0.00, value=149110.0
    [iter 3658848] reheat + diversify: ceiling=0.00, value=163922.0
    [iter 3664601] reheat + diversify: ceiling=0.00, value=148708.0
    [iter 3670354] reheat + diversify: ceiling=0.00, value=147512.0
    [iter 3676107] reheat + diversify: ceiling=0.00, value=161893.0
    [iter 3681860] reheat + diversify: ceiling=0.00, value=141790.0
    [iter 3687613] reheat + diversify: ceiling=0.00, value=139000.0
    [iter 3693366] reheat + diversify: ceiling=0.00, value=145784.0
    [iter 3699119] reheat + diversify: ceiling=0.00, value=146723.0
    [iter 3704872] reheat + diversify: ceiling=0.00, value=137718.0
    [iter 3710625] reheat + diversify: ceiling=0.00, value=158042.0
    [iter 3716378] reheat + diversify: ceiling=0.00, value=154203.0
    [iter 3722131] reheat + diversify: ceiling=0.00, value=170306.0
    [iter 3727884] reheat + diversify: ceiling=0.00, value=149106.0
    [iter 3733637] reheat + diversify: ceiling=0.00, value=157089.0
    [iter 3739390] reheat + diversify: ceiling=0.00, value=187899.0
    [iter 3745143] reheat + diversify: ceiling=0.00, value=135408.0
    [iter 3750896] reheat + diversify: ceiling=0.00, value=185373.0
    [iter 3756649] reheat + diversify: ceiling=0.00, value=167615.0
    [iter 3762402] reheat + diversify: ceiling=0.00, value=129946.0
    [iter 3768155] reheat + diversify: ceiling=0.00, value=142652.0
    [iter 3773908] reheat + diversify: ceiling=0.00, value=99321.0
    [iter 3779661] reheat + diversify: ceiling=0.00, value=137886.0
    [iter 3785414] reheat + diversify: ceiling=0.00, value=149004.0
    [iter 3791167] reheat + diversify: ceiling=0.00, value=170213.0
    [iter 3796920] reheat + diversify: ceiling=0.00, value=149596.0
    [iter 3802673] reheat + diversify: ceiling=0.00, value=126847.0
    [iter 3808426] reheat + diversify: ceiling=0.00, value=148581.0
    [iter 3814179] reheat + diversify: ceiling=0.00, value=162263.0
    [iter 3819932] reheat + diversify: ceiling=0.00, value=162883.0
    [iter 3825685] reheat + diversify: ceiling=0.00, value=156390.0
    [iter 3831438] reheat + diversify: ceiling=0.00, value=156306.0
    [iter 3837191] reheat + diversify: ceiling=0.00, value=157261.0
    [iter 3842944] reheat + diversify: ceiling=0.00, value=130558.0
    [iter 3848697] reheat + diversify: ceiling=0.00, value=143296.0
  time limit reached at iteration 3850568
  SA finished: 3850568 iterations in 900.0s (4278 it/s), accepted 1616368 (42.0%), rejected 2234199, neutral 1351045 (35.1%), worsening accepted 10.6%, no-move draws 0, reheats 666
  SA: value 197405.0 (greedy 175867.0, +21538.0), bound 211545.0, gap 6.68%, util 83.1%
  report -> /home/mcaspar/3DMHKP/results_3DMHKP_ep3/ep3-20-U-R-90-3DMHKP-SA-a0.999-r0.25-t900s.txt

================================================================================================
SUMMARY
================================================================================================
instance      boxes  packed       greedy     SA value        bound      gap    util    iters    time
------------------------------------------------------------------------------------------------
ep3-20-U-R-90     20      16     175867.0     197405.0     211545.0    6.7%   83.1%  3850568  900.0s
------------------------------------------------------------------------------------------------
proven optimal (value reaches the upper bound): 0/1
improved over greedy: 1/1 (total value 175867.0 -> 197405.0, +12.25%)
mean gap to 0-1 knapsack bound: 6.7%
mean volume utilization: 83.1%
