============================================================
  Solver:     3DMHKP-SA.py
  Instance:   /home/mcaspar/3DMHKP/Egeblad/ep3-40-C-R-50.txt
  Value mode: flat
  Timelimit:  300s
  Reports:    /home/mcaspar/3DMHKP/results_3DMHKP_ep3
  CPUs:       1
============================================================
======================================================================
3DMHKP Simulated Annealing (random single-neighbour, sequence decoder)
SA params: T0=5% of f(S_0), alpha=0.999, T_min=0.001, reheat_threshold=5753, reheat_fraction=0.25
Move weights: {'relocate': 0.0, 'swap': 1.0, '2opt': 0.0, 'promote': 1.5, 'demote': 1.5, 'orient': 1.0, 'container': 0.5}
Time limit: 300.0s per instance, seed 1982744335
======================================================================

======================================================================
ep3-40-C-R-50: 40 boxes (36 types), 1 containers (1 types)
  0-1 knapsack bound: 202725.0 (continuous relaxation: 204672.9)
  initial (value-density) decode: value 42058.0 (22/40 boxes)
  T0 = 6408.7 (calibrated, 27 worsening draws, target accept 35%)
  schedule: time-based, T0 -> 1460.97 over 300s
    [iter 1] *** NEW BEST: value 81431.0, boxes 23/40, T=6408.7, elapsed=0.4s
    [iter 4] *** NEW BEST: value 83968.0, boxes 24/40, T=6397.3, elapsed=0.4s
    [iter 8] *** NEW BEST: value 88792.0, boxes 24/40, T=6397.2, elapsed=0.4s
    [iter 43] *** NEW BEST: value 93493.0, boxes 23/40, T=6396.9, elapsed=0.4s
    [iter 62] *** NEW BEST: value 109160.0, boxes 27/40, T=6396.8, elapsed=0.4s
    [iter 324] *** NEW BEST: value 111797.0, boxes 25/40, T=6394.9, elapsed=0.4s
    [iter 448] *** NEW BEST: value 113063.0, boxes 26/40, T=6394.0, elapsed=0.5s
    [iter 517] *** NEW BEST: value 113242.0, boxes 26/40, T=6393.6, elapsed=0.5s
    [iter 538] *** NEW BEST: value 116155.0, boxes 26/40, T=6393.4, elapsed=0.5s
    [iter 550] *** NEW BEST: value 120710.0, boxes 26/40, T=6393.4, elapsed=0.5s
    [iter 729] *** NEW BEST: value 123305.0, boxes 26/40, T=6392.3, elapsed=0.5s
    [iter 1516] *** NEW BEST: value 123607.0, boxes 28/40, T=6387.0, elapsed=0.7s
    [iter 2495] *** NEW BEST: value 123830.0, boxes 26/40, T=6380.3, elapsed=0.9s
    [iter 2504] *** NEW BEST: value 126069.0, boxes 26/40, T=6380.3, elapsed=0.9s
    [iter 8257] reheat + diversify: ceiling=1602.18, value=92984.0
    [iter 14010] reheat + diversify: ceiling=1441.96, value=85963.0
    [iter 19763] reheat + diversify: ceiling=1297.76, value=106300.0
    [iter 25516] reheat + diversify: ceiling=1167.99, value=77163.0
    [iter 31269] reheat + diversify: ceiling=1051.19, value=116148.0
    [iter 37022] reheat + diversify: ceiling=946.07, value=105924.0
    [iter 42775] reheat + diversify: ceiling=851.46, value=120178.0
    [iter 48528] reheat + diversify: ceiling=766.32, value=98763.0
    [iter 54281] reheat + diversify: ceiling=689.68, value=96440.0
    [iter 60034] reheat + diversify: ceiling=620.72, value=122357.0
    [iter 65787] reheat + diversify: ceiling=558.64, value=94615.0
    [iter 71540] reheat + diversify: ceiling=502.78, value=92138.0
    [iter 77293] reheat + diversify: ceiling=452.50, value=91146.0
    [iter 83046] reheat + diversify: ceiling=407.25, value=94615.0
    [iter 88799] reheat + diversify: ceiling=366.53, value=74004.0
    [iter 94552] reheat + diversify: ceiling=329.87, value=102840.0
    [iter 100305] reheat + diversify: ceiling=296.89, value=112006.0
    [iter 106058] reheat + diversify: ceiling=267.20, value=78710.0
    [iter 111811] reheat + diversify: ceiling=240.48, value=110807.0
    [iter 117564] reheat + diversify: ceiling=216.43, value=107275.0
    [iter 123317] reheat + diversify: ceiling=194.79, value=106196.0
    [iter 129070] reheat + diversify: ceiling=175.31, value=97696.0
    [iter 134823] reheat + diversify: ceiling=157.78, value=106310.0
    [iter 140576] reheat + diversify: ceiling=142.00, value=97855.0
    [iter 146329] reheat + diversify: ceiling=127.80, value=122822.0
    [iter 152082] reheat + diversify: ceiling=115.02, value=117897.0
    [iter 157835] reheat + diversify: ceiling=103.52, value=96440.0
    [iter 163588] reheat + diversify: ceiling=93.17, value=77486.0
    [iter 169341] reheat + diversify: ceiling=83.85, value=117463.0
    [iter 175094] reheat + diversify: ceiling=75.46, value=104142.0
    [iter 180847] reheat + diversify: ceiling=67.92, value=76937.0
    [iter 186600] reheat + diversify: ceiling=61.13, value=108419.0
    [iter 192353] reheat + diversify: ceiling=55.01, value=118870.0
    [iter 198106] reheat + diversify: ceiling=49.51, value=95140.0
    [iter 203859] reheat + diversify: ceiling=44.56, value=96731.0
    [iter 209612] reheat + diversify: ceiling=40.10, value=109267.0
    [iter 215365] reheat + diversify: ceiling=36.09, value=85110.0
    [iter 221118] reheat + diversify: ceiling=32.49, value=90355.0
    [iter 226871] reheat + diversify: ceiling=29.24, value=79133.0
    [iter 232624] reheat + diversify: ceiling=26.31, value=91070.0
    [iter 238377] reheat + diversify: ceiling=23.68, value=111960.0
    [iter 244130] reheat + diversify: ceiling=21.31, value=85963.0
    [iter 249883] reheat + diversify: ceiling=19.18, value=106825.0
    [iter 255636] reheat + diversify: ceiling=17.26, value=86120.0
    [iter 261389] reheat + diversify: ceiling=15.54, value=114653.0
    [iter 267142] reheat + diversify: ceiling=13.98, value=120892.0
    [iter 272895] reheat + diversify: ceiling=12.59, value=93324.0
    [iter 278648] reheat + diversify: ceiling=11.33, value=114238.0
    [iter 284401] reheat + diversify: ceiling=10.19, value=91553.0
    [iter 290154] reheat + diversify: ceiling=9.17, value=117748.0
    [iter 295907] reheat + diversify: ceiling=8.26, value=105108.0
    [iter 301660] reheat + diversify: ceiling=7.43, value=117463.0
    [iter 307413] reheat + diversify: ceiling=6.69, value=95385.0
    [iter 313166] reheat + diversify: ceiling=6.02, value=99001.0
    [iter 318919] reheat + diversify: ceiling=5.42, value=94245.0
    [iter 324672] reheat + diversify: ceiling=4.88, value=104679.0
    [iter 330425] reheat + diversify: ceiling=4.39, value=90889.0
    [iter 336178] reheat + diversify: ceiling=3.95, value=115560.0
    [iter 341931] reheat + diversify: ceiling=3.55, value=77793.0
    [iter 347684] reheat + diversify: ceiling=3.20, value=95527.0
    [iter 353437] reheat + diversify: ceiling=2.88, value=112351.0
    [iter 359190] reheat + diversify: ceiling=2.59, value=100660.0
    [iter 364943] reheat + diversify: ceiling=2.33, value=97769.0
    [iter 370696] reheat + diversify: ceiling=2.10, value=80966.0
    [iter 376449] reheat + diversify: ceiling=1.89, value=123607.0
    [iter 382202] reheat + diversify: ceiling=1.70, value=104122.0
    [iter 387955] reheat + diversify: ceiling=1.53, value=96208.0
    [iter 393708] reheat + diversify: ceiling=1.38, value=99193.0
    [iter 399461] reheat + diversify: ceiling=1.24, value=120178.0
    [iter 405214] reheat + diversify: ceiling=1.12, value=100832.0
    [iter 410967] reheat + diversify: ceiling=1.00, value=106080.0
    [iter 416720] reheat + diversify: ceiling=0.90, value=119395.0
    [iter 422473] reheat + diversify: ceiling=0.81, value=109104.0
    [iter 428226] reheat + diversify: ceiling=0.73, value=121960.0
    [iter 433979] reheat + diversify: ceiling=0.66, value=67298.0
    [iter 439732] reheat + diversify: ceiling=0.59, value=120367.0
    [iter 445485] reheat + diversify: ceiling=0.53, value=115623.0
    [iter 451238] reheat + diversify: ceiling=0.48, value=111188.0
    [iter 456991] reheat + diversify: ceiling=0.43, value=86020.0
    [iter 462744] reheat + diversify: ceiling=0.39, value=80372.0
    [iter 468497] reheat + diversify: ceiling=0.35, value=95276.0
    [iter 474250] reheat + diversify: ceiling=0.32, value=93493.0
    [iter 480003] reheat + diversify: ceiling=0.28, value=123607.0
    [iter 485756] reheat + diversify: ceiling=0.26, value=100002.0
    [iter 491509] reheat + diversify: ceiling=0.23, value=117169.0
    [iter 497262] reheat + diversify: ceiling=0.21, value=102840.0
    [iter 503015] reheat + diversify: ceiling=0.19, value=97855.0
    [iter 508768] reheat + diversify: ceiling=0.17, value=99112.0
    [iter 514521] reheat + diversify: ceiling=0.15, value=122882.0
    [iter 520274] reheat + diversify: ceiling=0.14, value=103329.0
    [iter 526027] reheat + diversify: ceiling=0.12, value=102593.0
    [iter 531780] reheat + diversify: ceiling=0.11, value=102088.0
    [iter 537533] reheat + diversify: ceiling=0.10, value=120892.0
    [iter 543286] reheat + diversify: ceiling=0.09, value=122183.0
    [iter 549039] reheat + diversify: ceiling=0.08, value=87845.0
    [iter 554792] reheat + diversify: ceiling=0.07, value=123830.0
    [iter 560545] reheat + diversify: ceiling=0.06, value=94615.0
    [iter 566298] reheat + diversify: ceiling=0.06, value=111188.0
    [iter 572051] reheat + diversify: ceiling=0.05, value=103735.0
    [iter 577804] reheat + diversify: ceiling=0.05, value=84349.0
    [iter 583557] reheat + diversify: ceiling=0.04, value=101547.0
    [iter 589310] reheat + diversify: ceiling=0.04, value=106596.0
    [iter 595063] reheat + diversify: ceiling=0.03, value=106080.0
    [iter 600816] reheat + diversify: ceiling=0.03, value=116395.0
    [iter 606569] reheat + diversify: ceiling=0.03, value=120126.0
    [iter 612322] reheat + diversify: ceiling=0.03, value=103735.0
    [iter 618075] reheat + diversify: ceiling=0.02, value=94079.0
    [iter 623828] reheat + diversify: ceiling=0.02, value=123607.0
    [iter 629581] reheat + diversify: ceiling=0.02, value=125544.0
    [iter 635334] reheat + diversify: ceiling=0.02, value=94615.0
    [iter 641087] reheat + diversify: ceiling=0.01, value=123607.0
    [iter 646840] reheat + diversify: ceiling=0.01, value=121960.0
    [iter 652593] reheat + diversify: ceiling=0.01, value=88096.0
    [iter 658346] reheat + diversify: ceiling=0.01, value=106310.0
    [iter 664099] reheat + diversify: ceiling=0.01, value=101624.0
    [iter 669852] reheat + diversify: ceiling=0.01, value=96489.0
    [iter 675605] reheat + diversify: ceiling=0.01, value=105560.0
    [iter 681358] reheat + diversify: ceiling=0.01, value=106816.0
    [iter 687111] reheat + diversify: ceiling=0.01, value=126069.0
    [iter 692864] reheat + diversify: ceiling=0.01, value=102088.0
    [iter 698617] reheat + diversify: ceiling=0.01, value=80966.0
    [iter 704370] reheat + diversify: ceiling=0.00, value=110640.0
    [iter 710123] reheat + diversify: ceiling=0.00, value=93493.0
    [iter 715876] reheat + diversify: ceiling=0.00, value=93493.0
    [iter 721629] reheat + diversify: ceiling=0.00, value=119642.0
    [iter 727382] reheat + diversify: ceiling=0.00, value=113563.0
    [iter 733135] reheat + diversify: ceiling=0.00, value=123607.0
    [iter 738888] reheat + diversify: ceiling=0.00, value=87847.0
    [iter 744641] reheat + diversify: ceiling=0.00, value=104803.0
    [iter 750394] reheat + diversify: ceiling=0.00, value=120367.0
    [iter 756147] reheat + diversify: ceiling=0.00, value=108084.0
    [iter 761900] reheat + diversify: ceiling=0.00, value=88253.0
    [iter 767653] reheat + diversify: ceiling=0.00, value=121960.0
    [iter 773406] reheat + diversify: ceiling=0.00, value=102965.0
    [iter 779159] reheat + diversify: ceiling=0.00, value=92968.0
    [iter 784912] reheat + diversify: ceiling=0.00, value=116786.0
    [iter 790665] reheat + diversify: ceiling=0.00, value=122882.0
    [iter 796418] reheat + diversify: ceiling=0.00, value=113063.0
    [iter 802171] reheat + diversify: ceiling=0.00, value=97273.0
    [iter 807924] reheat + diversify: ceiling=0.00, value=103512.0
    [iter 813677] reheat + diversify: ceiling=0.00, value=88253.0
    [iter 819430] reheat + diversify: ceiling=0.00, value=114501.0
    [iter 825183] reheat + diversify: ceiling=0.00, value=117748.0
    [iter 830936] reheat + diversify: ceiling=0.00, value=111960.0
    [iter 836689] reheat + diversify: ceiling=0.00, value=67817.0
    [iter 842442] reheat + diversify: ceiling=0.00, value=79869.0
    [iter 848195] reheat + diversify: ceiling=0.00, value=123607.0
    [iter 853948] reheat + diversify: ceiling=0.00, value=97273.0
    [iter 859701] reheat + diversify: ceiling=0.00, value=123607.0
    [iter 865454] reheat + diversify: ceiling=0.00, value=99712.0
    [iter 871207] reheat + diversify: ceiling=0.00, value=111713.0
    [iter 876960] reheat + diversify: ceiling=0.00, value=111188.0
    [iter 882713] reheat + diversify: ceiling=0.00, value=113967.0
    [iter 888466] reheat + diversify: ceiling=0.00, value=109204.0
    [iter 894219] reheat + diversify: ceiling=0.00, value=96680.0
    [iter 899972] reheat + diversify: ceiling=0.00, value=122357.0
    [iter 905725] reheat + diversify: ceiling=0.00, value=113553.0
    [iter 911478] reheat + diversify: ceiling=0.00, value=88967.0
    [iter 917231] reheat + diversify: ceiling=0.00, value=96440.0
    [iter 922984] reheat + diversify: ceiling=0.00, value=122882.0
    [iter 928737] reheat + diversify: ceiling=0.00, value=109531.0
    [iter 934490] reheat + diversify: ceiling=0.00, value=89840.0
    [iter 940243] reheat + diversify: ceiling=0.00, value=121960.0
    [iter 945996] reheat + diversify: ceiling=0.00, value=104466.0
    [iter 951749] reheat + diversify: ceiling=0.00, value=86020.0
    [iter 957502] reheat + diversify: ceiling=0.00, value=123607.0
    [iter 963255] reheat + diversify: ceiling=0.00, value=109729.0
    [iter 969008] reheat + diversify: ceiling=0.00, value=123607.0
    [iter 974761] reheat + diversify: ceiling=0.00, value=115200.0
    [iter 980514] reheat + diversify: ceiling=0.00, value=115200.0
    [iter 986267] reheat + diversify: ceiling=0.00, value=107275.0
    [iter 992020] reheat + diversify: ceiling=0.00, value=95140.0
    [iter 997773] reheat + diversify: ceiling=0.00, value=102088.0
    [iter 1003526] reheat + diversify: ceiling=0.00, value=95953.0
    [iter 1009279] reheat + diversify: ceiling=0.00, value=89492.0
    [iter 1015032] reheat + diversify: ceiling=0.00, value=91070.0
    [iter 1020785] reheat + diversify: ceiling=0.00, value=112006.0
    [iter 1026538] reheat + diversify: ceiling=0.00, value=94615.0
    [iter 1032291] reheat + diversify: ceiling=0.00, value=120661.0
    [iter 1038044] reheat + diversify: ceiling=0.00, value=121235.0
    [iter 1043797] reheat + diversify: ceiling=0.00, value=95151.0
    [iter 1049550] reheat + diversify: ceiling=0.00, value=110807.0
    [iter 1055303] reheat + diversify: ceiling=0.00, value=123607.0
    [iter 1061056] reheat + diversify: ceiling=0.00, value=112924.0
    [iter 1066809] reheat + diversify: ceiling=0.00, value=90223.0
    [iter 1072562] reheat + diversify: ceiling=0.00, value=90760.0
    [iter 1078315] reheat + diversify: ceiling=0.00, value=95140.0
    [iter 1084068] reheat + diversify: ceiling=0.00, value=90989.0
    [iter 1089821] reheat + diversify: ceiling=0.00, value=108045.0
    [iter 1095574] reheat + diversify: ceiling=0.00, value=94615.0
    [iter 1101327] reheat + diversify: ceiling=0.00, value=121658.0
    [iter 1107080] reheat + diversify: ceiling=0.00, value=85438.0
    [iter 1112833] reheat + diversify: ceiling=0.00, value=117207.0
    [iter 1118586] reheat + diversify: ceiling=0.00, value=115200.0
    [iter 1124339] reheat + diversify: ceiling=0.00, value=123830.0
    [iter 1130092] reheat + diversify: ceiling=0.00, value=120367.0
    [iter 1135845] reheat + diversify: ceiling=0.00, value=123607.0
    [iter 1141598] reheat + diversify: ceiling=0.00, value=106450.0
    [iter 1147351] reheat + diversify: ceiling=0.00, value=122882.0
    [iter 1153104] reheat + diversify: ceiling=0.00, value=115200.0
    [iter 1158857] reheat + diversify: ceiling=0.00, value=110581.0
    [iter 1164610] reheat + diversify: ceiling=0.00, value=91237.0
    [iter 1170363] reheat + diversify: ceiling=0.00, value=116148.0
    [iter 1176116] reheat + diversify: ceiling=0.00, value=88967.0
    [iter 1181869] reheat + diversify: ceiling=0.00, value=91487.0
    [iter 1187622] reheat + diversify: ceiling=0.00, value=119395.0
    [iter 1193375] reheat + diversify: ceiling=0.00, value=109692.0
    [iter 1199128] reheat + diversify: ceiling=0.00, value=103735.0
    [iter 1204881] reheat + diversify: ceiling=0.00, value=107362.0
    [iter 1210634] reheat + diversify: ceiling=0.00, value=120367.0
    [iter 1216387] reheat + diversify: ceiling=0.00, value=103735.0
    [iter 1222140] reheat + diversify: ceiling=0.00, value=121960.0
    [iter 1227893] reheat + diversify: ceiling=0.00, value=109302.0
    [iter 1233646] reheat + diversify: ceiling=0.00, value=90968.0
    [iter 1239399] reheat + diversify: ceiling=0.00, value=88678.0
    [iter 1245152] reheat + diversify: ceiling=0.00, value=99772.0
    [iter 1250905] reheat + diversify: ceiling=0.00, value=112879.0
    [iter 1256658] reheat + diversify: ceiling=0.00, value=115200.0
    [iter 1262411] reheat + diversify: ceiling=0.00, value=123607.0
    [iter 1268164] reheat + diversify: ceiling=0.00, value=97273.0
    [iter 1273917] reheat + diversify: ceiling=0.00, value=126069.0
    [iter 1279670] reheat + diversify: ceiling=0.00, value=104803.0
    [iter 1285423] reheat + diversify: ceiling=0.00, value=115200.0
    [iter 1291176] reheat + diversify: ceiling=0.00, value=95849.0
    [iter 1296929] reheat + diversify: ceiling=0.00, value=123305.0
    [iter 1302682] reheat + diversify: ceiling=0.00, value=73485.0
    [iter 1308435] reheat + diversify: ceiling=0.00, value=123607.0
    [iter 1314188] reheat + diversify: ceiling=0.00, value=93493.0
    [iter 1319941] reheat + diversify: ceiling=0.00, value=107947.0
    [iter 1325694] reheat + diversify: ceiling=0.00, value=99352.0
    [iter 1331447] reheat + diversify: ceiling=0.00, value=97798.0
    [iter 1337200] reheat + diversify: ceiling=0.00, value=121960.0
    [iter 1342953] reheat + diversify: ceiling=0.00, value=103376.0
    [iter 1348706] reheat + diversify: ceiling=0.00, value=123607.0
    [iter 1354459] reheat + diversify: ceiling=0.00, value=88772.0
    [iter 1360212] reheat + diversify: ceiling=0.00, value=86252.0
    [iter 1365965] reheat + diversify: ceiling=0.00, value=104803.0
    [iter 1371718] reheat + diversify: ceiling=0.00, value=101986.0
  time limit reached at iteration 1376305
  SA finished: 1376305 iterations in 300.0s (4588 it/s), accepted 1049002 (76.2%), rejected 327302, neutral 978711 (71.1%), worsening accepted 17.7%, no-move draws 0, reheats 238
  SA: value 126069.0 (greedy 42058.0, +84011.0), bound 202725.0, gap 37.81%, util 57.5%
  report -> /home/mcaspar/3DMHKP/results_3DMHKP_ep3/ep3-40-C-R-50-3DMHKP-SA-a0.999-r0.25-t300s.txt

================================================================================================
SUMMARY
================================================================================================
instance      boxes  packed       greedy     SA value        bound      gap    util    iters    time
------------------------------------------------------------------------------------------------
ep3-40-C-R-50     40      26      42058.0     126069.0     202725.0   37.8%   57.5%  1376305  300.0s
------------------------------------------------------------------------------------------------
proven optimal (value reaches the upper bound): 0/1
improved over greedy: 1/1 (total value 42058.0 -> 126069.0, +199.75%)
mean gap to 0-1 knapsack bound: 37.8%
mean volume utilization: 57.5%
