============================================================
  Solver:     3DMHKP-SA.py
  Instance:   /home/mcaspar/3DMHKP/Egeblad/ep3-40-L-C-50.txt
  Value mode: flat
  Timelimit:  900s
  Reports:    /home/mcaspar/3DMHKP/results_3DMHKP_ep3
  CPUs:       1
============================================================
======================================================================
3DMHKP Simulated Annealing (random single-neighbour, sequence decoder)
SA params: T0=5% of f(S_0), alpha=0.999, T_min=0.001, reheat_threshold=5753, reheat_fraction=0.25
Move weights: {'relocate': 0.0, 'swap': 1.0, '2opt': 0.0, 'promote': 1.5, 'demote': 1.5, 'orient': 1.0, 'container': 0.5}
Time limit: 900.0s per instance, seed 1644187225
======================================================================

======================================================================
ep3-40-L-C-50: 40 boxes (5 types), 1 containers (1 types)
  0-1 knapsack bound: 80264.0 (continuous relaxation: 81166.8)
  initial (value-density) decode: value 70552.0 (18/40 boxes)
  T0 = 5331.4 (calibrated, 330 worsening draws, target accept 35%)
  schedule: time-based, T0 -> 1215.37 over 900s
    [iter 4] *** NEW BEST: value 71224.0, boxes 18/40, T=5329.6, elapsed=0.2s
    [iter 5] *** NEW BEST: value 71570.0, boxes 18/40, T=5329.6, elapsed=0.2s
    [iter 5758] reheat + diversify: ceiling=1332.84, value=28763.0
    [iter 11511] reheat + diversify: ceiling=1199.56, value=48292.0
    [iter 17264] reheat + diversify: ceiling=1079.60, value=43815.0
    [iter 23017] reheat + diversify: ceiling=971.64, value=46032.0
    [iter 28770] reheat + diversify: ceiling=874.48, value=42919.0
    [iter 34523] reheat + diversify: ceiling=787.03, value=39621.0
    [iter 40276] reheat + diversify: ceiling=708.33, value=38218.0
    [iter 46029] reheat + diversify: ceiling=637.50, value=41677.0
    [iter 51782] reheat + diversify: ceiling=573.75, value=43657.0
    [iter 57535] reheat + diversify: ceiling=516.37, value=27893.0
    [iter 63288] reheat + diversify: ceiling=464.73, value=39394.0
    [iter 69041] reheat + diversify: ceiling=418.26, value=57236.0
    [iter 69284] *** NEW BEST: value 71616.0, boxes 18/40, T=5185.1, elapsed=16.9s
    [iter 75037] reheat + diversify: ceiling=376.43, value=44220.0
    [iter 80790] reheat + diversify: ceiling=338.79, value=52420.0
    [iter 86543] reheat + diversify: ceiling=304.91, value=40761.0
    [iter 92296] reheat + diversify: ceiling=274.42, value=42919.0
    [iter 94616] *** NEW BEST: value 72242.0, boxes 18/40, T=5133.5, elapsed=23.0s
    [iter 100369] reheat + diversify: ceiling=246.98, value=54469.0
    [iter 106122] reheat + diversify: ceiling=222.28, value=42517.0
    [iter 111875] reheat + diversify: ceiling=200.05, value=42125.0
    [iter 117628] reheat + diversify: ceiling=180.05, value=52535.0
    [iter 123381] reheat + diversify: ceiling=162.04, value=44833.0
    [iter 127582] *** NEW BEST: value 72634.0, boxes 18/40, T=5067.2, elapsed=30.9s
    [iter 133335] reheat + diversify: ceiling=145.84, value=44553.0
    [iter 139088] reheat + diversify: ceiling=131.25, value=36284.0
    [iter 144841] reheat + diversify: ceiling=118.13, value=57964.0
    [iter 150594] reheat + diversify: ceiling=106.32, value=47788.0
    [iter 156347] reheat + diversify: ceiling=95.68, value=46424.0
    [iter 162100] reheat + diversify: ceiling=86.12, value=31919.0
    [iter 167853] reheat + diversify: ceiling=77.50, value=51481.0
    [iter 173606] reheat + diversify: ceiling=69.75, value=37684.0
    [iter 179359] reheat + diversify: ceiling=62.78, value=52265.0
    [iter 185112] reheat + diversify: ceiling=56.50, value=43021.0
    [iter 190865] reheat + diversify: ceiling=50.85, value=45462.0
    [iter 196618] reheat + diversify: ceiling=45.77, value=38218.0
    [iter 202371] reheat + diversify: ceiling=41.19, value=47788.0
    [iter 203309] *** NEW BEST: value 72980.0, boxes 18/40, T=4921.4, elapsed=48.7s
    [iter 209062] reheat + diversify: ceiling=37.07, value=54571.0
    [iter 211967] *** NEW BEST: value 73326.0, boxes 18/40, T=4904.7, elapsed=50.8s
    [iter 217720] reheat + diversify: ceiling=33.36, value=53003.0
    [iter 223473] reheat + diversify: ceiling=30.03, value=44451.0
    [iter 229226] reheat + diversify: ceiling=27.02, value=43499.0
    [iter 234979] reheat + diversify: ceiling=24.32, value=52186.0
    [iter 240732] reheat + diversify: ceiling=21.89, value=35566.0
    [iter 246485] reheat + diversify: ceiling=19.70, value=55487.0
    [iter 252238] reheat + diversify: ceiling=17.73, value=43657.0
    [iter 257991] reheat + diversify: ceiling=15.96, value=41499.0
    [iter 263744] reheat + diversify: ceiling=14.36, value=35902.0
    [iter 269497] reheat + diversify: ceiling=12.93, value=41163.0
    [iter 275250] reheat + diversify: ceiling=11.63, value=55151.0
    [iter 281003] reheat + diversify: ceiling=10.47, value=42583.0
    [iter 286756] reheat + diversify: ceiling=9.42, value=32779.0
    [iter 292509] reheat + diversify: ceiling=8.48, value=43245.0
    [iter 298262] reheat + diversify: ceiling=7.63, value=38198.0
    [iter 304015] reheat + diversify: ceiling=6.87, value=38422.0
    [iter 309768] reheat + diversify: ceiling=6.18, value=47610.0
    [iter 315521] reheat + diversify: ceiling=5.56, value=44675.0
    [iter 321274] reheat + diversify: ceiling=5.01, value=54759.0
    [iter 327027] reheat + diversify: ceiling=4.51, value=33790.0
    [iter 332780] reheat + diversify: ceiling=4.06, value=30621.0
    [iter 338533] reheat + diversify: ceiling=3.65, value=51573.0
    [iter 344286] reheat + diversify: ceiling=3.29, value=55467.0
    [iter 350039] reheat + diversify: ceiling=2.96, value=52835.0
    [iter 355792] reheat + diversify: ceiling=2.66, value=48394.0
    [iter 361545] reheat + diversify: ceiling=2.40, value=57582.0
    [iter 367298] reheat + diversify: ceiling=2.16, value=46938.0
    [iter 373051] reheat + diversify: ceiling=1.94, value=44487.0
    [iter 378804] reheat + diversify: ceiling=1.75, value=33474.0
    [iter 384557] reheat + diversify: ceiling=1.57, value=35994.0
    [iter 390310] reheat + diversify: ceiling=1.41, value=43087.0
    [iter 396063] reheat + diversify: ceiling=1.27, value=45103.0
    [iter 401816] reheat + diversify: ceiling=1.15, value=41005.0
    [iter 407569] reheat + diversify: ceiling=1.03, value=37312.0
    [iter 413322] reheat + diversify: ceiling=0.93, value=43838.0
    [iter 419075] reheat + diversify: ceiling=0.84, value=46200.0
    [iter 424828] reheat + diversify: ceiling=0.75, value=43077.0
    [iter 430581] reheat + diversify: ceiling=0.68, value=41265.0
    [iter 436334] reheat + diversify: ceiling=0.61, value=42583.0
    [iter 442087] reheat + diversify: ceiling=0.55, value=56001.0
    [iter 447840] reheat + diversify: ceiling=0.49, value=46938.0
    [iter 453593] reheat + diversify: ceiling=0.44, value=40247.0
    [iter 459346] reheat + diversify: ceiling=0.40, value=37200.0
    [iter 465099] reheat + diversify: ceiling=0.36, value=34696.0
    [iter 470852] reheat + diversify: ceiling=0.32, value=48358.0
    [iter 476605] reheat + diversify: ceiling=0.29, value=37872.0
    [iter 482358] reheat + diversify: ceiling=0.26, value=36024.0
    [iter 488111] reheat + diversify: ceiling=0.24, value=42919.0
    [iter 493864] reheat + diversify: ceiling=0.21, value=43835.0
    [iter 499617] reheat + diversify: ceiling=0.19, value=36630.0
    [iter 505370] reheat + diversify: ceiling=0.17, value=41005.0
    [iter 511123] reheat + diversify: ceiling=0.15, value=32759.0
    [iter 516876] reheat + diversify: ceiling=0.14, value=32914.0
    [iter 522629] reheat + diversify: ceiling=0.13, value=35444.0
    [iter 528382] reheat + diversify: ceiling=0.11, value=45976.0
    [iter 534135] reheat + diversify: ceiling=0.10, value=39058.0
    [iter 539888] reheat + diversify: ceiling=0.09, value=38498.0
    [iter 545641] reheat + diversify: ceiling=0.08, value=44098.0
    [iter 551394] reheat + diversify: ceiling=0.07, value=53899.0
    [iter 557147] reheat + diversify: ceiling=0.07, value=47264.0
    [iter 562900] reheat + diversify: ceiling=0.06, value=52535.0
    [iter 568653] reheat + diversify: ceiling=0.05, value=42853.0
    [iter 574406] reheat + diversify: ceiling=0.05, value=39519.0
    [iter 580159] reheat + diversify: ceiling=0.04, value=41881.0
    [iter 585912] reheat + diversify: ceiling=0.04, value=34752.0
    [iter 591665] reheat + diversify: ceiling=0.04, value=34670.0
    [iter 597418] reheat + diversify: ceiling=0.03, value=39193.0
    [iter 603171] reheat + diversify: ceiling=0.03, value=53003.0
    [iter 608924] reheat + diversify: ceiling=0.03, value=55711.0
    [iter 614677] reheat + diversify: ceiling=0.02, value=42919.0
    [iter 620430] reheat + diversify: ceiling=0.02, value=64039.0
    [iter 626183] reheat + diversify: ceiling=0.02, value=42517.0
    [iter 631936] reheat + diversify: ceiling=0.02, value=44612.0
    [iter 637689] reheat + diversify: ceiling=0.02, value=46724.0
    [iter 643442] reheat + diversify: ceiling=0.01, value=54571.0
    [iter 649195] reheat + diversify: ceiling=0.01, value=40985.0
    [iter 654948] reheat + diversify: ceiling=0.01, value=48842.0
    [iter 660701] reheat + diversify: ceiling=0.01, value=37938.0
    [iter 666454] reheat + diversify: ceiling=0.01, value=37424.0
    [iter 672207] reheat + diversify: ceiling=0.01, value=34024.0
    [iter 677960] reheat + diversify: ceiling=0.01, value=55645.0
    [iter 683713] reheat + diversify: ceiling=0.01, value=37256.0
    [iter 689466] reheat + diversify: ceiling=0.01, value=41041.0
    [iter 695219] reheat + diversify: ceiling=0.01, value=42023.0
    [iter 700972] reheat + diversify: ceiling=0.00, value=31161.0
    [iter 706725] reheat + diversify: ceiling=0.00, value=40929.0
    [iter 712478] reheat + diversify: ceiling=0.00, value=40033.0
    [iter 718231] reheat + diversify: ceiling=0.00, value=34080.0
    [iter 723984] reheat + diversify: ceiling=0.00, value=49590.0
    [iter 729737] reheat + diversify: ceiling=0.00, value=54347.0
    [iter 735490] reheat + diversify: ceiling=0.00, value=44734.0
    [iter 741243] reheat + diversify: ceiling=0.00, value=34248.0
    [iter 746996] reheat + diversify: ceiling=0.00, value=51639.0
    [iter 752749] reheat + diversify: ceiling=0.00, value=44622.0
    [iter 758502] reheat + diversify: ceiling=0.00, value=55645.0
    [iter 764255] reheat + diversify: ceiling=0.00, value=50272.0
    [iter 770008] reheat + diversify: ceiling=0.00, value=40481.0
    [iter 775761] reheat + diversify: ceiling=0.00, value=54413.0
    [iter 781514] reheat + diversify: ceiling=0.00, value=48302.0
    [iter 787267] reheat + diversify: ceiling=0.00, value=54291.0
    [iter 793020] reheat + diversify: ceiling=0.00, value=46981.0
    [iter 798773] reheat + diversify: ceiling=0.00, value=47274.0
    [iter 804526] reheat + diversify: ceiling=0.00, value=50832.0
    [iter 810279] reheat + diversify: ceiling=0.00, value=47676.0
    [iter 816032] reheat + diversify: ceiling=0.00, value=41657.0
    [iter 821785] reheat + diversify: ceiling=0.00, value=49346.0
    [iter 827538] reheat + diversify: ceiling=0.00, value=38666.0
    [iter 833291] reheat + diversify: ceiling=0.00, value=48684.0
    [iter 839044] reheat + diversify: ceiling=0.00, value=59664.0
    [iter 844797] reheat + diversify: ceiling=0.00, value=52983.0
    [iter 850550] reheat + diversify: ceiling=0.00, value=47442.0
    [iter 856303] reheat + diversify: ceiling=0.00, value=32377.0
    [iter 862056] reheat + diversify: ceiling=0.00, value=36116.0
    [iter 867809] reheat + diversify: ceiling=0.00, value=40985.0
    [iter 873562] reheat + diversify: ceiling=0.00, value=43021.0
    [iter 879315] reheat + diversify: ceiling=0.00, value=45571.0
    [iter 885068] reheat + diversify: ceiling=0.00, value=41107.0
    [iter 890821] reheat + diversify: ceiling=0.00, value=45149.0
    [iter 896574] reheat + diversify: ceiling=0.00, value=36462.0
    [iter 902327] reheat + diversify: ceiling=0.00, value=36406.0
    [iter 908080] reheat + diversify: ceiling=0.00, value=43937.0
    [iter 913833] reheat + diversify: ceiling=0.00, value=35490.0
    [iter 919586] reheat + diversify: ceiling=0.00, value=41397.0
    [iter 925339] reheat + diversify: ceiling=0.00, value=36386.0
    [iter 931092] reheat + diversify: ceiling=0.00, value=58768.0
    [iter 936845] reheat + diversify: ceiling=0.00, value=28058.0
    [iter 942598] reheat + diversify: ceiling=0.00, value=42517.0
    [iter 948351] reheat + diversify: ceiling=0.00, value=45347.0
    [iter 954104] reheat + diversify: ceiling=0.00, value=39361.0
    [iter 959857] reheat + diversify: ceiling=0.00, value=41433.0
    [iter 965610] reheat + diversify: ceiling=0.00, value=47126.0
    [iter 971363] reheat + diversify: ceiling=0.00, value=27195.0
    [iter 977116] reheat + diversify: ceiling=0.00, value=33790.0
    [iter 982869] reheat + diversify: ceiling=0.00, value=56854.0
    [iter 988622] reheat + diversify: ceiling=0.00, value=41835.0
    [iter 994375] reheat + diversify: ceiling=0.00, value=33632.0
    [iter 1000128] reheat + diversify: ceiling=0.00, value=43993.0
    [iter 1005881] reheat + diversify: ceiling=0.00, value=47050.0
    [iter 1011634] reheat + diversify: ceiling=0.00, value=34390.0
    [iter 1017387] reheat + diversify: ceiling=0.00, value=32759.0
    [iter 1023140] reheat + diversify: ceiling=0.00, value=45304.0
    [iter 1028893] reheat + diversify: ceiling=0.00, value=47788.0
    [iter 1034646] reheat + diversify: ceiling=0.00, value=54627.0
    [iter 1040399] reheat + diversify: ceiling=0.00, value=46780.0
    [iter 1046152] reheat + diversify: ceiling=0.00, value=31201.0
    [iter 1051905] reheat + diversify: ceiling=0.00, value=42899.0
    [iter 1057658] reheat + diversify: ceiling=0.00, value=40257.0
    [iter 1063411] reheat + diversify: ceiling=0.00, value=53385.0
    [iter 1069164] reheat + diversify: ceiling=0.00, value=46826.0
    [iter 1074917] reheat + diversify: ceiling=0.00, value=34930.0
    [iter 1080670] reheat + diversify: ceiling=0.00, value=46648.0
    [iter 1086423] reheat + diversify: ceiling=0.00, value=54087.0
    [iter 1092176] reheat + diversify: ceiling=0.00, value=42171.0
    [iter 1097929] reheat + diversify: ceiling=0.00, value=57625.0
    [iter 1103682] reheat + diversify: ceiling=0.00, value=45693.0
    [iter 1109435] reheat + diversify: ceiling=0.00, value=42797.0
    [iter 1115188] reheat + diversify: ceiling=0.00, value=44833.0
    [iter 1120941] reheat + diversify: ceiling=0.00, value=45304.0
    [iter 1126694] reheat + diversify: ceiling=0.00, value=48908.0
    [iter 1132447] reheat + diversify: ceiling=0.00, value=39763.0
    [iter 1138200] reheat + diversify: ceiling=0.00, value=38666.0
    [iter 1143953] reheat + diversify: ceiling=0.00, value=39954.0
    [iter 1149706] reheat + diversify: ceiling=0.00, value=41687.0
    [iter 1155459] reheat + diversify: ceiling=0.00, value=51573.0
    [iter 1161212] reheat + diversify: ceiling=0.00, value=38715.0
    [iter 1166965] reheat + diversify: ceiling=0.00, value=28753.0
    [iter 1172718] reheat + diversify: ceiling=0.00, value=53553.0
    [iter 1178471] reheat + diversify: ceiling=0.00, value=50272.0
    [iter 1184224] reheat + diversify: ceiling=0.00, value=42912.0
    [iter 1189977] reheat + diversify: ceiling=0.00, value=44668.0
    [iter 1195730] reheat + diversify: ceiling=0.00, value=47096.0
    [iter 1201483] reheat + diversify: ceiling=0.00, value=35566.0
    [iter 1207236] reheat + diversify: ceiling=0.00, value=40573.0
    [iter 1212989] reheat + diversify: ceiling=0.00, value=40257.0
    [iter 1218742] reheat + diversify: ceiling=0.00, value=43937.0
    [iter 1224495] reheat + diversify: ceiling=0.00, value=52993.0
    [iter 1230248] reheat + diversify: ceiling=0.00, value=43759.0
    [iter 1236001] reheat + diversify: ceiling=0.00, value=47218.0
    [iter 1241754] reheat + diversify: ceiling=0.00, value=57938.0
    [iter 1247507] reheat + diversify: ceiling=0.00, value=45739.0
    [iter 1253260] reheat + diversify: ceiling=0.00, value=51685.0
    [iter 1259013] reheat + diversify: ceiling=0.00, value=63123.0
    [iter 1264766] reheat + diversify: ceiling=0.00, value=48068.0
    [iter 1270519] reheat + diversify: ceiling=0.00, value=34696.0
    [iter 1276272] reheat + diversify: ceiling=0.00, value=37292.0
    [iter 1282025] reheat + diversify: ceiling=0.00, value=47096.0
    [iter 1287778] reheat + diversify: ceiling=0.00, value=54505.0
    [iter 1293531] reheat + diversify: ceiling=0.00, value=47284.0
    [iter 1299284] reheat + diversify: ceiling=0.00, value=43874.0
    [iter 1305037] reheat + diversify: ceiling=0.00, value=41723.0
    [iter 1310790] reheat + diversify: ceiling=0.00, value=36284.0
    [iter 1316543] reheat + diversify: ceiling=0.00, value=52143.0
    [iter 1322296] reheat + diversify: ceiling=0.00, value=41377.0
    [iter 1328049] reheat + diversify: ceiling=0.00, value=47946.0
    [iter 1333802] reheat + diversify: ceiling=0.00, value=54917.0
    [iter 1339555] reheat + diversify: ceiling=0.00, value=45571.0
    [iter 1345308] reheat + diversify: ceiling=0.00, value=38152.0
    [iter 1351061] reheat + diversify: ceiling=0.00, value=43067.0
    [iter 1356814] reheat + diversify: ceiling=0.00, value=48516.0
    [iter 1362567] reheat + diversify: ceiling=0.00, value=53003.0
    [iter 1368320] reheat + diversify: ceiling=0.00, value=47106.0
    [iter 1374073] reheat + diversify: ceiling=0.00, value=42023.0
    [iter 1379826] reheat + diversify: ceiling=0.00, value=43795.0
    [iter 1385579] reheat + diversify: ceiling=0.00, value=43759.0
    [iter 1391332] reheat + diversify: ceiling=0.00, value=35994.0
    [iter 1397085] reheat + diversify: ceiling=0.00, value=31537.0
    [iter 1402838] reheat + diversify: ceiling=0.00, value=43601.0
    [iter 1408591] reheat + diversify: ceiling=0.00, value=54571.0
    [iter 1414344] reheat + diversify: ceiling=0.00, value=37997.0
    [iter 1420097] reheat + diversify: ceiling=0.00, value=54571.0
    [iter 1425850] reheat + diversify: ceiling=0.00, value=50664.0
    [iter 1431603] reheat + diversify: ceiling=0.00, value=54182.0
    [iter 1437356] reheat + diversify: ceiling=0.00, value=37582.0
    [iter 1443109] reheat + diversify: ceiling=0.00, value=53395.0
    [iter 1448862] reheat + diversify: ceiling=0.00, value=42741.0
    [iter 1454615] reheat + diversify: ceiling=0.00, value=54571.0
    [iter 1460368] reheat + diversify: ceiling=0.00, value=51293.0
    [iter 1466121] reheat + diversify: ceiling=0.00, value=41005.0
    [iter 1471874] reheat + diversify: ceiling=0.00, value=52321.0
    [iter 1477627] reheat + diversify: ceiling=0.00, value=53385.0
    [iter 1483380] reheat + diversify: ceiling=0.00, value=39351.0
    [iter 1489133] reheat + diversify: ceiling=0.00, value=29145.0
    [iter 1494886] reheat + diversify: ceiling=0.00, value=48506.0
    [iter 1500639] reheat + diversify: ceiling=0.00, value=39707.0
    [iter 1506392] reheat + diversify: ceiling=0.00, value=48516.0
    [iter 1512145] reheat + diversify: ceiling=0.00, value=46078.0
    [iter 1517898] reheat + diversify: ceiling=0.00, value=44444.0
    [iter 1523651] reheat + diversify: ceiling=0.00, value=35398.0
    [iter 1529404] reheat + diversify: ceiling=0.00, value=37358.0
    [iter 1535157] reheat + diversify: ceiling=0.00, value=42059.0
    [iter 1540910] reheat + diversify: ceiling=0.00, value=51069.0
    [iter 1546663] reheat + diversify: ceiling=0.00, value=49188.0
    [iter 1552416] reheat + diversify: ceiling=0.00, value=43881.0
    [iter 1558169] reheat + diversify: ceiling=0.00, value=56449.0
    [iter 1563922] reheat + diversify: ceiling=0.00, value=42339.0
    [iter 1569675] reheat + diversify: ceiling=0.00, value=31359.0
    [iter 1575428] reheat + diversify: ceiling=0.00, value=52489.0
    [iter 1581181] reheat + diversify: ceiling=0.00, value=29929.0
    [iter 1586934] reheat + diversify: ceiling=0.00, value=40537.0
    [iter 1592687] reheat + diversify: ceiling=0.00, value=48180.0
    [iter 1598440] reheat + diversify: ceiling=0.00, value=43749.0
    [iter 1604193] reheat + diversify: ceiling=0.00, value=49277.0
    [iter 1609946] reheat + diversify: ceiling=0.00, value=42685.0
    [iter 1615699] reheat + diversify: ceiling=0.00, value=51985.0
    [iter 1621452] reheat + diversify: ceiling=0.00, value=34693.0
    [iter 1627205] reheat + diversify: ceiling=0.00, value=41433.0
    [iter 1632958] reheat + diversify: ceiling=0.00, value=42349.0
    [iter 1638711] reheat + diversify: ceiling=0.00, value=29603.0
    [iter 1644464] reheat + diversify: ceiling=0.00, value=40748.0
    [iter 1650217] reheat + diversify: ceiling=0.00, value=49366.0
    [iter 1655970] reheat + diversify: ceiling=0.00, value=65795.0
    [iter 1661723] reheat + diversify: ceiling=0.00, value=53171.0
    [iter 1667476] reheat + diversify: ceiling=0.00, value=46704.0
    [iter 1673229] reheat + diversify: ceiling=0.00, value=54169.0
    [iter 1678982] reheat + diversify: ceiling=0.00, value=54815.0
    [iter 1684735] reheat + diversify: ceiling=0.00, value=43011.0
    [iter 1690488] reheat + diversify: ceiling=0.00, value=40985.0
    [iter 1696241] reheat + diversify: ceiling=0.00, value=49198.0
    [iter 1701994] reheat + diversify: ceiling=0.00, value=45788.0
    [iter 1707747] reheat + diversify: ceiling=0.00, value=54976.0
    [iter 1713500] reheat + diversify: ceiling=0.00, value=54403.0
    [iter 1719253] reheat + diversify: ceiling=0.00, value=57236.0
    [iter 1725006] reheat + diversify: ceiling=0.00, value=41150.0
    [iter 1730759] reheat + diversify: ceiling=0.00, value=46404.0
    [iter 1736512] reheat + diversify: ceiling=0.00, value=42517.0
    [iter 1742265] reheat + diversify: ceiling=0.00, value=43367.0
    [iter 1748018] reheat + diversify: ceiling=0.00, value=36844.0
    [iter 1753771] reheat + diversify: ceiling=0.00, value=44790.0
    [iter 1759524] reheat + diversify: ceiling=0.00, value=50041.0
    [iter 1765277] reheat + diversify: ceiling=0.00, value=54067.0
    [iter 1771030] reheat + diversify: ceiling=0.00, value=41555.0
    [iter 1776783] reheat + diversify: ceiling=0.00, value=47946.0
    [iter 1782536] reheat + diversify: ceiling=0.00, value=47284.0
    [iter 1788289] reheat + diversify: ceiling=0.00, value=53797.0
    [iter 1794042] reheat + diversify: ceiling=0.00, value=39967.0
    [iter 1799795] reheat + diversify: ceiling=0.00, value=43759.0
    [iter 1805548] reheat + diversify: ceiling=0.00, value=58946.0
    [iter 1811301] reheat + diversify: ceiling=0.00, value=33810.0
    [iter 1817054] reheat + diversify: ceiling=0.00, value=42517.0
    [iter 1822807] reheat + diversify: ceiling=0.00, value=43930.0
    [iter 1828560] reheat + diversify: ceiling=0.00, value=43713.0
    [iter 1834313] reheat + diversify: ceiling=0.00, value=25752.0
    [iter 1840066] reheat + diversify: ceiling=0.00, value=48170.0
    [iter 1845819] reheat + diversify: ceiling=0.00, value=43548.0
    [iter 1851572] reheat + diversify: ceiling=0.00, value=42741.0
    [iter 1857325] reheat + diversify: ceiling=0.00, value=43917.0
    [iter 1863078] reheat + diversify: ceiling=0.00, value=48516.0
    [iter 1868831] reheat + diversify: ceiling=0.00, value=60010.0
    [iter 1874584] reheat + diversify: ceiling=0.00, value=53059.0
    [iter 1880337] reheat + diversify: ceiling=0.00, value=51639.0
    [iter 1886090] reheat + diversify: ceiling=0.00, value=58096.0
    [iter 1891843] reheat + diversify: ceiling=0.00, value=44612.0
    [iter 1897596] reheat + diversify: ceiling=0.00, value=46770.0
    [iter 1903349] reheat + diversify: ceiling=0.00, value=53059.0
    [iter 1909102] reheat + diversify: ceiling=0.00, value=41891.0
    [iter 1914855] reheat + diversify: ceiling=0.00, value=61588.0
    [iter 1920608] reheat + diversify: ceiling=0.00, value=34548.0
    [iter 1926361] reheat + diversify: ceiling=0.00, value=53385.0
    [iter 1932114] reheat + diversify: ceiling=0.00, value=31135.0
    [iter 1937867] reheat + diversify: ceiling=0.00, value=39397.0
    [iter 1943620] reheat + diversify: ceiling=0.00, value=49234.0
    [iter 1949373] reheat + diversify: ceiling=0.00, value=50282.0
    [iter 1955126] reheat + diversify: ceiling=0.00, value=37358.0
    [iter 1960879] reheat + diversify: ceiling=0.00, value=39114.0
    [iter 1966632] reheat + diversify: ceiling=0.00, value=37460.0
    [iter 1972385] reheat + diversify: ceiling=0.00, value=42695.0
    [iter 1978138] reheat + diversify: ceiling=0.00, value=42217.0
    [iter 1983891] reheat + diversify: ceiling=0.00, value=32996.0
    [iter 1989644] reheat + diversify: ceiling=0.00, value=43077.0
    [iter 1995397] reheat + diversify: ceiling=0.00, value=53283.0
    [iter 2001150] reheat + diversify: ceiling=0.00, value=54571.0
    [iter 2006903] reheat + diversify: ceiling=0.00, value=49972.0
    [iter 2012656] reheat + diversify: ceiling=0.00, value=41384.0
    [iter 2018409] reheat + diversify: ceiling=0.00, value=45828.0
    [iter 2024162] reheat + diversify: ceiling=0.00, value=46200.0
    [iter 2029915] reheat + diversify: ceiling=0.00, value=54123.0
    [iter 2035668] reheat + diversify: ceiling=0.00, value=44869.0
    [iter 2041421] reheat + diversify: ceiling=0.00, value=30163.0
    [iter 2047174] reheat + diversify: ceiling=0.00, value=52420.0
    [iter 2052927] reheat + diversify: ceiling=0.00, value=47564.0
    [iter 2058680] reheat + diversify: ceiling=0.00, value=48684.0
    [iter 2064433] reheat + diversify: ceiling=0.00, value=51069.0
    [iter 2070186] reheat + diversify: ceiling=0.00, value=31537.0
    [iter 2075939] reheat + diversify: ceiling=0.00, value=35536.0
    [iter 2081692] reheat + diversify: ceiling=0.00, value=37358.0
    [iter 2087445] reheat + diversify: ceiling=0.00, value=36854.0
    [iter 2093198] reheat + diversify: ceiling=0.00, value=48460.0
    [iter 2098951] reheat + diversify: ceiling=0.00, value=39921.0
    [iter 2104704] reheat + diversify: ceiling=0.00, value=49534.0
    [iter 2110457] reheat + diversify: ceiling=0.00, value=45340.0
    [iter 2116210] reheat + diversify: ceiling=0.00, value=40481.0
    [iter 2121963] reheat + diversify: ceiling=0.00, value=44220.0
    [iter 2127716] reheat + diversify: ceiling=0.00, value=55098.0
    [iter 2133469] reheat + diversify: ceiling=0.00, value=50440.0
    [iter 2139222] reheat + diversify: ceiling=0.00, value=43940.0
    [iter 2144975] reheat + diversify: ceiling=0.00, value=42573.0
    [iter 2150728] reheat + diversify: ceiling=0.00, value=54077.0
    [iter 2156481] reheat + diversify: ceiling=0.00, value=59114.0
    [iter 2162234] reheat + diversify: ceiling=0.00, value=38040.0
    [iter 2167987] reheat + diversify: ceiling=0.00, value=52815.0
    [iter 2173740] reheat + diversify: ceiling=0.00, value=56765.0
    [iter 2179493] reheat + diversify: ceiling=0.00, value=39229.0
    [iter 2185246] reheat + diversify: ceiling=0.00, value=38893.0
    [iter 2190999] reheat + diversify: ceiling=0.00, value=43749.0
    [iter 2196752] reheat + diversify: ceiling=0.00, value=34818.0
    [iter 2202505] reheat + diversify: ceiling=0.00, value=41489.0
    [iter 2208258] reheat + diversify: ceiling=0.00, value=41825.0
    [iter 2214011] reheat + diversify: ceiling=0.00, value=44220.0
    [iter 2219764] reheat + diversify: ceiling=0.00, value=44444.0
    [iter 2225517] reheat + diversify: ceiling=0.00, value=51257.0
    [iter 2231270] reheat + diversify: ceiling=0.00, value=49636.0
    [iter 2237023] reheat + diversify: ceiling=0.00, value=47600.0
    [iter 2242776] reheat + diversify: ceiling=0.00, value=44487.0
    [iter 2248529] reheat + diversify: ceiling=0.00, value=45739.0
    [iter 2254282] reheat + diversify: ceiling=0.00, value=46938.0
    [iter 2260035] reheat + diversify: ceiling=0.00, value=50394.0
    [iter 2265788] reheat + diversify: ceiling=0.00, value=33451.0
    [iter 2271541] reheat + diversify: ceiling=0.00, value=40020.0
    [iter 2277294] reheat + diversify: ceiling=0.00, value=43077.0
    [iter 2283047] reheat + diversify: ceiling=0.00, value=43973.0
    [iter 2288800] reheat + diversify: ceiling=0.00, value=52881.0
    [iter 2294553] reheat + diversify: ceiling=0.00, value=59180.0
    [iter 2300306] reheat + diversify: ceiling=0.00, value=47788.0
    [iter 2306059] reheat + diversify: ceiling=0.00, value=31649.0
    [iter 2311812] reheat + diversify: ceiling=0.00, value=54637.0
    [iter 2317565] reheat + diversify: ceiling=0.00, value=35734.0
    [iter 2323318] reheat + diversify: ceiling=0.00, value=56897.0
    [iter 2329071] reheat + diversify: ceiling=0.00, value=51560.0
    [iter 2334824] reheat + diversify: ceiling=0.00, value=40089.0
    [iter 2340577] reheat + diversify: ceiling=0.00, value=37648.0
    [iter 2346330] reheat + diversify: ceiling=0.00, value=58310.0
    [iter 2352083] reheat + diversify: ceiling=0.00, value=41209.0
    [iter 2357836] reheat + diversify: ceiling=0.00, value=44329.0
    [iter 2363589] reheat + diversify: ceiling=0.00, value=37648.0
    [iter 2369342] reheat + diversify: ceiling=0.00, value=42013.0
    [iter 2375095] reheat + diversify: ceiling=0.00, value=32202.0
    [iter 2380848] reheat + diversify: ceiling=0.00, value=42863.0
    [iter 2386601] reheat + diversify: ceiling=0.00, value=63571.0
    [iter 2392354] reheat + diversify: ceiling=0.00, value=46602.0
    [iter 2398107] reheat + diversify: ceiling=0.00, value=42471.0
    [iter 2403860] reheat + diversify: ceiling=0.00, value=58030.0
    [iter 2409613] reheat + diversify: ceiling=0.00, value=54469.0
    [iter 2415366] reheat + diversify: ceiling=0.00, value=48460.0
    [iter 2421119] reheat + diversify: ceiling=0.00, value=54851.0
    [iter 2426872] reheat + diversify: ceiling=0.00, value=45281.0
    [iter 2432625] reheat + diversify: ceiling=0.00, value=42863.0
    [iter 2438378] reheat + diversify: ceiling=0.00, value=38936.0
    [iter 2444131] reheat + diversify: ceiling=0.00, value=46882.0
    [iter 2449884] reheat + diversify: ceiling=0.00, value=35322.0
    [iter 2455637] reheat + diversify: ceiling=0.00, value=46770.0
    [iter 2461390] reheat + diversify: ceiling=0.00, value=45854.0
    [iter 2467143] reheat + diversify: ceiling=0.00, value=47218.0
    [iter 2472896] reheat + diversify: ceiling=0.00, value=40883.0
    [iter 2478649] reheat + diversify: ceiling=0.00, value=60010.0
    [iter 2484402] reheat + diversify: ceiling=0.00, value=47564.0
    [iter 2490155] reheat + diversify: ceiling=0.00, value=40603.0
    [iter 2495908] reheat + diversify: ceiling=0.00, value=40590.0
    [iter 2501661] reheat + diversify: ceiling=0.00, value=40817.0
    [iter 2507414] reheat + diversify: ceiling=0.00, value=66299.0
    [iter 2513167] reheat + diversify: ceiling=0.00, value=44108.0
    [iter 2518920] reheat + diversify: ceiling=0.00, value=57358.0
    [iter 2524673] reheat + diversify: ceiling=0.00, value=36340.0
    [iter 2530426] reheat + diversify: ceiling=0.00, value=54749.0
    [iter 2536179] reheat + diversify: ceiling=0.00, value=32947.0
    [iter 2541932] reheat + diversify: ceiling=0.00, value=30341.0
    [iter 2547685] reheat + diversify: ceiling=0.00, value=46602.0
    [iter 2553438] reheat + diversify: ceiling=0.00, value=42023.0
    [iter 2559191] reheat + diversify: ceiling=0.00, value=43637.0
    [iter 2564944] reheat + diversify: ceiling=0.00, value=48134.0
    [iter 2570697] reheat + diversify: ceiling=0.00, value=32983.0
    [iter 2576450] reheat + diversify: ceiling=0.00, value=48302.0
    [iter 2582203] reheat + diversify: ceiling=0.00, value=45347.0
    [iter 2587956] reheat + diversify: ceiling=0.00, value=36956.0
    [iter 2593709] reheat + diversify: ceiling=0.00, value=32492.0
    [iter 2599462] reheat + diversify: ceiling=0.00, value=40537.0
    [iter 2605215] reheat + diversify: ceiling=0.00, value=41555.0
    [iter 2610968] reheat + diversify: ceiling=0.00, value=59226.0
    [iter 2616721] reheat + diversify: ceiling=0.00, value=39763.0
    [iter 2622474] reheat + diversify: ceiling=0.00, value=45528.0
    [iter 2628227] reheat + diversify: ceiling=0.00, value=48480.0
    [iter 2633980] reheat + diversify: ceiling=0.00, value=47274.0
    [iter 2639733] reheat + diversify: ceiling=0.00, value=42797.0
    [iter 2645486] reheat + diversify: ceiling=0.00, value=46546.0
    [iter 2651239] reheat + diversify: ceiling=0.00, value=42023.0
    [iter 2656992] reheat + diversify: ceiling=0.00, value=54607.0
    [iter 2662745] reheat + diversify: ceiling=0.00, value=44833.0
    [iter 2668498] reheat + diversify: ceiling=0.00, value=37012.0
    [iter 2674251] reheat + diversify: ceiling=0.00, value=48750.0
    [iter 2680004] reheat + diversify: ceiling=0.00, value=49926.0
    [iter 2685757] reheat + diversify: ceiling=0.00, value=34976.0
    [iter 2691510] reheat + diversify: ceiling=0.00, value=39114.0
    [iter 2697263] reheat + diversify: ceiling=0.00, value=41150.0
    [iter 2703016] reheat + diversify: ceiling=0.00, value=55467.0
    [iter 2708769] reheat + diversify: ceiling=0.00, value=55879.0
    [iter 2714522] reheat + diversify: ceiling=0.00, value=42853.0
    [iter 2720275] reheat + diversify: ceiling=0.00, value=53339.0
    [iter 2726028] reheat + diversify: ceiling=0.00, value=49198.0
    [iter 2731781] reheat + diversify: ceiling=0.00, value=43087.0
    [iter 2737534] reheat + diversify: ceiling=0.00, value=60010.0
    [iter 2743287] reheat + diversify: ceiling=0.00, value=43235.0
    [iter 2749040] reheat + diversify: ceiling=0.00, value=55141.0
    [iter 2754793] reheat + diversify: ceiling=0.00, value=51797.0
    [iter 2760546] reheat + diversify: ceiling=0.00, value=49926.0
    [iter 2766299] reheat + diversify: ceiling=0.00, value=45864.0
    [iter 2772052] reheat + diversify: ceiling=0.00, value=44833.0
    [iter 2775941] *** NEW BEST: value 73876.0, boxes 19/40, T=1902.6, elapsed=627.2s
    [iter 2781694] reheat + diversify: ceiling=0.00, value=47086.0
    [iter 2787447] reheat + diversify: ceiling=0.00, value=51985.0
    [iter 2793200] reheat + diversify: ceiling=0.00, value=56116.0
    [iter 2798953] reheat + diversify: ceiling=0.00, value=37358.0
    [iter 2804706] reheat + diversify: ceiling=0.00, value=46546.0
    [iter 2810459] reheat + diversify: ceiling=0.00, value=42082.0
    [iter 2816212] reheat + diversify: ceiling=0.00, value=34930.0
    [iter 2821965] reheat + diversify: ceiling=0.00, value=43591.0
    [iter 2827718] reheat + diversify: ceiling=0.00, value=45696.0
    [iter 2833471] reheat + diversify: ceiling=0.00, value=47254.0
    [iter 2839224] reheat + diversify: ceiling=0.00, value=35286.0
    [iter 2844977] reheat + diversify: ceiling=0.00, value=60860.0
    [iter 2850730] reheat + diversify: ceiling=0.00, value=40883.0
    [iter 2856483] reheat + diversify: ceiling=0.00, value=54637.0
    [iter 2862236] reheat + diversify: ceiling=0.00, value=34571.0
    [iter 2867989] reheat + diversify: ceiling=0.00, value=41107.0
    [iter 2873742] reheat + diversify: ceiling=0.00, value=48272.0
    [iter 2879495] reheat + diversify: ceiling=0.00, value=57012.0
    [iter 2885248] reheat + diversify: ceiling=0.00, value=59374.0
    [iter 2891001] reheat + diversify: ceiling=0.00, value=45370.0
    [iter 2896754] reheat + diversify: ceiling=0.00, value=49379.0
    [iter 2902507] reheat + diversify: ceiling=0.00, value=45976.0
    [iter 2908260] reheat + diversify: ceiling=0.00, value=50947.0
    [iter 2914013] reheat + diversify: ceiling=0.00, value=36060.0
    [iter 2919766] reheat + diversify: ceiling=0.00, value=48684.0
    [iter 2925519] reheat + diversify: ceiling=0.00, value=40425.0
    [iter 2931272] reheat + diversify: ceiling=0.00, value=47462.0
    [iter 2937025] reheat + diversify: ceiling=0.00, value=51066.0
    [iter 2942778] reheat + diversify: ceiling=0.00, value=53385.0
    [iter 2948531] reheat + diversify: ceiling=0.00, value=39901.0
    [iter 2954284] reheat + diversify: ceiling=0.00, value=44095.0
    [iter 2960037] reheat + diversify: ceiling=0.00, value=42797.0
    [iter 2965790] reheat + diversify: ceiling=0.00, value=36096.0
    [iter 2971543] reheat + diversify: ceiling=0.00, value=43469.0
    [iter 2977296] reheat + diversify: ceiling=0.00, value=58758.0
    [iter 2983049] reheat + diversify: ceiling=0.00, value=42741.0
    [iter 2988802] reheat + diversify: ceiling=0.00, value=36844.0
    [iter 2994555] reheat + diversify: ceiling=0.00, value=37806.0
    [iter 3000308] reheat + diversify: ceiling=0.00, value=44266.0
    [iter 3006061] reheat + diversify: ceiling=0.00, value=48480.0
    [iter 3011814] reheat + diversify: ceiling=0.00, value=44052.0
    [iter 3017567] reheat + diversify: ceiling=0.00, value=40919.0
    [iter 3023320] reheat + diversify: ceiling=0.00, value=42787.0
    [iter 3029073] reheat + diversify: ceiling=0.00, value=51293.0
    [iter 3034826] reheat + diversify: ceiling=0.00, value=42853.0
    [iter 3040579] reheat + diversify: ceiling=0.00, value=35546.0
    [iter 3046332] reheat + diversify: ceiling=0.00, value=46200.0
    [iter 3052085] reheat + diversify: ceiling=0.00, value=40293.0
    [iter 3057838] reheat + diversify: ceiling=0.00, value=39107.0
    [iter 3063591] reheat + diversify: ceiling=0.00, value=48091.0
    [iter 3069344] reheat + diversify: ceiling=0.00, value=56001.0
    [iter 3075097] reheat + diversify: ceiling=0.00, value=51639.0
    [iter 3080850] reheat + diversify: ceiling=0.00, value=47284.0
    [iter 3086603] reheat + diversify: ceiling=0.00, value=45182.0
    [iter 3092356] reheat + diversify: ceiling=0.00, value=50397.0
    [iter 3098109] reheat + diversify: ceiling=0.00, value=39519.0
    [iter 3103862] reheat + diversify: ceiling=0.00, value=72242.0
    [iter 3109615] reheat + diversify: ceiling=0.00, value=46154.0
    [iter 3115368] reheat + diversify: ceiling=0.00, value=63973.0
    [iter 3121121] reheat + diversify: ceiling=0.00, value=39229.0
    [iter 3126874] reheat + diversify: ceiling=0.00, value=52871.0
    [iter 3132627] reheat + diversify: ceiling=0.00, value=43772.0
    [iter 3138380] reheat + diversify: ceiling=0.00, value=37638.0
    [iter 3144133] reheat + diversify: ceiling=0.00, value=51975.0
    [iter 3149886] reheat + diversify: ceiling=0.00, value=45910.0
    [iter 3155639] reheat + diversify: ceiling=0.00, value=53507.0
    [iter 3161392] reheat + diversify: ceiling=0.00, value=40639.0
    [iter 3167145] reheat + diversify: ceiling=0.00, value=49346.0
    [iter 3172898] reheat + diversify: ceiling=0.00, value=48338.0
    [iter 3178651] reheat + diversify: ceiling=0.00, value=50275.0
    [iter 3184404] reheat + diversify: ceiling=0.00, value=46134.0
    [iter 3190157] reheat + diversify: ceiling=0.00, value=39351.0
    [iter 3195910] reheat + diversify: ceiling=0.00, value=42761.0
    [iter 3201663] reheat + diversify: ceiling=0.00, value=41657.0
    [iter 3207416] reheat + diversify: ceiling=0.00, value=53899.0
    [iter 3213169] reheat + diversify: ceiling=0.00, value=43199.0
    [iter 3218922] reheat + diversify: ceiling=0.00, value=44329.0
    [iter 3224675] reheat + diversify: ceiling=0.00, value=42395.0
    [iter 3230428] reheat + diversify: ceiling=0.00, value=46312.0
    [iter 3236181] reheat + diversify: ceiling=0.00, value=47900.0
    [iter 3241934] reheat + diversify: ceiling=0.00, value=51227.0
    [iter 3247687] reheat + diversify: ceiling=0.00, value=43413.0
    [iter 3253440] reheat + diversify: ceiling=0.00, value=47096.0
    [iter 3259193] reheat + diversify: ceiling=0.00, value=50677.0
    [iter 3264946] reheat + diversify: ceiling=0.00, value=42059.0
    [iter 3270699] reheat + diversify: ceiling=0.00, value=53059.0
    [iter 3276452] reheat + diversify: ceiling=0.00, value=49702.0
    [iter 3282205] reheat + diversify: ceiling=0.00, value=40369.0
    [iter 3287958] reheat + diversify: ceiling=0.00, value=32021.0
    [iter 3293711] reheat + diversify: ceiling=0.00, value=45159.0
    [iter 3299464] reheat + diversify: ceiling=0.00, value=43143.0
    [iter 3305217] reheat + diversify: ceiling=0.00, value=53273.0
    [iter 3310970] reheat + diversify: ceiling=0.00, value=50272.0
    [iter 3316723] reheat + diversify: ceiling=0.00, value=40132.0
    [iter 3322476] reheat + diversify: ceiling=0.00, value=60010.0
    [iter 3328229] reheat + diversify: ceiling=0.00, value=47610.0
    [iter 3333982] reheat + diversify: ceiling=0.00, value=43525.0
    [iter 3339735] reheat + diversify: ceiling=0.00, value=44510.0
    [iter 3345488] reheat + diversify: ceiling=0.00, value=39562.0
    [iter 3351241] reheat + diversify: ceiling=0.00, value=44675.0
    [iter 3356994] reheat + diversify: ceiling=0.00, value=44678.0
    [iter 3362747] reheat + diversify: ceiling=0.00, value=66523.0
    [iter 3368500] reheat + diversify: ceiling=0.00, value=50048.0
    [iter 3374253] reheat + diversify: ceiling=0.00, value=47732.0
    [iter 3380006] reheat + diversify: ceiling=0.00, value=60926.0
    [iter 3385759] reheat + diversify: ceiling=0.00, value=47050.0
    [iter 3391512] reheat + diversify: ceiling=0.00, value=42339.0
    [iter 3397265] reheat + diversify: ceiling=0.00, value=59496.0
    [iter 3403018] reheat + diversify: ceiling=0.00, value=42161.0
    [iter 3408771] reheat + diversify: ceiling=0.00, value=49198.0
    [iter 3414524] reheat + diversify: ceiling=0.00, value=54123.0
    [iter 3420277] reheat + diversify: ceiling=0.00, value=38152.0
    [iter 3426030] reheat + diversify: ceiling=0.00, value=41107.0
    [iter 3431783] reheat + diversify: ceiling=0.00, value=38277.0
    [iter 3437536] reheat + diversify: ceiling=0.00, value=63693.0
    [iter 3443289] reheat + diversify: ceiling=0.00, value=46042.0
    [iter 3449042] reheat + diversify: ceiling=0.00, value=48229.0
    [iter 3454795] reheat + diversify: ceiling=0.00, value=52657.0
    [iter 3460548] reheat + diversify: ceiling=0.00, value=61588.0
    [iter 3466301] reheat + diversify: ceiling=0.00, value=41377.0
    [iter 3472054] reheat + diversify: ceiling=0.00, value=46928.0
    [iter 3477807] reheat + diversify: ceiling=0.00, value=48249.0
    [iter 3483560] reheat + diversify: ceiling=0.00, value=35154.0
    [iter 3489313] reheat + diversify: ceiling=0.00, value=40985.0
    [iter 3495066] reheat + diversify: ceiling=0.00, value=54571.0
    [iter 3500819] reheat + diversify: ceiling=0.00, value=38218.0
    [iter 3506572] reheat + diversify: ceiling=0.00, value=38956.0
    [iter 3512325] reheat + diversify: ceiling=0.00, value=48236.0
    [iter 3518078] reheat + diversify: ceiling=0.00, value=38702.0
    [iter 3523831] reheat + diversify: ceiling=0.00, value=36284.0
    [iter 3529584] reheat + diversify: ceiling=0.00, value=43815.0
    [iter 3535337] reheat + diversify: ceiling=0.00, value=43021.0
    [iter 3541090] reheat + diversify: ceiling=0.00, value=45706.0
    [iter 3546843] reheat + diversify: ceiling=0.00, value=40593.0
    [iter 3552596] reheat + diversify: ceiling=0.00, value=44833.0
    [iter 3558349] reheat + diversify: ceiling=0.00, value=65673.0
    [iter 3564102] reheat + diversify: ceiling=0.00, value=37763.0
    [iter 3569855] reheat + diversify: ceiling=0.00, value=43917.0
    [iter 3575608] reheat + diversify: ceiling=0.00, value=41489.0
    [iter 3581361] reheat + diversify: ceiling=0.00, value=47600.0
    [iter 3587114] reheat + diversify: ceiling=0.00, value=44734.0
    [iter 3592867] reheat + diversify: ceiling=0.00, value=44833.0
    [iter 3598620] reheat + diversify: ceiling=0.00, value=47152.0
    [iter 3604373] reheat + diversify: ceiling=0.00, value=36752.0
    [iter 3610126] reheat + diversify: ceiling=0.00, value=41163.0
    [iter 3615879] reheat + diversify: ceiling=0.00, value=54245.0
    [iter 3621632] reheat + diversify: ceiling=0.00, value=33912.0
    [iter 3627385] reheat + diversify: ceiling=0.00, value=44217.0
    [iter 3633138] reheat + diversify: ceiling=0.00, value=35892.0
    [iter 3638891] reheat + diversify: ceiling=0.00, value=47778.0
    [iter 3644644] reheat + diversify: ceiling=0.00, value=53395.0
    [iter 3650397] reheat + diversify: ceiling=0.00, value=50150.0
    [iter 3656150] reheat + diversify: ceiling=0.00, value=33698.0
    [iter 3661903] reheat + diversify: ceiling=0.00, value=55879.0
    [iter 3667656] reheat + diversify: ceiling=0.00, value=51023.0
    [iter 3673409] reheat + diversify: ceiling=0.00, value=54057.0
    [iter 3679162] reheat + diversify: ceiling=0.00, value=48526.0
    [iter 3684915] reheat + diversify: ceiling=0.00, value=41723.0
    [iter 3690668] reheat + diversify: ceiling=0.00, value=40537.0
    [iter 3696421] reheat + diversify: ceiling=0.00, value=53385.0
    [iter 3702174] reheat + diversify: ceiling=0.00, value=48348.0
    [iter 3707927] reheat + diversify: ceiling=0.00, value=47442.0
    [iter 3713680] reheat + diversify: ceiling=0.00, value=34126.0
    [iter 3719433] reheat + diversify: ceiling=0.00, value=57750.0
    [iter 3725186] reheat + diversify: ceiling=0.00, value=54245.0
    [iter 3730939] reheat + diversify: ceiling=0.00, value=43825.0
    [iter 3736692] reheat + diversify: ceiling=0.00, value=43255.0
    [iter 3742445] reheat + diversify: ceiling=0.00, value=48516.0
    [iter 3748198] reheat + diversify: ceiling=0.00, value=55711.0
    [iter 3753951] reheat + diversify: ceiling=0.00, value=39470.0
    [iter 3759704] reheat + diversify: ceiling=0.00, value=36521.0
    [iter 3765457] reheat + diversify: ceiling=0.00, value=58768.0
    [iter 3771210] reheat + diversify: ceiling=0.00, value=37707.0
    [iter 3776963] reheat + diversify: ceiling=0.00, value=47880.0
    [iter 3782716] reheat + diversify: ceiling=0.00, value=38633.0
    [iter 3788469] reheat + diversify: ceiling=0.00, value=43202.0
    [iter 3794222] reheat + diversify: ceiling=0.00, value=46602.0
    [iter 3799975] reheat + diversify: ceiling=0.00, value=54571.0
    [iter 3805728] reheat + diversify: ceiling=0.00, value=43357.0
    [iter 3811481] reheat + diversify: ceiling=0.00, value=49030.0
    [iter 3817234] reheat + diversify: ceiling=0.00, value=49659.0
    [iter 3822987] reheat + diversify: ceiling=0.00, value=55365.0
    [iter 3828740] reheat + diversify: ceiling=0.00, value=51995.0
    [iter 3834493] reheat + diversify: ceiling=0.00, value=43403.0
    [iter 3840246] reheat + diversify: ceiling=0.00, value=34874.0
    [iter 3845999] reheat + diversify: ceiling=0.00, value=49376.0
    [iter 3851752] reheat + diversify: ceiling=0.00, value=47600.0
    [iter 3857505] reheat + diversify: ceiling=0.00, value=39677.0
    [iter 3863258] reheat + diversify: ceiling=0.00, value=36880.0
    [iter 3869011] reheat + diversify: ceiling=0.00, value=42856.0
    [iter 3874764] reheat + diversify: ceiling=0.00, value=43779.0
    [iter 3880517] reheat + diversify: ceiling=0.00, value=45798.0
    [iter 3886270] reheat + diversify: ceiling=0.00, value=41051.0
    [iter 3892023] reheat + diversify: ceiling=0.00, value=60122.0
    [iter 3897776] reheat + diversify: ceiling=0.00, value=56854.0
    [iter 3903529] reheat + diversify: ceiling=0.00, value=44095.0
    [iter 3909282] reheat + diversify: ceiling=0.00, value=48170.0
    [iter 3915035] reheat + diversify: ceiling=0.00, value=57938.0
    [iter 3920788] reheat + diversify: ceiling=0.00, value=59104.0
    [iter 3926541] reheat + diversify: ceiling=0.00, value=36976.0
    [iter 3932294] reheat + diversify: ceiling=0.00, value=56225.0
    [iter 3938047] reheat + diversify: ceiling=0.00, value=46602.0
    [iter 3943800] reheat + diversify: ceiling=0.00, value=43591.0
    [iter 3949553] reheat + diversify: ceiling=0.00, value=54973.0
    [iter 3955306] reheat + diversify: ceiling=0.00, value=36920.0
    [iter 3961059] reheat + diversify: ceiling=0.00, value=44263.0
    [iter 3966812] reheat + diversify: ceiling=0.00, value=39229.0
    [iter 3972565] reheat + diversify: ceiling=0.00, value=47956.0
    [iter 3978318] reheat + diversify: ceiling=0.00, value=42181.0
    [iter 3984071] reheat + diversify: ceiling=0.00, value=50163.0
    [iter 3989824] reheat + diversify: ceiling=0.00, value=35200.0
    [iter 3995577] reheat + diversify: ceiling=0.00, value=53227.0
    [iter 4001330] reheat + diversify: ceiling=0.00, value=53082.0
    [iter 4007083] reheat + diversify: ceiling=0.00, value=44948.0
    [iter 4012836] reheat + diversify: ceiling=0.00, value=53777.0
    [iter 4018589] reheat + diversify: ceiling=0.00, value=37259.0
    [iter 4024342] reheat + diversify: ceiling=0.00, value=52815.0
    [iter 4030095] reheat + diversify: ceiling=0.00, value=51290.0
    [iter 4035848] reheat + diversify: ceiling=0.00, value=49145.0
    [iter 4041601] reheat + diversify: ceiling=0.00, value=38610.0
    [iter 4047354] reheat + diversify: ceiling=0.00, value=49534.0
    [iter 4053107] reheat + diversify: ceiling=0.00, value=45581.0
    [iter 4058860] reheat + diversify: ceiling=0.00, value=43601.0
    [iter 4064613] reheat + diversify: ceiling=0.00, value=59618.0
    [iter 4070366] reheat + diversify: ceiling=0.00, value=50209.0
    [iter 4076119] reheat + diversify: ceiling=0.00, value=46872.0
  time limit reached at iteration 4079341
  SA finished: 4079341 iterations in 900.0s (4533 it/s), accepted 2928543 (71.8%), rejected 1150797, neutral 2459290 (60.3%), worsening accepted 29.0%, no-move draws 0, reheats 706
  SA: value 73876.0 (greedy 70552.0, +3324.0), bound 80264.0, gap 7.96%, util 89.0%
  report -> /home/mcaspar/3DMHKP/results_3DMHKP_ep3/ep3-40-L-C-50-3DMHKP-SA-a0.999-r0.25-t900s.txt

================================================================================================
SUMMARY
================================================================================================
instance      boxes  packed       greedy     SA value        bound      gap    util    iters    time
------------------------------------------------------------------------------------------------
ep3-40-L-C-50     40      19      70552.0      73876.0      80264.0    8.0%   89.0%  4079341  900.0s
------------------------------------------------------------------------------------------------
proven optimal (value reaches the upper bound): 0/1
improved over greedy: 1/1 (total value 70552.0 -> 73876.0, +4.71%)
mean gap to 0-1 knapsack bound: 8.0%
mean volume utilization: 89.0%
