============================================================
  Solver:     3DMHKP-SA.py
  Instance:   /home/mcaspar/3DMHKP/Egeblad/ep3-60-D-C-90.txt
  Value mode: flat
  Timelimit:  300s
  Reports:    /home/mcaspar/3DMHKP/results_3DMHKP_ep3
  CPUs:       1
============================================================
======================================================================
3DMHKP Simulated Annealing (random single-neighbour, sequence decoder)
SA params: T0=5% of f(S_0), alpha=0.999, T_min=0.001, reheat_threshold=5753, reheat_fraction=0.25
Move weights: {'relocate': 0.0, 'swap': 1.0, '2opt': 0.0, 'promote': 1.5, 'demote': 1.5, 'orient': 1.0, 'container': 0.5}
Time limit: 300.0s per instance, seed 1036379430
======================================================================

======================================================================
ep3-60-D-C-90: 60 boxes (5 types), 1 containers (1 types)
  0-1 knapsack bound: 129504.0 (continuous relaxation: 129925.1)
  initial (value-density) decode: value 105600.0 (44/60 boxes)
  T0 = 2280.4 (calibrated, 253 worsening draws, target accept 35%)
  schedule: time-based, T0 -> 519.85 over 300s
    [iter 5753] reheat + diversify: ceiling=570.10, value=79140.0
    [iter 11506] reheat + diversify: ceiling=513.09, value=83928.0
    [iter 17259] reheat + diversify: ceiling=461.78, value=90354.0
    [iter 23012] reheat + diversify: ceiling=415.60, value=71652.0
    [iter 28765] reheat + diversify: ceiling=374.04, value=77124.0
    [iter 34518] reheat + diversify: ceiling=336.64, value=84504.0
    [iter 40271] reheat + diversify: ceiling=302.97, value=83928.0
    [iter 46024] reheat + diversify: ceiling=272.68, value=79410.0
    [iter 51777] reheat + diversify: ceiling=245.41, value=88338.0
    [iter 57530] reheat + diversify: ceiling=220.87, value=81534.0
    [iter 63283] reheat + diversify: ceiling=198.78, value=84504.0
    [iter 69036] reheat + diversify: ceiling=178.90, value=83550.0
    [iter 74789] reheat + diversify: ceiling=161.01, value=66486.0
    [iter 80542] reheat + diversify: ceiling=144.91, value=91110.0
    [iter 86295] reheat + diversify: ceiling=130.42, value=93324.0
    [iter 92048] reheat + diversify: ceiling=117.38, value=68304.0
    [iter 97801] reheat + diversify: ceiling=105.64, value=83550.0
    [iter 103554] reheat + diversify: ceiling=95.08, value=88338.0
    [iter 109307] reheat + diversify: ceiling=85.57, value=84504.0
    [iter 115060] reheat + diversify: ceiling=77.01, value=85944.0
    [iter 120813] reheat + diversify: ceiling=69.31, value=89292.0
    [iter 126566] reheat + diversify: ceiling=62.38, value=82488.0
    [iter 132319] reheat + diversify: ceiling=56.14, value=83928.0
    [iter 138072] reheat + diversify: ceiling=50.53, value=83928.0
    [iter 143825] reheat + diversify: ceiling=45.47, value=83064.0
    [iter 149578] reheat + diversify: ceiling=40.93, value=96780.0
    [iter 155331] reheat + diversify: ceiling=36.83, value=86142.0
    [iter 161084] reheat + diversify: ceiling=33.15, value=78762.0
    [iter 166837] reheat + diversify: ceiling=29.84, value=82488.0
    [iter 172590] reheat + diversify: ceiling=26.85, value=92370.0
    [iter 178343] reheat + diversify: ceiling=24.17, value=82110.0
    [iter 184096] reheat + diversify: ceiling=21.75, value=88914.0
    [iter 189849] reheat + diversify: ceiling=19.58, value=87582.0
    [iter 195602] reheat + diversify: ceiling=17.62, value=90354.0
    [iter 201355] reheat + diversify: ceiling=15.86, value=86520.0
    [iter 207108] reheat + diversify: ceiling=14.27, value=86898.0
    [iter 212861] reheat + diversify: ceiling=12.84, value=98796.0
    [iter 218614] reheat + diversify: ceiling=11.56, value=82488.0
    [iter 224367] reheat + diversify: ceiling=10.40, value=86898.0
    [iter 230120] reheat + diversify: ceiling=9.36, value=88914.0
    [iter 235873] reheat + diversify: ceiling=8.43, value=81048.0
    [iter 241626] reheat + diversify: ceiling=7.58, value=92370.0
    [iter 247379] reheat + diversify: ceiling=6.83, value=89976.0
    [iter 253132] reheat + diversify: ceiling=6.14, value=85566.0
    [iter 258885] reheat + diversify: ceiling=5.53, value=86142.0
    [iter 264638] reheat + diversify: ceiling=4.98, value=85944.0
    [iter 270391] reheat + diversify: ceiling=4.48, value=80292.0
    [iter 276144] reheat + diversify: ceiling=4.03, value=82110.0
    [iter 281897] reheat + diversify: ceiling=3.63, value=92370.0
    [iter 287650] reheat + diversify: ceiling=3.26, value=88914.0
    [iter 293403] reheat + diversify: ceiling=2.94, value=91992.0
    [iter 299156] reheat + diversify: ceiling=2.64, value=94764.0
  time limit reached at iteration 299458
  SA finished: 299458 iterations in 300.0s (998 it/s), accepted 196950 (65.8%), rejected 102507, neutral 182929 (61.1%), worsening accepted 12.0%, no-move draws 0, reheats 52
  SA: value 105600.0 (greedy 105600.0, +0.0), bound 129504.0, gap 18.46%, util 70.3%
  report -> /home/mcaspar/3DMHKP/results_3DMHKP_ep3/ep3-60-D-C-90-3DMHKP-SA-a0.999-r0.25-t300s.txt

================================================================================================
SUMMARY
================================================================================================
instance      boxes  packed       greedy     SA value        bound      gap    util    iters    time
------------------------------------------------------------------------------------------------
ep3-60-D-C-90     60      44     105600.0     105600.0     129504.0   18.5%   70.3%   299458  300.0s
------------------------------------------------------------------------------------------------
proven optimal (value reaches the upper bound): 0/1
improved over greedy: 0/1 (total value 105600.0 -> 105600.0, +0.00%)
mean gap to 0-1 knapsack bound: 18.5%
mean volume utilization: 70.3%
