============================================================
  Solver:     3DMHKP-SA.py
  Instance:   /home/mcaspar/3DMHKP/Egeblad/ep3-20-C-R-90.txt
  Value mode: flat
  Timelimit:  300s
  Reports:    /home/mcaspar/3DMHKP/results_3DMHKP_ep3
  CPUs:       1
============================================================
======================================================================
3DMHKP Simulated Annealing (random single-neighbour, sequence decoder)
SA params: T0=5% of f(S_0), alpha=0.999, T_min=0.001, reheat_threshold=5753, reheat_fraction=0.25
Move weights: {'relocate': 0.0, 'swap': 1.0, '2opt': 0.0, 'promote': 1.5, 'demote': 1.5, 'orient': 1.0, 'container': 0.5}
Time limit: 300.0s per instance, seed 500083802
======================================================================

======================================================================
ep3-20-C-R-90: 20 boxes (18 types), 1 containers (1 types)
  0-1 knapsack bound: 118927.0 (continuous relaxation: 119984.7)
  initial (value-density) decode: value 29162.0 (12/20 boxes)
  T0 = 12827.9 (calibrated, 36 worsening draws, target accept 35%)
  schedule: time-based, T0 -> 2924.32 over 300s
    [iter 1] *** NEW BEST: value 66506.0, boxes 14/20, T=12827.9, elapsed=0.1s
    [iter 7] *** NEW BEST: value 66844.0, boxes 14/20, T=12821.3, elapsed=0.1s
    [iter 5760] reheat + diversify: ceiling=3206.97, value=54486.0
    [iter 11513] reheat + diversify: ceiling=2886.27, value=45366.0
    [iter 17266] reheat + diversify: ceiling=2597.65, value=44257.0
    [iter 23019] reheat + diversify: ceiling=2337.88, value=56217.0
    [iter 28772] reheat + diversify: ceiling=2104.09, value=54639.0
    [iter 34525] reheat + diversify: ceiling=1893.68, value=46275.0
    [iter 40278] reheat + diversify: ceiling=1704.32, value=47097.0
    [iter 46031] reheat + diversify: ceiling=1533.88, value=45704.0
    [iter 51784] reheat + diversify: ceiling=1380.50, value=51167.0
    [iter 57537] reheat + diversify: ceiling=1242.45, value=54824.0
    [iter 63290] reheat + diversify: ceiling=1118.20, value=46759.0
    [iter 69043] reheat + diversify: ceiling=1006.38, value=41296.0
    [iter 74796] reheat + diversify: ceiling=905.74, value=58955.0
    [iter 80549] reheat + diversify: ceiling=815.17, value=59949.0
    [iter 86302] reheat + diversify: ceiling=733.65, value=50231.0
    [iter 92055] reheat + diversify: ceiling=660.29, value=34735.0
    [iter 97808] reheat + diversify: ceiling=594.26, value=60287.0
    [iter 103561] reheat + diversify: ceiling=534.83, value=41449.0
    [iter 109314] reheat + diversify: ceiling=481.35, value=46759.0
    [iter 115067] reheat + diversify: ceiling=433.21, value=41296.0
    [iter 120820] reheat + diversify: ceiling=389.89, value=39718.0
    [iter 126573] reheat + diversify: ceiling=350.90, value=57724.0
    [iter 132326] reheat + diversify: ceiling=315.81, value=58955.0
    [iter 138079] reheat + diversify: ceiling=284.23, value=55879.0
    [iter 143832] reheat + diversify: ceiling=255.81, value=39903.0
    [iter 149585] reheat + diversify: ceiling=230.23, value=60287.0
    [iter 155338] reheat + diversify: ceiling=207.21, value=47576.0
    [iter 161091] reheat + diversify: ceiling=186.48, value=47097.0
    [iter 166844] reheat + diversify: ceiling=167.84, value=51923.0
    [iter 172597] reheat + diversify: ceiling=151.05, value=54486.0
    [iter 178350] reheat + diversify: ceiling=135.95, value=38456.0
    [iter 184103] reheat + diversify: ceiling=122.35, value=49318.0
    [iter 189856] reheat + diversify: ceiling=110.12, value=53039.0
    [iter 195609] reheat + diversify: ceiling=99.11, value=54301.0
    [iter 201362] reheat + diversify: ceiling=89.19, value=66506.0
    [iter 207115] reheat + diversify: ceiling=80.28, value=43670.0
    [iter 212868] reheat + diversify: ceiling=72.25, value=57724.0
    [iter 218621] reheat + diversify: ceiling=65.02, value=51738.0
    [iter 224374] reheat + diversify: ceiling=58.52, value=61043.0
    [iter 230127] reheat + diversify: ceiling=52.67, value=53377.0
    [iter 235880] reheat + diversify: ceiling=47.40, value=49023.0
    [iter 241633] reheat + diversify: ceiling=42.66, value=38794.0
    [iter 247386] reheat + diversify: ceiling=38.40, value=49835.0
    [iter 253139] reheat + diversify: ceiling=34.56, value=39718.0
    [iter 258892] reheat + diversify: ceiling=31.10, value=53039.0
    [iter 264645] reheat + diversify: ceiling=27.99, value=60287.0
    [iter 270398] reheat + diversify: ceiling=25.19, value=41634.0
    [iter 276151] reheat + diversify: ceiling=22.67, value=57386.0
    [iter 281904] reheat + diversify: ceiling=20.40, value=46460.0
    [iter 287657] reheat + diversify: ceiling=18.36, value=56217.0
    [iter 293410] reheat + diversify: ceiling=16.53, value=39718.0
    [iter 299163] reheat + diversify: ceiling=14.88, value=41634.0
    [iter 304916] reheat + diversify: ceiling=13.39, value=54301.0
    [iter 310669] reheat + diversify: ceiling=12.05, value=59949.0
    [iter 316422] reheat + diversify: ceiling=10.84, value=44187.0
    [iter 322175] reheat + diversify: ceiling=9.76, value=41296.0
    [iter 327928] reheat + diversify: ceiling=8.78, value=59949.0
    [iter 333681] reheat + diversify: ceiling=7.91, value=40241.0
    [iter 339434] reheat + diversify: ceiling=7.11, value=41634.0
    [iter 345187] reheat + diversify: ceiling=6.40, value=35833.0
    [iter 350940] reheat + diversify: ceiling=5.76, value=50231.0
    [iter 356693] reheat + diversify: ceiling=5.19, value=30905.0
    [iter 362446] reheat + diversify: ceiling=4.67, value=51738.0
    [iter 368199] reheat + diversify: ceiling=4.20, value=54486.0
    [iter 373952] reheat + diversify: ceiling=3.78, value=57386.0
    [iter 379705] reheat + diversify: ceiling=3.40, value=56217.0
    [iter 385458] reheat + diversify: ceiling=3.06, value=41296.0
    [iter 391211] reheat + diversify: ceiling=2.76, value=60287.0
    [iter 396964] reheat + diversify: ceiling=2.48, value=45519.0
    [iter 402717] reheat + diversify: ceiling=2.23, value=45519.0
    [iter 408470] reheat + diversify: ceiling=2.01, value=57724.0
    [iter 414223] reheat + diversify: ceiling=1.81, value=60287.0
    [iter 419976] reheat + diversify: ceiling=1.63, value=61043.0
    [iter 425729] reheat + diversify: ceiling=1.46, value=45704.0
    [iter 431482] reheat + diversify: ceiling=1.32, value=60287.0
    [iter 437235] reheat + diversify: ceiling=1.19, value=54301.0
    [iter 442988] reheat + diversify: ceiling=1.07, value=60287.0
    [iter 448741] reheat + diversify: ceiling=0.96, value=41111.0
    [iter 454494] reheat + diversify: ceiling=0.86, value=57724.0
    [iter 460247] reheat + diversify: ceiling=0.78, value=60858.0
    [iter 466000] reheat + diversify: ceiling=0.70, value=41296.0
    [iter 471753] reheat + diversify: ceiling=0.63, value=52261.0
    [iter 477506] reheat + diversify: ceiling=0.57, value=54639.0
    [iter 483259] reheat + diversify: ceiling=0.51, value=41296.0
    [iter 489012] reheat + diversify: ceiling=0.46, value=30905.0
    [iter 494765] reheat + diversify: ceiling=0.41, value=45366.0
    [iter 500518] reheat + diversify: ceiling=0.37, value=51923.0
    [iter 506271] reheat + diversify: ceiling=0.34, value=57724.0
    [iter 512024] reheat + diversify: ceiling=0.30, value=50173.0
    [iter 517777] reheat + diversify: ceiling=0.27, value=66506.0
    [iter 523530] reheat + diversify: ceiling=0.24, value=52261.0
    [iter 529283] reheat + diversify: ceiling=0.22, value=56217.0
    [iter 535036] reheat + diversify: ceiling=0.20, value=28847.0
    [iter 540789] reheat + diversify: ceiling=0.18, value=38609.0
    [iter 546542] reheat + diversify: ceiling=0.16, value=66506.0
    [iter 552295] reheat + diversify: ceiling=0.14, value=44187.0
    [iter 558048] reheat + diversify: ceiling=0.13, value=38271.0
    [iter 563801] reheat + diversify: ceiling=0.12, value=40056.0
    [iter 569554] reheat + diversify: ceiling=0.11, value=46275.0
    [iter 575307] reheat + diversify: ceiling=0.09, value=45704.0
    [iter 581060] reheat + diversify: ceiling=0.09, value=59949.0
    [iter 586813] reheat + diversify: ceiling=0.08, value=41449.0
    [iter 592566] reheat + diversify: ceiling=0.07, value=54824.0
    [iter 598319] reheat + diversify: ceiling=0.06, value=28847.0
    [iter 604072] reheat + diversify: ceiling=0.06, value=45181.0
    [iter 609825] reheat + diversify: ceiling=0.05, value=52076.0
    [iter 615578] reheat + diversify: ceiling=0.05, value=61043.0
    [iter 621331] reheat + diversify: ceiling=0.04, value=41634.0
    [iter 627084] reheat + diversify: ceiling=0.04, value=52261.0
    [iter 632837] reheat + diversify: ceiling=0.03, value=60287.0
    [iter 638590] reheat + diversify: ceiling=0.03, value=52076.0
    [iter 644343] reheat + diversify: ceiling=0.03, value=50231.0
    [iter 650096] reheat + diversify: ceiling=0.02, value=45519.0
    [iter 655849] reheat + diversify: ceiling=0.02, value=41296.0
    [iter 661602] reheat + diversify: ceiling=0.02, value=54824.0
    [iter 667355] reheat + diversify: ceiling=0.02, value=52261.0
    [iter 673108] reheat + diversify: ceiling=0.02, value=66506.0
    [iter 678861] reheat + diversify: ceiling=0.01, value=45366.0
    [iter 684614] reheat + diversify: ceiling=0.01, value=66506.0
    [iter 690367] reheat + diversify: ceiling=0.01, value=61043.0
    [iter 696120] reheat + diversify: ceiling=0.01, value=59949.0
    [iter 701873] reheat + diversify: ceiling=0.01, value=38609.0
    [iter 707626] reheat + diversify: ceiling=0.01, value=54486.0
    [iter 713379] reheat + diversify: ceiling=0.01, value=46460.0
    [iter 719132] reheat + diversify: ceiling=0.01, value=54639.0
    [iter 724885] reheat + diversify: ceiling=0.01, value=57137.0
    [iter 730638] reheat + diversify: ceiling=0.01, value=55879.0
    [iter 736391] reheat + diversify: ceiling=0.00, value=66506.0
    [iter 742144] reheat + diversify: ceiling=0.00, value=47097.0
    [iter 747897] reheat + diversify: ceiling=0.00, value=49023.0
    [iter 753650] reheat + diversify: ceiling=0.00, value=51923.0
    [iter 759403] reheat + diversify: ceiling=0.00, value=45704.0
    [iter 765156] reheat + diversify: ceiling=0.00, value=57724.0
    [iter 770909] reheat + diversify: ceiling=0.00, value=50173.0
    [iter 776662] reheat + diversify: ceiling=0.00, value=48442.0
    [iter 782415] reheat + diversify: ceiling=0.00, value=41296.0
    [iter 788168] reheat + diversify: ceiling=0.00, value=39903.0
    [iter 793921] reheat + diversify: ceiling=0.00, value=61043.0
    [iter 799674] reheat + diversify: ceiling=0.00, value=66844.0
    [iter 805427] reheat + diversify: ceiling=0.00, value=49023.0
    [iter 811180] reheat + diversify: ceiling=0.00, value=45519.0
    [iter 816933] reheat + diversify: ceiling=0.00, value=50416.0
    [iter 822686] reheat + diversify: ceiling=0.00, value=30905.0
    [iter 828439] reheat + diversify: ceiling=0.00, value=54486.0
    [iter 834192] reheat + diversify: ceiling=0.00, value=54824.0
    [iter 839945] reheat + diversify: ceiling=0.00, value=58955.0
    [iter 845698] reheat + diversify: ceiling=0.00, value=28847.0
    [iter 851451] reheat + diversify: ceiling=0.00, value=54486.0
    [iter 857204] reheat + diversify: ceiling=0.00, value=55879.0
    [iter 862957] reheat + diversify: ceiling=0.00, value=51738.0
    [iter 868710] reheat + diversify: ceiling=0.00, value=29162.0
    [iter 874463] reheat + diversify: ceiling=0.00, value=57724.0
    [iter 880216] reheat + diversify: ceiling=0.00, value=51167.0
    [iter 885969] reheat + diversify: ceiling=0.00, value=54486.0
    [iter 891722] reheat + diversify: ceiling=0.00, value=54824.0
    [iter 897475] reheat + diversify: ceiling=0.00, value=41111.0
    [iter 903228] reheat + diversify: ceiling=0.00, value=54486.0
    [iter 908981] reheat + diversify: ceiling=0.00, value=38456.0
    [iter 914734] reheat + diversify: ceiling=0.00, value=50416.0
    [iter 920487] reheat + diversify: ceiling=0.00, value=54486.0
    [iter 926240] reheat + diversify: ceiling=0.00, value=45366.0
    [iter 931993] reheat + diversify: ceiling=0.00, value=45704.0
    [iter 937746] reheat + diversify: ceiling=0.00, value=48838.0
    [iter 943499] reheat + diversify: ceiling=0.00, value=51738.0
    [iter 949252] reheat + diversify: ceiling=0.00, value=41296.0
    [iter 955005] reheat + diversify: ceiling=0.00, value=38794.0
    [iter 960758] reheat + diversify: ceiling=0.00, value=54824.0
    [iter 966511] reheat + diversify: ceiling=0.00, value=66506.0
    [iter 972264] reheat + diversify: ceiling=0.00, value=41296.0
    [iter 978017] reheat + diversify: ceiling=0.00, value=54486.0
    [iter 983770] reheat + diversify: ceiling=0.00, value=52261.0
    [iter 989523] reheat + diversify: ceiling=0.00, value=55879.0
    [iter 995276] reheat + diversify: ceiling=0.00, value=66844.0
    [iter 1001029] reheat + diversify: ceiling=0.00, value=55879.0
    [iter 1006782] reheat + diversify: ceiling=0.00, value=66844.0
    [iter 1012535] reheat + diversify: ceiling=0.00, value=58955.0
    [iter 1018288] reheat + diversify: ceiling=0.00, value=49318.0
    [iter 1024041] reheat + diversify: ceiling=0.00, value=45704.0
    [iter 1029794] reheat + diversify: ceiling=0.00, value=49023.0
    [iter 1035547] reheat + diversify: ceiling=0.00, value=47576.0
    [iter 1041300] reheat + diversify: ceiling=0.00, value=35073.0
    [iter 1047053] reheat + diversify: ceiling=0.00, value=40056.0
    [iter 1052806] reheat + diversify: ceiling=0.00, value=51167.0
    [iter 1058559] reheat + diversify: ceiling=0.00, value=50416.0
    [iter 1064312] reheat + diversify: ceiling=0.00, value=47576.0
    [iter 1070065] reheat + diversify: ceiling=0.00, value=41634.0
    [iter 1075818] reheat + diversify: ceiling=0.00, value=40056.0
    [iter 1081571] reheat + diversify: ceiling=0.00, value=54824.0
    [iter 1087324] reheat + diversify: ceiling=0.00, value=47576.0
    [iter 1093077] reheat + diversify: ceiling=0.00, value=66844.0
    [iter 1098830] reheat + diversify: ceiling=0.00, value=53039.0
    [iter 1104583] reheat + diversify: ceiling=0.00, value=58955.0
    [iter 1110336] reheat + diversify: ceiling=0.00, value=49318.0
    [iter 1116089] reheat + diversify: ceiling=0.00, value=45704.0
    [iter 1121842] reheat + diversify: ceiling=0.00, value=40056.0
    [iter 1127595] reheat + diversify: ceiling=0.00, value=37626.0
    [iter 1133348] reheat + diversify: ceiling=0.00, value=60287.0
    [iter 1139101] reheat + diversify: ceiling=0.00, value=38456.0
    [iter 1144854] reheat + diversify: ceiling=0.00, value=51167.0
    [iter 1150607] reheat + diversify: ceiling=0.00, value=51923.0
    [iter 1156360] reheat + diversify: ceiling=0.00, value=54824.0
    [iter 1162113] reheat + diversify: ceiling=0.00, value=56217.0
    [iter 1167866] reheat + diversify: ceiling=0.00, value=63363.0
    [iter 1173619] reheat + diversify: ceiling=0.00, value=61043.0
    [iter 1179372] reheat + diversify: ceiling=0.00, value=51923.0
    [iter 1185125] reheat + diversify: ceiling=0.00, value=49318.0
    [iter 1190878] reheat + diversify: ceiling=0.00, value=48838.0
    [iter 1196631] reheat + diversify: ceiling=0.00, value=37811.0
    [iter 1202384] reheat + diversify: ceiling=0.00, value=40056.0
    [iter 1208137] reheat + diversify: ceiling=0.00, value=46759.0
    [iter 1213890] reheat + diversify: ceiling=0.00, value=61043.0
    [iter 1219643] reheat + diversify: ceiling=0.00, value=43855.0
    [iter 1225396] reheat + diversify: ceiling=0.00, value=51738.0
    [iter 1231149] reheat + diversify: ceiling=0.00, value=51923.0
    [iter 1236902] reheat + diversify: ceiling=0.00, value=46275.0
    [iter 1242655] reheat + diversify: ceiling=0.00, value=51923.0
    [iter 1248408] reheat + diversify: ceiling=0.00, value=40056.0
    [iter 1254161] reheat + diversify: ceiling=0.00, value=51923.0
    [iter 1259914] reheat + diversify: ceiling=0.00, value=66506.0
    [iter 1265667] reheat + diversify: ceiling=0.00, value=52261.0
    [iter 1271420] reheat + diversify: ceiling=0.00, value=49835.0
    [iter 1277173] reheat + diversify: ceiling=0.00, value=66844.0
    [iter 1282926] reheat + diversify: ceiling=0.00, value=66506.0
    [iter 1288679] reheat + diversify: ceiling=0.00, value=66506.0
    [iter 1294432] reheat + diversify: ceiling=0.00, value=57724.0
    [iter 1300185] reheat + diversify: ceiling=0.00, value=55879.0
    [iter 1305938] reheat + diversify: ceiling=0.00, value=51738.0
    [iter 1311691] reheat + diversify: ceiling=0.00, value=60287.0
    [iter 1317444] reheat + diversify: ceiling=0.00, value=51738.0
    [iter 1323197] reheat + diversify: ceiling=0.00, value=47576.0
    [iter 1328950] reheat + diversify: ceiling=0.00, value=41111.0
    [iter 1334703] reheat + diversify: ceiling=0.00, value=51923.0
    [iter 1340456] reheat + diversify: ceiling=0.00, value=59949.0
    [iter 1346209] reheat + diversify: ceiling=0.00, value=54301.0
    [iter 1351962] reheat + diversify: ceiling=0.00, value=41296.0
    [iter 1357715] reheat + diversify: ceiling=0.00, value=59949.0
    [iter 1363468] reheat + diversify: ceiling=0.00, value=57724.0
    [iter 1369221] reheat + diversify: ceiling=0.00, value=57386.0
    [iter 1374974] reheat + diversify: ceiling=0.00, value=25606.0
    [iter 1380727] reheat + diversify: ceiling=0.00, value=50173.0
    [iter 1386480] reheat + diversify: ceiling=0.00, value=51923.0
    [iter 1392233] reheat + diversify: ceiling=0.00, value=47391.0
    [iter 1397986] reheat + diversify: ceiling=0.00, value=51923.0
    [iter 1403739] reheat + diversify: ceiling=0.00, value=45704.0
    [iter 1409492] reheat + diversify: ceiling=0.00, value=60287.0
    [iter 1415245] reheat + diversify: ceiling=0.00, value=46460.0
    [iter 1420998] reheat + diversify: ceiling=0.00, value=52261.0
    [iter 1426751] reheat + diversify: ceiling=0.00, value=45704.0
    [iter 1432504] reheat + diversify: ceiling=0.00, value=55234.0
    [iter 1438257] reheat + diversify: ceiling=0.00, value=48838.0
    [iter 1444010] reheat + diversify: ceiling=0.00, value=39718.0
    [iter 1449763] reheat + diversify: ceiling=0.00, value=57386.0
    [iter 1455516] reheat + diversify: ceiling=0.00, value=51923.0
    [iter 1461269] reheat + diversify: ceiling=0.00, value=60858.0
    [iter 1467022] reheat + diversify: ceiling=0.00, value=54486.0
    [iter 1472775] reheat + diversify: ceiling=0.00, value=41111.0
    [iter 1478528] reheat + diversify: ceiling=0.00, value=36368.0
    [iter 1484281] reheat + diversify: ceiling=0.00, value=43919.0
    [iter 1490034] reheat + diversify: ceiling=0.00, value=52261.0
    [iter 1495787] reheat + diversify: ceiling=0.00, value=54486.0
    [iter 1501540] reheat + diversify: ceiling=0.00, value=54301.0
    [iter 1507293] reheat + diversify: ceiling=0.00, value=54824.0
    [iter 1513046] reheat + diversify: ceiling=0.00, value=48838.0
    [iter 1518799] reheat + diversify: ceiling=0.00, value=45704.0
    [iter 1524552] reheat + diversify: ceiling=0.00, value=49318.0
    [iter 1530305] reheat + diversify: ceiling=0.00, value=54301.0
    [iter 1536058] reheat + diversify: ceiling=0.00, value=60858.0
    [iter 1541811] reheat + diversify: ceiling=0.00, value=48838.0
    [iter 1547564] reheat + diversify: ceiling=0.00, value=54824.0
    [iter 1553317] reheat + diversify: ceiling=0.00, value=45181.0
    [iter 1559070] reheat + diversify: ceiling=0.00, value=35648.0
    [iter 1564823] reheat + diversify: ceiling=0.00, value=54486.0
    [iter 1570576] reheat + diversify: ceiling=0.00, value=50173.0
    [iter 1576329] reheat + diversify: ceiling=0.00, value=49318.0
    [iter 1582082] reheat + diversify: ceiling=0.00, value=54824.0
    [iter 1587835] reheat + diversify: ceiling=0.00, value=57386.0
    [iter 1593588] reheat + diversify: ceiling=0.00, value=49656.0
    [iter 1599341] reheat + diversify: ceiling=0.00, value=51738.0
    [iter 1605094] reheat + diversify: ceiling=0.00, value=60287.0
    [iter 1610847] reheat + diversify: ceiling=0.00, value=60287.0
    [iter 1616600] reheat + diversify: ceiling=0.00, value=52261.0
    [iter 1622353] reheat + diversify: ceiling=0.00, value=41296.0
    [iter 1628106] reheat + diversify: ceiling=0.00, value=39903.0
    [iter 1633859] reheat + diversify: ceiling=0.00, value=66844.0
    [iter 1639612] reheat + diversify: ceiling=0.00, value=50416.0
    [iter 1645365] reheat + diversify: ceiling=0.00, value=60287.0
    [iter 1651118] reheat + diversify: ceiling=0.00, value=51738.0
    [iter 1656871] reheat + diversify: ceiling=0.00, value=52261.0
    [iter 1662624] reheat + diversify: ceiling=0.00, value=66844.0
    [iter 1668377] reheat + diversify: ceiling=0.00, value=47097.0
    [iter 1674130] reheat + diversify: ceiling=0.00, value=66506.0
    [iter 1679883] reheat + diversify: ceiling=0.00, value=25606.0
    [iter 1685636] reheat + diversify: ceiling=0.00, value=41052.0
    [iter 1691389] reheat + diversify: ceiling=0.00, value=55879.0
    [iter 1697142] reheat + diversify: ceiling=0.00, value=44372.0
    [iter 1702895] reheat + diversify: ceiling=0.00, value=66506.0
    [iter 1708648] reheat + diversify: ceiling=0.00, value=62785.0
    [iter 1714401] reheat + diversify: ceiling=0.00, value=49835.0
    [iter 1720154] reheat + diversify: ceiling=0.00, value=41111.0
    [iter 1725907] reheat + diversify: ceiling=0.00, value=58955.0
    [iter 1731660] reheat + diversify: ceiling=0.00, value=55879.0
    [iter 1737413] reheat + diversify: ceiling=0.00, value=40536.0
    [iter 1743166] reheat + diversify: ceiling=0.00, value=54243.0
    [iter 1748919] reheat + diversify: ceiling=0.00, value=50416.0
    [iter 1754672] reheat + diversify: ceiling=0.00, value=40536.0
    [iter 1760425] reheat + diversify: ceiling=0.00, value=39903.0
    [iter 1766178] reheat + diversify: ceiling=0.00, value=61043.0
    [iter 1771931] reheat + diversify: ceiling=0.00, value=52076.0
    [iter 1777684] reheat + diversify: ceiling=0.00, value=41634.0
    [iter 1783437] reheat + diversify: ceiling=0.00, value=66506.0
    [iter 1789190] reheat + diversify: ceiling=0.00, value=61043.0
    [iter 1794943] reheat + diversify: ceiling=0.00, value=45519.0
    [iter 1800696] reheat + diversify: ceiling=0.00, value=41296.0
    [iter 1806449] reheat + diversify: ceiling=0.00, value=60287.0
    [iter 1812202] reheat + diversify: ceiling=0.00, value=50231.0
    [iter 1817955] reheat + diversify: ceiling=0.00, value=53039.0
    [iter 1823708] reheat + diversify: ceiling=0.00, value=39903.0
    [iter 1829461] reheat + diversify: ceiling=0.00, value=35833.0
    [iter 1835214] reheat + diversify: ceiling=0.00, value=45704.0
    [iter 1840967] reheat + diversify: ceiling=0.00, value=57724.0
    [iter 1846720] reheat + diversify: ceiling=0.00, value=54824.0
    [iter 1852473] reheat + diversify: ceiling=0.00, value=44187.0
    [iter 1858226] reheat + diversify: ceiling=0.00, value=51738.0
    [iter 1863979] reheat + diversify: ceiling=0.00, value=51923.0
    [iter 1869732] reheat + diversify: ceiling=0.00, value=41296.0
    [iter 1875485] reheat + diversify: ceiling=0.00, value=45704.0
    [iter 1881238] reheat + diversify: ceiling=0.00, value=46759.0
    [iter 1886991] reheat + diversify: ceiling=0.00, value=46759.0
    [iter 1892744] reheat + diversify: ceiling=0.00, value=54639.0
    [iter 1898497] reheat + diversify: ceiling=0.00, value=54486.0
    [iter 1904250] reheat + diversify: ceiling=0.00, value=50173.0
    [iter 1910003] reheat + diversify: ceiling=0.00, value=54486.0
    [iter 1915756] reheat + diversify: ceiling=0.00, value=54639.0
    [iter 1921509] reheat + diversify: ceiling=0.00, value=51923.0
    [iter 1927262] reheat + diversify: ceiling=0.00, value=60287.0
    [iter 1933015] reheat + diversify: ceiling=0.00, value=51167.0
    [iter 1938768] reheat + diversify: ceiling=0.00, value=61043.0
    [iter 1944521] reheat + diversify: ceiling=0.00, value=46759.0
    [iter 1950274] reheat + diversify: ceiling=0.00, value=57724.0
    [iter 1956027] reheat + diversify: ceiling=0.00, value=50416.0
    [iter 1961780] reheat + diversify: ceiling=0.00, value=54243.0
    [iter 1967533] reheat + diversify: ceiling=0.00, value=66506.0
    [iter 1973286] reheat + diversify: ceiling=0.00, value=59949.0
    [iter 1979039] reheat + diversify: ceiling=0.00, value=58955.0
    [iter 1984792] reheat + diversify: ceiling=0.00, value=39903.0
    [iter 1990545] reheat + diversify: ceiling=0.00, value=51738.0
    [iter 1996298] reheat + diversify: ceiling=0.00, value=54486.0
    [iter 2002051] reheat + diversify: ceiling=0.00, value=45704.0
    [iter 2007804] reheat + diversify: ceiling=0.00, value=46759.0
    [iter 2013557] reheat + diversify: ceiling=0.00, value=66506.0
    [iter 2019310] reheat + diversify: ceiling=0.00, value=57724.0
    [iter 2025063] reheat + diversify: ceiling=0.00, value=54639.0
    [iter 2030816] reheat + diversify: ceiling=0.00, value=66506.0
    [iter 2036569] reheat + diversify: ceiling=0.00, value=59949.0
    [iter 2042322] reheat + diversify: ceiling=0.00, value=54301.0
    [iter 2048075] reheat + diversify: ceiling=0.00, value=51923.0
    [iter 2053828] reheat + diversify: ceiling=0.00, value=49318.0
    [iter 2059581] reheat + diversify: ceiling=0.00, value=48838.0
    [iter 2065334] reheat + diversify: ceiling=0.00, value=51167.0
    [iter 2071087] reheat + diversify: ceiling=0.00, value=54824.0
    [iter 2076840] reheat + diversify: ceiling=0.00, value=44372.0
    [iter 2082593] reheat + diversify: ceiling=0.00, value=49835.0
    [iter 2088346] reheat + diversify: ceiling=0.00, value=57724.0
    [iter 2094099] reheat + diversify: ceiling=0.00, value=54486.0
    [iter 2099852] reheat + diversify: ceiling=0.00, value=59949.0
    [iter 2105605] reheat + diversify: ceiling=0.00, value=50416.0
    [iter 2111358] reheat + diversify: ceiling=0.00, value=54639.0
    [iter 2117111] reheat + diversify: ceiling=0.00, value=60858.0
    [iter 2122864] reheat + diversify: ceiling=0.00, value=61043.0
    [iter 2128617] reheat + diversify: ceiling=0.00, value=59949.0
    [iter 2134370] reheat + diversify: ceiling=0.00, value=54824.0
    [iter 2140123] reheat + diversify: ceiling=0.00, value=48838.0
    [iter 2145876] reheat + diversify: ceiling=0.00, value=51738.0
    [iter 2151629] reheat + diversify: ceiling=0.00, value=41296.0
    [iter 2157382] reheat + diversify: ceiling=0.00, value=51923.0
    [iter 2163135] reheat + diversify: ceiling=0.00, value=45519.0
    [iter 2168888] reheat + diversify: ceiling=0.00, value=46275.0
    [iter 2174641] reheat + diversify: ceiling=0.00, value=66844.0
    [iter 2180394] reheat + diversify: ceiling=0.00, value=47097.0
    [iter 2186147] reheat + diversify: ceiling=0.00, value=51923.0
    [iter 2191900] reheat + diversify: ceiling=0.00, value=49835.0
    [iter 2197653] reheat + diversify: ceiling=0.00, value=34735.0
    [iter 2203406] reheat + diversify: ceiling=0.00, value=41111.0
    [iter 2209159] reheat + diversify: ceiling=0.00, value=41449.0
    [iter 2214912] reheat + diversify: ceiling=0.00, value=45704.0
    [iter 2220665] reheat + diversify: ceiling=0.00, value=57386.0
    [iter 2226418] reheat + diversify: ceiling=0.00, value=39718.0
    [iter 2232171] reheat + diversify: ceiling=0.00, value=51923.0
    [iter 2237924] reheat + diversify: ceiling=0.00, value=45366.0
    [iter 2243677] reheat + diversify: ceiling=0.00, value=57724.0
    [iter 2249430] reheat + diversify: ceiling=0.00, value=60858.0
    [iter 2255183] reheat + diversify: ceiling=0.00, value=60287.0
    [iter 2260936] reheat + diversify: ceiling=0.00, value=34550.0
    [iter 2266689] reheat + diversify: ceiling=0.00, value=25606.0
    [iter 2272442] reheat + diversify: ceiling=0.00, value=54824.0
    [iter 2278195] reheat + diversify: ceiling=0.00, value=45366.0
    [iter 2283948] reheat + diversify: ceiling=0.00, value=41111.0
    [iter 2289701] reheat + diversify: ceiling=0.00, value=54301.0
    [iter 2295454] reheat + diversify: ceiling=0.00, value=51167.0
    [iter 2301207] reheat + diversify: ceiling=0.00, value=57724.0
    [iter 2306960] reheat + diversify: ceiling=0.00, value=39903.0
    [iter 2312713] reheat + diversify: ceiling=0.00, value=39718.0
    [iter 2318466] reheat + diversify: ceiling=0.00, value=50173.0
    [iter 2324219] reheat + diversify: ceiling=0.00, value=51923.0
    [iter 2329972] reheat + diversify: ceiling=0.00, value=49023.0
    [iter 2335725] reheat + diversify: ceiling=0.00, value=39903.0
    [iter 2341478] reheat + diversify: ceiling=0.00, value=51167.0
    [iter 2347231] reheat + diversify: ceiling=0.00, value=45366.0
    [iter 2352984] reheat + diversify: ceiling=0.00, value=52261.0
    [iter 2358737] reheat + diversify: ceiling=0.00, value=31254.0
    [iter 2364490] reheat + diversify: ceiling=0.00, value=57724.0
    [iter 2370243] reheat + diversify: ceiling=0.00, value=40056.0
    [iter 2375996] reheat + diversify: ceiling=0.00, value=41111.0
    [iter 2381749] reheat + diversify: ceiling=0.00, value=50173.0
    [iter 2387502] reheat + diversify: ceiling=0.00, value=52261.0
    [iter 2393255] reheat + diversify: ceiling=0.00, value=61043.0
    [iter 2399008] reheat + diversify: ceiling=0.00, value=66506.0
    [iter 2404761] reheat + diversify: ceiling=0.00, value=36706.0
    [iter 2410514] reheat + diversify: ceiling=0.00, value=66506.0
    [iter 2416267] reheat + diversify: ceiling=0.00, value=47097.0
    [iter 2422020] reheat + diversify: ceiling=0.00, value=43855.0
    [iter 2427773] reheat + diversify: ceiling=0.00, value=66506.0
    [iter 2433526] reheat + diversify: ceiling=0.00, value=61043.0
    [iter 2439279] reheat + diversify: ceiling=0.00, value=52076.0
    [iter 2445032] reheat + diversify: ceiling=0.00, value=66506.0
    [iter 2450785] reheat + diversify: ceiling=0.00, value=57386.0
    [iter 2456538] reheat + diversify: ceiling=0.00, value=60287.0
    [iter 2462291] reheat + diversify: ceiling=0.00, value=45704.0
    [iter 2468044] reheat + diversify: ceiling=0.00, value=45519.0
    [iter 2473797] reheat + diversify: ceiling=0.00, value=44536.0
    [iter 2479550] reheat + diversify: ceiling=0.00, value=54824.0
    [iter 2485303] reheat + diversify: ceiling=0.00, value=54301.0
    [iter 2491056] reheat + diversify: ceiling=0.00, value=45704.0
    [iter 2496809] reheat + diversify: ceiling=0.00, value=45704.0
    [iter 2502562] reheat + diversify: ceiling=0.00, value=49835.0
    [iter 2508315] reheat + diversify: ceiling=0.00, value=60287.0
    [iter 2514068] reheat + diversify: ceiling=0.00, value=66844.0
    [iter 2519821] reheat + diversify: ceiling=0.00, value=50416.0
    [iter 2525574] reheat + diversify: ceiling=0.00, value=51738.0
    [iter 2531327] reheat + diversify: ceiling=0.00, value=34735.0
    [iter 2537080] reheat + diversify: ceiling=0.00, value=51738.0
    [iter 2542833] reheat + diversify: ceiling=0.00, value=57386.0
    [iter 2548586] reheat + diversify: ceiling=0.00, value=51923.0
    [iter 2554339] reheat + diversify: ceiling=0.00, value=25606.0
    [iter 2560092] reheat + diversify: ceiling=0.00, value=41296.0
    [iter 2565845] reheat + diversify: ceiling=0.00, value=49835.0
    [iter 2571598] reheat + diversify: ceiling=0.00, value=51167.0
    [iter 2577351] reheat + diversify: ceiling=0.00, value=55879.0
    [iter 2583104] reheat + diversify: ceiling=0.00, value=54824.0
    [iter 2588857] reheat + diversify: ceiling=0.00, value=51738.0
    [iter 2594610] reheat + diversify: ceiling=0.00, value=41634.0
    [iter 2600363] reheat + diversify: ceiling=0.00, value=45366.0
    [iter 2606116] reheat + diversify: ceiling=0.00, value=57724.0
    [iter 2611869] reheat + diversify: ceiling=0.00, value=66506.0
    [iter 2617622] reheat + diversify: ceiling=0.00, value=66844.0
    [iter 2623375] reheat + diversify: ceiling=0.00, value=57386.0
    [iter 2629128] reheat + diversify: ceiling=0.00, value=47576.0
    [iter 2634881] reheat + diversify: ceiling=0.00, value=39718.0
    [iter 2640634] reheat + diversify: ceiling=0.00, value=61043.0
    [iter 2646387] reheat + diversify: ceiling=0.00, value=59949.0
    [iter 2652140] reheat + diversify: ceiling=0.00, value=49023.0
    [iter 2657893] reheat + diversify: ceiling=0.00, value=60858.0
    [iter 2663646] reheat + diversify: ceiling=0.00, value=60858.0
    [iter 2669399] reheat + diversify: ceiling=0.00, value=54301.0
    [iter 2675152] reheat + diversify: ceiling=0.00, value=54486.0
    [iter 2680905] reheat + diversify: ceiling=0.00, value=45519.0
    [iter 2686658] reheat + diversify: ceiling=0.00, value=60858.0
    [iter 2692411] reheat + diversify: ceiling=0.00, value=47097.0
    [iter 2698164] reheat + diversify: ceiling=0.00, value=56217.0
    [iter 2703917] reheat + diversify: ceiling=0.00, value=54301.0
    [iter 2709670] reheat + diversify: ceiling=0.00, value=51923.0
    [iter 2715423] reheat + diversify: ceiling=0.00, value=57724.0
    [iter 2721176] reheat + diversify: ceiling=0.00, value=48838.0
    [iter 2726929] reheat + diversify: ceiling=0.00, value=48838.0
    [iter 2732682] reheat + diversify: ceiling=0.00, value=41449.0
    [iter 2738435] reheat + diversify: ceiling=0.00, value=45704.0
    [iter 2744188] reheat + diversify: ceiling=0.00, value=66844.0
    [iter 2749941] reheat + diversify: ceiling=0.00, value=53039.0
    [iter 2755694] reheat + diversify: ceiling=0.00, value=61043.0
    [iter 2761447] reheat + diversify: ceiling=0.00, value=60858.0
    [iter 2767200] reheat + diversify: ceiling=0.00, value=60287.0
    [iter 2772953] reheat + diversify: ceiling=0.00, value=58955.0
    [iter 2778706] reheat + diversify: ceiling=0.00, value=54301.0
    [iter 2784459] reheat + diversify: ceiling=0.00, value=66506.0
    [iter 2790212] reheat + diversify: ceiling=0.00, value=39718.0
    [iter 2795965] reheat + diversify: ceiling=0.00, value=54824.0
    [iter 2801718] reheat + diversify: ceiling=0.00, value=56217.0
    [iter 2807471] reheat + diversify: ceiling=0.00, value=54824.0
    [iter 2813224] reheat + diversify: ceiling=0.00, value=40241.0
    [iter 2818977] reheat + diversify: ceiling=0.00, value=51923.0
    [iter 2824730] reheat + diversify: ceiling=0.00, value=41634.0
    [iter 2830483] reheat + diversify: ceiling=0.00, value=59949.0
    [iter 2836236] reheat + diversify: ceiling=0.00, value=60858.0
    [iter 2841989] reheat + diversify: ceiling=0.00, value=41449.0
    [iter 2847742] reheat + diversify: ceiling=0.00, value=57724.0
    [iter 2853495] reheat + diversify: ceiling=0.00, value=54486.0
    [iter 2859248] reheat + diversify: ceiling=0.00, value=54824.0
    [iter 2865001] reheat + diversify: ceiling=0.00, value=66506.0
    [iter 2870754] reheat + diversify: ceiling=0.00, value=57386.0
    [iter 2876507] reheat + diversify: ceiling=0.00, value=52076.0
    [iter 2882260] reheat + diversify: ceiling=0.00, value=66844.0
    [iter 2888013] reheat + diversify: ceiling=0.00, value=39718.0
    [iter 2893766] reheat + diversify: ceiling=0.00, value=50416.0
    [iter 2899519] reheat + diversify: ceiling=0.00, value=49318.0
    [iter 2905272] reheat + diversify: ceiling=0.00, value=45519.0
    [iter 2911025] reheat + diversify: ceiling=0.00, value=54639.0
    [iter 2916778] reheat + diversify: ceiling=0.00, value=44372.0
    [iter 2922531] reheat + diversify: ceiling=0.00, value=66506.0
    [iter 2928284] reheat + diversify: ceiling=0.00, value=55879.0
    [iter 2934037] reheat + diversify: ceiling=0.00, value=58955.0
    [iter 2939790] reheat + diversify: ceiling=0.00, value=51923.0
    [iter 2945543] reheat + diversify: ceiling=0.00, value=54486.0
    [iter 2951296] reheat + diversify: ceiling=0.00, value=66844.0
    [iter 2957049] reheat + diversify: ceiling=0.00, value=51923.0
    [iter 2962802] reheat + diversify: ceiling=0.00, value=66506.0
    [iter 2968555] reheat + diversify: ceiling=0.00, value=58955.0
    [iter 2974308] reheat + diversify: ceiling=0.00, value=51923.0
    [iter 2980061] reheat + diversify: ceiling=0.00, value=58955.0
    [iter 2985814] reheat + diversify: ceiling=0.00, value=51738.0
    [iter 2991567] reheat + diversify: ceiling=0.00, value=58955.0
    [iter 2997320] reheat + diversify: ceiling=0.00, value=49023.0
    [iter 3003073] reheat + diversify: ceiling=0.00, value=51923.0
    [iter 3008826] reheat + diversify: ceiling=0.00, value=60287.0
    [iter 3014579] reheat + diversify: ceiling=0.00, value=39903.0
    [iter 3020332] reheat + diversify: ceiling=0.00, value=62785.0
    [iter 3026085] reheat + diversify: ceiling=0.00, value=55879.0
    [iter 3031838] reheat + diversify: ceiling=0.00, value=47097.0
    [iter 3037591] reheat + diversify: ceiling=0.00, value=48838.0
    [iter 3043344] reheat + diversify: ceiling=0.00, value=52261.0
    [iter 3049097] reheat + diversify: ceiling=0.00, value=38794.0
    [iter 3054850] reheat + diversify: ceiling=0.00, value=41449.0
    [iter 3060603] reheat + diversify: ceiling=0.00, value=66506.0
    [iter 3066356] reheat + diversify: ceiling=0.00, value=59949.0
    [iter 3072109] reheat + diversify: ceiling=0.00, value=54824.0
    [iter 3077862] reheat + diversify: ceiling=0.00, value=60287.0
    [iter 3083615] reheat + diversify: ceiling=0.00, value=45704.0
    [iter 3089368] reheat + diversify: ceiling=0.00, value=51923.0
    [iter 3095121] reheat + diversify: ceiling=0.00, value=55879.0
    [iter 3100874] reheat + diversify: ceiling=0.00, value=66844.0
    [iter 3106627] reheat + diversify: ceiling=0.00, value=48838.0
    [iter 3112380] reheat + diversify: ceiling=0.00, value=54301.0
    [iter 3118133] reheat + diversify: ceiling=0.00, value=51923.0
    [iter 3123886] reheat + diversify: ceiling=0.00, value=57724.0
    [iter 3129639] reheat + diversify: ceiling=0.00, value=62785.0
    [iter 3135392] reheat + diversify: ceiling=0.00, value=56217.0
    [iter 3141145] reheat + diversify: ceiling=0.00, value=52261.0
    [iter 3146898] reheat + diversify: ceiling=0.00, value=55879.0
    [iter 3152651] reheat + diversify: ceiling=0.00, value=66506.0
    [iter 3158404] reheat + diversify: ceiling=0.00, value=66506.0
    [iter 3164157] reheat + diversify: ceiling=0.00, value=57724.0
    [iter 3169910] reheat + diversify: ceiling=0.00, value=57724.0
    [iter 3175663] reheat + diversify: ceiling=0.00, value=54301.0
    [iter 3181416] reheat + diversify: ceiling=0.00, value=47097.0
    [iter 3187169] reheat + diversify: ceiling=0.00, value=54824.0
    [iter 3192922] reheat + diversify: ceiling=0.00, value=54486.0
    [iter 3198675] reheat + diversify: ceiling=0.00, value=54824.0
    [iter 3204428] reheat + diversify: ceiling=0.00, value=61043.0
    [iter 3210181] reheat + diversify: ceiling=0.00, value=41111.0
    [iter 3215934] reheat + diversify: ceiling=0.00, value=57724.0
    [iter 3221687] reheat + diversify: ceiling=0.00, value=66844.0
    [iter 3227440] reheat + diversify: ceiling=0.00, value=54486.0
    [iter 3233193] reheat + diversify: ceiling=0.00, value=55879.0
    [iter 3238946] reheat + diversify: ceiling=0.00, value=54486.0
    [iter 3244699] reheat + diversify: ceiling=0.00, value=54301.0
    [iter 3250452] reheat + diversify: ceiling=0.00, value=63025.0
    [iter 3256205] reheat + diversify: ceiling=0.00, value=54486.0
    [iter 3261958] reheat + diversify: ceiling=0.00, value=49023.0
    [iter 3267711] reheat + diversify: ceiling=0.00, value=66844.0
    [iter 3273464] reheat + diversify: ceiling=0.00, value=59949.0
    [iter 3279217] reheat + diversify: ceiling=0.00, value=54486.0
    [iter 3284970] reheat + diversify: ceiling=0.00, value=60287.0
    [iter 3290723] reheat + diversify: ceiling=0.00, value=54486.0
    [iter 3296476] reheat + diversify: ceiling=0.00, value=45366.0
    [iter 3302229] reheat + diversify: ceiling=0.00, value=47097.0
    [iter 3307982] reheat + diversify: ceiling=0.00, value=57386.0
    [iter 3313735] reheat + diversify: ceiling=0.00, value=25606.0
    [iter 3319488] reheat + diversify: ceiling=0.00, value=55879.0
    [iter 3325241] reheat + diversify: ceiling=0.00, value=40056.0
    [iter 3330994] reheat + diversify: ceiling=0.00, value=54486.0
    [iter 3336747] reheat + diversify: ceiling=0.00, value=49835.0
    [iter 3342500] reheat + diversify: ceiling=0.00, value=57386.0
    [iter 3348253] reheat + diversify: ceiling=0.00, value=66506.0
    [iter 3354006] reheat + diversify: ceiling=0.00, value=54301.0
    [iter 3359759] reheat + diversify: ceiling=0.00, value=45519.0
    [iter 3365512] reheat + diversify: ceiling=0.00, value=48838.0
    [iter 3371265] reheat + diversify: ceiling=0.00, value=66506.0
    [iter 3377018] reheat + diversify: ceiling=0.00, value=41634.0
    [iter 3382771] reheat + diversify: ceiling=0.00, value=50416.0
    [iter 3388524] reheat + diversify: ceiling=0.00, value=60287.0
    [iter 3394277] reheat + diversify: ceiling=0.00, value=57724.0
    [iter 3400030] reheat + diversify: ceiling=0.00, value=44372.0
    [iter 3405783] reheat + diversify: ceiling=0.00, value=52261.0
    [iter 3411536] reheat + diversify: ceiling=0.00, value=66506.0
    [iter 3417289] reheat + diversify: ceiling=0.00, value=59949.0
    [iter 3423042] reheat + diversify: ceiling=0.00, value=60287.0
    [iter 3428795] reheat + diversify: ceiling=0.00, value=57386.0
    [iter 3434548] reheat + diversify: ceiling=0.00, value=55879.0
    [iter 3440301] reheat + diversify: ceiling=0.00, value=60287.0
    [iter 3446054] reheat + diversify: ceiling=0.00, value=61043.0
    [iter 3451807] reheat + diversify: ceiling=0.00, value=52261.0
    [iter 3457560] reheat + diversify: ceiling=0.00, value=57724.0
    [iter 3463313] reheat + diversify: ceiling=0.00, value=46759.0
    [iter 3469066] reheat + diversify: ceiling=0.00, value=57724.0
    [iter 3474819] reheat + diversify: ceiling=0.00, value=56217.0
    [iter 3480572] reheat + diversify: ceiling=0.00, value=57724.0
    [iter 3486325] reheat + diversify: ceiling=0.00, value=47097.0
    [iter 3492078] reheat + diversify: ceiling=0.00, value=50416.0
    [iter 3497831] reheat + diversify: ceiling=0.00, value=66844.0
    [iter 3503584] reheat + diversify: ceiling=0.00, value=56217.0
    [iter 3509337] reheat + diversify: ceiling=0.00, value=51923.0
    [iter 3515090] reheat + diversify: ceiling=0.00, value=66506.0
    [iter 3520843] reheat + diversify: ceiling=0.00, value=54824.0
    [iter 3526596] reheat + diversify: ceiling=0.00, value=38609.0
    [iter 3532349] reheat + diversify: ceiling=0.00, value=60287.0
    [iter 3538102] reheat + diversify: ceiling=0.00, value=51923.0
    [iter 3543855] reheat + diversify: ceiling=0.00, value=56217.0
    [iter 3549608] reheat + diversify: ceiling=0.00, value=43274.0
    [iter 3555361] reheat + diversify: ceiling=0.00, value=54486.0
    [iter 3561114] reheat + diversify: ceiling=0.00, value=66506.0
    [iter 3566867] reheat + diversify: ceiling=0.00, value=54824.0
    [iter 3572620] reheat + diversify: ceiling=0.00, value=50173.0
    [iter 3578373] reheat + diversify: ceiling=0.00, value=50416.0
    [iter 3584126] reheat + diversify: ceiling=0.00, value=45704.0
    [iter 3589879] reheat + diversify: ceiling=0.00, value=63025.0
    [iter 3595632] reheat + diversify: ceiling=0.00, value=49835.0
    [iter 3601385] reheat + diversify: ceiling=0.00, value=61043.0
    [iter 3607138] reheat + diversify: ceiling=0.00, value=66506.0
    [iter 3612891] reheat + diversify: ceiling=0.00, value=54824.0
    [iter 3618644] reheat + diversify: ceiling=0.00, value=60287.0
    [iter 3624397] reheat + diversify: ceiling=0.00, value=46759.0
    [iter 3630150] reheat + diversify: ceiling=0.00, value=66844.0
    [iter 3635903] reheat + diversify: ceiling=0.00, value=41296.0
    [iter 3641656] reheat + diversify: ceiling=0.00, value=54824.0
    [iter 3647409] reheat + diversify: ceiling=0.00, value=41634.0
    [iter 3653162] reheat + diversify: ceiling=0.00, value=56217.0
    [iter 3658915] reheat + diversify: ceiling=0.00, value=54824.0
    [iter 3664668] reheat + diversify: ceiling=0.00, value=56217.0
    [iter 3670421] reheat + diversify: ceiling=0.00, value=50416.0
    [iter 3676174] reheat + diversify: ceiling=0.00, value=66506.0
    [iter 3681927] reheat + diversify: ceiling=0.00, value=40056.0
    [iter 3687680] reheat + diversify: ceiling=0.00, value=66506.0
    [iter 3693433] reheat + diversify: ceiling=0.00, value=52261.0
    [iter 3699186] reheat + diversify: ceiling=0.00, value=49835.0
    [iter 3704939] reheat + diversify: ceiling=0.00, value=49835.0
    [iter 3710692] reheat + diversify: ceiling=0.00, value=60858.0
    [iter 3716445] reheat + diversify: ceiling=0.00, value=60287.0
    [iter 3722198] reheat + diversify: ceiling=0.00, value=60858.0
    [iter 3727951] reheat + diversify: ceiling=0.00, value=56217.0
    [iter 3733704] reheat + diversify: ceiling=0.00, value=54824.0
    [iter 3739457] reheat + diversify: ceiling=0.00, value=54824.0
    [iter 3745210] reheat + diversify: ceiling=0.00, value=41111.0
    [iter 3750963] reheat + diversify: ceiling=0.00, value=54824.0
    [iter 3756716] reheat + diversify: ceiling=0.00, value=50231.0
    [iter 3762469] reheat + diversify: ceiling=0.00, value=52076.0
    [iter 3768222] reheat + diversify: ceiling=0.00, value=51923.0
    [iter 3773975] reheat + diversify: ceiling=0.00, value=66844.0
    [iter 3779728] reheat + diversify: ceiling=0.00, value=61043.0
    [iter 3785481] reheat + diversify: ceiling=0.00, value=54486.0
    [iter 3791234] reheat + diversify: ceiling=0.00, value=41296.0
    [iter 3796987] reheat + diversify: ceiling=0.00, value=54639.0
    [iter 3802740] reheat + diversify: ceiling=0.00, value=45704.0
    [iter 3808493] reheat + diversify: ceiling=0.00, value=63025.0
    [iter 3814246] reheat + diversify: ceiling=0.00, value=66844.0
    [iter 3819999] reheat + diversify: ceiling=0.00, value=66506.0
    [iter 3825752] reheat + diversify: ceiling=0.00, value=55879.0
    [iter 3831505] reheat + diversify: ceiling=0.00, value=63363.0
    [iter 3837258] reheat + diversify: ceiling=0.00, value=41296.0
    [iter 3843011] reheat + diversify: ceiling=0.00, value=54639.0
    [iter 3848764] reheat + diversify: ceiling=0.00, value=51923.0
    [iter 3854517] reheat + diversify: ceiling=0.00, value=41296.0
    [iter 3860270] reheat + diversify: ceiling=0.00, value=36368.0
    [iter 3866023] reheat + diversify: ceiling=0.00, value=58955.0
    [iter 3871776] reheat + diversify: ceiling=0.00, value=54486.0
    [iter 3877529] reheat + diversify: ceiling=0.00, value=51923.0
    [iter 3883282] reheat + diversify: ceiling=0.00, value=55879.0
    [iter 3889035] reheat + diversify: ceiling=0.00, value=66844.0
    [iter 3894788] reheat + diversify: ceiling=0.00, value=66844.0
    [iter 3900541] reheat + diversify: ceiling=0.00, value=66506.0
    [iter 3906294] reheat + diversify: ceiling=0.00, value=66506.0
    [iter 3912047] reheat + diversify: ceiling=0.00, value=61043.0
    [iter 3917800] reheat + diversify: ceiling=0.00, value=55879.0
    [iter 3923553] reheat + diversify: ceiling=0.00, value=50173.0
    [iter 3929306] reheat + diversify: ceiling=0.00, value=66844.0
    [iter 3935059] reheat + diversify: ceiling=0.00, value=54824.0
    [iter 3940812] reheat + diversify: ceiling=0.00, value=66844.0
    [iter 3946565] reheat + diversify: ceiling=0.00, value=55879.0
    [iter 3952318] reheat + diversify: ceiling=0.00, value=66844.0
    [iter 3958071] reheat + diversify: ceiling=0.00, value=60287.0
    [iter 3963824] reheat + diversify: ceiling=0.00, value=66506.0
    [iter 3969577] reheat + diversify: ceiling=0.00, value=66506.0
    [iter 3975330] reheat + diversify: ceiling=0.00, value=50173.0
    [iter 3981083] reheat + diversify: ceiling=0.00, value=60287.0
    [iter 3986836] reheat + diversify: ceiling=0.00, value=59949.0
    [iter 3992589] reheat + diversify: ceiling=0.00, value=37811.0
    [iter 3998342] reheat + diversify: ceiling=0.00, value=52076.0
    [iter 4004095] reheat + diversify: ceiling=0.00, value=46275.0
    [iter 4009848] reheat + diversify: ceiling=0.00, value=45519.0
    [iter 4015601] reheat + diversify: ceiling=0.00, value=52261.0
    [iter 4021354] reheat + diversify: ceiling=0.00, value=59949.0
    [iter 4027107] reheat + diversify: ceiling=0.00, value=60287.0
    [iter 4032860] reheat + diversify: ceiling=0.00, value=56217.0
    [iter 4038613] reheat + diversify: ceiling=0.00, value=60287.0
    [iter 4044366] reheat + diversify: ceiling=0.00, value=54486.0
    [iter 4050119] reheat + diversify: ceiling=0.00, value=40056.0
    [iter 4055872] reheat + diversify: ceiling=0.00, value=45704.0
    [iter 4061625] reheat + diversify: ceiling=0.00, value=51923.0
    [iter 4067378] reheat + diversify: ceiling=0.00, value=58955.0
    [iter 4073131] reheat + diversify: ceiling=0.00, value=66844.0
    [iter 4078884] reheat + diversify: ceiling=0.00, value=54486.0
    [iter 4084637] reheat + diversify: ceiling=0.00, value=51738.0
    [iter 4090390] reheat + diversify: ceiling=0.00, value=54824.0
    [iter 4096143] reheat + diversify: ceiling=0.00, value=52261.0
    [iter 4101896] reheat + diversify: ceiling=0.00, value=50416.0
    [iter 4107649] reheat + diversify: ceiling=0.00, value=54824.0
    [iter 4113402] reheat + diversify: ceiling=0.00, value=45519.0
    [iter 4119155] reheat + diversify: ceiling=0.00, value=66506.0
    [iter 4124908] reheat + diversify: ceiling=0.00, value=46759.0
    [iter 4130661] reheat + diversify: ceiling=0.00, value=55879.0
    [iter 4136414] reheat + diversify: ceiling=0.00, value=44372.0
    [iter 4142167] reheat + diversify: ceiling=0.00, value=54301.0
    [iter 4147920] reheat + diversify: ceiling=0.00, value=66506.0
    [iter 4153673] reheat + diversify: ceiling=0.00, value=66506.0
    [iter 4159426] reheat + diversify: ceiling=0.00, value=49656.0
    [iter 4165179] reheat + diversify: ceiling=0.00, value=54486.0
    [iter 4170932] reheat + diversify: ceiling=0.00, value=66506.0
    [iter 4176685] reheat + diversify: ceiling=0.00, value=45366.0
    [iter 4182438] reheat + diversify: ceiling=0.00, value=66506.0
    [iter 4188191] reheat + diversify: ceiling=0.00, value=56217.0
    [iter 4193944] reheat + diversify: ceiling=0.00, value=48838.0
    [iter 4199697] reheat + diversify: ceiling=0.00, value=57386.0
    [iter 4205450] reheat + diversify: ceiling=0.00, value=59949.0
    [iter 4211203] reheat + diversify: ceiling=0.00, value=58955.0
    [iter 4216956] reheat + diversify: ceiling=0.00, value=50231.0
    [iter 4222709] reheat + diversify: ceiling=0.00, value=51923.0
    [iter 4228462] reheat + diversify: ceiling=0.00, value=66844.0
    [iter 4234215] reheat + diversify: ceiling=0.00, value=51923.0
    [iter 4239968] reheat + diversify: ceiling=0.00, value=66844.0
    [iter 4245721] reheat + diversify: ceiling=0.00, value=66844.0
    [iter 4251474] reheat + diversify: ceiling=0.00, value=54639.0
    [iter 4257227] reheat + diversify: ceiling=0.00, value=51923.0
    [iter 4262980] reheat + diversify: ceiling=0.00, value=55879.0
    [iter 4268733] reheat + diversify: ceiling=0.00, value=57386.0
    [iter 4274486] reheat + diversify: ceiling=0.00, value=60287.0
    [iter 4280239] reheat + diversify: ceiling=0.00, value=66844.0
    [iter 4285992] reheat + diversify: ceiling=0.00, value=46275.0
    [iter 4291745] reheat + diversify: ceiling=0.00, value=52076.0
    [iter 4297498] reheat + diversify: ceiling=0.00, value=58955.0
    [iter 4303251] reheat + diversify: ceiling=0.00, value=52261.0
    [iter 4309004] reheat + diversify: ceiling=0.00, value=57724.0
    [iter 4314757] reheat + diversify: ceiling=0.00, value=39718.0
    [iter 4320510] reheat + diversify: ceiling=0.00, value=50231.0
    [iter 4326263] reheat + diversify: ceiling=0.00, value=51923.0
    [iter 4332016] reheat + diversify: ceiling=0.00, value=46275.0
    [iter 4337769] reheat + diversify: ceiling=0.00, value=54486.0
    [iter 4343522] reheat + diversify: ceiling=0.00, value=66844.0
    [iter 4349275] reheat + diversify: ceiling=0.00, value=51923.0
    [iter 4355028] reheat + diversify: ceiling=0.00, value=50416.0
    [iter 4360781] reheat + diversify: ceiling=0.00, value=48838.0
    [iter 4366534] reheat + diversify: ceiling=0.00, value=61043.0
    [iter 4372287] reheat + diversify: ceiling=0.00, value=54301.0
    [iter 4378040] reheat + diversify: ceiling=0.00, value=60858.0
    [iter 4383793] reheat + diversify: ceiling=0.00, value=49318.0
    [iter 4389546] reheat + diversify: ceiling=0.00, value=60287.0
    [iter 4395299] reheat + diversify: ceiling=0.00, value=54301.0
    [iter 4401052] reheat + diversify: ceiling=0.00, value=50416.0
    [iter 4406805] reheat + diversify: ceiling=0.00, value=66506.0
    [iter 4412558] reheat + diversify: ceiling=0.00, value=44372.0
    [iter 4418311] reheat + diversify: ceiling=0.00, value=66506.0
    [iter 4424064] reheat + diversify: ceiling=0.00, value=66506.0
    [iter 4429817] reheat + diversify: ceiling=0.00, value=66506.0
    [iter 4435570] reheat + diversify: ceiling=0.00, value=51738.0
    [iter 4441323] reheat + diversify: ceiling=0.00, value=59949.0
    [iter 4447076] reheat + diversify: ceiling=0.00, value=53377.0
    [iter 4452829] reheat + diversify: ceiling=0.00, value=60287.0
    [iter 4458582] reheat + diversify: ceiling=0.00, value=60858.0
  time limit reached at iteration 4462258
  SA finished: 4462258 iterations in 300.0s (14874 it/s), accepted 3596027 (80.6%), rejected 866230, neutral 2884168 (64.6%), worsening accepted 45.1%, no-move draws 0, reheats 775
  SA: value 66844.0 (greedy 29162.0, +37682.0), bound 118927.0, gap 43.79%, util 39.3%
  report -> /home/mcaspar/3DMHKP/results_3DMHKP_ep3/ep3-20-C-R-90-3DMHKP-SA-a0.999-r0.25-t300s.txt

================================================================================================
SUMMARY
================================================================================================
instance      boxes  packed       greedy     SA value        bound      gap    util    iters    time
------------------------------------------------------------------------------------------------
ep3-20-C-R-90     20      14      29162.0      66844.0     118927.0   43.8%   39.3%  4462258  300.0s
------------------------------------------------------------------------------------------------
proven optimal (value reaches the upper bound): 0/1
improved over greedy: 1/1 (total value 29162.0 -> 66844.0, +129.22%)
mean gap to 0-1 knapsack bound: 43.8%
mean volume utilization: 39.3%
