============================================================
  Solver:     3DMHKP-SA.py
  Instance:   /home/mcaspar/3DMHKP/Egeblad/ep3-20-L-R-90.txt
  Value mode: flat
  Timelimit:  900s
  Reports:    /home/mcaspar/3DMHKP/results_3DMHKP_ep3
  CPUs:       1
============================================================
======================================================================
3DMHKP Simulated Annealing (random single-neighbour, sequence decoder)
SA params: T0=5% of f(S_0), alpha=0.999, T_min=0.001, reheat_threshold=5753, reheat_fraction=0.25
Move weights: {'relocate': 0.0, 'swap': 1.0, '2opt': 0.0, 'promote': 1.5, 'demote': 1.5, 'orient': 1.0, 'container': 0.5}
Time limit: 900.0s per instance, seed 538514396
======================================================================

======================================================================
ep3-20-L-R-90: 20 boxes (20 types), 1 containers (1 types)
  0-1 knapsack bound: 37570.0 (continuous relaxation: 37762.4)
  initial (value-density) decode: value 25938.0 (13/20 boxes)
  T0 = 925.9 (calibrated, 222 worsening draws, target accept 35%)
  schedule: time-based, T0 -> 211.07 over 900s
    [iter 4] *** NEW BEST: value 26790.0, boxes 14/20, T=925.6, elapsed=0.2s
    [iter 13] *** NEW BEST: value 27918.0, boxes 13/20, T=925.6, elapsed=0.2s
    [iter 14] *** NEW BEST: value 31746.0, boxes 16/20, T=925.6, elapsed=0.2s
    [iter 79] *** NEW BEST: value 32170.0, boxes 14/20, T=925.6, elapsed=0.2s
    [iter 84] *** NEW BEST: value 32506.0, boxes 15/20, T=925.6, elapsed=0.2s
    [iter 91] *** NEW BEST: value 33210.0, boxes 16/20, T=925.6, elapsed=0.2s
    [iter 2578] *** NEW BEST: value 33496.0, boxes 16/20, T=924.9, elapsed=0.6s
    [iter 8331] reheat + diversify: ceiling=231.47, value=25662.0
    [iter 14084] reheat + diversify: ceiling=208.32, value=18568.0
    [iter 19837] reheat + diversify: ceiling=187.49, value=27795.0
    [iter 21602] *** NEW BEST: value 33760.0, boxes 15/20, T=920.0, elapsed=3.9s
    [iter 21708] *** NEW BEST: value 33822.0, boxes 15/20, T=920.0, elapsed=3.9s
    [iter 27461] reheat + diversify: ceiling=168.74, value=26590.0
    [iter 33214] reheat + diversify: ceiling=151.87, value=25409.0
    [iter 38148] *** NEW BEST: value 34106.0, boxes 17/20, T=915.8, elapsed=6.6s
    [iter 43901] reheat + diversify: ceiling=136.68, value=26040.0
    [iter 49654] reheat + diversify: ceiling=123.01, value=31166.0
    [iter 55407] reheat + diversify: ceiling=110.71, value=27778.0
    [iter 61160] reheat + diversify: ceiling=99.64, value=27165.0
    [iter 66913] reheat + diversify: ceiling=89.68, value=24345.0
    [iter 69508] *** NEW BEST: value 34330.0, boxes 17/20, T=908.2, elapsed=11.7s
    [iter 75261] reheat + diversify: ceiling=80.71, value=21377.0
    [iter 81014] reheat + diversify: ceiling=72.64, value=27652.0
    [iter 86767] reheat + diversify: ceiling=65.37, value=29584.0
    [iter 92520] reheat + diversify: ceiling=58.84, value=29382.0
    [iter 98273] reheat + diversify: ceiling=52.95, value=26208.0
    [iter 104026] reheat + diversify: ceiling=47.66, value=29018.0
    [iter 109779] reheat + diversify: ceiling=42.89, value=25506.0
    [iter 115532] reheat + diversify: ceiling=38.60, value=26590.0
    [iter 121285] reheat + diversify: ceiling=34.74, value=28568.0
    [iter 127038] reheat + diversify: ceiling=31.27, value=32446.0
    [iter 132791] reheat + diversify: ceiling=28.14, value=25033.0
    [iter 138544] reheat + diversify: ceiling=25.33, value=30458.0
    [iter 144297] reheat + diversify: ceiling=22.79, value=24961.0
    [iter 150050] reheat + diversify: ceiling=20.51, value=29984.0
    [iter 155803] reheat + diversify: ceiling=18.46, value=23613.0
    [iter 161556] reheat + diversify: ceiling=16.62, value=28260.0
    [iter 167309] reheat + diversify: ceiling=14.96, value=20097.0
    [iter 173062] reheat + diversify: ceiling=13.46, value=32214.0
    [iter 178815] reheat + diversify: ceiling=12.11, value=27240.0
    [iter 184568] reheat + diversify: ceiling=10.90, value=21417.0
    [iter 190321] reheat + diversify: ceiling=9.81, value=30826.0
    [iter 196074] reheat + diversify: ceiling=8.83, value=22895.0
    [iter 201827] reheat + diversify: ceiling=7.95, value=29794.0
    [iter 207580] reheat + diversify: ceiling=7.15, value=25638.0
    [iter 213333] reheat + diversify: ceiling=6.44, value=26670.0
    [iter 219086] reheat + diversify: ceiling=5.79, value=28556.0
    [iter 224839] reheat + diversify: ceiling=5.21, value=26465.0
    [iter 230592] reheat + diversify: ceiling=4.69, value=25730.0
    [iter 236345] reheat + diversify: ceiling=4.22, value=26487.0
    [iter 242098] reheat + diversify: ceiling=3.80, value=28350.0
    [iter 247851] reheat + diversify: ceiling=3.42, value=23795.0
    [iter 253604] reheat + diversify: ceiling=3.08, value=25289.0
    [iter 259357] reheat + diversify: ceiling=2.77, value=26368.0
    [iter 265110] reheat + diversify: ceiling=2.49, value=21607.0
    [iter 270863] reheat + diversify: ceiling=2.24, value=27134.0
    [iter 276616] reheat + diversify: ceiling=2.02, value=28124.0
    [iter 282369] reheat + diversify: ceiling=1.82, value=26336.0
    [iter 288122] reheat + diversify: ceiling=1.64, value=27664.0
    [iter 293875] reheat + diversify: ceiling=1.47, value=24869.0
    [iter 299628] reheat + diversify: ceiling=1.33, value=29632.0
    [iter 305381] reheat + diversify: ceiling=1.19, value=30164.0
    [iter 311134] reheat + diversify: ceiling=1.07, value=21213.0
    [iter 311242] *** NEW BEST: value 34464.0, boxes 16/20, T=850.1, elapsed=52.0s
    [iter 316995] reheat + diversify: ceiling=0.97, value=26590.0
    [iter 322748] reheat + diversify: ceiling=0.87, value=27566.0
    [iter 328501] reheat + diversify: ceiling=0.78, value=33496.0
    [iter 334254] reheat + diversify: ceiling=0.70, value=23511.0
    [iter 340007] reheat + diversify: ceiling=0.63, value=21403.0
    [iter 345760] reheat + diversify: ceiling=0.57, value=28752.0
    [iter 351513] reheat + diversify: ceiling=0.51, value=23271.0
    [iter 357266] reheat + diversify: ceiling=0.46, value=25426.0
    [iter 363019] reheat + diversify: ceiling=0.42, value=28854.0
    [iter 368772] reheat + diversify: ceiling=0.37, value=27807.0
    [iter 374525] reheat + diversify: ceiling=0.34, value=26773.0
    [iter 380278] reheat + diversify: ceiling=0.30, value=25330.0
    [iter 386031] reheat + diversify: ceiling=0.27, value=25694.0
    [iter 391784] reheat + diversify: ceiling=0.25, value=25333.0
    [iter 397537] reheat + diversify: ceiling=0.22, value=28900.0
    [iter 403290] reheat + diversify: ceiling=0.20, value=23849.0
    [iter 409043] reheat + diversify: ceiling=0.18, value=23676.0
    [iter 414796] reheat + diversify: ceiling=0.16, value=25927.0
    [iter 420549] reheat + diversify: ceiling=0.15, value=25440.0
    [iter 426302] reheat + diversify: ceiling=0.13, value=22215.0
    [iter 432055] reheat + diversify: ceiling=0.12, value=29972.0
    [iter 437808] reheat + diversify: ceiling=0.11, value=25326.0
    [iter 443561] reheat + diversify: ceiling=0.10, value=25962.0
    [iter 449314] reheat + diversify: ceiling=0.09, value=26792.0
    [iter 455067] reheat + diversify: ceiling=0.08, value=26519.0
    [iter 460820] reheat + diversify: ceiling=0.07, value=30656.0
    [iter 466573] reheat + diversify: ceiling=0.06, value=27040.0
    [iter 472326] reheat + diversify: ceiling=0.06, value=23905.0
    [iter 478079] reheat + diversify: ceiling=0.05, value=26043.0
    [iter 483832] reheat + diversify: ceiling=0.05, value=28386.0
    [iter 489585] reheat + diversify: ceiling=0.04, value=21205.0
    [iter 495338] reheat + diversify: ceiling=0.04, value=25833.0
    [iter 501091] reheat + diversify: ceiling=0.03, value=30818.0
    [iter 506844] reheat + diversify: ceiling=0.03, value=20967.0
    [iter 512597] reheat + diversify: ceiling=0.03, value=27202.0
    [iter 518350] reheat + diversify: ceiling=0.02, value=26447.0
    [iter 524103] reheat + diversify: ceiling=0.02, value=21961.0
    [iter 529856] reheat + diversify: ceiling=0.02, value=31498.0
    [iter 535609] reheat + diversify: ceiling=0.02, value=26924.0
    [iter 541362] reheat + diversify: ceiling=0.02, value=29754.0
    [iter 547115] reheat + diversify: ceiling=0.01, value=25304.0
    [iter 552868] reheat + diversify: ceiling=0.01, value=23612.0
    [iter 558621] reheat + diversify: ceiling=0.01, value=32036.0
    [iter 564374] reheat + diversify: ceiling=0.01, value=30532.0
    [iter 570127] reheat + diversify: ceiling=0.01, value=30222.0
    [iter 575880] reheat + diversify: ceiling=0.01, value=25729.0
    [iter 581633] reheat + diversify: ceiling=0.01, value=26455.0
    [iter 587386] reheat + diversify: ceiling=0.01, value=27041.0
    [iter 593139] reheat + diversify: ceiling=0.01, value=27262.0
    [iter 598892] reheat + diversify: ceiling=0.01, value=25160.0
    [iter 604645] reheat + diversify: ceiling=0.00, value=21768.0
    [iter 610398] reheat + diversify: ceiling=0.00, value=25734.0
    [iter 616151] reheat + diversify: ceiling=0.00, value=27717.0
    [iter 621904] reheat + diversify: ceiling=0.00, value=25691.0
    [iter 627657] reheat + diversify: ceiling=0.00, value=29532.0
    [iter 633410] reheat + diversify: ceiling=0.00, value=27088.0
    [iter 639163] reheat + diversify: ceiling=0.00, value=25987.0
    [iter 644916] reheat + diversify: ceiling=0.00, value=20721.0
    [iter 650669] reheat + diversify: ceiling=0.00, value=24157.0
    [iter 656422] reheat + diversify: ceiling=0.00, value=27488.0
    [iter 662175] reheat + diversify: ceiling=0.00, value=22167.0
    [iter 667928] reheat + diversify: ceiling=0.00, value=25922.0
    [iter 673681] reheat + diversify: ceiling=0.00, value=24388.0
    [iter 679434] reheat + diversify: ceiling=0.00, value=24784.0
    [iter 685187] reheat + diversify: ceiling=0.00, value=22325.0
    [iter 690940] reheat + diversify: ceiling=0.00, value=26813.0
    [iter 696693] reheat + diversify: ceiling=0.00, value=24591.0
    [iter 702446] reheat + diversify: ceiling=0.00, value=25420.0
    [iter 708199] reheat + diversify: ceiling=0.00, value=28692.0
    [iter 713952] reheat + diversify: ceiling=0.00, value=27512.0
    [iter 719705] reheat + diversify: ceiling=0.00, value=29450.0
    [iter 725458] reheat + diversify: ceiling=0.00, value=20441.0
    [iter 731211] reheat + diversify: ceiling=0.00, value=26776.0
    [iter 736964] reheat + diversify: ceiling=0.00, value=25289.0
    [iter 742717] reheat + diversify: ceiling=0.00, value=28322.0
    [iter 748470] reheat + diversify: ceiling=0.00, value=23202.0
    [iter 754223] reheat + diversify: ceiling=0.00, value=28216.0
    [iter 759976] reheat + diversify: ceiling=0.00, value=28892.0
    [iter 765729] reheat + diversify: ceiling=0.00, value=26395.0
    [iter 771482] reheat + diversify: ceiling=0.00, value=25533.0
    [iter 777235] reheat + diversify: ceiling=0.00, value=29258.0
    [iter 782988] reheat + diversify: ceiling=0.00, value=27288.0
    [iter 788741] reheat + diversify: ceiling=0.00, value=19690.0
    [iter 794494] reheat + diversify: ceiling=0.00, value=28024.0
    [iter 800247] reheat + diversify: ceiling=0.00, value=27034.0
    [iter 806000] reheat + diversify: ceiling=0.00, value=25596.0
    [iter 811753] reheat + diversify: ceiling=0.00, value=26865.0
    [iter 817506] reheat + diversify: ceiling=0.00, value=30498.0
    [iter 823259] reheat + diversify: ceiling=0.00, value=27283.0
    [iter 829012] reheat + diversify: ceiling=0.00, value=27780.0
    [iter 831936] *** NEW BEST: value 34526.0, boxes 16/20, T=738.0, elapsed=138.0s
    [iter 837689] reheat + diversify: ceiling=0.00, value=27972.0
    [iter 843442] reheat + diversify: ceiling=0.00, value=22680.0
    [iter 849195] reheat + diversify: ceiling=0.00, value=22770.0
    [iter 854948] reheat + diversify: ceiling=0.00, value=32080.0
    [iter 860701] reheat + diversify: ceiling=0.00, value=29486.0
    [iter 866454] reheat + diversify: ceiling=0.00, value=25525.0
    [iter 872207] reheat + diversify: ceiling=0.00, value=26788.0
    [iter 877960] reheat + diversify: ceiling=0.00, value=25096.0
    [iter 883713] reheat + diversify: ceiling=0.00, value=32222.0
    [iter 889466] reheat + diversify: ceiling=0.00, value=23955.0
    [iter 895219] reheat + diversify: ceiling=0.00, value=28014.0
    [iter 900972] reheat + diversify: ceiling=0.00, value=26400.0
    [iter 906725] reheat + diversify: ceiling=0.00, value=28726.0
    [iter 912478] reheat + diversify: ceiling=0.00, value=22041.0
    [iter 918231] reheat + diversify: ceiling=0.00, value=29126.0
    [iter 923984] reheat + diversify: ceiling=0.00, value=26712.0
    [iter 929737] reheat + diversify: ceiling=0.00, value=24649.0
    [iter 935490] reheat + diversify: ceiling=0.00, value=25320.0
    [iter 941243] reheat + diversify: ceiling=0.00, value=28778.0
    [iter 946996] reheat + diversify: ceiling=0.00, value=27146.0
    [iter 952749] reheat + diversify: ceiling=0.00, value=21863.0
    [iter 958502] reheat + diversify: ceiling=0.00, value=27636.0
    [iter 964255] reheat + diversify: ceiling=0.00, value=28056.0
    [iter 970008] reheat + diversify: ceiling=0.00, value=29196.0
    [iter 975761] reheat + diversify: ceiling=0.00, value=22971.0
    [iter 981514] reheat + diversify: ceiling=0.00, value=30782.0
    [iter 987267] reheat + diversify: ceiling=0.00, value=22689.0
    [iter 993020] reheat + diversify: ceiling=0.00, value=28968.0
    [iter 998773] reheat + diversify: ceiling=0.00, value=26161.0
    [iter 1004526] reheat + diversify: ceiling=0.00, value=26337.0
    [iter 1010279] reheat + diversify: ceiling=0.00, value=27793.0
    [iter 1016032] reheat + diversify: ceiling=0.00, value=29262.0
    [iter 1021785] reheat + diversify: ceiling=0.00, value=25744.0
    [iter 1027538] reheat + diversify: ceiling=0.00, value=29488.0
    [iter 1033291] reheat + diversify: ceiling=0.00, value=22847.0
    [iter 1039044] reheat + diversify: ceiling=0.00, value=21465.0
    [iter 1044797] reheat + diversify: ceiling=0.00, value=29318.0
    [iter 1050550] reheat + diversify: ceiling=0.00, value=29994.0
    [iter 1056303] reheat + diversify: ceiling=0.00, value=23386.0
    [iter 1062056] reheat + diversify: ceiling=0.00, value=26576.0
    [iter 1067809] reheat + diversify: ceiling=0.00, value=27890.0
    [iter 1073562] reheat + diversify: ceiling=0.00, value=29988.0
    [iter 1079315] reheat + diversify: ceiling=0.00, value=27574.0
    [iter 1085068] reheat + diversify: ceiling=0.00, value=28678.0
    [iter 1090821] reheat + diversify: ceiling=0.00, value=28394.0
    [iter 1096574] reheat + diversify: ceiling=0.00, value=25868.0
    [iter 1102327] reheat + diversify: ceiling=0.00, value=29736.0
    [iter 1108080] reheat + diversify: ceiling=0.00, value=26264.0
    [iter 1113833] reheat + diversify: ceiling=0.00, value=19449.0
    [iter 1119586] reheat + diversify: ceiling=0.00, value=26465.0
    [iter 1125339] reheat + diversify: ceiling=0.00, value=27467.0
    [iter 1131092] reheat + diversify: ceiling=0.00, value=24381.0
    [iter 1136845] reheat + diversify: ceiling=0.00, value=32406.0
    [iter 1142598] reheat + diversify: ceiling=0.00, value=31548.0
    [iter 1148351] reheat + diversify: ceiling=0.00, value=25794.0
    [iter 1154104] reheat + diversify: ceiling=0.00, value=23787.0
    [iter 1159857] reheat + diversify: ceiling=0.00, value=23611.0
    [iter 1165610] reheat + diversify: ceiling=0.00, value=28580.0
    [iter 1171363] reheat + diversify: ceiling=0.00, value=30582.0
    [iter 1177116] reheat + diversify: ceiling=0.00, value=25206.0
    [iter 1182869] reheat + diversify: ceiling=0.00, value=25408.0
    [iter 1188622] reheat + diversify: ceiling=0.00, value=22995.0
    [iter 1194375] reheat + diversify: ceiling=0.00, value=21034.0
    [iter 1200128] reheat + diversify: ceiling=0.00, value=30036.0
    [iter 1205881] reheat + diversify: ceiling=0.00, value=26162.0
    [iter 1211634] reheat + diversify: ceiling=0.00, value=31206.0
    [iter 1217387] reheat + diversify: ceiling=0.00, value=29298.0
    [iter 1223140] reheat + diversify: ceiling=0.00, value=24848.0
    [iter 1228893] reheat + diversify: ceiling=0.00, value=25697.0
    [iter 1234646] reheat + diversify: ceiling=0.00, value=26107.0
    [iter 1240399] reheat + diversify: ceiling=0.00, value=25974.0
    [iter 1246152] reheat + diversify: ceiling=0.00, value=23699.0
    [iter 1251905] reheat + diversify: ceiling=0.00, value=28554.0
    [iter 1257658] reheat + diversify: ceiling=0.00, value=31510.0
    [iter 1263411] reheat + diversify: ceiling=0.00, value=25064.0
    [iter 1269164] reheat + diversify: ceiling=0.00, value=22569.0
    [iter 1274917] reheat + diversify: ceiling=0.00, value=18917.0
    [iter 1280670] reheat + diversify: ceiling=0.00, value=30560.0
    [iter 1286423] reheat + diversify: ceiling=0.00, value=22613.0
    [iter 1292176] reheat + diversify: ceiling=0.00, value=27335.0
    [iter 1297929] reheat + diversify: ceiling=0.00, value=28010.0
    [iter 1303682] reheat + diversify: ceiling=0.00, value=28618.0
    [iter 1309435] reheat + diversify: ceiling=0.00, value=22123.0
    [iter 1315188] reheat + diversify: ceiling=0.00, value=27008.0
    [iter 1320941] reheat + diversify: ceiling=0.00, value=32388.0
    [iter 1326694] reheat + diversify: ceiling=0.00, value=25007.0
    [iter 1332447] reheat + diversify: ceiling=0.00, value=29722.0
    [iter 1338200] reheat + diversify: ceiling=0.00, value=24414.0
    [iter 1343953] reheat + diversify: ceiling=0.00, value=25248.0
    [iter 1349706] reheat + diversify: ceiling=0.00, value=23965.0
    [iter 1355459] reheat + diversify: ceiling=0.00, value=22539.0
    [iter 1361212] reheat + diversify: ceiling=0.00, value=32256.0
    [iter 1366965] reheat + diversify: ceiling=0.00, value=23140.0
    [iter 1372718] reheat + diversify: ceiling=0.00, value=26883.0
    [iter 1378471] reheat + diversify: ceiling=0.00, value=27262.0
    [iter 1384224] reheat + diversify: ceiling=0.00, value=26189.0
    [iter 1389977] reheat + diversify: ceiling=0.00, value=24241.0
    [iter 1395730] reheat + diversify: ceiling=0.00, value=26656.0
    [iter 1401483] reheat + diversify: ceiling=0.00, value=25861.0
    [iter 1407236] reheat + diversify: ceiling=0.00, value=31722.0
    [iter 1412989] reheat + diversify: ceiling=0.00, value=24374.0
    [iter 1418742] reheat + diversify: ceiling=0.00, value=24113.0
    [iter 1424495] reheat + diversify: ceiling=0.00, value=26105.0
    [iter 1430248] reheat + diversify: ceiling=0.00, value=26013.0
    [iter 1436001] reheat + diversify: ceiling=0.00, value=23657.0
    [iter 1441754] reheat + diversify: ceiling=0.00, value=26209.0
    [iter 1447507] reheat + diversify: ceiling=0.00, value=31510.0
    [iter 1453260] reheat + diversify: ceiling=0.00, value=23763.0
    [iter 1459013] reheat + diversify: ceiling=0.00, value=27670.0
    [iter 1464766] reheat + diversify: ceiling=0.00, value=27294.0
    [iter 1470519] reheat + diversify: ceiling=0.00, value=23986.0
    [iter 1476272] reheat + diversify: ceiling=0.00, value=31286.0
    [iter 1482025] reheat + diversify: ceiling=0.00, value=30140.0
    [iter 1487778] reheat + diversify: ceiling=0.00, value=24641.0
    [iter 1493531] reheat + diversify: ceiling=0.00, value=28554.0
    [iter 1499284] reheat + diversify: ceiling=0.00, value=27352.0
    [iter 1505037] reheat + diversify: ceiling=0.00, value=28386.0
    [iter 1510790] reheat + diversify: ceiling=0.00, value=26914.0
    [iter 1516543] reheat + diversify: ceiling=0.00, value=32960.0
    [iter 1522296] reheat + diversify: ceiling=0.00, value=26587.0
    [iter 1528049] reheat + diversify: ceiling=0.00, value=27704.0
    [iter 1533802] reheat + diversify: ceiling=0.00, value=27163.0
    [iter 1539555] reheat + diversify: ceiling=0.00, value=22271.0
    [iter 1545308] reheat + diversify: ceiling=0.00, value=24941.0
    [iter 1551061] reheat + diversify: ceiling=0.00, value=29736.0
    [iter 1556814] reheat + diversify: ceiling=0.00, value=26602.0
    [iter 1562567] reheat + diversify: ceiling=0.00, value=23347.0
    [iter 1568320] reheat + diversify: ceiling=0.00, value=22285.0
    [iter 1574073] reheat + diversify: ceiling=0.00, value=25376.0
    [iter 1579826] reheat + diversify: ceiling=0.00, value=29288.0
    [iter 1585579] reheat + diversify: ceiling=0.00, value=26820.0
    [iter 1591332] reheat + diversify: ceiling=0.00, value=30940.0
    [iter 1597085] reheat + diversify: ceiling=0.00, value=24867.0
    [iter 1602838] reheat + diversify: ceiling=0.00, value=29382.0
    [iter 1607478] *** NEW BEST: value 35052.0, boxes 18/20, T=599.0, elapsed=265.1s
    [iter 1613231] reheat + diversify: ceiling=0.00, value=25669.0
    [iter 1618984] reheat + diversify: ceiling=0.00, value=22935.0
    [iter 1624737] reheat + diversify: ceiling=0.00, value=22887.0
    [iter 1630490] reheat + diversify: ceiling=0.00, value=28982.0
    [iter 1636243] reheat + diversify: ceiling=0.00, value=31024.0
    [iter 1641996] reheat + diversify: ceiling=0.00, value=22501.0
    [iter 1647749] reheat + diversify: ceiling=0.00, value=24704.0
    [iter 1653502] reheat + diversify: ceiling=0.00, value=21691.0
    [iter 1659255] reheat + diversify: ceiling=0.00, value=25449.0
    [iter 1665008] reheat + diversify: ceiling=0.00, value=19785.0
    [iter 1670761] reheat + diversify: ceiling=0.00, value=27682.0
    [iter 1676514] reheat + diversify: ceiling=0.00, value=29324.0
    [iter 1682267] reheat + diversify: ceiling=0.00, value=28751.0
    [iter 1688020] reheat + diversify: ceiling=0.00, value=29954.0
    [iter 1693773] reheat + diversify: ceiling=0.00, value=22046.0
    [iter 1699526] reheat + diversify: ceiling=0.00, value=27140.0
    [iter 1705279] reheat + diversify: ceiling=0.00, value=27628.0
    [iter 1711032] reheat + diversify: ceiling=0.00, value=25528.0
    [iter 1716785] reheat + diversify: ceiling=0.00, value=20967.0
    [iter 1722538] reheat + diversify: ceiling=0.00, value=21863.0
    [iter 1728291] reheat + diversify: ceiling=0.00, value=21868.0
    [iter 1734044] reheat + diversify: ceiling=0.00, value=30188.0
    [iter 1739797] reheat + diversify: ceiling=0.00, value=23870.0
    [iter 1745550] reheat + diversify: ceiling=0.00, value=22727.0
    [iter 1751303] reheat + diversify: ceiling=0.00, value=21613.0
    [iter 1757056] reheat + diversify: ceiling=0.00, value=27582.0
    [iter 1762809] reheat + diversify: ceiling=0.00, value=27538.0
    [iter 1768562] reheat + diversify: ceiling=0.00, value=27342.0
    [iter 1774315] reheat + diversify: ceiling=0.00, value=25738.0
    [iter 1780068] reheat + diversify: ceiling=0.00, value=31678.0
    [iter 1785821] reheat + diversify: ceiling=0.00, value=27812.0
    [iter 1791574] reheat + diversify: ceiling=0.00, value=23381.0
    [iter 1797327] reheat + diversify: ceiling=0.00, value=28690.0
    [iter 1803080] reheat + diversify: ceiling=0.00, value=25178.0
    [iter 1808833] reheat + diversify: ceiling=0.00, value=26652.0
    [iter 1814586] reheat + diversify: ceiling=0.00, value=26061.0
    [iter 1820339] reheat + diversify: ceiling=0.00, value=27760.0
    [iter 1826092] reheat + diversify: ceiling=0.00, value=27012.0
    [iter 1831845] reheat + diversify: ceiling=0.00, value=30720.0
    [iter 1837598] reheat + diversify: ceiling=0.00, value=25544.0
    [iter 1843351] reheat + diversify: ceiling=0.00, value=26566.0
    [iter 1849104] reheat + diversify: ceiling=0.00, value=20803.0
    [iter 1854857] reheat + diversify: ceiling=0.00, value=27028.0
    [iter 1860610] reheat + diversify: ceiling=0.00, value=22701.0
    [iter 1866363] reheat + diversify: ceiling=0.00, value=22943.0
    [iter 1872116] reheat + diversify: ceiling=0.00, value=21091.0
    [iter 1877869] reheat + diversify: ceiling=0.00, value=30860.0
    [iter 1883622] reheat + diversify: ceiling=0.00, value=24732.0
    [iter 1889375] reheat + diversify: ceiling=0.00, value=29932.0
    [iter 1895128] reheat + diversify: ceiling=0.00, value=21159.0
    [iter 1900881] reheat + diversify: ceiling=0.00, value=28584.0
    [iter 1906634] reheat + diversify: ceiling=0.00, value=28918.0
    [iter 1912387] reheat + diversify: ceiling=0.00, value=26560.0
    [iter 1918140] reheat + diversify: ceiling=0.00, value=20589.0
    [iter 1923893] reheat + diversify: ceiling=0.00, value=23865.0
    [iter 1929646] reheat + diversify: ceiling=0.00, value=23172.0
    [iter 1935399] reheat + diversify: ceiling=0.00, value=23676.0
    [iter 1941152] reheat + diversify: ceiling=0.00, value=31250.0
    [iter 1946905] reheat + diversify: ceiling=0.00, value=23544.0
    [iter 1952658] reheat + diversify: ceiling=0.00, value=28902.0
    [iter 1958411] reheat + diversify: ceiling=0.00, value=26776.0
    [iter 1964164] reheat + diversify: ceiling=0.00, value=27824.0
    [iter 1969917] reheat + diversify: ceiling=0.00, value=26388.0
    [iter 1975670] reheat + diversify: ceiling=0.00, value=25438.0
    [iter 1981423] reheat + diversify: ceiling=0.00, value=24198.0
    [iter 1987176] reheat + diversify: ceiling=0.00, value=18329.0
    [iter 1992929] reheat + diversify: ceiling=0.00, value=32036.0
    [iter 1998682] reheat + diversify: ceiling=0.00, value=18861.0
    [iter 2004435] reheat + diversify: ceiling=0.00, value=26773.0
    [iter 2010188] reheat + diversify: ceiling=0.00, value=24420.0
    [iter 2015941] reheat + diversify: ceiling=0.00, value=30718.0
    [iter 2021694] reheat + diversify: ceiling=0.00, value=21242.0
    [iter 2027447] reheat + diversify: ceiling=0.00, value=27793.0
    [iter 2033200] reheat + diversify: ceiling=0.00, value=28968.0
    [iter 2038953] reheat + diversify: ceiling=0.00, value=26061.0
    [iter 2044706] reheat + diversify: ceiling=0.00, value=23411.0
    [iter 2050459] reheat + diversify: ceiling=0.00, value=30214.0
    [iter 2056212] reheat + diversify: ceiling=0.00, value=30030.0
    [iter 2061965] reheat + diversify: ceiling=0.00, value=24172.0
    [iter 2067718] reheat + diversify: ceiling=0.00, value=26532.0
    [iter 2073471] reheat + diversify: ceiling=0.00, value=30528.0
    [iter 2079224] reheat + diversify: ceiling=0.00, value=31690.0
    [iter 2084977] reheat + diversify: ceiling=0.00, value=21935.0
    [iter 2090730] reheat + diversify: ceiling=0.00, value=33242.0
    [iter 2096483] reheat + diversify: ceiling=0.00, value=28040.0
    [iter 2102236] reheat + diversify: ceiling=0.00, value=26768.0
    [iter 2107989] reheat + diversify: ceiling=0.00, value=24642.0
    [iter 2113742] reheat + diversify: ceiling=0.00, value=22300.0
    [iter 2119495] reheat + diversify: ceiling=0.00, value=25908.0
    [iter 2125248] reheat + diversify: ceiling=0.00, value=22160.0
    [iter 2131001] reheat + diversify: ceiling=0.00, value=26344.0
    [iter 2136754] reheat + diversify: ceiling=0.00, value=24265.0
    [iter 2142507] reheat + diversify: ceiling=0.00, value=20681.0
    [iter 2148260] reheat + diversify: ceiling=0.00, value=25367.0
    [iter 2154013] reheat + diversify: ceiling=0.00, value=31468.0
    [iter 2159766] reheat + diversify: ceiling=0.00, value=21659.0
    [iter 2165519] reheat + diversify: ceiling=0.00, value=28532.0
    [iter 2171272] reheat + diversify: ceiling=0.00, value=26704.0
    [iter 2177025] reheat + diversify: ceiling=0.00, value=23888.0
    [iter 2182778] reheat + diversify: ceiling=0.00, value=24002.0
    [iter 2188531] reheat + diversify: ceiling=0.00, value=23585.0
    [iter 2194284] reheat + diversify: ceiling=0.00, value=30448.0
    [iter 2200037] reheat + diversify: ceiling=0.00, value=23849.0
    [iter 2205790] reheat + diversify: ceiling=0.00, value=22904.0
    [iter 2211543] reheat + diversify: ceiling=0.00, value=24446.0
    [iter 2217296] reheat + diversify: ceiling=0.00, value=27002.0
    [iter 2223049] reheat + diversify: ceiling=0.00, value=28790.0
    [iter 2228802] reheat + diversify: ceiling=0.00, value=24587.0
    [iter 2234555] reheat + diversify: ceiling=0.00, value=29606.0
    [iter 2240308] reheat + diversify: ceiling=0.00, value=24028.0
    [iter 2246061] reheat + diversify: ceiling=0.00, value=30525.0
    [iter 2251814] reheat + diversify: ceiling=0.00, value=23043.0
    [iter 2257567] reheat + diversify: ceiling=0.00, value=27684.0
    [iter 2263320] reheat + diversify: ceiling=0.00, value=22197.0
    [iter 2269073] reheat + diversify: ceiling=0.00, value=26152.0
    [iter 2274826] reheat + diversify: ceiling=0.00, value=27276.0
    [iter 2280579] reheat + diversify: ceiling=0.00, value=26126.0
    [iter 2286332] reheat + diversify: ceiling=0.00, value=24523.0
    [iter 2292085] reheat + diversify: ceiling=0.00, value=32275.0
    [iter 2297838] reheat + diversify: ceiling=0.00, value=28232.0
    [iter 2303591] reheat + diversify: ceiling=0.00, value=26144.0
    [iter 2309344] reheat + diversify: ceiling=0.00, value=31365.0
    [iter 2315097] reheat + diversify: ceiling=0.00, value=25064.0
    [iter 2320850] reheat + diversify: ceiling=0.00, value=31654.0
    [iter 2326603] reheat + diversify: ceiling=0.00, value=25395.0
    [iter 2332356] reheat + diversify: ceiling=0.00, value=32048.0
    [iter 2338109] reheat + diversify: ceiling=0.00, value=28266.0
    [iter 2343862] reheat + diversify: ceiling=0.00, value=24157.0
    [iter 2349615] reheat + diversify: ceiling=0.00, value=29582.0
    [iter 2355368] reheat + diversify: ceiling=0.00, value=22506.0
    [iter 2361121] reheat + diversify: ceiling=0.00, value=28790.0
    [iter 2366874] reheat + diversify: ceiling=0.00, value=27242.0
    [iter 2372627] reheat + diversify: ceiling=0.00, value=19519.0
    [iter 2378380] reheat + diversify: ceiling=0.00, value=30217.0
    [iter 2384133] reheat + diversify: ceiling=0.00, value=25454.0
    [iter 2389886] reheat + diversify: ceiling=0.00, value=26510.0
    [iter 2395639] reheat + diversify: ceiling=0.00, value=27242.0
    [iter 2401392] reheat + diversify: ceiling=0.00, value=25373.0
    [iter 2407145] reheat + diversify: ceiling=0.00, value=23621.0
    [iter 2412898] reheat + diversify: ceiling=0.00, value=23676.0
    [iter 2418651] reheat + diversify: ceiling=0.00, value=26164.0
    [iter 2424404] reheat + diversify: ceiling=0.00, value=22556.0
    [iter 2430157] reheat + diversify: ceiling=0.00, value=30140.0
    [iter 2435910] reheat + diversify: ceiling=0.00, value=24785.0
    [iter 2441663] reheat + diversify: ceiling=0.00, value=28844.0
    [iter 2447416] reheat + diversify: ceiling=0.00, value=25662.0
    [iter 2453169] reheat + diversify: ceiling=0.00, value=27458.0
    [iter 2458922] reheat + diversify: ceiling=0.00, value=26681.0
    [iter 2464675] reheat + diversify: ceiling=0.00, value=24485.0
    [iter 2470428] reheat + diversify: ceiling=0.00, value=28752.0
    [iter 2476181] reheat + diversify: ceiling=0.00, value=23216.0
    [iter 2481934] reheat + diversify: ceiling=0.00, value=25052.0
    [iter 2487687] reheat + diversify: ceiling=0.00, value=30158.0
    [iter 2493440] reheat + diversify: ceiling=0.00, value=29442.0
    [iter 2499193] reheat + diversify: ceiling=0.00, value=24955.0
    [iter 2504946] reheat + diversify: ceiling=0.00, value=22779.0
    [iter 2510699] reheat + diversify: ceiling=0.00, value=28326.0
    [iter 2516452] reheat + diversify: ceiling=0.00, value=27480.0
    [iter 2522205] reheat + diversify: ceiling=0.00, value=24748.0
    [iter 2527958] reheat + diversify: ceiling=0.00, value=23359.0
    [iter 2533711] reheat + diversify: ceiling=0.00, value=26917.0
    [iter 2539464] reheat + diversify: ceiling=0.00, value=27304.0
    [iter 2545217] reheat + diversify: ceiling=0.00, value=33464.0
    [iter 2550970] reheat + diversify: ceiling=0.00, value=24858.0
    [iter 2556723] reheat + diversify: ceiling=0.00, value=31510.0
    [iter 2562476] reheat + diversify: ceiling=0.00, value=22904.0
    [iter 2568229] reheat + diversify: ceiling=0.00, value=28266.0
    [iter 2573982] reheat + diversify: ceiling=0.00, value=25851.0
    [iter 2579735] reheat + diversify: ceiling=0.00, value=19753.0
    [iter 2585488] reheat + diversify: ceiling=0.00, value=29018.0
    [iter 2591241] reheat + diversify: ceiling=0.00, value=27838.0
    [iter 2596994] reheat + diversify: ceiling=0.00, value=23452.0
    [iter 2602747] reheat + diversify: ceiling=0.00, value=31486.0
    [iter 2608500] reheat + diversify: ceiling=0.00, value=25675.0
    [iter 2614253] reheat + diversify: ceiling=0.00, value=24867.0
    [iter 2620006] reheat + diversify: ceiling=0.00, value=26940.0
    [iter 2625759] reheat + diversify: ceiling=0.00, value=29428.0
    [iter 2631512] reheat + diversify: ceiling=0.00, value=26109.0
    [iter 2637265] reheat + diversify: ceiling=0.00, value=26853.0
    [iter 2643018] reheat + diversify: ceiling=0.00, value=27312.0
    [iter 2648771] reheat + diversify: ceiling=0.00, value=31302.0
    [iter 2654524] reheat + diversify: ceiling=0.00, value=28607.0
    [iter 2660277] reheat + diversify: ceiling=0.00, value=28076.0
    [iter 2666030] reheat + diversify: ceiling=0.00, value=32194.0
    [iter 2671783] reheat + diversify: ceiling=0.00, value=23787.0
    [iter 2677536] reheat + diversify: ceiling=0.00, value=26650.0
    [iter 2683289] reheat + diversify: ceiling=0.00, value=27283.0
    [iter 2689042] reheat + diversify: ceiling=0.00, value=23639.0
    [iter 2694795] reheat + diversify: ceiling=0.00, value=24862.0
    [iter 2700548] reheat + diversify: ceiling=0.00, value=25995.0
    [iter 2706301] reheat + diversify: ceiling=0.00, value=27141.0
    [iter 2712054] reheat + diversify: ceiling=0.00, value=27504.0
    [iter 2717807] reheat + diversify: ceiling=0.00, value=28364.0
    [iter 2723560] reheat + diversify: ceiling=0.00, value=28662.0
    [iter 2729313] reheat + diversify: ceiling=0.00, value=28610.0
    [iter 2735066] reheat + diversify: ceiling=0.00, value=29030.0
    [iter 2740819] reheat + diversify: ceiling=0.00, value=23867.0
    [iter 2746572] reheat + diversify: ceiling=0.00, value=28998.0
    [iter 2752325] reheat + diversify: ceiling=0.00, value=26584.0
    [iter 2758078] reheat + diversify: ceiling=0.00, value=26144.0
    [iter 2763831] reheat + diversify: ceiling=0.00, value=26388.0
    [iter 2769584] reheat + diversify: ceiling=0.00, value=29625.0
    [iter 2775337] reheat + diversify: ceiling=0.00, value=26865.0
    [iter 2781090] reheat + diversify: ceiling=0.00, value=21410.0
    [iter 2786843] reheat + diversify: ceiling=0.00, value=29312.0
    [iter 2792596] reheat + diversify: ceiling=0.00, value=28840.0
    [iter 2798349] reheat + diversify: ceiling=0.00, value=31960.0
    [iter 2804102] reheat + diversify: ceiling=0.00, value=31300.0
    [iter 2809855] reheat + diversify: ceiling=0.00, value=31510.0
    [iter 2815608] reheat + diversify: ceiling=0.00, value=27092.0
    [iter 2821361] reheat + diversify: ceiling=0.00, value=26854.0
    [iter 2827114] reheat + diversify: ceiling=0.00, value=22173.0
    [iter 2832867] reheat + diversify: ceiling=0.00, value=26521.0
    [iter 2838620] reheat + diversify: ceiling=0.00, value=20335.0
    [iter 2844373] reheat + diversify: ceiling=0.00, value=26148.0
    [iter 2850126] reheat + diversify: ceiling=0.00, value=29578.0
    [iter 2855879] reheat + diversify: ceiling=0.00, value=23253.0
    [iter 2861632] reheat + diversify: ceiling=0.00, value=27782.0
    [iter 2867385] reheat + diversify: ceiling=0.00, value=22780.0
    [iter 2873138] reheat + diversify: ceiling=0.00, value=30474.0
    [iter 2878891] reheat + diversify: ceiling=0.00, value=26318.0
    [iter 2884644] reheat + diversify: ceiling=0.00, value=26910.0
    [iter 2890397] reheat + diversify: ceiling=0.00, value=20546.0
    [iter 2896150] reheat + diversify: ceiling=0.00, value=24207.0
    [iter 2901903] reheat + diversify: ceiling=0.00, value=29580.0
    [iter 2907656] reheat + diversify: ceiling=0.00, value=28310.0
    [iter 2913409] reheat + diversify: ceiling=0.00, value=28121.0
    [iter 2919162] reheat + diversify: ceiling=0.00, value=23952.0
    [iter 2924915] reheat + diversify: ceiling=0.00, value=27678.0
    [iter 2930668] reheat + diversify: ceiling=0.00, value=27278.0
    [iter 2936421] reheat + diversify: ceiling=0.00, value=29798.0
    [iter 2942174] reheat + diversify: ceiling=0.00, value=26362.0
    [iter 2947927] reheat + diversify: ceiling=0.00, value=26043.0
    [iter 2953680] reheat + diversify: ceiling=0.00, value=28790.0
    [iter 2959433] reheat + diversify: ceiling=0.00, value=23965.0
    [iter 2965186] reheat + diversify: ceiling=0.00, value=20579.0
    [iter 2970939] reheat + diversify: ceiling=0.00, value=25876.0
    [iter 2976692] reheat + diversify: ceiling=0.00, value=27004.0
    [iter 2982445] reheat + diversify: ceiling=0.00, value=24136.0
    [iter 2988198] reheat + diversify: ceiling=0.00, value=25578.0
    [iter 2993951] reheat + diversify: ceiling=0.00, value=22325.0
    [iter 2999704] reheat + diversify: ceiling=0.00, value=31096.0
    [iter 3005457] reheat + diversify: ceiling=0.00, value=29808.0
    [iter 3011210] reheat + diversify: ceiling=0.00, value=31492.0
    [iter 3016963] reheat + diversify: ceiling=0.00, value=29254.0
    [iter 3022716] reheat + diversify: ceiling=0.00, value=24502.0
    [iter 3028469] reheat + diversify: ceiling=0.00, value=30356.0
    [iter 3034222] reheat + diversify: ceiling=0.00, value=26792.0
    [iter 3039975] reheat + diversify: ceiling=0.00, value=23763.0
    [iter 3045728] reheat + diversify: ceiling=0.00, value=22110.0
    [iter 3051481] reheat + diversify: ceiling=0.00, value=32080.0
    [iter 3057234] reheat + diversify: ceiling=0.00, value=32940.0
    [iter 3062987] reheat + diversify: ceiling=0.00, value=24478.0
    [iter 3068740] reheat + diversify: ceiling=0.00, value=25738.0
    [iter 3074493] reheat + diversify: ceiling=0.00, value=28210.0
    [iter 3080246] reheat + diversify: ceiling=0.00, value=29780.0
    [iter 3085999] reheat + diversify: ceiling=0.00, value=27130.0
    [iter 3091752] reheat + diversify: ceiling=0.00, value=24042.0
    [iter 3097505] reheat + diversify: ceiling=0.00, value=27119.0
    [iter 3103258] reheat + diversify: ceiling=0.00, value=25581.0
    [iter 3109011] reheat + diversify: ceiling=0.00, value=25527.0
    [iter 3114764] reheat + diversify: ceiling=0.00, value=29606.0
    [iter 3120517] reheat + diversify: ceiling=0.00, value=21976.0
    [iter 3126270] reheat + diversify: ceiling=0.00, value=22217.0
    [iter 3132023] reheat + diversify: ceiling=0.00, value=27890.0
    [iter 3137776] reheat + diversify: ceiling=0.00, value=26120.0
    [iter 3143529] reheat + diversify: ceiling=0.00, value=30576.0
    [iter 3149282] reheat + diversify: ceiling=0.00, value=25584.0
    [iter 3155035] reheat + diversify: ceiling=0.00, value=25126.0
    [iter 3160788] reheat + diversify: ceiling=0.00, value=30140.0
    [iter 3166541] reheat + diversify: ceiling=0.00, value=30912.0
    [iter 3172294] reheat + diversify: ceiling=0.00, value=25113.0
    [iter 3178047] reheat + diversify: ceiling=0.00, value=30246.0
    [iter 3183800] reheat + diversify: ceiling=0.00, value=26221.0
    [iter 3189553] reheat + diversify: ceiling=0.00, value=29276.0
    [iter 3195306] reheat + diversify: ceiling=0.00, value=23341.0
    [iter 3201059] reheat + diversify: ceiling=0.00, value=22728.0
    [iter 3206812] reheat + diversify: ceiling=0.00, value=21353.0
    [iter 3212565] reheat + diversify: ceiling=0.00, value=23883.0
    [iter 3218318] reheat + diversify: ceiling=0.00, value=32446.0
    [iter 3224071] reheat + diversify: ceiling=0.00, value=28302.0
    [iter 3229824] reheat + diversify: ceiling=0.00, value=23437.0
    [iter 3235577] reheat + diversify: ceiling=0.00, value=26037.0
    [iter 3241330] reheat + diversify: ceiling=0.00, value=28150.0
    [iter 3247083] reheat + diversify: ceiling=0.00, value=23965.0
    [iter 3252836] reheat + diversify: ceiling=0.00, value=21600.0
    [iter 3258589] reheat + diversify: ceiling=0.00, value=23174.0
    [iter 3264342] reheat + diversify: ceiling=0.00, value=28086.0
    [iter 3270095] reheat + diversify: ceiling=0.00, value=25676.0
    [iter 3275848] reheat + diversify: ceiling=0.00, value=22334.0
    [iter 3281601] reheat + diversify: ceiling=0.00, value=26336.0
    [iter 3287354] reheat + diversify: ceiling=0.00, value=27017.0
    [iter 3293107] reheat + diversify: ceiling=0.00, value=22214.0
    [iter 3298860] reheat + diversify: ceiling=0.00, value=26984.0
    [iter 3304613] reheat + diversify: ceiling=0.00, value=26392.0
    [iter 3310366] reheat + diversify: ceiling=0.00, value=26474.0
    [iter 3316119] reheat + diversify: ceiling=0.00, value=25165.0
    [iter 3321872] reheat + diversify: ceiling=0.00, value=27275.0
    [iter 3327625] reheat + diversify: ceiling=0.00, value=26492.0
    [iter 3333378] reheat + diversify: ceiling=0.00, value=28758.0
    [iter 3339131] reheat + diversify: ceiling=0.00, value=26353.0
    [iter 3344884] reheat + diversify: ceiling=0.00, value=27868.0
    [iter 3350637] reheat + diversify: ceiling=0.00, value=22295.0
    [iter 3356390] reheat + diversify: ceiling=0.00, value=22480.0
    [iter 3362143] reheat + diversify: ceiling=0.00, value=25473.0
    [iter 3367896] reheat + diversify: ceiling=0.00, value=27376.0
    [iter 3373649] reheat + diversify: ceiling=0.00, value=28502.0
    [iter 3379402] reheat + diversify: ceiling=0.00, value=26098.0
    [iter 3385155] reheat + diversify: ceiling=0.00, value=30826.0
    [iter 3390908] reheat + diversify: ceiling=0.00, value=28299.0
    [iter 3396661] reheat + diversify: ceiling=0.00, value=29966.0
    [iter 3402414] reheat + diversify: ceiling=0.00, value=27076.0
    [iter 3408167] reheat + diversify: ceiling=0.00, value=26508.0
    [iter 3413920] reheat + diversify: ceiling=0.00, value=29442.0
    [iter 3419673] reheat + diversify: ceiling=0.00, value=25131.0
    [iter 3425426] reheat + diversify: ceiling=0.00, value=25349.0
    [iter 3431179] reheat + diversify: ceiling=0.00, value=31928.0
    [iter 3436932] reheat + diversify: ceiling=0.00, value=26030.0
    [iter 3442685] reheat + diversify: ceiling=0.00, value=28241.0
    [iter 3448438] reheat + diversify: ceiling=0.00, value=24774.0
    [iter 3454191] reheat + diversify: ceiling=0.00, value=24700.0
    [iter 3459944] reheat + diversify: ceiling=0.00, value=26199.0
    [iter 3465697] reheat + diversify: ceiling=0.00, value=29988.0
    [iter 3471450] reheat + diversify: ceiling=0.00, value=26560.0
    [iter 3477203] reheat + diversify: ceiling=0.00, value=27486.0
    [iter 3482956] reheat + diversify: ceiling=0.00, value=28348.0
    [iter 3488709] reheat + diversify: ceiling=0.00, value=30036.0
    [iter 3494462] reheat + diversify: ceiling=0.00, value=32430.0
    [iter 3500215] reheat + diversify: ceiling=0.00, value=23985.0
    [iter 3505968] reheat + diversify: ceiling=0.00, value=23053.0
    [iter 3511721] reheat + diversify: ceiling=0.00, value=27963.0
    [iter 3517474] reheat + diversify: ceiling=0.00, value=26878.0
    [iter 3523227] reheat + diversify: ceiling=0.00, value=20739.0
    [iter 3528980] reheat + diversify: ceiling=0.00, value=24290.0
    [iter 3534733] reheat + diversify: ceiling=0.00, value=22649.0
    [iter 3540486] reheat + diversify: ceiling=0.00, value=21697.0
    [iter 3546239] reheat + diversify: ceiling=0.00, value=26612.0
    [iter 3551992] reheat + diversify: ceiling=0.00, value=29546.0
    [iter 3557745] reheat + diversify: ceiling=0.00, value=24117.0
    [iter 3563498] reheat + diversify: ceiling=0.00, value=25115.0
    [iter 3569251] reheat + diversify: ceiling=0.00, value=25556.0
    [iter 3575004] reheat + diversify: ceiling=0.00, value=29314.0
    [iter 3580757] reheat + diversify: ceiling=0.00, value=27314.0
    [iter 3586510] reheat + diversify: ceiling=0.00, value=22421.0
    [iter 3592263] reheat + diversify: ceiling=0.00, value=30246.0
    [iter 3598016] reheat + diversify: ceiling=0.00, value=30752.0
    [iter 3603769] reheat + diversify: ceiling=0.00, value=30158.0
    [iter 3609522] reheat + diversify: ceiling=0.00, value=31946.0
    [iter 3615275] reheat + diversify: ceiling=0.00, value=26924.0
    [iter 3621028] reheat + diversify: ceiling=0.00, value=28930.0
    [iter 3626781] reheat + diversify: ceiling=0.00, value=30974.0
    [iter 3632534] reheat + diversify: ceiling=0.00, value=24739.0
    [iter 3638287] reheat + diversify: ceiling=0.00, value=30932.0
    [iter 3644040] reheat + diversify: ceiling=0.00, value=22258.0
    [iter 3649793] reheat + diversify: ceiling=0.00, value=26968.0
    [iter 3655546] reheat + diversify: ceiling=0.00, value=30890.0
    [iter 3661299] reheat + diversify: ceiling=0.00, value=29494.0
    [iter 3667052] reheat + diversify: ceiling=0.00, value=24415.0
    [iter 3672805] reheat + diversify: ceiling=0.00, value=25773.0
    [iter 3678558] reheat + diversify: ceiling=0.00, value=28144.0
    [iter 3684311] reheat + diversify: ceiling=0.00, value=30164.0
    [iter 3690064] reheat + diversify: ceiling=0.00, value=22035.0
    [iter 3695817] reheat + diversify: ceiling=0.00, value=22693.0
    [iter 3701570] reheat + diversify: ceiling=0.00, value=25579.0
    [iter 3707323] reheat + diversify: ceiling=0.00, value=28532.0
    [iter 3713076] reheat + diversify: ceiling=0.00, value=29236.0
    [iter 3718829] reheat + diversify: ceiling=0.00, value=31280.0
    [iter 3724582] reheat + diversify: ceiling=0.00, value=29392.0
    [iter 3730335] reheat + diversify: ceiling=0.00, value=28182.0
    [iter 3736088] reheat + diversify: ceiling=0.00, value=32740.0
    [iter 3741841] reheat + diversify: ceiling=0.00, value=27900.0
    [iter 3747594] reheat + diversify: ceiling=0.00, value=28689.0
    [iter 3753347] reheat + diversify: ceiling=0.00, value=31976.0
    [iter 3759100] reheat + diversify: ceiling=0.00, value=27780.0
    [iter 3764853] reheat + diversify: ceiling=0.00, value=26566.0
    [iter 3770606] reheat + diversify: ceiling=0.00, value=23341.0
    [iter 3776359] reheat + diversify: ceiling=0.00, value=28392.0
    [iter 3782112] reheat + diversify: ceiling=0.00, value=30210.0
    [iter 3787865] reheat + diversify: ceiling=0.00, value=31021.0
    [iter 3793618] reheat + diversify: ceiling=0.00, value=24962.0
    [iter 3799371] reheat + diversify: ceiling=0.00, value=26892.0
    [iter 3805124] reheat + diversify: ceiling=0.00, value=23725.0
    [iter 3810877] reheat + diversify: ceiling=0.00, value=24578.0
    [iter 3816630] reheat + diversify: ceiling=0.00, value=26996.0
    [iter 3822383] reheat + diversify: ceiling=0.00, value=27104.0
    [iter 3828136] reheat + diversify: ceiling=0.00, value=21935.0
    [iter 3833889] reheat + diversify: ceiling=0.00, value=28652.0
    [iter 3839642] reheat + diversify: ceiling=0.00, value=23300.0
    [iter 3845395] reheat + diversify: ceiling=0.00, value=24140.0
    [iter 3851148] reheat + diversify: ceiling=0.00, value=23524.0
    [iter 3856901] reheat + diversify: ceiling=0.00, value=25840.0
    [iter 3862654] reheat + diversify: ceiling=0.00, value=23703.0
    [iter 3868407] reheat + diversify: ceiling=0.00, value=24726.0
    [iter 3874160] reheat + diversify: ceiling=0.00, value=27504.0
    [iter 3879913] reheat + diversify: ceiling=0.00, value=26264.0
    [iter 3885666] reheat + diversify: ceiling=0.00, value=26866.0
    [iter 3891419] reheat + diversify: ceiling=0.00, value=22089.0
    [iter 3897172] reheat + diversify: ceiling=0.00, value=25538.0
    [iter 3902925] reheat + diversify: ceiling=0.00, value=25966.0
    [iter 3908678] reheat + diversify: ceiling=0.00, value=31423.0
    [iter 3914431] reheat + diversify: ceiling=0.00, value=30448.0
    [iter 3920184] reheat + diversify: ceiling=0.00, value=25633.0
    [iter 3925937] reheat + diversify: ceiling=0.00, value=29938.0
    [iter 3931690] reheat + diversify: ceiling=0.00, value=28044.0
    [iter 3937443] reheat + diversify: ceiling=0.00, value=31394.0
    [iter 3943196] reheat + diversify: ceiling=0.00, value=24343.0
    [iter 3948949] reheat + diversify: ceiling=0.00, value=27112.0
    [iter 3954702] reheat + diversify: ceiling=0.00, value=20131.0
    [iter 3960455] reheat + diversify: ceiling=0.00, value=27793.0
    [iter 3966208] reheat + diversify: ceiling=0.00, value=23938.0
    [iter 3971961] reheat + diversify: ceiling=0.00, value=29266.0
    [iter 3977714] reheat + diversify: ceiling=0.00, value=29652.0
    [iter 3983467] reheat + diversify: ceiling=0.00, value=24599.0
    [iter 3989220] reheat + diversify: ceiling=0.00, value=30458.0
    [iter 3994973] reheat + diversify: ceiling=0.00, value=24087.0
    [iter 4000726] reheat + diversify: ceiling=0.00, value=27650.0
    [iter 4006479] reheat + diversify: ceiling=0.00, value=27002.0
    [iter 4012232] reheat + diversify: ceiling=0.00, value=26140.0
    [iter 4017985] reheat + diversify: ceiling=0.00, value=26630.0
    [iter 4023738] reheat + diversify: ceiling=0.00, value=27640.0
    [iter 4029491] reheat + diversify: ceiling=0.00, value=22546.0
    [iter 4035244] reheat + diversify: ceiling=0.00, value=23827.0
    [iter 4040997] reheat + diversify: ceiling=0.00, value=28032.0
    [iter 4046750] reheat + diversify: ceiling=0.00, value=32756.0
    [iter 4052503] reheat + diversify: ceiling=0.00, value=26631.0
    [iter 4058256] reheat + diversify: ceiling=0.00, value=29356.0
    [iter 4064009] reheat + diversify: ceiling=0.00, value=29374.0
    [iter 4069762] reheat + diversify: ceiling=0.00, value=29734.0
    [iter 4075515] reheat + diversify: ceiling=0.00, value=28103.0
    [iter 4081268] reheat + diversify: ceiling=0.00, value=29290.0
    [iter 4087021] reheat + diversify: ceiling=0.00, value=31897.0
    [iter 4092774] reheat + diversify: ceiling=0.00, value=28417.0
    [iter 4098527] reheat + diversify: ceiling=0.00, value=32568.0
    [iter 4104280] reheat + diversify: ceiling=0.00, value=28150.0
    [iter 4110033] reheat + diversify: ceiling=0.00, value=24901.0
    [iter 4115786] reheat + diversify: ceiling=0.00, value=33822.0
    [iter 4121539] reheat + diversify: ceiling=0.00, value=25052.0
    [iter 4127292] reheat + diversify: ceiling=0.00, value=24380.0
    [iter 4133045] reheat + diversify: ceiling=0.00, value=27900.0
    [iter 4138798] reheat + diversify: ceiling=0.00, value=23506.0
    [iter 4144551] reheat + diversify: ceiling=0.00, value=19615.0
    [iter 4150304] reheat + diversify: ceiling=0.00, value=25172.0
    [iter 4156057] reheat + diversify: ceiling=0.00, value=27076.0
    [iter 4161810] reheat + diversify: ceiling=0.00, value=22509.0
    [iter 4167563] reheat + diversify: ceiling=0.00, value=28086.0
    [iter 4173316] reheat + diversify: ceiling=0.00, value=24980.0
    [iter 4179069] reheat + diversify: ceiling=0.00, value=28871.0
    [iter 4184822] reheat + diversify: ceiling=0.00, value=18797.0
    [iter 4190575] reheat + diversify: ceiling=0.00, value=24574.0
    [iter 4196328] reheat + diversify: ceiling=0.00, value=23691.0
    [iter 4202081] reheat + diversify: ceiling=0.00, value=23152.0
    [iter 4207834] reheat + diversify: ceiling=0.00, value=33402.0
    [iter 4213587] reheat + diversify: ceiling=0.00, value=33464.0
    [iter 4219340] reheat + diversify: ceiling=0.00, value=25113.0
    [iter 4225093] reheat + diversify: ceiling=0.00, value=29126.0
    [iter 4230846] reheat + diversify: ceiling=0.00, value=27954.0
    [iter 4236599] reheat + diversify: ceiling=0.00, value=26336.0
    [iter 4242352] reheat + diversify: ceiling=0.00, value=31644.0
    [iter 4248105] reheat + diversify: ceiling=0.00, value=24028.0
    [iter 4253858] reheat + diversify: ceiling=0.00, value=30868.0
    [iter 4259611] reheat + diversify: ceiling=0.00, value=24858.0
    [iter 4265364] reheat + diversify: ceiling=0.00, value=28150.0
    [iter 4271117] reheat + diversify: ceiling=0.00, value=32024.0
    [iter 4276870] reheat + diversify: ceiling=0.00, value=24960.0
    [iter 4282623] reheat + diversify: ceiling=0.00, value=30250.0
    [iter 4288376] reheat + diversify: ceiling=0.00, value=25752.0
    [iter 4294129] reheat + diversify: ceiling=0.00, value=29686.0
    [iter 4299882] reheat + diversify: ceiling=0.00, value=26765.0
    [iter 4305635] reheat + diversify: ceiling=0.00, value=31284.0
    [iter 4311388] reheat + diversify: ceiling=0.00, value=31630.0
    [iter 4317141] reheat + diversify: ceiling=0.00, value=27572.0
    [iter 4322894] reheat + diversify: ceiling=0.00, value=30848.0
    [iter 4328647] reheat + diversify: ceiling=0.00, value=27834.0
    [iter 4334400] reheat + diversify: ceiling=0.00, value=26112.0
    [iter 4340153] reheat + diversify: ceiling=0.00, value=24812.0
    [iter 4345906] reheat + diversify: ceiling=0.00, value=30204.0
    [iter 4351659] reheat + diversify: ceiling=0.00, value=25422.0
    [iter 4357412] reheat + diversify: ceiling=0.00, value=31684.0
    [iter 4363165] reheat + diversify: ceiling=0.00, value=21599.0
    [iter 4368918] reheat + diversify: ceiling=0.00, value=26098.0
    [iter 4374671] reheat + diversify: ceiling=0.00, value=25869.0
    [iter 4380424] reheat + diversify: ceiling=0.00, value=22881.0
    [iter 4386177] reheat + diversify: ceiling=0.00, value=24203.0
    [iter 4391930] reheat + diversify: ceiling=0.00, value=21805.0
    [iter 4397683] reheat + diversify: ceiling=0.00, value=25709.0
    [iter 4403436] reheat + diversify: ceiling=0.00, value=27432.0
    [iter 4409189] reheat + diversify: ceiling=0.00, value=21499.0
    [iter 4414942] reheat + diversify: ceiling=0.00, value=26336.0
    [iter 4420695] reheat + diversify: ceiling=0.00, value=29372.0
    [iter 4426448] reheat + diversify: ceiling=0.00, value=28754.0
    [iter 4432201] reheat + diversify: ceiling=0.00, value=30698.0
    [iter 4437954] reheat + diversify: ceiling=0.00, value=28358.0
    [iter 4443707] reheat + diversify: ceiling=0.00, value=29118.0
    [iter 4449460] reheat + diversify: ceiling=0.00, value=28311.0
    [iter 4455213] reheat + diversify: ceiling=0.00, value=26887.0
    [iter 4460966] reheat + diversify: ceiling=0.00, value=25929.0
    [iter 4466719] reheat + diversify: ceiling=0.00, value=27040.0
    [iter 4472472] reheat + diversify: ceiling=0.00, value=33210.0
    [iter 4478225] reheat + diversify: ceiling=0.00, value=29554.0
    [iter 4483978] reheat + diversify: ceiling=0.00, value=29756.0
    [iter 4489731] reheat + diversify: ceiling=0.00, value=26138.0
    [iter 4495484] reheat + diversify: ceiling=0.00, value=25813.0
    [iter 4501237] reheat + diversify: ceiling=0.00, value=29650.0
    [iter 4506990] reheat + diversify: ceiling=0.00, value=22068.0
    [iter 4512743] reheat + diversify: ceiling=0.00, value=33402.0
    [iter 4518496] reheat + diversify: ceiling=0.00, value=33478.0
    [iter 4524249] reheat + diversify: ceiling=0.00, value=25600.0
    [iter 4530002] reheat + diversify: ceiling=0.00, value=33402.0
    [iter 4535755] reheat + diversify: ceiling=0.00, value=24190.0
    [iter 4541508] reheat + diversify: ceiling=0.00, value=24986.0
    [iter 4547261] reheat + diversify: ceiling=0.00, value=25049.0
    [iter 4553014] reheat + diversify: ceiling=0.00, value=27544.0
    [iter 4558767] reheat + diversify: ceiling=0.00, value=32774.0
    [iter 4564520] reheat + diversify: ceiling=0.00, value=22589.0
    [iter 4570273] reheat + diversify: ceiling=0.00, value=28645.0
    [iter 4576026] reheat + diversify: ceiling=0.00, value=30826.0
    [iter 4581779] reheat + diversify: ceiling=0.00, value=25998.0
    [iter 4587532] reheat + diversify: ceiling=0.00, value=28548.0
    [iter 4593285] reheat + diversify: ceiling=0.00, value=27716.0
    [iter 4599038] reheat + diversify: ceiling=0.00, value=28274.0
    [iter 4604791] reheat + diversify: ceiling=0.00, value=29542.0
    [iter 4610544] reheat + diversify: ceiling=0.00, value=33434.0
    [iter 4616297] reheat + diversify: ceiling=0.00, value=26686.0
    [iter 4622050] reheat + diversify: ceiling=0.00, value=28386.0
    [iter 4627803] reheat + diversify: ceiling=0.00, value=24629.0
    [iter 4633556] reheat + diversify: ceiling=0.00, value=28150.0
    [iter 4639309] reheat + diversify: ceiling=0.00, value=27016.0
    [iter 4645062] reheat + diversify: ceiling=0.00, value=24502.0
    [iter 4650815] reheat + diversify: ceiling=0.00, value=24776.0
    [iter 4656568] reheat + diversify: ceiling=0.00, value=27590.0
    [iter 4662321] reheat + diversify: ceiling=0.00, value=30330.0
    [iter 4668074] reheat + diversify: ceiling=0.00, value=32740.0
    [iter 4673827] reheat + diversify: ceiling=0.00, value=25959.0
    [iter 4679580] reheat + diversify: ceiling=0.00, value=29044.0
    [iter 4685333] reheat + diversify: ceiling=0.00, value=26064.0
    [iter 4691086] reheat + diversify: ceiling=0.00, value=23717.0
    [iter 4696839] reheat + diversify: ceiling=0.00, value=22538.0
    [iter 4702592] reheat + diversify: ceiling=0.00, value=29954.0
    [iter 4708345] reheat + diversify: ceiling=0.00, value=21443.0
    [iter 4714098] reheat + diversify: ceiling=0.00, value=29322.0
    [iter 4719851] reheat + diversify: ceiling=0.00, value=29060.0
    [iter 4725604] reheat + diversify: ceiling=0.00, value=28341.0
    [iter 4731357] reheat + diversify: ceiling=0.00, value=19977.0
    [iter 4737110] reheat + diversify: ceiling=0.00, value=29858.0
    [iter 4742863] reheat + diversify: ceiling=0.00, value=25588.0
    [iter 4748616] reheat + diversify: ceiling=0.00, value=27794.0
    [iter 4754369] reheat + diversify: ceiling=0.00, value=25592.0
    [iter 4760122] reheat + diversify: ceiling=0.00, value=28380.0
    [iter 4765875] reheat + diversify: ceiling=0.00, value=30140.0
    [iter 4771628] reheat + diversify: ceiling=0.00, value=32588.0
    [iter 4777381] reheat + diversify: ceiling=0.00, value=33094.0
    [iter 4783134] reheat + diversify: ceiling=0.00, value=24007.0
    [iter 4788887] reheat + diversify: ceiling=0.00, value=25163.0
    [iter 4794640] reheat + diversify: ceiling=0.00, value=27964.0
    [iter 4800393] reheat + diversify: ceiling=0.00, value=31092.0
    [iter 4806146] reheat + diversify: ceiling=0.00, value=27756.0
    [iter 4811899] reheat + diversify: ceiling=0.00, value=31328.0
    [iter 4817652] reheat + diversify: ceiling=0.00, value=23205.0
    [iter 4823405] reheat + diversify: ceiling=0.00, value=27862.0
    [iter 4829158] reheat + diversify: ceiling=0.00, value=27486.0
    [iter 4834911] reheat + diversify: ceiling=0.00, value=30310.0
    [iter 4840664] reheat + diversify: ceiling=0.00, value=33932.0
    [iter 4846417] reheat + diversify: ceiling=0.00, value=27632.0
    [iter 4852170] reheat + diversify: ceiling=0.00, value=23083.0
    [iter 4857923] reheat + diversify: ceiling=0.00, value=25071.0
    [iter 4863676] reheat + diversify: ceiling=0.00, value=27632.0
    [iter 4869429] reheat + diversify: ceiling=0.00, value=29276.0
    [iter 4875182] reheat + diversify: ceiling=0.00, value=23091.0
    [iter 4880935] reheat + diversify: ceiling=0.00, value=25618.0
    [iter 4886688] reheat + diversify: ceiling=0.00, value=25528.0
    [iter 4892441] reheat + diversify: ceiling=0.00, value=28761.0
    [iter 4898194] reheat + diversify: ceiling=0.00, value=29448.0
    [iter 4903947] reheat + diversify: ceiling=0.00, value=26071.0
    [iter 4909700] reheat + diversify: ceiling=0.00, value=27964.0
    [iter 4915453] reheat + diversify: ceiling=0.00, value=27034.0
    [iter 4921206] reheat + diversify: ceiling=0.00, value=27600.0
    [iter 4926959] reheat + diversify: ceiling=0.00, value=30808.0
    [iter 4932712] reheat + diversify: ceiling=0.00, value=32162.0
    [iter 4938465] reheat + diversify: ceiling=0.00, value=25142.0
    [iter 4944218] reheat + diversify: ceiling=0.00, value=22678.0
    [iter 4949971] reheat + diversify: ceiling=0.00, value=28738.0
    [iter 4955724] reheat + diversify: ceiling=0.00, value=30296.0
    [iter 4961477] reheat + diversify: ceiling=0.00, value=30926.0
    [iter 4967230] reheat + diversify: ceiling=0.00, value=26366.0
    [iter 4972983] reheat + diversify: ceiling=0.00, value=27926.0
    [iter 4978736] reheat + diversify: ceiling=0.00, value=28653.0
    [iter 4984489] reheat + diversify: ceiling=0.00, value=24482.0
    [iter 4990242] reheat + diversify: ceiling=0.00, value=33142.0
    [iter 4995995] reheat + diversify: ceiling=0.00, value=29177.0
    [iter 5001748] reheat + diversify: ceiling=0.00, value=22899.0
    [iter 5007501] reheat + diversify: ceiling=0.00, value=26830.0
    [iter 5013254] reheat + diversify: ceiling=0.00, value=24010.0
    [iter 5019007] reheat + diversify: ceiling=0.00, value=21568.0
    [iter 5024760] reheat + diversify: ceiling=0.00, value=23982.0
    [iter 5030513] reheat + diversify: ceiling=0.00, value=28994.0
    [iter 5036266] reheat + diversify: ceiling=0.00, value=17351.0
    [iter 5042019] reheat + diversify: ceiling=0.00, value=26602.0
    [iter 5047772] reheat + diversify: ceiling=0.00, value=26574.0
    [iter 5053525] reheat + diversify: ceiling=0.00, value=21641.0
    [iter 5059278] reheat + diversify: ceiling=0.00, value=26174.0
    [iter 5065031] reheat + diversify: ceiling=0.00, value=27630.0
    [iter 5070784] reheat + diversify: ceiling=0.00, value=23216.0
    [iter 5076537] reheat + diversify: ceiling=0.00, value=24407.0
    [iter 5082290] reheat + diversify: ceiling=0.00, value=25077.0
    [iter 5088043] reheat + diversify: ceiling=0.00, value=26098.0
    [iter 5093796] reheat + diversify: ceiling=0.00, value=25212.0
    [iter 5099549] reheat + diversify: ceiling=0.00, value=27231.0
    [iter 5105302] reheat + diversify: ceiling=0.00, value=25052.0
    [iter 5111055] reheat + diversify: ceiling=0.00, value=26001.0
    [iter 5116808] reheat + diversify: ceiling=0.00, value=27682.0
    [iter 5122561] reheat + diversify: ceiling=0.00, value=23595.0
    [iter 5128314] reheat + diversify: ceiling=0.00, value=27116.0
    [iter 5134067] reheat + diversify: ceiling=0.00, value=26158.0
    [iter 5139820] reheat + diversify: ceiling=0.00, value=22345.0
    [iter 5145573] reheat + diversify: ceiling=0.00, value=20913.0
    [iter 5151326] reheat + diversify: ceiling=0.00, value=23986.0
    [iter 5157079] reheat + diversify: ceiling=0.00, value=25024.0
    [iter 5162832] reheat + diversify: ceiling=0.00, value=29588.0
    [iter 5168585] reheat + diversify: ceiling=0.00, value=24025.0
    [iter 5174338] reheat + diversify: ceiling=0.00, value=25416.0
    [iter 5180091] reheat + diversify: ceiling=0.00, value=23389.0
    [iter 5185844] reheat + diversify: ceiling=0.00, value=28648.0
    [iter 5191597] reheat + diversify: ceiling=0.00, value=23508.0
    [iter 5197350] reheat + diversify: ceiling=0.00, value=33228.0
    [iter 5203103] reheat + diversify: ceiling=0.00, value=32038.0
    [iter 5208856] reheat + diversify: ceiling=0.00, value=28982.0
    [iter 5214609] reheat + diversify: ceiling=0.00, value=25200.0
    [iter 5220362] reheat + diversify: ceiling=0.00, value=26192.0
    [iter 5226115] reheat + diversify: ceiling=0.00, value=24024.0
    [iter 5231868] reheat + diversify: ceiling=0.00, value=27498.0
    [iter 5237621] reheat + diversify: ceiling=0.00, value=26968.0
    [iter 5243374] reheat + diversify: ceiling=0.00, value=31510.0
    [iter 5249127] reheat + diversify: ceiling=0.00, value=28566.0
    [iter 5254880] reheat + diversify: ceiling=0.00, value=28216.0
    [iter 5260633] reheat + diversify: ceiling=0.00, value=27146.0
    [iter 5266386] reheat + diversify: ceiling=0.00, value=29294.0
    [iter 5272139] reheat + diversify: ceiling=0.00, value=22472.0
    [iter 5277892] reheat + diversify: ceiling=0.00, value=30228.0
    [iter 5283645] reheat + diversify: ceiling=0.00, value=30036.0
    [iter 5289398] reheat + diversify: ceiling=0.00, value=25628.0
    [iter 5295151] reheat + diversify: ceiling=0.00, value=30004.0
    [iter 5300904] reheat + diversify: ceiling=0.00, value=22614.0
    [iter 5306657] reheat + diversify: ceiling=0.00, value=29148.0
    [iter 5312410] reheat + diversify: ceiling=0.00, value=32388.0
    [iter 5318163] reheat + diversify: ceiling=0.00, value=25625.0
    [iter 5323916] reheat + diversify: ceiling=0.00, value=26334.0
    [iter 5329669] reheat + diversify: ceiling=0.00, value=25256.0
    [iter 5335422] reheat + diversify: ceiling=0.00, value=21066.0
    [iter 5341175] reheat + diversify: ceiling=0.00, value=28132.0
    [iter 5346928] reheat + diversify: ceiling=0.00, value=28764.0
    [iter 5352681] reheat + diversify: ceiling=0.00, value=24642.0
    [iter 5358434] reheat + diversify: ceiling=0.00, value=26162.0
    [iter 5364187] reheat + diversify: ceiling=0.00, value=30848.0
    [iter 5369940] reheat + diversify: ceiling=0.00, value=22780.0
    [iter 5375693] reheat + diversify: ceiling=0.00, value=28612.0
    [iter 5381446] reheat + diversify: ceiling=0.00, value=27034.0
    [iter 5387199] reheat + diversify: ceiling=0.00, value=24658.0
    [iter 5392952] reheat + diversify: ceiling=0.00, value=25922.0
    [iter 5398705] reheat + diversify: ceiling=0.00, value=26543.0
    [iter 5404458] reheat + diversify: ceiling=0.00, value=25910.0
    [iter 5410211] reheat + diversify: ceiling=0.00, value=24509.0
    [iter 5415964] reheat + diversify: ceiling=0.00, value=27230.0
    [iter 5421717] reheat + diversify: ceiling=0.00, value=19053.0
    [iter 5427470] reheat + diversify: ceiling=0.00, value=21949.0
    [iter 5433223] reheat + diversify: ceiling=0.00, value=21644.0
    [iter 5438976] reheat + diversify: ceiling=0.00, value=28886.0
    [iter 5444729] reheat + diversify: ceiling=0.00, value=29114.0
    [iter 5450482] reheat + diversify: ceiling=0.00, value=28386.0
    [iter 5456235] reheat + diversify: ceiling=0.00, value=24155.0
    [iter 5461988] reheat + diversify: ceiling=0.00, value=28214.0
    [iter 5467741] reheat + diversify: ceiling=0.00, value=23710.0
    [iter 5473494] reheat + diversify: ceiling=0.00, value=26668.0
    [iter 5479247] reheat + diversify: ceiling=0.00, value=28715.0
    [iter 5485000] reheat + diversify: ceiling=0.00, value=26098.0
    [iter 5490753] reheat + diversify: ceiling=0.00, value=24639.0
    [iter 5496506] reheat + diversify: ceiling=0.00, value=29830.0
    [iter 5502259] reheat + diversify: ceiling=0.00, value=32088.0
    [iter 5508012] reheat + diversify: ceiling=0.00, value=28072.0
    [iter 5513765] reheat + diversify: ceiling=0.00, value=24621.0
    [iter 5519518] reheat + diversify: ceiling=0.00, value=23965.0
    [iter 5525271] reheat + diversify: ceiling=0.00, value=23289.0
    [iter 5531024] reheat + diversify: ceiling=0.00, value=25308.0
    [iter 5536777] reheat + diversify: ceiling=0.00, value=28496.0
    [iter 5542530] reheat + diversify: ceiling=0.00, value=24360.0
    [iter 5548283] reheat + diversify: ceiling=0.00, value=28074.0
    [iter 5554036] reheat + diversify: ceiling=0.00, value=25440.0
    [iter 5559789] reheat + diversify: ceiling=0.00, value=25428.0
    [iter 5565542] reheat + diversify: ceiling=0.00, value=31830.0
    [iter 5571295] reheat + diversify: ceiling=0.00, value=28346.0
  time limit reached at iteration 5571450
  SA finished: 5571450 iterations in 900.0s (6190 it/s), accepted 2368385 (42.5%), rejected 3203064, neutral 2093839 (37.6%), worsening accepted 7.9%, no-move draws 0, reheats 965
  SA: value 35052.0 (greedy 25938.0, +9114.0), bound 37570.0, gap 6.70%, util 87.8%
  report -> /home/mcaspar/3DMHKP/results_3DMHKP_ep3/ep3-20-L-R-90-3DMHKP-SA-a0.999-r0.25-t900s.txt

================================================================================================
SUMMARY
================================================================================================
instance      boxes  packed       greedy     SA value        bound      gap    util    iters    time
------------------------------------------------------------------------------------------------
ep3-20-L-R-90     20      18      25938.0      35052.0      37570.0    6.7%   87.8%  5571450  900.0s
------------------------------------------------------------------------------------------------
proven optimal (value reaches the upper bound): 0/1
improved over greedy: 1/1 (total value 25938.0 -> 35052.0, +35.14%)
mean gap to 0-1 knapsack bound: 6.7%
mean volume utilization: 87.8%
