============================================================
  Solver:     3DMHKP-SA.py
  Instance:   /home/mcaspar/3DMHKP/Egeblad/ep3-20-D-R-50.txt
  Value mode: flat
  Timelimit:  300s
  Reports:    /home/mcaspar/3DMHKP/results_3DMHKP_ep3
  CPUs:       1
============================================================
======================================================================
3DMHKP Simulated Annealing (random single-neighbour, sequence decoder)
SA params: T0=5% of f(S_0), alpha=0.999, T_min=0.001, reheat_threshold=5753, reheat_fraction=0.25
Move weights: {'relocate': 0.0, 'swap': 1.0, '2opt': 0.0, 'promote': 1.5, 'demote': 1.5, 'orient': 1.0, 'container': 0.5}
Time limit: 300.0s per instance, seed 1793707881
======================================================================

======================================================================
ep3-20-D-R-50: 20 boxes (20 types), 1 containers (1 types)
  0-1 knapsack bound: 19298.0 (continuous relaxation: 19604.2)
  initial (value-density) decode: value 9182.0 (12/20 boxes)
  T0 = 1023.5 (calibrated, 86 worsening draws, target accept 35%)
  schedule: time-based, T0 -> 233.32 over 300s
    [iter 2] *** NEW BEST: value 10766.0, boxes 12/20, T=1022.4, elapsed=0.2s
    [iter 12] *** NEW BEST: value 10839.0, boxes 11/20, T=1022.4, elapsed=0.2s
    [iter 17] *** NEW BEST: value 11935.0, boxes 12/20, T=1022.4, elapsed=0.2s
    [iter 24] *** NEW BEST: value 11949.0, boxes 11/20, T=1022.4, elapsed=0.2s
    [iter 25] *** NEW BEST: value 12201.0, boxes 10/20, T=1022.4, elapsed=0.2s
    [iter 51] *** NEW BEST: value 14390.0, boxes 12/20, T=1022.4, elapsed=0.2s
    [iter 198] *** NEW BEST: value 14422.0, boxes 11/20, T=1022.3, elapsed=0.2s
    [iter 271] *** NEW BEST: value 14597.0, boxes 11/20, T=1022.3, elapsed=0.2s
    [iter 336] *** NEW BEST: value 14622.0, boxes 11/20, T=1022.2, elapsed=0.2s
    [iter 348] *** NEW BEST: value 14681.0, boxes 10/20, T=1022.2, elapsed=0.3s
    [iter 396] *** NEW BEST: value 14869.0, boxes 12/20, T=1022.2, elapsed=0.3s
    [iter 401] *** NEW BEST: value 15857.0, boxes 11/20, T=1022.2, elapsed=0.3s
    [iter 6154] reheat + diversify: ceiling=255.88, value=9485.0
    [iter 11907] reheat + diversify: ceiling=230.29, value=12140.0
    [iter 17660] reheat + diversify: ceiling=207.26, value=10927.0
    [iter 18804] *** NEW BEST: value 15977.0, boxes 11/20, T=1011.3, elapsed=2.4s
    [iter 20746] *** NEW BEST: value 16153.0, boxes 11/20, T=1010.2, elapsed=2.7s
    [iter 26499] reheat + diversify: ceiling=186.53, value=11184.0
    [iter 32252] reheat + diversify: ceiling=167.88, value=12937.0
    [iter 38005] reheat + diversify: ceiling=151.09, value=6937.0
    [iter 43758] reheat + diversify: ceiling=135.98, value=8568.0
    [iter 49511] reheat + diversify: ceiling=122.39, value=9191.0
    [iter 55264] reheat + diversify: ceiling=110.15, value=10860.0
    [iter 61017] reheat + diversify: ceiling=99.13, value=10979.0
    [iter 66770] reheat + diversify: ceiling=89.22, value=12124.0
    [iter 72523] reheat + diversify: ceiling=80.30, value=14081.0
    [iter 78276] reheat + diversify: ceiling=72.27, value=10885.0
    [iter 84029] reheat + diversify: ceiling=65.04, value=8106.0
    [iter 89782] reheat + diversify: ceiling=58.54, value=11107.0
    [iter 95535] reheat + diversify: ceiling=52.68, value=12389.0
    [iter 101288] reheat + diversify: ceiling=47.41, value=11092.0
    [iter 107041] reheat + diversify: ceiling=42.67, value=10514.0
    [iter 112794] reheat + diversify: ceiling=38.41, value=10888.0
    [iter 118547] reheat + diversify: ceiling=34.57, value=10307.0
    [iter 124300] reheat + diversify: ceiling=31.11, value=12066.0
    [iter 130053] reheat + diversify: ceiling=28.00, value=12994.0
    [iter 135806] reheat + diversify: ceiling=25.20, value=12949.0
    [iter 141559] reheat + diversify: ceiling=22.68, value=12025.0
    [iter 147312] reheat + diversify: ceiling=20.41, value=12254.0
    [iter 153065] reheat + diversify: ceiling=18.37, value=13073.0
    [iter 158818] reheat + diversify: ceiling=16.53, value=14497.0
    [iter 164571] reheat + diversify: ceiling=14.88, value=12375.0
    [iter 170324] reheat + diversify: ceiling=13.39, value=9437.0
    [iter 176077] reheat + diversify: ceiling=12.05, value=9991.0
    [iter 181830] reheat + diversify: ceiling=10.85, value=14148.0
    [iter 187583] reheat + diversify: ceiling=9.76, value=13222.0
    [iter 193336] reheat + diversify: ceiling=8.79, value=11800.0
    [iter 199089] reheat + diversify: ceiling=7.91, value=9096.0
    [iter 204842] reheat + diversify: ceiling=7.12, value=12428.0
    [iter 210595] reheat + diversify: ceiling=6.40, value=14521.0
    [iter 216348] reheat + diversify: ceiling=5.76, value=12140.0
    [iter 222101] reheat + diversify: ceiling=5.19, value=10480.0
    [iter 227854] reheat + diversify: ceiling=4.67, value=14384.0
    [iter 233607] reheat + diversify: ceiling=4.20, value=11019.0
    [iter 239360] reheat + diversify: ceiling=3.78, value=15313.0
    [iter 245113] reheat + diversify: ceiling=3.40, value=13823.0
    [iter 250866] reheat + diversify: ceiling=3.06, value=12314.0
    [iter 256619] reheat + diversify: ceiling=2.76, value=12036.0
    [iter 262372] reheat + diversify: ceiling=2.48, value=12492.0
    [iter 268125] reheat + diversify: ceiling=2.23, value=10463.0
    [iter 273878] reheat + diversify: ceiling=2.01, value=9603.0
    [iter 279631] reheat + diversify: ceiling=1.81, value=11140.0
    [iter 285384] reheat + diversify: ceiling=1.63, value=11457.0
    [iter 291137] reheat + diversify: ceiling=1.47, value=12428.0
    [iter 296890] reheat + diversify: ceiling=1.32, value=11863.0
    [iter 302643] reheat + diversify: ceiling=1.19, value=11156.0
    [iter 308396] reheat + diversify: ceiling=1.07, value=10535.0
    [iter 313216] *** NEW BEST: value 16165.0, boxes 13/20, T=864.5, elapsed=34.3s
    [iter 318969] reheat + diversify: ceiling=0.96, value=14148.0
    [iter 324722] reheat + diversify: ceiling=0.87, value=12814.0
    [iter 330475] reheat + diversify: ceiling=0.78, value=13701.0
    [iter 336228] reheat + diversify: ceiling=0.70, value=10313.0
    [iter 341981] reheat + diversify: ceiling=0.63, value=11389.0
    [iter 347734] reheat + diversify: ceiling=0.57, value=12739.0
    [iter 353487] reheat + diversify: ceiling=0.51, value=13817.0
    [iter 359240] reheat + diversify: ceiling=0.46, value=11949.0
    [iter 364993] reheat + diversify: ceiling=0.41, value=13856.0
    [iter 370746] reheat + diversify: ceiling=0.37, value=11029.0
    [iter 376499] reheat + diversify: ceiling=0.34, value=13064.0
    [iter 382252] reheat + diversify: ceiling=0.30, value=12783.0
    [iter 388005] reheat + diversify: ceiling=0.27, value=12419.0
    [iter 393758] reheat + diversify: ceiling=0.24, value=13064.0
    [iter 399511] reheat + diversify: ceiling=0.22, value=11671.0
    [iter 405264] reheat + diversify: ceiling=0.20, value=13821.0
    [iter 411017] reheat + diversify: ceiling=0.18, value=11337.0
    [iter 416770] reheat + diversify: ceiling=0.16, value=11695.0
    [iter 422523] reheat + diversify: ceiling=0.14, value=11578.0
    [iter 428276] reheat + diversify: ceiling=0.13, value=12184.0
    [iter 434029] reheat + diversify: ceiling=0.12, value=10991.0
    [iter 439782] reheat + diversify: ceiling=0.11, value=11394.0
    [iter 445535] reheat + diversify: ceiling=0.09, value=14132.0
    [iter 451288] reheat + diversify: ceiling=0.09, value=10483.0
    [iter 457041] reheat + diversify: ceiling=0.08, value=14194.0
    [iter 462794] reheat + diversify: ceiling=0.07, value=11942.0
    [iter 468547] reheat + diversify: ceiling=0.06, value=9991.0
    [iter 474300] reheat + diversify: ceiling=0.06, value=12066.0
    [iter 480053] reheat + diversify: ceiling=0.05, value=10859.0
    [iter 485806] reheat + diversify: ceiling=0.05, value=13264.0
    [iter 491559] reheat + diversify: ceiling=0.04, value=11043.0
    [iter 497312] reheat + diversify: ceiling=0.04, value=15741.0
    [iter 503065] reheat + diversify: ceiling=0.03, value=12749.0
    [iter 508818] reheat + diversify: ceiling=0.03, value=13323.0
    [iter 514571] reheat + diversify: ceiling=0.03, value=12771.0
    [iter 520324] reheat + diversify: ceiling=0.02, value=10006.0
    [iter 526077] reheat + diversify: ceiling=0.02, value=13232.0
    [iter 531830] reheat + diversify: ceiling=0.02, value=14164.0
    [iter 537583] reheat + diversify: ceiling=0.02, value=8611.0
    [iter 543336] reheat + diversify: ceiling=0.02, value=11799.0
    [iter 549089] reheat + diversify: ceiling=0.01, value=13444.0
    [iter 554842] reheat + diversify: ceiling=0.01, value=10165.0
    [iter 560595] reheat + diversify: ceiling=0.01, value=10344.0
    [iter 566348] reheat + diversify: ceiling=0.01, value=12868.0
    [iter 572101] reheat + diversify: ceiling=0.01, value=11138.0
    [iter 577854] reheat + diversify: ceiling=0.01, value=11195.0
    [iter 583607] reheat + diversify: ceiling=0.01, value=11457.0
    [iter 589360] reheat + diversify: ceiling=0.01, value=11692.0
    [iter 595113] reheat + diversify: ceiling=0.01, value=12853.0
    [iter 600866] reheat + diversify: ceiling=0.01, value=14132.0
    [iter 606619] reheat + diversify: ceiling=0.00, value=11881.0
    [iter 612372] reheat + diversify: ceiling=0.00, value=8713.0
    [iter 618125] reheat + diversify: ceiling=0.00, value=11217.0
    [iter 623878] reheat + diversify: ceiling=0.00, value=11617.0
    [iter 629631] reheat + diversify: ceiling=0.00, value=13036.0
    [iter 635384] reheat + diversify: ceiling=0.00, value=12235.0
    [iter 641137] reheat + diversify: ceiling=0.00, value=12982.0
    [iter 646890] reheat + diversify: ceiling=0.00, value=10897.0
    [iter 652643] reheat + diversify: ceiling=0.00, value=12073.0
    [iter 658396] reheat + diversify: ceiling=0.00, value=11211.0
    [iter 664149] reheat + diversify: ceiling=0.00, value=13536.0
    [iter 669902] reheat + diversify: ceiling=0.00, value=12664.0
    [iter 675655] reheat + diversify: ceiling=0.00, value=13285.0
    [iter 681408] reheat + diversify: ceiling=0.00, value=7908.0
    [iter 687161] reheat + diversify: ceiling=0.00, value=12416.0
    [iter 692914] reheat + diversify: ceiling=0.00, value=11496.0
    [iter 698667] reheat + diversify: ceiling=0.00, value=11427.0
    [iter 704420] reheat + diversify: ceiling=0.00, value=13073.0
    [iter 710173] reheat + diversify: ceiling=0.00, value=13238.0
    [iter 715926] reheat + diversify: ceiling=0.00, value=14593.0
    [iter 721679] reheat + diversify: ceiling=0.00, value=11692.0
    [iter 727432] reheat + diversify: ceiling=0.00, value=11638.0
    [iter 733185] reheat + diversify: ceiling=0.00, value=13778.0
    [iter 738938] reheat + diversify: ceiling=0.00, value=13898.0
    [iter 744691] reheat + diversify: ceiling=0.00, value=12321.0
    [iter 750444] reheat + diversify: ceiling=0.00, value=11658.0
    [iter 756197] reheat + diversify: ceiling=0.00, value=11657.0
    [iter 761950] reheat + diversify: ceiling=0.00, value=10988.0
    [iter 767703] reheat + diversify: ceiling=0.00, value=12918.0
    [iter 773456] reheat + diversify: ceiling=0.00, value=12504.0
    [iter 779209] reheat + diversify: ceiling=0.00, value=10307.0
    [iter 784962] reheat + diversify: ceiling=0.00, value=11030.0
    [iter 790715] reheat + diversify: ceiling=0.00, value=11809.0
    [iter 796468] reheat + diversify: ceiling=0.00, value=8434.0
    [iter 802221] reheat + diversify: ceiling=0.00, value=11342.0
    [iter 807974] reheat + diversify: ceiling=0.00, value=14989.0
    [iter 813727] reheat + diversify: ceiling=0.00, value=10667.0
    [iter 819480] reheat + diversify: ceiling=0.00, value=9991.0
    [iter 825233] reheat + diversify: ceiling=0.00, value=13921.0
    [iter 830986] reheat + diversify: ceiling=0.00, value=12206.0
    [iter 836739] reheat + diversify: ceiling=0.00, value=11457.0
    [iter 842492] reheat + diversify: ceiling=0.00, value=12044.0
    [iter 848245] reheat + diversify: ceiling=0.00, value=12868.0
    [iter 853998] reheat + diversify: ceiling=0.00, value=11103.0
    [iter 859751] reheat + diversify: ceiling=0.00, value=12151.0
    [iter 865504] reheat + diversify: ceiling=0.00, value=10313.0
    [iter 871257] reheat + diversify: ceiling=0.00, value=12309.0
    [iter 877010] reheat + diversify: ceiling=0.00, value=12111.0
    [iter 882763] reheat + diversify: ceiling=0.00, value=11898.0
    [iter 888516] reheat + diversify: ceiling=0.00, value=12130.0
    [iter 894269] reheat + diversify: ceiling=0.00, value=12313.0
    [iter 900022] reheat + diversify: ceiling=0.00, value=9122.0
    [iter 905775] reheat + diversify: ceiling=0.00, value=13261.0
    [iter 911528] reheat + diversify: ceiling=0.00, value=10463.0
    [iter 917281] reheat + diversify: ceiling=0.00, value=12407.0
    [iter 923034] reheat + diversify: ceiling=0.00, value=11761.0
    [iter 928787] reheat + diversify: ceiling=0.00, value=12999.0
    [iter 934540] reheat + diversify: ceiling=0.00, value=11897.0
    [iter 940293] reheat + diversify: ceiling=0.00, value=12676.0
    [iter 946046] reheat + diversify: ceiling=0.00, value=12020.0
    [iter 951799] reheat + diversify: ceiling=0.00, value=10358.0
    [iter 957552] reheat + diversify: ceiling=0.00, value=11250.0
    [iter 963305] reheat + diversify: ceiling=0.00, value=12073.0
    [iter 969058] reheat + diversify: ceiling=0.00, value=11997.0
    [iter 974811] reheat + diversify: ceiling=0.00, value=14521.0
    [iter 980564] reheat + diversify: ceiling=0.00, value=12185.0
    [iter 986317] reheat + diversify: ceiling=0.00, value=12313.0
    [iter 992070] reheat + diversify: ceiling=0.00, value=11490.0
    [iter 997823] reheat + diversify: ceiling=0.00, value=11321.0
    [iter 1003576] reheat + diversify: ceiling=0.00, value=12139.0
    [iter 1009329] reheat + diversify: ceiling=0.00, value=11881.0
    [iter 1015082] reheat + diversify: ceiling=0.00, value=11150.0
    [iter 1020835] reheat + diversify: ceiling=0.00, value=13222.0
    [iter 1026588] reheat + diversify: ceiling=0.00, value=9838.0
    [iter 1032341] reheat + diversify: ceiling=0.00, value=12371.0
    [iter 1038094] reheat + diversify: ceiling=0.00, value=11055.0
    [iter 1043847] reheat + diversify: ceiling=0.00, value=12664.0
    [iter 1049600] reheat + diversify: ceiling=0.00, value=10982.0
    [iter 1055353] reheat + diversify: ceiling=0.00, value=10645.0
    [iter 1061106] reheat + diversify: ceiling=0.00, value=11698.0
    [iter 1066859] reheat + diversify: ceiling=0.00, value=11936.0
    [iter 1072612] reheat + diversify: ceiling=0.00, value=13778.0
    [iter 1078365] reheat + diversify: ceiling=0.00, value=14749.0
    [iter 1084118] reheat + diversify: ceiling=0.00, value=11740.0
    [iter 1089871] reheat + diversify: ceiling=0.00, value=12382.0
    [iter 1095624] reheat + diversify: ceiling=0.00, value=10307.0
    [iter 1101377] reheat + diversify: ceiling=0.00, value=9761.0
    [iter 1107130] reheat + diversify: ceiling=0.00, value=9484.0
    [iter 1112883] reheat + diversify: ceiling=0.00, value=11702.0
    [iter 1118636] reheat + diversify: ceiling=0.00, value=14521.0
    [iter 1124389] reheat + diversify: ceiling=0.00, value=12937.0
    [iter 1130142] reheat + diversify: ceiling=0.00, value=8748.0
    [iter 1135895] reheat + diversify: ceiling=0.00, value=13092.0
    [iter 1141648] reheat + diversify: ceiling=0.00, value=13117.0
    [iter 1147401] reheat + diversify: ceiling=0.00, value=12123.0
    [iter 1153154] reheat + diversify: ceiling=0.00, value=11834.0
    [iter 1158907] reheat + diversify: ceiling=0.00, value=13945.0
    [iter 1164660] reheat + diversify: ceiling=0.00, value=9254.0
    [iter 1170413] reheat + diversify: ceiling=0.00, value=12860.0
    [iter 1176166] reheat + diversify: ceiling=0.00, value=14521.0
    [iter 1181919] reheat + diversify: ceiling=0.00, value=10489.0
    [iter 1187672] reheat + diversify: ceiling=0.00, value=12788.0
    [iter 1193425] reheat + diversify: ceiling=0.00, value=9781.0
    [iter 1199178] reheat + diversify: ceiling=0.00, value=12490.0
    [iter 1204931] reheat + diversify: ceiling=0.00, value=12573.0
    [iter 1210684] reheat + diversify: ceiling=0.00, value=12951.0
    [iter 1216437] reheat + diversify: ceiling=0.00, value=12166.0
    [iter 1222190] reheat + diversify: ceiling=0.00, value=11427.0
    [iter 1227943] reheat + diversify: ceiling=0.00, value=8231.0
    [iter 1233696] reheat + diversify: ceiling=0.00, value=11365.0
    [iter 1239449] reheat + diversify: ceiling=0.00, value=11103.0
    [iter 1245202] reheat + diversify: ceiling=0.00, value=10688.0
    [iter 1250955] reheat + diversify: ceiling=0.00, value=10885.0
    [iter 1256708] reheat + diversify: ceiling=0.00, value=14686.0
    [iter 1262461] reheat + diversify: ceiling=0.00, value=10832.0
    [iter 1268214] reheat + diversify: ceiling=0.00, value=9342.0
    [iter 1273967] reheat + diversify: ceiling=0.00, value=13572.0
    [iter 1279720] reheat + diversify: ceiling=0.00, value=11558.0
    [iter 1285473] reheat + diversify: ceiling=0.00, value=13959.0
    [iter 1291226] reheat + diversify: ceiling=0.00, value=10720.0
    [iter 1296979] reheat + diversify: ceiling=0.00, value=10756.0
    [iter 1302732] reheat + diversify: ceiling=0.00, value=13817.0
    [iter 1308485] reheat + diversify: ceiling=0.00, value=10710.0
    [iter 1314238] reheat + diversify: ceiling=0.00, value=14726.0
    [iter 1319991] reheat + diversify: ceiling=0.00, value=10786.0
    [iter 1325744] reheat + diversify: ceiling=0.00, value=10188.0
    [iter 1331497] reheat + diversify: ceiling=0.00, value=13444.0
    [iter 1337250] reheat + diversify: ceiling=0.00, value=11113.0
    [iter 1343003] reheat + diversify: ceiling=0.00, value=11695.0
    [iter 1348756] reheat + diversify: ceiling=0.00, value=12217.0
    [iter 1354509] reheat + diversify: ceiling=0.00, value=15000.0
    [iter 1360262] reheat + diversify: ceiling=0.00, value=14132.0
    [iter 1366015] reheat + diversify: ceiling=0.00, value=11942.0
    [iter 1371768] reheat + diversify: ceiling=0.00, value=10692.0
    [iter 1377521] reheat + diversify: ceiling=0.00, value=12680.0
    [iter 1383274] reheat + diversify: ceiling=0.00, value=12620.0
    [iter 1389027] reheat + diversify: ceiling=0.00, value=12496.0
    [iter 1394780] reheat + diversify: ceiling=0.00, value=12496.0
    [iter 1400533] reheat + diversify: ceiling=0.00, value=10026.0
    [iter 1406286] reheat + diversify: ceiling=0.00, value=13869.0
    [iter 1412039] reheat + diversify: ceiling=0.00, value=13050.0
    [iter 1417792] reheat + diversify: ceiling=0.00, value=11497.0
    [iter 1423545] reheat + diversify: ceiling=0.00, value=10297.0
    [iter 1429298] reheat + diversify: ceiling=0.00, value=14327.0
    [iter 1435051] reheat + diversify: ceiling=0.00, value=14597.0
    [iter 1440804] reheat + diversify: ceiling=0.00, value=13542.0
    [iter 1446557] reheat + diversify: ceiling=0.00, value=12988.0
    [iter 1452310] reheat + diversify: ceiling=0.00, value=12015.0
    [iter 1458063] reheat + diversify: ceiling=0.00, value=11631.0
    [iter 1463816] reheat + diversify: ceiling=0.00, value=11263.0
    [iter 1469569] reheat + diversify: ceiling=0.00, value=12339.0
    [iter 1475322] reheat + diversify: ceiling=0.00, value=11553.0
    [iter 1481075] reheat + diversify: ceiling=0.00, value=12048.0
    [iter 1486828] reheat + diversify: ceiling=0.00, value=11016.0
    [iter 1492581] reheat + diversify: ceiling=0.00, value=11459.0
    [iter 1498334] reheat + diversify: ceiling=0.00, value=12655.0
    [iter 1504087] reheat + diversify: ceiling=0.00, value=13117.0
    [iter 1509840] reheat + diversify: ceiling=0.00, value=13989.0
    [iter 1515593] reheat + diversify: ceiling=0.00, value=9017.0
    [iter 1521346] reheat + diversify: ceiling=0.00, value=12712.0
    [iter 1527099] reheat + diversify: ceiling=0.00, value=13016.0
    [iter 1532852] reheat + diversify: ceiling=0.00, value=8785.0
    [iter 1538605] reheat + diversify: ceiling=0.00, value=13945.0
    [iter 1544358] reheat + diversify: ceiling=0.00, value=12595.0
    [iter 1550111] reheat + diversify: ceiling=0.00, value=13241.0
    [iter 1555864] reheat + diversify: ceiling=0.00, value=9272.0
    [iter 1561617] reheat + diversify: ceiling=0.00, value=9763.0
    [iter 1567370] reheat + diversify: ceiling=0.00, value=11365.0
    [iter 1573123] reheat + diversify: ceiling=0.00, value=12112.0
    [iter 1578876] reheat + diversify: ceiling=0.00, value=9967.0
    [iter 1584629] reheat + diversify: ceiling=0.00, value=10232.0
    [iter 1590382] reheat + diversify: ceiling=0.00, value=13015.0
    [iter 1596135] reheat + diversify: ceiling=0.00, value=13921.0
    [iter 1601888] reheat + diversify: ceiling=0.00, value=8788.0
    [iter 1607641] reheat + diversify: ceiling=0.00, value=12965.0
    [iter 1613394] reheat + diversify: ceiling=0.00, value=13075.0
    [iter 1619147] reheat + diversify: ceiling=0.00, value=7756.0
    [iter 1624900] reheat + diversify: ceiling=0.00, value=11155.0
    [iter 1630653] reheat + diversify: ceiling=0.00, value=12415.0
    [iter 1636406] reheat + diversify: ceiling=0.00, value=11897.0
    [iter 1642159] reheat + diversify: ceiling=0.00, value=13306.0
    [iter 1647912] reheat + diversify: ceiling=0.00, value=9397.0
    [iter 1653665] reheat + diversify: ceiling=0.00, value=12994.0
    [iter 1659418] reheat + diversify: ceiling=0.00, value=12747.0
    [iter 1665171] reheat + diversify: ceiling=0.00, value=13224.0
    [iter 1670924] reheat + diversify: ceiling=0.00, value=10685.0
    [iter 1676677] reheat + diversify: ceiling=0.00, value=11629.0
    [iter 1682430] reheat + diversify: ceiling=0.00, value=12294.0
    [iter 1688183] reheat + diversify: ceiling=0.00, value=11384.0
    [iter 1693936] reheat + diversify: ceiling=0.00, value=12742.0
    [iter 1699689] reheat + diversify: ceiling=0.00, value=12307.0
    [iter 1705442] reheat + diversify: ceiling=0.00, value=13240.0
    [iter 1711195] reheat + diversify: ceiling=0.00, value=12126.0
    [iter 1716948] reheat + diversify: ceiling=0.00, value=12918.0
    [iter 1722701] reheat + diversify: ceiling=0.00, value=12860.0
    [iter 1728454] reheat + diversify: ceiling=0.00, value=14269.0
    [iter 1734207] reheat + diversify: ceiling=0.00, value=12339.0
    [iter 1739960] reheat + diversify: ceiling=0.00, value=13073.0
    [iter 1745713] reheat + diversify: ceiling=0.00, value=8497.0
    [iter 1751466] reheat + diversify: ceiling=0.00, value=11883.0
    [iter 1757219] reheat + diversify: ceiling=0.00, value=13475.0
    [iter 1762972] reheat + diversify: ceiling=0.00, value=10141.0
    [iter 1768725] reheat + diversify: ceiling=0.00, value=13593.0
    [iter 1774478] reheat + diversify: ceiling=0.00, value=12786.0
    [iter 1780231] reheat + diversify: ceiling=0.00, value=12988.0
    [iter 1785984] reheat + diversify: ceiling=0.00, value=11949.0
    [iter 1791737] reheat + diversify: ceiling=0.00, value=9254.0
    [iter 1797490] reheat + diversify: ceiling=0.00, value=12692.0
    [iter 1803243] reheat + diversify: ceiling=0.00, value=11184.0
    [iter 1808996] reheat + diversify: ceiling=0.00, value=13701.0
    [iter 1814749] reheat + diversify: ceiling=0.00, value=11565.0
    [iter 1820502] reheat + diversify: ceiling=0.00, value=11617.0
    [iter 1826255] reheat + diversify: ceiling=0.00, value=11465.0
    [iter 1832008] reheat + diversify: ceiling=0.00, value=14354.0
    [iter 1837761] reheat + diversify: ceiling=0.00, value=10667.0
    [iter 1843514] reheat + diversify: ceiling=0.00, value=14429.0
    [iter 1849267] reheat + diversify: ceiling=0.00, value=11094.0
    [iter 1855020] reheat + diversify: ceiling=0.00, value=13784.0
    [iter 1860773] reheat + diversify: ceiling=0.00, value=14079.0
    [iter 1866526] reheat + diversify: ceiling=0.00, value=13222.0
    [iter 1872279] reheat + diversify: ceiling=0.00, value=11094.0
    [iter 1878032] reheat + diversify: ceiling=0.00, value=11877.0
    [iter 1883785] reheat + diversify: ceiling=0.00, value=14445.0
    [iter 1889538] reheat + diversify: ceiling=0.00, value=13114.0
    [iter 1895291] reheat + diversify: ceiling=0.00, value=12066.0
    [iter 1901044] reheat + diversify: ceiling=0.00, value=10202.0
    [iter 1906797] reheat + diversify: ceiling=0.00, value=12112.0
    [iter 1912550] reheat + diversify: ceiling=0.00, value=7453.0
    [iter 1918303] reheat + diversify: ceiling=0.00, value=14164.0
    [iter 1924056] reheat + diversify: ceiling=0.00, value=9239.0
    [iter 1929809] reheat + diversify: ceiling=0.00, value=7308.0
    [iter 1935562] reheat + diversify: ceiling=0.00, value=11935.0
    [iter 1941315] reheat + diversify: ceiling=0.00, value=10445.0
    [iter 1947068] reheat + diversify: ceiling=0.00, value=10981.0
    [iter 1952821] reheat + diversify: ceiling=0.00, value=13840.0
    [iter 1958574] reheat + diversify: ceiling=0.00, value=11497.0
    [iter 1964327] reheat + diversify: ceiling=0.00, value=11678.0
    [iter 1970080] reheat + diversify: ceiling=0.00, value=8416.0
    [iter 1975833] reheat + diversify: ceiling=0.00, value=12238.0
    [iter 1981586] reheat + diversify: ceiling=0.00, value=13821.0
    [iter 1987339] reheat + diversify: ceiling=0.00, value=13337.0
    [iter 1993092] reheat + diversify: ceiling=0.00, value=13925.0
    [iter 1998845] reheat + diversify: ceiling=0.00, value=11133.0
    [iter 2004598] reheat + diversify: ceiling=0.00, value=9953.0
    [iter 2010351] reheat + diversify: ceiling=0.00, value=10998.0
    [iter 2016104] reheat + diversify: ceiling=0.00, value=13440.0
    [iter 2021857] reheat + diversify: ceiling=0.00, value=14073.0
    [iter 2027610] reheat + diversify: ceiling=0.00, value=10193.0
    [iter 2033363] reheat + diversify: ceiling=0.00, value=6800.0
    [iter 2039116] reheat + diversify: ceiling=0.00, value=12321.0
    [iter 2044869] reheat + diversify: ceiling=0.00, value=13238.0
    [iter 2050622] reheat + diversify: ceiling=0.00, value=13210.0
    [iter 2056375] reheat + diversify: ceiling=0.00, value=12692.0
    [iter 2062128] reheat + diversify: ceiling=0.00, value=10156.0
    [iter 2067881] reheat + diversify: ceiling=0.00, value=12375.0
    [iter 2073634] reheat + diversify: ceiling=0.00, value=9704.0
    [iter 2079387] reheat + diversify: ceiling=0.00, value=12814.0
    [iter 2085140] reheat + diversify: ceiling=0.00, value=15005.0
    [iter 2090893] reheat + diversify: ceiling=0.00, value=12057.0
    [iter 2096646] reheat + diversify: ceiling=0.00, value=10867.0
    [iter 2102399] reheat + diversify: ceiling=0.00, value=12062.0
    [iter 2108152] reheat + diversify: ceiling=0.00, value=12783.0
    [iter 2113905] reheat + diversify: ceiling=0.00, value=13117.0
    [iter 2119658] reheat + diversify: ceiling=0.00, value=13558.0
    [iter 2125411] reheat + diversify: ceiling=0.00, value=13497.0
    [iter 2131164] reheat + diversify: ceiling=0.00, value=14032.0
    [iter 2136917] reheat + diversify: ceiling=0.00, value=14622.0
    [iter 2142670] reheat + diversify: ceiling=0.00, value=11371.0
    [iter 2148423] reheat + diversify: ceiling=0.00, value=11694.0
    [iter 2154176] reheat + diversify: ceiling=0.00, value=11614.0
    [iter 2159929] reheat + diversify: ceiling=0.00, value=12252.0
    [iter 2165682] reheat + diversify: ceiling=0.00, value=14416.0
    [iter 2171435] reheat + diversify: ceiling=0.00, value=10415.0
    [iter 2177188] reheat + diversify: ceiling=0.00, value=14073.0
    [iter 2182941] reheat + diversify: ceiling=0.00, value=10603.0
    [iter 2188694] reheat + diversify: ceiling=0.00, value=13159.0
    [iter 2194447] reheat + diversify: ceiling=0.00, value=12063.0
    [iter 2200200] reheat + diversify: ceiling=0.00, value=11457.0
    [iter 2205953] reheat + diversify: ceiling=0.00, value=11389.0
    [iter 2211706] reheat + diversify: ceiling=0.00, value=12308.0
    [iter 2217459] reheat + diversify: ceiling=0.00, value=13121.0
    [iter 2223212] reheat + diversify: ceiling=0.00, value=13618.0
    [iter 2228965] reheat + diversify: ceiling=0.00, value=14000.0
    [iter 2234718] reheat + diversify: ceiling=0.00, value=15000.0
    [iter 2240471] reheat + diversify: ceiling=0.00, value=8513.0
    [iter 2246224] reheat + diversify: ceiling=0.00, value=14211.0
    [iter 2251977] reheat + diversify: ceiling=0.00, value=11245.0
    [iter 2257730] reheat + diversify: ceiling=0.00, value=13222.0
    [iter 2263483] reheat + diversify: ceiling=0.00, value=11869.0
    [iter 2269236] reheat + diversify: ceiling=0.00, value=14521.0
    [iter 2274989] reheat + diversify: ceiling=0.00, value=12722.0
    [iter 2280742] reheat + diversify: ceiling=0.00, value=15148.0
    [iter 2286495] reheat + diversify: ceiling=0.00, value=13206.0
    [iter 2292248] reheat + diversify: ceiling=0.00, value=11415.0
    [iter 2298001] reheat + diversify: ceiling=0.00, value=11617.0
    [iter 2303754] reheat + diversify: ceiling=0.00, value=9067.0
    [iter 2309507] reheat + diversify: ceiling=0.00, value=13591.0
    [iter 2315260] reheat + diversify: ceiling=0.00, value=12998.0
    [iter 2321013] reheat + diversify: ceiling=0.00, value=14017.0
    [iter 2326766] reheat + diversify: ceiling=0.00, value=12083.0
    [iter 2332519] reheat + diversify: ceiling=0.00, value=12371.0
    [iter 2338272] reheat + diversify: ceiling=0.00, value=11657.0
    [iter 2344025] reheat + diversify: ceiling=0.00, value=11897.0
    [iter 2349778] reheat + diversify: ceiling=0.00, value=11360.0
    [iter 2355531] reheat + diversify: ceiling=0.00, value=12161.0
    [iter 2361284] reheat + diversify: ceiling=0.00, value=9913.0
    [iter 2367037] reheat + diversify: ceiling=0.00, value=14394.0
    [iter 2372790] reheat + diversify: ceiling=0.00, value=14497.0
    [iter 2378543] reheat + diversify: ceiling=0.00, value=13178.0
    [iter 2384296] reheat + diversify: ceiling=0.00, value=8860.0
    [iter 2390049] reheat + diversify: ceiling=0.00, value=10412.0
    [iter 2395802] reheat + diversify: ceiling=0.00, value=12133.0
    [iter 2401555] reheat + diversify: ceiling=0.00, value=10762.0
    [iter 2407308] reheat + diversify: ceiling=0.00, value=11692.0
    [iter 2413061] reheat + diversify: ceiling=0.00, value=13572.0
    [iter 2418814] reheat + diversify: ceiling=0.00, value=13241.0
    [iter 2424567] reheat + diversify: ceiling=0.00, value=9696.0
    [iter 2430320] reheat + diversify: ceiling=0.00, value=13074.0
    [iter 2436073] reheat + diversify: ceiling=0.00, value=9535.0
    [iter 2441826] reheat + diversify: ceiling=0.00, value=13921.0
    [iter 2447579] reheat + diversify: ceiling=0.00, value=11742.0
    [iter 2453332] reheat + diversify: ceiling=0.00, value=13413.0
    [iter 2459085] reheat + diversify: ceiling=0.00, value=12672.0
    [iter 2464838] reheat + diversify: ceiling=0.00, value=11371.0
    [iter 2470591] reheat + diversify: ceiling=0.00, value=12058.0
    [iter 2476344] reheat + diversify: ceiling=0.00, value=11881.0
    [iter 2482097] reheat + diversify: ceiling=0.00, value=13444.0
    [iter 2487850] reheat + diversify: ceiling=0.00, value=12423.0
    [iter 2493603] reheat + diversify: ceiling=0.00, value=10982.0
    [iter 2499356] reheat + diversify: ceiling=0.00, value=11771.0
    [iter 2505109] reheat + diversify: ceiling=0.00, value=15741.0
    [iter 2510862] reheat + diversify: ceiling=0.00, value=14520.0
    [iter 2516615] reheat + diversify: ceiling=0.00, value=11719.0
    [iter 2522368] reheat + diversify: ceiling=0.00, value=10317.0
    [iter 2528121] reheat + diversify: ceiling=0.00, value=12518.0
    [iter 2533874] reheat + diversify: ceiling=0.00, value=11564.0
    [iter 2539627] reheat + diversify: ceiling=0.00, value=14287.0
    [iter 2545380] reheat + diversify: ceiling=0.00, value=10473.0
    [iter 2551133] reheat + diversify: ceiling=0.00, value=12806.0
    [iter 2556886] reheat + diversify: ceiling=0.00, value=12541.0
    [iter 2562639] reheat + diversify: ceiling=0.00, value=12314.0
    [iter 2568392] reheat + diversify: ceiling=0.00, value=8362.0
    [iter 2574145] reheat + diversify: ceiling=0.00, value=12914.0
    [iter 2579898] reheat + diversify: ceiling=0.00, value=11339.0
    [iter 2585651] reheat + diversify: ceiling=0.00, value=12998.0
    [iter 2591404] reheat + diversify: ceiling=0.00, value=14126.0
    [iter 2597157] reheat + diversify: ceiling=0.00, value=11389.0
    [iter 2602910] reheat + diversify: ceiling=0.00, value=13093.0
    [iter 2608663] reheat + diversify: ceiling=0.00, value=9293.0
    [iter 2614416] reheat + diversify: ceiling=0.00, value=15148.0
    [iter 2620169] reheat + diversify: ceiling=0.00, value=11776.0
    [iter 2625922] reheat + diversify: ceiling=0.00, value=13337.0
    [iter 2631675] reheat + diversify: ceiling=0.00, value=8467.0
    [iter 2637428] reheat + diversify: ceiling=0.00, value=13982.0
    [iter 2643181] reheat + diversify: ceiling=0.00, value=12998.0
    [iter 2648934] reheat + diversify: ceiling=0.00, value=14989.0
    [iter 2654687] reheat + diversify: ceiling=0.00, value=10451.0
    [iter 2660440] reheat + diversify: ceiling=0.00, value=12294.0
    [iter 2666193] reheat + diversify: ceiling=0.00, value=14521.0
    [iter 2671946] reheat + diversify: ceiling=0.00, value=15378.0
    [iter 2677699] reheat + diversify: ceiling=0.00, value=13203.0
    [iter 2683452] reheat + diversify: ceiling=0.00, value=13833.0
    [iter 2689205] reheat + diversify: ceiling=0.00, value=11823.0
    [iter 2694958] reheat + diversify: ceiling=0.00, value=15142.0
    [iter 2700711] reheat + diversify: ceiling=0.00, value=11629.0
    [iter 2706464] reheat + diversify: ceiling=0.00, value=9043.0
    [iter 2712217] reheat + diversify: ceiling=0.00, value=9908.0
    [iter 2717970] reheat + diversify: ceiling=0.00, value=14038.0
    [iter 2723723] reheat + diversify: ceiling=0.00, value=11388.0
    [iter 2729476] reheat + diversify: ceiling=0.00, value=13913.0
    [iter 2735229] reheat + diversify: ceiling=0.00, value=12217.0
    [iter 2740982] reheat + diversify: ceiling=0.00, value=12641.0
    [iter 2746735] reheat + diversify: ceiling=0.00, value=11839.0
    [iter 2752488] reheat + diversify: ceiling=0.00, value=10692.0
    [iter 2758241] reheat + diversify: ceiling=0.00, value=13231.0
    [iter 2763994] reheat + diversify: ceiling=0.00, value=13990.0
    [iter 2769747] reheat + diversify: ceiling=0.00, value=13199.0
    [iter 2775500] reheat + diversify: ceiling=0.00, value=13740.0
    [iter 2781253] reheat + diversify: ceiling=0.00, value=14390.0
    [iter 2787006] reheat + diversify: ceiling=0.00, value=13273.0
    [iter 2792759] reheat + diversify: ceiling=0.00, value=14067.0
    [iter 2798512] reheat + diversify: ceiling=0.00, value=12544.0
    [iter 2804265] reheat + diversify: ceiling=0.00, value=10867.0
    [iter 2810018] reheat + diversify: ceiling=0.00, value=12504.0
    [iter 2815771] reheat + diversify: ceiling=0.00, value=11200.0
    [iter 2821524] reheat + diversify: ceiling=0.00, value=14702.0
    [iter 2827277] reheat + diversify: ceiling=0.00, value=11926.0
    [iter 2833030] reheat + diversify: ceiling=0.00, value=10704.0
  time limit reached at iteration 2837228
  SA finished: 2837228 iterations in 300.0s (9457 it/s), accepted 1802494 (63.5%), rejected 1034733, neutral 1475104 (52.0%), worsening accepted 24.0%, no-move draws 0, reheats 491
  SA: value 16165.0 (greedy 9182.0, +6983.0), bound 19298.0, gap 16.23%, util 81.4%
  report -> /home/mcaspar/3DMHKP/results_3DMHKP_ep3/ep3-20-D-R-50-3DMHKP-SA-a0.999-r0.25-t300s.txt

================================================================================================
SUMMARY
================================================================================================
instance      boxes  packed       greedy     SA value        bound      gap    util    iters    time
------------------------------------------------------------------------------------------------
ep3-20-D-R-50     20      13       9182.0      16165.0      19298.0   16.2%   81.4%  2837228  300.0s
------------------------------------------------------------------------------------------------
proven optimal (value reaches the upper bound): 0/1
improved over greedy: 1/1 (total value 9182.0 -> 16165.0, +76.05%)
mean gap to 0-1 knapsack bound: 16.2%
mean volume utilization: 81.4%
