============================================================
  Solver:     3DMHKP-SA.py
  Instance:   /home/mcaspar/3DMHKP/Egeblad/ep3-20-U-C-50.txt
  Value mode: flat
  Timelimit:  300s
  Reports:    /home/mcaspar/3DMHKP/results_3DMHKP_ep3
  CPUs:       1
============================================================
======================================================================
3DMHKP Simulated Annealing (random single-neighbour, sequence decoder)
SA params: T0=5% of f(S_0), alpha=0.999, T_min=0.001, reheat_threshold=5753, reheat_fraction=0.25
Move weights: {'relocate': 0.0, 'swap': 1.0, '2opt': 0.0, 'promote': 1.5, 'demote': 1.5, 'orient': 1.0, 'container': 0.5}
Time limit: 300.0s per instance, seed 949707139
======================================================================

======================================================================
ep3-20-U-C-50: 20 boxes (5 types), 1 containers (1 types)
  0-1 knapsack bound: 154428.0 (continuous relaxation: 157180.5)
  initial (value-density) decode: value 85910.0 (6/20 boxes)
  T0 = 3497.7 (calibrated, 65 worsening draws, target accept 35%)
  schedule: time-based, T0 -> 797.36 over 300s
    [iter 15] *** NEW BEST: value 89251.0, boxes 7/20, T=3497.0, elapsed=0.0s
    [iter 24] *** NEW BEST: value 90353.0, boxes 7/20, T=3497.0, elapsed=0.0s
    [iter 44] *** NEW BEST: value 94025.0, boxes 7/20, T=3496.9, elapsed=0.0s
    [iter 127] *** NEW BEST: value 96600.0, boxes 7/20, T=3496.8, elapsed=0.1s
    [iter 595] *** NEW BEST: value 97385.0, boxes 7/20, T=3496.4, elapsed=0.1s
    [iter 1410] *** NEW BEST: value 103613.0, boxes 8/20, T=3495.6, elapsed=0.1s
    [iter 2708] *** NEW BEST: value 104296.0, boxes 8/20, T=3494.2, elapsed=0.2s
    [iter 3149] *** NEW BEST: value 105398.0, boxes 8/20, T=3493.8, elapsed=0.2s
    [iter 3221] *** NEW BEST: value 108758.0, boxes 8/20, T=3493.7, elapsed=0.2s
    [iter 8974] reheat + diversify: ceiling=874.43, value=62833.0
    [iter 14727] reheat + diversify: ceiling=786.99, value=92923.0
    [iter 20480] reheat + diversify: ceiling=708.29, value=69494.0
    [iter 26233] reheat + diversify: ceiling=637.46, value=83340.0
    [iter 31986] reheat + diversify: ceiling=573.72, value=72069.0
    [iter 37739] reheat + diversify: ceiling=516.34, value=54328.0
    [iter 43492] reheat + diversify: ceiling=464.71, value=77093.0
    [iter 49245] reheat + diversify: ceiling=418.24, value=70846.0
    [iter 54998] reheat + diversify: ceiling=376.42, value=87466.0
    [iter 60751] reheat + diversify: ceiling=338.77, value=61365.0
    [iter 66504] reheat + diversify: ceiling=304.90, value=103613.0
    [iter 72257] reheat + diversify: ceiling=274.41, value=71948.0
    [iter 78010] reheat + diversify: ceiling=246.97, value=97385.0
    [iter 83763] reheat + diversify: ceiling=222.27, value=90353.0
    [iter 89516] reheat + diversify: ceiling=200.04, value=80082.0
    [iter 95269] reheat + diversify: ceiling=180.04, value=67607.0
    [iter 101022] reheat + diversify: ceiling=162.03, value=88778.0
    [iter 106775] reheat + diversify: ceiling=145.83, value=91138.0
    [iter 112528] reheat + diversify: ceiling=131.25, value=82340.0
    [iter 118281] reheat + diversify: ceiling=118.12, value=65037.0
    [iter 124034] reheat + diversify: ceiling=106.31, value=107968.0
    [iter 129787] reheat + diversify: ceiling=95.68, value=78980.0
    [iter 135540] reheat + diversify: ceiling=86.11, value=80082.0
    [iter 141293] reheat + diversify: ceiling=77.50, value=85891.0
    [iter 147046] reheat + diversify: ceiling=69.75, value=63935.0
    [iter 152799] reheat + diversify: ceiling=62.78, value=71948.0
    [iter 158552] reheat + diversify: ceiling=56.50, value=88568.0
    [iter 164305] reheat + diversify: ceiling=50.85, value=46194.0
    [iter 170058] reheat + diversify: ceiling=45.76, value=73835.0
    [iter 175811] reheat + diversify: ceiling=41.19, value=94025.0
    [iter 181564] reheat + diversify: ceiling=37.07, value=59473.0
    [iter 187317] reheat + diversify: ceiling=33.36, value=63935.0
    [iter 193070] reheat + diversify: ceiling=30.03, value=86676.0
    [iter 198823] reheat + diversify: ceiling=27.02, value=63935.0
    [iter 204576] reheat + diversify: ceiling=24.32, value=74206.0
    [iter 210329] reheat + diversify: ceiling=21.89, value=103613.0
    [iter 216082] reheat + diversify: ceiling=19.70, value=65701.0
    [iter 221835] reheat + diversify: ceiling=17.73, value=87466.0
    [iter 227588] reheat + diversify: ceiling=15.96, value=93713.0
    [iter 233341] reheat + diversify: ceiling=14.36, value=65037.0
    [iter 239094] reheat + diversify: ceiling=12.92, value=73050.0
    [iter 244847] reheat + diversify: ceiling=11.63, value=87466.0
    [iter 250600] reheat + diversify: ceiling=10.47, value=74206.0
    [iter 256353] reheat + diversify: ceiling=9.42, value=77195.0
    [iter 262106] reheat + diversify: ceiling=8.48, value=94708.0
    [iter 267859] reheat + diversify: ceiling=7.63, value=93240.0
    [iter 273612] reheat + diversify: ceiling=6.87, value=72752.0
    [iter 279365] reheat + diversify: ceiling=6.18, value=65720.0
    [iter 285118] reheat + diversify: ceiling=5.56, value=70846.0
    [iter 290871] reheat + diversify: ceiling=5.01, value=56903.0
    [iter 296624] reheat + diversify: ceiling=4.51, value=77195.0
    [iter 302377] reheat + diversify: ceiling=4.06, value=86012.0
    [iter 308130] reheat + diversify: ceiling=3.65, value=85891.0
    [iter 313883] reheat + diversify: ceiling=3.29, value=71948.0
    [iter 319636] reheat + diversify: ceiling=2.96, value=82652.0
    [iter 325389] reheat + diversify: ceiling=2.66, value=77878.0
    [iter 331142] reheat + diversify: ceiling=2.40, value=86012.0
    [iter 336895] reheat + diversify: ceiling=2.16, value=64599.0
    [iter 342648] reheat + diversify: ceiling=1.94, value=63935.0
    [iter 348401] reheat + diversify: ceiling=1.75, value=83442.0
    [iter 354154] reheat + diversify: ceiling=1.57, value=71631.0
    [iter 359907] reheat + diversify: ceiling=1.41, value=65822.0
    [iter 365660] reheat + diversify: ceiling=1.27, value=60575.0
    [iter 371413] reheat + diversify: ceiling=1.15, value=77195.0
    [iter 377166] reheat + diversify: ceiling=1.03, value=65701.0
    [iter 382919] reheat + diversify: ceiling=0.93, value=97385.0
    [iter 388672] reheat + diversify: ceiling=0.84, value=53543.0
    [iter 394425] reheat + diversify: ceiling=0.75, value=71631.0
    [iter 400178] reheat + diversify: ceiling=0.68, value=78297.0
    [iter 405931] reheat + diversify: ceiling=0.61, value=65822.0
    [iter 411684] reheat + diversify: ceiling=0.55, value=63935.0
    [iter 417437] reheat + diversify: ceiling=0.49, value=85227.0
    [iter 423190] reheat + diversify: ceiling=0.44, value=69061.0
    [iter 428943] reheat + diversify: ceiling=0.40, value=75308.0
    [iter 434696] reheat + diversify: ceiling=0.36, value=89251.0
    [iter 440449] reheat + diversify: ceiling=0.32, value=65822.0
    [iter 446202] reheat + diversify: ceiling=0.29, value=82340.0
    [iter 451955] reheat + diversify: ceiling=0.26, value=90353.0
    [iter 457708] reheat + diversify: ceiling=0.24, value=97385.0
    [iter 463461] reheat + diversify: ceiling=0.21, value=71948.0
    [iter 469214] reheat + diversify: ceiling=0.19, value=97385.0
    [iter 474967] reheat + diversify: ceiling=0.17, value=84106.0
    [iter 480720] reheat + diversify: ceiling=0.15, value=92138.0
    [iter 486473] reheat + diversify: ceiling=0.14, value=82340.0
    [iter 492226] reheat + diversify: ceiling=0.13, value=73733.0
    [iter 497979] reheat + diversify: ceiling=0.11, value=70846.0
    [iter 503732] reheat + diversify: ceiling=0.10, value=85891.0
    [iter 509485] reheat + diversify: ceiling=0.09, value=86993.0
    [iter 515238] reheat + diversify: ceiling=0.08, value=94815.0
    [iter 520991] reheat + diversify: ceiling=0.07, value=78980.0
    [iter 526744] reheat + diversify: ceiling=0.07, value=71948.0
    [iter 532497] reheat + diversify: ceiling=0.06, value=60696.0
    [iter 538250] reheat + diversify: ceiling=0.05, value=48890.0
    [iter 544003] reheat + diversify: ceiling=0.05, value=68397.0
    [iter 549756] reheat + diversify: ceiling=0.04, value=72069.0
    [iter 555509] reheat + diversify: ceiling=0.04, value=70967.0
    [iter 561262] reheat + diversify: ceiling=0.04, value=91138.0
    [iter 567015] reheat + diversify: ceiling=0.03, value=77195.0
    [iter 572768] reheat + diversify: ceiling=0.03, value=94815.0
    [iter 578521] reheat + diversify: ceiling=0.03, value=66486.0
    [iter 584274] reheat + diversify: ceiling=0.02, value=81550.0
    [iter 590027] reheat + diversify: ceiling=0.02, value=68271.0
    [iter 595780] reheat + diversify: ceiling=0.02, value=62150.0
    [iter 601533] reheat + diversify: ceiling=0.02, value=77878.0
    [iter 607286] reheat + diversify: ceiling=0.02, value=73835.0
    [iter 613039] reheat + diversify: ceiling=0.01, value=63252.0
    [iter 618792] reheat + diversify: ceiling=0.01, value=81550.0
    [iter 624545] reheat + diversify: ceiling=0.01, value=65720.0
    [iter 630298] reheat + diversify: ceiling=0.01, value=103632.0
    [iter 636051] reheat + diversify: ceiling=0.01, value=70163.0
    [iter 641804] reheat + diversify: ceiling=0.01, value=78980.0
    [iter 647557] reheat + diversify: ceiling=0.01, value=70163.0
    [iter 653310] reheat + diversify: ceiling=0.01, value=94815.0
    [iter 659063] reheat + diversify: ceiling=0.01, value=87466.0
    [iter 664816] reheat + diversify: ceiling=0.01, value=93240.0
    [iter 670569] reheat + diversify: ceiling=0.00, value=67486.0
    [iter 676322] reheat + diversify: ceiling=0.00, value=74625.0
    [iter 682075] reheat + diversify: ceiling=0.00, value=103613.0
    [iter 687828] reheat + diversify: ceiling=0.00, value=69061.0
    [iter 693581] reheat + diversify: ceiling=0.00, value=86012.0
    [iter 699334] reheat + diversify: ceiling=0.00, value=70163.0
    [iter 705087] reheat + diversify: ceiling=0.00, value=86012.0
    [iter 710840] reheat + diversify: ceiling=0.00, value=75308.0
    [iter 716593] reheat + diversify: ceiling=0.00, value=69080.0
    [iter 722346] reheat + diversify: ceiling=0.00, value=69846.0
    [iter 728099] reheat + diversify: ceiling=0.00, value=82652.0
    [iter 733852] reheat + diversify: ceiling=0.00, value=49554.0
    [iter 739605] reheat + diversify: ceiling=0.00, value=49554.0
    [iter 745358] reheat + diversify: ceiling=0.00, value=105398.0
    [iter 751111] reheat + diversify: ceiling=0.00, value=72733.0
    [iter 756864] reheat + diversify: ceiling=0.00, value=75620.0
    [iter 762617] reheat + diversify: ceiling=0.00, value=67905.0
    [iter 768370] reheat + diversify: ceiling=0.00, value=86012.0
    [iter 774123] reheat + diversify: ceiling=0.00, value=78195.0
    [iter 779876] reheat + diversify: ceiling=0.00, value=81550.0
    [iter 785629] reheat + diversify: ceiling=0.00, value=72733.0
    [iter 791382] reheat + diversify: ceiling=0.00, value=76410.0
    [iter 797135] reheat + diversify: ceiling=0.00, value=74518.0
    [iter 802888] reheat + diversify: ceiling=0.00, value=84125.0
    [iter 808641] reheat + diversify: ceiling=0.00, value=65822.0
    [iter 814394] reheat + diversify: ceiling=0.00, value=72733.0
    [iter 820147] reheat + diversify: ceiling=0.00, value=75308.0
    [iter 825900] reheat + diversify: ceiling=0.00, value=76093.0
    [iter 831653] reheat + diversify: ceiling=0.00, value=71631.0
    [iter 837406] reheat + diversify: ceiling=0.00, value=68397.0
    [iter 843159] reheat + diversify: ceiling=0.00, value=62169.0
    [iter 848912] reheat + diversify: ceiling=0.00, value=93240.0
    [iter 854665] reheat + diversify: ceiling=0.00, value=62462.0
    [iter 860418] reheat + diversify: ceiling=0.00, value=91138.0
    [iter 866171] reheat + diversify: ceiling=0.00, value=86012.0
    [iter 871924] reheat + diversify: ceiling=0.00, value=57688.0
    [iter 877677] reheat + diversify: ceiling=0.00, value=84125.0
    [iter 883430] reheat + diversify: ceiling=0.00, value=86012.0
    [iter 889183] reheat + diversify: ceiling=0.00, value=91138.0
    [iter 894936] reheat + diversify: ceiling=0.00, value=75308.0
    [iter 900689] reheat + diversify: ceiling=0.00, value=77195.0
    [iter 906442] reheat + diversify: ceiling=0.00, value=72069.0
    [iter 912195] reheat + diversify: ceiling=0.00, value=83004.0
    [iter 917948] reheat + diversify: ceiling=0.00, value=83442.0
    [iter 923701] reheat + diversify: ceiling=0.00, value=85891.0
    [iter 929454] reheat + diversify: ceiling=0.00, value=73835.0
    [iter 935207] reheat + diversify: ceiling=0.00, value=70967.0
    [iter 940960] reheat + diversify: ceiling=0.00, value=72069.0
    [iter 946713] reheat + diversify: ceiling=0.00, value=62150.0
    [iter 952466] reheat + diversify: ceiling=0.00, value=97385.0
    [iter 958219] reheat + diversify: ceiling=0.00, value=93240.0
    [iter 963972] reheat + diversify: ceiling=0.00, value=67486.0
    [iter 969725] reheat + diversify: ceiling=0.00, value=51758.0
    [iter 975478] reheat + diversify: ceiling=0.00, value=90353.0
    [iter 981231] reheat + diversify: ceiling=0.00, value=86012.0
    [iter 986984] reheat + diversify: ceiling=0.00, value=83004.0
    [iter 992737] reheat + diversify: ceiling=0.00, value=58790.0
    [iter 998490] reheat + diversify: ceiling=0.00, value=86993.0
    [iter 1004243] reheat + diversify: ceiling=0.00, value=70182.0
    [iter 1009996] reheat + diversify: ceiling=0.00, value=75308.0
    [iter 1015749] reheat + diversify: ceiling=0.00, value=82340.0
    [iter 1021502] reheat + diversify: ceiling=0.00, value=63935.0
    [iter 1027255] reheat + diversify: ceiling=0.00, value=73523.0
    [iter 1033008] reheat + diversify: ceiling=0.00, value=69080.0
    [iter 1038761] reheat + diversify: ceiling=0.00, value=78980.0
    [iter 1044514] reheat + diversify: ceiling=0.00, value=82652.0
    [iter 1050267] reheat + diversify: ceiling=0.00, value=71948.0
    [iter 1056020] reheat + diversify: ceiling=0.00, value=78980.0
    [iter 1061773] reheat + diversify: ceiling=0.00, value=83442.0
    [iter 1067526] reheat + diversify: ceiling=0.00, value=86012.0
    [iter 1073279] reheat + diversify: ceiling=0.00, value=76093.0
    [iter 1079032] reheat + diversify: ceiling=0.00, value=63935.0
    [iter 1084785] reheat + diversify: ceiling=0.00, value=79765.0
    [iter 1090538] reheat + diversify: ceiling=0.00, value=78980.0
    [iter 1096291] reheat + diversify: ceiling=0.00, value=85891.0
    [iter 1102044] reheat + diversify: ceiling=0.00, value=86012.0
    [iter 1107797] reheat + diversify: ceiling=0.00, value=92923.0
    [iter 1113550] reheat + diversify: ceiling=0.00, value=75620.0
    [iter 1119303] reheat + diversify: ceiling=0.00, value=91138.0
    [iter 1125056] reheat + diversify: ceiling=0.00, value=50656.0
    [iter 1130809] reheat + diversify: ceiling=0.00, value=93240.0
    [iter 1136562] reheat + diversify: ceiling=0.00, value=58790.0
    [iter 1142315] reheat + diversify: ceiling=0.00, value=86676.0
    [iter 1148068] reheat + diversify: ceiling=0.00, value=72069.0
    [iter 1153821] reheat + diversify: ceiling=0.00, value=78980.0
    [iter 1159574] reheat + diversify: ceiling=0.00, value=71948.0
    [iter 1165327] reheat + diversify: ceiling=0.00, value=100936.0
    [iter 1171080] reheat + diversify: ceiling=0.00, value=76722.0
    [iter 1176833] reheat + diversify: ceiling=0.00, value=84106.0
    [iter 1182586] reheat + diversify: ceiling=0.00, value=77195.0
    [iter 1188339] reheat + diversify: ceiling=0.00, value=68588.0
    [iter 1194092] reheat + diversify: ceiling=0.00, value=79765.0
    [iter 1199845] reheat + diversify: ceiling=0.00, value=93240.0
    [iter 1205598] reheat + diversify: ceiling=0.00, value=66486.0
    [iter 1211351] reheat + diversify: ceiling=0.00, value=86993.0
    [iter 1217104] reheat + diversify: ceiling=0.00, value=61677.0
    [iter 1222857] reheat + diversify: ceiling=0.00, value=92138.0
    [iter 1228610] reheat + diversify: ceiling=0.00, value=78980.0
    [iter 1234363] reheat + diversify: ceiling=0.00, value=103613.0
    [iter 1240116] reheat + diversify: ceiling=0.00, value=56586.0
    [iter 1245869] reheat + diversify: ceiling=0.00, value=68709.0
    [iter 1251622] reheat + diversify: ceiling=0.00, value=73854.0
    [iter 1257375] reheat + diversify: ceiling=0.00, value=70967.0
    [iter 1263128] reheat + diversify: ceiling=0.00, value=89251.0
    [iter 1268881] reheat + diversify: ceiling=0.00, value=87466.0
    [iter 1274634] reheat + diversify: ceiling=0.00, value=75308.0
    [iter 1280387] reheat + diversify: ceiling=0.00, value=79644.0
    [iter 1286140] reheat + diversify: ceiling=0.00, value=62814.0
    [iter 1291893] reheat + diversify: ceiling=0.00, value=69061.0
    [iter 1297646] reheat + diversify: ceiling=0.00, value=67959.0
    [iter 1303399] reheat + diversify: ceiling=0.00, value=84891.0
    [iter 1309152] reheat + diversify: ceiling=0.00, value=92240.0
    [iter 1314905] reheat + diversify: ceiling=0.00, value=86012.0
    [iter 1320658] reheat + diversify: ceiling=0.00, value=81429.0
    [iter 1326411] reheat + diversify: ceiling=0.00, value=97385.0
    [iter 1332164] reheat + diversify: ceiling=0.00, value=93240.0
    [iter 1337917] reheat + diversify: ceiling=0.00, value=92923.0
    [iter 1343670] reheat + diversify: ceiling=0.00, value=77878.0
    [iter 1349423] reheat + diversify: ceiling=0.00, value=71631.0
    [iter 1355176] reheat + diversify: ceiling=0.00, value=68397.0
    [iter 1360929] reheat + diversify: ceiling=0.00, value=69080.0
    [iter 1366682] reheat + diversify: ceiling=0.00, value=67486.0
    [iter 1372435] reheat + diversify: ceiling=0.00, value=93240.0
    [iter 1378188] reheat + diversify: ceiling=0.00, value=79765.0
    [iter 1383941] reheat + diversify: ceiling=0.00, value=71948.0
    [iter 1389694] reheat + diversify: ceiling=0.00, value=53352.0
    [iter 1395447] reheat + diversify: ceiling=0.00, value=74518.0
    [iter 1401200] reheat + diversify: ceiling=0.00, value=80867.0
    [iter 1406953] reheat + diversify: ceiling=0.00, value=79765.0
    [iter 1412706] reheat + diversify: ceiling=0.00, value=58790.0
    [iter 1418459] reheat + diversify: ceiling=0.00, value=72069.0
    [iter 1424212] reheat + diversify: ceiling=0.00, value=72631.0
    [iter 1429965] reheat + diversify: ceiling=0.00, value=94025.0
    [iter 1435718] reheat + diversify: ceiling=0.00, value=69061.0
    [iter 1441471] reheat + diversify: ceiling=0.00, value=94025.0
    [iter 1447224] reheat + diversify: ceiling=0.00, value=97385.0
    [iter 1452977] reheat + diversify: ceiling=0.00, value=79765.0
    [iter 1458730] reheat + diversify: ceiling=0.00, value=83442.0
    [iter 1464483] reheat + diversify: ceiling=0.00, value=62150.0
    [iter 1470236] reheat + diversify: ceiling=0.00, value=76410.0
    [iter 1475989] reheat + diversify: ceiling=0.00, value=52562.0
    [iter 1481742] reheat + diversify: ceiling=0.00, value=76093.0
    [iter 1487495] reheat + diversify: ceiling=0.00, value=62150.0
    [iter 1493248] reheat + diversify: ceiling=0.00, value=62150.0
    [iter 1499001] reheat + diversify: ceiling=0.00, value=87778.0
    [iter 1504754] reheat + diversify: ceiling=0.00, value=83004.0
    [iter 1510507] reheat + diversify: ceiling=0.00, value=96600.0
    [iter 1516260] reheat + diversify: ceiling=0.00, value=93240.0
    [iter 1522013] reheat + diversify: ceiling=0.00, value=99170.0
    [iter 1527766] reheat + diversify: ceiling=0.00, value=94025.0
    [iter 1533519] reheat + diversify: ceiling=0.00, value=62169.0
    [iter 1539272] reheat + diversify: ceiling=0.00, value=58790.0
    [iter 1545025] reheat + diversify: ceiling=0.00, value=75308.0
    [iter 1550778] reheat + diversify: ceiling=0.00, value=86012.0
    [iter 1556531] reheat + diversify: ceiling=0.00, value=81550.0
    [iter 1562284] reheat + diversify: ceiling=0.00, value=76093.0
    [iter 1568037] reheat + diversify: ceiling=0.00, value=70596.0
    [iter 1573790] reheat + diversify: ceiling=0.00, value=57688.0
    [iter 1579543] reheat + diversify: ceiling=0.00, value=69061.0
    [iter 1585296] reheat + diversify: ceiling=0.00, value=81219.0
    [iter 1591049] reheat + diversify: ceiling=0.00, value=62833.0
    [iter 1596802] reheat + diversify: ceiling=0.00, value=71631.0
    [iter 1602555] reheat + diversify: ceiling=0.00, value=80765.0
    [iter 1608308] reheat + diversify: ceiling=0.00, value=87466.0
    [iter 1614061] reheat + diversify: ceiling=0.00, value=82340.0
    [iter 1619814] reheat + diversify: ceiling=0.00, value=74835.0
    [iter 1625567] reheat + diversify: ceiling=0.00, value=82340.0
    [iter 1631320] reheat + diversify: ceiling=0.00, value=63252.0
    [iter 1637073] reheat + diversify: ceiling=0.00, value=84106.0
    [iter 1642826] reheat + diversify: ceiling=0.00, value=92240.0
    [iter 1648579] reheat + diversify: ceiling=0.00, value=91138.0
    [iter 1654332] reheat + diversify: ceiling=0.00, value=82340.0
    [iter 1660085] reheat + diversify: ceiling=0.00, value=87466.0
    [iter 1665838] reheat + diversify: ceiling=0.00, value=55118.0
    [iter 1671591] reheat + diversify: ceiling=0.00, value=57688.0
    [iter 1677344] reheat + diversify: ceiling=0.00, value=58790.0
    [iter 1683097] reheat + diversify: ceiling=0.00, value=77195.0
    [iter 1688850] reheat + diversify: ceiling=0.00, value=85891.0
    [iter 1694603] reheat + diversify: ceiling=0.00, value=85891.0
    [iter 1700356] reheat + diversify: ceiling=0.00, value=93240.0
    [iter 1706109] reheat + diversify: ceiling=0.00, value=82340.0
    [iter 1711862] reheat + diversify: ceiling=0.00, value=92240.0
    [iter 1717615] reheat + diversify: ceiling=0.00, value=65720.0
    [iter 1723368] reheat + diversify: ceiling=0.00, value=79765.0
    [iter 1729121] reheat + diversify: ceiling=0.00, value=74206.0
    [iter 1734874] reheat + diversify: ceiling=0.00, value=79765.0
    [iter 1740627] reheat + diversify: ceiling=0.00, value=56903.0
    [iter 1746380] reheat + diversify: ceiling=0.00, value=67486.0
    [iter 1752133] reheat + diversify: ceiling=0.00, value=80867.0
    [iter 1757886] reheat + diversify: ceiling=0.00, value=58790.0
    [iter 1763639] reheat + diversify: ceiling=0.00, value=63497.0
    [iter 1769392] reheat + diversify: ceiling=0.00, value=51758.0
    [iter 1775145] reheat + diversify: ceiling=0.00, value=78980.0
    [iter 1780898] reheat + diversify: ceiling=0.00, value=84891.0
    [iter 1786651] reheat + diversify: ceiling=0.00, value=62462.0
    [iter 1792404] reheat + diversify: ceiling=0.00, value=72421.0
    [iter 1798157] reheat + diversify: ceiling=0.00, value=104296.0
    [iter 1803910] reheat + diversify: ceiling=0.00, value=87466.0
    [iter 1809663] reheat + diversify: ceiling=0.00, value=57688.0
    [iter 1815416] reheat + diversify: ceiling=0.00, value=73523.0
    [iter 1821169] reheat + diversify: ceiling=0.00, value=86012.0
    [iter 1826922] reheat + diversify: ceiling=0.00, value=79765.0
    [iter 1832675] reheat + diversify: ceiling=0.00, value=81550.0
    [iter 1838428] reheat + diversify: ceiling=0.00, value=79644.0
    [iter 1844181] reheat + diversify: ceiling=0.00, value=70182.0
    [iter 1849934] reheat + diversify: ceiling=0.00, value=68397.0
    [iter 1855687] reheat + diversify: ceiling=0.00, value=70967.0
    [iter 1861440] reheat + diversify: ceiling=0.00, value=65720.0
    [iter 1867193] reheat + diversify: ceiling=0.00, value=83004.0
    [iter 1872946] reheat + diversify: ceiling=0.00, value=83004.0
    [iter 1878699] reheat + diversify: ceiling=0.00, value=69061.0
    [iter 1884452] reheat + diversify: ceiling=0.00, value=63252.0
    [iter 1890205] reheat + diversify: ceiling=0.00, value=72752.0
    [iter 1895958] reheat + diversify: ceiling=0.00, value=90353.0
    [iter 1901711] reheat + diversify: ceiling=0.00, value=71948.0
    [iter 1907464] reheat + diversify: ceiling=0.00, value=66486.0
    [iter 1913217] reheat + diversify: ceiling=0.00, value=69061.0
    [iter 1918970] reheat + diversify: ceiling=0.00, value=97385.0
    [iter 1924723] reheat + diversify: ceiling=0.00, value=70163.0
    [iter 1930476] reheat + diversify: ceiling=0.00, value=73523.0
    [iter 1936229] reheat + diversify: ceiling=0.00, value=79765.0
    [iter 1941982] reheat + diversify: ceiling=0.00, value=82214.0
    [iter 1947735] reheat + diversify: ceiling=0.00, value=91138.0
    [iter 1953488] reheat + diversify: ceiling=0.00, value=92923.0
    [iter 1959241] reheat + diversify: ceiling=0.00, value=79770.0
    [iter 1964994] reheat + diversify: ceiling=0.00, value=92138.0
    [iter 1970747] reheat + diversify: ceiling=0.00, value=85891.0
    [iter 1976500] reheat + diversify: ceiling=0.00, value=94815.0
    [iter 1982253] reheat + diversify: ceiling=0.00, value=90353.0
    [iter 1988006] reheat + diversify: ceiling=0.00, value=76093.0
    [iter 1993759] reheat + diversify: ceiling=0.00, value=55922.0
    [iter 1999512] reheat + diversify: ceiling=0.00, value=92240.0
    [iter 2005265] reheat + diversify: ceiling=0.00, value=90353.0
    [iter 2011018] reheat + diversify: ceiling=0.00, value=59892.0
    [iter 2016771] reheat + diversify: ceiling=0.00, value=58790.0
    [iter 2022524] reheat + diversify: ceiling=0.00, value=66174.0
    [iter 2028277] reheat + diversify: ceiling=0.00, value=69061.0
    [iter 2034030] reheat + diversify: ceiling=0.00, value=89251.0
    [iter 2039783] reheat + diversify: ceiling=0.00, value=83442.0
    [iter 2045536] reheat + diversify: ceiling=0.00, value=62150.0
    [iter 2051289] reheat + diversify: ceiling=0.00, value=74518.0
    [iter 2057042] reheat + diversify: ceiling=0.00, value=65822.0
    [iter 2062795] reheat + diversify: ceiling=0.00, value=78980.0
    [iter 2068548] reheat + diversify: ceiling=0.00, value=79765.0
    [iter 2074301] reheat + diversify: ceiling=0.00, value=77195.0
    [iter 2080054] reheat + diversify: ceiling=0.00, value=73050.0
    [iter 2085807] reheat + diversify: ceiling=0.00, value=55118.0
    [iter 2091560] reheat + diversify: ceiling=0.00, value=52562.0
    [iter 2097313] reheat + diversify: ceiling=0.00, value=85208.0
    [iter 2103066] reheat + diversify: ceiling=0.00, value=86310.0
    [iter 2108819] reheat + diversify: ceiling=0.00, value=93240.0
    [iter 2114572] reheat + diversify: ceiling=0.00, value=72069.0
    [iter 2120325] reheat + diversify: ceiling=0.00, value=89670.0
    [iter 2126078] reheat + diversify: ceiling=0.00, value=60575.0
    [iter 2131831] reheat + diversify: ceiling=0.00, value=90353.0
    [iter 2137584] reheat + diversify: ceiling=0.00, value=87466.0
    [iter 2143337] reheat + diversify: ceiling=0.00, value=93240.0
    [iter 2149090] reheat + diversify: ceiling=0.00, value=91138.0
    [iter 2154843] reheat + diversify: ceiling=0.00, value=63935.0
    [iter 2160596] reheat + diversify: ceiling=0.00, value=77214.0
    [iter 2166349] reheat + diversify: ceiling=0.00, value=79644.0
    [iter 2172102] reheat + diversify: ceiling=0.00, value=58790.0
    [iter 2177855] reheat + diversify: ceiling=0.00, value=70182.0
    [iter 2183608] reheat + diversify: ceiling=0.00, value=93240.0
    [iter 2189361] reheat + diversify: ceiling=0.00, value=80867.0
    [iter 2195114] reheat + diversify: ceiling=0.00, value=75308.0
    [iter 2200867] reheat + diversify: ceiling=0.00, value=91138.0
    [iter 2206620] reheat + diversify: ceiling=0.00, value=104296.0
    [iter 2212373] reheat + diversify: ceiling=0.00, value=73050.0
    [iter 2218126] reheat + diversify: ceiling=0.00, value=77214.0
    [iter 2223879] reheat + diversify: ceiling=0.00, value=78980.0
    [iter 2229632] reheat + diversify: ceiling=0.00, value=72733.0
    [iter 2235385] reheat + diversify: ceiling=0.00, value=57024.0
    [iter 2241138] reheat + diversify: ceiling=0.00, value=73835.0
    [iter 2246891] reheat + diversify: ceiling=0.00, value=64720.0
    [iter 2252644] reheat + diversify: ceiling=0.00, value=71948.0
    [iter 2258397] reheat + diversify: ceiling=0.00, value=76093.0
    [iter 2264150] reheat + diversify: ceiling=0.00, value=67295.0
    [iter 2269903] reheat + diversify: ceiling=0.00, value=91455.0
    [iter 2275656] reheat + diversify: ceiling=0.00, value=85891.0
    [iter 2281409] reheat + diversify: ceiling=0.00, value=85227.0
    [iter 2287162] reheat + diversify: ceiling=0.00, value=86012.0
    [iter 2292915] reheat + diversify: ceiling=0.00, value=63935.0
    [iter 2298668] reheat + diversify: ceiling=0.00, value=86012.0
    [iter 2304421] reheat + diversify: ceiling=0.00, value=62462.0
    [iter 2310174] reheat + diversify: ceiling=0.00, value=75308.0
    [iter 2315927] reheat + diversify: ceiling=0.00, value=85891.0
    [iter 2321680] reheat + diversify: ceiling=0.00, value=78980.0
    [iter 2327433] reheat + diversify: ceiling=0.00, value=85891.0
    [iter 2333186] reheat + diversify: ceiling=0.00, value=77195.0
    [iter 2338939] reheat + diversify: ceiling=0.00, value=85891.0
    [iter 2344692] reheat + diversify: ceiling=0.00, value=93240.0
    [iter 2350445] reheat + diversify: ceiling=0.00, value=69061.0
    [iter 2356198] reheat + diversify: ceiling=0.00, value=87778.0
    [iter 2361951] reheat + diversify: ceiling=0.00, value=65701.0
    [iter 2367704] reheat + diversify: ceiling=0.00, value=83442.0
    [iter 2373457] reheat + diversify: ceiling=0.00, value=71948.0
    [iter 2379210] reheat + diversify: ceiling=0.00, value=48890.0
    [iter 2384963] reheat + diversify: ceiling=0.00, value=87778.0
    [iter 2390716] reheat + diversify: ceiling=0.00, value=54016.0
    [iter 2396469] reheat + diversify: ceiling=0.00, value=70163.0
    [iter 2402222] reheat + diversify: ceiling=0.00, value=69846.0
    [iter 2407975] reheat + diversify: ceiling=0.00, value=72733.0
    [iter 2413728] reheat + diversify: ceiling=0.00, value=85208.0
    [iter 2419481] reheat + diversify: ceiling=0.00, value=77195.0
    [iter 2425234] reheat + diversify: ceiling=0.00, value=73854.0
    [iter 2430987] reheat + diversify: ceiling=0.00, value=65384.0
    [iter 2436740] reheat + diversify: ceiling=0.00, value=79770.0
    [iter 2442493] reheat + diversify: ceiling=0.00, value=91138.0
    [iter 2448246] reheat + diversify: ceiling=0.00, value=79644.0
    [iter 2453999] reheat + diversify: ceiling=0.00, value=86676.0
    [iter 2459752] reheat + diversify: ceiling=0.00, value=71948.0
    [iter 2465505] reheat + diversify: ceiling=0.00, value=100936.0
    [iter 2471258] reheat + diversify: ceiling=0.00, value=68271.0
    [iter 2477011] reheat + diversify: ceiling=0.00, value=72069.0
    [iter 2482764] reheat + diversify: ceiling=0.00, value=87778.0
    [iter 2488517] reheat + diversify: ceiling=0.00, value=70967.0
    [iter 2494270] reheat + diversify: ceiling=0.00, value=51758.0
    [iter 2500023] reheat + diversify: ceiling=0.00, value=61365.0
    [iter 2505776] reheat + diversify: ceiling=0.00, value=66486.0
    [iter 2511529] reheat + diversify: ceiling=0.00, value=69061.0
    [iter 2517282] reheat + diversify: ceiling=0.00, value=50656.0
    [iter 2523035] reheat + diversify: ceiling=0.00, value=91138.0
    [iter 2528788] reheat + diversify: ceiling=0.00, value=82340.0
    [iter 2534541] reheat + diversify: ceiling=0.00, value=87466.0
    [iter 2540294] reheat + diversify: ceiling=0.00, value=77878.0
    [iter 2546047] reheat + diversify: ceiling=0.00, value=87778.0
    [iter 2551800] reheat + diversify: ceiling=0.00, value=72069.0
    [iter 2557553] reheat + diversify: ceiling=0.00, value=69061.0
    [iter 2563306] reheat + diversify: ceiling=0.00, value=83442.0
    [iter 2569059] reheat + diversify: ceiling=0.00, value=86676.0
    [iter 2574812] reheat + diversify: ceiling=0.00, value=93240.0
    [iter 2580565] reheat + diversify: ceiling=0.00, value=87466.0
    [iter 2586318] reheat + diversify: ceiling=0.00, value=83004.0
    [iter 2592071] reheat + diversify: ceiling=0.00, value=71948.0
    [iter 2597824] reheat + diversify: ceiling=0.00, value=73523.0
    [iter 2603577] reheat + diversify: ceiling=0.00, value=85891.0
    [iter 2609330] reheat + diversify: ceiling=0.00, value=77214.0
    [iter 2615083] reheat + diversify: ceiling=0.00, value=84891.0
    [iter 2620836] reheat + diversify: ceiling=0.00, value=68397.0
    [iter 2626589] reheat + diversify: ceiling=0.00, value=89251.0
    [iter 2632342] reheat + diversify: ceiling=0.00, value=65037.0
    [iter 2638095] reheat + diversify: ceiling=0.00, value=63935.0
    [iter 2643848] reheat + diversify: ceiling=0.00, value=57688.0
    [iter 2649601] reheat + diversify: ceiling=0.00, value=70967.0
    [iter 2655354] reheat + diversify: ceiling=0.00, value=70967.0
    [iter 2661107] reheat + diversify: ceiling=0.00, value=75308.0
    [iter 2666860] reheat + diversify: ceiling=0.00, value=85891.0
    [iter 2672613] reheat + diversify: ceiling=0.00, value=76410.0
    [iter 2678366] reheat + diversify: ceiling=0.00, value=87778.0
    [iter 2684119] reheat + diversify: ceiling=0.00, value=50656.0
    [iter 2689872] reheat + diversify: ceiling=0.00, value=75308.0
    [iter 2695625] reheat + diversify: ceiling=0.00, value=93713.0
    [iter 2701378] reheat + diversify: ceiling=0.00, value=76410.0
    [iter 2707131] reheat + diversify: ceiling=0.00, value=56903.0
    [iter 2712884] reheat + diversify: ceiling=0.00, value=83004.0
    [iter 2718637] reheat + diversify: ceiling=0.00, value=68397.0
    [iter 2724390] reheat + diversify: ceiling=0.00, value=86676.0
    [iter 2730143] reheat + diversify: ceiling=0.00, value=69061.0
    [iter 2735896] reheat + diversify: ceiling=0.00, value=91138.0
    [iter 2741649] reheat + diversify: ceiling=0.00, value=76093.0
    [iter 2747402] reheat + diversify: ceiling=0.00, value=90353.0
    [iter 2753155] reheat + diversify: ceiling=0.00, value=85891.0
    [iter 2758908] reheat + diversify: ceiling=0.00, value=67486.0
    [iter 2764661] reheat + diversify: ceiling=0.00, value=65822.0
    [iter 2770414] reheat + diversify: ceiling=0.00, value=81219.0
    [iter 2776167] reheat + diversify: ceiling=0.00, value=70967.0
    [iter 2781920] reheat + diversify: ceiling=0.00, value=91138.0
    [iter 2787673] reheat + diversify: ceiling=0.00, value=62150.0
    [iter 2793426] reheat + diversify: ceiling=0.00, value=62833.0
    [iter 2799179] reheat + diversify: ceiling=0.00, value=57688.0
    [iter 2804932] reheat + diversify: ceiling=0.00, value=71948.0
    [iter 2810685] reheat + diversify: ceiling=0.00, value=91138.0
    [iter 2816438] reheat + diversify: ceiling=0.00, value=91138.0
    [iter 2822191] reheat + diversify: ceiling=0.00, value=80082.0
    [iter 2827944] reheat + diversify: ceiling=0.00, value=75308.0
    [iter 2833697] reheat + diversify: ceiling=0.00, value=70163.0
    [iter 2839450] reheat + diversify: ceiling=0.00, value=94815.0
    [iter 2845203] reheat + diversify: ceiling=0.00, value=89251.0
    [iter 2850956] reheat + diversify: ceiling=0.00, value=83004.0
    [iter 2856709] reheat + diversify: ceiling=0.00, value=66924.0
    [iter 2862462] reheat + diversify: ceiling=0.00, value=81550.0
    [iter 2868215] reheat + diversify: ceiling=0.00, value=80082.0
    [iter 2873968] reheat + diversify: ceiling=0.00, value=90353.0
    [iter 2879721] reheat + diversify: ceiling=0.00, value=86012.0
    [iter 2885474] reheat + diversify: ceiling=0.00, value=76093.0
    [iter 2891227] reheat + diversify: ceiling=0.00, value=58790.0
    [iter 2896980] reheat + diversify: ceiling=0.00, value=54016.0
    [iter 2902733] reheat + diversify: ceiling=0.00, value=84891.0
    [iter 2908486] reheat + diversify: ceiling=0.00, value=62814.0
    [iter 2914239] reheat + diversify: ceiling=0.00, value=58790.0
    [iter 2919992] reheat + diversify: ceiling=0.00, value=78980.0
    [iter 2925745] reheat + diversify: ceiling=0.00, value=77878.0
    [iter 2931498] reheat + diversify: ceiling=0.00, value=104296.0
    [iter 2937251] reheat + diversify: ceiling=0.00, value=62814.0
    [iter 2943004] reheat + diversify: ceiling=0.00, value=76093.0
    [iter 2948757] reheat + diversify: ceiling=0.00, value=85208.0
    [iter 2954510] reheat + diversify: ceiling=0.00, value=78980.0
    [iter 2960263] reheat + diversify: ceiling=0.00, value=71948.0
    [iter 2966016] reheat + diversify: ceiling=0.00, value=70182.0
    [iter 2971769] reheat + diversify: ceiling=0.00, value=57024.0
    [iter 2977522] reheat + diversify: ceiling=0.00, value=86012.0
    [iter 2983275] reheat + diversify: ceiling=0.00, value=97385.0
    [iter 2989028] reheat + diversify: ceiling=0.00, value=79765.0
    [iter 2994781] reheat + diversify: ceiling=0.00, value=93240.0
    [iter 3000534] reheat + diversify: ceiling=0.00, value=74625.0
    [iter 3006287] reheat + diversify: ceiling=0.00, value=92138.0
    [iter 3012040] reheat + diversify: ceiling=0.00, value=71631.0
    [iter 3017793] reheat + diversify: ceiling=0.00, value=63935.0
    [iter 3023546] reheat + diversify: ceiling=0.00, value=84106.0
    [iter 3029299] reheat + diversify: ceiling=0.00, value=85891.0
    [iter 3035052] reheat + diversify: ceiling=0.00, value=48890.0
    [iter 3040805] reheat + diversify: ceiling=0.00, value=57688.0
    [iter 3046558] reheat + diversify: ceiling=0.00, value=78980.0
    [iter 3052311] reheat + diversify: ceiling=0.00, value=104296.0
    [iter 3058064] reheat + diversify: ceiling=0.00, value=73050.0
    [iter 3063817] reheat + diversify: ceiling=0.00, value=82340.0
    [iter 3069570] reheat + diversify: ceiling=0.00, value=69061.0
    [iter 3075323] reheat + diversify: ceiling=0.00, value=81550.0
    [iter 3081076] reheat + diversify: ceiling=0.00, value=74518.0
    [iter 3086829] reheat + diversify: ceiling=0.00, value=78980.0
    [iter 3092582] reheat + diversify: ceiling=0.00, value=91138.0
    [iter 3098335] reheat + diversify: ceiling=0.00, value=50656.0
    [iter 3104088] reheat + diversify: ceiling=0.00, value=85891.0
    [iter 3109841] reheat + diversify: ceiling=0.00, value=81550.0
    [iter 3115594] reheat + diversify: ceiling=0.00, value=48890.0
    [iter 3121347] reheat + diversify: ceiling=0.00, value=63935.0
    [iter 3127100] reheat + diversify: ceiling=0.00, value=70846.0
    [iter 3132853] reheat + diversify: ceiling=0.00, value=93240.0
    [iter 3138606] reheat + diversify: ceiling=0.00, value=78980.0
    [iter 3144359] reheat + diversify: ceiling=0.00, value=73518.0
    [iter 3150112] reheat + diversify: ceiling=0.00, value=68397.0
    [iter 3155865] reheat + diversify: ceiling=0.00, value=68392.0
    [iter 3161618] reheat + diversify: ceiling=0.00, value=79644.0
    [iter 3167371] reheat + diversify: ceiling=0.00, value=61048.0
    [iter 3173124] reheat + diversify: ceiling=0.00, value=73050.0
    [iter 3178877] reheat + diversify: ceiling=0.00, value=86676.0
    [iter 3184630] reheat + diversify: ceiling=0.00, value=73523.0
    [iter 3190383] reheat + diversify: ceiling=0.00, value=78980.0
    [iter 3196136] reheat + diversify: ceiling=0.00, value=78297.0
    [iter 3201889] reheat + diversify: ceiling=0.00, value=68397.0
    [iter 3207642] reheat + diversify: ceiling=0.00, value=82340.0
    [iter 3213395] reheat + diversify: ceiling=0.00, value=85891.0
    [iter 3219148] reheat + diversify: ceiling=0.00, value=86993.0
    [iter 3224901] reheat + diversify: ceiling=0.00, value=77195.0
    [iter 3230654] reheat + diversify: ceiling=0.00, value=70846.0
    [iter 3236407] reheat + diversify: ceiling=0.00, value=77214.0
    [iter 3242160] reheat + diversify: ceiling=0.00, value=91138.0
    [iter 3247913] reheat + diversify: ceiling=0.00, value=82340.0
    [iter 3253666] reheat + diversify: ceiling=0.00, value=82340.0
    [iter 3259419] reheat + diversify: ceiling=0.00, value=81550.0
    [iter 3265172] reheat + diversify: ceiling=0.00, value=67959.0
    [iter 3270925] reheat + diversify: ceiling=0.00, value=70967.0
    [iter 3276678] reheat + diversify: ceiling=0.00, value=87466.0
    [iter 3282431] reheat + diversify: ceiling=0.00, value=54328.0
    [iter 3288184] reheat + diversify: ceiling=0.00, value=74206.0
    [iter 3293937] reheat + diversify: ceiling=0.00, value=78980.0
    [iter 3299690] reheat + diversify: ceiling=0.00, value=70163.0
    [iter 3305443] reheat + diversify: ceiling=0.00, value=54016.0
    [iter 3311196] reheat + diversify: ceiling=0.00, value=71631.0
    [iter 3316949] reheat + diversify: ceiling=0.00, value=72733.0
    [iter 3322702] reheat + diversify: ceiling=0.00, value=73854.0
    [iter 3328455] reheat + diversify: ceiling=0.00, value=91138.0
    [iter 3334208] reheat + diversify: ceiling=0.00, value=59473.0
    [iter 3339961] reheat + diversify: ceiling=0.00, value=83004.0
    [iter 3345714] reheat + diversify: ceiling=0.00, value=86993.0
    [iter 3351467] reheat + diversify: ceiling=0.00, value=87466.0
    [iter 3357220] reheat + diversify: ceiling=0.00, value=75308.0
    [iter 3362973] reheat + diversify: ceiling=0.00, value=87466.0
    [iter 3368726] reheat + diversify: ceiling=0.00, value=77878.0
    [iter 3374479] reheat + diversify: ceiling=0.00, value=87466.0
    [iter 3380232] reheat + diversify: ceiling=0.00, value=68588.0
    [iter 3385985] reheat + diversify: ceiling=0.00, value=71948.0
    [iter 3391738] reheat + diversify: ceiling=0.00, value=82340.0
    [iter 3397491] reheat + diversify: ceiling=0.00, value=89251.0
    [iter 3403244] reheat + diversify: ceiling=0.00, value=76093.0
    [iter 3408997] reheat + diversify: ceiling=0.00, value=62150.0
    [iter 3414750] reheat + diversify: ceiling=0.00, value=87466.0
    [iter 3420503] reheat + diversify: ceiling=0.00, value=79765.0
    [iter 3426256] reheat + diversify: ceiling=0.00, value=53543.0
    [iter 3432009] reheat + diversify: ceiling=0.00, value=65720.0
    [iter 3437762] reheat + diversify: ceiling=0.00, value=85891.0
    [iter 3443515] reheat + diversify: ceiling=0.00, value=97385.0
    [iter 3449268] reheat + diversify: ceiling=0.00, value=82340.0
    [iter 3455021] reheat + diversify: ceiling=0.00, value=99170.0
    [iter 3460774] reheat + diversify: ceiling=0.00, value=65822.0
    [iter 3466527] reheat + diversify: ceiling=0.00, value=56586.0
    [iter 3472280] reheat + diversify: ceiling=0.00, value=85891.0
    [iter 3478033] reheat + diversify: ceiling=0.00, value=81550.0
    [iter 3483786] reheat + diversify: ceiling=0.00, value=76410.0
    [iter 3489539] reheat + diversify: ceiling=0.00, value=77214.0
    [iter 3495292] reheat + diversify: ceiling=0.00, value=85891.0
    [iter 3501045] reheat + diversify: ceiling=0.00, value=105398.0
    [iter 3506798] reheat + diversify: ceiling=0.00, value=79770.0
    [iter 3512551] reheat + diversify: ceiling=0.00, value=85891.0
    [iter 3518304] reheat + diversify: ceiling=0.00, value=69061.0
    [iter 3524057] reheat + diversify: ceiling=0.00, value=91138.0
    [iter 3529810] reheat + diversify: ceiling=0.00, value=62150.0
    [iter 3535563] reheat + diversify: ceiling=0.00, value=69061.0
    [iter 3541316] reheat + diversify: ceiling=0.00, value=80867.0
    [iter 3547069] reheat + diversify: ceiling=0.00, value=87778.0
    [iter 3552822] reheat + diversify: ceiling=0.00, value=83004.0
    [iter 3558575] reheat + diversify: ceiling=0.00, value=83442.0
    [iter 3564328] reheat + diversify: ceiling=0.00, value=95810.0
    [iter 3570081] reheat + diversify: ceiling=0.00, value=55801.0
    [iter 3575834] reheat + diversify: ceiling=0.00, value=58790.0
    [iter 3581587] reheat + diversify: ceiling=0.00, value=80082.0
    [iter 3587340] reheat + diversify: ceiling=0.00, value=93240.0
    [iter 3593093] reheat + diversify: ceiling=0.00, value=86676.0
    [iter 3598846] reheat + diversify: ceiling=0.00, value=70967.0
    [iter 3604599] reheat + diversify: ceiling=0.00, value=82340.0
    [iter 3610352] reheat + diversify: ceiling=0.00, value=72069.0
    [iter 3616105] reheat + diversify: ceiling=0.00, value=85891.0
    [iter 3621858] reheat + diversify: ceiling=0.00, value=93240.0
    [iter 3627611] reheat + diversify: ceiling=0.00, value=82340.0
    [iter 3633364] reheat + diversify: ceiling=0.00, value=70163.0
    [iter 3639117] reheat + diversify: ceiling=0.00, value=97385.0
    [iter 3644870] reheat + diversify: ceiling=0.00, value=55118.0
    [iter 3650623] reheat + diversify: ceiling=0.00, value=65822.0
    [iter 3656376] reheat + diversify: ceiling=0.00, value=64599.0
    [iter 3662129] reheat + diversify: ceiling=0.00, value=75308.0
    [iter 3667882] reheat + diversify: ceiling=0.00, value=84106.0
    [iter 3673635] reheat + diversify: ceiling=0.00, value=78980.0
    [iter 3679388] reheat + diversify: ceiling=0.00, value=77195.0
    [iter 3685141] reheat + diversify: ceiling=0.00, value=74206.0
    [iter 3690894] reheat + diversify: ceiling=0.00, value=83004.0
    [iter 3696647] reheat + diversify: ceiling=0.00, value=57688.0
    [iter 3702400] reheat + diversify: ceiling=0.00, value=80867.0
    [iter 3708153] reheat + diversify: ceiling=0.00, value=79765.0
    [iter 3713906] reheat + diversify: ceiling=0.00, value=82340.0
    [iter 3719659] reheat + diversify: ceiling=0.00, value=108758.0
    [iter 3725412] reheat + diversify: ceiling=0.00, value=84891.0
    [iter 3731165] reheat + diversify: ceiling=0.00, value=77878.0
    [iter 3736918] reheat + diversify: ceiling=0.00, value=90353.0
    [iter 3742671] reheat + diversify: ceiling=0.00, value=85891.0
    [iter 3748424] reheat + diversify: ceiling=0.00, value=91138.0
    [iter 3754177] reheat + diversify: ceiling=0.00, value=71948.0
    [iter 3759930] reheat + diversify: ceiling=0.00, value=65720.0
    [iter 3765683] reheat + diversify: ceiling=0.00, value=50656.0
    [iter 3771436] reheat + diversify: ceiling=0.00, value=67959.0
    [iter 3777189] reheat + diversify: ceiling=0.00, value=88568.0
    [iter 3782942] reheat + diversify: ceiling=0.00, value=87778.0
    [iter 3788695] reheat + diversify: ceiling=0.00, value=65037.0
    [iter 3794448] reheat + diversify: ceiling=0.00, value=80867.0
    [iter 3800201] reheat + diversify: ceiling=0.00, value=85891.0
    [iter 3805954] reheat + diversify: ceiling=0.00, value=85208.0
    [iter 3811707] reheat + diversify: ceiling=0.00, value=85891.0
    [iter 3817460] reheat + diversify: ceiling=0.00, value=93240.0
    [iter 3823213] reheat + diversify: ceiling=0.00, value=65037.0
    [iter 3828966] reheat + diversify: ceiling=0.00, value=77214.0
    [iter 3834719] reheat + diversify: ceiling=0.00, value=97385.0
    [iter 3840472] reheat + diversify: ceiling=0.00, value=80867.0
    [iter 3846225] reheat + diversify: ceiling=0.00, value=52562.0
    [iter 3851978] reheat + diversify: ceiling=0.00, value=89251.0
    [iter 3857731] reheat + diversify: ceiling=0.00, value=93240.0
    [iter 3863484] reheat + diversify: ceiling=0.00, value=94815.0
    [iter 3869237] reheat + diversify: ceiling=0.00, value=63935.0
    [iter 3874990] reheat + diversify: ceiling=0.00, value=87466.0
    [iter 3880743] reheat + diversify: ceiling=0.00, value=85891.0
    [iter 3886496] reheat + diversify: ceiling=0.00, value=93240.0
    [iter 3892249] reheat + diversify: ceiling=0.00, value=50656.0
    [iter 3898002] reheat + diversify: ceiling=0.00, value=61048.0
    [iter 3903755] reheat + diversify: ceiling=0.00, value=86676.0
    [iter 3909508] reheat + diversify: ceiling=0.00, value=65384.0
    [iter 3915261] reheat + diversify: ceiling=0.00, value=76093.0
    [iter 3921014] reheat + diversify: ceiling=0.00, value=69080.0
    [iter 3926767] reheat + diversify: ceiling=0.00, value=87466.0
    [iter 3932520] reheat + diversify: ceiling=0.00, value=70967.0
    [iter 3938273] reheat + diversify: ceiling=0.00, value=87778.0
    [iter 3944026] reheat + diversify: ceiling=0.00, value=83442.0
    [iter 3949779] reheat + diversify: ceiling=0.00, value=77878.0
    [iter 3955532] reheat + diversify: ceiling=0.00, value=66803.0
    [iter 3961285] reheat + diversify: ceiling=0.00, value=85891.0
    [iter 3967038] reheat + diversify: ceiling=0.00, value=69061.0
    [iter 3972791] reheat + diversify: ceiling=0.00, value=75620.0
    [iter 3978544] reheat + diversify: ceiling=0.00, value=71948.0
    [iter 3984297] reheat + diversify: ceiling=0.00, value=91138.0
    [iter 3990050] reheat + diversify: ceiling=0.00, value=77195.0
    [iter 3995803] reheat + diversify: ceiling=0.00, value=77190.0
    [iter 4001556] reheat + diversify: ceiling=0.00, value=83004.0
    [iter 4007309] reheat + diversify: ceiling=0.00, value=86310.0
    [iter 4013062] reheat + diversify: ceiling=0.00, value=65037.0
    [iter 4018815] reheat + diversify: ceiling=0.00, value=80867.0
    [iter 4024568] reheat + diversify: ceiling=0.00, value=81550.0
    [iter 4030321] reheat + diversify: ceiling=0.00, value=86012.0
    [iter 4036074] reheat + diversify: ceiling=0.00, value=86993.0
    [iter 4041827] reheat + diversify: ceiling=0.00, value=73518.0
    [iter 4047580] reheat + diversify: ceiling=0.00, value=77878.0
    [iter 4053333] reheat + diversify: ceiling=0.00, value=82340.0
    [iter 4059086] reheat + diversify: ceiling=0.00, value=77195.0
    [iter 4064839] reheat + diversify: ceiling=0.00, value=86012.0
    [iter 4070592] reheat + diversify: ceiling=0.00, value=77195.0
    [iter 4076345] reheat + diversify: ceiling=0.00, value=89251.0
    [iter 4082098] reheat + diversify: ceiling=0.00, value=83004.0
    [iter 4087851] reheat + diversify: ceiling=0.00, value=69080.0
    [iter 4093604] reheat + diversify: ceiling=0.00, value=97385.0
    [iter 4099357] reheat + diversify: ceiling=0.00, value=86012.0
    [iter 4105110] reheat + diversify: ceiling=0.00, value=86676.0
    [iter 4110863] reheat + diversify: ceiling=0.00, value=62833.0
    [iter 4116616] reheat + diversify: ceiling=0.00, value=71948.0
    [iter 4122369] reheat + diversify: ceiling=0.00, value=62833.0
    [iter 4128122] reheat + diversify: ceiling=0.00, value=87466.0
    [iter 4133875] reheat + diversify: ceiling=0.00, value=90353.0
    [iter 4139628] reheat + diversify: ceiling=0.00, value=77214.0
    [iter 4145381] reheat + diversify: ceiling=0.00, value=54016.0
    [iter 4151134] reheat + diversify: ceiling=0.00, value=72733.0
    [iter 4156887] reheat + diversify: ceiling=0.00, value=78980.0
    [iter 4162640] reheat + diversify: ceiling=0.00, value=94815.0
    [iter 4168393] reheat + diversify: ceiling=0.00, value=69061.0
    [iter 4174146] reheat + diversify: ceiling=0.00, value=91138.0
    [iter 4179899] reheat + diversify: ceiling=0.00, value=91138.0
    [iter 4185652] reheat + diversify: ceiling=0.00, value=82340.0
    [iter 4191405] reheat + diversify: ceiling=0.00, value=75308.0
    [iter 4197158] reheat + diversify: ceiling=0.00, value=97385.0
    [iter 4202911] reheat + diversify: ceiling=0.00, value=65701.0
    [iter 4208664] reheat + diversify: ceiling=0.00, value=76093.0
    [iter 4214417] reheat + diversify: ceiling=0.00, value=63935.0
    [iter 4220170] reheat + diversify: ceiling=0.00, value=69061.0
    [iter 4225923] reheat + diversify: ceiling=0.00, value=85891.0
    [iter 4231676] reheat + diversify: ceiling=0.00, value=76093.0
    [iter 4237429] reheat + diversify: ceiling=0.00, value=73523.0
    [iter 4243182] reheat + diversify: ceiling=0.00, value=84106.0
    [iter 4248935] reheat + diversify: ceiling=0.00, value=78980.0
    [iter 4254688] reheat + diversify: ceiling=0.00, value=63935.0
    [iter 4260441] reheat + diversify: ceiling=0.00, value=86012.0
    [iter 4266194] reheat + diversify: ceiling=0.00, value=97385.0
    [iter 4271947] reheat + diversify: ceiling=0.00, value=86012.0
    [iter 4277700] reheat + diversify: ceiling=0.00, value=86012.0
    [iter 4283453] reheat + diversify: ceiling=0.00, value=70846.0
    [iter 4289206] reheat + diversify: ceiling=0.00, value=104296.0
    [iter 4294959] reheat + diversify: ceiling=0.00, value=70967.0
    [iter 4300712] reheat + diversify: ceiling=0.00, value=83004.0
    [iter 4306465] reheat + diversify: ceiling=0.00, value=97385.0
    [iter 4312218] reheat + diversify: ceiling=0.00, value=56903.0
    [iter 4317971] reheat + diversify: ceiling=0.00, value=75308.0
    [iter 4323724] reheat + diversify: ceiling=0.00, value=70846.0
    [iter 4329477] reheat + diversify: ceiling=0.00, value=105398.0
    [iter 4335230] reheat + diversify: ceiling=0.00, value=58790.0
    [iter 4340983] reheat + diversify: ceiling=0.00, value=77878.0
    [iter 4346736] reheat + diversify: ceiling=0.00, value=92138.0
    [iter 4352489] reheat + diversify: ceiling=0.00, value=79644.0
    [iter 4358242] reheat + diversify: ceiling=0.00, value=86012.0
    [iter 4363995] reheat + diversify: ceiling=0.00, value=65701.0
    [iter 4369748] reheat + diversify: ceiling=0.00, value=83004.0
    [iter 4375501] reheat + diversify: ceiling=0.00, value=85891.0
    [iter 4381254] reheat + diversify: ceiling=0.00, value=62833.0
    [iter 4387007] reheat + diversify: ceiling=0.00, value=67295.0
    [iter 4392760] reheat + diversify: ceiling=0.00, value=94815.0
    [iter 4398513] reheat + diversify: ceiling=0.00, value=80867.0
    [iter 4404266] reheat + diversify: ceiling=0.00, value=48890.0
    [iter 4410019] reheat + diversify: ceiling=0.00, value=77195.0
    [iter 4415772] reheat + diversify: ceiling=0.00, value=103632.0
    [iter 4421525] reheat + diversify: ceiling=0.00, value=72069.0
    [iter 4427278] reheat + diversify: ceiling=0.00, value=93240.0
    [iter 4433031] reheat + diversify: ceiling=0.00, value=94815.0
    [iter 4438784] reheat + diversify: ceiling=0.00, value=63935.0
    [iter 4444537] reheat + diversify: ceiling=0.00, value=72733.0
    [iter 4450290] reheat + diversify: ceiling=0.00, value=69061.0
    [iter 4456043] reheat + diversify: ceiling=0.00, value=92923.0
    [iter 4461796] reheat + diversify: ceiling=0.00, value=83004.0
    [iter 4467549] reheat + diversify: ceiling=0.00, value=63252.0
    [iter 4473302] reheat + diversify: ceiling=0.00, value=79765.0
    [iter 4479055] reheat + diversify: ceiling=0.00, value=67295.0
    [iter 4484808] reheat + diversify: ceiling=0.00, value=71948.0
    [iter 4490561] reheat + diversify: ceiling=0.00, value=67959.0
    [iter 4496314] reheat + diversify: ceiling=0.00, value=49554.0
    [iter 4502067] reheat + diversify: ceiling=0.00, value=93240.0
    [iter 4507820] reheat + diversify: ceiling=0.00, value=78980.0
    [iter 4513573] reheat + diversify: ceiling=0.00, value=69846.0
    [iter 4519326] reheat + diversify: ceiling=0.00, value=50656.0
    [iter 4525079] reheat + diversify: ceiling=0.00, value=65037.0
    [iter 4530832] reheat + diversify: ceiling=0.00, value=78297.0
    [iter 4536585] reheat + diversify: ceiling=0.00, value=77878.0
    [iter 4542338] reheat + diversify: ceiling=0.00, value=88568.0
    [iter 4548091] reheat + diversify: ceiling=0.00, value=85891.0
    [iter 4553844] reheat + diversify: ceiling=0.00, value=76410.0
    [iter 4559597] reheat + diversify: ceiling=0.00, value=65701.0
    [iter 4565350] reheat + diversify: ceiling=0.00, value=84891.0
    [iter 4571103] reheat + diversify: ceiling=0.00, value=79765.0
    [iter 4576856] reheat + diversify: ceiling=0.00, value=63252.0
    [iter 4582609] reheat + diversify: ceiling=0.00, value=84106.0
    [iter 4588362] reheat + diversify: ceiling=0.00, value=85891.0
    [iter 4594115] reheat + diversify: ceiling=0.00, value=85891.0
    [iter 4599868] reheat + diversify: ceiling=0.00, value=73854.0
    [iter 4605621] reheat + diversify: ceiling=0.00, value=68397.0
    [iter 4611374] reheat + diversify: ceiling=0.00, value=90353.0
    [iter 4617127] reheat + diversify: ceiling=0.00, value=75308.0
    [iter 4622880] reheat + diversify: ceiling=0.00, value=64720.0
    [iter 4628633] reheat + diversify: ceiling=0.00, value=69061.0
    [iter 4634386] reheat + diversify: ceiling=0.00, value=62833.0
    [iter 4640139] reheat + diversify: ceiling=0.00, value=58790.0
    [iter 4645892] reheat + diversify: ceiling=0.00, value=93240.0
    [iter 4651645] reheat + diversify: ceiling=0.00, value=78980.0
    [iter 4657398] reheat + diversify: ceiling=0.00, value=86012.0
    [iter 4663151] reheat + diversify: ceiling=0.00, value=64720.0
    [iter 4668904] reheat + diversify: ceiling=0.00, value=50656.0
    [iter 4674657] reheat + diversify: ceiling=0.00, value=82652.0
    [iter 4680410] reheat + diversify: ceiling=0.00, value=76410.0
    [iter 4686163] reheat + diversify: ceiling=0.00, value=80082.0
    [iter 4691916] reheat + diversify: ceiling=0.00, value=72069.0
    [iter 4697669] reheat + diversify: ceiling=0.00, value=75620.0
    [iter 4703422] reheat + diversify: ceiling=0.00, value=70182.0
    [iter 4709175] reheat + diversify: ceiling=0.00, value=87778.0
    [iter 4714928] reheat + diversify: ceiling=0.00, value=77878.0
    [iter 4720681] reheat + diversify: ceiling=0.00, value=75308.0
    [iter 4726434] reheat + diversify: ceiling=0.00, value=81550.0
    [iter 4732187] reheat + diversify: ceiling=0.00, value=76093.0
    [iter 4737940] reheat + diversify: ceiling=0.00, value=67295.0
    [iter 4743693] reheat + diversify: ceiling=0.00, value=64725.0
    [iter 4749446] reheat + diversify: ceiling=0.00, value=86012.0
    [iter 4755199] reheat + diversify: ceiling=0.00, value=65720.0
    [iter 4760952] reheat + diversify: ceiling=0.00, value=73523.0
    [iter 4766705] reheat + diversify: ceiling=0.00, value=96600.0
    [iter 4772458] reheat + diversify: ceiling=0.00, value=86993.0
    [iter 4778211] reheat + diversify: ceiling=0.00, value=94815.0
    [iter 4783964] reheat + diversify: ceiling=0.00, value=78980.0
    [iter 4789717] reheat + diversify: ceiling=0.00, value=58790.0
    [iter 4795470] reheat + diversify: ceiling=0.00, value=61360.0
    [iter 4801223] reheat + diversify: ceiling=0.00, value=80867.0
    [iter 4806976] reheat + diversify: ceiling=0.00, value=87466.0
    [iter 4812729] reheat + diversify: ceiling=0.00, value=87466.0
    [iter 4818482] reheat + diversify: ceiling=0.00, value=86676.0
    [iter 4824235] reheat + diversify: ceiling=0.00, value=72069.0
    [iter 4829988] reheat + diversify: ceiling=0.00, value=75308.0
    [iter 4835741] reheat + diversify: ceiling=0.00, value=57688.0
    [iter 4841494] reheat + diversify: ceiling=0.00, value=69061.0
    [iter 4847247] reheat + diversify: ceiling=0.00, value=93240.0
    [iter 4853000] reheat + diversify: ceiling=0.00, value=75308.0
    [iter 4858753] reheat + diversify: ceiling=0.00, value=104296.0
    [iter 4864506] reheat + diversify: ceiling=0.00, value=61360.0
    [iter 4870259] reheat + diversify: ceiling=0.00, value=87466.0
    [iter 4876012] reheat + diversify: ceiling=0.00, value=66486.0
    [iter 4881765] reheat + diversify: ceiling=0.00, value=67959.0
    [iter 4887518] reheat + diversify: ceiling=0.00, value=87466.0
    [iter 4893271] reheat + diversify: ceiling=0.00, value=73835.0
    [iter 4899024] reheat + diversify: ceiling=0.00, value=69061.0
    [iter 4904777] reheat + diversify: ceiling=0.00, value=81219.0
    [iter 4910530] reheat + diversify: ceiling=0.00, value=63935.0
    [iter 4916283] reheat + diversify: ceiling=0.00, value=71948.0
    [iter 4922036] reheat + diversify: ceiling=0.00, value=74518.0
    [iter 4927789] reheat + diversify: ceiling=0.00, value=73542.0
    [iter 4933542] reheat + diversify: ceiling=0.00, value=86993.0
    [iter 4939295] reheat + diversify: ceiling=0.00, value=78980.0
    [iter 4945048] reheat + diversify: ceiling=0.00, value=78980.0
    [iter 4950801] reheat + diversify: ceiling=0.00, value=83442.0
    [iter 4956554] reheat + diversify: ceiling=0.00, value=70967.0
    [iter 4962307] reheat + diversify: ceiling=0.00, value=76093.0
    [iter 4968060] reheat + diversify: ceiling=0.00, value=66803.0
    [iter 4973813] reheat + diversify: ceiling=0.00, value=91138.0
    [iter 4979566] reheat + diversify: ceiling=0.00, value=55118.0
    [iter 4985319] reheat + diversify: ceiling=0.00, value=50656.0
    [iter 4991072] reheat + diversify: ceiling=0.00, value=74835.0
    [iter 4996825] reheat + diversify: ceiling=0.00, value=86676.0
    [iter 5002578] reheat + diversify: ceiling=0.00, value=85891.0
    [iter 5008331] reheat + diversify: ceiling=0.00, value=65701.0
    [iter 5014084] reheat + diversify: ceiling=0.00, value=70163.0
    [iter 5019837] reheat + diversify: ceiling=0.00, value=51758.0
    [iter 5025590] reheat + diversify: ceiling=0.00, value=70163.0
    [iter 5031343] reheat + diversify: ceiling=0.00, value=87466.0
    [iter 5037096] reheat + diversify: ceiling=0.00, value=65701.0
    [iter 5042849] reheat + diversify: ceiling=0.00, value=104296.0
    [iter 5048602] reheat + diversify: ceiling=0.00, value=78980.0
    [iter 5054355] reheat + diversify: ceiling=0.00, value=72733.0
    [iter 5060108] reheat + diversify: ceiling=0.00, value=48890.0
    [iter 5065861] reheat + diversify: ceiling=0.00, value=79644.0
    [iter 5071614] reheat + diversify: ceiling=0.00, value=56586.0
    [iter 5077367] reheat + diversify: ceiling=0.00, value=79644.0
    [iter 5083120] reheat + diversify: ceiling=0.00, value=70846.0
    [iter 5088873] reheat + diversify: ceiling=0.00, value=71948.0
    [iter 5094626] reheat + diversify: ceiling=0.00, value=93240.0
    [iter 5100379] reheat + diversify: ceiling=0.00, value=83442.0
    [iter 5106132] reheat + diversify: ceiling=0.00, value=73518.0
    [iter 5111885] reheat + diversify: ceiling=0.00, value=85891.0
    [iter 5117638] reheat + diversify: ceiling=0.00, value=65384.0
    [iter 5123391] reheat + diversify: ceiling=0.00, value=73523.0
    [iter 5129144] reheat + diversify: ceiling=0.00, value=86676.0
    [iter 5134897] reheat + diversify: ceiling=0.00, value=91138.0
    [iter 5140650] reheat + diversify: ceiling=0.00, value=104296.0
    [iter 5146403] reheat + diversify: ceiling=0.00, value=87466.0
    [iter 5152156] reheat + diversify: ceiling=0.00, value=77190.0
    [iter 5157909] reheat + diversify: ceiling=0.00, value=78297.0
    [iter 5163662] reheat + diversify: ceiling=0.00, value=77195.0
    [iter 5169415] reheat + diversify: ceiling=0.00, value=86012.0
    [iter 5175168] reheat + diversify: ceiling=0.00, value=73835.0
    [iter 5180921] reheat + diversify: ceiling=0.00, value=73518.0
    [iter 5186674] reheat + diversify: ceiling=0.00, value=85891.0
    [iter 5192427] reheat + diversify: ceiling=0.00, value=84125.0
    [iter 5198180] reheat + diversify: ceiling=0.00, value=83004.0
    [iter 5203933] reheat + diversify: ceiling=0.00, value=55118.0
    [iter 5209686] reheat + diversify: ceiling=0.00, value=74625.0
    [iter 5215439] reheat + diversify: ceiling=0.00, value=70846.0
    [iter 5221192] reheat + diversify: ceiling=0.00, value=66384.0
    [iter 5226945] reheat + diversify: ceiling=0.00, value=90353.0
    [iter 5232698] reheat + diversify: ceiling=0.00, value=76093.0
  time limit reached at iteration 5234330
  SA finished: 5234330 iterations in 300.0s (17448 it/s), accepted 2515675 (48.1%), rejected 2718654, neutral 2422959 (46.3%), worsening accepted 3.3%, no-move draws 0, reheats 909
  SA: value 108758.0 (greedy 85910.0, +22848.0), bound 154428.0, gap 29.57%, util 68.5%
  report -> /home/mcaspar/3DMHKP/results_3DMHKP_ep3/ep3-20-U-C-50-3DMHKP-SA-a0.999-r0.25-t300s.txt

================================================================================================
SUMMARY
================================================================================================
instance      boxes  packed       greedy     SA value        bound      gap    util    iters    time
------------------------------------------------------------------------------------------------
ep3-20-U-C-50     20       8      85910.0     108758.0     154428.0   29.6%   68.5%  5234330  300.0s
------------------------------------------------------------------------------------------------
proven optimal (value reaches the upper bound): 0/1
improved over greedy: 1/1 (total value 85910.0 -> 108758.0, +26.60%)
mean gap to 0-1 knapsack bound: 29.6%
mean volume utilization: 68.5%
