============================================================
  Solver:     3DMHKP-SA.py
  Instance:   /home/mcaspar/3DMHKP/Egeblad/ep3-40-C-R-50.txt
  Value mode: flat
  Timelimit:  900s
  Reports:    /home/mcaspar/3DMHKP/results_3DMHKP_ep3
  CPUs:       1
============================================================
======================================================================
3DMHKP Simulated Annealing (random single-neighbour, sequence decoder)
SA params: T0=5% of f(S_0), alpha=0.999, T_min=0.001, reheat_threshold=5753, reheat_fraction=0.25
Move weights: {'relocate': 0.0, 'swap': 1.0, '2opt': 0.0, 'promote': 1.5, 'demote': 1.5, 'orient': 1.0, 'container': 0.5}
Time limit: 900.0s per instance, seed 1297635185
======================================================================

======================================================================
ep3-40-C-R-50: 40 boxes (36 types), 1 containers (1 types)
  0-1 knapsack bound: 202725.0 (continuous relaxation: 204672.9)
  initial (value-density) decode: value 42058.0 (22/40 boxes)
  T0 = 9724.5 (calibrated, 29 worsening draws, target accept 35%)
  schedule: time-based, T0 -> 2216.86 over 900s
    [iter 3] *** NEW BEST: value 91421.0, boxes 27/40, T=9718.9, elapsed=0.3s
    [iter 8] *** NEW BEST: value 97660.0, boxes 27/40, T=9718.9, elapsed=0.4s
    [iter 30] *** NEW BEST: value 100147.0, boxes 25/40, T=9718.8, elapsed=0.4s
    [iter 46] *** NEW BEST: value 104885.0, boxes 28/40, T=9718.7, elapsed=0.4s
    [iter 68] *** NEW BEST: value 111772.0, boxes 28/40, T=9718.6, elapsed=0.4s
    [iter 97] *** NEW BEST: value 112444.0, boxes 27/40, T=9718.5, elapsed=0.4s
    [iter 98] *** NEW BEST: value 120126.0, boxes 27/40, T=9718.5, elapsed=0.4s
    [iter 127] *** NEW BEST: value 126069.0, boxes 26/40, T=9718.4, elapsed=0.4s
    [iter 5880] reheat + diversify: ceiling=2431.13, value=76264.0
    [iter 11633] reheat + diversify: ceiling=2188.01, value=88678.0
    [iter 17386] reheat + diversify: ceiling=1969.21, value=97696.0
    [iter 23139] reheat + diversify: ceiling=1772.29, value=100832.0
    [iter 28892] reheat + diversify: ceiling=1595.06, value=115044.0
    [iter 34645] reheat + diversify: ceiling=1435.56, value=85809.0
    [iter 40398] reheat + diversify: ceiling=1292.00, value=76843.0
    [iter 46151] reheat + diversify: ceiling=1162.80, value=88889.0
    [iter 51904] reheat + diversify: ceiling=1046.52, value=96368.0
    [iter 57657] reheat + diversify: ceiling=941.87, value=93859.0
    [iter 63410] reheat + diversify: ceiling=847.68, value=92670.0
    [iter 69163] reheat + diversify: ceiling=762.91, value=101645.0
    [iter 74916] reheat + diversify: ceiling=686.62, value=95140.0
    [iter 80669] reheat + diversify: ceiling=617.96, value=114835.0
    [iter 86422] reheat + diversify: ceiling=556.16, value=95821.0
    [iter 92175] reheat + diversify: ceiling=500.55, value=123607.0
    [iter 97928] reheat + diversify: ceiling=450.49, value=110807.0
    [iter 103681] reheat + diversify: ceiling=405.44, value=106519.0
    [iter 109434] reheat + diversify: ceiling=364.90, value=96162.0
    [iter 115187] reheat + diversify: ceiling=328.41, value=84516.0
    [iter 120940] reheat + diversify: ceiling=295.57, value=110083.0
    [iter 126693] reheat + diversify: ceiling=266.01, value=94272.0
    [iter 132446] reheat + diversify: ceiling=239.41, value=120601.0
    [iter 138199] reheat + diversify: ceiling=215.47, value=101438.0
    [iter 143952] reheat + diversify: ceiling=193.92, value=79402.0
    [iter 149705] reheat + diversify: ceiling=174.53, value=87728.0
    [iter 155458] reheat + diversify: ceiling=157.08, value=106452.0
    [iter 161211] reheat + diversify: ceiling=141.37, value=88898.0
    [iter 166964] reheat + diversify: ceiling=127.23, value=85438.0
    [iter 172717] reheat + diversify: ceiling=114.51, value=106816.0
    [iter 178470] reheat + diversify: ceiling=103.06, value=112919.0
    [iter 184223] reheat + diversify: ceiling=92.75, value=106842.0
    [iter 189976] reheat + diversify: ceiling=83.48, value=105328.0
    [iter 195729] reheat + diversify: ceiling=75.13, value=114492.0
    [iter 201482] reheat + diversify: ceiling=67.62, value=97660.0
    [iter 207235] reheat + diversify: ceiling=60.85, value=111995.0
    [iter 212988] reheat + diversify: ceiling=54.77, value=91666.0
    [iter 218741] reheat + diversify: ceiling=49.29, value=113063.0
    [iter 224494] reheat + diversify: ceiling=44.36, value=86263.0
    [iter 230247] reheat + diversify: ceiling=39.93, value=117474.0
    [iter 236000] reheat + diversify: ceiling=35.93, value=99772.0
    [iter 241753] reheat + diversify: ceiling=32.34, value=108291.0
    [iter 247506] reheat + diversify: ceiling=29.11, value=88967.0
    [iter 253259] reheat + diversify: ceiling=26.20, value=111995.0
    [iter 259012] reheat + diversify: ceiling=23.58, value=95140.0
    [iter 264765] reheat + diversify: ceiling=21.22, value=95140.0
    [iter 270518] reheat + diversify: ceiling=19.10, value=110807.0
    [iter 276271] reheat + diversify: ceiling=17.19, value=93493.0
    [iter 282024] reheat + diversify: ceiling=15.47, value=79133.0
    [iter 287777] reheat + diversify: ceiling=13.92, value=106196.0
    [iter 293530] reheat + diversify: ceiling=12.53, value=92968.0
    [iter 299283] reheat + diversify: ceiling=11.28, value=95140.0
    [iter 305036] reheat + diversify: ceiling=10.15, value=89394.0
    [iter 310789] reheat + diversify: ceiling=9.13, value=84364.0
    [iter 316542] reheat + diversify: ceiling=8.22, value=121193.0
    [iter 322295] reheat + diversify: ceiling=7.40, value=107884.0
    [iter 328048] reheat + diversify: ceiling=6.66, value=122882.0
    [iter 333801] reheat + diversify: ceiling=5.99, value=89492.0
    [iter 339554] reheat + diversify: ceiling=5.39, value=101203.0
    [iter 345307] reheat + diversify: ceiling=4.85, value=106027.0
    [iter 351060] reheat + diversify: ceiling=4.37, value=121960.0
    [iter 356813] reheat + diversify: ceiling=3.93, value=74558.0
    [iter 362566] reheat + diversify: ceiling=3.54, value=70475.0
    [iter 368319] reheat + diversify: ceiling=3.18, value=113242.0
    [iter 374072] reheat + diversify: ceiling=2.87, value=94615.0
    [iter 379825] reheat + diversify: ceiling=2.58, value=106452.0
    [iter 385578] reheat + diversify: ceiling=2.32, value=84001.0
    [iter 391331] reheat + diversify: ceiling=2.09, value=94615.0
    [iter 397084] reheat + diversify: ceiling=1.88, value=69956.0
    [iter 402837] reheat + diversify: ceiling=1.69, value=97696.0
    [iter 408590] reheat + diversify: ceiling=1.52, value=97235.0
    [iter 414343] reheat + diversify: ceiling=1.37, value=107811.0
    [iter 420096] reheat + diversify: ceiling=1.23, value=103460.0
    [iter 425849] reheat + diversify: ceiling=1.11, value=86252.0
    [iter 431602] reheat + diversify: ceiling=1.00, value=102500.0
    [iter 437355] reheat + diversify: ceiling=0.90, value=95140.0
    [iter 443108] reheat + diversify: ceiling=0.81, value=99712.0
    [iter 448861] reheat + diversify: ceiling=0.73, value=107571.0
    [iter 454614] reheat + diversify: ceiling=0.66, value=93493.0
    [iter 460367] reheat + diversify: ceiling=0.59, value=112667.0
    [iter 466120] reheat + diversify: ceiling=0.53, value=117207.0
    [iter 471873] reheat + diversify: ceiling=0.48, value=111772.0
    [iter 477626] reheat + diversify: ceiling=0.43, value=95033.0
    [iter 483379] reheat + diversify: ceiling=0.39, value=121235.0
    [iter 489132] reheat + diversify: ceiling=0.35, value=100672.0
    [iter 494885] reheat + diversify: ceiling=0.31, value=99353.0
    [iter 500638] reheat + diversify: ceiling=0.28, value=67830.0
    [iter 506391] reheat + diversify: ceiling=0.25, value=63395.0
    [iter 512144] reheat + diversify: ceiling=0.23, value=101716.0
    [iter 517897] reheat + diversify: ceiling=0.21, value=101693.0
    [iter 523650] reheat + diversify: ceiling=0.19, value=99359.0
    [iter 529403] reheat + diversify: ceiling=0.17, value=106975.0
    [iter 535156] reheat + diversify: ceiling=0.15, value=100052.0
    [iter 540909] reheat + diversify: ceiling=0.14, value=98860.0
    [iter 546662] reheat + diversify: ceiling=0.12, value=99004.0
    [iter 552415] reheat + diversify: ceiling=0.11, value=118387.0
    [iter 558168] reheat + diversify: ceiling=0.10, value=105560.0
    [iter 563921] reheat + diversify: ceiling=0.09, value=103388.0
    [iter 569674] reheat + diversify: ceiling=0.08, value=95814.0
    [iter 575427] reheat + diversify: ceiling=0.07, value=111470.0
    [iter 581180] reheat + diversify: ceiling=0.06, value=107560.0
    [iter 586933] reheat + diversify: ceiling=0.06, value=106291.0
    [iter 592686] reheat + diversify: ceiling=0.05, value=86020.0
    [iter 598439] reheat + diversify: ceiling=0.05, value=102088.0
    [iter 604192] reheat + diversify: ceiling=0.04, value=106815.0
    [iter 609945] reheat + diversify: ceiling=0.04, value=88678.0
    [iter 615698] reheat + diversify: ceiling=0.03, value=79133.0
    [iter 621451] reheat + diversify: ceiling=0.03, value=67817.0
    [iter 627204] reheat + diversify: ceiling=0.03, value=105319.0
    [iter 632957] reheat + diversify: ceiling=0.03, value=107362.0
    [iter 638710] reheat + diversify: ceiling=0.02, value=123830.0
    [iter 644463] reheat + diversify: ceiling=0.02, value=104814.0
    [iter 650216] reheat + diversify: ceiling=0.02, value=101236.0
    [iter 655969] reheat + diversify: ceiling=0.02, value=106080.0
    [iter 661722] reheat + diversify: ceiling=0.01, value=96440.0
    [iter 667475] reheat + diversify: ceiling=0.01, value=92959.0
    [iter 673228] reheat + diversify: ceiling=0.01, value=75501.0
    [iter 678981] reheat + diversify: ceiling=0.01, value=119642.0
    [iter 684734] reheat + diversify: ceiling=0.01, value=74102.0
    [iter 690487] reheat + diversify: ceiling=0.01, value=94615.0
    [iter 696240] reheat + diversify: ceiling=0.01, value=92209.0
    [iter 701993] reheat + diversify: ceiling=0.01, value=106552.0
    [iter 707746] reheat + diversify: ceiling=0.01, value=95140.0
    [iter 713499] reheat + diversify: ceiling=0.01, value=84729.0
    [iter 719252] reheat + diversify: ceiling=0.01, value=111172.0
    [iter 725005] reheat + diversify: ceiling=0.00, value=93493.0
    [iter 730758] reheat + diversify: ceiling=0.00, value=96457.0
    [iter 736511] reheat + diversify: ceiling=0.00, value=89321.0
    [iter 742264] reheat + diversify: ceiling=0.00, value=82169.0
    [iter 748017] reheat + diversify: ceiling=0.00, value=109398.0
    [iter 753770] reheat + diversify: ceiling=0.00, value=78725.0
    [iter 759523] reheat + diversify: ceiling=0.00, value=88898.0
    [iter 765276] reheat + diversify: ceiling=0.00, value=71195.0
    [iter 771029] reheat + diversify: ceiling=0.00, value=108045.0
    [iter 776782] reheat + diversify: ceiling=0.00, value=103376.0
    [iter 782535] reheat + diversify: ceiling=0.00, value=96199.0
    [iter 788288] reheat + diversify: ceiling=0.00, value=115001.0
    [iter 794041] reheat + diversify: ceiling=0.00, value=100907.0
    [iter 799794] reheat + diversify: ceiling=0.00, value=94215.0
    [iter 805547] reheat + diversify: ceiling=0.00, value=60107.0
    [iter 811300] reheat + diversify: ceiling=0.00, value=79248.0
    [iter 817053] reheat + diversify: ceiling=0.00, value=94917.0
    [iter 822806] reheat + diversify: ceiling=0.00, value=92968.0
    [iter 828559] reheat + diversify: ceiling=0.00, value=109531.0
    [iter 834312] reheat + diversify: ceiling=0.00, value=110807.0
    [iter 840065] reheat + diversify: ceiling=0.00, value=99665.0
    [iter 845818] reheat + diversify: ceiling=0.00, value=113709.0
    [iter 851571] reheat + diversify: ceiling=0.00, value=100148.0
    [iter 857324] reheat + diversify: ceiling=0.00, value=85417.0
    [iter 863077] reheat + diversify: ceiling=0.00, value=100904.0
    [iter 868830] reheat + diversify: ceiling=0.00, value=88253.0
    [iter 874583] reheat + diversify: ceiling=0.00, value=117471.0
    [iter 880336] reheat + diversify: ceiling=0.00, value=103131.0
    [iter 886089] reheat + diversify: ceiling=0.00, value=107028.0
    [iter 891842] reheat + diversify: ceiling=0.00, value=112734.0
    [iter 897595] reheat + diversify: ceiling=0.00, value=88833.0
    [iter 903348] reheat + diversify: ceiling=0.00, value=111799.0
    [iter 909101] reheat + diversify: ceiling=0.00, value=109547.0
    [iter 914854] reheat + diversify: ceiling=0.00, value=93493.0
    [iter 920607] reheat + diversify: ceiling=0.00, value=106364.0
    [iter 926360] reheat + diversify: ceiling=0.00, value=96112.0
    [iter 932113] reheat + diversify: ceiling=0.00, value=112908.0
    [iter 937866] reheat + diversify: ceiling=0.00, value=79512.0
    [iter 943619] reheat + diversify: ceiling=0.00, value=95844.0
    [iter 949372] reheat + diversify: ceiling=0.00, value=111772.0
    [iter 955125] reheat + diversify: ceiling=0.00, value=109750.0
    [iter 960878] reheat + diversify: ceiling=0.00, value=103131.0
    [iter 966631] reheat + diversify: ceiling=0.00, value=114128.0
    [iter 972384] reheat + diversify: ceiling=0.00, value=103735.0
    [iter 978137] reheat + diversify: ceiling=0.00, value=95527.0
    [iter 983890] reheat + diversify: ceiling=0.00, value=105571.0
    [iter 989643] reheat + diversify: ceiling=0.00, value=88967.0
    [iter 995396] reheat + diversify: ceiling=0.00, value=88833.0
    [iter 1001149] reheat + diversify: ceiling=0.00, value=120367.0
    [iter 1006902] reheat + diversify: ceiling=0.00, value=100609.0
    [iter 1012655] reheat + diversify: ceiling=0.00, value=72815.0
    [iter 1018408] reheat + diversify: ceiling=0.00, value=85729.0
    [iter 1024161] reheat + diversify: ceiling=0.00, value=78388.0
    [iter 1029914] reheat + diversify: ceiling=0.00, value=112454.0
    [iter 1035667] reheat + diversify: ceiling=0.00, value=77657.0
    [iter 1041420] reheat + diversify: ceiling=0.00, value=105328.0
    [iter 1047173] reheat + diversify: ceiling=0.00, value=96208.0
    [iter 1052926] reheat + diversify: ceiling=0.00, value=118870.0
    [iter 1058679] reheat + diversify: ceiling=0.00, value=107838.0
    [iter 1064432] reheat + diversify: ceiling=0.00, value=96364.0
    [iter 1070185] reheat + diversify: ceiling=0.00, value=106975.0
    [iter 1075938] reheat + diversify: ceiling=0.00, value=91900.0
    [iter 1081691] reheat + diversify: ceiling=0.00, value=112667.0
    [iter 1087444] reheat + diversify: ceiling=0.00, value=115200.0
    [iter 1093197] reheat + diversify: ceiling=0.00, value=117988.0
    [iter 1098950] reheat + diversify: ceiling=0.00, value=103147.0
    [iter 1104703] reheat + diversify: ceiling=0.00, value=116740.0
    [iter 1110456] reheat + diversify: ceiling=0.00, value=115560.0
    [iter 1116209] reheat + diversify: ceiling=0.00, value=105328.0
    [iter 1121962] reheat + diversify: ceiling=0.00, value=87877.0
    [iter 1127715] reheat + diversify: ceiling=0.00, value=82994.0
    [iter 1133468] reheat + diversify: ceiling=0.00, value=92897.0
    [iter 1139221] reheat + diversify: ceiling=0.00, value=95836.0
    [iter 1144974] reheat + diversify: ceiling=0.00, value=77657.0
    [iter 1150727] reheat + diversify: ceiling=0.00, value=121126.0
    [iter 1156480] reheat + diversify: ceiling=0.00, value=83559.0
    [iter 1162233] reheat + diversify: ceiling=0.00, value=80372.0
    [iter 1167986] reheat + diversify: ceiling=0.00, value=89840.0
    [iter 1173739] reheat + diversify: ceiling=0.00, value=105328.0
    [iter 1179492] reheat + diversify: ceiling=0.00, value=110083.0
    [iter 1185245] reheat + diversify: ceiling=0.00, value=97769.0
    [iter 1190998] reheat + diversify: ceiling=0.00, value=100764.0
    [iter 1196751] reheat + diversify: ceiling=0.00, value=99680.0
    [iter 1202504] reheat + diversify: ceiling=0.00, value=91328.0
    [iter 1208257] reheat + diversify: ceiling=0.00, value=79652.0
    [iter 1214010] reheat + diversify: ceiling=0.00, value=70475.0
    [iter 1219763] reheat + diversify: ceiling=0.00, value=103490.0
    [iter 1225516] reheat + diversify: ceiling=0.00, value=97660.0
    [iter 1231269] reheat + diversify: ceiling=0.00, value=77657.0
    [iter 1237022] reheat + diversify: ceiling=0.00, value=97857.0
    [iter 1242775] reheat + diversify: ceiling=0.00, value=107319.0
    [iter 1248528] reheat + diversify: ceiling=0.00, value=103735.0
    [iter 1254281] reheat + diversify: ceiling=0.00, value=104443.0
    [iter 1260034] reheat + diversify: ceiling=0.00, value=122829.0
    [iter 1265787] reheat + diversify: ceiling=0.00, value=109267.0
    [iter 1271540] reheat + diversify: ceiling=0.00, value=101220.0
    [iter 1277293] reheat + diversify: ceiling=0.00, value=84373.0
    [iter 1283046] reheat + diversify: ceiling=0.00, value=107275.0
    [iter 1288799] reheat + diversify: ceiling=0.00, value=107448.0
    [iter 1294552] reheat + diversify: ceiling=0.00, value=110807.0
    [iter 1300305] reheat + diversify: ceiling=0.00, value=79652.0
    [iter 1306058] reheat + diversify: ceiling=0.00, value=119110.0
    [iter 1311811] reheat + diversify: ceiling=0.00, value=95814.0
    [iter 1317564] reheat + diversify: ceiling=0.00, value=109547.0
    [iter 1323317] reheat + diversify: ceiling=0.00, value=100436.0
    [iter 1329070] reheat + diversify: ceiling=0.00, value=94615.0
    [iter 1334823] reheat + diversify: ceiling=0.00, value=108800.0
    [iter 1340576] reheat + diversify: ceiling=0.00, value=69131.0
    [iter 1346329] reheat + diversify: ceiling=0.00, value=104122.0
    [iter 1352082] reheat + diversify: ceiling=0.00, value=113235.0
    [iter 1357835] reheat + diversify: ceiling=0.00, value=108118.0
    [iter 1363588] reheat + diversify: ceiling=0.00, value=77132.0
    [iter 1369341] reheat + diversify: ceiling=0.00, value=98644.0
    [iter 1375094] reheat + diversify: ceiling=0.00, value=103292.0
    [iter 1380847] reheat + diversify: ceiling=0.00, value=93493.0
    [iter 1386600] reheat + diversify: ceiling=0.00, value=110797.0
    [iter 1392353] reheat + diversify: ceiling=0.00, value=108275.0
    [iter 1398106] reheat + diversify: ceiling=0.00, value=119110.0
    [iter 1403859] reheat + diversify: ceiling=0.00, value=109026.0
    [iter 1409612] reheat + diversify: ceiling=0.00, value=78005.0
    [iter 1415365] reheat + diversify: ceiling=0.00, value=107034.0
    [iter 1421118] reheat + diversify: ceiling=0.00, value=122822.0
    [iter 1426871] reheat + diversify: ceiling=0.00, value=100307.0
    [iter 1432624] reheat + diversify: ceiling=0.00, value=81117.0
    [iter 1438377] reheat + diversify: ceiling=0.00, value=111047.0
    [iter 1444130] reheat + diversify: ceiling=0.00, value=79133.0
    [iter 1449883] reheat + diversify: ceiling=0.00, value=105779.0
    [iter 1455636] reheat + diversify: ceiling=0.00, value=114653.0
    [iter 1461389] reheat + diversify: ceiling=0.00, value=92968.0
    [iter 1467142] reheat + diversify: ceiling=0.00, value=109995.0
    [iter 1472895] reheat + diversify: ceiling=0.00, value=77657.0
    [iter 1478648] reheat + diversify: ceiling=0.00, value=101252.0
    [iter 1484401] reheat + diversify: ceiling=0.00, value=119118.0
    [iter 1490154] reheat + diversify: ceiling=0.00, value=88247.0
    [iter 1495907] reheat + diversify: ceiling=0.00, value=119395.0
    [iter 1501660] reheat + diversify: ceiling=0.00, value=118870.0
    [iter 1507413] reheat + diversify: ceiling=0.00, value=86020.0
    [iter 1513166] reheat + diversify: ceiling=0.00, value=102079.0
    [iter 1518919] reheat + diversify: ceiling=0.00, value=119642.0
    [iter 1524672] reheat + diversify: ceiling=0.00, value=117207.0
    [iter 1530425] reheat + diversify: ceiling=0.00, value=115001.0
    [iter 1536178] reheat + diversify: ceiling=0.00, value=90576.0
    [iter 1541931] reheat + diversify: ceiling=0.00, value=106080.0
    [iter 1547684] reheat + diversify: ceiling=0.00, value=78829.0
    [iter 1553437] reheat + diversify: ceiling=0.00, value=96208.0
    [iter 1559190] reheat + diversify: ceiling=0.00, value=94552.0
    [iter 1564943] reheat + diversify: ceiling=0.00, value=109302.0
    [iter 1570696] reheat + diversify: ceiling=0.00, value=116886.0
    [iter 1576449] reheat + diversify: ceiling=0.00, value=123897.0
    [iter 1582202] reheat + diversify: ceiling=0.00, value=103601.0
    [iter 1587955] reheat + diversify: ceiling=0.00, value=87728.0
    [iter 1593708] reheat + diversify: ceiling=0.00, value=113709.0
    [iter 1599461] reheat + diversify: ceiling=0.00, value=123830.0
    [iter 1605214] reheat + diversify: ceiling=0.00, value=102211.0
    [iter 1610967] reheat + diversify: ceiling=0.00, value=109237.0
    [iter 1616720] reheat + diversify: ceiling=0.00, value=82310.0
    [iter 1622473] reheat + diversify: ceiling=0.00, value=80792.0
    [iter 1628226] reheat + diversify: ceiling=0.00, value=120367.0
    [iter 1633979] reheat + diversify: ceiling=0.00, value=80372.0
    [iter 1639732] reheat + diversify: ceiling=0.00, value=119118.0
    [iter 1645485] reheat + diversify: ceiling=0.00, value=100114.0
    [iter 1651238] reheat + diversify: ceiling=0.00, value=90218.0
    [iter 1656991] reheat + diversify: ceiling=0.00, value=70475.0
    [iter 1662744] reheat + diversify: ceiling=0.00, value=100907.0
    [iter 1668497] reheat + diversify: ceiling=0.00, value=103735.0
    [iter 1674250] reheat + diversify: ceiling=0.00, value=104115.0
    [iter 1680003] reheat + diversify: ceiling=0.00, value=81028.0
    [iter 1685756] reheat + diversify: ceiling=0.00, value=105372.0
    [iter 1691509] reheat + diversify: ceiling=0.00, value=123305.0
    [iter 1697262] reheat + diversify: ceiling=0.00, value=99395.0
    [iter 1703015] reheat + diversify: ceiling=0.00, value=107159.0
    [iter 1708768] reheat + diversify: ceiling=0.00, value=101580.0
    [iter 1714521] reheat + diversify: ceiling=0.00, value=80315.0
    [iter 1720274] reheat + diversify: ceiling=0.00, value=100184.0
    [iter 1726027] reheat + diversify: ceiling=0.00, value=117207.0
    [iter 1731780] reheat + diversify: ceiling=0.00, value=107884.0
    [iter 1737533] reheat + diversify: ceiling=0.00, value=94615.0
    [iter 1743286] reheat + diversify: ceiling=0.00, value=111772.0
    [iter 1749039] reheat + diversify: ceiling=0.00, value=94558.0
    [iter 1754792] reheat + diversify: ceiling=0.00, value=91665.0
    [iter 1760545] reheat + diversify: ceiling=0.00, value=116148.0
    [iter 1766298] reheat + diversify: ceiling=0.00, value=94659.0
    [iter 1772051] reheat + diversify: ceiling=0.00, value=106452.0
    [iter 1777804] reheat + diversify: ceiling=0.00, value=83375.0
    [iter 1783557] reheat + diversify: ceiling=0.00, value=123607.0
    [iter 1789310] reheat + diversify: ceiling=0.00, value=109803.0
    [iter 1795063] reheat + diversify: ceiling=0.00, value=106205.0
    [iter 1800816] reheat + diversify: ceiling=0.00, value=123607.0
    [iter 1806569] reheat + diversify: ceiling=0.00, value=120892.0
    [iter 1812322] reheat + diversify: ceiling=0.00, value=110807.0
    [iter 1818075] reheat + diversify: ceiling=0.00, value=106452.0
    [iter 1823828] reheat + diversify: ceiling=0.00, value=102724.0
    [iter 1829581] reheat + diversify: ceiling=0.00, value=109531.0
    [iter 1835334] reheat + diversify: ceiling=0.00, value=120590.0
    [iter 1841087] reheat + diversify: ceiling=0.00, value=89080.0
    [iter 1846840] reheat + diversify: ceiling=0.00, value=107800.0
    [iter 1852593] reheat + diversify: ceiling=0.00, value=83232.0
    [iter 1858346] reheat + diversify: ceiling=0.00, value=99004.0
    [iter 1864099] reheat + diversify: ceiling=0.00, value=91900.0
    [iter 1869852] reheat + diversify: ceiling=0.00, value=118199.0
    [iter 1875605] reheat + diversify: ceiling=0.00, value=82992.0
    [iter 1881358] reheat + diversify: ceiling=0.00, value=84761.0
    [iter 1887111] reheat + diversify: ceiling=0.00, value=103365.0
    [iter 1892864] reheat + diversify: ceiling=0.00, value=82117.0
    [iter 1898617] reheat + diversify: ceiling=0.00, value=95140.0
    [iter 1904370] reheat + diversify: ceiling=0.00, value=119653.0
    [iter 1910123] reheat + diversify: ceiling=0.00, value=113987.0
    [iter 1915876] reheat + diversify: ceiling=0.00, value=88253.0
    [iter 1921629] reheat + diversify: ceiling=0.00, value=100634.0
    [iter 1927382] reheat + diversify: ceiling=0.00, value=94615.0
    [iter 1933135] reheat + diversify: ceiling=0.00, value=87231.0
    [iter 1938888] reheat + diversify: ceiling=0.00, value=106825.0
    [iter 1944641] reheat + diversify: ceiling=0.00, value=96440.0
    [iter 1950394] reheat + diversify: ceiling=0.00, value=104319.0
    [iter 1956147] reheat + diversify: ceiling=0.00, value=103735.0
    [iter 1961900] reheat + diversify: ceiling=0.00, value=85963.0
    [iter 1967653] reheat + diversify: ceiling=0.00, value=104380.0
    [iter 1973406] reheat + diversify: ceiling=0.00, value=113553.0
    [iter 1979159] reheat + diversify: ceiling=0.00, value=109995.0
    [iter 1984912] reheat + diversify: ceiling=0.00, value=102099.0
    [iter 1990665] reheat + diversify: ceiling=0.00, value=116482.0
    [iter 1996418] reheat + diversify: ceiling=0.00, value=117463.0
    [iter 2002171] reheat + diversify: ceiling=0.00, value=79595.0
    [iter 2007924] reheat + diversify: ceiling=0.00, value=100388.0
    [iter 2013677] reheat + diversify: ceiling=0.00, value=87583.0
    [iter 2019430] reheat + diversify: ceiling=0.00, value=95140.0
    [iter 2025183] reheat + diversify: ceiling=0.00, value=108232.0
    [iter 2030936] reheat + diversify: ceiling=0.00, value=79402.0
    [iter 2036689] reheat + diversify: ceiling=0.00, value=118870.0
    [iter 2042442] reheat + diversify: ceiling=0.00, value=104380.0
    [iter 2048195] reheat + diversify: ceiling=0.00, value=89503.0
    [iter 2053948] reheat + diversify: ceiling=0.00, value=114710.0
    [iter 2059701] reheat + diversify: ceiling=0.00, value=107884.0
    [iter 2065454] reheat + diversify: ceiling=0.00, value=119395.0
    [iter 2071207] reheat + diversify: ceiling=0.00, value=118433.0
    [iter 2076960] reheat + diversify: ceiling=0.00, value=120892.0
    [iter 2082713] reheat + diversify: ceiling=0.00, value=114492.0
    [iter 2088466] reheat + diversify: ceiling=0.00, value=117862.0
    [iter 2094219] reheat + diversify: ceiling=0.00, value=111172.0
    [iter 2099972] reheat + diversify: ceiling=0.00, value=113762.0
    [iter 2105725] reheat + diversify: ceiling=0.00, value=80372.0
    [iter 2111478] reheat + diversify: ceiling=0.00, value=68537.0
    [iter 2117231] reheat + diversify: ceiling=0.00, value=91900.0
    [iter 2122984] reheat + diversify: ceiling=0.00, value=98075.0
    [iter 2128737] reheat + diversify: ceiling=0.00, value=110522.0
    [iter 2134490] reheat + diversify: ceiling=0.00, value=81791.0
    [iter 2140243] reheat + diversify: ceiling=0.00, value=100052.0
    [iter 2145996] reheat + diversify: ceiling=0.00, value=96731.0
    [iter 2151749] reheat + diversify: ceiling=0.00, value=109026.0
    [iter 2157502] reheat + diversify: ceiling=0.00, value=104991.0
    [iter 2163255] reheat + diversify: ceiling=0.00, value=108045.0
    [iter 2169008] reheat + diversify: ceiling=0.00, value=92984.0
    [iter 2174761] reheat + diversify: ceiling=0.00, value=104867.0
    [iter 2180514] reheat + diversify: ceiling=0.00, value=91900.0
    [iter 2186267] reheat + diversify: ceiling=0.00, value=117988.0
    [iter 2192020] reheat + diversify: ceiling=0.00, value=86600.0
    [iter 2197773] reheat + diversify: ceiling=0.00, value=84373.0
    [iter 2203526] reheat + diversify: ceiling=0.00, value=97420.0
    [iter 2209279] reheat + diversify: ceiling=0.00, value=98279.0
    [iter 2215032] reheat + diversify: ceiling=0.00, value=98680.0
    [iter 2220785] reheat + diversify: ceiling=0.00, value=110275.0
    [iter 2226538] reheat + diversify: ceiling=0.00, value=76834.0
    [iter 2232291] reheat + diversify: ceiling=0.00, value=104123.0
    [iter 2238044] reheat + diversify: ceiling=0.00, value=88247.0
    [iter 2243797] reheat + diversify: ceiling=0.00, value=96208.0
    [iter 2249550] reheat + diversify: ceiling=0.00, value=81791.0
    [iter 2255303] reheat + diversify: ceiling=0.00, value=120367.0
    [iter 2261056] reheat + diversify: ceiling=0.00, value=88898.0
    [iter 2266809] reheat + diversify: ceiling=0.00, value=107620.0
    [iter 2272562] reheat + diversify: ceiling=0.00, value=95140.0
    [iter 2278315] reheat + diversify: ceiling=0.00, value=105533.0
    [iter 2284068] reheat + diversify: ceiling=0.00, value=117862.0
    [iter 2289821] reheat + diversify: ceiling=0.00, value=109692.0
    [iter 2295574] reheat + diversify: ceiling=0.00, value=115838.0
    [iter 2301327] reheat + diversify: ceiling=0.00, value=114310.0
    [iter 2307080] reheat + diversify: ceiling=0.00, value=115302.0
    [iter 2312833] reheat + diversify: ceiling=0.00, value=86020.0
    [iter 2318586] reheat + diversify: ceiling=0.00, value=92968.0
    [iter 2324339] reheat + diversify: ceiling=0.00, value=95140.0
    [iter 2330092] reheat + diversify: ceiling=0.00, value=91900.0
    [iter 2335845] reheat + diversify: ceiling=0.00, value=122882.0
    [iter 2341598] reheat + diversify: ceiling=0.00, value=105451.0
    [iter 2347351] reheat + diversify: ceiling=0.00, value=95195.0
    [iter 2353104] reheat + diversify: ceiling=0.00, value=108156.0
    [iter 2358857] reheat + diversify: ceiling=0.00, value=99796.0
    [iter 2364610] reheat + diversify: ceiling=0.00, value=100979.0
    [iter 2370363] reheat + diversify: ceiling=0.00, value=102072.0
    [iter 2376116] reheat + diversify: ceiling=0.00, value=114675.0
    [iter 2381869] reheat + diversify: ceiling=0.00, value=116879.0
    [iter 2387622] reheat + diversify: ceiling=0.00, value=89840.0
    [iter 2393375] reheat + diversify: ceiling=0.00, value=104132.0
    [iter 2399128] reheat + diversify: ceiling=0.00, value=79655.0
    [iter 2404881] reheat + diversify: ceiling=0.00, value=97426.0
    [iter 2410634] reheat + diversify: ceiling=0.00, value=116403.0
    [iter 2416387] reheat + diversify: ceiling=0.00, value=111772.0
    [iter 2422140] reheat + diversify: ceiling=0.00, value=110807.0
    [iter 2427893] reheat + diversify: ceiling=0.00, value=95785.0
    [iter 2433646] reheat + diversify: ceiling=0.00, value=114675.0
    [iter 2439399] reheat + diversify: ceiling=0.00, value=86081.0
    [iter 2445152] reheat + diversify: ceiling=0.00, value=84860.0
    [iter 2450905] reheat + diversify: ceiling=0.00, value=94218.0
    [iter 2456658] reheat + diversify: ceiling=0.00, value=110275.0
    [iter 2462411] reheat + diversify: ceiling=0.00, value=91865.0
    [iter 2468164] reheat + diversify: ceiling=0.00, value=100024.0
    [iter 2473917] reheat + diversify: ceiling=0.00, value=96208.0
    [iter 2479670] reheat + diversify: ceiling=0.00, value=118387.0
    [iter 2485423] reheat + diversify: ceiling=0.00, value=111772.0
    [iter 2491176] reheat + diversify: ceiling=0.00, value=104905.0
    [iter 2496929] reheat + diversify: ceiling=0.00, value=107567.0
    [iter 2502682] reheat + diversify: ceiling=0.00, value=97715.0
    [iter 2508435] reheat + diversify: ceiling=0.00, value=84616.0
    [iter 2514188] reheat + diversify: ceiling=0.00, value=90173.0
    [iter 2519941] reheat + diversify: ceiling=0.00, value=97855.0
    [iter 2525694] reheat + diversify: ceiling=0.00, value=117207.0
    [iter 2531447] reheat + diversify: ceiling=0.00, value=93456.0
    [iter 2537200] reheat + diversify: ceiling=0.00, value=93705.0
    [iter 2542953] reheat + diversify: ceiling=0.00, value=106450.0
    [iter 2548706] reheat + diversify: ceiling=0.00, value=105328.0
    [iter 2554459] reheat + diversify: ceiling=0.00, value=91677.0
    [iter 2560212] reheat + diversify: ceiling=0.00, value=95140.0
    [iter 2565965] reheat + diversify: ceiling=0.00, value=123607.0
    [iter 2571718] reheat + diversify: ceiling=0.00, value=77132.0
    [iter 2577471] reheat + diversify: ceiling=0.00, value=79652.0
    [iter 2583224] reheat + diversify: ceiling=0.00, value=120126.0
    [iter 2588977] reheat + diversify: ceiling=0.00, value=123607.0
    [iter 2594730] reheat + diversify: ceiling=0.00, value=120367.0
    [iter 2600483] reheat + diversify: ceiling=0.00, value=123607.0
    [iter 2606236] reheat + diversify: ceiling=0.00, value=76418.0
    [iter 2611989] reheat + diversify: ceiling=0.00, value=100475.0
    [iter 2617742] reheat + diversify: ceiling=0.00, value=94917.0
    [iter 2623495] reheat + diversify: ceiling=0.00, value=100645.0
    [iter 2629248] reheat + diversify: ceiling=0.00, value=111541.0
    [iter 2635001] reheat + diversify: ceiling=0.00, value=87728.0
    [iter 2640754] reheat + diversify: ceiling=0.00, value=83305.0
    [iter 2646507] reheat + diversify: ceiling=0.00, value=102211.0
    [iter 2652260] reheat + diversify: ceiling=0.00, value=113709.0
    [iter 2658013] reheat + diversify: ceiling=0.00, value=103735.0
    [iter 2663766] reheat + diversify: ceiling=0.00, value=95140.0
    [iter 2669519] reheat + diversify: ceiling=0.00, value=122822.0
    [iter 2675272] reheat + diversify: ceiling=0.00, value=110066.0
    [iter 2681025] reheat + diversify: ceiling=0.00, value=105822.0
    [iter 2686778] reheat + diversify: ceiling=0.00, value=102840.0
    [iter 2692531] reheat + diversify: ceiling=0.00, value=99931.0
    [iter 2698284] reheat + diversify: ceiling=0.00, value=106080.0
    [iter 2704037] reheat + diversify: ceiling=0.00, value=107609.0
    [iter 2709790] reheat + diversify: ceiling=0.00, value=99971.0
    [iter 2715543] reheat + diversify: ceiling=0.00, value=106291.0
    [iter 2721296] reheat + diversify: ceiling=0.00, value=86269.0
    [iter 2727049] reheat + diversify: ceiling=0.00, value=97436.0
    [iter 2732802] reheat + diversify: ceiling=0.00, value=95140.0
    [iter 2738555] reheat + diversify: ceiling=0.00, value=103735.0
    [iter 2744308] reheat + diversify: ceiling=0.00, value=87116.0
    [iter 2750061] reheat + diversify: ceiling=0.00, value=95140.0
    [iter 2755814] reheat + diversify: ceiling=0.00, value=100069.0
    [iter 2761567] reheat + diversify: ceiling=0.00, value=123897.0
    [iter 2767320] reheat + diversify: ceiling=0.00, value=114501.0
    [iter 2773073] reheat + diversify: ceiling=0.00, value=84233.0
    [iter 2778826] reheat + diversify: ceiling=0.00, value=98972.0
    [iter 2784579] reheat + diversify: ceiling=0.00, value=100946.0
    [iter 2790332] reheat + diversify: ceiling=0.00, value=119635.0
    [iter 2796085] reheat + diversify: ceiling=0.00, value=101624.0
    [iter 2801838] reheat + diversify: ceiling=0.00, value=108092.0
    [iter 2807591] reheat + diversify: ceiling=0.00, value=115560.0
    [iter 2813344] reheat + diversify: ceiling=0.00, value=110462.0
    [iter 2819097] reheat + diversify: ceiling=0.00, value=115623.0
    [iter 2824850] reheat + diversify: ceiling=0.00, value=105387.0
    [iter 2830603] reheat + diversify: ceiling=0.00, value=99193.0
    [iter 2836356] reheat + diversify: ceiling=0.00, value=112990.0
    [iter 2842109] reheat + diversify: ceiling=0.00, value=114675.0
    [iter 2847862] reheat + diversify: ceiling=0.00, value=94615.0
    [iter 2853615] reheat + diversify: ceiling=0.00, value=122357.0
    [iter 2859368] reheat + diversify: ceiling=0.00, value=106825.0
    [iter 2865121] reheat + diversify: ceiling=0.00, value=95814.0
    [iter 2870874] reheat + diversify: ceiling=0.00, value=111719.0
    [iter 2876627] reheat + diversify: ceiling=0.00, value=96976.0
    [iter 2882380] reheat + diversify: ceiling=0.00, value=101567.0
    [iter 2888133] reheat + diversify: ceiling=0.00, value=105916.0
    [iter 2893886] reheat + diversify: ceiling=0.00, value=118870.0
    [iter 2899639] reheat + diversify: ceiling=0.00, value=106027.0
    [iter 2905392] reheat + diversify: ceiling=0.00, value=95140.0
    [iter 2911145] reheat + diversify: ceiling=0.00, value=103512.0
    [iter 2916898] reheat + diversify: ceiling=0.00, value=91237.0
    [iter 2922651] reheat + diversify: ceiling=0.00, value=111047.0
    [iter 2928404] reheat + diversify: ceiling=0.00, value=104867.0
    [iter 2934157] reheat + diversify: ceiling=0.00, value=106816.0
    [iter 2939910] reheat + diversify: ceiling=0.00, value=103735.0
    [iter 2945663] reheat + diversify: ceiling=0.00, value=82360.0
    [iter 2951416] reheat + diversify: ceiling=0.00, value=99712.0
    [iter 2957169] reheat + diversify: ceiling=0.00, value=92202.0
    [iter 2962922] reheat + diversify: ceiling=0.00, value=70261.0
    [iter 2968675] reheat + diversify: ceiling=0.00, value=120892.0
    [iter 2974428] reheat + diversify: ceiling=0.00, value=81424.0
    [iter 2980181] reheat + diversify: ceiling=0.00, value=123607.0
    [iter 2985934] reheat + diversify: ceiling=0.00, value=99395.0
    [iter 2991687] reheat + diversify: ceiling=0.00, value=113762.0
    [iter 2997440] reheat + diversify: ceiling=0.00, value=101728.0
    [iter 3003193] reheat + diversify: ceiling=0.00, value=94529.0
    [iter 3008946] reheat + diversify: ceiling=0.00, value=113778.0
    [iter 3014699] reheat + diversify: ceiling=0.00, value=88247.0
    [iter 3020452] reheat + diversify: ceiling=0.00, value=117207.0
    [iter 3026205] reheat + diversify: ceiling=0.00, value=74655.0
    [iter 3031958] reheat + diversify: ceiling=0.00, value=101236.0
    [iter 3037711] reheat + diversify: ceiling=0.00, value=94615.0
    [iter 3043464] reheat + diversify: ceiling=0.00, value=117471.0
    [iter 3049217] reheat + diversify: ceiling=0.00, value=123607.0
    [iter 3054970] reheat + diversify: ceiling=0.00, value=107035.0
    [iter 3060723] reheat + diversify: ceiling=0.00, value=111047.0
    [iter 3066476] reheat + diversify: ceiling=0.00, value=116786.0
    [iter 3072229] reheat + diversify: ceiling=0.00, value=123607.0
    [iter 3077982] reheat + diversify: ceiling=0.00, value=109754.0
    [iter 3083735] reheat + diversify: ceiling=0.00, value=98505.0
    [iter 3089488] reheat + diversify: ceiling=0.00, value=116949.0
    [iter 3095241] reheat + diversify: ceiling=0.00, value=81791.0
    [iter 3100994] reheat + diversify: ceiling=0.00, value=104558.0
    [iter 3106747] reheat + diversify: ceiling=0.00, value=120367.0
    [iter 3112500] reheat + diversify: ceiling=0.00, value=101981.0
    [iter 3118253] reheat + diversify: ceiling=0.00, value=94615.0
    [iter 3124006] reheat + diversify: ceiling=0.00, value=108628.0
    [iter 3129759] reheat + diversify: ceiling=0.00, value=107153.0
    [iter 3135512] reheat + diversify: ceiling=0.00, value=112710.0
    [iter 3141265] reheat + diversify: ceiling=0.00, value=103376.0
    [iter 3147018] reheat + diversify: ceiling=0.00, value=86260.0
    [iter 3152771] reheat + diversify: ceiling=0.00, value=84860.0
    [iter 3158524] reheat + diversify: ceiling=0.00, value=104466.0
    [iter 3164277] reheat + diversify: ceiling=0.00, value=116403.0
    [iter 3170030] reheat + diversify: ceiling=0.00, value=120367.0
    [iter 3175783] reheat + diversify: ceiling=0.00, value=123607.0
    [iter 3181536] reheat + diversify: ceiling=0.00, value=91900.0
    [iter 3187289] reheat + diversify: ceiling=0.00, value=117223.0
    [iter 3193042] reheat + diversify: ceiling=0.00, value=106450.0
    [iter 3198795] reheat + diversify: ceiling=0.00, value=116215.0
    [iter 3204548] reheat + diversify: ceiling=0.00, value=95140.0
    [iter 3210301] reheat + diversify: ceiling=0.00, value=120710.0
    [iter 3216054] reheat + diversify: ceiling=0.00, value=94016.0
    [iter 3221807] reheat + diversify: ceiling=0.00, value=105328.0
    [iter 3227560] reheat + diversify: ceiling=0.00, value=89840.0
    [iter 3233313] reheat + diversify: ceiling=0.00, value=122297.0
    [iter 3239066] reheat + diversify: ceiling=0.00, value=122882.0
    [iter 3244819] reheat + diversify: ceiling=0.00, value=123607.0
    [iter 3250572] reheat + diversify: ceiling=0.00, value=123830.0
    [iter 3256325] reheat + diversify: ceiling=0.00, value=98529.0
    [iter 3262078] reheat + diversify: ceiling=0.00, value=117862.0
    [iter 3267831] reheat + diversify: ceiling=0.00, value=89352.0
    [iter 3273584] reheat + diversify: ceiling=0.00, value=113028.0
    [iter 3279337] reheat + diversify: ceiling=0.00, value=123607.0
    [iter 3285090] reheat + diversify: ceiling=0.00, value=106816.0
    [iter 3290843] reheat + diversify: ceiling=0.00, value=103746.0
    [iter 3296596] reheat + diversify: ceiling=0.00, value=91612.0
    [iter 3302349] reheat + diversify: ceiling=0.00, value=79826.0
    [iter 3308102] reheat + diversify: ceiling=0.00, value=111713.0
    [iter 3313855] reheat + diversify: ceiling=0.00, value=116155.0
    [iter 3319608] reheat + diversify: ceiling=0.00, value=123607.0
    [iter 3325361] reheat + diversify: ceiling=0.00, value=109547.0
    [iter 3331114] reheat + diversify: ceiling=0.00, value=95140.0
    [iter 3336867] reheat + diversify: ceiling=0.00, value=111272.0
    [iter 3342620] reheat + diversify: ceiling=0.00, value=87728.0
    [iter 3348373] reheat + diversify: ceiling=0.00, value=117207.0
    [iter 3354126] reheat + diversify: ceiling=0.00, value=110522.0
    [iter 3359879] reheat + diversify: ceiling=0.00, value=117207.0
    [iter 3365632] reheat + diversify: ceiling=0.00, value=123607.0
    [iter 3371385] reheat + diversify: ceiling=0.00, value=87728.0
    [iter 3377138] reheat + diversify: ceiling=0.00, value=123607.0
    [iter 3382891] reheat + diversify: ceiling=0.00, value=123607.0
    [iter 3388644] reheat + diversify: ceiling=0.00, value=102088.0
    [iter 3394397] reheat + diversify: ceiling=0.00, value=94615.0
    [iter 3400150] reheat + diversify: ceiling=0.00, value=96446.0
    [iter 3405903] reheat + diversify: ceiling=0.00, value=108045.0
    [iter 3411656] reheat + diversify: ceiling=0.00, value=123607.0
    [iter 3417409] reheat + diversify: ceiling=0.00, value=94615.0
    [iter 3423162] reheat + diversify: ceiling=0.00, value=116148.0
    [iter 3428915] reheat + diversify: ceiling=0.00, value=123607.0
    [iter 3434668] reheat + diversify: ceiling=0.00, value=97273.0
    [iter 3440421] reheat + diversify: ceiling=0.00, value=105451.0
    [iter 3446174] reheat + diversify: ceiling=0.00, value=95785.0
    [iter 3451927] reheat + diversify: ceiling=0.00, value=81950.0
    [iter 3457680] reheat + diversify: ceiling=0.00, value=110515.0
    [iter 3463433] reheat + diversify: ceiling=0.00, value=120892.0
    [iter 3469186] reheat + diversify: ceiling=0.00, value=94615.0
    [iter 3474939] reheat + diversify: ceiling=0.00, value=122297.0
    [iter 3480692] reheat + diversify: ceiling=0.00, value=123897.0
    [iter 3486445] reheat + diversify: ceiling=0.00, value=95865.0
    [iter 3492198] reheat + diversify: ceiling=0.00, value=117897.0
    [iter 3497951] reheat + diversify: ceiling=0.00, value=114310.0
    [iter 3503704] reheat + diversify: ceiling=0.00, value=93631.0
    [iter 3509457] reheat + diversify: ceiling=0.00, value=107884.0
    [iter 3515210] reheat + diversify: ceiling=0.00, value=85197.0
    [iter 3520963] reheat + diversify: ceiling=0.00, value=123607.0
    [iter 3526716] reheat + diversify: ceiling=0.00, value=115200.0
    [iter 3532469] reheat + diversify: ceiling=0.00, value=97798.0
    [iter 3538222] reheat + diversify: ceiling=0.00, value=113762.0
    [iter 3543975] reheat + diversify: ceiling=0.00, value=108628.0
    [iter 3549728] reheat + diversify: ceiling=0.00, value=89492.0
    [iter 3555481] reheat + diversify: ceiling=0.00, value=87728.0
    [iter 3561234] reheat + diversify: ceiling=0.00, value=88549.0
    [iter 3566987] reheat + diversify: ceiling=0.00, value=85013.0
    [iter 3572740] reheat + diversify: ceiling=0.00, value=117223.0
    [iter 3578493] reheat + diversify: ceiling=0.00, value=120892.0
    [iter 3584246] reheat + diversify: ceiling=0.00, value=119110.0
    [iter 3589999] reheat + diversify: ceiling=0.00, value=119395.0
    [iter 3595752] reheat + diversify: ceiling=0.00, value=88073.0
    [iter 3601505] reheat + diversify: ceiling=0.00, value=122882.0
    [iter 3607258] reheat + diversify: ceiling=0.00, value=123607.0
    [iter 3613011] reheat + diversify: ceiling=0.00, value=87728.0
    [iter 3618764] reheat + diversify: ceiling=0.00, value=123305.0
    [iter 3624517] reheat + diversify: ceiling=0.00, value=106816.0
    [iter 3630270] reheat + diversify: ceiling=0.00, value=87589.0
    [iter 3636023] reheat + diversify: ceiling=0.00, value=123305.0
    [iter 3641776] reheat + diversify: ceiling=0.00, value=106889.0
    [iter 3647529] reheat + diversify: ceiling=0.00, value=76418.0
    [iter 3653282] reheat + diversify: ceiling=0.00, value=86081.0
    [iter 3659035] reheat + diversify: ceiling=0.00, value=123607.0
    [iter 3664788] reheat + diversify: ceiling=0.00, value=94615.0
    [iter 3670541] reheat + diversify: ceiling=0.00, value=104803.0
    [iter 3676294] reheat + diversify: ceiling=0.00, value=96151.0
    [iter 3682047] reheat + diversify: ceiling=0.00, value=121960.0
    [iter 3687800] reheat + diversify: ceiling=0.00, value=120590.0
    [iter 3693553] reheat + diversify: ceiling=0.00, value=113461.0
    [iter 3699306] reheat + diversify: ceiling=0.00, value=105973.0
    [iter 3705059] reheat + diversify: ceiling=0.00, value=123607.0
    [iter 3710812] reheat + diversify: ceiling=0.00, value=118387.0
    [iter 3716565] reheat + diversify: ceiling=0.00, value=118870.0
    [iter 3722318] reheat + diversify: ceiling=0.00, value=97771.0
    [iter 3728071] reheat + diversify: ceiling=0.00, value=114664.0
    [iter 3733824] reheat + diversify: ceiling=0.00, value=122882.0
    [iter 3739577] reheat + diversify: ceiling=0.00, value=120710.0
    [iter 3745330] reheat + diversify: ceiling=0.00, value=112919.0
    [iter 3751083] reheat + diversify: ceiling=0.00, value=126069.0
    [iter 3756836] reheat + diversify: ceiling=0.00, value=104985.0
    [iter 3762589] reheat + diversify: ceiling=0.00, value=118471.0
    [iter 3768342] reheat + diversify: ceiling=0.00, value=86600.0
    [iter 3774095] reheat + diversify: ceiling=0.00, value=103075.0
    [iter 3779848] reheat + diversify: ceiling=0.00, value=119635.0
    [iter 3785601] reheat + diversify: ceiling=0.00, value=104132.0
    [iter 3791354] reheat + diversify: ceiling=0.00, value=92968.0
    [iter 3797107] reheat + diversify: ceiling=0.00, value=122822.0
    [iter 3802860] reheat + diversify: ceiling=0.00, value=95140.0
    [iter 3808613] reheat + diversify: ceiling=0.00, value=106080.0
    [iter 3814366] reheat + diversify: ceiling=0.00, value=119635.0
    [iter 3820119] reheat + diversify: ceiling=0.00, value=121960.0
    [iter 3825872] reheat + diversify: ceiling=0.00, value=82780.0
    [iter 3831625] reheat + diversify: ceiling=0.00, value=112142.0
    [iter 3837378] reheat + diversify: ceiling=0.00, value=107394.0
    [iter 3843131] reheat + diversify: ceiling=0.00, value=89504.0
    [iter 3848884] reheat + diversify: ceiling=0.00, value=87320.0
    [iter 3854637] reheat + diversify: ceiling=0.00, value=99352.0
    [iter 3860390] reheat + diversify: ceiling=0.00, value=97228.0
    [iter 3866143] reheat + diversify: ceiling=0.00, value=122183.0
    [iter 3871896] reheat + diversify: ceiling=0.00, value=80372.0
    [iter 3877649] reheat + diversify: ceiling=0.00, value=86606.0
    [iter 3883402] reheat + diversify: ceiling=0.00, value=82780.0
    [iter 3889155] reheat + diversify: ceiling=0.00, value=102539.0
    [iter 3894908] reheat + diversify: ceiling=0.00, value=96208.0
    [iter 3900661] reheat + diversify: ceiling=0.00, value=111960.0
    [iter 3906414] reheat + diversify: ceiling=0.00, value=106080.0
    [iter 3912167] reheat + diversify: ceiling=0.00, value=91900.0
    [iter 3917920] reheat + diversify: ceiling=0.00, value=88772.0
    [iter 3923673] reheat + diversify: ceiling=0.00, value=85532.0
    [iter 3929426] reheat + diversify: ceiling=0.00, value=79133.0
    [iter 3935179] reheat + diversify: ceiling=0.00, value=112990.0
    [iter 3940932] reheat + diversify: ceiling=0.00, value=108092.0
    [iter 3946685] reheat + diversify: ceiling=0.00, value=101620.0
    [iter 3952438] reheat + diversify: ceiling=0.00, value=91347.0
    [iter 3958191] reheat + diversify: ceiling=0.00, value=109104.0
    [iter 3963944] reheat + diversify: ceiling=0.00, value=113017.0
    [iter 3969697] reheat + diversify: ceiling=0.00, value=102500.0
    [iter 3975450] reheat + diversify: ceiling=0.00, value=89750.0
    [iter 3981203] reheat + diversify: ceiling=0.00, value=116165.0
    [iter 3986956] reheat + diversify: ceiling=0.00, value=123607.0
    [iter 3992709] reheat + diversify: ceiling=0.00, value=78725.0
    [iter 3998462] reheat + diversify: ceiling=0.00, value=123607.0
    [iter 4004215] reheat + diversify: ceiling=0.00, value=123607.0
    [iter 4009968] reheat + diversify: ceiling=0.00, value=97032.0
    [iter 4015721] reheat + diversify: ceiling=0.00, value=96162.0
    [iter 4021474] reheat + diversify: ceiling=0.00, value=113762.0
    [iter 4027227] reheat + diversify: ceiling=0.00, value=108868.0
    [iter 4032980] reheat + diversify: ceiling=0.00, value=106044.0
    [iter 4038733] reheat + diversify: ceiling=0.00, value=110807.0
    [iter 4044486] reheat + diversify: ceiling=0.00, value=91305.0
    [iter 4050239] reheat + diversify: ceiling=0.00, value=99571.0
    [iter 4055992] reheat + diversify: ceiling=0.00, value=91237.0
    [iter 4061745] reheat + diversify: ceiling=0.00, value=122882.0
    [iter 4067498] reheat + diversify: ceiling=0.00, value=111797.0
    [iter 4073251] reheat + diversify: ceiling=0.00, value=117748.0
    [iter 4079004] reheat + diversify: ceiling=0.00, value=120892.0
    [iter 4084757] reheat + diversify: ceiling=0.00, value=120892.0
    [iter 4090510] reheat + diversify: ceiling=0.00, value=112351.0
    [iter 4096263] reheat + diversify: ceiling=0.00, value=124422.0
    [iter 4102016] reheat + diversify: ceiling=0.00, value=118870.0
    [iter 4107769] reheat + diversify: ceiling=0.00, value=84396.0
    [iter 4113522] reheat + diversify: ceiling=0.00, value=91900.0
    [iter 4119275] reheat + diversify: ceiling=0.00, value=104803.0
    [iter 4125028] reheat + diversify: ceiling=0.00, value=102803.0
    [iter 4130781] reheat + diversify: ceiling=0.00, value=110740.0
    [iter 4136534] reheat + diversify: ceiling=0.00, value=103735.0
    [iter 4142287] reheat + diversify: ceiling=0.00, value=104060.0
    [iter 4148040] reheat + diversify: ceiling=0.00, value=123607.0
    [iter 4153793] reheat + diversify: ceiling=0.00, value=117748.0
    [iter 4159546] reheat + diversify: ceiling=0.00, value=87845.0
    [iter 4165299] reheat + diversify: ceiling=0.00, value=91237.0
    [iter 4171052] reheat + diversify: ceiling=0.00, value=109026.0
    [iter 4176805] reheat + diversify: ceiling=0.00, value=103735.0
    [iter 4182558] reheat + diversify: ceiling=0.00, value=120892.0
    [iter 4188311] reheat + diversify: ceiling=0.00, value=106080.0
    [iter 4194064] reheat + diversify: ceiling=0.00, value=91640.0
    [iter 4199817] reheat + diversify: ceiling=0.00, value=88967.0
    [iter 4205570] reheat + diversify: ceiling=0.00, value=94317.0
  time limit reached at iteration 4207966
  SA finished: 4207966 iterations in 900.0s (4676 it/s), accepted 3349261 (79.6%), rejected 858704, neutral 3001202 (71.3%), worsening accepted 28.8%, no-move draws 0, reheats 731
  SA: value 126069.0 (greedy 42058.0, +84011.0), bound 202725.0, gap 37.81%, util 57.5%
  report -> /home/mcaspar/3DMHKP/results_3DMHKP_ep3/ep3-40-C-R-50-3DMHKP-SA-a0.999-r0.25-t900s.txt

================================================================================================
SUMMARY
================================================================================================
instance      boxes  packed       greedy     SA value        bound      gap    util    iters    time
------------------------------------------------------------------------------------------------
ep3-40-C-R-50     40      26      42058.0     126069.0     202725.0   37.8%   57.5%  4207966  900.0s
------------------------------------------------------------------------------------------------
proven optimal (value reaches the upper bound): 0/1
improved over greedy: 1/1 (total value 42058.0 -> 126069.0, +199.75%)
mean gap to 0-1 knapsack bound: 37.8%
mean volume utilization: 57.5%
