============================================================
  Solver:     3DMHKP-SA.py
  Instance:   /home/mcaspar/3DMHKP/Egeblad/ep3-20-D-C-90.txt
  Value mode: flat
  Timelimit:  300s
  Reports:    /home/mcaspar/3DMHKP/results_3DMHKP_ep3
  CPUs:       1
============================================================
======================================================================
3DMHKP Simulated Annealing (random single-neighbour, sequence decoder)
SA params: T0=5% of f(S_0), alpha=0.999, T_min=0.001, reheat_threshold=5753, reheat_fraction=0.25
Move weights: {'relocate': 0.0, 'swap': 1.0, '2opt': 0.0, 'promote': 1.5, 'demote': 1.5, 'orient': 1.0, 'container': 0.5}
Time limit: 300.0s per instance, seed 618159606
======================================================================

======================================================================
ep3-20-D-C-90: 20 boxes (5 types), 1 containers (1 types)
  0-1 knapsack bound: 38842.0 (continuous relaxation: 39200.0)
  initial (value-density) decode: value 27848.0 (14/20 boxes)
  T0 = 3629.2 (calibrated, 320 worsening draws, target accept 35%)
  schedule: time-based, T0 -> 827.33 over 300s
    [iter 60] *** NEW BEST: value 30728.0, boxes 15/20, T=3627.3, elapsed=0.1s
    [iter 279] *** NEW BEST: value 33608.0, boxes 16/20, T=3627.0, elapsed=0.1s
    [iter 6032] reheat + diversify: ceiling=907.30, value=30728.0
    [iter 11785] reheat + diversify: ceiling=816.57, value=20804.0
    [iter 17538] reheat + diversify: ceiling=734.91, value=13316.0
    [iter 23291] reheat + diversify: ceiling=661.42, value=18500.0
    [iter 29044] reheat + diversify: ceiling=595.28, value=18500.0
    [iter 34797] reheat + diversify: ceiling=535.75, value=20360.0
    [iter 40550] reheat + diversify: ceiling=482.17, value=30728.0
    [iter 46303] reheat + diversify: ceiling=433.96, value=33608.0
    [iter 52056] reheat + diversify: ceiling=390.56, value=26918.0
    [iter 57809] reheat + diversify: ceiling=351.51, value=8132.0
    [iter 63562] reheat + diversify: ceiling=316.35, value=24614.0
    [iter 69315] reheat + diversify: ceiling=284.72, value=11942.0
    [iter 75068] reheat + diversify: ceiling=256.25, value=23240.0
    [iter 80821] reheat + diversify: ceiling=230.62, value=26918.0
    [iter 86574] reheat + diversify: ceiling=207.56, value=30728.0
    [iter 92327] reheat + diversify: ceiling=186.80, value=22310.0
    [iter 98080] reheat + diversify: ceiling=168.12, value=20804.0
    [iter 103833] reheat + diversify: ceiling=151.31, value=15620.0
    [iter 109586] reheat + diversify: ceiling=136.18, value=15620.0
    [iter 115339] reheat + diversify: ceiling=122.56, value=11012.0
    [iter 121092] reheat + diversify: ceiling=110.31, value=8132.0
    [iter 126845] reheat + diversify: ceiling=99.28, value=30728.0
    [iter 132598] reheat + diversify: ceiling=89.35, value=30728.0
    [iter 138351] reheat + diversify: ceiling=80.41, value=30728.0
    [iter 144104] reheat + diversify: ceiling=72.37, value=30728.0
    [iter 149857] reheat + diversify: ceiling=65.13, value=30728.0
    [iter 155610] reheat + diversify: ceiling=58.62, value=18500.0
    [iter 161363] reheat + diversify: ceiling=52.76, value=30728.0
    [iter 167116] reheat + diversify: ceiling=47.48, value=8132.0
    [iter 172869] reheat + diversify: ceiling=42.73, value=30728.0
    [iter 178622] reheat + diversify: ceiling=38.46, value=30728.0
    [iter 184375] reheat + diversify: ceiling=34.62, value=22310.0
    [iter 190128] reheat + diversify: ceiling=31.15, value=17126.0
    [iter 195881] reheat + diversify: ceiling=28.04, value=24614.0
    [iter 201634] reheat + diversify: ceiling=25.23, value=28424.0
    [iter 207387] reheat + diversify: ceiling=22.71, value=28424.0
    [iter 213140] reheat + diversify: ceiling=20.44, value=28424.0
    [iter 218893] reheat + diversify: ceiling=18.40, value=18500.0
    [iter 224646] reheat + diversify: ceiling=16.56, value=33608.0
    [iter 230399] reheat + diversify: ceiling=14.90, value=30728.0
    [iter 236152] reheat + diversify: ceiling=13.41, value=7202.0
    [iter 241905] reheat + diversify: ceiling=12.07, value=11012.0
    [iter 247658] reheat + diversify: ceiling=10.86, value=30728.0
    [iter 253411] reheat + diversify: ceiling=9.78, value=30728.0
    [iter 259164] reheat + diversify: ceiling=8.80, value=33608.0
    [iter 264917] reheat + diversify: ceiling=7.92, value=13316.0
    [iter 270670] reheat + diversify: ceiling=7.13, value=22310.0
    [iter 276423] reheat + diversify: ceiling=6.41, value=24614.0
    [iter 282176] reheat + diversify: ceiling=5.77, value=24614.0
    [iter 287929] reheat + diversify: ceiling=5.20, value=7202.0
    [iter 293682] reheat + diversify: ceiling=4.68, value=13316.0
    [iter 299435] reheat + diversify: ceiling=4.21, value=10436.0
    [iter 305188] reheat + diversify: ceiling=3.79, value=22310.0
    [iter 310941] reheat + diversify: ceiling=3.41, value=30728.0
    [iter 316694] reheat + diversify: ceiling=3.07, value=28424.0
    [iter 322447] reheat + diversify: ceiling=2.76, value=14246.0
    [iter 328200] reheat + diversify: ceiling=2.49, value=30728.0
    [iter 333953] reheat + diversify: ceiling=2.24, value=13316.0
    [iter 339706] reheat + diversify: ceiling=2.01, value=19430.0
    [iter 345459] reheat + diversify: ceiling=1.81, value=28424.0
    [iter 351212] reheat + diversify: ceiling=1.63, value=33608.0
    [iter 356965] reheat + diversify: ceiling=1.47, value=13316.0
    [iter 362718] reheat + diversify: ceiling=1.32, value=30728.0
    [iter 368471] reheat + diversify: ceiling=1.19, value=33608.0
    [iter 374224] reheat + diversify: ceiling=1.07, value=28424.0
    [iter 379977] reheat + diversify: ceiling=0.96, value=30728.0
    [iter 385730] reheat + diversify: ceiling=0.87, value=33608.0
    [iter 391483] reheat + diversify: ceiling=0.78, value=13316.0
    [iter 397236] reheat + diversify: ceiling=0.70, value=30728.0
    [iter 402989] reheat + diversify: ceiling=0.63, value=33608.0
    [iter 408742] reheat + diversify: ceiling=0.57, value=28424.0
    [iter 414495] reheat + diversify: ceiling=0.51, value=29798.0
    [iter 420248] reheat + diversify: ceiling=0.46, value=30728.0
    [iter 426001] reheat + diversify: ceiling=0.41, value=30728.0
    [iter 431754] reheat + diversify: ceiling=0.37, value=33608.0
    [iter 437507] reheat + diversify: ceiling=0.34, value=14822.0
    [iter 443260] reheat + diversify: ceiling=0.30, value=24614.0
    [iter 449013] reheat + diversify: ceiling=0.27, value=24614.0
    [iter 454766] reheat + diversify: ceiling=0.24, value=22310.0
    [iter 460519] reheat + diversify: ceiling=0.22, value=30728.0
    [iter 466272] reheat + diversify: ceiling=0.20, value=33608.0
    [iter 472025] reheat + diversify: ceiling=0.18, value=30728.0
    [iter 477778] reheat + diversify: ceiling=0.16, value=28424.0
    [iter 483531] reheat + diversify: ceiling=0.14, value=21734.0
    [iter 489284] reheat + diversify: ceiling=0.13, value=30728.0
    [iter 495037] reheat + diversify: ceiling=0.12, value=30728.0
    [iter 500790] reheat + diversify: ceiling=0.11, value=8132.0
    [iter 506543] reheat + diversify: ceiling=0.09, value=28424.0
    [iter 512296] reheat + diversify: ceiling=0.09, value=30728.0
    [iter 518049] reheat + diversify: ceiling=0.08, value=19430.0
    [iter 523802] reheat + diversify: ceiling=0.07, value=22310.0
    [iter 529555] reheat + diversify: ceiling=0.06, value=29798.0
    [iter 535308] reheat + diversify: ceiling=0.06, value=33608.0
    [iter 541061] reheat + diversify: ceiling=0.05, value=30728.0
    [iter 546814] reheat + diversify: ceiling=0.05, value=19430.0
    [iter 552567] reheat + diversify: ceiling=0.04, value=8132.0
    [iter 558320] reheat + diversify: ceiling=0.04, value=8132.0
    [iter 564073] reheat + diversify: ceiling=0.03, value=30728.0
    [iter 569826] reheat + diversify: ceiling=0.03, value=15176.0
    [iter 575579] reheat + diversify: ceiling=0.03, value=19430.0
    [iter 581332] reheat + diversify: ceiling=0.02, value=33608.0
    [iter 587085] reheat + diversify: ceiling=0.02, value=28424.0
    [iter 592838] reheat + diversify: ceiling=0.02, value=33608.0
    [iter 598591] reheat + diversify: ceiling=0.02, value=33608.0
    [iter 604344] reheat + diversify: ceiling=0.02, value=19430.0
    [iter 610097] reheat + diversify: ceiling=0.01, value=24614.0
    [iter 615850] reheat + diversify: ceiling=0.01, value=24614.0
    [iter 621603] reheat + diversify: ceiling=0.01, value=14246.0
    [iter 627356] reheat + diversify: ceiling=0.01, value=33608.0
    [iter 633109] reheat + diversify: ceiling=0.01, value=21734.0
    [iter 638862] reheat + diversify: ceiling=0.01, value=19430.0
    [iter 644615] reheat + diversify: ceiling=0.01, value=7202.0
    [iter 650368] reheat + diversify: ceiling=0.01, value=18500.0
    [iter 656121] reheat + diversify: ceiling=0.01, value=28424.0
    [iter 661874] reheat + diversify: ceiling=0.01, value=19430.0
    [iter 667627] reheat + diversify: ceiling=0.00, value=30728.0
    [iter 673380] reheat + diversify: ceiling=0.00, value=29798.0
    [iter 679133] reheat + diversify: ceiling=0.00, value=11366.0
    [iter 684886] reheat + diversify: ceiling=0.00, value=33608.0
    [iter 690639] reheat + diversify: ceiling=0.00, value=26918.0
    [iter 696392] reheat + diversify: ceiling=0.00, value=33608.0
    [iter 702145] reheat + diversify: ceiling=0.00, value=19430.0
    [iter 707898] reheat + diversify: ceiling=0.00, value=16550.0
    [iter 713651] reheat + diversify: ceiling=0.00, value=22310.0
    [iter 719404] reheat + diversify: ceiling=0.00, value=16550.0
    [iter 725157] reheat + diversify: ceiling=0.00, value=33608.0
    [iter 730910] reheat + diversify: ceiling=0.00, value=33608.0
    [iter 736663] reheat + diversify: ceiling=0.00, value=16550.0
    [iter 742416] reheat + diversify: ceiling=0.00, value=17126.0
    [iter 748169] reheat + diversify: ceiling=0.00, value=16550.0
    [iter 753922] reheat + diversify: ceiling=0.00, value=30728.0
    [iter 759675] reheat + diversify: ceiling=0.00, value=29798.0
    [iter 765428] reheat + diversify: ceiling=0.00, value=19430.0
    [iter 771181] reheat + diversify: ceiling=0.00, value=17126.0
    [iter 776934] reheat + diversify: ceiling=0.00, value=28424.0
    [iter 782687] reheat + diversify: ceiling=0.00, value=33608.0
    [iter 788440] reheat + diversify: ceiling=0.00, value=30728.0
    [iter 794193] reheat + diversify: ceiling=0.00, value=19430.0
    [iter 799946] reheat + diversify: ceiling=0.00, value=19430.0
    [iter 805699] reheat + diversify: ceiling=0.00, value=18500.0
    [iter 811452] reheat + diversify: ceiling=0.00, value=30728.0
    [iter 817205] reheat + diversify: ceiling=0.00, value=8132.0
    [iter 822958] reheat + diversify: ceiling=0.00, value=33608.0
    [iter 828711] reheat + diversify: ceiling=0.00, value=28424.0
    [iter 834464] reheat + diversify: ceiling=0.00, value=33608.0
    [iter 840217] reheat + diversify: ceiling=0.00, value=7202.0
    [iter 845970] reheat + diversify: ceiling=0.00, value=33608.0
    [iter 851723] reheat + diversify: ceiling=0.00, value=30728.0
    [iter 857476] reheat + diversify: ceiling=0.00, value=30728.0
    [iter 863229] reheat + diversify: ceiling=0.00, value=22310.0
    [iter 868982] reheat + diversify: ceiling=0.00, value=17126.0
    [iter 874735] reheat + diversify: ceiling=0.00, value=30728.0
    [iter 880488] reheat + diversify: ceiling=0.00, value=25544.0
    [iter 886241] reheat + diversify: ceiling=0.00, value=28424.0
    [iter 891994] reheat + diversify: ceiling=0.00, value=30728.0
    [iter 897747] reheat + diversify: ceiling=0.00, value=13316.0
    [iter 903500] reheat + diversify: ceiling=0.00, value=18500.0
    [iter 909253] reheat + diversify: ceiling=0.00, value=8132.0
    [iter 915006] reheat + diversify: ceiling=0.00, value=28424.0
    [iter 920759] reheat + diversify: ceiling=0.00, value=11012.0
    [iter 926512] reheat + diversify: ceiling=0.00, value=28424.0
    [iter 932265] reheat + diversify: ceiling=0.00, value=18500.0
    [iter 938018] reheat + diversify: ceiling=0.00, value=11366.0
    [iter 943771] reheat + diversify: ceiling=0.00, value=22310.0
    [iter 949524] reheat + diversify: ceiling=0.00, value=33608.0
    [iter 955277] reheat + diversify: ceiling=0.00, value=30728.0
    [iter 961030] reheat + diversify: ceiling=0.00, value=22310.0
    [iter 966783] reheat + diversify: ceiling=0.00, value=19430.0
    [iter 972536] reheat + diversify: ceiling=0.00, value=30728.0
    [iter 978289] reheat + diversify: ceiling=0.00, value=19430.0
    [iter 984042] reheat + diversify: ceiling=0.00, value=29798.0
    [iter 989795] reheat + diversify: ceiling=0.00, value=22310.0
    [iter 995548] reheat + diversify: ceiling=0.00, value=30728.0
    [iter 1001301] reheat + diversify: ceiling=0.00, value=24614.0
    [iter 1007054] reheat + diversify: ceiling=0.00, value=28424.0
    [iter 1012807] reheat + diversify: ceiling=0.00, value=28424.0
    [iter 1018560] reheat + diversify: ceiling=0.00, value=30728.0
    [iter 1024313] reheat + diversify: ceiling=0.00, value=15620.0
    [iter 1030066] reheat + diversify: ceiling=0.00, value=30728.0
    [iter 1035819] reheat + diversify: ceiling=0.00, value=21734.0
    [iter 1041572] reheat + diversify: ceiling=0.00, value=13316.0
    [iter 1047325] reheat + diversify: ceiling=0.00, value=25544.0
    [iter 1053078] reheat + diversify: ceiling=0.00, value=30728.0
    [iter 1058831] reheat + diversify: ceiling=0.00, value=23240.0
    [iter 1064584] reheat + diversify: ceiling=0.00, value=19430.0
    [iter 1070337] reheat + diversify: ceiling=0.00, value=18500.0
    [iter 1076090] reheat + diversify: ceiling=0.00, value=22310.0
    [iter 1081843] reheat + diversify: ceiling=0.00, value=13316.0
    [iter 1087596] reheat + diversify: ceiling=0.00, value=13316.0
    [iter 1093349] reheat + diversify: ceiling=0.00, value=29798.0
    [iter 1099102] reheat + diversify: ceiling=0.00, value=26918.0
    [iter 1104855] reheat + diversify: ceiling=0.00, value=24614.0
    [iter 1110608] reheat + diversify: ceiling=0.00, value=29798.0
    [iter 1116361] reheat + diversify: ceiling=0.00, value=22310.0
    [iter 1122114] reheat + diversify: ceiling=0.00, value=30728.0
    [iter 1127867] reheat + diversify: ceiling=0.00, value=10436.0
    [iter 1133620] reheat + diversify: ceiling=0.00, value=24614.0
    [iter 1139373] reheat + diversify: ceiling=0.00, value=14246.0
    [iter 1145126] reheat + diversify: ceiling=0.00, value=28424.0
    [iter 1150879] reheat + diversify: ceiling=0.00, value=24614.0
    [iter 1156632] reheat + diversify: ceiling=0.00, value=16550.0
    [iter 1162385] reheat + diversify: ceiling=0.00, value=19430.0
    [iter 1168138] reheat + diversify: ceiling=0.00, value=29798.0
    [iter 1173891] reheat + diversify: ceiling=0.00, value=30728.0
    [iter 1179644] reheat + diversify: ceiling=0.00, value=25544.0
    [iter 1185397] reheat + diversify: ceiling=0.00, value=30728.0
    [iter 1191150] reheat + diversify: ceiling=0.00, value=19430.0
    [iter 1196903] reheat + diversify: ceiling=0.00, value=30728.0
    [iter 1202656] reheat + diversify: ceiling=0.00, value=30728.0
    [iter 1208409] reheat + diversify: ceiling=0.00, value=18500.0
    [iter 1214162] reheat + diversify: ceiling=0.00, value=13316.0
    [iter 1219915] reheat + diversify: ceiling=0.00, value=24614.0
    [iter 1225668] reheat + diversify: ceiling=0.00, value=28424.0
    [iter 1231421] reheat + diversify: ceiling=0.00, value=33608.0
    [iter 1237174] reheat + diversify: ceiling=0.00, value=30728.0
    [iter 1242927] reheat + diversify: ceiling=0.00, value=30728.0
    [iter 1248680] reheat + diversify: ceiling=0.00, value=22310.0
    [iter 1254433] reheat + diversify: ceiling=0.00, value=30728.0
    [iter 1260186] reheat + diversify: ceiling=0.00, value=15620.0
    [iter 1265939] reheat + diversify: ceiling=0.00, value=25544.0
    [iter 1271692] reheat + diversify: ceiling=0.00, value=19430.0
    [iter 1277445] reheat + diversify: ceiling=0.00, value=13316.0
    [iter 1283198] reheat + diversify: ceiling=0.00, value=33608.0
    [iter 1288951] reheat + diversify: ceiling=0.00, value=22310.0
    [iter 1294704] reheat + diversify: ceiling=0.00, value=33608.0
    [iter 1300457] reheat + diversify: ceiling=0.00, value=11012.0
    [iter 1306210] reheat + diversify: ceiling=0.00, value=19430.0
    [iter 1311963] reheat + diversify: ceiling=0.00, value=30728.0
    [iter 1317716] reheat + diversify: ceiling=0.00, value=30728.0
    [iter 1323469] reheat + diversify: ceiling=0.00, value=26918.0
    [iter 1329222] reheat + diversify: ceiling=0.00, value=30728.0
    [iter 1334975] reheat + diversify: ceiling=0.00, value=22310.0
    [iter 1340728] reheat + diversify: ceiling=0.00, value=15620.0
    [iter 1346481] reheat + diversify: ceiling=0.00, value=13316.0
    [iter 1352234] reheat + diversify: ceiling=0.00, value=19430.0
    [iter 1357987] reheat + diversify: ceiling=0.00, value=22310.0
    [iter 1363740] reheat + diversify: ceiling=0.00, value=8132.0
    [iter 1369493] reheat + diversify: ceiling=0.00, value=14246.0
    [iter 1375246] reheat + diversify: ceiling=0.00, value=11012.0
    [iter 1380999] reheat + diversify: ceiling=0.00, value=33608.0
    [iter 1386752] reheat + diversify: ceiling=0.00, value=30728.0
    [iter 1392505] reheat + diversify: ceiling=0.00, value=30728.0
    [iter 1398258] reheat + diversify: ceiling=0.00, value=11012.0
    [iter 1404011] reheat + diversify: ceiling=0.00, value=33608.0
    [iter 1409764] reheat + diversify: ceiling=0.00, value=33608.0
    [iter 1415517] reheat + diversify: ceiling=0.00, value=19430.0
    [iter 1421270] reheat + diversify: ceiling=0.00, value=16550.0
    [iter 1427023] reheat + diversify: ceiling=0.00, value=30728.0
    [iter 1432776] reheat + diversify: ceiling=0.00, value=22310.0
    [iter 1438529] reheat + diversify: ceiling=0.00, value=8132.0
    [iter 1444282] reheat + diversify: ceiling=0.00, value=33608.0
    [iter 1450035] reheat + diversify: ceiling=0.00, value=30728.0
    [iter 1455788] reheat + diversify: ceiling=0.00, value=14822.0
    [iter 1461541] reheat + diversify: ceiling=0.00, value=33608.0
    [iter 1467294] reheat + diversify: ceiling=0.00, value=13316.0
    [iter 1473047] reheat + diversify: ceiling=0.00, value=30728.0
    [iter 1478800] reheat + diversify: ceiling=0.00, value=28424.0
    [iter 1484553] reheat + diversify: ceiling=0.00, value=29798.0
    [iter 1490306] reheat + diversify: ceiling=0.00, value=29798.0
    [iter 1496059] reheat + diversify: ceiling=0.00, value=27848.0
    [iter 1501812] reheat + diversify: ceiling=0.00, value=33608.0
    [iter 1507565] reheat + diversify: ceiling=0.00, value=30728.0
    [iter 1513318] reheat + diversify: ceiling=0.00, value=14246.0
    [iter 1519071] reheat + diversify: ceiling=0.00, value=19430.0
    [iter 1524824] reheat + diversify: ceiling=0.00, value=30728.0
    [iter 1530577] reheat + diversify: ceiling=0.00, value=33608.0
    [iter 1536330] reheat + diversify: ceiling=0.00, value=19430.0
    [iter 1542083] reheat + diversify: ceiling=0.00, value=19430.0
    [iter 1547836] reheat + diversify: ceiling=0.00, value=30728.0
    [iter 1553589] reheat + diversify: ceiling=0.00, value=33608.0
    [iter 1559342] reheat + diversify: ceiling=0.00, value=15620.0
    [iter 1565095] reheat + diversify: ceiling=0.00, value=27848.0
    [iter 1570848] reheat + diversify: ceiling=0.00, value=24614.0
    [iter 1576601] reheat + diversify: ceiling=0.00, value=30728.0
    [iter 1582354] reheat + diversify: ceiling=0.00, value=16550.0
    [iter 1588107] reheat + diversify: ceiling=0.00, value=30728.0
    [iter 1593860] reheat + diversify: ceiling=0.00, value=24614.0
    [iter 1599613] reheat + diversify: ceiling=0.00, value=33608.0
    [iter 1605366] reheat + diversify: ceiling=0.00, value=33608.0
    [iter 1611119] reheat + diversify: ceiling=0.00, value=22310.0
    [iter 1616872] reheat + diversify: ceiling=0.00, value=33608.0
    [iter 1622625] reheat + diversify: ceiling=0.00, value=30728.0
    [iter 1628378] reheat + diversify: ceiling=0.00, value=19430.0
    [iter 1634131] reheat + diversify: ceiling=0.00, value=30728.0
    [iter 1639884] reheat + diversify: ceiling=0.00, value=33608.0
    [iter 1645637] reheat + diversify: ceiling=0.00, value=30728.0
    [iter 1651390] reheat + diversify: ceiling=0.00, value=30728.0
    [iter 1657143] reheat + diversify: ceiling=0.00, value=15620.0
    [iter 1662896] reheat + diversify: ceiling=0.00, value=13316.0
    [iter 1668649] reheat + diversify: ceiling=0.00, value=30728.0
    [iter 1674402] reheat + diversify: ceiling=0.00, value=30728.0
    [iter 1680155] reheat + diversify: ceiling=0.00, value=13316.0
    [iter 1685908] reheat + diversify: ceiling=0.00, value=14246.0
    [iter 1691661] reheat + diversify: ceiling=0.00, value=28424.0
    [iter 1697414] reheat + diversify: ceiling=0.00, value=30728.0
    [iter 1703167] reheat + diversify: ceiling=0.00, value=28424.0
    [iter 1708920] reheat + diversify: ceiling=0.00, value=29798.0
    [iter 1714673] reheat + diversify: ceiling=0.00, value=33608.0
    [iter 1720426] reheat + diversify: ceiling=0.00, value=30728.0
    [iter 1726179] reheat + diversify: ceiling=0.00, value=30728.0
    [iter 1731932] reheat + diversify: ceiling=0.00, value=19430.0
    [iter 1737685] reheat + diversify: ceiling=0.00, value=33608.0
    [iter 1743438] reheat + diversify: ceiling=0.00, value=30728.0
    [iter 1749191] reheat + diversify: ceiling=0.00, value=33608.0
    [iter 1754944] reheat + diversify: ceiling=0.00, value=11012.0
    [iter 1760697] reheat + diversify: ceiling=0.00, value=30728.0
    [iter 1766450] reheat + diversify: ceiling=0.00, value=33608.0
    [iter 1772203] reheat + diversify: ceiling=0.00, value=33608.0
    [iter 1777956] reheat + diversify: ceiling=0.00, value=28424.0
    [iter 1783709] reheat + diversify: ceiling=0.00, value=16550.0
    [iter 1789462] reheat + diversify: ceiling=0.00, value=13316.0
    [iter 1795215] reheat + diversify: ceiling=0.00, value=30728.0
    [iter 1800968] reheat + diversify: ceiling=0.00, value=22310.0
    [iter 1806721] reheat + diversify: ceiling=0.00, value=13316.0
    [iter 1812474] reheat + diversify: ceiling=0.00, value=11942.0
    [iter 1818227] reheat + diversify: ceiling=0.00, value=11942.0
    [iter 1823980] reheat + diversify: ceiling=0.00, value=8132.0
    [iter 1829733] reheat + diversify: ceiling=0.00, value=13316.0
    [iter 1835486] reheat + diversify: ceiling=0.00, value=29798.0
    [iter 1841239] reheat + diversify: ceiling=0.00, value=33608.0
    [iter 1846992] reheat + diversify: ceiling=0.00, value=22310.0
    [iter 1852745] reheat + diversify: ceiling=0.00, value=30728.0
    [iter 1858498] reheat + diversify: ceiling=0.00, value=33608.0
    [iter 1864251] reheat + diversify: ceiling=0.00, value=22310.0
    [iter 1870004] reheat + diversify: ceiling=0.00, value=30728.0
    [iter 1875757] reheat + diversify: ceiling=0.00, value=30728.0
    [iter 1881510] reheat + diversify: ceiling=0.00, value=13316.0
    [iter 1887263] reheat + diversify: ceiling=0.00, value=28424.0
    [iter 1893016] reheat + diversify: ceiling=0.00, value=19430.0
    [iter 1898769] reheat + diversify: ceiling=0.00, value=25544.0
    [iter 1904522] reheat + diversify: ceiling=0.00, value=22310.0
    [iter 1910275] reheat + diversify: ceiling=0.00, value=33608.0
    [iter 1916028] reheat + diversify: ceiling=0.00, value=30728.0
    [iter 1921781] reheat + diversify: ceiling=0.00, value=15620.0
    [iter 1927534] reheat + diversify: ceiling=0.00, value=16550.0
    [iter 1933287] reheat + diversify: ceiling=0.00, value=30728.0
    [iter 1939040] reheat + diversify: ceiling=0.00, value=13316.0
    [iter 1944793] reheat + diversify: ceiling=0.00, value=19430.0
    [iter 1950546] reheat + diversify: ceiling=0.00, value=33608.0
    [iter 1956299] reheat + diversify: ceiling=0.00, value=33608.0
    [iter 1962052] reheat + diversify: ceiling=0.00, value=21734.0
    [iter 1967805] reheat + diversify: ceiling=0.00, value=30728.0
    [iter 1973558] reheat + diversify: ceiling=0.00, value=33608.0
    [iter 1979311] reheat + diversify: ceiling=0.00, value=25544.0
    [iter 1985064] reheat + diversify: ceiling=0.00, value=30728.0
    [iter 1990817] reheat + diversify: ceiling=0.00, value=19430.0
    [iter 1996570] reheat + diversify: ceiling=0.00, value=30728.0
    [iter 2002323] reheat + diversify: ceiling=0.00, value=18500.0
    [iter 2008076] reheat + diversify: ceiling=0.00, value=30728.0
    [iter 2013829] reheat + diversify: ceiling=0.00, value=33608.0
    [iter 2019582] reheat + diversify: ceiling=0.00, value=22310.0
    [iter 2025335] reheat + diversify: ceiling=0.00, value=27848.0
    [iter 2031088] reheat + diversify: ceiling=0.00, value=13316.0
    [iter 2036841] reheat + diversify: ceiling=0.00, value=30728.0
    [iter 2042594] reheat + diversify: ceiling=0.00, value=30728.0
    [iter 2048347] reheat + diversify: ceiling=0.00, value=33608.0
    [iter 2054100] reheat + diversify: ceiling=0.00, value=22310.0
    [iter 2059853] reheat + diversify: ceiling=0.00, value=30728.0
    [iter 2065606] reheat + diversify: ceiling=0.00, value=9062.0
    [iter 2071359] reheat + diversify: ceiling=0.00, value=23240.0
    [iter 2077112] reheat + diversify: ceiling=0.00, value=19430.0
    [iter 2082865] reheat + diversify: ceiling=0.00, value=22310.0
    [iter 2088618] reheat + diversify: ceiling=0.00, value=13316.0
    [iter 2094371] reheat + diversify: ceiling=0.00, value=15620.0
    [iter 2100124] reheat + diversify: ceiling=0.00, value=33608.0
    [iter 2105877] reheat + diversify: ceiling=0.00, value=27848.0
    [iter 2111630] reheat + diversify: ceiling=0.00, value=30728.0
    [iter 2117383] reheat + diversify: ceiling=0.00, value=30728.0
    [iter 2123136] reheat + diversify: ceiling=0.00, value=33608.0
    [iter 2128889] reheat + diversify: ceiling=0.00, value=22310.0
    [iter 2134642] reheat + diversify: ceiling=0.00, value=28424.0
    [iter 2140395] reheat + diversify: ceiling=0.00, value=22310.0
    [iter 2146148] reheat + diversify: ceiling=0.00, value=19430.0
    [iter 2151901] reheat + diversify: ceiling=0.00, value=30728.0
    [iter 2157654] reheat + diversify: ceiling=0.00, value=15620.0
    [iter 2163407] reheat + diversify: ceiling=0.00, value=16550.0
    [iter 2169160] reheat + diversify: ceiling=0.00, value=22310.0
    [iter 2174913] reheat + diversify: ceiling=0.00, value=18500.0
    [iter 2180666] reheat + diversify: ceiling=0.00, value=13316.0
    [iter 2186419] reheat + diversify: ceiling=0.00, value=30728.0
    [iter 2192172] reheat + diversify: ceiling=0.00, value=33608.0
    [iter 2197925] reheat + diversify: ceiling=0.00, value=24614.0
    [iter 2203678] reheat + diversify: ceiling=0.00, value=13316.0
    [iter 2209431] reheat + diversify: ceiling=0.00, value=11012.0
    [iter 2215184] reheat + diversify: ceiling=0.00, value=29798.0
    [iter 2220937] reheat + diversify: ceiling=0.00, value=13316.0
    [iter 2226690] reheat + diversify: ceiling=0.00, value=18500.0
    [iter 2232443] reheat + diversify: ceiling=0.00, value=30728.0
    [iter 2238196] reheat + diversify: ceiling=0.00, value=30728.0
    [iter 2243949] reheat + diversify: ceiling=0.00, value=22310.0
    [iter 2249702] reheat + diversify: ceiling=0.00, value=30728.0
    [iter 2255455] reheat + diversify: ceiling=0.00, value=13316.0
    [iter 2261208] reheat + diversify: ceiling=0.00, value=30728.0
    [iter 2266961] reheat + diversify: ceiling=0.00, value=33608.0
    [iter 2272714] reheat + diversify: ceiling=0.00, value=13316.0
    [iter 2278467] reheat + diversify: ceiling=0.00, value=28424.0
    [iter 2284220] reheat + diversify: ceiling=0.00, value=33608.0
    [iter 2289973] reheat + diversify: ceiling=0.00, value=33608.0
    [iter 2295726] reheat + diversify: ceiling=0.00, value=13316.0
    [iter 2301479] reheat + diversify: ceiling=0.00, value=22310.0
    [iter 2307232] reheat + diversify: ceiling=0.00, value=33608.0
    [iter 2312985] reheat + diversify: ceiling=0.00, value=33608.0
    [iter 2318738] reheat + diversify: ceiling=0.00, value=33608.0
    [iter 2324491] reheat + diversify: ceiling=0.00, value=30728.0
    [iter 2330244] reheat + diversify: ceiling=0.00, value=33608.0
    [iter 2335997] reheat + diversify: ceiling=0.00, value=13316.0
    [iter 2341750] reheat + diversify: ceiling=0.00, value=33608.0
    [iter 2347503] reheat + diversify: ceiling=0.00, value=33608.0
    [iter 2353256] reheat + diversify: ceiling=0.00, value=25544.0
    [iter 2359009] reheat + diversify: ceiling=0.00, value=33608.0
    [iter 2364762] reheat + diversify: ceiling=0.00, value=11012.0
    [iter 2370515] reheat + diversify: ceiling=0.00, value=15620.0
    [iter 2376268] reheat + diversify: ceiling=0.00, value=13316.0
    [iter 2382021] reheat + diversify: ceiling=0.00, value=11366.0
    [iter 2387774] reheat + diversify: ceiling=0.00, value=33608.0
    [iter 2393527] reheat + diversify: ceiling=0.00, value=30728.0
    [iter 2399280] reheat + diversify: ceiling=0.00, value=33608.0
    [iter 2405033] reheat + diversify: ceiling=0.00, value=33608.0
    [iter 2410786] reheat + diversify: ceiling=0.00, value=33608.0
    [iter 2416539] reheat + diversify: ceiling=0.00, value=33608.0
    [iter 2422292] reheat + diversify: ceiling=0.00, value=26918.0
    [iter 2428045] reheat + diversify: ceiling=0.00, value=30728.0
    [iter 2433798] reheat + diversify: ceiling=0.00, value=30728.0
    [iter 2439551] reheat + diversify: ceiling=0.00, value=11012.0
    [iter 2445304] reheat + diversify: ceiling=0.00, value=30728.0
    [iter 2451057] reheat + diversify: ceiling=0.00, value=30728.0
    [iter 2456810] reheat + diversify: ceiling=0.00, value=19430.0
    [iter 2462563] reheat + diversify: ceiling=0.00, value=30728.0
    [iter 2468316] reheat + diversify: ceiling=0.00, value=14246.0
    [iter 2474069] reheat + diversify: ceiling=0.00, value=29798.0
    [iter 2479822] reheat + diversify: ceiling=0.00, value=19430.0
    [iter 2485575] reheat + diversify: ceiling=0.00, value=30728.0
    [iter 2491328] reheat + diversify: ceiling=0.00, value=33608.0
    [iter 2497081] reheat + diversify: ceiling=0.00, value=30728.0
    [iter 2502834] reheat + diversify: ceiling=0.00, value=30728.0
    [iter 2508587] reheat + diversify: ceiling=0.00, value=24614.0
    [iter 2514340] reheat + diversify: ceiling=0.00, value=33608.0
    [iter 2520093] reheat + diversify: ceiling=0.00, value=33608.0
    [iter 2525846] reheat + diversify: ceiling=0.00, value=29798.0
    [iter 2531599] reheat + diversify: ceiling=0.00, value=14246.0
    [iter 2537352] reheat + diversify: ceiling=0.00, value=11012.0
    [iter 2543105] reheat + diversify: ceiling=0.00, value=13316.0
    [iter 2548858] reheat + diversify: ceiling=0.00, value=33608.0
    [iter 2554611] reheat + diversify: ceiling=0.00, value=30728.0
    [iter 2560364] reheat + diversify: ceiling=0.00, value=30728.0
    [iter 2566117] reheat + diversify: ceiling=0.00, value=33608.0
    [iter 2571870] reheat + diversify: ceiling=0.00, value=13316.0
    [iter 2577623] reheat + diversify: ceiling=0.00, value=22310.0
    [iter 2583376] reheat + diversify: ceiling=0.00, value=33608.0
    [iter 2589129] reheat + diversify: ceiling=0.00, value=33608.0
    [iter 2594882] reheat + diversify: ceiling=0.00, value=17126.0
    [iter 2600635] reheat + diversify: ceiling=0.00, value=18500.0
    [iter 2606388] reheat + diversify: ceiling=0.00, value=13316.0
    [iter 2612141] reheat + diversify: ceiling=0.00, value=11012.0
    [iter 2617894] reheat + diversify: ceiling=0.00, value=33608.0
    [iter 2623647] reheat + diversify: ceiling=0.00, value=30728.0
    [iter 2629400] reheat + diversify: ceiling=0.00, value=33608.0
    [iter 2635153] reheat + diversify: ceiling=0.00, value=13316.0
    [iter 2640906] reheat + diversify: ceiling=0.00, value=33608.0
    [iter 2646659] reheat + diversify: ceiling=0.00, value=13316.0
    [iter 2652412] reheat + diversify: ceiling=0.00, value=24614.0
    [iter 2658165] reheat + diversify: ceiling=0.00, value=28424.0
    [iter 2663918] reheat + diversify: ceiling=0.00, value=13316.0
    [iter 2669671] reheat + diversify: ceiling=0.00, value=33608.0
    [iter 2675424] reheat + diversify: ceiling=0.00, value=33608.0
    [iter 2681177] reheat + diversify: ceiling=0.00, value=29798.0
    [iter 2686930] reheat + diversify: ceiling=0.00, value=14822.0
    [iter 2692683] reheat + diversify: ceiling=0.00, value=29798.0
    [iter 2698436] reheat + diversify: ceiling=0.00, value=30728.0
    [iter 2704189] reheat + diversify: ceiling=0.00, value=33608.0
    [iter 2709942] reheat + diversify: ceiling=0.00, value=30728.0
    [iter 2715695] reheat + diversify: ceiling=0.00, value=29798.0
    [iter 2721448] reheat + diversify: ceiling=0.00, value=30728.0
    [iter 2727201] reheat + diversify: ceiling=0.00, value=19430.0
    [iter 2732954] reheat + diversify: ceiling=0.00, value=13316.0
    [iter 2738707] reheat + diversify: ceiling=0.00, value=30728.0
    [iter 2744460] reheat + diversify: ceiling=0.00, value=30728.0
    [iter 2750213] reheat + diversify: ceiling=0.00, value=30728.0
    [iter 2755966] reheat + diversify: ceiling=0.00, value=33608.0
    [iter 2761719] reheat + diversify: ceiling=0.00, value=33608.0
    [iter 2767472] reheat + diversify: ceiling=0.00, value=18500.0
    [iter 2773225] reheat + diversify: ceiling=0.00, value=22310.0
    [iter 2778978] reheat + diversify: ceiling=0.00, value=25544.0
    [iter 2784731] reheat + diversify: ceiling=0.00, value=33608.0
    [iter 2790484] reheat + diversify: ceiling=0.00, value=33608.0
    [iter 2796237] reheat + diversify: ceiling=0.00, value=30728.0
    [iter 2801990] reheat + diversify: ceiling=0.00, value=18500.0
    [iter 2807743] reheat + diversify: ceiling=0.00, value=33608.0
    [iter 2813496] reheat + diversify: ceiling=0.00, value=30728.0
    [iter 2819249] reheat + diversify: ceiling=0.00, value=33608.0
    [iter 2825002] reheat + diversify: ceiling=0.00, value=28424.0
    [iter 2830755] reheat + diversify: ceiling=0.00, value=30728.0
    [iter 2836508] reheat + diversify: ceiling=0.00, value=33608.0
    [iter 2842261] reheat + diversify: ceiling=0.00, value=30728.0
    [iter 2848014] reheat + diversify: ceiling=0.00, value=33608.0
    [iter 2853767] reheat + diversify: ceiling=0.00, value=15620.0
    [iter 2859520] reheat + diversify: ceiling=0.00, value=11942.0
    [iter 2865273] reheat + diversify: ceiling=0.00, value=22310.0
    [iter 2871026] reheat + diversify: ceiling=0.00, value=33608.0
    [iter 2876779] reheat + diversify: ceiling=0.00, value=11012.0
    [iter 2882532] reheat + diversify: ceiling=0.00, value=22310.0
    [iter 2888285] reheat + diversify: ceiling=0.00, value=22310.0
    [iter 2894038] reheat + diversify: ceiling=0.00, value=33608.0
    [iter 2899791] reheat + diversify: ceiling=0.00, value=19430.0
    [iter 2905544] reheat + diversify: ceiling=0.00, value=22310.0
    [iter 2911297] reheat + diversify: ceiling=0.00, value=33608.0
    [iter 2917050] reheat + diversify: ceiling=0.00, value=14246.0
    [iter 2922803] reheat + diversify: ceiling=0.00, value=33608.0
    [iter 2928556] reheat + diversify: ceiling=0.00, value=28424.0
    [iter 2934309] reheat + diversify: ceiling=0.00, value=33608.0
    [iter 2940062] reheat + diversify: ceiling=0.00, value=17126.0
    [iter 2945815] reheat + diversify: ceiling=0.00, value=13316.0
    [iter 2951568] reheat + diversify: ceiling=0.00, value=30728.0
    [iter 2957321] reheat + diversify: ceiling=0.00, value=30728.0
    [iter 2963074] reheat + diversify: ceiling=0.00, value=33608.0
    [iter 2968827] reheat + diversify: ceiling=0.00, value=27848.0
    [iter 2974580] reheat + diversify: ceiling=0.00, value=33608.0
    [iter 2980333] reheat + diversify: ceiling=0.00, value=33608.0
    [iter 2986086] reheat + diversify: ceiling=0.00, value=33608.0
    [iter 2991839] reheat + diversify: ceiling=0.00, value=13316.0
    [iter 2997592] reheat + diversify: ceiling=0.00, value=13316.0
    [iter 3003345] reheat + diversify: ceiling=0.00, value=33608.0
    [iter 3009098] reheat + diversify: ceiling=0.00, value=28424.0
    [iter 3014851] reheat + diversify: ceiling=0.00, value=24614.0
    [iter 3020604] reheat + diversify: ceiling=0.00, value=17126.0
    [iter 3026357] reheat + diversify: ceiling=0.00, value=30728.0
    [iter 3032110] reheat + diversify: ceiling=0.00, value=33608.0
    [iter 3037863] reheat + diversify: ceiling=0.00, value=33608.0
    [iter 3043616] reheat + diversify: ceiling=0.00, value=33608.0
    [iter 3049369] reheat + diversify: ceiling=0.00, value=33608.0
    [iter 3055122] reheat + diversify: ceiling=0.00, value=10436.0
    [iter 3060875] reheat + diversify: ceiling=0.00, value=30728.0
    [iter 3066628] reheat + diversify: ceiling=0.00, value=33608.0
    [iter 3072381] reheat + diversify: ceiling=0.00, value=29798.0
    [iter 3078134] reheat + diversify: ceiling=0.00, value=22310.0
    [iter 3083887] reheat + diversify: ceiling=0.00, value=11012.0
    [iter 3089640] reheat + diversify: ceiling=0.00, value=33608.0
    [iter 3095393] reheat + diversify: ceiling=0.00, value=33608.0
    [iter 3101146] reheat + diversify: ceiling=0.00, value=30728.0
    [iter 3106899] reheat + diversify: ceiling=0.00, value=33608.0
    [iter 3112652] reheat + diversify: ceiling=0.00, value=13316.0
    [iter 3118405] reheat + diversify: ceiling=0.00, value=19430.0
    [iter 3124158] reheat + diversify: ceiling=0.00, value=30728.0
    [iter 3129911] reheat + diversify: ceiling=0.00, value=33608.0
    [iter 3135664] reheat + diversify: ceiling=0.00, value=30728.0
    [iter 3141417] reheat + diversify: ceiling=0.00, value=33608.0
    [iter 3147170] reheat + diversify: ceiling=0.00, value=19430.0
    [iter 3152923] reheat + diversify: ceiling=0.00, value=33608.0
    [iter 3158676] reheat + diversify: ceiling=0.00, value=13316.0
    [iter 3164429] reheat + diversify: ceiling=0.00, value=13316.0
    [iter 3170182] reheat + diversify: ceiling=0.00, value=24614.0
    [iter 3175935] reheat + diversify: ceiling=0.00, value=33608.0
    [iter 3181688] reheat + diversify: ceiling=0.00, value=33608.0
    [iter 3187441] reheat + diversify: ceiling=0.00, value=33608.0
    [iter 3193194] reheat + diversify: ceiling=0.00, value=33608.0
    [iter 3198947] reheat + diversify: ceiling=0.00, value=33608.0
    [iter 3204700] reheat + diversify: ceiling=0.00, value=33608.0
    [iter 3210453] reheat + diversify: ceiling=0.00, value=33608.0
    [iter 3216206] reheat + diversify: ceiling=0.00, value=33608.0
    [iter 3221959] reheat + diversify: ceiling=0.00, value=29798.0
    [iter 3227712] reheat + diversify: ceiling=0.00, value=11012.0
    [iter 3233465] reheat + diversify: ceiling=0.00, value=33608.0
    [iter 3239218] reheat + diversify: ceiling=0.00, value=33608.0
    [iter 3244971] reheat + diversify: ceiling=0.00, value=33608.0
    [iter 3250724] reheat + diversify: ceiling=0.00, value=33608.0
  time limit reached at iteration 3251338
  SA finished: 3251338 iterations in 300.0s (10838 it/s), accepted 2234956 (68.7%), rejected 1016381, neutral 2119109 (65.2%), worsening accepted 10.2%, no-move draws 0, reheats 565
  SA: value 33608.0 (greedy 27848.0, +5760.0), bound 38842.0, gap 13.48%, util 72.6%
  report -> /home/mcaspar/3DMHKP/results_3DMHKP_ep3/ep3-20-D-C-90-3DMHKP-SA-a0.999-r0.25-t300s.txt

================================================================================================
SUMMARY
================================================================================================
instance      boxes  packed       greedy     SA value        bound      gap    util    iters    time
------------------------------------------------------------------------------------------------
ep3-20-D-C-90     20      16      27848.0      33608.0      38842.0   13.5%   72.6%  3251338  300.0s
------------------------------------------------------------------------------------------------
proven optimal (value reaches the upper bound): 0/1
improved over greedy: 1/1 (total value 27848.0 -> 33608.0, +20.68%)
mean gap to 0-1 knapsack bound: 13.5%
mean volume utilization: 72.6%
