============================================================
  Solver:     3DMHKP-SA.py
  Instance:   /home/mcaspar/3DMHKP/Egeblad/ep3-20-F-C-90.txt
  Value mode: flat
  Timelimit:  900s
  Reports:    /home/mcaspar/3DMHKP/results_3DMHKP_ep3
  CPUs:       1
============================================================
======================================================================
3DMHKP Simulated Annealing (random single-neighbour, sequence decoder)
SA params: T0=5% of f(S_0), alpha=0.999, T_min=0.001, reheat_threshold=5753, reheat_fraction=0.25
Move weights: {'relocate': 0.0, 'swap': 1.0, '2opt': 0.0, 'promote': 1.5, 'demote': 1.5, 'orient': 1.0, 'container': 0.5}
Time limit: 900.0s per instance, seed 253007743
======================================================================

======================================================================
ep3-20-F-C-90: 20 boxes (5 types), 1 containers (1 types)
  0-1 knapsack bound: 246440.0 (continuous relaxation: 247902.3)
  initial (value-density) decode: value 152960.0 (14/20 boxes)
  T0 = 5972.4 (calibrated, 257 worsening draws, target accept 35%)
  schedule: time-based, T0 -> 1361.51 over 900s
    [iter 9] *** NEW BEST: value 158432.0, boxes 15/20, T=5970.1, elapsed=0.2s
    [iter 11] *** NEW BEST: value 159408.0, boxes 15/20, T=5970.1, elapsed=0.2s
    [iter 12] *** NEW BEST: value 187730.0, boxes 14/20, T=5970.1, elapsed=0.2s
    [iter 16] *** NEW BEST: value 189333.0, boxes 13/20, T=5970.1, elapsed=0.2s
    [iter 36] *** NEW BEST: value 197313.0, boxes 14/20, T=5970.1, elapsed=0.2s
    [iter 66] *** NEW BEST: value 203583.0, boxes 14/20, T=5970.0, elapsed=0.2s
    [iter 5819] reheat + diversify: ceiling=1493.11, value=177420.0
    [iter 6210] *** NEW BEST: value 203690.0, boxes 14/20, T=5958.4, elapsed=1.4s
    [iter 11963] reheat + diversify: ceiling=1343.80, value=147908.0
    [iter 17716] reheat + diversify: ceiling=1209.42, value=164146.0
    [iter 23469] reheat + diversify: ceiling=1088.48, value=161460.0
    [iter 29222] reheat + diversify: ceiling=979.63, value=165571.0
    [iter 34975] reheat + diversify: ceiling=881.67, value=180555.0
    [iter 40728] reheat + diversify: ceiling=793.50, value=164666.0
    [iter 46481] reheat + diversify: ceiling=714.15, value=167908.0
    [iter 52234] reheat + diversify: ceiling=642.73, value=171150.0
    [iter 56156] *** NEW BEST: value 204317.0, boxes 15/20, T=5866.4, elapsed=10.9s
    [iter 57645] *** NEW BEST: value 205293.0, boxes 15/20, T=5863.7, elapsed=11.2s
    [iter 63398] reheat + diversify: ceiling=578.46, value=184595.0
    [iter 69151] reheat + diversify: ceiling=520.62, value=188535.0
    [iter 74904] reheat + diversify: ceiling=468.55, value=167559.0
    [iter 78589] *** NEW BEST: value 206825.0, boxes 15/20, T=5825.4, elapsed=15.2s
    [iter 84342] reheat + diversify: ceiling=421.70, value=162087.0
    [iter 90095] reheat + diversify: ceiling=379.53, value=148813.0
    [iter 95848] reheat + diversify: ceiling=341.58, value=161011.0
    [iter 101601] reheat + diversify: ceiling=307.42, value=164702.0
    [iter 107354] reheat + diversify: ceiling=276.68, value=133202.0
    [iter 113107] reheat + diversify: ceiling=249.01, value=174805.0
    [iter 118860] reheat + diversify: ceiling=224.11, value=170416.0
    [iter 124613] reheat + diversify: ceiling=201.70, value=146932.0
    [iter 130366] reheat + diversify: ceiling=181.53, value=159928.0
    [iter 136119] reheat + diversify: ceiling=163.37, value=160035.0
    [iter 141872] reheat + diversify: ceiling=147.04, value=190067.0
    [iter 147625] reheat + diversify: ceiling=132.33, value=155888.0
    [iter 153378] reheat + diversify: ceiling=119.10, value=150416.0
    [iter 159131] reheat + diversify: ceiling=107.19, value=139408.0
    [iter 164884] reheat + diversify: ceiling=96.47, value=182714.0
    [iter 170637] reheat + diversify: ceiling=86.82, value=171043.0
    [iter 176390] reheat + diversify: ceiling=78.14, value=178952.0
    [iter 182143] reheat + diversify: ceiling=70.33, value=172753.0
    [iter 187896] reheat + diversify: ceiling=63.29, value=178325.0
    [iter 193649] reheat + diversify: ceiling=56.97, value=159408.0
    [iter 199402] reheat + diversify: ceiling=51.27, value=195710.0
    [iter 205155] reheat + diversify: ceiling=46.14, value=138952.0
    [iter 210908] reheat + diversify: ceiling=41.53, value=176793.0
    [iter 216661] reheat + diversify: ceiling=37.37, value=181638.0
    [iter 222414] reheat + diversify: ceiling=33.64, value=160555.0
    [iter 228167] reheat + diversify: ceiling=30.27, value=143063.0
    [iter 233920] reheat + diversify: ceiling=27.25, value=177869.0
    [iter 239673] reheat + diversify: ceiling=24.52, value=177420.0
    [iter 245426] reheat + diversify: ceiling=22.07, value=175817.0
    [iter 251179] reheat + diversify: ceiling=19.86, value=157420.0
    [iter 256932] reheat + diversify: ceiling=17.88, value=188535.0
    [iter 262685] reheat + diversify: ceiling=16.09, value=167559.0
    [iter 268438] reheat + diversify: ceiling=14.48, value=171150.0
    [iter 274191] reheat + diversify: ceiling=13.03, value=181182.0
    [iter 279944] reheat + diversify: ceiling=11.73, value=184773.0
    [iter 285697] reheat + diversify: ceiling=10.56, value=133658.0
    [iter 291450] reheat + diversify: ceiling=9.50, value=161567.0
    [iter 297203] reheat + diversify: ceiling=8.55, value=157527.0
    [iter 302956] reheat + diversify: ceiling=7.70, value=147908.0
    [iter 308709] reheat + diversify: ceiling=6.93, value=179928.0
    [iter 314462] reheat + diversify: ceiling=6.23, value=175190.0
    [iter 320215] reheat + diversify: ceiling=5.61, value=152646.0
    [iter 325968] reheat + diversify: ceiling=5.05, value=163170.0
    [iter 331721] reheat + diversify: ceiling=4.54, value=194805.0
    [iter 337474] reheat + diversify: ceiling=4.09, value=158952.0
    [iter 343227] reheat + diversify: ceiling=3.68, value=154670.0
    [iter 348980] reheat + diversify: ceiling=3.31, value=183170.0
    [iter 354733] reheat + diversify: ceiling=2.98, value=168813.0
    [iter 360486] reheat + diversify: ceiling=2.68, value=161182.0
    [iter 366239] reheat + diversify: ceiling=2.41, value=154912.0
    [iter 371992] reheat + diversify: ceiling=2.17, value=188535.0
    [iter 377745] reheat + diversify: ceiling=1.96, value=153202.0
    [iter 383498] reheat + diversify: ceiling=1.76, value=162158.0
    [iter 389251] reheat + diversify: ceiling=1.58, value=163063.0
    [iter 395004] reheat + diversify: ceiling=1.43, value=180035.0
    [iter 400757] reheat + diversify: ceiling=1.28, value=154214.0
    [iter 406510] reheat + diversify: ceiling=1.16, value=158952.0
    [iter 412263] reheat + diversify: ceiling=1.04, value=164424.0
    [iter 418016] reheat + diversify: ceiling=0.94, value=179579.0
    [iter 423769] reheat + diversify: ceiling=0.84, value=195888.0
    [iter 429522] reheat + diversify: ceiling=0.76, value=151150.0
    [iter 435275] reheat + diversify: ceiling=0.68, value=159023.0
    [iter 441028] reheat + diversify: ceiling=0.61, value=176515.0
    [iter 446781] reheat + diversify: ceiling=0.55, value=178047.0
    [iter 452534] reheat + diversify: ceiling=0.50, value=138781.0
    [iter 458287] reheat + diversify: ceiling=0.45, value=145678.0
    [iter 464040] reheat + diversify: ceiling=0.40, value=160904.0
    [iter 469793] reheat + diversify: ceiling=0.36, value=168464.0
    [iter 475546] reheat + diversify: ceiling=0.33, value=154563.0
    [iter 481299] reheat + diversify: ceiling=0.29, value=162543.0
    [iter 487052] reheat + diversify: ceiling=0.26, value=175817.0
    [iter 492805] reheat + diversify: ceiling=0.24, value=153658.0
    [iter 498558] reheat + diversify: ceiling=0.21, value=158325.0
    [iter 504311] reheat + diversify: ceiling=0.19, value=156444.0
    [iter 510064] reheat + diversify: ceiling=0.17, value=154285.0
    [iter 515817] reheat + diversify: ceiling=0.16, value=191150.0
    [iter 521570] reheat + diversify: ceiling=0.14, value=170067.0
    [iter 527323] reheat + diversify: ceiling=0.13, value=182087.0
    [iter 533076] reheat + diversify: ceiling=0.11, value=190694.0
    [iter 538829] reheat + diversify: ceiling=0.10, value=164666.0
    [iter 544582] reheat + diversify: ceiling=0.09, value=190067.0
    [iter 550335] reheat + diversify: ceiling=0.08, value=188535.0
    [iter 556088] reheat + diversify: ceiling=0.07, value=183170.0
    [iter 561841] reheat + diversify: ceiling=0.07, value=148364.0
    [iter 567594] reheat + diversify: ceiling=0.06, value=156444.0
    [iter 573347] reheat + diversify: ceiling=0.05, value=178952.0
    [iter 579100] reheat + diversify: ceiling=0.05, value=191670.0
    [iter 584853] reheat + diversify: ceiling=0.04, value=133658.0
    [iter 590606] reheat + diversify: ceiling=0.04, value=184424.0
    [iter 596359] reheat + diversify: ceiling=0.04, value=198845.0
    [iter 602112] reheat + diversify: ceiling=0.03, value=156793.0
    [iter 607865] reheat + diversify: ceiling=0.03, value=174805.0
    [iter 613618] reheat + diversify: ceiling=0.03, value=161638.0
    [iter 619371] reheat + diversify: ceiling=0.02, value=167039.0
    [iter 625124] reheat + diversify: ceiling=0.02, value=197313.0
    [iter 630877] reheat + diversify: ceiling=0.02, value=153658.0
    [iter 636630] reheat + diversify: ceiling=0.02, value=150523.0
    [iter 642383] reheat + diversify: ceiling=0.02, value=172055.0
    [iter 648136] reheat + diversify: ceiling=0.01, value=174285.0
    [iter 653889] reheat + diversify: ceiling=0.01, value=183063.0
    [iter 659642] reheat + diversify: ceiling=0.01, value=171150.0
    [iter 665395] reheat + diversify: ceiling=0.01, value=132404.0
    [iter 671148] reheat + diversify: ceiling=0.01, value=173309.0
    [iter 676901] reheat + diversify: ceiling=0.01, value=171150.0
    [iter 682654] reheat + diversify: ceiling=0.01, value=154563.0
    [iter 688407] reheat + diversify: ceiling=0.01, value=161638.0
    [iter 694160] reheat + diversify: ceiling=0.01, value=168706.0
    [iter 699913] reheat + diversify: ceiling=0.01, value=176900.0
    [iter 705666] reheat + diversify: ceiling=0.00, value=140662.0
    [iter 711419] reheat + diversify: ceiling=0.00, value=167908.0
    [iter 717172] reheat + diversify: ceiling=0.00, value=182087.0
    [iter 722925] reheat + diversify: ceiling=0.00, value=175190.0
    [iter 728678] reheat + diversify: ceiling=0.00, value=152019.0
    [iter 734431] reheat + diversify: ceiling=0.00, value=187908.0
    [iter 740184] reheat + diversify: ceiling=0.00, value=179023.0
    [iter 745937] reheat + diversify: ceiling=0.00, value=160555.0
    [iter 751690] reheat + diversify: ceiling=0.00, value=158432.0
    [iter 757443] reheat + diversify: ceiling=0.00, value=179579.0
    [iter 763196] reheat + diversify: ceiling=0.00, value=177698.0
    [iter 768949] reheat + diversify: ceiling=0.00, value=181182.0
    [iter 774702] reheat + diversify: ceiling=0.00, value=181460.0
    [iter 780455] reheat + diversify: ceiling=0.00, value=169511.0
    [iter 786208] reheat + diversify: ceiling=0.00, value=190694.0
    [iter 791961] reheat + diversify: ceiling=0.00, value=159928.0
    [iter 797714] reheat + diversify: ceiling=0.00, value=181460.0
    [iter 803467] reheat + diversify: ceiling=0.00, value=175154.0
    [iter 809220] reheat + diversify: ceiling=0.00, value=164595.0
    [iter 814973] reheat + diversify: ceiling=0.00, value=162087.0
    [iter 820726] reheat + diversify: ceiling=0.00, value=181638.0
    [iter 826479] reheat + diversify: ceiling=0.00, value=164424.0
    [iter 832232] reheat + diversify: ceiling=0.00, value=161182.0
    [iter 837985] reheat + diversify: ceiling=0.00, value=174912.0
    [iter 843738] reheat + diversify: ceiling=0.00, value=160555.0
    [iter 849491] reheat + diversify: ceiling=0.00, value=183797.0
    [iter 855244] reheat + diversify: ceiling=0.00, value=185400.0
    [iter 860997] reheat + diversify: ceiling=0.00, value=159928.0
    [iter 866750] reheat + diversify: ceiling=0.00, value=169440.0
    [iter 872503] reheat + diversify: ceiling=0.00, value=154805.0
    [iter 878256] reheat + diversify: ceiling=0.00, value=164666.0
    [iter 884009] reheat + diversify: ceiling=0.00, value=154734.0
    [iter 889762] reheat + diversify: ceiling=0.00, value=180555.0
    [iter 895515] reheat + diversify: ceiling=0.00, value=191670.0
    [iter 901268] reheat + diversify: ceiling=0.00, value=175710.0
    [iter 907021] reheat + diversify: ceiling=0.00, value=181638.0
    [iter 912774] reheat + diversify: ceiling=0.00, value=170416.0
    [iter 918527] reheat + diversify: ceiling=0.00, value=172575.0
    [iter 924280] reheat + diversify: ceiling=0.00, value=167730.0
    [iter 930033] reheat + diversify: ceiling=0.00, value=182087.0
    [iter 935786] reheat + diversify: ceiling=0.00, value=155297.0
    [iter 941539] reheat + diversify: ceiling=0.00, value=138710.0
    [iter 947292] reheat + diversify: ceiling=0.00, value=192575.0
    [iter 953045] reheat + diversify: ceiling=0.00, value=153729.0
    [iter 958798] reheat + diversify: ceiling=0.00, value=180035.0
    [iter 964551] reheat + diversify: ceiling=0.00, value=171150.0
    [iter 970304] reheat + diversify: ceiling=0.00, value=144980.0
    [iter 976057] reheat + diversify: ceiling=0.00, value=155817.0
    [iter 981810] reheat + diversify: ceiling=0.00, value=182714.0
    [iter 987563] reheat + diversify: ceiling=0.00, value=161011.0
    [iter 993316] reheat + diversify: ceiling=0.00, value=183341.0
    [iter 999069] reheat + diversify: ceiling=0.00, value=197420.0
    [iter 1004822] reheat + diversify: ceiling=0.00, value=154285.0
    [iter 1010575] reheat + diversify: ceiling=0.00, value=157420.0
    [iter 1016328] reheat + diversify: ceiling=0.00, value=171150.0
    [iter 1022081] reheat + diversify: ceiling=0.00, value=175710.0
    [iter 1027834] reheat + diversify: ceiling=0.00, value=165400.0
    [iter 1033587] reheat + diversify: ceiling=0.00, value=159650.0
    [iter 1039340] reheat + diversify: ceiling=0.00, value=171777.0
    [iter 1045093] reheat + diversify: ceiling=0.00, value=146761.0
    [iter 1050846] reheat + diversify: ceiling=0.00, value=170067.0
    [iter 1056599] reheat + diversify: ceiling=0.00, value=187908.0
    [iter 1062352] reheat + diversify: ceiling=0.00, value=185400.0
    [iter 1068105] reheat + diversify: ceiling=0.00, value=125158.0
    [iter 1073858] reheat + diversify: ceiling=0.00, value=176793.0
    [iter 1079611] reheat + diversify: ceiling=0.00, value=190694.0
    [iter 1085364] reheat + diversify: ceiling=0.00, value=168535.0
    [iter 1091117] reheat + diversify: ceiling=0.00, value=174912.0
    [iter 1096870] reheat + diversify: ceiling=0.00, value=172575.0
    [iter 1102623] reheat + diversify: ceiling=0.00, value=170067.0
    [iter 1108376] reheat + diversify: ceiling=0.00, value=172682.0
    [iter 1114129] reheat + diversify: ceiling=0.00, value=151043.0
    [iter 1119882] reheat + diversify: ceiling=0.00, value=145051.0
    [iter 1125635] reheat + diversify: ceiling=0.00, value=177420.0
    [iter 1131388] reheat + diversify: ceiling=0.00, value=186305.0
    [iter 1137141] reheat + diversify: ceiling=0.00, value=157805.0
    [iter 1142894] reheat + diversify: ceiling=0.00, value=175781.0
    [iter 1148647] reheat + diversify: ceiling=0.00, value=183797.0
    [iter 1154400] reheat + diversify: ceiling=0.00, value=181638.0
    [iter 1160153] reheat + diversify: ceiling=0.00, value=174285.0
    [iter 1165906] reheat + diversify: ceiling=0.00, value=193202.0
    [iter 1171659] reheat + diversify: ceiling=0.00, value=186932.0
    [iter 1177412] reheat + diversify: ceiling=0.00, value=155190.0
    [iter 1183165] reheat + diversify: ceiling=0.00, value=194805.0
    [iter 1188918] reheat + diversify: ceiling=0.00, value=165400.0
    [iter 1194671] reheat + diversify: ceiling=0.00, value=183797.0
    [iter 1200424] reheat + diversify: ceiling=0.00, value=191150.0
    [iter 1206177] reheat + diversify: ceiling=0.00, value=164039.0
    [iter 1211930] reheat + diversify: ceiling=0.00, value=164666.0
    [iter 1217683] reheat + diversify: ceiling=0.00, value=183341.0
    [iter 1223436] reheat + diversify: ceiling=0.00, value=170345.0
    [iter 1229189] reheat + diversify: ceiling=0.00, value=155888.0
    [iter 1234942] reheat + diversify: ceiling=0.00, value=183341.0
    [iter 1240695] reheat + diversify: ceiling=0.00, value=176444.0
    [iter 1246448] reheat + diversify: ceiling=0.00, value=191670.0
    [iter 1252201] reheat + diversify: ceiling=0.00, value=184317.0
    [iter 1257954] reheat + diversify: ceiling=0.00, value=151150.0
    [iter 1263707] reheat + diversify: ceiling=0.00, value=172575.0
    [iter 1269460] reheat + diversify: ceiling=0.00, value=159928.0
    [iter 1275213] reheat + diversify: ceiling=0.00, value=179999.0
    [iter 1280966] reheat + diversify: ceiling=0.00, value=174285.0
    [iter 1286719] reheat + diversify: ceiling=0.00, value=177420.0
    [iter 1292472] reheat + diversify: ceiling=0.00, value=141531.0
    [iter 1298225] reheat + diversify: ceiling=0.00, value=149547.0
    [iter 1303978] reheat + diversify: ceiling=0.00, value=198047.0
    [iter 1309731] reheat + diversify: ceiling=0.00, value=186305.0
    [iter 1315484] reheat + diversify: ceiling=0.00, value=171670.0
    [iter 1321237] reheat + diversify: ceiling=0.00, value=151079.0
    [iter 1326990] reheat + diversify: ceiling=0.00, value=176337.0
    [iter 1332743] reheat + diversify: ceiling=0.00, value=179928.0
    [iter 1338496] reheat + diversify: ceiling=0.00, value=174285.0
    [iter 1344249] reheat + diversify: ceiling=0.00, value=159023.0
    [iter 1350002] reheat + diversify: ceiling=0.00, value=172126.0
    [iter 1355755] reheat + diversify: ceiling=0.00, value=161567.0
    [iter 1361508] reheat + diversify: ceiling=0.00, value=180662.0
    [iter 1367261] reheat + diversify: ceiling=0.00, value=161011.0
    [iter 1373014] reheat + diversify: ceiling=0.00, value=167908.0
    [iter 1378767] reheat + diversify: ceiling=0.00, value=168535.0
    [iter 1384520] reheat + diversify: ceiling=0.00, value=159928.0
    [iter 1390273] reheat + diversify: ceiling=0.00, value=162158.0
    [iter 1396026] reheat + diversify: ceiling=0.00, value=176444.0
    [iter 1401779] reheat + diversify: ceiling=0.00, value=165785.0
    [iter 1407532] reheat + diversify: ceiling=0.00, value=147944.0
    [iter 1413285] reheat + diversify: ceiling=0.00, value=177420.0
    [iter 1419038] reheat + diversify: ceiling=0.00, value=187908.0
    [iter 1424791] reheat + diversify: ceiling=0.00, value=152055.0
    [iter 1430544] reheat + diversify: ceiling=0.00, value=191670.0
    [iter 1436297] reheat + diversify: ceiling=0.00, value=189440.0
    [iter 1442050] reheat + diversify: ceiling=0.00, value=166825.0
    [iter 1447803] reheat + diversify: ceiling=0.00, value=179579.0
    [iter 1453556] reheat + diversify: ceiling=0.00, value=169511.0
    [iter 1459309] reheat + diversify: ceiling=0.00, value=156900.0
    [iter 1465062] reheat + diversify: ceiling=0.00, value=186932.0
    [iter 1470815] reheat + diversify: ceiling=0.00, value=183063.0
    [iter 1476568] reheat + diversify: ceiling=0.00, value=147388.0
    [iter 1482321] reheat + diversify: ceiling=0.00, value=186027.0
    [iter 1488074] reheat + diversify: ceiling=0.00, value=185400.0
    [iter 1493827] reheat + diversify: ceiling=0.00, value=162614.0
    [iter 1499580] reheat + diversify: ceiling=0.00, value=156900.0
    [iter 1505333] reheat + diversify: ceiling=0.00, value=154670.0
    [iter 1511086] reheat + diversify: ceiling=0.00, value=171150.0
    [iter 1516839] reheat + diversify: ceiling=0.00, value=181638.0
    [iter 1522592] reheat + diversify: ceiling=0.00, value=154285.0
    [iter 1528345] reheat + diversify: ceiling=0.00, value=175817.0
    [iter 1534098] reheat + diversify: ceiling=0.00, value=183797.0
    [iter 1539851] reheat + diversify: ceiling=0.00, value=165400.0
    [iter 1545604] reheat + diversify: ceiling=0.00, value=165849.0
    [iter 1551357] reheat + diversify: ceiling=0.00, value=152682.0
    [iter 1557110] reheat + diversify: ceiling=0.00, value=166583.0
    [iter 1562863] reheat + diversify: ceiling=0.00, value=191043.0
    [iter 1568616] reheat + diversify: ceiling=0.00, value=175261.0
    [iter 1574369] reheat + diversify: ceiling=0.00, value=169547.0
    [iter 1580122] reheat + diversify: ceiling=0.00, value=152126.0
    [iter 1585875] reheat + diversify: ceiling=0.00, value=151777.0
    [iter 1591628] reheat + diversify: ceiling=0.00, value=167210.0
    [iter 1597381] reheat + diversify: ceiling=0.00, value=196337.0
    [iter 1603134] reheat + diversify: ceiling=0.00, value=179579.0
    [iter 1608887] reheat + diversify: ceiling=0.00, value=145749.0
    [iter 1614640] reheat + diversify: ceiling=0.00, value=190067.0
    [iter 1620393] reheat + diversify: ceiling=0.00, value=173551.0
    [iter 1626146] reheat + diversify: ceiling=0.00, value=178952.0
    [iter 1631899] reheat + diversify: ceiling=0.00, value=160833.0
    [iter 1637652] reheat + diversify: ceiling=0.00, value=165749.0
    [iter 1643405] reheat + diversify: ceiling=0.00, value=157420.0
    [iter 1649158] reheat + diversify: ceiling=0.00, value=168920.0
    [iter 1654911] reheat + diversify: ceiling=0.00, value=167210.0
    [iter 1660664] reheat + diversify: ceiling=0.00, value=184424.0
    [iter 1666417] reheat + diversify: ceiling=0.00, value=156900.0
    [iter 1672170] reheat + diversify: ceiling=0.00, value=204317.0
    [iter 1677923] reheat + diversify: ceiling=0.00, value=194178.0
    [iter 1683676] reheat + diversify: ceiling=0.00, value=130523.0
    [iter 1689429] reheat + diversify: ceiling=0.00, value=135888.0
    [iter 1695182] reheat + diversify: ceiling=0.00, value=159301.0
    [iter 1700935] reheat + diversify: ceiling=0.00, value=186305.0
    [iter 1706688] reheat + diversify: ceiling=0.00, value=183063.0
    [iter 1712441] reheat + diversify: ceiling=0.00, value=150416.0
    [iter 1718194] reheat + diversify: ceiling=0.00, value=161182.0
    [iter 1723947] reheat + diversify: ceiling=0.00, value=157876.0
    [iter 1729700] reheat + diversify: ceiling=0.00, value=184317.0
    [iter 1735453] reheat + diversify: ceiling=0.00, value=174285.0
    [iter 1741206] reheat + diversify: ceiling=0.00, value=194178.0
    [iter 1746959] reheat + diversify: ceiling=0.00, value=147281.0
    [iter 1752712] reheat + diversify: ceiling=0.00, value=158289.0
    [iter 1758465] reheat + diversify: ceiling=0.00, value=195888.0
    [iter 1764218] reheat + diversify: ceiling=0.00, value=165785.0
    [iter 1769971] reheat + diversify: ceiling=0.00, value=173202.0
    [iter 1775724] reheat + diversify: ceiling=0.00, value=150416.0
    [iter 1781477] reheat + diversify: ceiling=0.00, value=180662.0
    [iter 1787230] reheat + diversify: ceiling=0.00, value=162614.0
    [iter 1792983] reheat + diversify: ceiling=0.00, value=198047.0
    [iter 1798736] reheat + diversify: ceiling=0.00, value=184773.0
    [iter 1804489] reheat + diversify: ceiling=0.00, value=168535.0
    [iter 1810242] reheat + diversify: ceiling=0.00, value=194285.0
    [iter 1815995] reheat + diversify: ceiling=0.00, value=189960.0
    [iter 1821748] reheat + diversify: ceiling=0.00, value=165956.0
    [iter 1827501] reheat + diversify: ceiling=0.00, value=173551.0
    [iter 1833254] reheat + diversify: ceiling=0.00, value=166932.0
    [iter 1839007] reheat + diversify: ceiling=0.00, value=183690.0
    [iter 1844760] reheat + diversify: ceiling=0.00, value=182158.0
    [iter 1850513] reheat + diversify: ceiling=0.00, value=162158.0
    [iter 1856266] reheat + diversify: ceiling=0.00, value=160448.0
    [iter 1862019] reheat + diversify: ceiling=0.00, value=177420.0
    [iter 1867772] reheat + diversify: ceiling=0.00, value=158396.0
    [iter 1873525] reheat + diversify: ceiling=0.00, value=166825.0
    [iter 1879278] reheat + diversify: ceiling=0.00, value=187801.0
    [iter 1885031] reheat + diversify: ceiling=0.00, value=147837.0
    [iter 1890784] reheat + diversify: ceiling=0.00, value=170067.0
    [iter 1896537] reheat + diversify: ceiling=0.00, value=165956.0
    [iter 1902290] reheat + diversify: ceiling=0.00, value=155817.0
    [iter 1908043] reheat + diversify: ceiling=0.00, value=162714.0
    [iter 1913796] reheat + diversify: ceiling=0.00, value=194178.0
    [iter 1919549] reheat + diversify: ceiling=0.00, value=179023.0
    [iter 1925302] reheat + diversify: ceiling=0.00, value=185222.0
    [iter 1931055] reheat + diversify: ceiling=0.00, value=175817.0
    [iter 1936808] reheat + diversify: ceiling=0.00, value=175261.0
    [iter 1942561] reheat + diversify: ceiling=0.00, value=156551.0
    [iter 1948314] reheat + diversify: ceiling=0.00, value=174178.0
    [iter 1954067] reheat + diversify: ceiling=0.00, value=187559.0
    [iter 1959820] reheat + diversify: ceiling=0.00, value=171043.0
    [iter 1965573] reheat + diversify: ceiling=0.00, value=155888.0
    [iter 1971326] reheat + diversify: ceiling=0.00, value=146376.0
    [iter 1977079] reheat + diversify: ceiling=0.00, value=183797.0
    [iter 1982832] reheat + diversify: ceiling=0.00, value=164075.0
    [iter 1988585] reheat + diversify: ceiling=0.00, value=154912.0
    [iter 1994338] reheat + diversify: ceiling=0.00, value=172682.0
    [iter 2000091] reheat + diversify: ceiling=0.00, value=162543.0
    [iter 2005844] reheat + diversify: ceiling=0.00, value=189440.0
    [iter 2011597] reheat + diversify: ceiling=0.00, value=183690.0
    [iter 2017350] reheat + diversify: ceiling=0.00, value=176864.0
    [iter 2023103] reheat + diversify: ceiling=0.00, value=182087.0
    [iter 2028856] reheat + diversify: ceiling=0.00, value=160035.0
    [iter 2034609] reheat + diversify: ceiling=0.00, value=186932.0
    [iter 2040362] reheat + diversify: ceiling=0.00, value=173380.0
    [iter 2046115] reheat + diversify: ceiling=0.00, value=189333.0
    [iter 2051868] reheat + diversify: ceiling=0.00, value=173309.0
    [iter 2057621] reheat + diversify: ceiling=0.00, value=192575.0
    [iter 2063374] reheat + diversify: ceiling=0.00, value=156793.0
    [iter 2069127] reheat + diversify: ceiling=0.00, value=172575.0
    [iter 2074880] reheat + diversify: ceiling=0.00, value=168535.0
    [iter 2080633] reheat + diversify: ceiling=0.00, value=142543.0
    [iter 2086386] reheat + diversify: ceiling=0.00, value=147388.0
    [iter 2092139] reheat + diversify: ceiling=0.00, value=169547.0
    [iter 2097892] reheat + diversify: ceiling=0.00, value=174285.0
    [iter 2103645] reheat + diversify: ceiling=0.00, value=186825.0
    [iter 2109398] reheat + diversify: ceiling=0.00, value=145400.0
    [iter 2115151] reheat + diversify: ceiling=0.00, value=166376.0
    [iter 2120904] reheat + diversify: ceiling=0.00, value=191150.0
    [iter 2126657] reheat + diversify: ceiling=0.00, value=197313.0
    [iter 2132410] reheat + diversify: ceiling=0.00, value=167908.0
    [iter 2138163] reheat + diversify: ceiling=0.00, value=182087.0
    [iter 2143916] reheat + diversify: ceiling=0.00, value=161011.0
    [iter 2149669] reheat + diversify: ceiling=0.00, value=179023.0
    [iter 2155422] reheat + diversify: ceiling=0.00, value=153031.0
    [iter 2161175] reheat + diversify: ceiling=0.00, value=186825.0
    [iter 2166928] reheat + diversify: ceiling=0.00, value=162614.0
    [iter 2172681] reheat + diversify: ceiling=0.00, value=175190.0
    [iter 2178434] reheat + diversify: ceiling=0.00, value=189440.0
    [iter 2184187] reheat + diversify: ceiling=0.00, value=176444.0
    [iter 2189940] reheat + diversify: ceiling=0.00, value=187908.0
    [iter 2195693] reheat + diversify: ceiling=0.00, value=190067.0
    [iter 2201446] reheat + diversify: ceiling=0.00, value=192575.0
    [iter 2207199] reheat + diversify: ceiling=0.00, value=172753.0
    [iter 2212952] reheat + diversify: ceiling=0.00, value=165293.0
    [iter 2218705] reheat + diversify: ceiling=0.00, value=173829.0
    [iter 2224458] reheat + diversify: ceiling=0.00, value=161567.0
    [iter 2230211] reheat + diversify: ceiling=0.00, value=149547.0
    [iter 2235964] reheat + diversify: ceiling=0.00, value=152682.0
    [iter 2241717] reheat + diversify: ceiling=0.00, value=160555.0
    [iter 2247470] reheat + diversify: ceiling=0.00, value=169440.0
    [iter 2253223] reheat + diversify: ceiling=0.00, value=163170.0
    [iter 2258976] reheat + diversify: ceiling=0.00, value=185293.0
    [iter 2264729] reheat + diversify: ceiling=0.00, value=179928.0
    [iter 2270482] reheat + diversify: ceiling=0.00, value=153202.0
    [iter 2276235] reheat + diversify: ceiling=0.00, value=194912.0
    [iter 2281988] reheat + diversify: ceiling=0.00, value=193202.0
    [iter 2287741] reheat + diversify: ceiling=0.00, value=173202.0
    [iter 2293494] reheat + diversify: ceiling=0.00, value=172126.0
    [iter 2299247] reheat + diversify: ceiling=0.00, value=186825.0
    [iter 2305000] reheat + diversify: ceiling=0.00, value=193202.0
    [iter 2310753] reheat + diversify: ceiling=0.00, value=161531.0
    [iter 2316506] reheat + diversify: ceiling=0.00, value=190067.0
    [iter 2322259] reheat + diversify: ceiling=0.00, value=165956.0
    [iter 2328012] reheat + diversify: ceiling=0.00, value=160904.0
    [iter 2333765] reheat + diversify: ceiling=0.00, value=164666.0
    [iter 2339518] reheat + diversify: ceiling=0.00, value=175888.0
    [iter 2345271] reheat + diversify: ceiling=0.00, value=187801.0
    [iter 2351024] reheat + diversify: ceiling=0.00, value=174285.0
    [iter 2356777] reheat + diversify: ceiling=0.00, value=194805.0
    [iter 2362530] reheat + diversify: ceiling=0.00, value=193202.0
    [iter 2368283] reheat + diversify: ceiling=0.00, value=182714.0
    [iter 2374036] reheat + diversify: ceiling=0.00, value=181531.0
    [iter 2379789] reheat + diversify: ceiling=0.00, value=186932.0
    [iter 2385542] reheat + diversify: ceiling=0.00, value=161638.0
    [iter 2391295] reheat + diversify: ceiling=0.00, value=157313.0
    [iter 2397048] reheat + diversify: ceiling=0.00, value=189960.0
    [iter 2402801] reheat + diversify: ceiling=0.00, value=165678.0
    [iter 2408554] reheat + diversify: ceiling=0.00, value=158952.0
    [iter 2414307] reheat + diversify: ceiling=0.00, value=181460.0
    [iter 2420060] reheat + diversify: ceiling=0.00, value=170694.0
    [iter 2425813] reheat + diversify: ceiling=0.00, value=159686.0
    [iter 2431566] reheat + diversify: ceiling=0.00, value=169440.0
    [iter 2437319] reheat + diversify: ceiling=0.00, value=147559.0
    [iter 2443072] reheat + diversify: ceiling=0.00, value=190067.0
    [iter 2448825] reheat + diversify: ceiling=0.00, value=159023.0
    [iter 2454578] reheat + diversify: ceiling=0.00, value=151043.0
    [iter 2460331] reheat + diversify: ceiling=0.00, value=194912.0
    [iter 2466084] reheat + diversify: ceiling=0.00, value=180448.0
    [iter 2471837] reheat + diversify: ceiling=0.00, value=190067.0
    [iter 2477590] reheat + diversify: ceiling=0.00, value=156900.0
    [iter 2483343] reheat + diversify: ceiling=0.00, value=164146.0
    [iter 2489096] reheat + diversify: ceiling=0.00, value=173829.0
    [iter 2494849] reheat + diversify: ceiling=0.00, value=156900.0
    [iter 2500602] reheat + diversify: ceiling=0.00, value=160035.0
    [iter 2506355] reheat + diversify: ceiling=0.00, value=159928.0
    [iter 2512108] reheat + diversify: ceiling=0.00, value=194285.0
    [iter 2517861] reheat + diversify: ceiling=0.00, value=147908.0
    [iter 2523614] reheat + diversify: ceiling=0.00, value=158603.0
    [iter 2529367] reheat + diversify: ceiling=0.00, value=185849.0
    [iter 2535120] reheat + diversify: ceiling=0.00, value=168884.0
    [iter 2540873] reheat + diversify: ceiling=0.00, value=176793.0
    [iter 2546626] reheat + diversify: ceiling=0.00, value=155888.0
    [iter 2552379] reheat + diversify: ceiling=0.00, value=158952.0
    [iter 2558132] reheat + diversify: ceiling=0.00, value=192646.0
    [iter 2563885] reheat + diversify: ceiling=0.00, value=163797.0
    [iter 2569638] reheat + diversify: ceiling=0.00, value=163690.0
    [iter 2575391] reheat + diversify: ceiling=0.00, value=186269.0
    [iter 2581144] reheat + diversify: ceiling=0.00, value=154285.0
    [iter 2586897] reheat + diversify: ceiling=0.00, value=185293.0
    [iter 2592650] reheat + diversify: ceiling=0.00, value=148364.0
    [iter 2598403] reheat + diversify: ceiling=0.00, value=175888.0
    [iter 2604156] reheat + diversify: ceiling=0.00, value=182158.0
    [iter 2609909] reheat + diversify: ceiling=0.00, value=200448.0
    [iter 2615662] reheat + diversify: ceiling=0.00, value=171043.0
    [iter 2621415] reheat + diversify: ceiling=0.00, value=160662.0
    [iter 2627168] reheat + diversify: ceiling=0.00, value=163690.0
    [iter 2632921] reheat + diversify: ceiling=0.00, value=169440.0
    [iter 2638674] reheat + diversify: ceiling=0.00, value=179579.0
    [iter 2644427] reheat + diversify: ceiling=0.00, value=178047.0
    [iter 2650180] reheat + diversify: ceiling=0.00, value=172055.0
    [iter 2655933] reheat + diversify: ceiling=0.00, value=165849.0
    [iter 2661686] reheat + diversify: ceiling=0.00, value=183170.0
    [iter 2667439] reheat + diversify: ceiling=0.00, value=159928.0
    [iter 2673192] reheat + diversify: ceiling=0.00, value=172646.0
    [iter 2678945] reheat + diversify: ceiling=0.00, value=166198.0
    [iter 2684698] reheat + diversify: ceiling=0.00, value=195888.0
    [iter 2690451] reheat + diversify: ceiling=0.00, value=200555.0
    [iter 2696204] reheat + diversify: ceiling=0.00, value=164773.0
    [iter 2701957] reheat + diversify: ceiling=0.00, value=147837.0
    [iter 2707710] reheat + diversify: ceiling=0.00, value=171670.0
    [iter 2713463] reheat + diversify: ceiling=0.00, value=183690.0
    [iter 2719216] reheat + diversify: ceiling=0.00, value=165749.0
    [iter 2724969] reheat + diversify: ceiling=0.00, value=183170.0
    [iter 2730722] reheat + diversify: ceiling=0.00, value=168464.0
    [iter 2736475] reheat + diversify: ceiling=0.00, value=191670.0
    [iter 2742228] reheat + diversify: ceiling=0.00, value=174178.0
    [iter 2747981] reheat + diversify: ceiling=0.00, value=177420.0
    [iter 2753734] reheat + diversify: ceiling=0.00, value=162158.0
    [iter 2759487] reheat + diversify: ceiling=0.00, value=157420.0
    [iter 2765240] reheat + diversify: ceiling=0.00, value=169511.0
    [iter 2770993] reheat + diversify: ceiling=0.00, value=147317.0
    [iter 2776746] reheat + diversify: ceiling=0.00, value=132682.0
    [iter 2782499] reheat + diversify: ceiling=0.00, value=172646.0
    [iter 2788252] reheat + diversify: ceiling=0.00, value=191670.0
    [iter 2794005] reheat + diversify: ceiling=0.00, value=161182.0
    [iter 2799758] reheat + diversify: ceiling=0.00, value=194178.0
    [iter 2805511] reheat + diversify: ceiling=0.00, value=190936.0
    [iter 2811264] reheat + diversify: ceiling=0.00, value=190694.0
    [iter 2817017] reheat + diversify: ceiling=0.00, value=166932.0
    [iter 2822770] reheat + diversify: ceiling=0.00, value=138325.0
    [iter 2828523] reheat + diversify: ceiling=0.00, value=166932.0
    [iter 2834276] reheat + diversify: ceiling=0.00, value=152575.0
    [iter 2840029] reheat + diversify: ceiling=0.00, value=158396.0
    [iter 2845782] reheat + diversify: ceiling=0.00, value=167908.0
    [iter 2851535] reheat + diversify: ceiling=0.00, value=152682.0
    [iter 2857288] reheat + diversify: ceiling=0.00, value=162436.0
    [iter 2863041] reheat + diversify: ceiling=0.00, value=171043.0
    [iter 2868794] reheat + diversify: ceiling=0.00, value=138952.0
    [iter 2874547] reheat + diversify: ceiling=0.00, value=144317.0
    [iter 2880300] reheat + diversify: ceiling=0.00, value=183690.0
    [iter 2886053] reheat + diversify: ceiling=0.00, value=179999.0
    [iter 2891806] reheat + diversify: ceiling=0.00, value=155888.0
    [iter 2897559] reheat + diversify: ceiling=0.00, value=165400.0
    [iter 2903312] reheat + diversify: ceiling=0.00, value=185293.0
    [iter 2909065] reheat + diversify: ceiling=0.00, value=180555.0
    [iter 2914818] reheat + diversify: ceiling=0.00, value=164773.0
    [iter 2920571] reheat + diversify: ceiling=0.00, value=166376.0
    [iter 2926324] reheat + diversify: ceiling=0.00, value=191670.0
    [iter 2932077] reheat + diversify: ceiling=0.00, value=156900.0
    [iter 2937830] reheat + diversify: ceiling=0.00, value=187908.0
    [iter 2943583] reheat + diversify: ceiling=0.00, value=141916.0
    [iter 2949336] reheat + diversify: ceiling=0.00, value=173480.0
    [iter 2955089] reheat + diversify: ceiling=0.00, value=174734.0
    [iter 2960842] reheat + diversify: ceiling=0.00, value=189440.0
    [iter 2966595] reheat + diversify: ceiling=0.00, value=174285.0
    [iter 2972348] reheat + diversify: ceiling=0.00, value=174178.0
    [iter 2978101] reheat + diversify: ceiling=0.00, value=191777.0
    [iter 2983854] reheat + diversify: ceiling=0.00, value=178047.0
    [iter 2989607] reheat + diversify: ceiling=0.00, value=144773.0
    [iter 2995360] reheat + diversify: ceiling=0.00, value=172646.0
    [iter 3001113] reheat + diversify: ceiling=0.00, value=160555.0
    [iter 3006866] reheat + diversify: ceiling=0.00, value=151150.0
    [iter 3012619] reheat + diversify: ceiling=0.00, value=188535.0
    [iter 3018372] reheat + diversify: ceiling=0.00, value=168464.0
    [iter 3024125] reheat + diversify: ceiling=0.00, value=163690.0
    [iter 3029878] reheat + diversify: ceiling=0.00, value=164666.0
    [iter 3035631] reheat + diversify: ceiling=0.00, value=179579.0
    [iter 3041384] reheat + diversify: ceiling=0.00, value=194912.0
    [iter 3047137] reheat + diversify: ceiling=0.00, value=181531.0
    [iter 3052890] reheat + diversify: ceiling=0.00, value=147388.0
    [iter 3058643] reheat + diversify: ceiling=0.00, value=176515.0
    [iter 3064396] reheat + diversify: ceiling=0.00, value=169091.0
    [iter 3070149] reheat + diversify: ceiling=0.00, value=167908.0
    [iter 3075902] reheat + diversify: ceiling=0.00, value=171150.0
    [iter 3081655] reheat + diversify: ceiling=0.00, value=165749.0
    [iter 3087408] reheat + diversify: ceiling=0.00, value=160035.0
    [iter 3093161] reheat + diversify: ceiling=0.00, value=176793.0
    [iter 3098914] reheat + diversify: ceiling=0.00, value=184424.0
    [iter 3104667] reheat + diversify: ceiling=0.00, value=159408.0
    [iter 3110420] reheat + diversify: ceiling=0.00, value=153658.0
    [iter 3116173] reheat + diversify: ceiling=0.00, value=150416.0
    [iter 3121926] reheat + diversify: ceiling=0.00, value=151150.0
    [iter 3127679] reheat + diversify: ceiling=0.00, value=185849.0
    [iter 3133432] reheat + diversify: ceiling=0.00, value=184424.0
    [iter 3139185] reheat + diversify: ceiling=0.00, value=179023.0
    [iter 3144938] reheat + diversify: ceiling=0.00, value=155710.0
    [iter 3150691] reheat + diversify: ceiling=0.00, value=155888.0
    [iter 3156444] reheat + diversify: ceiling=0.00, value=146412.0
    [iter 3162197] reheat + diversify: ceiling=0.00, value=156273.0
    [iter 3167950] reheat + diversify: ceiling=0.00, value=168535.0
    [iter 3173703] reheat + diversify: ceiling=0.00, value=189440.0
    [iter 3179456] reheat + diversify: ceiling=0.00, value=174805.0
    [iter 3185209] reheat + diversify: ceiling=0.00, value=186198.0
    [iter 3190962] reheat + diversify: ceiling=0.00, value=191670.0
    [iter 3196715] reheat + diversify: ceiling=0.00, value=159023.0
    [iter 3202468] reheat + diversify: ceiling=0.00, value=124809.0
    [iter 3208221] reheat + diversify: ceiling=0.00, value=181182.0
    [iter 3213974] reheat + diversify: ceiling=0.00, value=179821.0
    [iter 3219727] reheat + diversify: ceiling=0.00, value=151535.0
    [iter 3225480] reheat + diversify: ceiling=0.00, value=175817.0
    [iter 3231233] reheat + diversify: ceiling=0.00, value=159023.0
    [iter 3236986] reheat + diversify: ceiling=0.00, value=172575.0
    [iter 3242739] reheat + diversify: ceiling=0.00, value=168813.0
    [iter 3248492] reheat + diversify: ceiling=0.00, value=168535.0
    [iter 3254245] reheat + diversify: ceiling=0.00, value=158325.0
    [iter 3259998] reheat + diversify: ceiling=0.00, value=156515.0
    [iter 3265751] reheat + diversify: ceiling=0.00, value=190067.0
    [iter 3271504] reheat + diversify: ceiling=0.00, value=178289.0
    [iter 3277257] reheat + diversify: ceiling=0.00, value=174912.0
    [iter 3283010] reheat + diversify: ceiling=0.00, value=189511.0
    [iter 3288763] reheat + diversify: ceiling=0.00, value=146376.0
    [iter 3294516] reheat + diversify: ceiling=0.00, value=147908.0
    [iter 3300269] reheat + diversify: ceiling=0.00, value=156900.0
    [iter 3306022] reheat + diversify: ceiling=0.00, value=171150.0
    [iter 3311775] reheat + diversify: ceiling=0.00, value=166932.0
    [iter 3317528] reheat + diversify: ceiling=0.00, value=143555.0
    [iter 3323281] reheat + diversify: ceiling=0.00, value=154285.0
    [iter 3329034] reheat + diversify: ceiling=0.00, value=191670.0
    [iter 3334787] reheat + diversify: ceiling=0.00, value=175781.0
    [iter 3340540] reheat + diversify: ceiling=0.00, value=196337.0
    [iter 3346293] reheat + diversify: ceiling=0.00, value=179023.0
    [iter 3352046] reheat + diversify: ceiling=0.00, value=172575.0
    [iter 3357799] reheat + diversify: ceiling=0.00, value=172646.0
    [iter 3363552] reheat + diversify: ceiling=0.00, value=166932.0
    [iter 3369305] reheat + diversify: ceiling=0.00, value=171043.0
    [iter 3375058] reheat + diversify: ceiling=0.00, value=152753.0
    [iter 3380811] reheat + diversify: ceiling=0.00, value=164146.0
    [iter 3386564] reheat + diversify: ceiling=0.00, value=181182.0
    [iter 3392317] reheat + diversify: ceiling=0.00, value=182087.0
    [iter 3398070] reheat + diversify: ceiling=0.00, value=177420.0
    [iter 3403823] reheat + diversify: ceiling=0.00, value=159999.0
    [iter 3409576] reheat + diversify: ceiling=0.00, value=191670.0
    [iter 3415329] reheat + diversify: ceiling=0.00, value=184317.0
    [iter 3421082] reheat + diversify: ceiling=0.00, value=176444.0
    [iter 3426835] reheat + diversify: ceiling=0.00, value=162158.0
    [iter 3432588] reheat + diversify: ceiling=0.00, value=165785.0
    [iter 3438341] reheat + diversify: ceiling=0.00, value=149511.0
    [iter 3444094] reheat + diversify: ceiling=0.00, value=194805.0
    [iter 3449847] reheat + diversify: ceiling=0.00, value=169440.0
    [iter 3455600] reheat + diversify: ceiling=0.00, value=194805.0
    [iter 3461353] reheat + diversify: ceiling=0.00, value=194805.0
    [iter 3467106] reheat + diversify: ceiling=0.00, value=175781.0
    [iter 3472859] reheat + diversify: ceiling=0.00, value=166932.0
    [iter 3478612] reheat + diversify: ceiling=0.00, value=162087.0
    [iter 3484365] reheat + diversify: ceiling=0.00, value=165293.0
    [iter 3490118] reheat + diversify: ceiling=0.00, value=195710.0
    [iter 3495871] reheat + diversify: ceiling=0.00, value=184317.0
    [iter 3501624] reheat + diversify: ceiling=0.00, value=145849.0
    [iter 3507377] reheat + diversify: ceiling=0.00, value=186269.0
    [iter 3513130] reheat + diversify: ceiling=0.00, value=201182.0
    [iter 3518883] reheat + diversify: ceiling=0.00, value=156722.0
    [iter 3524636] reheat + diversify: ceiling=0.00, value=174912.0
    [iter 3530389] reheat + diversify: ceiling=0.00, value=200448.0
    [iter 3536142] reheat + diversify: ceiling=0.00, value=156900.0
    [iter 3541895] reheat + diversify: ceiling=0.00, value=163134.0
    [iter 3547648] reheat + diversify: ceiling=0.00, value=165293.0
    [iter 3553401] reheat + diversify: ceiling=0.00, value=165293.0
    [iter 3559154] reheat + diversify: ceiling=0.00, value=171670.0
    [iter 3564907] reheat + diversify: ceiling=0.00, value=173202.0
    [iter 3570660] reheat + diversify: ceiling=0.00, value=180555.0
    [iter 3576413] reheat + diversify: ceiling=0.00, value=163690.0
    [iter 3582166] reheat + diversify: ceiling=0.00, value=184595.0
    [iter 3587919] reheat + diversify: ceiling=0.00, value=165222.0
    [iter 3593672] reheat + diversify: ceiling=0.00, value=193829.0
    [iter 3599425] reheat + diversify: ceiling=0.00, value=161567.0
    [iter 3605178] reheat + diversify: ceiling=0.00, value=186305.0
    [iter 3610931] reheat + diversify: ceiling=0.00, value=165956.0
    [iter 3616684] reheat + diversify: ceiling=0.00, value=184317.0
    [iter 3622437] reheat + diversify: ceiling=0.00, value=156686.0
    [iter 3628190] reheat + diversify: ceiling=0.00, value=156515.0
    [iter 3633943] reheat + diversify: ceiling=0.00, value=183690.0
    [iter 3639696] reheat + diversify: ceiling=0.00, value=154178.0
    [iter 3645449] reheat + diversify: ceiling=0.00, value=177420.0
    [iter 3651202] reheat + diversify: ceiling=0.00, value=166198.0
    [iter 3656955] reheat + diversify: ceiling=0.00, value=144773.0
    [iter 3662708] reheat + diversify: ceiling=0.00, value=167801.0
    [iter 3668461] reheat + diversify: ceiling=0.00, value=180662.0
    [iter 3674214] reheat + diversify: ceiling=0.00, value=189960.0
    [iter 3679967] reheat + diversify: ceiling=0.00, value=186376.0
    [iter 3685720] reheat + diversify: ceiling=0.00, value=155817.0
    [iter 3691473] reheat + diversify: ceiling=0.00, value=156864.0
    [iter 3697226] reheat + diversify: ceiling=0.00, value=175888.0
    [iter 3702979] reheat + diversify: ceiling=0.00, value=199023.0
    [iter 3708732] reheat + diversify: ceiling=0.00, value=183690.0
    [iter 3714485] reheat + diversify: ceiling=0.00, value=180555.0
    [iter 3720238] reheat + diversify: ceiling=0.00, value=186305.0
    [iter 3725991] reheat + diversify: ceiling=0.00, value=197313.0
    [iter 3731744] reheat + diversify: ceiling=0.00, value=183690.0
    [iter 3737497] reheat + diversify: ceiling=0.00, value=185293.0
    [iter 3743250] reheat + diversify: ceiling=0.00, value=192119.0
    [iter 3749003] reheat + diversify: ceiling=0.00, value=182087.0
    [iter 3754756] reheat + diversify: ceiling=0.00, value=180662.0
    [iter 3760509] reheat + diversify: ceiling=0.00, value=158396.0
    [iter 3766262] reheat + diversify: ceiling=0.00, value=175190.0
    [iter 3772015] reheat + diversify: ceiling=0.00, value=168535.0
    [iter 3777768] reheat + diversify: ceiling=0.00, value=153551.0
    [iter 3783521] reheat + diversify: ceiling=0.00, value=162158.0
    [iter 3789274] reheat + diversify: ceiling=0.00, value=204317.0
    [iter 3795027] reheat + diversify: ceiling=0.00, value=156864.0
    [iter 3800780] reheat + diversify: ceiling=0.00, value=186198.0
    [iter 3806533] reheat + diversify: ceiling=0.00, value=174178.0
    [iter 3812286] reheat + diversify: ceiling=0.00, value=171150.0
    [iter 3818039] reheat + diversify: ceiling=0.00, value=151043.0
    [iter 3823792] reheat + diversify: ceiling=0.00, value=135297.0
    [iter 3829545] reheat + diversify: ceiling=0.00, value=140662.0
    [iter 3835298] reheat + diversify: ceiling=0.00, value=183690.0
    [iter 3841051] reheat + diversify: ceiling=0.00, value=204317.0
    [iter 3846804] reheat + diversify: ceiling=0.00, value=163341.0
    [iter 3852557] reheat + diversify: ceiling=0.00, value=177420.0
    [iter 3858310] reheat + diversify: ceiling=0.00, value=171043.0
    [iter 3864063] reheat + diversify: ceiling=0.00, value=168535.0
    [iter 3869816] reheat + diversify: ceiling=0.00, value=166376.0
    [iter 3875569] reheat + diversify: ceiling=0.00, value=195888.0
    [iter 3881322] reheat + diversify: ceiling=0.00, value=180555.0
    [iter 3887075] reheat + diversify: ceiling=0.00, value=163134.0
    [iter 3892828] reheat + diversify: ceiling=0.00, value=145158.0
    [iter 3898581] reheat + diversify: ceiling=0.00, value=140555.0
    [iter 3904334] reheat + diversify: ceiling=0.00, value=165293.0
    [iter 3910087] reheat + diversify: ceiling=0.00, value=175781.0
    [iter 3915840] reheat + diversify: ceiling=0.00, value=191150.0
    [iter 3921593] reheat + diversify: ceiling=0.00, value=184424.0
    [iter 3927346] reheat + diversify: ceiling=0.00, value=148535.0
    [iter 3933099] reheat + diversify: ceiling=0.00, value=159023.0
    [iter 3938852] reheat + diversify: ceiling=0.00, value=165293.0
    [iter 3944605] reheat + diversify: ceiling=0.00, value=182087.0
    [iter 3950358] reheat + diversify: ceiling=0.00, value=155888.0
    [iter 3956111] reheat + diversify: ceiling=0.00, value=140662.0
    [iter 3961864] reheat + diversify: ceiling=0.00, value=165293.0
    [iter 3967617] reheat + diversify: ceiling=0.00, value=194178.0
    [iter 3973370] reheat + diversify: ceiling=0.00, value=188984.0
    [iter 3979123] reheat + diversify: ceiling=0.00, value=157313.0
    [iter 3984876] reheat + diversify: ceiling=0.00, value=164666.0
    [iter 3990629] reheat + diversify: ceiling=0.00, value=148015.0
    [iter 3996382] reheat + diversify: ceiling=0.00, value=186305.0
    [iter 4002135] reheat + diversify: ceiling=0.00, value=163797.0
    [iter 4007888] reheat + diversify: ceiling=0.00, value=171043.0
    [iter 4013641] reheat + diversify: ceiling=0.00, value=171150.0
    [iter 4019394] reheat + diversify: ceiling=0.00, value=194805.0
    [iter 4025147] reheat + diversify: ceiling=0.00, value=154805.0
    [iter 4030900] reheat + diversify: ceiling=0.00, value=166305.0
    [iter 4036653] reheat + diversify: ceiling=0.00, value=171777.0
    [iter 4042406] reheat + diversify: ceiling=0.00, value=166932.0
    [iter 4048159] reheat + diversify: ceiling=0.00, value=170067.0
    [iter 4053912] reheat + diversify: ceiling=0.00, value=169511.0
    [iter 4059665] reheat + diversify: ceiling=0.00, value=165785.0
    [iter 4065418] reheat + diversify: ceiling=0.00, value=191670.0
    [iter 4071171] reheat + diversify: ceiling=0.00, value=174805.0
    [iter 4076924] reheat + diversify: ceiling=0.00, value=185849.0
    [iter 4082677] reheat + diversify: ceiling=0.00, value=155924.0
    [iter 4088430] reheat + diversify: ceiling=0.00, value=182714.0
    [iter 4094183] reheat + diversify: ceiling=0.00, value=180555.0
    [iter 4099936] reheat + diversify: ceiling=0.00, value=173202.0
    [iter 4105689] reheat + diversify: ceiling=0.00, value=180662.0
    [iter 4111442] reheat + diversify: ceiling=0.00, value=200555.0
    [iter 4117195] reheat + diversify: ceiling=0.00, value=159928.0
    [iter 4122948] reheat + diversify: ceiling=0.00, value=194805.0
    [iter 4128701] reheat + diversify: ceiling=0.00, value=145400.0
    [iter 4134454] reheat + diversify: ceiling=0.00, value=173658.0
    [iter 4140207] reheat + diversify: ceiling=0.00, value=187908.0
    [iter 4145960] reheat + diversify: ceiling=0.00, value=157976.0
    [iter 4151713] reheat + diversify: ceiling=0.00, value=185222.0
    [iter 4156128] *** NEW BEST: value 207003.0, boxes 16/20, T=1729.2, elapsed=754.5s
    [iter 4161881] reheat + diversify: ceiling=0.00, value=166198.0
    [iter 4167634] reheat + diversify: ceiling=0.00, value=196337.0
    [iter 4173387] reheat + diversify: ceiling=0.00, value=178289.0
    [iter 4179140] reheat + diversify: ceiling=0.00, value=135888.0
    [iter 4184893] reheat + diversify: ceiling=0.00, value=194912.0
    [iter 4190646] reheat + diversify: ceiling=0.00, value=191670.0
    [iter 4196399] reheat + diversify: ceiling=0.00, value=192575.0
    [iter 4202152] reheat + diversify: ceiling=0.00, value=154912.0
    [iter 4207905] reheat + diversify: ceiling=0.00, value=196337.0
    [iter 4213658] reheat + diversify: ceiling=0.00, value=148535.0
    [iter 4219411] reheat + diversify: ceiling=0.00, value=193829.0
    [iter 4225164] reheat + diversify: ceiling=0.00, value=170694.0
    [iter 4230917] reheat + diversify: ceiling=0.00, value=186825.0
    [iter 4236670] reheat + diversify: ceiling=0.00, value=175781.0
    [iter 4242423] reheat + diversify: ceiling=0.00, value=171043.0
    [iter 4248176] reheat + diversify: ceiling=0.00, value=175888.0
    [iter 4253929] reheat + diversify: ceiling=0.00, value=156722.0
    [iter 4259682] reheat + diversify: ceiling=0.00, value=175888.0
    [iter 4265435] reheat + diversify: ceiling=0.00, value=177869.0
    [iter 4271188] reheat + diversify: ceiling=0.00, value=172646.0
    [iter 4276941] reheat + diversify: ceiling=0.00, value=192575.0
    [iter 4282694] reheat + diversify: ceiling=0.00, value=184317.0
    [iter 4288447] reheat + diversify: ceiling=0.00, value=188535.0
    [iter 4294200] reheat + diversify: ceiling=0.00, value=197420.0
    [iter 4299953] reheat + diversify: ceiling=0.00, value=159650.0
    [iter 4305706] reheat + diversify: ceiling=0.00, value=182265.0
    [iter 4311459] reheat + diversify: ceiling=0.00, value=197420.0
    [iter 4317212] reheat + diversify: ceiling=0.00, value=171777.0
    [iter 4322965] reheat + diversify: ceiling=0.00, value=175710.0
    [iter 4328718] reheat + diversify: ceiling=0.00, value=185400.0
    [iter 4334471] reheat + diversify: ceiling=0.00, value=189960.0
    [iter 4340224] reheat + diversify: ceiling=0.00, value=173551.0
    [iter 4345977] reheat + diversify: ceiling=0.00, value=170972.0
    [iter 4351730] reheat + diversify: ceiling=0.00, value=194912.0
    [iter 4357483] reheat + diversify: ceiling=0.00, value=164075.0
    [iter 4363236] reheat + diversify: ceiling=0.00, value=153202.0
    [iter 4368989] reheat + diversify: ceiling=0.00, value=186932.0
    [iter 4374742] reheat + diversify: ceiling=0.00, value=192404.0
    [iter 4380495] reheat + diversify: ceiling=0.00, value=190694.0
    [iter 4386248] reheat + diversify: ceiling=0.00, value=167559.0
    [iter 4392001] reheat + diversify: ceiling=0.00, value=161182.0
    [iter 4397754] reheat + diversify: ceiling=0.00, value=199023.0
    [iter 4403507] reheat + diversify: ceiling=0.00, value=190694.0
    [iter 4409260] reheat + diversify: ceiling=0.00, value=184317.0
    [iter 4415013] reheat + diversify: ceiling=0.00, value=155924.0
    [iter 4420766] reheat + diversify: ceiling=0.00, value=185293.0
    [iter 4426519] reheat + diversify: ceiling=0.00, value=149511.0
    [iter 4432272] reheat + diversify: ceiling=0.00, value=174178.0
    [iter 4438025] reheat + diversify: ceiling=0.00, value=149511.0
    [iter 4443778] reheat + diversify: ceiling=0.00, value=171599.0
    [iter 4449531] reheat + diversify: ceiling=0.00, value=191150.0
    [iter 4455284] reheat + diversify: ceiling=0.00, value=194178.0
    [iter 4461037] reheat + diversify: ceiling=0.00, value=179023.0
    [iter 4466790] reheat + diversify: ceiling=0.00, value=175190.0
    [iter 4472543] reheat + diversify: ceiling=0.00, value=183797.0
    [iter 4478296] reheat + diversify: ceiling=0.00, value=138503.0
    [iter 4484049] reheat + diversify: ceiling=0.00, value=172646.0
    [iter 4489802] reheat + diversify: ceiling=0.00, value=158952.0
    [iter 4495555] reheat + diversify: ceiling=0.00, value=185293.0
    [iter 4501308] reheat + diversify: ceiling=0.00, value=174805.0
    [iter 4507061] reheat + diversify: ceiling=0.00, value=179023.0
    [iter 4512814] reheat + diversify: ceiling=0.00, value=180555.0
    [iter 4518567] reheat + diversify: ceiling=0.00, value=162087.0
    [iter 4524320] reheat + diversify: ceiling=0.00, value=149896.0
    [iter 4530073] reheat + diversify: ceiling=0.00, value=147908.0
    [iter 4535826] reheat + diversify: ceiling=0.00, value=175539.0
    [iter 4541579] reheat + diversify: ceiling=0.00, value=151535.0
    [iter 4547332] reheat + diversify: ceiling=0.00, value=182087.0
    [iter 4553085] reheat + diversify: ceiling=0.00, value=183690.0
    [iter 4558838] reheat + diversify: ceiling=0.00, value=197313.0
    [iter 4564591] reheat + diversify: ceiling=0.00, value=165400.0
    [iter 4570344] reheat + diversify: ceiling=0.00, value=180555.0
    [iter 4576097] reheat + diversify: ceiling=0.00, value=197313.0
    [iter 4581850] reheat + diversify: ceiling=0.00, value=163690.0
    [iter 4587603] reheat + diversify: ceiling=0.00, value=157313.0
    [iter 4593356] reheat + diversify: ceiling=0.00, value=152126.0
    [iter 4599109] reheat + diversify: ceiling=0.00, value=140555.0
    [iter 4604862] reheat + diversify: ceiling=0.00, value=162714.0
    [iter 4610615] reheat + diversify: ceiling=0.00, value=164424.0
    [iter 4616368] reheat + diversify: ceiling=0.00, value=136793.0
    [iter 4622121] reheat + diversify: ceiling=0.00, value=183170.0
    [iter 4627874] reheat + diversify: ceiling=0.00, value=201182.0
    [iter 4633627] reheat + diversify: ceiling=0.00, value=197420.0
    [iter 4639380] reheat + diversify: ceiling=0.00, value=185400.0
    [iter 4645133] reheat + diversify: ceiling=0.00, value=157698.0
    [iter 4650886] reheat + diversify: ceiling=0.00, value=162158.0
    [iter 4656639] reheat + diversify: ceiling=0.00, value=164424.0
    [iter 4662392] reheat + diversify: ceiling=0.00, value=164773.0
    [iter 4668145] reheat + diversify: ceiling=0.00, value=168535.0
    [iter 4673898] reheat + diversify: ceiling=0.00, value=145158.0
    [iter 4679651] reheat + diversify: ceiling=0.00, value=191043.0
    [iter 4685404] reheat + diversify: ceiling=0.00, value=169511.0
    [iter 4691157] reheat + diversify: ceiling=0.00, value=164246.0
    [iter 4696910] reheat + diversify: ceiling=0.00, value=196337.0
    [iter 4702663] reheat + diversify: ceiling=0.00, value=175888.0
    [iter 4708416] reheat + diversify: ceiling=0.00, value=186825.0
    [iter 4714169] reheat + diversify: ceiling=0.00, value=155781.0
    [iter 4719922] reheat + diversify: ceiling=0.00, value=183241.0
    [iter 4725675] reheat + diversify: ceiling=0.00, value=169511.0
    [iter 4731428] reheat + diversify: ceiling=0.00, value=178952.0
    [iter 4737181] reheat + diversify: ceiling=0.00, value=185849.0
    [iter 4742934] reheat + diversify: ceiling=0.00, value=163170.0
    [iter 4748687] reheat + diversify: ceiling=0.00, value=176444.0
    [iter 4754440] reheat + diversify: ceiling=0.00, value=146690.0
    [iter 4760193] reheat + diversify: ceiling=0.00, value=165293.0
    [iter 4765946] reheat + diversify: ceiling=0.00, value=151670.0
    [iter 4771699] reheat + diversify: ceiling=0.00, value=160904.0
    [iter 4777452] reheat + diversify: ceiling=0.00, value=156900.0
    [iter 4783205] reheat + diversify: ceiling=0.00, value=140662.0
    [iter 4788958] reheat + diversify: ceiling=0.00, value=205293.0
    [iter 4794711] reheat + diversify: ceiling=0.00, value=167908.0
    [iter 4800464] reheat + diversify: ceiling=0.00, value=167210.0
    [iter 4806217] reheat + diversify: ceiling=0.00, value=155888.0
    [iter 4811970] reheat + diversify: ceiling=0.00, value=183170.0
    [iter 4817723] reheat + diversify: ceiling=0.00, value=152646.0
    [iter 4823476] reheat + diversify: ceiling=0.00, value=172646.0
    [iter 4829229] reheat + diversify: ceiling=0.00, value=183690.0
    [iter 4834982] reheat + diversify: ceiling=0.00, value=166932.0
    [iter 4840735] reheat + diversify: ceiling=0.00, value=162265.0
    [iter 4846488] reheat + diversify: ceiling=0.00, value=192575.0
    [iter 4852241] reheat + diversify: ceiling=0.00, value=170067.0
    [iter 4857994] reheat + diversify: ceiling=0.00, value=183690.0
    [iter 4863747] reheat + diversify: ceiling=0.00, value=194805.0
    [iter 4869500] reheat + diversify: ceiling=0.00, value=172646.0
    [iter 4875253] reheat + diversify: ceiling=0.00, value=150523.0
    [iter 4881006] reheat + diversify: ceiling=0.00, value=148920.0
    [iter 4886759] reheat + diversify: ceiling=0.00, value=168535.0
    [iter 4892512] reheat + diversify: ceiling=0.00, value=162158.0
    [iter 4898265] reheat + diversify: ceiling=0.00, value=152646.0
    [iter 4904018] reheat + diversify: ceiling=0.00, value=182087.0
    [iter 4909771] reheat + diversify: ceiling=0.00, value=205293.0
    [iter 4915524] reheat + diversify: ceiling=0.00, value=167559.0
    [iter 4921277] reheat + diversify: ceiling=0.00, value=166932.0
    [iter 4927030] reheat + diversify: ceiling=0.00, value=200448.0
    [iter 4932783] reheat + diversify: ceiling=0.00, value=166269.0
    [iter 4938536] reheat + diversify: ceiling=0.00, value=190694.0
    [iter 4944289] reheat + diversify: ceiling=0.00, value=185400.0
    [iter 4950042] reheat + diversify: ceiling=0.00, value=161638.0
    [iter 4955795] reheat + diversify: ceiling=0.00, value=197420.0
    [iter 4961548] reheat + diversify: ceiling=0.00, value=184773.0
    [iter 4967301] reheat + diversify: ceiling=0.00, value=186825.0
    [iter 4973054] reheat + diversify: ceiling=0.00, value=171043.0
  time limit reached at iteration 4974634
  SA finished: 4974634 iterations in 900.0s (5527 it/s), accepted 2705085 (54.4%), rejected 2269548, neutral 2320979 (46.7%), worsening accepted 14.5%, no-move draws 0, reheats 862
  SA: value 207003.0 (greedy 152960.0, +54043.0), bound 246440.0, gap 16.00%, util 86.7%
  report -> /home/mcaspar/3DMHKP/results_3DMHKP_ep3/ep3-20-F-C-90-3DMHKP-SA-a0.999-r0.25-t900s.txt

================================================================================================
SUMMARY
================================================================================================
instance      boxes  packed       greedy     SA value        bound      gap    util    iters    time
------------------------------------------------------------------------------------------------
ep3-20-F-C-90     20      16     152960.0     207003.0     246440.0   16.0%   86.7%  4974634  900.0s
------------------------------------------------------------------------------------------------
proven optimal (value reaches the upper bound): 0/1
improved over greedy: 1/1 (total value 152960.0 -> 207003.0, +35.33%)
mean gap to 0-1 knapsack bound: 16.0%
mean volume utilization: 86.7%
