============================================================
  Solver:     3DMHKP-SA.py
  Instance:   /home/mcaspar/3DMHKP/Egeblad/ep3-40-C-C-50.txt
  Value mode: flat
  Timelimit:  900s
  Reports:    /home/mcaspar/3DMHKP/results_3DMHKP_ep3
  CPUs:       1
============================================================
======================================================================
3DMHKP Simulated Annealing (random single-neighbour, sequence decoder)
SA params: T0=5% of f(S_0), alpha=0.999, T_min=0.001, reheat_threshold=5753, reheat_fraction=0.25
Move weights: {'relocate': 0.0, 'swap': 1.0, '2opt': 0.0, 'promote': 1.5, 'demote': 1.5, 'orient': 1.0, 'container': 0.5}
Time limit: 900.0s per instance, seed 370019186
======================================================================

======================================================================
ep3-40-C-C-50: 40 boxes (5 types), 1 containers (1 types)
  0-1 knapsack bound: 224754.0 (continuous relaxation: 227029.5)
  initial (value-density) decode: value 73100.0 (20/40 boxes)
  T0 = 11891.5 (calibrated, 95 worsening draws, target accept 35%)
  schedule: time-based, T0 -> 2710.87 over 900s
    [iter 1] *** NEW BEST: value 74083.0, boxes 20/40, T=11891.5, elapsed=0.2s
    [iter 2] *** NEW BEST: value 114484.0, boxes 23/40, T=11887.4, elapsed=0.2s
    [iter 24] *** NEW BEST: value 141418.0, boxes 25/40, T=11887.4, elapsed=0.2s
    [iter 5777] reheat + diversify: ceiling=2972.88, value=102000.0
    [iter 11530] reheat + diversify: ceiling=2675.60, value=50980.0
    [iter 17283] reheat + diversify: ceiling=2408.04, value=126968.0
    [iter 23036] reheat + diversify: ceiling=2167.23, value=90398.0
    [iter 28789] reheat + diversify: ceiling=1950.51, value=96199.0
    [iter 34542] reheat + diversify: ceiling=1755.46, value=96199.0
    [iter 40295] reheat + diversify: ceiling=1579.91, value=50980.0
    [iter 46048] reheat + diversify: ceiling=1421.92, value=50980.0
    [iter 51801] reheat + diversify: ceiling=1279.73, value=50980.0
    [iter 57554] reheat + diversify: ceiling=1151.76, value=45179.0
    [iter 63307] reheat + diversify: ceiling=1036.58, value=90398.0
    [iter 69060] reheat + diversify: ceiling=932.92, value=45179.0
    [iter 74813] reheat + diversify: ceiling=839.63, value=69265.0
    [iter 80566] reheat + diversify: ceiling=755.67, value=102000.0
    [iter 86319] reheat + diversify: ceiling=680.10, value=63464.0
    [iter 92072] reheat + diversify: ceiling=612.09, value=96199.0
    [iter 97825] reheat + diversify: ceiling=550.88, value=88533.0
    [iter 103578] reheat + diversify: ceiling=495.79, value=102000.0
    [iter 109331] reheat + diversify: ceiling=446.21, value=96199.0
    [iter 115084] reheat + diversify: ceiling=401.59, value=50980.0
    [iter 120837] reheat + diversify: ceiling=361.43, value=102000.0
    [iter 126590] reheat + diversify: ceiling=325.29, value=82732.0
    [iter 132343] reheat + diversify: ceiling=292.76, value=56781.0
    [iter 138096] reheat + diversify: ceiling=263.48, value=82732.0
    [iter 143849] reheat + diversify: ceiling=237.14, value=88533.0
    [iter 149602] reheat + diversify: ceiling=213.42, value=96199.0
    [iter 155355] reheat + diversify: ceiling=192.08, value=96199.0
    [iter 161108] reheat + diversify: ceiling=172.87, value=96199.0
    [iter 166861] reheat + diversify: ceiling=155.59, value=90398.0
    [iter 172614] reheat + diversify: ceiling=140.03, value=90398.0
    [iter 178367] reheat + diversify: ceiling=126.02, value=69265.0
    [iter 184120] reheat + diversify: ceiling=113.42, value=96199.0
    [iter 189873] reheat + diversify: ceiling=102.08, value=50980.0
    [iter 195626] reheat + diversify: ceiling=91.87, value=102000.0
    [iter 201379] reheat + diversify: ceiling=82.68, value=102000.0
    [iter 207132] reheat + diversify: ceiling=74.42, value=82732.0
    [iter 212885] reheat + diversify: ceiling=66.97, value=102000.0
    [iter 218638] reheat + diversify: ceiling=60.28, value=96199.0
    [iter 224391] reheat + diversify: ceiling=54.25, value=96199.0
    [iter 230144] reheat + diversify: ceiling=48.82, value=141418.0
    [iter 235897] reheat + diversify: ceiling=43.94, value=50980.0
    [iter 241650] reheat + diversify: ceiling=39.55, value=96199.0
    [iter 247403] reheat + diversify: ceiling=35.59, value=90398.0
    [iter 253156] reheat + diversify: ceiling=32.03, value=56781.0
    [iter 258909] reheat + diversify: ceiling=28.83, value=96199.0
    [iter 264662] reheat + diversify: ceiling=25.95, value=56781.0
    [iter 270415] reheat + diversify: ceiling=23.35, value=96199.0
    [iter 276168] reheat + diversify: ceiling=21.02, value=96199.0
    [iter 281921] reheat + diversify: ceiling=18.92, value=50980.0
    [iter 287674] reheat + diversify: ceiling=17.02, value=76931.0
    [iter 293427] reheat + diversify: ceiling=15.32, value=82732.0
    [iter 299180] reheat + diversify: ceiling=13.79, value=50980.0
    [iter 304933] reheat + diversify: ceiling=12.41, value=50980.0
    [iter 310686] reheat + diversify: ceiling=11.17, value=96199.0
    [iter 316439] reheat + diversify: ceiling=10.05, value=82732.0
    [iter 322192] reheat + diversify: ceiling=9.05, value=56781.0
    [iter 327945] reheat + diversify: ceiling=8.14, value=90398.0
    [iter 333698] reheat + diversify: ceiling=7.33, value=102000.0
    [iter 339451] reheat + diversify: ceiling=6.60, value=102000.0
    [iter 345204] reheat + diversify: ceiling=5.94, value=45179.0
    [iter 350957] reheat + diversify: ceiling=5.34, value=76931.0
    [iter 356710] reheat + diversify: ceiling=4.81, value=96199.0
    [iter 362463] reheat + diversify: ceiling=4.33, value=90398.0
    [iter 368216] reheat + diversify: ceiling=3.89, value=96199.0
    [iter 373969] reheat + diversify: ceiling=3.51, value=96199.0
    [iter 379722] reheat + diversify: ceiling=3.15, value=102000.0
    [iter 385475] reheat + diversify: ceiling=2.84, value=102000.0
    [iter 391228] reheat + diversify: ceiling=2.56, value=50980.0
    [iter 396981] reheat + diversify: ceiling=2.30, value=96199.0
    [iter 402734] reheat + diversify: ceiling=2.07, value=96199.0
    [iter 408487] reheat + diversify: ceiling=1.86, value=50980.0
    [iter 414240] reheat + diversify: ceiling=1.68, value=90398.0
    [iter 419993] reheat + diversify: ceiling=1.51, value=82732.0
    [iter 425746] reheat + diversify: ceiling=1.36, value=90398.0
    [iter 431499] reheat + diversify: ceiling=1.22, value=135617.0
    [iter 437252] reheat + diversify: ceiling=1.10, value=56781.0
    [iter 443005] reheat + diversify: ceiling=0.99, value=56781.0
    [iter 448758] reheat + diversify: ceiling=0.89, value=50980.0
    [iter 454511] reheat + diversify: ceiling=0.80, value=96199.0
    [iter 460264] reheat + diversify: ceiling=0.72, value=56781.0
    [iter 466017] reheat + diversify: ceiling=0.65, value=96199.0
    [iter 471770] reheat + diversify: ceiling=0.58, value=69265.0
    [iter 477523] reheat + diversify: ceiling=0.53, value=102000.0
    [iter 483276] reheat + diversify: ceiling=0.47, value=75066.0
    [iter 489029] reheat + diversify: ceiling=0.43, value=88533.0
    [iter 494782] reheat + diversify: ceiling=0.38, value=50980.0
    [iter 500535] reheat + diversify: ceiling=0.35, value=102000.0
    [iter 506288] reheat + diversify: ceiling=0.31, value=96199.0
    [iter 512041] reheat + diversify: ceiling=0.28, value=96199.0
    [iter 517794] reheat + diversify: ceiling=0.25, value=96199.0
    [iter 523547] reheat + diversify: ceiling=0.23, value=96199.0
    [iter 529300] reheat + diversify: ceiling=0.20, value=82732.0
    [iter 535053] reheat + diversify: ceiling=0.18, value=56781.0
    [iter 540806] reheat + diversify: ceiling=0.17, value=126968.0
    [iter 546559] reheat + diversify: ceiling=0.15, value=96199.0
    [iter 552312] reheat + diversify: ceiling=0.13, value=96199.0
    [iter 558065] reheat + diversify: ceiling=0.12, value=96199.0
    [iter 563818] reheat + diversify: ceiling=0.11, value=102000.0
    [iter 569571] reheat + diversify: ceiling=0.10, value=96199.0
    [iter 575324] reheat + diversify: ceiling=0.09, value=50980.0
    [iter 581077] reheat + diversify: ceiling=0.08, value=82732.0
    [iter 586830] reheat + diversify: ceiling=0.07, value=50980.0
    [iter 592583] reheat + diversify: ceiling=0.06, value=50980.0
    [iter 598336] reheat + diversify: ceiling=0.06, value=56781.0
    [iter 604089] reheat + diversify: ceiling=0.05, value=88533.0
    [iter 609842] reheat + diversify: ceiling=0.05, value=96199.0
    [iter 615595] reheat + diversify: ceiling=0.04, value=96199.0
    [iter 621348] reheat + diversify: ceiling=0.04, value=82732.0
    [iter 627101] reheat + diversify: ceiling=0.03, value=50980.0
    [iter 632854] reheat + diversify: ceiling=0.03, value=102000.0
    [iter 638607] reheat + diversify: ceiling=0.03, value=56781.0
    [iter 644360] reheat + diversify: ceiling=0.02, value=96199.0
    [iter 650113] reheat + diversify: ceiling=0.02, value=63464.0
    [iter 655866] reheat + diversify: ceiling=0.02, value=88533.0
    [iter 661619] reheat + diversify: ceiling=0.02, value=96199.0
    [iter 667372] reheat + diversify: ceiling=0.02, value=56781.0
    [iter 673125] reheat + diversify: ceiling=0.01, value=96199.0
    [iter 678878] reheat + diversify: ceiling=0.01, value=90398.0
    [iter 684631] reheat + diversify: ceiling=0.01, value=102000.0
    [iter 690384] reheat + diversify: ceiling=0.01, value=56781.0
    [iter 696137] reheat + diversify: ceiling=0.01, value=90398.0
    [iter 701890] reheat + diversify: ceiling=0.01, value=82732.0
    [iter 707643] reheat + diversify: ceiling=0.01, value=90398.0
    [iter 713396] reheat + diversify: ceiling=0.01, value=96199.0
    [iter 719149] reheat + diversify: ceiling=0.01, value=75066.0
    [iter 724902] reheat + diversify: ceiling=0.01, value=82732.0
    [iter 730655] reheat + diversify: ceiling=0.01, value=50980.0
    [iter 736408] reheat + diversify: ceiling=0.00, value=62582.0
    [iter 742161] reheat + diversify: ceiling=0.00, value=96199.0
    [iter 747914] reheat + diversify: ceiling=0.00, value=96199.0
    [iter 753667] reheat + diversify: ceiling=0.00, value=82732.0
    [iter 759420] reheat + diversify: ceiling=0.00, value=96199.0
    [iter 765173] reheat + diversify: ceiling=0.00, value=102000.0
    [iter 770926] reheat + diversify: ceiling=0.00, value=56781.0
    [iter 776679] reheat + diversify: ceiling=0.00, value=102000.0
    [iter 782432] reheat + diversify: ceiling=0.00, value=82732.0
    [iter 788185] reheat + diversify: ceiling=0.00, value=102000.0
    [iter 793938] reheat + diversify: ceiling=0.00, value=102000.0
    [iter 799691] reheat + diversify: ceiling=0.00, value=96199.0
    [iter 805444] reheat + diversify: ceiling=0.00, value=63464.0
    [iter 811197] reheat + diversify: ceiling=0.00, value=88533.0
    [iter 816950] reheat + diversify: ceiling=0.00, value=50980.0
    [iter 822703] reheat + diversify: ceiling=0.00, value=90398.0
    [iter 828456] reheat + diversify: ceiling=0.00, value=96199.0
    [iter 834209] reheat + diversify: ceiling=0.00, value=96199.0
    [iter 839962] reheat + diversify: ceiling=0.00, value=102000.0
    [iter 845715] reheat + diversify: ceiling=0.00, value=90398.0
    [iter 851468] reheat + diversify: ceiling=0.00, value=76931.0
    [iter 857221] reheat + diversify: ceiling=0.00, value=63464.0
    [iter 862974] reheat + diversify: ceiling=0.00, value=50980.0
    [iter 868727] reheat + diversify: ceiling=0.00, value=50980.0
    [iter 874480] reheat + diversify: ceiling=0.00, value=102000.0
    [iter 880233] reheat + diversify: ceiling=0.00, value=50980.0
    [iter 885986] reheat + diversify: ceiling=0.00, value=82732.0
    [iter 891739] reheat + diversify: ceiling=0.00, value=96199.0
    [iter 897492] reheat + diversify: ceiling=0.00, value=102000.0
    [iter 903245] reheat + diversify: ceiling=0.00, value=90398.0
    [iter 908998] reheat + diversify: ceiling=0.00, value=56781.0
    [iter 914751] reheat + diversify: ceiling=0.00, value=102000.0
    [iter 920504] reheat + diversify: ceiling=0.00, value=56781.0
    [iter 926257] reheat + diversify: ceiling=0.00, value=96199.0
    [iter 932010] reheat + diversify: ceiling=0.00, value=102000.0
    [iter 937763] reheat + diversify: ceiling=0.00, value=102000.0
    [iter 943516] reheat + diversify: ceiling=0.00, value=50980.0
    [iter 949269] reheat + diversify: ceiling=0.00, value=82732.0
    [iter 955022] reheat + diversify: ceiling=0.00, value=96199.0
    [iter 960775] reheat + diversify: ceiling=0.00, value=56781.0
    [iter 966528] reheat + diversify: ceiling=0.00, value=76931.0
    [iter 972281] reheat + diversify: ceiling=0.00, value=82732.0
    [iter 978034] reheat + diversify: ceiling=0.00, value=102000.0
    [iter 983787] reheat + diversify: ceiling=0.00, value=96199.0
    [iter 989540] reheat + diversify: ceiling=0.00, value=102000.0
    [iter 995293] reheat + diversify: ceiling=0.00, value=90398.0
    [iter 1001046] reheat + diversify: ceiling=0.00, value=75066.0
    [iter 1006799] reheat + diversify: ceiling=0.00, value=96199.0
    [iter 1012552] reheat + diversify: ceiling=0.00, value=102000.0
    [iter 1018305] reheat + diversify: ceiling=0.00, value=56781.0
    [iter 1024058] reheat + diversify: ceiling=0.00, value=82732.0
    [iter 1029811] reheat + diversify: ceiling=0.00, value=102000.0
    [iter 1035564] reheat + diversify: ceiling=0.00, value=90398.0
    [iter 1041317] reheat + diversify: ceiling=0.00, value=96199.0
    [iter 1047070] reheat + diversify: ceiling=0.00, value=90398.0
    [iter 1052823] reheat + diversify: ceiling=0.00, value=114484.0
    [iter 1058576] reheat + diversify: ceiling=0.00, value=126968.0
    [iter 1064329] reheat + diversify: ceiling=0.00, value=88533.0
    [iter 1070082] reheat + diversify: ceiling=0.00, value=62582.0
    [iter 1075835] reheat + diversify: ceiling=0.00, value=102000.0
    [iter 1081588] reheat + diversify: ceiling=0.00, value=56781.0
    [iter 1087341] reheat + diversify: ceiling=0.00, value=82732.0
    [iter 1093094] reheat + diversify: ceiling=0.00, value=82732.0
    [iter 1098847] reheat + diversify: ceiling=0.00, value=96199.0
    [iter 1104600] reheat + diversify: ceiling=0.00, value=69265.0
    [iter 1110353] reheat + diversify: ceiling=0.00, value=69265.0
    [iter 1116106] reheat + diversify: ceiling=0.00, value=96199.0
    [iter 1121859] reheat + diversify: ceiling=0.00, value=50980.0
    [iter 1127612] reheat + diversify: ceiling=0.00, value=63464.0
    [iter 1133365] reheat + diversify: ceiling=0.00, value=56781.0
    [iter 1139118] reheat + diversify: ceiling=0.00, value=45179.0
    [iter 1144871] reheat + diversify: ceiling=0.00, value=114484.0
    [iter 1150624] reheat + diversify: ceiling=0.00, value=82732.0
    [iter 1156377] reheat + diversify: ceiling=0.00, value=90398.0
    [iter 1162130] reheat + diversify: ceiling=0.00, value=135617.0
    [iter 1167883] reheat + diversify: ceiling=0.00, value=56781.0
    [iter 1173636] reheat + diversify: ceiling=0.00, value=96199.0
    [iter 1179389] reheat + diversify: ceiling=0.00, value=96199.0
    [iter 1185142] reheat + diversify: ceiling=0.00, value=90398.0
    [iter 1190895] reheat + diversify: ceiling=0.00, value=63464.0
    [iter 1196648] reheat + diversify: ceiling=0.00, value=50980.0
    [iter 1202401] reheat + diversify: ceiling=0.00, value=50980.0
    [iter 1208154] reheat + diversify: ceiling=0.00, value=62582.0
    [iter 1213907] reheat + diversify: ceiling=0.00, value=50980.0
    [iter 1219660] reheat + diversify: ceiling=0.00, value=56781.0
    [iter 1225413] reheat + diversify: ceiling=0.00, value=96199.0
    [iter 1231166] reheat + diversify: ceiling=0.00, value=56781.0
    [iter 1236919] reheat + diversify: ceiling=0.00, value=102000.0
    [iter 1242672] reheat + diversify: ceiling=0.00, value=50980.0
    [iter 1248425] reheat + diversify: ceiling=0.00, value=69265.0
    [iter 1254178] reheat + diversify: ceiling=0.00, value=96199.0
    [iter 1259931] reheat + diversify: ceiling=0.00, value=76931.0
    [iter 1265684] reheat + diversify: ceiling=0.00, value=96199.0
    [iter 1271437] reheat + diversify: ceiling=0.00, value=63464.0
    [iter 1277190] reheat + diversify: ceiling=0.00, value=90398.0
    [iter 1282943] reheat + diversify: ceiling=0.00, value=90398.0
    [iter 1288696] reheat + diversify: ceiling=0.00, value=82732.0
    [iter 1294449] reheat + diversify: ceiling=0.00, value=96199.0
    [iter 1300202] reheat + diversify: ceiling=0.00, value=90398.0
    [iter 1305955] reheat + diversify: ceiling=0.00, value=56781.0
    [iter 1311708] reheat + diversify: ceiling=0.00, value=50980.0
    [iter 1317461] reheat + diversify: ceiling=0.00, value=96199.0
    [iter 1323214] reheat + diversify: ceiling=0.00, value=76931.0
    [iter 1328967] reheat + diversify: ceiling=0.00, value=96199.0
    [iter 1334720] reheat + diversify: ceiling=0.00, value=90398.0
    [iter 1340473] reheat + diversify: ceiling=0.00, value=96199.0
    [iter 1346226] reheat + diversify: ceiling=0.00, value=82732.0
    [iter 1351979] reheat + diversify: ceiling=0.00, value=88533.0
    [iter 1357732] reheat + diversify: ceiling=0.00, value=96199.0
    [iter 1363485] reheat + diversify: ceiling=0.00, value=96199.0
    [iter 1369238] reheat + diversify: ceiling=0.00, value=90398.0
    [iter 1374991] reheat + diversify: ceiling=0.00, value=90398.0
    [iter 1380744] reheat + diversify: ceiling=0.00, value=96199.0
    [iter 1386497] reheat + diversify: ceiling=0.00, value=102000.0
    [iter 1392250] reheat + diversify: ceiling=0.00, value=76931.0
    [iter 1398003] reheat + diversify: ceiling=0.00, value=102000.0
    [iter 1403756] reheat + diversify: ceiling=0.00, value=76931.0
    [iter 1409509] reheat + diversify: ceiling=0.00, value=76931.0
    [iter 1415262] reheat + diversify: ceiling=0.00, value=50980.0
    [iter 1421015] reheat + diversify: ceiling=0.00, value=90398.0
    [iter 1426768] reheat + diversify: ceiling=0.00, value=96199.0
    [iter 1432521] reheat + diversify: ceiling=0.00, value=102000.0
    [iter 1438274] reheat + diversify: ceiling=0.00, value=96199.0
    [iter 1444027] reheat + diversify: ceiling=0.00, value=56781.0
    [iter 1449780] reheat + diversify: ceiling=0.00, value=90398.0
    [iter 1455533] reheat + diversify: ceiling=0.00, value=88533.0
    [iter 1461286] reheat + diversify: ceiling=0.00, value=96199.0
    [iter 1467039] reheat + diversify: ceiling=0.00, value=50980.0
    [iter 1472792] reheat + diversify: ceiling=0.00, value=102000.0
    [iter 1478545] reheat + diversify: ceiling=0.00, value=96199.0
    [iter 1484298] reheat + diversify: ceiling=0.00, value=96199.0
    [iter 1490051] reheat + diversify: ceiling=0.00, value=102000.0
    [iter 1495804] reheat + diversify: ceiling=0.00, value=96199.0
    [iter 1501557] reheat + diversify: ceiling=0.00, value=96199.0
    [iter 1507310] reheat + diversify: ceiling=0.00, value=90398.0
    [iter 1513063] reheat + diversify: ceiling=0.00, value=45179.0
    [iter 1518816] reheat + diversify: ceiling=0.00, value=88533.0
    [iter 1524569] reheat + diversify: ceiling=0.00, value=69265.0
    [iter 1530322] reheat + diversify: ceiling=0.00, value=96199.0
    [iter 1536075] reheat + diversify: ceiling=0.00, value=82732.0
    [iter 1541828] reheat + diversify: ceiling=0.00, value=102000.0
    [iter 1547581] reheat + diversify: ceiling=0.00, value=82732.0
    [iter 1553334] reheat + diversify: ceiling=0.00, value=114484.0
    [iter 1559087] reheat + diversify: ceiling=0.00, value=114484.0
    [iter 1564840] reheat + diversify: ceiling=0.00, value=76931.0
    [iter 1570593] reheat + diversify: ceiling=0.00, value=82732.0
    [iter 1576346] reheat + diversify: ceiling=0.00, value=82732.0
    [iter 1582099] reheat + diversify: ceiling=0.00, value=96199.0
    [iter 1587852] reheat + diversify: ceiling=0.00, value=56781.0
    [iter 1593605] reheat + diversify: ceiling=0.00, value=102000.0
    [iter 1599358] reheat + diversify: ceiling=0.00, value=90398.0
    [iter 1605111] reheat + diversify: ceiling=0.00, value=62582.0
    [iter 1610864] reheat + diversify: ceiling=0.00, value=96199.0
    [iter 1616617] reheat + diversify: ceiling=0.00, value=82732.0
    [iter 1622370] reheat + diversify: ceiling=0.00, value=50980.0
    [iter 1628123] reheat + diversify: ceiling=0.00, value=50980.0
    [iter 1633876] reheat + diversify: ceiling=0.00, value=102000.0
    [iter 1639629] reheat + diversify: ceiling=0.00, value=82732.0
    [iter 1645382] reheat + diversify: ceiling=0.00, value=96199.0
    [iter 1651135] reheat + diversify: ceiling=0.00, value=96199.0
    [iter 1656888] reheat + diversify: ceiling=0.00, value=90398.0
    [iter 1662641] reheat + diversify: ceiling=0.00, value=96199.0
    [iter 1668394] reheat + diversify: ceiling=0.00, value=96199.0
    [iter 1674147] reheat + diversify: ceiling=0.00, value=82732.0
    [iter 1679900] reheat + diversify: ceiling=0.00, value=50980.0
    [iter 1685653] reheat + diversify: ceiling=0.00, value=141418.0
    [iter 1691406] reheat + diversify: ceiling=0.00, value=56781.0
    [iter 1697159] reheat + diversify: ceiling=0.00, value=96199.0
    [iter 1702912] reheat + diversify: ceiling=0.00, value=102000.0
    [iter 1708665] reheat + diversify: ceiling=0.00, value=56781.0
    [iter 1714418] reheat + diversify: ceiling=0.00, value=102000.0
    [iter 1720171] reheat + diversify: ceiling=0.00, value=50980.0
    [iter 1725924] reheat + diversify: ceiling=0.00, value=88533.0
    [iter 1731677] reheat + diversify: ceiling=0.00, value=96199.0
    [iter 1737430] reheat + diversify: ceiling=0.00, value=82732.0
    [iter 1743183] reheat + diversify: ceiling=0.00, value=50980.0
    [iter 1748936] reheat + diversify: ceiling=0.00, value=69265.0
    [iter 1754689] reheat + diversify: ceiling=0.00, value=88533.0
    [iter 1760442] reheat + diversify: ceiling=0.00, value=96199.0
    [iter 1766195] reheat + diversify: ceiling=0.00, value=88533.0
    [iter 1771948] reheat + diversify: ceiling=0.00, value=69265.0
    [iter 1777701] reheat + diversify: ceiling=0.00, value=76931.0
    [iter 1783454] reheat + diversify: ceiling=0.00, value=135617.0
    [iter 1789207] reheat + diversify: ceiling=0.00, value=88533.0
    [iter 1794960] reheat + diversify: ceiling=0.00, value=135617.0
    [iter 1800713] reheat + diversify: ceiling=0.00, value=102000.0
    [iter 1806466] reheat + diversify: ceiling=0.00, value=56781.0
    [iter 1812219] reheat + diversify: ceiling=0.00, value=62582.0
    [iter 1817972] reheat + diversify: ceiling=0.00, value=90398.0
    [iter 1823725] reheat + diversify: ceiling=0.00, value=50980.0
    [iter 1829478] reheat + diversify: ceiling=0.00, value=62582.0
    [iter 1835231] reheat + diversify: ceiling=0.00, value=45179.0
    [iter 1840984] reheat + diversify: ceiling=0.00, value=135617.0
    [iter 1846737] reheat + diversify: ceiling=0.00, value=76931.0
    [iter 1852490] reheat + diversify: ceiling=0.00, value=102000.0
    [iter 1858243] reheat + diversify: ceiling=0.00, value=56781.0
    [iter 1863996] reheat + diversify: ceiling=0.00, value=56781.0
    [iter 1869749] reheat + diversify: ceiling=0.00, value=102000.0
    [iter 1875502] reheat + diversify: ceiling=0.00, value=96199.0
    [iter 1881255] reheat + diversify: ceiling=0.00, value=102000.0
    [iter 1887008] reheat + diversify: ceiling=0.00, value=69265.0
    [iter 1892761] reheat + diversify: ceiling=0.00, value=50980.0
    [iter 1898514] reheat + diversify: ceiling=0.00, value=50980.0
    [iter 1904267] reheat + diversify: ceiling=0.00, value=90398.0
    [iter 1910020] reheat + diversify: ceiling=0.00, value=96199.0
    [iter 1915773] reheat + diversify: ceiling=0.00, value=62582.0
    [iter 1921526] reheat + diversify: ceiling=0.00, value=96199.0
    [iter 1927279] reheat + diversify: ceiling=0.00, value=102000.0
    [iter 1933032] reheat + diversify: ceiling=0.00, value=96199.0
    [iter 1938785] reheat + diversify: ceiling=0.00, value=82732.0
    [iter 1944538] reheat + diversify: ceiling=0.00, value=90398.0
    [iter 1950291] reheat + diversify: ceiling=0.00, value=96199.0
    [iter 1956044] reheat + diversify: ceiling=0.00, value=56781.0
    [iter 1961797] reheat + diversify: ceiling=0.00, value=96199.0
    [iter 1967550] reheat + diversify: ceiling=0.00, value=96199.0
    [iter 1973303] reheat + diversify: ceiling=0.00, value=62582.0
    [iter 1979056] reheat + diversify: ceiling=0.00, value=56781.0
    [iter 1984809] reheat + diversify: ceiling=0.00, value=82732.0
    [iter 1990562] reheat + diversify: ceiling=0.00, value=69265.0
    [iter 1996315] reheat + diversify: ceiling=0.00, value=90398.0
    [iter 2002068] reheat + diversify: ceiling=0.00, value=76931.0
    [iter 2007821] reheat + diversify: ceiling=0.00, value=96199.0
    [iter 2013574] reheat + diversify: ceiling=0.00, value=82732.0
    [iter 2019327] reheat + diversify: ceiling=0.00, value=56781.0
    [iter 2025080] reheat + diversify: ceiling=0.00, value=61599.0
    [iter 2030833] reheat + diversify: ceiling=0.00, value=90398.0
    [iter 2036586] reheat + diversify: ceiling=0.00, value=102000.0
    [iter 2042339] reheat + diversify: ceiling=0.00, value=88533.0
    [iter 2048092] reheat + diversify: ceiling=0.00, value=76931.0
    [iter 2053845] reheat + diversify: ceiling=0.00, value=82732.0
    [iter 2059598] reheat + diversify: ceiling=0.00, value=96199.0
    [iter 2065351] reheat + diversify: ceiling=0.00, value=90398.0
    [iter 2071104] reheat + diversify: ceiling=0.00, value=75066.0
    [iter 2076857] reheat + diversify: ceiling=0.00, value=82732.0
    [iter 2082610] reheat + diversify: ceiling=0.00, value=75066.0
    [iter 2088363] reheat + diversify: ceiling=0.00, value=50980.0
    [iter 2094116] reheat + diversify: ceiling=0.00, value=88533.0
    [iter 2099869] reheat + diversify: ceiling=0.00, value=50980.0
    [iter 2105622] reheat + diversify: ceiling=0.00, value=102000.0
    [iter 2111375] reheat + diversify: ceiling=0.00, value=96199.0
    [iter 2117128] reheat + diversify: ceiling=0.00, value=96199.0
    [iter 2122881] reheat + diversify: ceiling=0.00, value=96199.0
    [iter 2128634] reheat + diversify: ceiling=0.00, value=96199.0
    [iter 2134387] reheat + diversify: ceiling=0.00, value=88533.0
    [iter 2140140] reheat + diversify: ceiling=0.00, value=76931.0
    [iter 2145893] reheat + diversify: ceiling=0.00, value=96199.0
    [iter 2151646] reheat + diversify: ceiling=0.00, value=102000.0
    [iter 2157399] reheat + diversify: ceiling=0.00, value=82732.0
    [iter 2163152] reheat + diversify: ceiling=0.00, value=82732.0
    [iter 2168905] reheat + diversify: ceiling=0.00, value=90398.0
    [iter 2174658] reheat + diversify: ceiling=0.00, value=56781.0
    [iter 2180411] reheat + diversify: ceiling=0.00, value=69265.0
    [iter 2186164] reheat + diversify: ceiling=0.00, value=102000.0
    [iter 2191917] reheat + diversify: ceiling=0.00, value=90398.0
    [iter 2197670] reheat + diversify: ceiling=0.00, value=102000.0
    [iter 2203423] reheat + diversify: ceiling=0.00, value=102000.0
    [iter 2209176] reheat + diversify: ceiling=0.00, value=82732.0
    [iter 2214929] reheat + diversify: ceiling=0.00, value=76931.0
    [iter 2220682] reheat + diversify: ceiling=0.00, value=90398.0
    [iter 2226435] reheat + diversify: ceiling=0.00, value=135617.0
    [iter 2232188] reheat + diversify: ceiling=0.00, value=76931.0
    [iter 2237941] reheat + diversify: ceiling=0.00, value=90398.0
    [iter 2243694] reheat + diversify: ceiling=0.00, value=75066.0
    [iter 2249447] reheat + diversify: ceiling=0.00, value=96199.0
    [iter 2255200] reheat + diversify: ceiling=0.00, value=88533.0
    [iter 2260953] reheat + diversify: ceiling=0.00, value=96199.0
    [iter 2266706] reheat + diversify: ceiling=0.00, value=69265.0
    [iter 2272459] reheat + diversify: ceiling=0.00, value=141418.0
    [iter 2278212] reheat + diversify: ceiling=0.00, value=62582.0
    [iter 2283965] reheat + diversify: ceiling=0.00, value=141418.0
    [iter 2289718] reheat + diversify: ceiling=0.00, value=82732.0
    [iter 2295471] reheat + diversify: ceiling=0.00, value=102000.0
    [iter 2301224] reheat + diversify: ceiling=0.00, value=82732.0
    [iter 2306977] reheat + diversify: ceiling=0.00, value=102000.0
    [iter 2312730] reheat + diversify: ceiling=0.00, value=90398.0
    [iter 2318483] reheat + diversify: ceiling=0.00, value=56781.0
    [iter 2324236] reheat + diversify: ceiling=0.00, value=56781.0
    [iter 2329989] reheat + diversify: ceiling=0.00, value=82732.0
    [iter 2335742] reheat + diversify: ceiling=0.00, value=90398.0
    [iter 2341495] reheat + diversify: ceiling=0.00, value=135617.0
    [iter 2347248] reheat + diversify: ceiling=0.00, value=102000.0
    [iter 2353001] reheat + diversify: ceiling=0.00, value=96199.0
    [iter 2358754] reheat + diversify: ceiling=0.00, value=96199.0
    [iter 2364507] reheat + diversify: ceiling=0.00, value=88533.0
    [iter 2370260] reheat + diversify: ceiling=0.00, value=45179.0
    [iter 2376013] reheat + diversify: ceiling=0.00, value=96199.0
    [iter 2381766] reheat + diversify: ceiling=0.00, value=96199.0
    [iter 2387519] reheat + diversify: ceiling=0.00, value=96199.0
    [iter 2393272] reheat + diversify: ceiling=0.00, value=56781.0
    [iter 2399025] reheat + diversify: ceiling=0.00, value=82732.0
    [iter 2404778] reheat + diversify: ceiling=0.00, value=141418.0
    [iter 2410531] reheat + diversify: ceiling=0.00, value=82732.0
    [iter 2416284] reheat + diversify: ceiling=0.00, value=96199.0
    [iter 2422037] reheat + diversify: ceiling=0.00, value=96199.0
    [iter 2427790] reheat + diversify: ceiling=0.00, value=141418.0
    [iter 2433543] reheat + diversify: ceiling=0.00, value=88533.0
    [iter 2439296] reheat + diversify: ceiling=0.00, value=96199.0
    [iter 2445049] reheat + diversify: ceiling=0.00, value=88533.0
    [iter 2450802] reheat + diversify: ceiling=0.00, value=96199.0
    [iter 2456555] reheat + diversify: ceiling=0.00, value=90398.0
    [iter 2462308] reheat + diversify: ceiling=0.00, value=56781.0
    [iter 2468061] reheat + diversify: ceiling=0.00, value=88533.0
    [iter 2473814] reheat + diversify: ceiling=0.00, value=90398.0
    [iter 2479567] reheat + diversify: ceiling=0.00, value=96199.0
    [iter 2485320] reheat + diversify: ceiling=0.00, value=96199.0
    [iter 2491073] reheat + diversify: ceiling=0.00, value=96199.0
    [iter 2496826] reheat + diversify: ceiling=0.00, value=56781.0
    [iter 2502579] reheat + diversify: ceiling=0.00, value=96199.0
    [iter 2508332] reheat + diversify: ceiling=0.00, value=88533.0
    [iter 2514085] reheat + diversify: ceiling=0.00, value=82732.0
    [iter 2519838] reheat + diversify: ceiling=0.00, value=90398.0
    [iter 2525591] reheat + diversify: ceiling=0.00, value=56781.0
    [iter 2531344] reheat + diversify: ceiling=0.00, value=45179.0
    [iter 2537097] reheat + diversify: ceiling=0.00, value=96199.0
    [iter 2542850] reheat + diversify: ceiling=0.00, value=69265.0
    [iter 2548603] reheat + diversify: ceiling=0.00, value=96199.0
    [iter 2554356] reheat + diversify: ceiling=0.00, value=96199.0
    [iter 2560109] reheat + diversify: ceiling=0.00, value=63464.0
    [iter 2565862] reheat + diversify: ceiling=0.00, value=56781.0
    [iter 2571615] reheat + diversify: ceiling=0.00, value=50980.0
    [iter 2577368] reheat + diversify: ceiling=0.00, value=76931.0
    [iter 2583121] reheat + diversify: ceiling=0.00, value=102000.0
    [iter 2588874] reheat + diversify: ceiling=0.00, value=96199.0
    [iter 2594627] reheat + diversify: ceiling=0.00, value=75066.0
    [iter 2600380] reheat + diversify: ceiling=0.00, value=63464.0
    [iter 2606133] reheat + diversify: ceiling=0.00, value=96199.0
    [iter 2611886] reheat + diversify: ceiling=0.00, value=82732.0
    [iter 2617639] reheat + diversify: ceiling=0.00, value=141418.0
    [iter 2623392] reheat + diversify: ceiling=0.00, value=82732.0
    [iter 2629145] reheat + diversify: ceiling=0.00, value=141418.0
    [iter 2634898] reheat + diversify: ceiling=0.00, value=88533.0
    [iter 2640651] reheat + diversify: ceiling=0.00, value=82732.0
    [iter 2646404] reheat + diversify: ceiling=0.00, value=82732.0
    [iter 2652157] reheat + diversify: ceiling=0.00, value=90398.0
    [iter 2657910] reheat + diversify: ceiling=0.00, value=141418.0
    [iter 2663663] reheat + diversify: ceiling=0.00, value=69265.0
    [iter 2669416] reheat + diversify: ceiling=0.00, value=50980.0
    [iter 2675169] reheat + diversify: ceiling=0.00, value=88533.0
    [iter 2680922] reheat + diversify: ceiling=0.00, value=135617.0
    [iter 2686675] reheat + diversify: ceiling=0.00, value=90398.0
    [iter 2692428] reheat + diversify: ceiling=0.00, value=96199.0
    [iter 2698181] reheat + diversify: ceiling=0.00, value=82732.0
    [iter 2703934] reheat + diversify: ceiling=0.00, value=96199.0
    [iter 2709687] reheat + diversify: ceiling=0.00, value=102000.0
    [iter 2715440] reheat + diversify: ceiling=0.00, value=76931.0
    [iter 2721193] reheat + diversify: ceiling=0.00, value=75066.0
    [iter 2726946] reheat + diversify: ceiling=0.00, value=82732.0
    [iter 2732699] reheat + diversify: ceiling=0.00, value=63464.0
    [iter 2738452] reheat + diversify: ceiling=0.00, value=141418.0
    [iter 2744205] reheat + diversify: ceiling=0.00, value=82732.0
    [iter 2749958] reheat + diversify: ceiling=0.00, value=88533.0
    [iter 2755711] reheat + diversify: ceiling=0.00, value=96199.0
    [iter 2761464] reheat + diversify: ceiling=0.00, value=90398.0
    [iter 2767217] reheat + diversify: ceiling=0.00, value=96199.0
    [iter 2772970] reheat + diversify: ceiling=0.00, value=76931.0
    [iter 2778723] reheat + diversify: ceiling=0.00, value=82732.0
    [iter 2784476] reheat + diversify: ceiling=0.00, value=63464.0
    [iter 2790229] reheat + diversify: ceiling=0.00, value=96199.0
    [iter 2795982] reheat + diversify: ceiling=0.00, value=82732.0
    [iter 2801735] reheat + diversify: ceiling=0.00, value=102000.0
    [iter 2807488] reheat + diversify: ceiling=0.00, value=102000.0
    [iter 2813241] reheat + diversify: ceiling=0.00, value=96199.0
    [iter 2818994] reheat + diversify: ceiling=0.00, value=96199.0
    [iter 2824747] reheat + diversify: ceiling=0.00, value=96199.0
    [iter 2830500] reheat + diversify: ceiling=0.00, value=96199.0
    [iter 2836253] reheat + diversify: ceiling=0.00, value=82732.0
    [iter 2842006] reheat + diversify: ceiling=0.00, value=96199.0
    [iter 2847759] reheat + diversify: ceiling=0.00, value=76931.0
    [iter 2853512] reheat + diversify: ceiling=0.00, value=82732.0
    [iter 2859265] reheat + diversify: ceiling=0.00, value=126968.0
    [iter 2865018] reheat + diversify: ceiling=0.00, value=75066.0
    [iter 2870771] reheat + diversify: ceiling=0.00, value=90398.0
    [iter 2876524] reheat + diversify: ceiling=0.00, value=90398.0
    [iter 2882277] reheat + diversify: ceiling=0.00, value=56781.0
    [iter 2888030] reheat + diversify: ceiling=0.00, value=96199.0
    [iter 2893783] reheat + diversify: ceiling=0.00, value=88533.0
    [iter 2899536] reheat + diversify: ceiling=0.00, value=76931.0
    [iter 2905289] reheat + diversify: ceiling=0.00, value=56781.0
    [iter 2911042] reheat + diversify: ceiling=0.00, value=102000.0
    [iter 2916795] reheat + diversify: ceiling=0.00, value=126968.0
    [iter 2922548] reheat + diversify: ceiling=0.00, value=82732.0
    [iter 2928301] reheat + diversify: ceiling=0.00, value=135617.0
    [iter 2934054] reheat + diversify: ceiling=0.00, value=50980.0
    [iter 2939807] reheat + diversify: ceiling=0.00, value=56781.0
    [iter 2945560] reheat + diversify: ceiling=0.00, value=69265.0
    [iter 2951313] reheat + diversify: ceiling=0.00, value=56781.0
    [iter 2957066] reheat + diversify: ceiling=0.00, value=76931.0
    [iter 2962819] reheat + diversify: ceiling=0.00, value=90398.0
    [iter 2968572] reheat + diversify: ceiling=0.00, value=69265.0
    [iter 2974325] reheat + diversify: ceiling=0.00, value=82732.0
    [iter 2980078] reheat + diversify: ceiling=0.00, value=88533.0
    [iter 2985831] reheat + diversify: ceiling=0.00, value=88533.0
    [iter 2991584] reheat + diversify: ceiling=0.00, value=82732.0
    [iter 2997337] reheat + diversify: ceiling=0.00, value=96199.0
    [iter 3003090] reheat + diversify: ceiling=0.00, value=90398.0
    [iter 3008843] reheat + diversify: ceiling=0.00, value=76931.0
    [iter 3014596] reheat + diversify: ceiling=0.00, value=96199.0
    [iter 3020349] reheat + diversify: ceiling=0.00, value=56781.0
    [iter 3026102] reheat + diversify: ceiling=0.00, value=90398.0
    [iter 3031855] reheat + diversify: ceiling=0.00, value=76931.0
    [iter 3037608] reheat + diversify: ceiling=0.00, value=96199.0
    [iter 3043361] reheat + diversify: ceiling=0.00, value=76931.0
    [iter 3049114] reheat + diversify: ceiling=0.00, value=96199.0
    [iter 3054867] reheat + diversify: ceiling=0.00, value=76931.0
    [iter 3060620] reheat + diversify: ceiling=0.00, value=90398.0
    [iter 3066373] reheat + diversify: ceiling=0.00, value=96199.0
    [iter 3072126] reheat + diversify: ceiling=0.00, value=76931.0
    [iter 3077879] reheat + diversify: ceiling=0.00, value=82732.0
    [iter 3083632] reheat + diversify: ceiling=0.00, value=102000.0
    [iter 3089385] reheat + diversify: ceiling=0.00, value=141418.0
    [iter 3095138] reheat + diversify: ceiling=0.00, value=82732.0
    [iter 3100891] reheat + diversify: ceiling=0.00, value=82732.0
    [iter 3106644] reheat + diversify: ceiling=0.00, value=102000.0
    [iter 3112397] reheat + diversify: ceiling=0.00, value=141418.0
    [iter 3118150] reheat + diversify: ceiling=0.00, value=82732.0
    [iter 3123903] reheat + diversify: ceiling=0.00, value=69265.0
    [iter 3129656] reheat + diversify: ceiling=0.00, value=90398.0
    [iter 3135409] reheat + diversify: ceiling=0.00, value=135617.0
    [iter 3141162] reheat + diversify: ceiling=0.00, value=96199.0
    [iter 3146915] reheat + diversify: ceiling=0.00, value=102000.0
    [iter 3152668] reheat + diversify: ceiling=0.00, value=135617.0
    [iter 3158421] reheat + diversify: ceiling=0.00, value=126968.0
    [iter 3164174] reheat + diversify: ceiling=0.00, value=76931.0
    [iter 3169927] reheat + diversify: ceiling=0.00, value=82732.0
    [iter 3175680] reheat + diversify: ceiling=0.00, value=75066.0
    [iter 3181433] reheat + diversify: ceiling=0.00, value=82732.0
    [iter 3187186] reheat + diversify: ceiling=0.00, value=82732.0
    [iter 3192939] reheat + diversify: ceiling=0.00, value=88533.0
    [iter 3198692] reheat + diversify: ceiling=0.00, value=50980.0
    [iter 3204445] reheat + diversify: ceiling=0.00, value=90398.0
    [iter 3210198] reheat + diversify: ceiling=0.00, value=82732.0
    [iter 3215951] reheat + diversify: ceiling=0.00, value=69265.0
    [iter 3221704] reheat + diversify: ceiling=0.00, value=82732.0
    [iter 3227457] reheat + diversify: ceiling=0.00, value=96199.0
    [iter 3233210] reheat + diversify: ceiling=0.00, value=90398.0
    [iter 3238963] reheat + diversify: ceiling=0.00, value=88533.0
    [iter 3244716] reheat + diversify: ceiling=0.00, value=96199.0
    [iter 3250469] reheat + diversify: ceiling=0.00, value=96199.0
    [iter 3256222] reheat + diversify: ceiling=0.00, value=90398.0
    [iter 3261975] reheat + diversify: ceiling=0.00, value=75066.0
    [iter 3267728] reheat + diversify: ceiling=0.00, value=96199.0
    [iter 3273481] reheat + diversify: ceiling=0.00, value=82732.0
    [iter 3279234] reheat + diversify: ceiling=0.00, value=102000.0
    [iter 3284987] reheat + diversify: ceiling=0.00, value=82732.0
    [iter 3290740] reheat + diversify: ceiling=0.00, value=88533.0
    [iter 3296493] reheat + diversify: ceiling=0.00, value=76931.0
    [iter 3302246] reheat + diversify: ceiling=0.00, value=102000.0
    [iter 3307999] reheat + diversify: ceiling=0.00, value=82732.0
    [iter 3313752] reheat + diversify: ceiling=0.00, value=75066.0
    [iter 3319505] reheat + diversify: ceiling=0.00, value=96199.0
    [iter 3325258] reheat + diversify: ceiling=0.00, value=75066.0
    [iter 3331011] reheat + diversify: ceiling=0.00, value=56781.0
    [iter 3336764] reheat + diversify: ceiling=0.00, value=76931.0
    [iter 3342517] reheat + diversify: ceiling=0.00, value=90398.0
    [iter 3348270] reheat + diversify: ceiling=0.00, value=82732.0
    [iter 3354023] reheat + diversify: ceiling=0.00, value=82732.0
    [iter 3359776] reheat + diversify: ceiling=0.00, value=76931.0
    [iter 3365529] reheat + diversify: ceiling=0.00, value=69265.0
    [iter 3371282] reheat + diversify: ceiling=0.00, value=62582.0
    [iter 3377035] reheat + diversify: ceiling=0.00, value=90398.0
    [iter 3382788] reheat + diversify: ceiling=0.00, value=75066.0
    [iter 3388541] reheat + diversify: ceiling=0.00, value=75066.0
    [iter 3394294] reheat + diversify: ceiling=0.00, value=96199.0
    [iter 3400047] reheat + diversify: ceiling=0.00, value=102000.0
    [iter 3405800] reheat + diversify: ceiling=0.00, value=96199.0
    [iter 3411553] reheat + diversify: ceiling=0.00, value=50980.0
    [iter 3417306] reheat + diversify: ceiling=0.00, value=63464.0
    [iter 3423059] reheat + diversify: ceiling=0.00, value=76931.0
    [iter 3428812] reheat + diversify: ceiling=0.00, value=141418.0
    [iter 3434565] reheat + diversify: ceiling=0.00, value=50980.0
    [iter 3440318] reheat + diversify: ceiling=0.00, value=96199.0
    [iter 3446071] reheat + diversify: ceiling=0.00, value=88533.0
    [iter 3451824] reheat + diversify: ceiling=0.00, value=90398.0
    [iter 3457577] reheat + diversify: ceiling=0.00, value=69265.0
    [iter 3463330] reheat + diversify: ceiling=0.00, value=82732.0
    [iter 3469083] reheat + diversify: ceiling=0.00, value=96199.0
    [iter 3474836] reheat + diversify: ceiling=0.00, value=82732.0
    [iter 3480589] reheat + diversify: ceiling=0.00, value=50980.0
    [iter 3486342] reheat + diversify: ceiling=0.00, value=76931.0
    [iter 3492095] reheat + diversify: ceiling=0.00, value=90398.0
    [iter 3497848] reheat + diversify: ceiling=0.00, value=96199.0
    [iter 3503601] reheat + diversify: ceiling=0.00, value=62582.0
    [iter 3509354] reheat + diversify: ceiling=0.00, value=96199.0
    [iter 3515107] reheat + diversify: ceiling=0.00, value=96199.0
    [iter 3520860] reheat + diversify: ceiling=0.00, value=63464.0
    [iter 3526613] reheat + diversify: ceiling=0.00, value=96199.0
    [iter 3532366] reheat + diversify: ceiling=0.00, value=76931.0
    [iter 3538119] reheat + diversify: ceiling=0.00, value=75066.0
    [iter 3543872] reheat + diversify: ceiling=0.00, value=96199.0
    [iter 3549625] reheat + diversify: ceiling=0.00, value=90398.0
    [iter 3555378] reheat + diversify: ceiling=0.00, value=96199.0
    [iter 3561131] reheat + diversify: ceiling=0.00, value=69265.0
    [iter 3566884] reheat + diversify: ceiling=0.00, value=82732.0
    [iter 3572637] reheat + diversify: ceiling=0.00, value=96199.0
    [iter 3578390] reheat + diversify: ceiling=0.00, value=50980.0
    [iter 3584143] reheat + diversify: ceiling=0.00, value=82732.0
    [iter 3589896] reheat + diversify: ceiling=0.00, value=82732.0
    [iter 3595649] reheat + diversify: ceiling=0.00, value=63464.0
    [iter 3601402] reheat + diversify: ceiling=0.00, value=82732.0
    [iter 3607155] reheat + diversify: ceiling=0.00, value=50980.0
    [iter 3612908] reheat + diversify: ceiling=0.00, value=88533.0
    [iter 3618661] reheat + diversify: ceiling=0.00, value=82732.0
    [iter 3624414] reheat + diversify: ceiling=0.00, value=88533.0
    [iter 3630167] reheat + diversify: ceiling=0.00, value=102000.0
    [iter 3635920] reheat + diversify: ceiling=0.00, value=63464.0
    [iter 3641673] reheat + diversify: ceiling=0.00, value=102000.0
    [iter 3647426] reheat + diversify: ceiling=0.00, value=141418.0
    [iter 3653179] reheat + diversify: ceiling=0.00, value=82732.0
    [iter 3658932] reheat + diversify: ceiling=0.00, value=82732.0
    [iter 3664685] reheat + diversify: ceiling=0.00, value=82732.0
    [iter 3670438] reheat + diversify: ceiling=0.00, value=69265.0
    [iter 3676191] reheat + diversify: ceiling=0.00, value=90398.0
    [iter 3681944] reheat + diversify: ceiling=0.00, value=82732.0
    [iter 3687697] reheat + diversify: ceiling=0.00, value=56781.0
    [iter 3693450] reheat + diversify: ceiling=0.00, value=141418.0
    [iter 3699203] reheat + diversify: ceiling=0.00, value=102000.0
    [iter 3704956] reheat + diversify: ceiling=0.00, value=88533.0
    [iter 3710709] reheat + diversify: ceiling=0.00, value=56781.0
    [iter 3716462] reheat + diversify: ceiling=0.00, value=56781.0
    [iter 3722215] reheat + diversify: ceiling=0.00, value=82732.0
    [iter 3727968] reheat + diversify: ceiling=0.00, value=88533.0
    [iter 3733721] reheat + diversify: ceiling=0.00, value=76931.0
    [iter 3739474] reheat + diversify: ceiling=0.00, value=88533.0
    [iter 3745227] reheat + diversify: ceiling=0.00, value=96199.0
    [iter 3750980] reheat + diversify: ceiling=0.00, value=76931.0
    [iter 3756733] reheat + diversify: ceiling=0.00, value=126968.0
    [iter 3762486] reheat + diversify: ceiling=0.00, value=102000.0
    [iter 3768239] reheat + diversify: ceiling=0.00, value=88533.0
    [iter 3773992] reheat + diversify: ceiling=0.00, value=56781.0
    [iter 3779745] reheat + diversify: ceiling=0.00, value=141418.0
    [iter 3785498] reheat + diversify: ceiling=0.00, value=76931.0
    [iter 3791251] reheat + diversify: ceiling=0.00, value=102000.0
    [iter 3797004] reheat + diversify: ceiling=0.00, value=96199.0
    [iter 3802757] reheat + diversify: ceiling=0.00, value=135617.0
    [iter 3808510] reheat + diversify: ceiling=0.00, value=141418.0
    [iter 3814263] reheat + diversify: ceiling=0.00, value=82732.0
    [iter 3820016] reheat + diversify: ceiling=0.00, value=69265.0
    [iter 3825769] reheat + diversify: ceiling=0.00, value=102000.0
    [iter 3831522] reheat + diversify: ceiling=0.00, value=76931.0
    [iter 3837275] reheat + diversify: ceiling=0.00, value=75066.0
    [iter 3843028] reheat + diversify: ceiling=0.00, value=88533.0
    [iter 3848781] reheat + diversify: ceiling=0.00, value=76931.0
    [iter 3854534] reheat + diversify: ceiling=0.00, value=45179.0
    [iter 3860287] reheat + diversify: ceiling=0.00, value=88533.0
    [iter 3866040] reheat + diversify: ceiling=0.00, value=82732.0
    [iter 3871793] reheat + diversify: ceiling=0.00, value=96199.0
    [iter 3877546] reheat + diversify: ceiling=0.00, value=82732.0
    [iter 3883299] reheat + diversify: ceiling=0.00, value=63464.0
    [iter 3889052] reheat + diversify: ceiling=0.00, value=88533.0
    [iter 3894805] reheat + diversify: ceiling=0.00, value=96199.0
    [iter 3900558] reheat + diversify: ceiling=0.00, value=96199.0
    [iter 3906311] reheat + diversify: ceiling=0.00, value=56781.0
    [iter 3912064] reheat + diversify: ceiling=0.00, value=96199.0
    [iter 3917817] reheat + diversify: ceiling=0.00, value=69265.0
    [iter 3923570] reheat + diversify: ceiling=0.00, value=96199.0
    [iter 3929323] reheat + diversify: ceiling=0.00, value=82732.0
    [iter 3935076] reheat + diversify: ceiling=0.00, value=96199.0
    [iter 3940829] reheat + diversify: ceiling=0.00, value=96199.0
    [iter 3946582] reheat + diversify: ceiling=0.00, value=141418.0
    [iter 3952335] reheat + diversify: ceiling=0.00, value=135617.0
    [iter 3958088] reheat + diversify: ceiling=0.00, value=96199.0
    [iter 3963841] reheat + diversify: ceiling=0.00, value=76931.0
    [iter 3969594] reheat + diversify: ceiling=0.00, value=69265.0
    [iter 3975347] reheat + diversify: ceiling=0.00, value=69265.0
    [iter 3981100] reheat + diversify: ceiling=0.00, value=82732.0
    [iter 3986853] reheat + diversify: ceiling=0.00, value=96199.0
    [iter 3992606] reheat + diversify: ceiling=0.00, value=82732.0
    [iter 3998359] reheat + diversify: ceiling=0.00, value=141418.0
    [iter 4004112] reheat + diversify: ceiling=0.00, value=69265.0
    [iter 4009865] reheat + diversify: ceiling=0.00, value=96199.0
    [iter 4015618] reheat + diversify: ceiling=0.00, value=96199.0
    [iter 4021371] reheat + diversify: ceiling=0.00, value=50980.0
    [iter 4027124] reheat + diversify: ceiling=0.00, value=76931.0
    [iter 4032877] reheat + diversify: ceiling=0.00, value=56781.0
    [iter 4038630] reheat + diversify: ceiling=0.00, value=96199.0
    [iter 4044383] reheat + diversify: ceiling=0.00, value=76931.0
    [iter 4050136] reheat + diversify: ceiling=0.00, value=135617.0
    [iter 4055889] reheat + diversify: ceiling=0.00, value=90398.0
    [iter 4061642] reheat + diversify: ceiling=0.00, value=82732.0
    [iter 4067395] reheat + diversify: ceiling=0.00, value=88533.0
    [iter 4073148] reheat + diversify: ceiling=0.00, value=96199.0
    [iter 4078901] reheat + diversify: ceiling=0.00, value=90398.0
    [iter 4084654] reheat + diversify: ceiling=0.00, value=90398.0
    [iter 4090407] reheat + diversify: ceiling=0.00, value=76931.0
    [iter 4096160] reheat + diversify: ceiling=0.00, value=82732.0
    [iter 4101913] reheat + diversify: ceiling=0.00, value=82732.0
    [iter 4107666] reheat + diversify: ceiling=0.00, value=82732.0
    [iter 4113419] reheat + diversify: ceiling=0.00, value=69265.0
    [iter 4119172] reheat + diversify: ceiling=0.00, value=76931.0
    [iter 4124925] reheat + diversify: ceiling=0.00, value=88533.0
    [iter 4130678] reheat + diversify: ceiling=0.00, value=88533.0
    [iter 4136431] reheat + diversify: ceiling=0.00, value=96199.0
    [iter 4142184] reheat + diversify: ceiling=0.00, value=69265.0
    [iter 4147937] reheat + diversify: ceiling=0.00, value=63464.0
    [iter 4153690] reheat + diversify: ceiling=0.00, value=96199.0
    [iter 4159443] reheat + diversify: ceiling=0.00, value=96199.0
    [iter 4165196] reheat + diversify: ceiling=0.00, value=135617.0
    [iter 4170949] reheat + diversify: ceiling=0.00, value=82732.0
    [iter 4176702] reheat + diversify: ceiling=0.00, value=82732.0
    [iter 4182455] reheat + diversify: ceiling=0.00, value=96199.0
    [iter 4188208] reheat + diversify: ceiling=0.00, value=82732.0
    [iter 4193961] reheat + diversify: ceiling=0.00, value=88533.0
    [iter 4199714] reheat + diversify: ceiling=0.00, value=90398.0
    [iter 4205467] reheat + diversify: ceiling=0.00, value=82732.0
    [iter 4211220] reheat + diversify: ceiling=0.00, value=96199.0
    [iter 4216973] reheat + diversify: ceiling=0.00, value=76931.0
    [iter 4222726] reheat + diversify: ceiling=0.00, value=135617.0
    [iter 4228479] reheat + diversify: ceiling=0.00, value=76931.0
    [iter 4234232] reheat + diversify: ceiling=0.00, value=96199.0
    [iter 4239985] reheat + diversify: ceiling=0.00, value=82732.0
    [iter 4245738] reheat + diversify: ceiling=0.00, value=76931.0
    [iter 4251491] reheat + diversify: ceiling=0.00, value=96199.0
    [iter 4257244] reheat + diversify: ceiling=0.00, value=102000.0
    [iter 4262997] reheat + diversify: ceiling=0.00, value=88533.0
    [iter 4268750] reheat + diversify: ceiling=0.00, value=90398.0
    [iter 4274503] reheat + diversify: ceiling=0.00, value=141418.0
    [iter 4280256] reheat + diversify: ceiling=0.00, value=69265.0
    [iter 4286009] reheat + diversify: ceiling=0.00, value=76931.0
    [iter 4291762] reheat + diversify: ceiling=0.00, value=69265.0
    [iter 4297515] reheat + diversify: ceiling=0.00, value=96199.0
    [iter 4303268] reheat + diversify: ceiling=0.00, value=96199.0
    [iter 4309021] reheat + diversify: ceiling=0.00, value=90398.0
    [iter 4314774] reheat + diversify: ceiling=0.00, value=88533.0
    [iter 4320527] reheat + diversify: ceiling=0.00, value=96199.0
    [iter 4326280] reheat + diversify: ceiling=0.00, value=50980.0
    [iter 4332033] reheat + diversify: ceiling=0.00, value=82732.0
    [iter 4337786] reheat + diversify: ceiling=0.00, value=90398.0
    [iter 4343539] reheat + diversify: ceiling=0.00, value=69265.0
    [iter 4349292] reheat + diversify: ceiling=0.00, value=76931.0
    [iter 4355045] reheat + diversify: ceiling=0.00, value=63464.0
    [iter 4360798] reheat + diversify: ceiling=0.00, value=90398.0
    [iter 4366551] reheat + diversify: ceiling=0.00, value=102000.0
    [iter 4372304] reheat + diversify: ceiling=0.00, value=90398.0
    [iter 4378057] reheat + diversify: ceiling=0.00, value=82732.0
    [iter 4383810] reheat + diversify: ceiling=0.00, value=135617.0
    [iter 4389563] reheat + diversify: ceiling=0.00, value=56781.0
    [iter 4395316] reheat + diversify: ceiling=0.00, value=69265.0
    [iter 4401069] reheat + diversify: ceiling=0.00, value=82732.0
    [iter 4406822] reheat + diversify: ceiling=0.00, value=50980.0
    [iter 4412575] reheat + diversify: ceiling=0.00, value=82732.0
    [iter 4418328] reheat + diversify: ceiling=0.00, value=50980.0
    [iter 4424081] reheat + diversify: ceiling=0.00, value=76931.0
    [iter 4429834] reheat + diversify: ceiling=0.00, value=88533.0
    [iter 4435587] reheat + diversify: ceiling=0.00, value=96199.0
    [iter 4441340] reheat + diversify: ceiling=0.00, value=90398.0
    [iter 4447093] reheat + diversify: ceiling=0.00, value=69265.0
    [iter 4452846] reheat + diversify: ceiling=0.00, value=141418.0
    [iter 4458599] reheat + diversify: ceiling=0.00, value=96199.0
    [iter 4464352] reheat + diversify: ceiling=0.00, value=96199.0
    [iter 4470105] reheat + diversify: ceiling=0.00, value=102000.0
    [iter 4475858] reheat + diversify: ceiling=0.00, value=90398.0
    [iter 4481611] reheat + diversify: ceiling=0.00, value=75066.0
    [iter 4487364] reheat + diversify: ceiling=0.00, value=82732.0
    [iter 4493117] reheat + diversify: ceiling=0.00, value=82732.0
    [iter 4498870] reheat + diversify: ceiling=0.00, value=69265.0
    [iter 4504623] reheat + diversify: ceiling=0.00, value=96199.0
    [iter 4510376] reheat + diversify: ceiling=0.00, value=102000.0
    [iter 4516129] reheat + diversify: ceiling=0.00, value=90398.0
    [iter 4521882] reheat + diversify: ceiling=0.00, value=88533.0
    [iter 4527635] reheat + diversify: ceiling=0.00, value=82732.0
    [iter 4533388] reheat + diversify: ceiling=0.00, value=96199.0
    [iter 4539141] reheat + diversify: ceiling=0.00, value=102000.0
    [iter 4544894] reheat + diversify: ceiling=0.00, value=102000.0
    [iter 4550647] reheat + diversify: ceiling=0.00, value=141418.0
    [iter 4556400] reheat + diversify: ceiling=0.00, value=96199.0
    [iter 4562153] reheat + diversify: ceiling=0.00, value=82732.0
    [iter 4567906] reheat + diversify: ceiling=0.00, value=82732.0
    [iter 4573659] reheat + diversify: ceiling=0.00, value=82732.0
    [iter 4579412] reheat + diversify: ceiling=0.00, value=88533.0
    [iter 4585165] reheat + diversify: ceiling=0.00, value=69265.0
    [iter 4590918] reheat + diversify: ceiling=0.00, value=76931.0
    [iter 4596671] reheat + diversify: ceiling=0.00, value=88533.0
    [iter 4602424] reheat + diversify: ceiling=0.00, value=135617.0
    [iter 4608177] reheat + diversify: ceiling=0.00, value=90398.0
    [iter 4613930] reheat + diversify: ceiling=0.00, value=82732.0
    [iter 4619683] reheat + diversify: ceiling=0.00, value=76931.0
    [iter 4625436] reheat + diversify: ceiling=0.00, value=69265.0
    [iter 4631189] reheat + diversify: ceiling=0.00, value=69265.0
    [iter 4636942] reheat + diversify: ceiling=0.00, value=82732.0
    [iter 4642695] reheat + diversify: ceiling=0.00, value=56781.0
    [iter 4648448] reheat + diversify: ceiling=0.00, value=63464.0
    [iter 4654201] reheat + diversify: ceiling=0.00, value=102000.0
    [iter 4659954] reheat + diversify: ceiling=0.00, value=76931.0
    [iter 4665707] reheat + diversify: ceiling=0.00, value=88533.0
    [iter 4671460] reheat + diversify: ceiling=0.00, value=96199.0
    [iter 4677213] reheat + diversify: ceiling=0.00, value=63464.0
    [iter 4682966] reheat + diversify: ceiling=0.00, value=96199.0
    [iter 4688719] reheat + diversify: ceiling=0.00, value=102000.0
    [iter 4694472] reheat + diversify: ceiling=0.00, value=88533.0
    [iter 4700225] reheat + diversify: ceiling=0.00, value=96199.0
    [iter 4705978] reheat + diversify: ceiling=0.00, value=82732.0
    [iter 4711731] reheat + diversify: ceiling=0.00, value=90398.0
    [iter 4717484] reheat + diversify: ceiling=0.00, value=88533.0
    [iter 4723237] reheat + diversify: ceiling=0.00, value=96199.0
    [iter 4728990] reheat + diversify: ceiling=0.00, value=88533.0
    [iter 4734743] reheat + diversify: ceiling=0.00, value=82732.0
    [iter 4740496] reheat + diversify: ceiling=0.00, value=63464.0
    [iter 4746249] reheat + diversify: ceiling=0.00, value=88533.0
    [iter 4752002] reheat + diversify: ceiling=0.00, value=141418.0
    [iter 4757755] reheat + diversify: ceiling=0.00, value=76931.0
    [iter 4763508] reheat + diversify: ceiling=0.00, value=63464.0
    [iter 4769261] reheat + diversify: ceiling=0.00, value=96199.0
    [iter 4775014] reheat + diversify: ceiling=0.00, value=76931.0
    [iter 4780767] reheat + diversify: ceiling=0.00, value=69265.0
    [iter 4786520] reheat + diversify: ceiling=0.00, value=82732.0
    [iter 4792273] reheat + diversify: ceiling=0.00, value=90398.0
    [iter 4798026] reheat + diversify: ceiling=0.00, value=96199.0
    [iter 4803779] reheat + diversify: ceiling=0.00, value=82732.0
    [iter 4809532] reheat + diversify: ceiling=0.00, value=69265.0
    [iter 4815285] reheat + diversify: ceiling=0.00, value=82732.0
    [iter 4821038] reheat + diversify: ceiling=0.00, value=96199.0
    [iter 4826791] reheat + diversify: ceiling=0.00, value=90398.0
    [iter 4832544] reheat + diversify: ceiling=0.00, value=90398.0
    [iter 4838297] reheat + diversify: ceiling=0.00, value=141418.0
    [iter 4844050] reheat + diversify: ceiling=0.00, value=50980.0
    [iter 4849803] reheat + diversify: ceiling=0.00, value=82732.0
    [iter 4855556] reheat + diversify: ceiling=0.00, value=141418.0
    [iter 4861309] reheat + diversify: ceiling=0.00, value=135617.0
    [iter 4867062] reheat + diversify: ceiling=0.00, value=88533.0
    [iter 4872815] reheat + diversify: ceiling=0.00, value=82732.0
    [iter 4878568] reheat + diversify: ceiling=0.00, value=135617.0
    [iter 4884321] reheat + diversify: ceiling=0.00, value=135617.0
    [iter 4890074] reheat + diversify: ceiling=0.00, value=82732.0
    [iter 4895827] reheat + diversify: ceiling=0.00, value=50980.0
    [iter 4901580] reheat + diversify: ceiling=0.00, value=82732.0
    [iter 4907333] reheat + diversify: ceiling=0.00, value=76931.0
    [iter 4913086] reheat + diversify: ceiling=0.00, value=96199.0
    [iter 4918839] reheat + diversify: ceiling=0.00, value=96199.0
    [iter 4924592] reheat + diversify: ceiling=0.00, value=96199.0
    [iter 4930345] reheat + diversify: ceiling=0.00, value=135617.0
    [iter 4936098] reheat + diversify: ceiling=0.00, value=102000.0
    [iter 4941851] reheat + diversify: ceiling=0.00, value=96199.0
    [iter 4947604] reheat + diversify: ceiling=0.00, value=88533.0
    [iter 4953357] reheat + diversify: ceiling=0.00, value=82732.0
    [iter 4959110] reheat + diversify: ceiling=0.00, value=90398.0
    [iter 4964863] reheat + diversify: ceiling=0.00, value=102000.0
    [iter 4970616] reheat + diversify: ceiling=0.00, value=69265.0
    [iter 4976369] reheat + diversify: ceiling=0.00, value=102000.0
    [iter 4982122] reheat + diversify: ceiling=0.00, value=88533.0
    [iter 4987875] reheat + diversify: ceiling=0.00, value=96199.0
    [iter 4993628] reheat + diversify: ceiling=0.00, value=96199.0
    [iter 4999381] reheat + diversify: ceiling=0.00, value=96199.0
    [iter 5005134] reheat + diversify: ceiling=0.00, value=69265.0
    [iter 5010887] reheat + diversify: ceiling=0.00, value=88533.0
    [iter 5016640] reheat + diversify: ceiling=0.00, value=63464.0
    [iter 5022393] reheat + diversify: ceiling=0.00, value=82732.0
    [iter 5028146] reheat + diversify: ceiling=0.00, value=96199.0
    [iter 5033899] reheat + diversify: ceiling=0.00, value=82732.0
    [iter 5039652] reheat + diversify: ceiling=0.00, value=75066.0
    [iter 5045405] reheat + diversify: ceiling=0.00, value=88533.0
    [iter 5051158] reheat + diversify: ceiling=0.00, value=82732.0
    [iter 5056911] reheat + diversify: ceiling=0.00, value=63464.0
    [iter 5062664] reheat + diversify: ceiling=0.00, value=96199.0
    [iter 5068417] reheat + diversify: ceiling=0.00, value=96199.0
    [iter 5074170] reheat + diversify: ceiling=0.00, value=82732.0
    [iter 5079923] reheat + diversify: ceiling=0.00, value=88533.0
    [iter 5085676] reheat + diversify: ceiling=0.00, value=82732.0
    [iter 5091429] reheat + diversify: ceiling=0.00, value=96199.0
    [iter 5097182] reheat + diversify: ceiling=0.00, value=82732.0
    [iter 5102935] reheat + diversify: ceiling=0.00, value=82732.0
    [iter 5108688] reheat + diversify: ceiling=0.00, value=96199.0
    [iter 5114441] reheat + diversify: ceiling=0.00, value=69265.0
    [iter 5120194] reheat + diversify: ceiling=0.00, value=82732.0
    [iter 5125947] reheat + diversify: ceiling=0.00, value=82732.0
    [iter 5131700] reheat + diversify: ceiling=0.00, value=102000.0
    [iter 5137453] reheat + diversify: ceiling=0.00, value=96199.0
    [iter 5143206] reheat + diversify: ceiling=0.00, value=63464.0
    [iter 5148959] reheat + diversify: ceiling=0.00, value=96199.0
    [iter 5154712] reheat + diversify: ceiling=0.00, value=96199.0
    [iter 5160465] reheat + diversify: ceiling=0.00, value=96199.0
    [iter 5166218] reheat + diversify: ceiling=0.00, value=69265.0
    [iter 5171971] reheat + diversify: ceiling=0.00, value=90398.0
    [iter 5177724] reheat + diversify: ceiling=0.00, value=96199.0
    [iter 5183477] reheat + diversify: ceiling=0.00, value=96199.0
    [iter 5189230] reheat + diversify: ceiling=0.00, value=96199.0
    [iter 5194983] reheat + diversify: ceiling=0.00, value=82732.0
    [iter 5200736] reheat + diversify: ceiling=0.00, value=96199.0
    [iter 5206489] reheat + diversify: ceiling=0.00, value=82732.0
    [iter 5212242] reheat + diversify: ceiling=0.00, value=102000.0
    [iter 5217995] reheat + diversify: ceiling=0.00, value=102000.0
    [iter 5223748] reheat + diversify: ceiling=0.00, value=82732.0
    [iter 5229501] reheat + diversify: ceiling=0.00, value=82732.0
    [iter 5235254] reheat + diversify: ceiling=0.00, value=96199.0
    [iter 5241007] reheat + diversify: ceiling=0.00, value=69265.0
    [iter 5246760] reheat + diversify: ceiling=0.00, value=88533.0
    [iter 5252513] reheat + diversify: ceiling=0.00, value=75066.0
    [iter 5258266] reheat + diversify: ceiling=0.00, value=82732.0
    [iter 5264019] reheat + diversify: ceiling=0.00, value=96199.0
    [iter 5269772] reheat + diversify: ceiling=0.00, value=76931.0
    [iter 5275525] reheat + diversify: ceiling=0.00, value=96199.0
    [iter 5281278] reheat + diversify: ceiling=0.00, value=88533.0
    [iter 5287031] reheat + diversify: ceiling=0.00, value=88533.0
    [iter 5292784] reheat + diversify: ceiling=0.00, value=90398.0
    [iter 5298537] reheat + diversify: ceiling=0.00, value=88533.0
    [iter 5304290] reheat + diversify: ceiling=0.00, value=82732.0
    [iter 5310043] reheat + diversify: ceiling=0.00, value=76931.0
    [iter 5315796] reheat + diversify: ceiling=0.00, value=88533.0
    [iter 5321549] reheat + diversify: ceiling=0.00, value=82732.0
    [iter 5327302] reheat + diversify: ceiling=0.00, value=90398.0
    [iter 5333055] reheat + diversify: ceiling=0.00, value=102000.0
    [iter 5338808] reheat + diversify: ceiling=0.00, value=88533.0
    [iter 5344561] reheat + diversify: ceiling=0.00, value=90398.0
    [iter 5350314] reheat + diversify: ceiling=0.00, value=102000.0
    [iter 5356067] reheat + diversify: ceiling=0.00, value=141418.0
    [iter 5361820] reheat + diversify: ceiling=0.00, value=88533.0
    [iter 5367573] reheat + diversify: ceiling=0.00, value=69265.0
    [iter 5373326] reheat + diversify: ceiling=0.00, value=69265.0
    [iter 5379079] reheat + diversify: ceiling=0.00, value=76931.0
    [iter 5384832] reheat + diversify: ceiling=0.00, value=96199.0
    [iter 5390585] reheat + diversify: ceiling=0.00, value=88533.0
    [iter 5396338] reheat + diversify: ceiling=0.00, value=102000.0
    [iter 5402091] reheat + diversify: ceiling=0.00, value=88533.0
    [iter 5407844] reheat + diversify: ceiling=0.00, value=88533.0
    [iter 5413597] reheat + diversify: ceiling=0.00, value=63464.0
    [iter 5419350] reheat + diversify: ceiling=0.00, value=126968.0
    [iter 5425103] reheat + diversify: ceiling=0.00, value=96199.0
    [iter 5430856] reheat + diversify: ceiling=0.00, value=96199.0
    [iter 5436609] reheat + diversify: ceiling=0.00, value=102000.0
    [iter 5442362] reheat + diversify: ceiling=0.00, value=96199.0
    [iter 5448115] reheat + diversify: ceiling=0.00, value=82732.0
    [iter 5453868] reheat + diversify: ceiling=0.00, value=82732.0
    [iter 5459621] reheat + diversify: ceiling=0.00, value=96199.0
    [iter 5465374] reheat + diversify: ceiling=0.00, value=82732.0
    [iter 5471127] reheat + diversify: ceiling=0.00, value=96199.0
    [iter 5476880] reheat + diversify: ceiling=0.00, value=90398.0
    [iter 5482633] reheat + diversify: ceiling=0.00, value=82732.0
    [iter 5488386] reheat + diversify: ceiling=0.00, value=76931.0
    [iter 5494139] reheat + diversify: ceiling=0.00, value=88533.0
    [iter 5499892] reheat + diversify: ceiling=0.00, value=96199.0
    [iter 5505645] reheat + diversify: ceiling=0.00, value=90398.0
    [iter 5511398] reheat + diversify: ceiling=0.00, value=88533.0
    [iter 5517151] reheat + diversify: ceiling=0.00, value=82732.0
    [iter 5522904] reheat + diversify: ceiling=0.00, value=88533.0
    [iter 5528657] reheat + diversify: ceiling=0.00, value=102000.0
    [iter 5534410] reheat + diversify: ceiling=0.00, value=82732.0
    [iter 5540163] reheat + diversify: ceiling=0.00, value=82732.0
    [iter 5545916] reheat + diversify: ceiling=0.00, value=69265.0
    [iter 5551669] reheat + diversify: ceiling=0.00, value=96199.0
    [iter 5557422] reheat + diversify: ceiling=0.00, value=82732.0
    [iter 5563175] reheat + diversify: ceiling=0.00, value=141418.0
    [iter 5568928] reheat + diversify: ceiling=0.00, value=88533.0
    [iter 5574681] reheat + diversify: ceiling=0.00, value=96199.0
    [iter 5580434] reheat + diversify: ceiling=0.00, value=50980.0
    [iter 5586187] reheat + diversify: ceiling=0.00, value=50980.0
    [iter 5591940] reheat + diversify: ceiling=0.00, value=82732.0
    [iter 5597693] reheat + diversify: ceiling=0.00, value=69265.0
    [iter 5603446] reheat + diversify: ceiling=0.00, value=96199.0
    [iter 5609199] reheat + diversify: ceiling=0.00, value=82732.0
    [iter 5614952] reheat + diversify: ceiling=0.00, value=82732.0
    [iter 5620705] reheat + diversify: ceiling=0.00, value=96199.0
    [iter 5626458] reheat + diversify: ceiling=0.00, value=82732.0
    [iter 5632211] reheat + diversify: ceiling=0.00, value=69265.0
    [iter 5637964] reheat + diversify: ceiling=0.00, value=69265.0
    [iter 5643717] reheat + diversify: ceiling=0.00, value=102000.0
    [iter 5649470] reheat + diversify: ceiling=0.00, value=141418.0
    [iter 5655223] reheat + diversify: ceiling=0.00, value=82732.0
    [iter 5660976] reheat + diversify: ceiling=0.00, value=82732.0
    [iter 5666729] reheat + diversify: ceiling=0.00, value=135617.0
    [iter 5672482] reheat + diversify: ceiling=0.00, value=82732.0
    [iter 5678235] reheat + diversify: ceiling=0.00, value=96199.0
    [iter 5683988] reheat + diversify: ceiling=0.00, value=82732.0
    [iter 5689741] reheat + diversify: ceiling=0.00, value=88533.0
    [iter 5695494] reheat + diversify: ceiling=0.00, value=141418.0
    [iter 5701247] reheat + diversify: ceiling=0.00, value=96199.0
    [iter 5707000] reheat + diversify: ceiling=0.00, value=88533.0
    [iter 5712753] reheat + diversify: ceiling=0.00, value=61599.0
    [iter 5718506] reheat + diversify: ceiling=0.00, value=96199.0
    [iter 5724259] reheat + diversify: ceiling=0.00, value=90398.0
    [iter 5730012] reheat + diversify: ceiling=0.00, value=96199.0
    [iter 5735765] reheat + diversify: ceiling=0.00, value=82732.0
    [iter 5741518] reheat + diversify: ceiling=0.00, value=96199.0
    [iter 5747271] reheat + diversify: ceiling=0.00, value=135617.0
    [iter 5753024] reheat + diversify: ceiling=0.00, value=82732.0
    [iter 5758777] reheat + diversify: ceiling=0.00, value=96199.0
    [iter 5764530] reheat + diversify: ceiling=0.00, value=82732.0
    [iter 5770283] reheat + diversify: ceiling=0.00, value=56781.0
    [iter 5776036] reheat + diversify: ceiling=0.00, value=62582.0
    [iter 5781789] reheat + diversify: ceiling=0.00, value=102000.0
    [iter 5787542] reheat + diversify: ceiling=0.00, value=96199.0
    [iter 5793295] reheat + diversify: ceiling=0.00, value=90398.0
    [iter 5799048] reheat + diversify: ceiling=0.00, value=102000.0
    [iter 5804801] reheat + diversify: ceiling=0.00, value=56781.0
    [iter 5810554] reheat + diversify: ceiling=0.00, value=82732.0
    [iter 5816307] reheat + diversify: ceiling=0.00, value=96199.0
    [iter 5822060] reheat + diversify: ceiling=0.00, value=56781.0
    [iter 5827813] reheat + diversify: ceiling=0.00, value=141418.0
    [iter 5833566] reheat + diversify: ceiling=0.00, value=88533.0
    [iter 5839319] reheat + diversify: ceiling=0.00, value=90398.0
    [iter 5845072] reheat + diversify: ceiling=0.00, value=88533.0
    [iter 5850825] reheat + diversify: ceiling=0.00, value=96199.0
    [iter 5856578] reheat + diversify: ceiling=0.00, value=96199.0
    [iter 5862331] reheat + diversify: ceiling=0.00, value=96199.0
    [iter 5868084] reheat + diversify: ceiling=0.00, value=82732.0
    [iter 5873837] reheat + diversify: ceiling=0.00, value=76931.0
    [iter 5879590] reheat + diversify: ceiling=0.00, value=82732.0
    [iter 5885343] reheat + diversify: ceiling=0.00, value=126968.0
    [iter 5891096] reheat + diversify: ceiling=0.00, value=75066.0
    [iter 5896849] reheat + diversify: ceiling=0.00, value=45179.0
    [iter 5902602] reheat + diversify: ceiling=0.00, value=82732.0
    [iter 5908355] reheat + diversify: ceiling=0.00, value=102000.0
    [iter 5914108] reheat + diversify: ceiling=0.00, value=63464.0
    [iter 5919861] reheat + diversify: ceiling=0.00, value=82732.0
    [iter 5925614] reheat + diversify: ceiling=0.00, value=76931.0
    [iter 5931367] reheat + diversify: ceiling=0.00, value=69265.0
    [iter 5937120] reheat + diversify: ceiling=0.00, value=141418.0
    [iter 5942873] reheat + diversify: ceiling=0.00, value=82732.0
    [iter 5948626] reheat + diversify: ceiling=0.00, value=90398.0
    [iter 5954379] reheat + diversify: ceiling=0.00, value=141418.0
    [iter 5960132] reheat + diversify: ceiling=0.00, value=96199.0
    [iter 5965885] reheat + diversify: ceiling=0.00, value=88533.0
    [iter 5971638] reheat + diversify: ceiling=0.00, value=90398.0
    [iter 5977391] reheat + diversify: ceiling=0.00, value=96199.0
    [iter 5983144] reheat + diversify: ceiling=0.00, value=63464.0
    [iter 5988897] reheat + diversify: ceiling=0.00, value=141418.0
    [iter 5994650] reheat + diversify: ceiling=0.00, value=82732.0
    [iter 6000403] reheat + diversify: ceiling=0.00, value=88533.0
    [iter 6006156] reheat + diversify: ceiling=0.00, value=82732.0
    [iter 6011909] reheat + diversify: ceiling=0.00, value=82732.0
    [iter 6017662] reheat + diversify: ceiling=0.00, value=96199.0
    [iter 6023415] reheat + diversify: ceiling=0.00, value=76931.0
    [iter 6029168] reheat + diversify: ceiling=0.00, value=82732.0
    [iter 6034921] reheat + diversify: ceiling=0.00, value=96199.0
    [iter 6040674] reheat + diversify: ceiling=0.00, value=76931.0
    [iter 6046427] reheat + diversify: ceiling=0.00, value=69265.0
    [iter 6052180] reheat + diversify: ceiling=0.00, value=82732.0
    [iter 6057933] reheat + diversify: ceiling=0.00, value=82732.0
    [iter 6063686] reheat + diversify: ceiling=0.00, value=82732.0
    [iter 6069439] reheat + diversify: ceiling=0.00, value=82732.0
    [iter 6075192] reheat + diversify: ceiling=0.00, value=76931.0
    [iter 6080945] reheat + diversify: ceiling=0.00, value=82732.0
    [iter 6086698] reheat + diversify: ceiling=0.00, value=69265.0
    [iter 6092451] reheat + diversify: ceiling=0.00, value=102000.0
    [iter 6098204] reheat + diversify: ceiling=0.00, value=82732.0
    [iter 6103957] reheat + diversify: ceiling=0.00, value=82732.0
    [iter 6109710] reheat + diversify: ceiling=0.00, value=126968.0
    [iter 6115463] reheat + diversify: ceiling=0.00, value=50980.0
    [iter 6121216] reheat + diversify: ceiling=0.00, value=102000.0
    [iter 6126969] reheat + diversify: ceiling=0.00, value=90398.0
    [iter 6132722] reheat + diversify: ceiling=0.00, value=75066.0
    [iter 6138475] reheat + diversify: ceiling=0.00, value=88533.0
    [iter 6144228] reheat + diversify: ceiling=0.00, value=82732.0
    [iter 6149981] reheat + diversify: ceiling=0.00, value=82732.0
    [iter 6155734] reheat + diversify: ceiling=0.00, value=96199.0
    [iter 6161487] reheat + diversify: ceiling=0.00, value=141418.0
    [iter 6167240] reheat + diversify: ceiling=0.00, value=76931.0
    [iter 6172993] reheat + diversify: ceiling=0.00, value=82732.0
    [iter 6178746] reheat + diversify: ceiling=0.00, value=82732.0
    [iter 6184499] reheat + diversify: ceiling=0.00, value=96199.0
    [iter 6190252] reheat + diversify: ceiling=0.00, value=82732.0
    [iter 6196005] reheat + diversify: ceiling=0.00, value=82732.0
    [iter 6201758] reheat + diversify: ceiling=0.00, value=141418.0
    [iter 6207511] reheat + diversify: ceiling=0.00, value=82732.0
    [iter 6213264] reheat + diversify: ceiling=0.00, value=90398.0
    [iter 6219017] reheat + diversify: ceiling=0.00, value=96199.0
    [iter 6224770] reheat + diversify: ceiling=0.00, value=135617.0
    [iter 6230523] reheat + diversify: ceiling=0.00, value=102000.0
    [iter 6236276] reheat + diversify: ceiling=0.00, value=102000.0
    [iter 6242029] reheat + diversify: ceiling=0.00, value=69265.0
    [iter 6247782] reheat + diversify: ceiling=0.00, value=69265.0
    [iter 6253535] reheat + diversify: ceiling=0.00, value=76931.0
    [iter 6259288] reheat + diversify: ceiling=0.00, value=96199.0
    [iter 6265041] reheat + diversify: ceiling=0.00, value=96199.0
    [iter 6270794] reheat + diversify: ceiling=0.00, value=56781.0
    [iter 6276547] reheat + diversify: ceiling=0.00, value=102000.0
    [iter 6282300] reheat + diversify: ceiling=0.00, value=76931.0
    [iter 6288053] reheat + diversify: ceiling=0.00, value=96199.0
  time limit reached at iteration 6290247
  SA finished: 6290247 iterations in 900.0s (6989 it/s), accepted 4882489 (77.6%), rejected 1407757, neutral 4732267 (75.2%), worsening accepted 9.6%, no-move draws 0, reheats 1093
  SA: value 141418.0 (greedy 73100.0, +68318.0), bound 224754.0, gap 37.08%, util 47.3%
  report -> /home/mcaspar/3DMHKP/results_3DMHKP_ep3/ep3-40-C-C-50-3DMHKP-SA-a0.999-r0.25-t900s.txt

================================================================================================
SUMMARY
================================================================================================
instance      boxes  packed       greedy     SA value        bound      gap    util    iters    time
------------------------------------------------------------------------------------------------
ep3-40-C-C-50     40      25      73100.0     141418.0     224754.0   37.1%   47.3%  6290247  900.0s
------------------------------------------------------------------------------------------------
proven optimal (value reaches the upper bound): 0/1
improved over greedy: 1/1 (total value 73100.0 -> 141418.0, +93.46%)
mean gap to 0-1 knapsack bound: 37.1%
mean volume utilization: 47.3%
