============================================================
  Solver:     3DMHKP-SA.py
  Instance:   /home/mcaspar/3DMHKP/Egeblad/ep3-40-D-C-50.txt
  Value mode: flat
  Timelimit:  900s
  Reports:    /home/mcaspar/3DMHKP/results_3DMHKP_ep3
  CPUs:       1
============================================================
======================================================================
3DMHKP Simulated Annealing (random single-neighbour, sequence decoder)
SA params: T0=5% of f(S_0), alpha=0.999, T_min=0.001, reheat_threshold=5753, reheat_fraction=0.25
Move weights: {'relocate': 0.0, 'swap': 1.0, '2opt': 0.0, 'promote': 1.5, 'demote': 1.5, 'orient': 1.0, 'container': 0.5}
Time limit: 900.0s per instance, seed 1994634285
======================================================================

======================================================================
ep3-40-D-C-50: 40 boxes (5 types), 1 containers (1 types)
  0-1 knapsack bound: 34128.0 (continuous relaxation: 34242.0)
  initial (value-density) decode: value 17584.0 (21/40 boxes)
  T0 = 1983.2 (calibrated, 102 worsening draws, target accept 35%)
  schedule: time-based, T0 -> 452.10 over 900s
    [iter 4] *** NEW BEST: value 26760.0, boxes 24/40, T=1982.2, elapsed=0.3s
    [iter 9] *** NEW BEST: value 26948.0, boxes 20/40, T=1982.2, elapsed=0.3s
    [iter 1992] *** NEW BEST: value 27564.0, boxes 22/40, T=1980.6, elapsed=0.8s
    [iter 7745] reheat + diversify: ceiling=495.80, value=20600.0
    [iter 13498] reheat + diversify: ceiling=446.22, value=17720.0
    [iter 19251] reheat + diversify: ceiling=401.60, value=19670.0
    [iter 25004] reheat + diversify: ceiling=361.44, value=21278.0
    [iter 29954] *** NEW BEST: value 27872.0, boxes 23/40, T=1958.6, elapsed=7.6s
    [iter 35707] reheat + diversify: ceiling=325.29, value=20252.0
    [iter 41460] reheat + diversify: ceiling=292.76, value=18250.0
    [iter 47213] reheat + diversify: ceiling=263.49, value=19322.0
    [iter 52966] reheat + diversify: ceiling=237.14, value=17720.0
    [iter 58719] reheat + diversify: ceiling=213.42, value=22510.0
    [iter 64472] reheat + diversify: ceiling=192.08, value=23480.0
    [iter 70225] reheat + diversify: ceiling=172.87, value=20782.0
    [iter 75978] reheat + diversify: ceiling=155.59, value=27564.0
    [iter 81731] reheat + diversify: ceiling=140.03, value=23172.0
    [iter 87484] reheat + diversify: ceiling=126.03, value=19670.0
    [iter 93237] reheat + diversify: ceiling=113.42, value=22550.0
    [iter 98990] reheat + diversify: ceiling=102.08, value=20292.0
    [iter 104743] reheat + diversify: ceiling=91.87, value=20292.0
    [iter 110496] reheat + diversify: ceiling=82.69, value=21090.0
    [iter 116249] reheat + diversify: ceiling=74.42, value=22550.0
    [iter 122002] reheat + diversify: ceiling=66.97, value=21130.0
    [iter 127755] reheat + diversify: ceiling=60.28, value=23970.0
    [iter 133508] reheat + diversify: ceiling=54.25, value=22060.0
    [iter 139261] reheat + diversify: ceiling=48.82, value=22374.0
    [iter 145014] reheat + diversify: ceiling=43.94, value=24552.0
    [iter 150767] reheat + diversify: ceiling=39.55, value=19322.0
    [iter 156520] reheat + diversify: ceiling=35.59, value=24774.0
    [iter 162273] reheat + diversify: ceiling=32.03, value=24284.0
    [iter 168026] reheat + diversify: ceiling=28.83, value=20970.0
    [iter 173779] reheat + diversify: ceiling=25.95, value=21130.0
    [iter 179532] reheat + diversify: ceiling=23.35, value=24774.0
    [iter 185285] reheat + diversify: ceiling=21.02, value=20024.0
    [iter 191038] reheat + diversify: ceiling=18.92, value=23132.0
    [iter 196791] reheat + diversify: ceiling=17.02, value=20822.0
    [iter 202544] reheat + diversify: ceiling=15.32, value=23662.0
    [iter 208297] reheat + diversify: ceiling=13.79, value=18028.0
    [iter 214050] reheat + diversify: ceiling=12.41, value=18382.0
    [iter 219803] reheat + diversify: ceiling=11.17, value=20292.0
    [iter 225556] reheat + diversify: ceiling=10.05, value=21798.0
    [iter 231309] reheat + diversify: ceiling=9.05, value=20474.0
    [iter 237062] reheat + diversify: ceiling=8.14, value=18028.0
    [iter 242815] reheat + diversify: ceiling=7.33, value=21484.0
    [iter 248568] reheat + diversify: ceiling=6.60, value=16300.0
    [iter 254321] reheat + diversify: ceiling=5.94, value=20908.0
    [iter 260074] reheat + diversify: ceiling=5.34, value=21706.0
    [iter 265827] reheat + diversify: ceiling=4.81, value=24718.0
    [iter 271580] reheat + diversify: ceiling=4.33, value=22516.0
    [iter 277333] reheat + diversify: ceiling=3.89, value=20166.0
    [iter 283086] reheat + diversify: ceiling=3.51, value=17452.0
    [iter 288839] reheat + diversify: ceiling=3.15, value=19802.0
    [iter 294592] reheat + diversify: ceiling=2.84, value=22060.0
    [iter 300345] reheat + diversify: ceiling=2.56, value=19226.0
    [iter 306098] reheat + diversify: ceiling=2.30, value=22864.0
    [iter 311851] reheat + diversify: ceiling=2.07, value=19938.0
    [iter 317604] reheat + diversify: ceiling=1.86, value=20332.0
    [iter 323357] reheat + diversify: ceiling=1.68, value=23480.0
    [iter 329110] reheat + diversify: ceiling=1.51, value=21626.0
    [iter 334863] reheat + diversify: ceiling=1.36, value=20600.0
    [iter 340616] reheat + diversify: ceiling=1.22, value=22858.0
    [iter 346369] reheat + diversify: ceiling=1.10, value=19756.0
    [iter 352122] reheat + diversify: ceiling=0.99, value=20332.0
    [iter 357875] reheat + diversify: ceiling=0.89, value=23480.0
    [iter 363628] reheat + diversify: ceiling=0.80, value=17098.0
    [iter 369381] reheat + diversify: ceiling=0.72, value=23970.0
    [iter 375134] reheat + diversify: ceiling=0.65, value=23794.0
    [iter 380887] reheat + diversify: ceiling=0.58, value=24678.0
    [iter 386640] reheat + diversify: ceiling=0.53, value=20686.0
    [iter 392393] reheat + diversify: ceiling=0.47, value=19978.0
    [iter 398146] reheat + diversify: ceiling=0.43, value=22858.0
    [iter 403899] reheat + diversify: ceiling=0.38, value=21262.0
    [iter 409652] reheat + diversify: ceiling=0.35, value=19362.0
    [iter 415405] reheat + diversify: ceiling=0.31, value=12844.0
    [iter 421158] reheat + diversify: ceiling=0.28, value=22858.0
    [iter 426911] reheat + diversify: ceiling=0.25, value=21894.0
    [iter 432664] reheat + diversify: ceiling=0.23, value=20110.0
    [iter 438417] reheat + diversify: ceiling=0.20, value=21838.0
    [iter 441534] *** NEW BEST: value 28180.0, boxes 24/40, T=1669.7, elapsed=104.8s
    [iter 447287] reheat + diversify: ceiling=0.18, value=19402.0
    [iter 453040] reheat + diversify: ceiling=0.17, value=22824.0
    [iter 458793] reheat + diversify: ceiling=0.15, value=22020.0
    [iter 464546] reheat + diversify: ceiling=0.13, value=19978.0
    [iter 470299] reheat + diversify: ceiling=0.12, value=19362.0
    [iter 476052] reheat + diversify: ceiling=0.11, value=23132.0
    [iter 481805] reheat + diversify: ceiling=0.10, value=20908.0
    [iter 487558] reheat + diversify: ceiling=0.09, value=22858.0
    [iter 493311] reheat + diversify: ceiling=0.08, value=18958.0
    [iter 499064] reheat + diversify: ceiling=0.07, value=19454.0
    [iter 504817] reheat + diversify: ceiling=0.06, value=20782.0
    [iter 510570] reheat + diversify: ceiling=0.06, value=19226.0
    [iter 516323] reheat + diversify: ceiling=0.05, value=21176.0
    [iter 522076] reheat + diversify: ceiling=0.05, value=19362.0
    [iter 527829] reheat + diversify: ceiling=0.04, value=19756.0
    [iter 533582] reheat + diversify: ceiling=0.04, value=19402.0
    [iter 539335] reheat + diversify: ceiling=0.03, value=19716.0
    [iter 545088] reheat + diversify: ceiling=0.03, value=20908.0
    [iter 550841] reheat + diversify: ceiling=0.03, value=23976.0
    [iter 556594] reheat + diversify: ceiling=0.02, value=13198.0
    [iter 562347] reheat + diversify: ceiling=0.02, value=21934.0
    [iter 568100] reheat + diversify: ceiling=0.02, value=21894.0
    [iter 573853] reheat + diversify: ceiling=0.02, value=15370.0
    [iter 579606] reheat + diversify: ceiling=0.02, value=22858.0
    [iter 585359] reheat + diversify: ceiling=0.01, value=13642.0
    [iter 591112] reheat + diversify: ceiling=0.01, value=22020.0
    [iter 596865] reheat + diversify: ceiling=0.01, value=24062.0
    [iter 602618] reheat + diversify: ceiling=0.01, value=22060.0
    [iter 608371] reheat + diversify: ceiling=0.01, value=18028.0
    [iter 614124] reheat + diversify: ceiling=0.01, value=22242.0
    [iter 619877] reheat + diversify: ceiling=0.01, value=19534.0
    [iter 625630] reheat + diversify: ceiling=0.01, value=21404.0
    [iter 631383] reheat + diversify: ceiling=0.01, value=21130.0
    [iter 637136] reheat + diversify: ceiling=0.01, value=21626.0
    [iter 642889] reheat + diversify: ceiling=0.01, value=21398.0
    [iter 648642] reheat + diversify: ceiling=0.00, value=24900.0
    [iter 654395] reheat + diversify: ceiling=0.00, value=23748.0
    [iter 660148] reheat + diversify: ceiling=0.00, value=23172.0
    [iter 665901] reheat + diversify: ceiling=0.00, value=19978.0
    [iter 671654] reheat + diversify: ceiling=0.00, value=22026.0
    [iter 677407] reheat + diversify: ceiling=0.00, value=23486.0
    [iter 683160] reheat + diversify: ceiling=0.00, value=18250.0
    [iter 688913] reheat + diversify: ceiling=0.00, value=23046.0
    [iter 694666] reheat + diversify: ceiling=0.00, value=21130.0
    [iter 700419] reheat + diversify: ceiling=0.00, value=22242.0
    [iter 706172] reheat + diversify: ceiling=0.00, value=22020.0
    [iter 711925] reheat + diversify: ceiling=0.00, value=24290.0
    [iter 712357] *** NEW BEST: value 28368.0, boxes 20/40, T=1505.1, elapsed=167.9s
    [iter 718110] reheat + diversify: ceiling=0.00, value=17806.0
    [iter 723863] reheat + diversify: ceiling=0.00, value=25704.0
    [iter 729616] reheat + diversify: ceiling=0.00, value=24456.0
    [iter 735369] reheat + diversify: ceiling=0.00, value=22516.0
    [iter 741122] reheat + diversify: ceiling=0.00, value=22060.0
    [iter 746875] reheat + diversify: ceiling=0.00, value=20332.0
    [iter 752628] reheat + diversify: ceiling=0.00, value=21934.0
    [iter 758381] reheat + diversify: ceiling=0.00, value=20378.0
    [iter 764134] reheat + diversify: ceiling=0.00, value=22858.0
    [iter 769887] reheat + diversify: ceiling=0.00, value=19756.0
    [iter 775640] reheat + diversify: ceiling=0.00, value=19180.0
    [iter 781393] reheat + diversify: ceiling=0.00, value=23480.0
    [iter 787146] reheat + diversify: ceiling=0.00, value=18838.0
    [iter 792899] reheat + diversify: ceiling=0.00, value=23172.0
    [iter 798652] reheat + diversify: ceiling=0.00, value=21752.0
    [iter 804405] reheat + diversify: ceiling=0.00, value=23754.0
    [iter 810158] reheat + diversify: ceiling=0.00, value=22516.0
    [iter 815911] reheat + diversify: ceiling=0.00, value=23046.0
    [iter 821664] reheat + diversify: ceiling=0.00, value=23046.0
    [iter 827417] reheat + diversify: ceiling=0.00, value=22824.0
    [iter 833170] reheat + diversify: ceiling=0.00, value=21404.0
    [iter 838923] reheat + diversify: ceiling=0.00, value=19226.0
    [iter 844676] reheat + diversify: ceiling=0.00, value=20166.0
    [iter 850429] reheat + diversify: ceiling=0.00, value=24062.0
    [iter 856182] reheat + diversify: ceiling=0.00, value=21130.0
    [iter 861935] reheat + diversify: ceiling=0.00, value=21934.0
    [iter 867688] reheat + diversify: ceiling=0.00, value=21798.0
    [iter 873441] reheat + diversify: ceiling=0.00, value=18028.0
    [iter 879194] reheat + diversify: ceiling=0.00, value=21404.0
    [iter 884947] reheat + diversify: ceiling=0.00, value=22550.0
    [iter 890700] reheat + diversify: ceiling=0.00, value=22242.0
    [iter 896453] reheat + diversify: ceiling=0.00, value=16876.0
    [iter 902206] reheat + diversify: ceiling=0.00, value=19756.0
    [iter 907959] reheat + diversify: ceiling=0.00, value=23788.0
    [iter 913712] reheat + diversify: ceiling=0.00, value=22682.0
    [iter 919465] reheat + diversify: ceiling=0.00, value=24102.0
    [iter 925218] reheat + diversify: ceiling=0.00, value=22738.0
    [iter 930971] reheat + diversify: ceiling=0.00, value=23258.0
    [iter 936724] reheat + diversify: ceiling=0.00, value=23788.0
    [iter 942477] reheat + diversify: ceiling=0.00, value=17902.0
    [iter 948230] reheat + diversify: ceiling=0.00, value=20822.0
    [iter 953983] reheat + diversify: ceiling=0.00, value=16522.0
    [iter 959736] reheat + diversify: ceiling=0.00, value=23446.0
    [iter 965489] reheat + diversify: ceiling=0.00, value=21090.0
    [iter 971242] reheat + diversify: ceiling=0.00, value=21268.0
    [iter 976995] reheat + diversify: ceiling=0.00, value=22248.0
    [iter 982748] reheat + diversify: ceiling=0.00, value=23668.0
    [iter 988501] reheat + diversify: ceiling=0.00, value=24906.0
    [iter 994254] reheat + diversify: ceiling=0.00, value=22020.0
    [iter 1000007] reheat + diversify: ceiling=0.00, value=21040.0
    [iter 1005760] reheat + diversify: ceiling=0.00, value=21404.0
    [iter 1011513] reheat + diversify: ceiling=0.00, value=21318.0
    [iter 1017266] reheat + diversify: ceiling=0.00, value=22858.0
    [iter 1023019] reheat + diversify: ceiling=0.00, value=23662.0
    [iter 1028772] reheat + diversify: ceiling=0.00, value=23970.0
    [iter 1034525] reheat + diversify: ceiling=0.00, value=23258.0
    [iter 1040278] reheat + diversify: ceiling=0.00, value=21706.0
    [iter 1046031] reheat + diversify: ceiling=0.00, value=21758.0
    [iter 1051784] reheat + diversify: ceiling=0.00, value=21222.0
    [iter 1057537] reheat + diversify: ceiling=0.00, value=23668.0
    [iter 1063290] reheat + diversify: ceiling=0.00, value=24290.0
    [iter 1069043] reheat + diversify: ceiling=0.00, value=18250.0
    [iter 1074796] reheat + diversify: ceiling=0.00, value=19402.0
    [iter 1080549] reheat + diversify: ceiling=0.00, value=23052.0
    [iter 1086302] reheat + diversify: ceiling=0.00, value=23662.0
    [iter 1092055] reheat + diversify: ceiling=0.00, value=22242.0
    [iter 1097808] reheat + diversify: ceiling=0.00, value=24598.0
    [iter 1103561] reheat + diversify: ceiling=0.00, value=21490.0
    [iter 1109314] reheat + diversify: ceiling=0.00, value=22642.0
    [iter 1115067] reheat + diversify: ceiling=0.00, value=18028.0
    [iter 1120820] reheat + diversify: ceiling=0.00, value=21712.0
    [iter 1126573] reheat + diversify: ceiling=0.00, value=20908.0
    [iter 1132326] reheat + diversify: ceiling=0.00, value=20474.0
    [iter 1138079] reheat + diversify: ceiling=0.00, value=23748.0
    [iter 1143832] reheat + diversify: ceiling=0.00, value=20514.0
    [iter 1149585] reheat + diversify: ceiling=0.00, value=23880.0
    [iter 1155338] reheat + diversify: ceiling=0.00, value=23314.0
    [iter 1161091] reheat + diversify: ceiling=0.00, value=21712.0
    [iter 1166844] reheat + diversify: ceiling=0.00, value=20822.0
    [iter 1172597] reheat + diversify: ceiling=0.00, value=22858.0
    [iter 1178350] reheat + diversify: ceiling=0.00, value=22328.0
    [iter 1184103] reheat + diversify: ceiling=0.00, value=19414.0
    [iter 1189856] reheat + diversify: ceiling=0.00, value=21484.0
    [iter 1195609] reheat + diversify: ceiling=0.00, value=21096.0
    [iter 1201362] reheat + diversify: ceiling=0.00, value=19180.0
    [iter 1207115] reheat + diversify: ceiling=0.00, value=22550.0
    [iter 1212868] reheat + diversify: ceiling=0.00, value=18250.0
    [iter 1218621] reheat + diversify: ceiling=0.00, value=22818.0
    [iter 1224374] reheat + diversify: ceiling=0.00, value=21752.0
    [iter 1230127] reheat + diversify: ceiling=0.00, value=18872.0
    [iter 1235880] reheat + diversify: ceiling=0.00, value=21798.0
    [iter 1241633] reheat + diversify: ceiling=0.00, value=23036.0
    [iter 1247386] reheat + diversify: ceiling=0.00, value=23132.0
    [iter 1253139] reheat + diversify: ceiling=0.00, value=20686.0
    [iter 1258892] reheat + diversify: ceiling=0.00, value=23976.0
    [iter 1264645] reheat + diversify: ceiling=0.00, value=19978.0
    [iter 1270398] reheat + diversify: ceiling=0.00, value=23258.0
    [iter 1276151] reheat + diversify: ceiling=0.00, value=23480.0
    [iter 1281904] reheat + diversify: ceiling=0.00, value=22550.0
    [iter 1287657] reheat + diversify: ceiling=0.00, value=22020.0
    [iter 1293410] reheat + diversify: ceiling=0.00, value=19858.0
    [iter 1299163] reheat + diversify: ceiling=0.00, value=19180.0
    [iter 1304916] reheat + diversify: ceiling=0.00, value=22864.0
    [iter 1310669] reheat + diversify: ceiling=0.00, value=21056.0
    [iter 1316422] reheat + diversify: ceiling=0.00, value=24900.0
    [iter 1322175] reheat + diversify: ceiling=0.00, value=22026.0
    [iter 1327928] reheat + diversify: ceiling=0.00, value=22636.0
    [iter 1333681] reheat + diversify: ceiling=0.00, value=24774.0
    [iter 1339434] reheat + diversify: ceiling=0.00, value=20782.0
    [iter 1345187] reheat + diversify: ceiling=0.00, value=22818.0
    [iter 1350940] reheat + diversify: ceiling=0.00, value=20868.0
    [iter 1356693] reheat + diversify: ceiling=0.00, value=22550.0
    [iter 1362446] reheat + diversify: ceiling=0.00, value=24410.0
    [iter 1368199] reheat + diversify: ceiling=0.00, value=19362.0
    [iter 1373952] reheat + diversify: ceiling=0.00, value=20378.0
    [iter 1379705] reheat + diversify: ceiling=0.00, value=23132.0
    [iter 1385458] reheat + diversify: ceiling=0.00, value=23662.0
    [iter 1391211] reheat + diversify: ceiling=0.00, value=22020.0
    [iter 1396964] reheat + diversify: ceiling=0.00, value=21838.0
    [iter 1402717] reheat + diversify: ceiling=0.00, value=22242.0
    [iter 1408470] reheat + diversify: ceiling=0.00, value=20822.0
    [iter 1414223] reheat + diversify: ceiling=0.00, value=22516.0
    [iter 1419976] reheat + diversify: ceiling=0.00, value=23662.0
    [iter 1425729] reheat + diversify: ceiling=0.00, value=23970.0
    [iter 1431482] reheat + diversify: ceiling=0.00, value=12622.0
    [iter 1437235] reheat + diversify: ceiling=0.00, value=23788.0
    [iter 1442988] reheat + diversify: ceiling=0.00, value=21706.0
    [iter 1448741] reheat + diversify: ceiling=0.00, value=22020.0
    [iter 1454494] reheat + diversify: ceiling=0.00, value=17452.0
    [iter 1460247] reheat + diversify: ceiling=0.00, value=24284.0
    [iter 1466000] reheat + diversify: ceiling=0.00, value=25260.0
    [iter 1471753] reheat + diversify: ceiling=0.00, value=19978.0
    [iter 1477506] reheat + diversify: ceiling=0.00, value=18250.0
    [iter 1483259] reheat + diversify: ceiling=0.00, value=24552.0
    [iter 1489012] reheat + diversify: ceiling=0.00, value=22550.0
    [iter 1494765] reheat + diversify: ceiling=0.00, value=23172.0
    [iter 1500518] reheat + diversify: ceiling=0.00, value=21444.0
    [iter 1506271] reheat + diversify: ceiling=0.00, value=21176.0
    [iter 1512024] reheat + diversify: ceiling=0.00, value=20692.0
    [iter 1517777] reheat + diversify: ceiling=0.00, value=22858.0
    [iter 1523530] reheat + diversify: ceiling=0.00, value=24900.0
    [iter 1529283] reheat + diversify: ceiling=0.00, value=20782.0
    [iter 1535036] reheat + diversify: ceiling=0.00, value=16522.0
    [iter 1540789] reheat + diversify: ceiling=0.00, value=22020.0
    [iter 1546542] reheat + diversify: ceiling=0.00, value=22020.0
    [iter 1552295] reheat + diversify: ceiling=0.00, value=20908.0
    [iter 1558048] reheat + diversify: ceiling=0.00, value=22060.0
    [iter 1563801] reheat + diversify: ceiling=0.00, value=22990.0
    [iter 1569554] reheat + diversify: ceiling=0.00, value=22858.0
    [iter 1575307] reheat + diversify: ceiling=0.00, value=23354.0
    [iter 1581060] reheat + diversify: ceiling=0.00, value=20822.0
    [iter 1586813] reheat + diversify: ceiling=0.00, value=21934.0
    [iter 1592566] reheat + diversify: ceiling=0.00, value=22020.0
    [iter 1598319] reheat + diversify: ceiling=0.00, value=19756.0
    [iter 1604072] reheat + diversify: ceiling=0.00, value=19802.0
    [iter 1609825] reheat + diversify: ceiling=0.00, value=23920.0
    [iter 1615578] reheat + diversify: ceiling=0.00, value=20474.0
    [iter 1621331] reheat + diversify: ceiling=0.00, value=25396.0
    [iter 1627084] reheat + diversify: ceiling=0.00, value=21398.0
    [iter 1632837] reheat + diversify: ceiling=0.00, value=21934.0
    [iter 1638590] reheat + diversify: ceiling=0.00, value=20554.0
    [iter 1644343] reheat + diversify: ceiling=0.00, value=20782.0
    [iter 1650096] reheat + diversify: ceiling=0.00, value=20822.0
    [iter 1655849] reheat + diversify: ceiling=0.00, value=22374.0
    [iter 1661602] reheat + diversify: ceiling=0.00, value=14128.0
    [iter 1667355] reheat + diversify: ceiling=0.00, value=18250.0
    [iter 1673108] reheat + diversify: ceiling=0.00, value=22248.0
    [iter 1678861] reheat + diversify: ceiling=0.00, value=18826.0
    [iter 1684614] reheat + diversify: ceiling=0.00, value=18382.0
    [iter 1690367] reheat + diversify: ceiling=0.00, value=20332.0
    [iter 1696120] reheat + diversify: ceiling=0.00, value=21090.0
    [iter 1701873] reheat + diversify: ceiling=0.00, value=21130.0
    [iter 1707626] reheat + diversify: ceiling=0.00, value=19756.0
    [iter 1713379] reheat + diversify: ceiling=0.00, value=22950.0
    [iter 1719132] reheat + diversify: ceiling=0.00, value=19670.0
    [iter 1724885] reheat + diversify: ceiling=0.00, value=23132.0
    [iter 1730638] reheat + diversify: ceiling=0.00, value=23748.0
    [iter 1736391] reheat + diversify: ceiling=0.00, value=24466.0
    [iter 1742144] reheat + diversify: ceiling=0.00, value=24986.0
    [iter 1747897] reheat + diversify: ceiling=0.00, value=23788.0
    [iter 1753650] reheat + diversify: ceiling=0.00, value=20908.0
    [iter 1759403] reheat + diversify: ceiling=0.00, value=15370.0
    [iter 1765156] reheat + diversify: ceiling=0.00, value=27564.0
    [iter 1770909] reheat + diversify: ceiling=0.00, value=19888.0
    [iter 1776662] reheat + diversify: ceiling=0.00, value=22858.0
    [iter 1782415] reheat + diversify: ceiling=0.00, value=23662.0
    [iter 1788168] reheat + diversify: ceiling=0.00, value=23970.0
    [iter 1793921] reheat + diversify: ceiling=0.00, value=22768.0
    [iter 1799674] reheat + diversify: ceiling=0.00, value=19180.0
    [iter 1805427] reheat + diversify: ceiling=0.00, value=22122.0
    [iter 1811180] reheat + diversify: ceiling=0.00, value=23970.0
    [iter 1816933] reheat + diversify: ceiling=0.00, value=24552.0
    [iter 1822686] reheat + diversify: ceiling=0.00, value=21894.0
    [iter 1828439] reheat + diversify: ceiling=0.00, value=23172.0
    [iter 1834192] reheat + diversify: ceiling=0.00, value=18826.0
    [iter 1839945] reheat + diversify: ceiling=0.00, value=22824.0
    [iter 1845698] reheat + diversify: ceiling=0.00, value=21040.0
    [iter 1851451] reheat + diversify: ceiling=0.00, value=18382.0
    [iter 1857204] reheat + diversify: ceiling=0.00, value=21136.0
    [iter 1862957] reheat + diversify: ceiling=0.00, value=19402.0
    [iter 1868710] reheat + diversify: ceiling=0.00, value=20908.0
    [iter 1874463] reheat + diversify: ceiling=0.00, value=22020.0
    [iter 1880216] reheat + diversify: ceiling=0.00, value=26942.0
    [iter 1885969] reheat + diversify: ceiling=0.00, value=24774.0
    [iter 1891722] reheat + diversify: ceiling=0.00, value=25704.0
    [iter 1897475] reheat + diversify: ceiling=0.00, value=20874.0
    [iter 1903228] reheat + diversify: ceiling=0.00, value=21586.0
    [iter 1908981] reheat + diversify: ceiling=0.00, value=24900.0
    [iter 1914734] reheat + diversify: ceiling=0.00, value=22060.0
    [iter 1920487] reheat + diversify: ceiling=0.00, value=22864.0
    [iter 1926240] reheat + diversify: ceiling=0.00, value=18958.0
    [iter 1931993] reheat + diversify: ceiling=0.00, value=16078.0
    [iter 1937746] reheat + diversify: ceiling=0.00, value=22328.0
    [iter 1943499] reheat + diversify: ceiling=0.00, value=23970.0
    [iter 1949252] reheat + diversify: ceiling=0.00, value=21626.0
    [iter 1955005] reheat + diversify: ceiling=0.00, value=20908.0
    [iter 1960758] reheat + diversify: ceiling=0.00, value=22328.0
    [iter 1966511] reheat + diversify: ceiling=0.00, value=18604.0
    [iter 1972264] reheat + diversify: ceiling=0.00, value=18250.0
    [iter 1978017] reheat + diversify: ceiling=0.00, value=16300.0
    [iter 1983770] reheat + diversify: ceiling=0.00, value=17286.0
    [iter 1989523] reheat + diversify: ceiling=0.00, value=21752.0
    [iter 1995276] reheat + diversify: ceiling=0.00, value=21838.0
    [iter 2001029] reheat + diversify: ceiling=0.00, value=16300.0
    [iter 2006782] reheat + diversify: ceiling=0.00, value=23970.0
    [iter 2012535] reheat + diversify: ceiling=0.00, value=26942.0
    [iter 2018288] reheat + diversify: ceiling=0.00, value=23046.0
    [iter 2024041] reheat + diversify: ceiling=0.00, value=16654.0
    [iter 2029794] reheat + diversify: ceiling=0.00, value=22858.0
    [iter 2035547] reheat + diversify: ceiling=0.00, value=23662.0
    [iter 2041300] reheat + diversify: ceiling=0.00, value=18746.0
    [iter 2047053] reheat + diversify: ceiling=0.00, value=25704.0
    [iter 2052806] reheat + diversify: ceiling=0.00, value=23788.0
    [iter 2058559] reheat + diversify: ceiling=0.00, value=21404.0
    [iter 2064312] reheat + diversify: ceiling=0.00, value=22858.0
    [iter 2070065] reheat + diversify: ceiling=0.00, value=25704.0
    [iter 2075818] reheat + diversify: ceiling=0.00, value=22020.0
    [iter 2081571] reheat + diversify: ceiling=0.00, value=18826.0
    [iter 2087324] reheat + diversify: ceiling=0.00, value=23662.0
    [iter 2093077] reheat + diversify: ceiling=0.00, value=21934.0
    [iter 2098830] reheat + diversify: ceiling=0.00, value=12622.0
    [iter 2104583] reheat + diversify: ceiling=0.00, value=23354.0
    [iter 2110336] reheat + diversify: ceiling=0.00, value=21404.0
    [iter 2116089] reheat + diversify: ceiling=0.00, value=24906.0
    [iter 2121842] reheat + diversify: ceiling=0.00, value=24284.0
    [iter 2127595] reheat + diversify: ceiling=0.00, value=24718.0
    [iter 2133348] reheat + diversify: ceiling=0.00, value=22818.0
    [iter 2139101] reheat + diversify: ceiling=0.00, value=12844.0
    [iter 2144854] reheat + diversify: ceiling=0.00, value=21130.0
    [iter 2150607] reheat + diversify: ceiling=0.00, value=23046.0
    [iter 2156360] reheat + diversify: ceiling=0.00, value=23662.0
    [iter 2162113] reheat + diversify: ceiling=0.00, value=25704.0
    [iter 2167866] reheat + diversify: ceiling=0.00, value=24592.0
    [iter 2173619] reheat + diversify: ceiling=0.00, value=20908.0
    [iter 2179372] reheat + diversify: ceiling=0.00, value=23668.0
    [iter 2185125] reheat + diversify: ceiling=0.00, value=19402.0
    [iter 2190878] reheat + diversify: ceiling=0.00, value=23258.0
    [iter 2196631] reheat + diversify: ceiling=0.00, value=25214.0
    [iter 2202384] reheat + diversify: ceiling=0.00, value=23970.0
    [iter 2208137] reheat + diversify: ceiling=0.00, value=22864.0
    [iter 2213890] reheat + diversify: ceiling=0.00, value=23976.0
    [iter 2219643] reheat + diversify: ceiling=0.00, value=19756.0
    [iter 2225396] reheat + diversify: ceiling=0.00, value=21712.0
    [iter 2231149] reheat + diversify: ceiling=0.00, value=23748.0
    [iter 2236902] reheat + diversify: ceiling=0.00, value=24774.0
    [iter 2242655] reheat + diversify: ceiling=0.00, value=22858.0
    [iter 2248408] reheat + diversify: ceiling=0.00, value=22020.0
    [iter 2254161] reheat + diversify: ceiling=0.00, value=23172.0
    [iter 2259914] reheat + diversify: ceiling=0.00, value=22060.0
    [iter 2265667] reheat + diversify: ceiling=0.00, value=22248.0
    [iter 2271420] reheat + diversify: ceiling=0.00, value=23970.0
    [iter 2277173] reheat + diversify: ceiling=0.00, value=23668.0
    [iter 2282926] reheat + diversify: ceiling=0.00, value=22818.0
    [iter 2288679] reheat + diversify: ceiling=0.00, value=23662.0
    [iter 2294432] reheat + diversify: ceiling=0.00, value=21894.0
    [iter 2300185] reheat + diversify: ceiling=0.00, value=17452.0
    [iter 2305938] reheat + diversify: ceiling=0.00, value=22550.0
    [iter 2311691] reheat + diversify: ceiling=0.00, value=18382.0
    [iter 2317444] reheat + diversify: ceiling=0.00, value=23264.0
    [iter 2323197] reheat + diversify: ceiling=0.00, value=20252.0
    [iter 2328950] reheat + diversify: ceiling=0.00, value=22242.0
    [iter 2334703] reheat + diversify: ceiling=0.00, value=24718.0
    [iter 2340456] reheat + diversify: ceiling=0.00, value=22556.0
    [iter 2346209] reheat + diversify: ceiling=0.00, value=21278.0
    [iter 2351962] reheat + diversify: ceiling=0.00, value=23440.0
    [iter 2357715] reheat + diversify: ceiling=0.00, value=23046.0
    [iter 2363468] reheat + diversify: ceiling=0.00, value=17098.0
    [iter 2369221] reheat + diversify: ceiling=0.00, value=24774.0
    [iter 2374974] reheat + diversify: ceiling=0.00, value=18958.0
    [iter 2380727] reheat + diversify: ceiling=0.00, value=21586.0
    [iter 2386480] reheat + diversify: ceiling=0.00, value=22864.0
    [iter 2392233] reheat + diversify: ceiling=0.00, value=25704.0
    [iter 2397986] reheat + diversify: ceiling=0.00, value=21484.0
    [iter 2403739] reheat + diversify: ceiling=0.00, value=24284.0
    [iter 2409492] reheat + diversify: ceiling=0.00, value=20110.0
    [iter 2415245] reheat + diversify: ceiling=0.00, value=22858.0
    [iter 2420998] reheat + diversify: ceiling=0.00, value=24774.0
    [iter 2426751] reheat + diversify: ceiling=0.00, value=18028.0
    [iter 2432504] reheat + diversify: ceiling=0.00, value=19226.0
    [iter 2438257] reheat + diversify: ceiling=0.00, value=20822.0
    [iter 2444010] reheat + diversify: ceiling=0.00, value=19402.0
    [iter 2449763] reheat + diversify: ceiling=0.00, value=22738.0
    [iter 2455516] reheat + diversify: ceiling=0.00, value=22026.0
    [iter 2461269] reheat + diversify: ceiling=0.00, value=22738.0
    [iter 2467022] reheat + diversify: ceiling=0.00, value=19362.0
    [iter 2472775] reheat + diversify: ceiling=0.00, value=21672.0
    [iter 2478528] reheat + diversify: ceiling=0.00, value=22688.0
    [iter 2484281] reheat + diversify: ceiling=0.00, value=21706.0
    [iter 2490034] reheat + diversify: ceiling=0.00, value=21130.0
    [iter 2495787] reheat + diversify: ceiling=0.00, value=23668.0
    [iter 2501540] reheat + diversify: ceiling=0.00, value=19448.0
    [iter 2507293] reheat + diversify: ceiling=0.00, value=18604.0
    [iter 2513046] reheat + diversify: ceiling=0.00, value=18250.0
    [iter 2518799] reheat + diversify: ceiling=0.00, value=26942.0
    [iter 2524552] reheat + diversify: ceiling=0.00, value=23480.0
    [iter 2530305] reheat + diversify: ceiling=0.00, value=21262.0
    [iter 2536058] reheat + diversify: ceiling=0.00, value=24370.0
    [iter 2541811] reheat + diversify: ceiling=0.00, value=19756.0
    [iter 2547564] reheat + diversify: ceiling=0.00, value=21712.0
    [iter 2553317] reheat + diversify: ceiling=0.00, value=20474.0
    [iter 2559070] reheat + diversify: ceiling=0.00, value=23880.0
    [iter 2564823] reheat + diversify: ceiling=0.00, value=24900.0
    [iter 2570576] reheat + diversify: ceiling=0.00, value=17452.0
    [iter 2576329] reheat + diversify: ceiling=0.00, value=18250.0
    [iter 2582082] reheat + diversify: ceiling=0.00, value=21934.0
    [iter 2587835] reheat + diversify: ceiling=0.00, value=22328.0
    [iter 2593588] reheat + diversify: ceiling=0.00, value=18160.0
    [iter 2599341] reheat + diversify: ceiling=0.00, value=25830.0
    [iter 2605094] reheat + diversify: ceiling=0.00, value=21838.0
    [iter 2610847] reheat + diversify: ceiling=0.00, value=21752.0
    [iter 2616600] reheat + diversify: ceiling=0.00, value=21090.0
    [iter 2622353] reheat + diversify: ceiling=0.00, value=21712.0
    [iter 2628106] reheat + diversify: ceiling=0.00, value=20378.0
    [iter 2633859] reheat + diversify: ceiling=0.00, value=23046.0
    [iter 2639612] reheat + diversify: ceiling=0.00, value=22112.0
    [iter 2645365] reheat + diversify: ceiling=0.00, value=23880.0
    [iter 2651118] reheat + diversify: ceiling=0.00, value=21398.0
    [iter 2656871] reheat + diversify: ceiling=0.00, value=22990.0
    [iter 2662624] reheat + diversify: ceiling=0.00, value=20206.0
    [iter 2668377] reheat + diversify: ceiling=0.00, value=24678.0
    [iter 2674130] reheat + diversify: ceiling=0.00, value=21706.0
    [iter 2679883] reheat + diversify: ceiling=0.00, value=20070.0
    [iter 2685636] reheat + diversify: ceiling=0.00, value=22682.0
    [iter 2691389] reheat + diversify: ceiling=0.00, value=19402.0
    [iter 2697142] reheat + diversify: ceiling=0.00, value=23172.0
    [iter 2702895] reheat + diversify: ceiling=0.00, value=22328.0
    [iter 2708648] reheat + diversify: ceiling=0.00, value=22020.0
    [iter 2714401] reheat + diversify: ceiling=0.00, value=23258.0
    [iter 2720154] reheat + diversify: ceiling=0.00, value=25482.0
    [iter 2725907] reheat + diversify: ceiling=0.00, value=23970.0
    [iter 2731660] reheat + diversify: ceiling=0.00, value=23480.0
    [iter 2737413] reheat + diversify: ceiling=0.00, value=18382.0
    [iter 2743166] reheat + diversify: ceiling=0.00, value=20332.0
    [iter 2748919] reheat + diversify: ceiling=0.00, value=23218.0
    [iter 2754672] reheat + diversify: ceiling=0.00, value=21090.0
    [iter 2760425] reheat + diversify: ceiling=0.00, value=22060.0
    [iter 2766178] reheat + diversify: ceiling=0.00, value=17988.0
    [iter 2771931] reheat + diversify: ceiling=0.00, value=23976.0
    [iter 2777684] reheat + diversify: ceiling=0.00, value=22642.0
    [iter 2783437] reheat + diversify: ceiling=0.00, value=18296.0
    [iter 2789190] reheat + diversify: ceiling=0.00, value=18604.0
    [iter 2794943] reheat + diversify: ceiling=0.00, value=21712.0
    [iter 2800696] reheat + diversify: ceiling=0.00, value=24188.0
    [iter 2806449] reheat + diversify: ceiling=0.00, value=22328.0
    [iter 2812202] reheat + diversify: ceiling=0.00, value=22060.0
    [iter 2817955] reheat + diversify: ceiling=0.00, value=23480.0
    [iter 2823708] reheat + diversify: ceiling=0.00, value=22516.0
    [iter 2829461] reheat + diversify: ceiling=0.00, value=24552.0
    [iter 2835214] reheat + diversify: ceiling=0.00, value=22990.0
    [iter 2840967] reheat + diversify: ceiling=0.00, value=23132.0
    [iter 2846720] reheat + diversify: ceiling=0.00, value=23970.0
    [iter 2852473] reheat + diversify: ceiling=0.00, value=21838.0
    [iter 2858226] reheat + diversify: ceiling=0.00, value=22858.0
    [iter 2863979] reheat + diversify: ceiling=0.00, value=22192.0
    [iter 2869732] reheat + diversify: ceiling=0.00, value=24592.0
    [iter 2875485] reheat + diversify: ceiling=0.00, value=24552.0
    [iter 2881238] reheat + diversify: ceiling=0.00, value=16876.0
    [iter 2886991] reheat + diversify: ceiling=0.00, value=10894.0
    [iter 2892744] reheat + diversify: ceiling=0.00, value=21262.0
    [iter 2898497] reheat + diversify: ceiling=0.00, value=23354.0
    [iter 2904250] reheat + diversify: ceiling=0.00, value=24410.0
    [iter 2910003] reheat + diversify: ceiling=0.00, value=22738.0
    [iter 2915756] reheat + diversify: ceiling=0.00, value=19978.0
    [iter 2921509] reheat + diversify: ceiling=0.00, value=21318.0
    [iter 2927262] reheat + diversify: ceiling=0.00, value=16300.0
    [iter 2933015] reheat + diversify: ceiling=0.00, value=21096.0
    [iter 2938768] reheat + diversify: ceiling=0.00, value=23668.0
    [iter 2944521] reheat + diversify: ceiling=0.00, value=21398.0
    [iter 2950274] reheat + diversify: ceiling=0.00, value=23970.0
    [iter 2956027] reheat + diversify: ceiling=0.00, value=24284.0
    [iter 2961780] reheat + diversify: ceiling=0.00, value=17452.0
    [iter 2967533] reheat + diversify: ceiling=0.00, value=19362.0
    [iter 2973286] reheat + diversify: ceiling=0.00, value=21894.0
    [iter 2979039] reheat + diversify: ceiling=0.00, value=19756.0
    [iter 2984792] reheat + diversify: ceiling=0.00, value=22020.0
    [iter 2990545] reheat + diversify: ceiling=0.00, value=16522.0
    [iter 2996298] reheat + diversify: ceiling=0.00, value=21484.0
    [iter 3002051] reheat + diversify: ceiling=0.00, value=18826.0
    [iter 3007804] reheat + diversify: ceiling=0.00, value=19978.0
    [iter 3013557] reheat + diversify: ceiling=0.00, value=18250.0
    [iter 3019310] reheat + diversify: ceiling=0.00, value=22202.0
    [iter 3025063] reheat + diversify: ceiling=0.00, value=23970.0
    [iter 3030816] reheat + diversify: ceiling=0.00, value=15370.0
    [iter 3036569] reheat + diversify: ceiling=0.00, value=21980.0
    [iter 3042322] reheat + diversify: ceiling=0.00, value=23668.0
    [iter 3048075] reheat + diversify: ceiling=0.00, value=20908.0
    [iter 3053828] reheat + diversify: ceiling=0.00, value=21838.0
    [iter 3059581] reheat + diversify: ceiling=0.00, value=21934.0
    [iter 3065334] reheat + diversify: ceiling=0.00, value=24284.0
    [iter 3071087] reheat + diversify: ceiling=0.00, value=24410.0
    [iter 3076840] reheat + diversify: ceiling=0.00, value=18250.0
    [iter 3082593] reheat + diversify: ceiling=0.00, value=25704.0
    [iter 3088346] reheat + diversify: ceiling=0.00, value=23172.0
    [iter 3094099] reheat + diversify: ceiling=0.00, value=22950.0
    [iter 3099852] reheat + diversify: ceiling=0.00, value=24592.0
    [iter 3105605] reheat + diversify: ceiling=0.00, value=22328.0
    [iter 3111358] reheat + diversify: ceiling=0.00, value=21398.0
    [iter 3117111] reheat + diversify: ceiling=0.00, value=23258.0
    [iter 3122864] reheat + diversify: ceiling=0.00, value=24900.0
    [iter 3128617] reheat + diversify: ceiling=0.00, value=16078.0
    [iter 3134370] reheat + diversify: ceiling=0.00, value=23970.0
    [iter 3140123] reheat + diversify: ceiling=0.00, value=23172.0
    [iter 3145876] reheat + diversify: ceiling=0.00, value=23662.0
    [iter 3151629] reheat + diversify: ceiling=0.00, value=23566.0
    [iter 3157382] reheat + diversify: ceiling=0.00, value=23662.0
    [iter 3163135] reheat + diversify: ceiling=0.00, value=23172.0
    [iter 3168888] reheat + diversify: ceiling=0.00, value=22550.0
    [iter 3174641] reheat + diversify: ceiling=0.00, value=22242.0
    [iter 3180394] reheat + diversify: ceiling=0.00, value=22248.0
    [iter 3186147] reheat + diversify: ceiling=0.00, value=19140.0
    [iter 3191900] reheat + diversify: ceiling=0.00, value=23172.0
    [iter 3197653] reheat + diversify: ceiling=0.00, value=22550.0
    [iter 3203406] reheat + diversify: ceiling=0.00, value=20126.0
    [iter 3209159] reheat + diversify: ceiling=0.00, value=23970.0
    [iter 3214912] reheat + diversify: ceiling=0.00, value=21318.0
    [iter 3220665] reheat + diversify: ceiling=0.00, value=24900.0
    [iter 3226418] reheat + diversify: ceiling=0.00, value=23668.0
    [iter 3232171] reheat + diversify: ceiling=0.00, value=16078.0
    [iter 3237924] reheat + diversify: ceiling=0.00, value=23354.0
    [iter 3243677] reheat + diversify: ceiling=0.00, value=23788.0
    [iter 3249430] reheat + diversify: ceiling=0.00, value=25710.0
    [iter 3255183] reheat + diversify: ceiling=0.00, value=23566.0
    [iter 3260936] reheat + diversify: ceiling=0.00, value=24370.0
    [iter 3266689] reheat + diversify: ceiling=0.00, value=17230.0
    [iter 3272442] reheat + diversify: ceiling=0.00, value=22858.0
    [iter 3278195] reheat + diversify: ceiling=0.00, value=19180.0
    [iter 3283948] reheat + diversify: ceiling=0.00, value=23668.0
    [iter 3289701] reheat + diversify: ceiling=0.00, value=17230.0
    [iter 3295454] reheat + diversify: ceiling=0.00, value=23258.0
    [iter 3301207] reheat + diversify: ceiling=0.00, value=23440.0
    [iter 3306960] reheat + diversify: ceiling=0.00, value=22510.0
    [iter 3312713] reheat + diversify: ceiling=0.00, value=23976.0
    [iter 3318466] reheat + diversify: ceiling=0.00, value=22202.0
    [iter 3324219] reheat + diversify: ceiling=0.00, value=19362.0
    [iter 3329972] reheat + diversify: ceiling=0.00, value=24774.0
    [iter 3335725] reheat + diversify: ceiling=0.00, value=17674.0
    [iter 3341478] reheat + diversify: ceiling=0.00, value=22858.0
    [iter 3347231] reheat + diversify: ceiling=0.00, value=23172.0
    [iter 3352984] reheat + diversify: ceiling=0.00, value=14572.0
    [iter 3358737] reheat + diversify: ceiling=0.00, value=24906.0
    [iter 3364490] reheat + diversify: ceiling=0.00, value=23344.0
    [iter 3370243] reheat + diversify: ceiling=0.00, value=19140.0
    [iter 3375996] reheat + diversify: ceiling=0.00, value=22060.0
    [iter 3381749] reheat + diversify: ceiling=0.00, value=21090.0
    [iter 3387502] reheat + diversify: ceiling=0.00, value=23976.0
    [iter 3393255] reheat + diversify: ceiling=0.00, value=21262.0
    [iter 3399008] reheat + diversify: ceiling=0.00, value=23172.0
    [iter 3404761] reheat + diversify: ceiling=0.00, value=20788.0
    [iter 3410514] reheat + diversify: ceiling=0.00, value=22858.0
    [iter 3416267] reheat + diversify: ceiling=0.00, value=23172.0
    [iter 3422020] reheat + diversify: ceiling=0.00, value=22242.0
    [iter 3427773] reheat + diversify: ceiling=0.00, value=23788.0
    [iter 3433526] reheat + diversify: ceiling=0.00, value=20908.0
    [iter 3439279] reheat + diversify: ceiling=0.00, value=19328.0
    [iter 3445032] reheat + diversify: ceiling=0.00, value=16432.0
    [iter 3450785] reheat + diversify: ceiling=0.00, value=23046.0
    [iter 3456538] reheat + diversify: ceiling=0.00, value=20514.0
    [iter 3462291] reheat + diversify: ceiling=0.00, value=21616.0
    [iter 3468044] reheat + diversify: ceiling=0.00, value=24370.0
    [iter 3473797] reheat + diversify: ceiling=0.00, value=21000.0
    [iter 3479550] reheat + diversify: ceiling=0.00, value=16522.0
    [iter 3485303] reheat + diversify: ceiling=0.00, value=22242.0
    [iter 3491056] reheat + diversify: ceiling=0.00, value=23440.0
    [iter 3496809] reheat + diversify: ceiling=0.00, value=18604.0
    [iter 3502562] reheat + diversify: ceiling=0.00, value=22636.0
    [iter 3508315] reheat + diversify: ceiling=0.00, value=13642.0
    [iter 3514068] reheat + diversify: ceiling=0.00, value=22020.0
    [iter 3519821] reheat + diversify: ceiling=0.00, value=18382.0
    [iter 3525574] reheat + diversify: ceiling=0.00, value=23566.0
    [iter 3531327] reheat + diversify: ceiling=0.00, value=23046.0
    [iter 3537080] reheat + diversify: ceiling=0.00, value=20868.0
    [iter 3542833] reheat + diversify: ceiling=0.00, value=22122.0
    [iter 3548586] reheat + diversify: ceiling=0.00, value=23172.0
    [iter 3554339] reheat + diversify: ceiling=0.00, value=19984.0
    [iter 3560092] reheat + diversify: ceiling=0.00, value=21136.0
    [iter 3565845] reheat + diversify: ceiling=0.00, value=23440.0
    [iter 3571598] reheat + diversify: ceiling=0.00, value=14794.0
    [iter 3577351] reheat + diversify: ceiling=0.00, value=21404.0
    [iter 3583104] reheat + diversify: ceiling=0.00, value=23970.0
    [iter 3588857] reheat + diversify: ceiling=0.00, value=24718.0
    [iter 3594610] reheat + diversify: ceiling=0.00, value=22072.0
    [iter 3600363] reheat + diversify: ceiling=0.00, value=22858.0
    [iter 3606116] reheat + diversify: ceiling=0.00, value=21130.0
    [iter 3611869] reheat + diversify: ceiling=0.00, value=17452.0
    [iter 3617622] reheat + diversify: ceiling=0.00, value=21130.0
    [iter 3623375] reheat + diversify: ceiling=0.00, value=21444.0
    [iter 3629128] reheat + diversify: ceiling=0.00, value=21130.0
    [iter 3634881] reheat + diversify: ceiling=0.00, value=23748.0
    [iter 3640634] reheat + diversify: ceiling=0.00, value=25710.0
    [iter 3646387] reheat + diversify: ceiling=0.00, value=21838.0
    [iter 3652140] reheat + diversify: ceiling=0.00, value=22950.0
    [iter 3657893] reheat + diversify: ceiling=0.00, value=19534.0
    [iter 3663646] reheat + diversify: ceiling=0.00, value=22858.0
    [iter 3669399] reheat + diversify: ceiling=0.00, value=23172.0
    [iter 3675152] reheat + diversify: ceiling=0.00, value=23480.0
    [iter 3680905] reheat + diversify: ceiling=0.00, value=23970.0
    [iter 3686658] reheat + diversify: ceiling=0.00, value=23218.0
    [iter 3692411] reheat + diversify: ceiling=0.00, value=20908.0
    [iter 3698164] reheat + diversify: ceiling=0.00, value=21090.0
    [iter 3703917] reheat + diversify: ceiling=0.00, value=25214.0
    [iter 3709670] reheat + diversify: ceiling=0.00, value=18604.0
    [iter 3715423] reheat + diversify: ceiling=0.00, value=26326.0
    [iter 3721176] reheat + diversify: ceiling=0.00, value=17452.0
    [iter 3726929] reheat + diversify: ceiling=0.00, value=14572.0
    [iter 3728482] *** NEW BEST: value 28984.0, boxes 22/40, T=476.1, elapsed=868.5s
    [iter 3734235] reheat + diversify: ceiling=0.00, value=22060.0
    [iter 3739988] reheat + diversify: ceiling=0.00, value=20110.0
    [iter 3745741] reheat + diversify: ceiling=0.00, value=24102.0
    [iter 3751494] reheat + diversify: ceiling=0.00, value=21398.0
    [iter 3757247] reheat + diversify: ceiling=0.00, value=24900.0
    [iter 3763000] reheat + diversify: ceiling=0.00, value=24906.0
    [iter 3768753] reheat + diversify: ceiling=0.00, value=20332.0
    [iter 3774506] reheat + diversify: ceiling=0.00, value=22334.0
    [iter 3780259] reheat + diversify: ceiling=0.00, value=22556.0
    [iter 3786012] reheat + diversify: ceiling=0.00, value=22738.0
    [iter 3791765] reheat + diversify: ceiling=0.00, value=19978.0
    [iter 3797518] reheat + diversify: ceiling=0.00, value=24102.0
    [iter 3803271] reheat + diversify: ceiling=0.00, value=23354.0
    [iter 3809024] reheat + diversify: ceiling=0.00, value=23970.0
    [iter 3814777] reheat + diversify: ceiling=0.00, value=25704.0
    [iter 3820530] reheat + diversify: ceiling=0.00, value=23788.0
    [iter 3826283] reheat + diversify: ceiling=0.00, value=23662.0
    [iter 3832036] reheat + diversify: ceiling=0.00, value=20252.0
    [iter 3837789] reheat + diversify: ceiling=0.00, value=22950.0
    [iter 3843542] reheat + diversify: ceiling=0.00, value=25704.0
    [iter 3849295] reheat + diversify: ceiling=0.00, value=23258.0
    [iter 3855048] reheat + diversify: ceiling=0.00, value=22106.0
    [iter 3860801] reheat + diversify: ceiling=0.00, value=25522.0
  time limit reached at iteration 3864313
  SA finished: 3864313 iterations in 900.0s (4294 it/s), accepted 3174919 (82.2%), rejected 689393, neutral 2699240 (69.9%), worsening accepted 40.8%, no-move draws 0, reheats 669
  SA: value 28984.0 (greedy 17584.0, +11400.0), bound 34128.0, gap 15.07%, util 89.2%
  report -> /home/mcaspar/3DMHKP/results_3DMHKP_ep3/ep3-40-D-C-50-3DMHKP-SA-a0.999-r0.25-t900s.txt

================================================================================================
SUMMARY
================================================================================================
instance      boxes  packed       greedy     SA value        bound      gap    util    iters    time
------------------------------------------------------------------------------------------------
ep3-40-D-C-50     40      22      17584.0      28984.0      34128.0   15.1%   89.2%  3864313  900.0s
------------------------------------------------------------------------------------------------
proven optimal (value reaches the upper bound): 0/1
improved over greedy: 1/1 (total value 17584.0 -> 28984.0, +64.83%)
mean gap to 0-1 knapsack bound: 15.1%
mean volume utilization: 89.2%
