============================================================
  Solver:     3DMHKP-SA.py
  Instance:   /home/mcaspar/3DMHKP/Egeblad/ep3-40-F-C-50.txt
  Value mode: flat
  Timelimit:  900s
  Reports:    /home/mcaspar/3DMHKP/results_3DMHKP_ep3
  CPUs:       1
============================================================
======================================================================
3DMHKP Simulated Annealing (random single-neighbour, sequence decoder)
SA params: T0=5% of f(S_0), alpha=0.999, T_min=0.001, reheat_threshold=5753, reheat_fraction=0.25
Move weights: {'relocate': 0.0, 'swap': 1.0, '2opt': 0.0, 'promote': 1.5, 'demote': 1.5, 'orient': 1.0, 'container': 0.5}
Time limit: 900.0s per instance, seed 1713542849
======================================================================

======================================================================
ep3-40-F-C-50: 40 boxes (5 types), 1 containers (1 types)
  0-1 knapsack bound: 225834.0 (continuous relaxation: 227802.5)
  initial (value-density) decode: value 168428.0 (17/40 boxes)
  T0 = 2901.4 (calibrated, 321 worsening draws, target accept 35%)
  schedule: time-based, T0 -> 661.43 over 900s
    [iter 12] *** NEW BEST: value 173672.0, boxes 18/40, T=2900.4, elapsed=0.2s
    [iter 5300] *** NEW BEST: value 179472.0, boxes 20/40, T=2893.2, elapsed=1.7s
    [iter 5336] *** NEW BEST: value 179960.0, boxes 20/40, T=2893.2, elapsed=1.7s
    [iter 6173] *** NEW BEST: value 180676.0, boxes 19/40, T=2891.6, elapsed=2.1s
    [iter 7152] *** NEW BEST: value 181164.0, boxes 19/40, T=2889.7, elapsed=2.5s
    [iter 8021] *** NEW BEST: value 182208.0, boxes 20/40, T=2888.1, elapsed=2.8s
    [iter 8993] *** NEW BEST: value 183184.0, boxes 20/40, T=2886.4, elapsed=3.2s
    [iter 9101] *** NEW BEST: value 185432.0, boxes 20/40, T=2886.2, elapsed=3.2s
    [iter 14854] reheat + diversify: ceiling=725.36, value=120510.0
    [iter 20607] reheat + diversify: ceiling=652.82, value=127388.0
    [iter 26360] reheat + diversify: ceiling=587.54, value=139364.0
    [iter 26606] *** NEW BEST: value 185920.0, boxes 20/40, T=2856.9, elapsed=9.4s
    [iter 32359] reheat + diversify: ceiling=528.79, value=134778.0
    [iter 38112] reheat + diversify: ceiling=475.91, value=154374.0
    [iter 43865] reheat + diversify: ceiling=428.32, value=118414.0
    [iter 49618] reheat + diversify: ceiling=385.49, value=125266.0
    [iter 55371] reheat + diversify: ceiling=346.94, value=126216.0
    [iter 55904] *** NEW BEST: value 186408.0, boxes 20/40, T=2811.0, elapsed=19.3s
    [iter 56158] *** NEW BEST: value 187452.0, boxes 21/40, T=2810.6, elapsed=19.4s
    [iter 61911] reheat + diversify: ceiling=312.24, value=133676.0
    [iter 67664] reheat + diversify: ceiling=281.02, value=98584.0
    [iter 69969] *** NEW BEST: value 191164.0, boxes 21/40, T=2786.9, elapsed=24.5s
    [iter 75722] reheat + diversify: ceiling=252.92, value=116798.0
    [iter 77816] *** NEW BEST: value 192696.0, boxes 22/40, T=2772.4, elapsed=27.7s
    [iter 77936] *** NEW BEST: value 193672.0, boxes 22/40, T=2772.2, elapsed=27.7s
    [iter 83689] reheat + diversify: ceiling=227.63, value=136318.0
    [iter 89442] reheat + diversify: ceiling=204.86, value=114062.0
    [iter 95195] reheat + diversify: ceiling=184.38, value=130510.0
    [iter 100948] reheat + diversify: ceiling=165.94, value=115620.0
    [iter 106701] reheat + diversify: ceiling=149.35, value=110940.0
    [iter 112454] reheat + diversify: ceiling=134.41, value=121504.0
    [iter 118207] reheat + diversify: ceiling=120.97, value=128338.0
    [iter 123960] reheat + diversify: ceiling=108.87, value=133968.0
    [iter 129713] reheat + diversify: ceiling=97.99, value=130022.0
    [iter 135466] reheat + diversify: ceiling=88.19, value=116628.0
    [iter 141219] reheat + diversify: ceiling=79.37, value=134626.0
    [iter 146972] reheat + diversify: ceiling=71.43, value=132682.0
    [iter 152725] reheat + diversify: ceiling=64.29, value=112010.0
    [iter 158478] reheat + diversify: ceiling=57.86, value=145652.0
    [iter 164231] reheat + diversify: ceiling=52.07, value=127362.0
    [iter 169984] reheat + diversify: ceiling=46.87, value=140972.0
    [iter 175737] reheat + diversify: ceiling=42.18, value=115190.0
    [iter 181490] reheat + diversify: ceiling=37.96, value=135172.0
    [iter 187243] reheat + diversify: ceiling=34.17, value=148490.0
    [iter 192996] reheat + diversify: ceiling=30.75, value=130680.0
    [iter 198749] reheat + diversify: ceiling=27.67, value=160644.0
    [iter 204502] reheat + diversify: ceiling=24.91, value=157420.0
    [iter 210255] reheat + diversify: ceiling=22.42, value=115164.0
    [iter 216008] reheat + diversify: ceiling=20.17, value=135848.0
    [iter 221761] reheat + diversify: ceiling=18.16, value=132992.0
    [iter 227514] reheat + diversify: ceiling=16.34, value=162176.0
    [iter 233267] reheat + diversify: ceiling=14.71, value=141536.0
    [iter 239020] reheat + diversify: ceiling=13.24, value=113752.0
    [iter 244773] reheat + diversify: ceiling=11.91, value=139636.0
    [iter 250526] reheat + diversify: ceiling=10.72, value=133246.0
    [iter 256279] reheat + diversify: ceiling=9.65, value=126874.0
    [iter 262032] reheat + diversify: ceiling=8.68, value=118262.0
    [iter 267785] reheat + diversify: ceiling=7.82, value=141460.0
    [iter 273538] reheat + diversify: ceiling=7.03, value=145222.0
    [iter 279291] reheat + diversify: ceiling=6.33, value=153868.0
    [iter 285044] reheat + diversify: ceiling=5.70, value=134760.0
    [iter 290797] reheat + diversify: ceiling=5.13, value=139306.0
    [iter 296550] reheat + diversify: ceiling=4.62, value=128490.0
    [iter 302303] reheat + diversify: ceiling=4.15, value=115544.0
    [iter 308056] reheat + diversify: ceiling=3.74, value=124652.0
    [iter 313809] reheat + diversify: ceiling=3.36, value=137008.0
    [iter 319562] reheat + diversify: ceiling=3.03, value=113524.0
    [iter 325315] reheat + diversify: ceiling=2.73, value=116234.0
    [iter 331068] reheat + diversify: ceiling=2.45, value=125754.0
    [iter 336821] reheat + diversify: ceiling=2.21, value=141834.0
    [iter 342574] reheat + diversify: ceiling=1.99, value=130536.0
    [iter 348327] reheat + diversify: ceiling=1.79, value=118996.0
    [iter 354080] reheat + diversify: ceiling=1.61, value=135266.0
    [iter 359833] reheat + diversify: ceiling=1.45, value=134120.0
    [iter 365586] reheat + diversify: ceiling=1.30, value=136900.0
    [iter 371339] reheat + diversify: ceiling=1.17, value=136336.0
    [iter 377092] reheat + diversify: ceiling=1.06, value=131150.0
    [iter 382845] reheat + diversify: ceiling=0.95, value=143556.0
    [iter 388598] reheat + diversify: ceiling=0.86, value=135292.0
    [iter 394351] reheat + diversify: ceiling=0.77, value=133676.0
    [iter 400104] reheat + diversify: ceiling=0.69, value=121016.0
    [iter 405857] reheat + diversify: ceiling=0.62, value=137926.0
    [iter 411610] reheat + diversify: ceiling=0.56, value=135874.0
    [iter 417363] reheat + diversify: ceiling=0.50, value=114138.0
    [iter 423116] reheat + diversify: ceiling=0.45, value=139028.0
    [iter 428869] reheat + diversify: ceiling=0.41, value=142606.0
    [iter 434622] reheat + diversify: ceiling=0.37, value=144120.0
    [iter 440375] reheat + diversify: ceiling=0.33, value=126140.0
    [iter 446128] reheat + diversify: ceiling=0.30, value=126798.0
    [iter 451881] reheat + diversify: ceiling=0.27, value=143076.0
    [iter 457634] reheat + diversify: ceiling=0.24, value=135190.0
    [iter 463387] reheat + diversify: ceiling=0.22, value=135786.0
    [iter 469140] reheat + diversify: ceiling=0.20, value=131580.0
    [iter 474893] reheat + diversify: ceiling=0.18, value=136008.0
    [iter 480646] reheat + diversify: ceiling=0.16, value=131460.0
    [iter 486399] reheat + diversify: ceiling=0.14, value=130124.0
    [iter 492152] reheat + diversify: ceiling=0.13, value=147326.0
    [iter 497905] reheat + diversify: ceiling=0.12, value=137926.0
    [iter 503658] reheat + diversify: ceiling=0.10, value=121092.0
    [iter 509411] reheat + diversify: ceiling=0.09, value=124196.0
    [iter 515164] reheat + diversify: ceiling=0.08, value=134062.0
    [iter 520917] reheat + diversify: ceiling=0.08, value=119484.0
    [iter 526670] reheat + diversify: ceiling=0.07, value=131048.0
    [iter 532423] reheat + diversify: ceiling=0.06, value=128800.0
    [iter 538176] reheat + diversify: ceiling=0.06, value=138876.0
    [iter 543929] reheat + diversify: ceiling=0.05, value=109324.0
    [iter 549682] reheat + diversify: ceiling=0.04, value=129364.0
    [iter 555435] reheat + diversify: ceiling=0.04, value=109306.0
    [iter 561188] reheat + diversify: ceiling=0.04, value=136122.0
    [iter 566941] reheat + diversify: ceiling=0.03, value=126722.0
    [iter 572694] reheat + diversify: ceiling=0.03, value=133708.0
    [iter 578447] reheat + diversify: ceiling=0.03, value=124258.0
    [iter 584200] reheat + diversify: ceiling=0.02, value=143170.0
    [iter 589953] reheat + diversify: ceiling=0.02, value=132194.0
    [iter 595706] reheat + diversify: ceiling=0.02, value=153614.0
    [iter 601459] reheat + diversify: ceiling=0.02, value=128800.0
    [iter 607212] reheat + diversify: ceiling=0.02, value=126824.0
    [iter 612965] reheat + diversify: ceiling=0.01, value=123170.0
    [iter 618718] reheat + diversify: ceiling=0.01, value=130688.0
    [iter 624471] reheat + diversify: ceiling=0.01, value=134804.0
    [iter 630224] reheat + diversify: ceiling=0.01, value=141562.0
    [iter 635977] reheat + diversify: ceiling=0.01, value=155324.0
    [iter 641730] reheat + diversify: ceiling=0.01, value=135620.0
    [iter 647483] reheat + diversify: ceiling=0.01, value=126166.0
    [iter 653236] reheat + diversify: ceiling=0.01, value=132252.0
    [iter 658989] reheat + diversify: ceiling=0.01, value=151030.0
    [iter 664742] reheat + diversify: ceiling=0.01, value=129946.0
    [iter 670495] reheat + diversify: ceiling=0.00, value=111656.0
    [iter 676248] reheat + diversify: ceiling=0.00, value=131630.0
    [iter 682001] reheat + diversify: ceiling=0.00, value=110528.0
    [iter 687754] reheat + diversify: ceiling=0.00, value=135342.0
    [iter 693507] reheat + diversify: ceiling=0.00, value=155862.0
    [iter 699260] reheat + diversify: ceiling=0.00, value=146856.0
    [iter 705013] reheat + diversify: ceiling=0.00, value=128800.0
    [iter 710766] reheat + diversify: ceiling=0.00, value=123188.0
    [iter 716519] reheat + diversify: ceiling=0.00, value=159440.0
    [iter 722272] reheat + diversify: ceiling=0.00, value=117792.0
    [iter 728025] reheat + diversify: ceiling=0.00, value=132042.0
    [iter 733778] reheat + diversify: ceiling=0.00, value=132100.0
    [iter 739531] reheat + diversify: ceiling=0.00, value=153126.0
    [iter 745284] reheat + diversify: ceiling=0.00, value=122606.0
    [iter 751037] reheat + diversify: ceiling=0.00, value=127052.0
    [iter 756790] reheat + diversify: ceiling=0.00, value=141630.0
    [iter 762543] reheat + diversify: ceiling=0.00, value=153708.0
    [iter 768296] reheat + diversify: ceiling=0.00, value=136242.0
    [iter 774049] reheat + diversify: ceiling=0.00, value=119870.0
    [iter 779802] reheat + diversify: ceiling=0.00, value=144076.0
    [iter 785555] reheat + diversify: ceiling=0.00, value=158370.0
    [iter 791308] reheat + diversify: ceiling=0.00, value=132024.0
    [iter 797061] reheat + diversify: ceiling=0.00, value=135906.0
    [iter 802814] reheat + diversify: ceiling=0.00, value=130586.0
    [iter 808567] reheat + diversify: ceiling=0.00, value=151460.0
    [iter 814320] reheat + diversify: ceiling=0.00, value=136412.0
    [iter 820073] reheat + diversify: ceiling=0.00, value=121504.0
    [iter 825826] reheat + diversify: ceiling=0.00, value=119458.0
    [iter 831579] reheat + diversify: ceiling=0.00, value=134898.0
    [iter 837332] reheat + diversify: ceiling=0.00, value=146874.0
    [iter 843085] reheat + diversify: ceiling=0.00, value=130510.0
    [iter 848838] reheat + diversify: ceiling=0.00, value=144272.0
    [iter 854591] reheat + diversify: ceiling=0.00, value=127926.0
    [iter 860344] reheat + diversify: ceiling=0.00, value=122530.0
    [iter 866097] reheat + diversify: ceiling=0.00, value=124316.0
    [iter 871850] reheat + diversify: ceiling=0.00, value=119484.0
    [iter 877603] reheat + diversify: ceiling=0.00, value=130998.0
    [iter 883356] reheat + diversify: ceiling=0.00, value=117508.0
    [iter 889109] reheat + diversify: ceiling=0.00, value=142220.0
    [iter 894862] reheat + diversify: ceiling=0.00, value=132024.0
    [iter 900615] reheat + diversify: ceiling=0.00, value=161594.0
    [iter 906368] reheat + diversify: ceiling=0.00, value=125754.0
    [iter 912121] reheat + diversify: ceiling=0.00, value=115284.0
    [iter 917874] reheat + diversify: ceiling=0.00, value=150416.0
    [iter 923627] reheat + diversify: ceiling=0.00, value=115450.0
    [iter 929380] reheat + diversify: ceiling=0.00, value=131460.0
    [iter 935133] reheat + diversify: ceiling=0.00, value=128356.0
    [iter 940886] reheat + diversify: ceiling=0.00, value=145862.0
    [iter 946639] reheat + diversify: ceiling=0.00, value=154862.0
    [iter 952392] reheat + diversify: ceiling=0.00, value=117698.0
    [iter 958145] reheat + diversify: ceiling=0.00, value=143076.0
    [iter 963898] reheat + diversify: ceiling=0.00, value=119306.0
    [iter 969651] reheat + diversify: ceiling=0.00, value=123556.0
    [iter 975404] reheat + diversify: ceiling=0.00, value=146838.0
    [iter 981157] reheat + diversify: ceiling=0.00, value=138978.0
    [iter 986910] reheat + diversify: ceiling=0.00, value=124360.0
    [iter 992663] reheat + diversify: ceiling=0.00, value=156216.0
    [iter 998416] reheat + diversify: ceiling=0.00, value=121966.0
    [iter 1004169] reheat + diversify: ceiling=0.00, value=118844.0
    [iter 1009922] reheat + diversify: ceiling=0.00, value=121966.0
    [iter 1015675] reheat + diversify: ceiling=0.00, value=129458.0
    [iter 1021428] reheat + diversify: ceiling=0.00, value=117926.0
    [iter 1027181] reheat + diversify: ceiling=0.00, value=167224.0
    [iter 1032934] reheat + diversify: ceiling=0.00, value=121934.0
    [iter 1038687] reheat + diversify: ceiling=0.00, value=99856.0
    [iter 1044440] reheat + diversify: ceiling=0.00, value=138002.0
    [iter 1050193] reheat + diversify: ceiling=0.00, value=147388.0
    [iter 1055946] reheat + diversify: ceiling=0.00, value=136198.0
    [iter 1061699] reheat + diversify: ceiling=0.00, value=129964.0
    [iter 1067452] reheat + diversify: ceiling=0.00, value=105310.0
    [iter 1073205] reheat + diversify: ceiling=0.00, value=121992.0
    [iter 1078958] reheat + diversify: ceiling=0.00, value=127868.0
    [iter 1084711] reheat + diversify: ceiling=0.00, value=130586.0
    [iter 1090464] reheat + diversify: ceiling=0.00, value=151302.0
    [iter 1096217] reheat + diversify: ceiling=0.00, value=150238.0
    [iter 1101970] reheat + diversify: ceiling=0.00, value=136318.0
    [iter 1107723] reheat + diversify: ceiling=0.00, value=141030.0
    [iter 1113476] reheat + diversify: ceiling=0.00, value=147958.0
    [iter 1119229] reheat + diversify: ceiling=0.00, value=146932.0
    [iter 1124982] reheat + diversify: ceiling=0.00, value=126780.0
    [iter 1130735] reheat + diversify: ceiling=0.00, value=165222.0
    [iter 1136488] reheat + diversify: ceiling=0.00, value=148370.0
    [iter 1142241] reheat + diversify: ceiling=0.00, value=136780.0
    [iter 1147994] reheat + diversify: ceiling=0.00, value=124240.0
    [iter 1153747] reheat + diversify: ceiling=0.00, value=131638.0
    [iter 1159500] reheat + diversify: ceiling=0.00, value=179472.0
    [iter 1165253] reheat + diversify: ceiling=0.00, value=133600.0
    [iter 1171006] reheat + diversify: ceiling=0.00, value=124062.0
    [iter 1176759] reheat + diversify: ceiling=0.00, value=148876.0
    [iter 1182512] reheat + diversify: ceiling=0.00, value=132664.0
    [iter 1188265] reheat + diversify: ceiling=0.00, value=126824.0
    [iter 1194018] reheat + diversify: ceiling=0.00, value=130876.0
    [iter 1199771] reheat + diversify: ceiling=0.00, value=131536.0
    [iter 1205524] reheat + diversify: ceiling=0.00, value=122606.0
    [iter 1211277] reheat + diversify: ceiling=0.00, value=117406.0
    [iter 1217030] reheat + diversify: ceiling=0.00, value=136704.0
    [iter 1222783] reheat + diversify: ceiling=0.00, value=132682.0
    [iter 1228536] reheat + diversify: ceiling=0.00, value=119794.0
    [iter 1234289] reheat + diversify: ceiling=0.00, value=122162.0
    [iter 1240042] reheat + diversify: ceiling=0.00, value=116748.0
    [iter 1245795] reheat + diversify: ceiling=0.00, value=127774.0
    [iter 1251548] reheat + diversify: ceiling=0.00, value=153322.0
    [iter 1257301] reheat + diversify: ceiling=0.00, value=140434.0
    [iter 1263054] reheat + diversify: ceiling=0.00, value=126780.0
    [iter 1268807] reheat + diversify: ceiling=0.00, value=125088.0
    [iter 1274560] reheat + diversify: ceiling=0.00, value=131554.0
    [iter 1280313] reheat + diversify: ceiling=0.00, value=125620.0
    [iter 1286066] reheat + diversify: ceiling=0.00, value=136166.0
    [iter 1291819] reheat + diversify: ceiling=0.00, value=123752.0
    [iter 1297572] reheat + diversify: ceiling=0.00, value=130434.0
    [iter 1303325] reheat + diversify: ceiling=0.00, value=104012.0
    [iter 1309078] reheat + diversify: ceiling=0.00, value=146368.0
    [iter 1314831] reheat + diversify: ceiling=0.00, value=127850.0
    [iter 1320584] reheat + diversify: ceiling=0.00, value=121016.0
    [iter 1326337] reheat + diversify: ceiling=0.00, value=118432.0
    [iter 1332090] reheat + diversify: ceiling=0.00, value=117868.0
    [iter 1337843] reheat + diversify: ceiling=0.00, value=142270.0
    [iter 1343596] reheat + diversify: ceiling=0.00, value=130586.0
    [iter 1349349] reheat + diversify: ceiling=0.00, value=138724.0
    [iter 1355102] reheat + diversify: ceiling=0.00, value=137832.0
    [iter 1360855] reheat + diversify: ceiling=0.00, value=130376.0
    [iter 1366608] reheat + diversify: ceiling=0.00, value=112592.0
    [iter 1372361] reheat + diversify: ceiling=0.00, value=133676.0
    [iter 1378114] reheat + diversify: ceiling=0.00, value=134316.0
    [iter 1383867] reheat + diversify: ceiling=0.00, value=130022.0
    [iter 1389620] reheat + diversify: ceiling=0.00, value=129870.0
    [iter 1395373] reheat + diversify: ceiling=0.00, value=118312.0
    [iter 1401126] reheat + diversify: ceiling=0.00, value=125266.0
    [iter 1406879] reheat + diversify: ceiling=0.00, value=141150.0
    [iter 1412632] reheat + diversify: ceiling=0.00, value=119946.0
    [iter 1418385] reheat + diversify: ceiling=0.00, value=115772.0
    [iter 1424138] reheat + diversify: ceiling=0.00, value=129306.0
    [iter 1429891] reheat + diversify: ceiling=0.00, value=132530.0
    [iter 1435644] reheat + diversify: ceiling=0.00, value=123018.0
    [iter 1441397] reheat + diversify: ceiling=0.00, value=141612.0
    [iter 1447150] reheat + diversify: ceiling=0.00, value=145906.0
    [iter 1452903] reheat + diversify: ceiling=0.00, value=120022.0
    [iter 1458656] reheat + diversify: ceiling=0.00, value=123828.0
    [iter 1464409] reheat + diversify: ceiling=0.00, value=150004.0
    [iter 1470162] reheat + diversify: ceiling=0.00, value=128432.0
    [iter 1475915] reheat + diversify: ceiling=0.00, value=126242.0
    [iter 1481668] reheat + diversify: ceiling=0.00, value=123018.0
    [iter 1487421] reheat + diversify: ceiling=0.00, value=135114.0
    [iter 1493174] reheat + diversify: ceiling=0.00, value=133018.0
    [iter 1498927] reheat + diversify: ceiling=0.00, value=114164.0
    [iter 1504680] reheat + diversify: ceiling=0.00, value=134044.0
    [iter 1510433] reheat + diversify: ceiling=0.00, value=127286.0
    [iter 1516186] reheat + diversify: ceiling=0.00, value=125652.0
    [iter 1521939] reheat + diversify: ceiling=0.00, value=146274.0
    [iter 1527692] reheat + diversify: ceiling=0.00, value=142588.0
    [iter 1533445] reheat + diversify: ceiling=0.00, value=137268.0
    [iter 1539198] reheat + diversify: ceiling=0.00, value=150004.0
    [iter 1544951] reheat + diversify: ceiling=0.00, value=123734.0
    [iter 1550704] reheat + diversify: ceiling=0.00, value=141460.0
    [iter 1556457] reheat + diversify: ceiling=0.00, value=141074.0
    [iter 1562210] reheat + diversify: ceiling=0.00, value=127868.0
    [iter 1567963] reheat + diversify: ceiling=0.00, value=139946.0
    [iter 1573716] reheat + diversify: ceiling=0.00, value=120940.0
    [iter 1579469] reheat + diversify: ceiling=0.00, value=127330.0
    [iter 1585222] reheat + diversify: ceiling=0.00, value=148598.0
    [iter 1590975] reheat + diversify: ceiling=0.00, value=149130.0
    [iter 1596728] reheat + diversify: ceiling=0.00, value=143050.0
    [iter 1602481] reheat + diversify: ceiling=0.00, value=130510.0
    [iter 1608234] reheat + diversify: ceiling=0.00, value=144564.0
    [iter 1613987] reheat + diversify: ceiling=0.00, value=136292.0
    [iter 1619740] reheat + diversify: ceiling=0.00, value=116362.0
    [iter 1625493] reheat + diversify: ceiling=0.00, value=140124.0
    [iter 1631246] reheat + diversify: ceiling=0.00, value=120376.0
    [iter 1636999] reheat + diversify: ceiling=0.00, value=126184.0
    [iter 1642752] reheat + diversify: ceiling=0.00, value=96740.0
    [iter 1648505] reheat + diversify: ceiling=0.00, value=125754.0
    [iter 1654258] reheat + diversify: ceiling=0.00, value=123658.0
    [iter 1660011] reheat + diversify: ceiling=0.00, value=128978.0
    [iter 1665764] reheat + diversify: ceiling=0.00, value=126336.0
    [iter 1671517] reheat + diversify: ceiling=0.00, value=136958.0
    [iter 1677270] reheat + diversify: ceiling=0.00, value=118862.0
    [iter 1683023] reheat + diversify: ceiling=0.00, value=153614.0
    [iter 1688776] reheat + diversify: ceiling=0.00, value=128400.0
    [iter 1694529] reheat + diversify: ceiling=0.00, value=147540.0
    [iter 1700282] reheat + diversify: ceiling=0.00, value=141656.0
    [iter 1706035] reheat + diversify: ceiling=0.00, value=126792.0
    [iter 1711788] reheat + diversify: ceiling=0.00, value=132708.0
    [iter 1717541] reheat + diversify: ceiling=0.00, value=123770.0
    [iter 1723294] reheat + diversify: ceiling=0.00, value=157908.0
    [iter 1729047] reheat + diversify: ceiling=0.00, value=137824.0
    [iter 1734800] reheat + diversify: ceiling=0.00, value=136394.0
    [iter 1740553] reheat + diversify: ceiling=0.00, value=131580.0
    [iter 1746306] reheat + diversify: ceiling=0.00, value=130004.0
    [iter 1752059] reheat + diversify: ceiling=0.00, value=120922.0
    [iter 1757812] reheat + diversify: ceiling=0.00, value=141656.0
    [iter 1763565] reheat + diversify: ceiling=0.00, value=141904.0
    [iter 1769318] reheat + diversify: ceiling=0.00, value=143632.0
    [iter 1775071] reheat + diversify: ceiling=0.00, value=121966.0
    [iter 1780824] reheat + diversify: ceiling=0.00, value=148388.0
    [iter 1786577] reheat + diversify: ceiling=0.00, value=163126.0
    [iter 1792330] reheat + diversify: ceiling=0.00, value=168446.0
    [iter 1798083] reheat + diversify: ceiling=0.00, value=145602.0
    [iter 1803836] reheat + diversify: ceiling=0.00, value=122144.0
    [iter 1809589] reheat + diversify: ceiling=0.00, value=121966.0
    [iter 1815342] reheat + diversify: ceiling=0.00, value=122530.0
    [iter 1821095] reheat + diversify: ceiling=0.00, value=138414.0
    [iter 1826848] reheat + diversify: ceiling=0.00, value=140004.0
    [iter 1832601] reheat + diversify: ceiling=0.00, value=132682.0
    [iter 1838354] reheat + diversify: ceiling=0.00, value=123170.0
    [iter 1844107] reheat + diversify: ceiling=0.00, value=122708.0
    [iter 1849860] reheat + diversify: ceiling=0.00, value=152816.0
    [iter 1855613] reheat + diversify: ceiling=0.00, value=120434.0
    [iter 1861366] reheat + diversify: ceiling=0.00, value=142278.0
    [iter 1867119] reheat + diversify: ceiling=0.00, value=142270.0
    [iter 1872872] reheat + diversify: ceiling=0.00, value=148624.0
    [iter 1878625] reheat + diversify: ceiling=0.00, value=151612.0
    [iter 1884378] reheat + diversify: ceiling=0.00, value=129314.0
    [iter 1890131] reheat + diversify: ceiling=0.00, value=151688.0
    [iter 1895884] reheat + diversify: ceiling=0.00, value=115190.0
    [iter 1901637] reheat + diversify: ceiling=0.00, value=122942.0
    [iter 1907390] reheat + diversify: ceiling=0.00, value=128800.0
    [iter 1913143] reheat + diversify: ceiling=0.00, value=140922.0
    [iter 1918896] reheat + diversify: ceiling=0.00, value=113068.0
    [iter 1924649] reheat + diversify: ceiling=0.00, value=166154.0
    [iter 1930402] reheat + diversify: ceiling=0.00, value=151612.0
    [iter 1936155] reheat + diversify: ceiling=0.00, value=128800.0
    [iter 1941908] reheat + diversify: ceiling=0.00, value=147926.0
    [iter 1947661] reheat + diversify: ceiling=0.00, value=132118.0
    [iter 1953414] reheat + diversify: ceiling=0.00, value=150542.0
    [iter 1959167] reheat + diversify: ceiling=0.00, value=138370.0
    [iter 1964920] reheat + diversify: ceiling=0.00, value=129946.0
    [iter 1970673] reheat + diversify: ceiling=0.00, value=131580.0
    [iter 1976426] reheat + diversify: ceiling=0.00, value=123676.0
    [iter 1982179] reheat + diversify: ceiling=0.00, value=135248.0
    [iter 1987932] reheat + diversify: ceiling=0.00, value=123480.0
    [iter 1993685] reheat + diversify: ceiling=0.00, value=132974.0
    [iter 1999438] reheat + diversify: ceiling=0.00, value=158858.0
    [iter 2005191] reheat + diversify: ceiling=0.00, value=141612.0
    [iter 2010944] reheat + diversify: ceiling=0.00, value=129534.0
    [iter 2016697] reheat + diversify: ceiling=0.00, value=109870.0
    [iter 2022450] reheat + diversify: ceiling=0.00, value=143708.0
    [iter 2028203] reheat + diversify: ceiling=0.00, value=117894.0
    [iter 2033956] reheat + diversify: ceiling=0.00, value=126722.0
    [iter 2039709] reheat + diversify: ceiling=0.00, value=141612.0
    [iter 2045462] reheat + diversify: ceiling=0.00, value=121504.0
    [iter 2051215] reheat + diversify: ceiling=0.00, value=146780.0
    [iter 2056968] reheat + diversify: ceiling=0.00, value=145830.0
    [iter 2062721] reheat + diversify: ceiling=0.00, value=161106.0
    [iter 2068474] reheat + diversify: ceiling=0.00, value=138584.0
    [iter 2074227] reheat + diversify: ceiling=0.00, value=149870.0
    [iter 2079980] reheat + diversify: ceiling=0.00, value=137868.0
    [iter 2085733] reheat + diversify: ceiling=0.00, value=124822.0
    [iter 2091486] reheat + diversify: ceiling=0.00, value=132606.0
    [iter 2097239] reheat + diversify: ceiling=0.00, value=116798.0
    [iter 2102992] reheat + diversify: ceiling=0.00, value=126780.0
    [iter 2108745] reheat + diversify: ceiling=0.00, value=133094.0
    [iter 2114498] reheat + diversify: ceiling=0.00, value=115602.0
    [iter 2120251] reheat + diversify: ceiling=0.00, value=134266.0
    [iter 2126004] reheat + diversify: ceiling=0.00, value=124044.0
    [iter 2131757] reheat + diversify: ceiling=0.00, value=116202.0
    [iter 2137510] reheat + diversify: ceiling=0.00, value=141580.0
    [iter 2143263] reheat + diversify: ceiling=0.00, value=128952.0
    [iter 2149016] reheat + diversify: ceiling=0.00, value=144026.0
    [iter 2154769] reheat + diversify: ceiling=0.00, value=143658.0
    [iter 2160522] reheat + diversify: ceiling=0.00, value=151074.0
    [iter 2166275] reheat + diversify: ceiling=0.00, value=148642.0
    [iter 2172028] reheat + diversify: ceiling=0.00, value=143050.0
    [iter 2177781] reheat + diversify: ceiling=0.00, value=147394.0
    [iter 2183534] reheat + diversify: ceiling=0.00, value=141492.0
    [iter 2189287] reheat + diversify: ceiling=0.00, value=134684.0
    [iter 2195040] reheat + diversify: ceiling=0.00, value=124196.0
    [iter 2200793] reheat + diversify: ceiling=0.00, value=120706.0
    [iter 2206546] reheat + diversify: ceiling=0.00, value=149396.0
    [iter 2212299] reheat + diversify: ceiling=0.00, value=131612.0
    [iter 2218052] reheat + diversify: ceiling=0.00, value=122530.0
    [iter 2223805] reheat + diversify: ceiling=0.00, value=137268.0
    [iter 2229558] reheat + diversify: ceiling=0.00, value=142562.0
    [iter 2235311] reheat + diversify: ceiling=0.00, value=142486.0
    [iter 2241064] reheat + diversify: ceiling=0.00, value=113676.0
    [iter 2246817] reheat + diversify: ceiling=0.00, value=111016.0
    [iter 2252570] reheat + diversify: ceiling=0.00, value=133986.0
    [iter 2258323] reheat + diversify: ceiling=0.00, value=124626.0
    [iter 2264076] reheat + diversify: ceiling=0.00, value=134196.0
    [iter 2269829] reheat + diversify: ceiling=0.00, value=126242.0
    [iter 2275582] reheat + diversify: ceiling=0.00, value=149320.0
    [iter 2281335] reheat + diversify: ceiling=0.00, value=151106.0
    [iter 2287088] reheat + diversify: ceiling=0.00, value=130408.0
    [iter 2292841] reheat + diversify: ceiling=0.00, value=132296.0
    [iter 2298594] reheat + diversify: ceiling=0.00, value=132068.0
    [iter 2304347] reheat + diversify: ceiling=0.00, value=126336.0
    [iter 2310100] reheat + diversify: ceiling=0.00, value=120358.0
    [iter 2315853] reheat + diversify: ceiling=0.00, value=129382.0
    [iter 2321606] reheat + diversify: ceiling=0.00, value=142042.0
    [iter 2327359] reheat + diversify: ceiling=0.00, value=150466.0
    [iter 2333112] reheat + diversify: ceiling=0.00, value=124316.0
    [iter 2338865] reheat + diversify: ceiling=0.00, value=131562.0
    [iter 2344618] reheat + diversify: ceiling=0.00, value=147420.0
    [iter 2350371] reheat + diversify: ceiling=0.00, value=126798.0
    [iter 2356124] reheat + diversify: ceiling=0.00, value=127286.0
    [iter 2361877] reheat + diversify: ceiling=0.00, value=153614.0
    [iter 2367630] reheat + diversify: ceiling=0.00, value=143556.0
    [iter 2373383] reheat + diversify: ceiling=0.00, value=157654.0
    [iter 2379136] reheat + diversify: ceiling=0.00, value=142118.0
    [iter 2384889] reheat + diversify: ceiling=0.00, value=126722.0
    [iter 2390642] reheat + diversify: ceiling=0.00, value=121016.0
    [iter 2396395] reheat + diversify: ceiling=0.00, value=133322.0
    [iter 2402148] reheat + diversify: ceiling=0.00, value=166116.0
    [iter 2407901] reheat + diversify: ceiling=0.00, value=140332.0
    [iter 2413654] reheat + diversify: ceiling=0.00, value=144582.0
    [iter 2419407] reheat + diversify: ceiling=0.00, value=138800.0
    [iter 2425160] reheat + diversify: ceiling=0.00, value=147926.0
    [iter 2430913] reheat + diversify: ceiling=0.00, value=126798.0
    [iter 2436666] reheat + diversify: ceiling=0.00, value=120300.0
    [iter 2442419] reheat + diversify: ceiling=0.00, value=120528.0
    [iter 2448172] reheat + diversify: ceiling=0.00, value=127926.0
    [iter 2453925] reheat + diversify: ceiling=0.00, value=149516.0
    [iter 2459678] reheat + diversify: ceiling=0.00, value=152372.0
    [iter 2465431] reheat + diversify: ceiling=0.00, value=159960.0
    [iter 2471184] reheat + diversify: ceiling=0.00, value=159884.0
    [iter 2476937] reheat + diversify: ceiling=0.00, value=118160.0
    [iter 2482690] reheat + diversify: ceiling=0.00, value=141732.0
    [iter 2488443] reheat + diversify: ceiling=0.00, value=153322.0
    [iter 2494196] reheat + diversify: ceiling=0.00, value=156058.0
    [iter 2499949] reheat + diversify: ceiling=0.00, value=125266.0
    [iter 2505702] reheat + diversify: ceiling=0.00, value=133094.0
    [iter 2511455] reheat + diversify: ceiling=0.00, value=130022.0
    [iter 2517208] reheat + diversify: ceiling=0.00, value=144272.0
    [iter 2522961] reheat + diversify: ceiling=0.00, value=118742.0
    [iter 2528714] reheat + diversify: ceiling=0.00, value=127312.0
    [iter 2534467] reheat + diversify: ceiling=0.00, value=111016.0
    [iter 2540220] reheat + diversify: ceiling=0.00, value=147572.0
    [iter 2545973] reheat + diversify: ceiling=0.00, value=135620.0
    [iter 2551726] reheat + diversify: ceiling=0.00, value=136900.0
    [iter 2557479] reheat + diversify: ceiling=0.00, value=122042.0
  time limit reached at iteration 2559486
  SA finished: 2559486 iterations in 900.0s (2844 it/s), accepted 1286819 (50.3%), rejected 1272666, neutral 1165944 (45.6%), worsening accepted 8.7%, no-move draws 0, reheats 442
  SA: value 193672.0 (greedy 168428.0, +25244.0), bound 225834.0, gap 14.24%, util 88.3%
  report -> /home/mcaspar/3DMHKP/results_3DMHKP_ep3/ep3-40-F-C-50-3DMHKP-SA-a0.999-r0.25-t900s.txt

================================================================================================
SUMMARY
================================================================================================
instance      boxes  packed       greedy     SA value        bound      gap    util    iters    time
------------------------------------------------------------------------------------------------
ep3-40-F-C-50     40      22     168428.0     193672.0     225834.0   14.2%   88.3%  2559486  900.0s
------------------------------------------------------------------------------------------------
proven optimal (value reaches the upper bound): 0/1
improved over greedy: 1/1 (total value 168428.0 -> 193672.0, +14.99%)
mean gap to 0-1 knapsack bound: 14.2%
mean volume utilization: 88.3%
