============================================================
  Solver:     3DMHKP-SA.py
  Instance:   /home/mcaspar/3DMHKP/Egeblad/ep3-20-F-R-90.txt
  Value mode: flat
  Timelimit:  900s
  Reports:    /home/mcaspar/3DMHKP/results_3DMHKP_ep3
  CPUs:       1
============================================================
======================================================================
3DMHKP Simulated Annealing (random single-neighbour, sequence decoder)
SA params: T0=5% of f(S_0), alpha=0.999, T_min=0.001, reheat_threshold=5753, reheat_fraction=0.25
Move weights: {'relocate': 0.0, 'swap': 1.0, '2opt': 0.0, 'promote': 1.5, 'demote': 1.5, 'orient': 1.0, 'container': 0.5}
Time limit: 900.0s per instance, seed 422399839
======================================================================

======================================================================
ep3-20-F-R-90: 20 boxes (20 types), 1 containers (1 types)
  0-1 knapsack bound: 191008.0 (continuous relaxation: 192947.5)
  initial (value-density) decode: value 145956.0 (12/20 boxes)
  T0 = 3050.0 (calibrated, 282 worsening draws, target accept 35%)
  schedule: time-based, T0 -> 695.31 over 900s
    [iter 1] *** NEW BEST: value 146326.0, boxes 13/20, T=3050.0, elapsed=0.3s
    [iter 10] *** NEW BEST: value 148836.0, boxes 15/20, T=3048.4, elapsed=0.3s
    [iter 14] *** NEW BEST: value 155872.0, boxes 15/20, T=3048.4, elapsed=0.3s
    [iter 23] *** NEW BEST: value 165518.0, boxes 16/20, T=3048.4, elapsed=0.3s
    [iter 315] *** NEW BEST: value 168057.0, boxes 14/20, T=3048.0, elapsed=0.4s
    [iter 2386] *** NEW BEST: value 168142.0, boxes 15/20, T=3045.4, elapsed=0.9s
    [iter 3794] *** NEW BEST: value 172182.0, boxes 15/20, T=3043.7, elapsed=1.3s
    [iter 7764] *** NEW BEST: value 172782.0, boxes 16/20, T=3039.1, elapsed=2.2s
    [iter 13517] reheat + diversify: ceiling=762.51, value=132863.0
    [iter 14338] *** NEW BEST: value 176172.0, boxes 16/20, T=3031.2, elapsed=3.8s
    [iter 20091] reheat + diversify: ceiling=686.26, value=171370.0
    [iter 25844] reheat + diversify: ceiling=617.63, value=139690.0
    [iter 31597] reheat + diversify: ceiling=555.87, value=117702.0
    [iter 37350] reheat + diversify: ceiling=500.28, value=141920.0
    [iter 43103] reheat + diversify: ceiling=450.25, value=123099.0
    [iter 48856] reheat + diversify: ceiling=405.23, value=145907.0
    [iter 54609] reheat + diversify: ceiling=364.71, value=139441.0
    [iter 60362] reheat + diversify: ceiling=328.24, value=126303.0
    [iter 66115] reheat + diversify: ceiling=295.41, value=172182.0
    [iter 71868] reheat + diversify: ceiling=265.87, value=127451.0
    [iter 77621] reheat + diversify: ceiling=239.28, value=137614.0
    [iter 80482] *** NEW BEST: value 178303.0, boxes 16/20, T=2957.3, elapsed=18.8s
    [iter 80491] *** NEW BEST: value 178438.0, boxes 16/20, T=2957.3, elapsed=18.8s
    [iter 86244] reheat + diversify: ceiling=215.36, value=131776.0
    [iter 91997] reheat + diversify: ceiling=193.82, value=126143.0
    [iter 97750] reheat + diversify: ceiling=174.44, value=137165.0
    [iter 103503] reheat + diversify: ceiling=156.99, value=148345.0
    [iter 109256] reheat + diversify: ceiling=141.29, value=131229.0
    [iter 115009] reheat + diversify: ceiling=127.17, value=155872.0
    [iter 120762] reheat + diversify: ceiling=114.45, value=142288.0
    [iter 126515] reheat + diversify: ceiling=103.00, value=130841.0
    [iter 132268] reheat + diversify: ceiling=92.70, value=151181.0
    [iter 138021] reheat + diversify: ceiling=83.43, value=132185.0
    [iter 143774] reheat + diversify: ceiling=75.09, value=104566.0
    [iter 149527] reheat + diversify: ceiling=67.58, value=149056.0
    [iter 155280] reheat + diversify: ceiling=60.82, value=134988.0
    [iter 161033] reheat + diversify: ceiling=54.74, value=143036.0
    [iter 166786] reheat + diversify: ceiling=49.27, value=152430.0
    [iter 172539] reheat + diversify: ceiling=44.34, value=152847.0
    [iter 178292] reheat + diversify: ceiling=39.91, value=165552.0
    [iter 184045] reheat + diversify: ceiling=35.92, value=129378.0
    [iter 189798] reheat + diversify: ceiling=32.32, value=134071.0
    [iter 195551] reheat + diversify: ceiling=29.09, value=143885.0
    [iter 201304] reheat + diversify: ceiling=26.18, value=158581.0
    [iter 207057] reheat + diversify: ceiling=23.56, value=166660.0
    [iter 212810] reheat + diversify: ceiling=21.21, value=158662.0
    [iter 218563] reheat + diversify: ceiling=19.09, value=163256.0
    [iter 224316] reheat + diversify: ceiling=17.18, value=150898.0
    [iter 230069] reheat + diversify: ceiling=15.46, value=112411.0
    [iter 235822] reheat + diversify: ceiling=13.91, value=149069.0
    [iter 241575] reheat + diversify: ceiling=12.52, value=116105.0
    [iter 247328] reheat + diversify: ceiling=11.27, value=122820.0
    [iter 253081] reheat + diversify: ceiling=10.14, value=149851.0
    [iter 258834] reheat + diversify: ceiling=9.13, value=117753.0
    [iter 264587] reheat + diversify: ceiling=8.22, value=130766.0
    [iter 270340] reheat + diversify: ceiling=7.39, value=129372.0
    [iter 276093] reheat + diversify: ceiling=6.66, value=152312.0
    [iter 281846] reheat + diversify: ceiling=5.99, value=125599.0
    [iter 287599] reheat + diversify: ceiling=5.39, value=121768.0
    [iter 293352] reheat + diversify: ceiling=4.85, value=147772.0
    [iter 299105] reheat + diversify: ceiling=4.37, value=142227.0
    [iter 304858] reheat + diversify: ceiling=3.93, value=145762.0
    [iter 310611] reheat + diversify: ceiling=3.54, value=123505.0
    [iter 316364] reheat + diversify: ceiling=3.18, value=113195.0
    [iter 322117] reheat + diversify: ceiling=2.86, value=126024.0
    [iter 327870] reheat + diversify: ceiling=2.58, value=144873.0
    [iter 333623] reheat + diversify: ceiling=2.32, value=141479.0
    [iter 339376] reheat + diversify: ceiling=2.09, value=139432.0
    [iter 345129] reheat + diversify: ceiling=1.88, value=155076.0
    [iter 350882] reheat + diversify: ceiling=1.69, value=156696.0
    [iter 356635] reheat + diversify: ceiling=1.52, value=147576.0
    [iter 362388] reheat + diversify: ceiling=1.37, value=166526.0
    [iter 368141] reheat + diversify: ceiling=1.23, value=164801.0
    [iter 373894] reheat + diversify: ceiling=1.11, value=145602.0
    [iter 379647] reheat + diversify: ceiling=1.00, value=136436.0
    [iter 385400] reheat + diversify: ceiling=0.90, value=132384.0
    [iter 391153] reheat + diversify: ceiling=0.81, value=139373.0
    [iter 396906] reheat + diversify: ceiling=0.73, value=136106.0
    [iter 402659] reheat + diversify: ceiling=0.66, value=142444.0
    [iter 408412] reheat + diversify: ceiling=0.59, value=154456.0
    [iter 409129] *** NEW BEST: value 178480.0, boxes 16/20, T=2611.7, elapsed=94.4s
    [iter 414882] reheat + diversify: ceiling=0.53, value=156078.0
    [iter 420635] reheat + diversify: ceiling=0.48, value=151118.0
    [iter 426388] reheat + diversify: ceiling=0.43, value=120624.0
    [iter 432141] reheat + diversify: ceiling=0.39, value=155846.0
    [iter 437894] reheat + diversify: ceiling=0.35, value=118567.0
    [iter 443647] reheat + diversify: ceiling=0.31, value=142383.0
    [iter 449400] reheat + diversify: ceiling=0.28, value=145176.0
    [iter 455153] reheat + diversify: ceiling=0.25, value=124160.0
    [iter 460906] reheat + diversify: ceiling=0.23, value=145547.0
    [iter 466659] reheat + diversify: ceiling=0.21, value=113562.0
    [iter 472412] reheat + diversify: ceiling=0.19, value=140002.0
    [iter 478165] reheat + diversify: ceiling=0.17, value=140220.0
    [iter 483918] reheat + diversify: ceiling=0.15, value=145218.0
    [iter 489671] reheat + diversify: ceiling=0.13, value=142236.0
    [iter 495424] reheat + diversify: ceiling=0.12, value=148978.0
    [iter 501177] reheat + diversify: ceiling=0.11, value=120931.0
    [iter 506930] reheat + diversify: ceiling=0.10, value=130217.0
    [iter 512683] reheat + diversify: ceiling=0.09, value=127303.0
    [iter 518436] reheat + diversify: ceiling=0.08, value=168834.0
    [iter 524189] reheat + diversify: ceiling=0.07, value=132011.0
    [iter 529942] reheat + diversify: ceiling=0.06, value=154836.0
    [iter 535695] reheat + diversify: ceiling=0.06, value=120100.0
    [iter 541448] reheat + diversify: ceiling=0.05, value=160145.0
    [iter 547201] reheat + diversify: ceiling=0.05, value=150814.0
    [iter 552954] reheat + diversify: ceiling=0.04, value=139380.0
    [iter 558707] reheat + diversify: ceiling=0.04, value=142752.0
    [iter 564460] reheat + diversify: ceiling=0.03, value=141917.0
    [iter 570213] reheat + diversify: ceiling=0.03, value=107835.0
    [iter 575966] reheat + diversify: ceiling=0.03, value=158419.0
    [iter 581719] reheat + diversify: ceiling=0.03, value=146270.0
    [iter 587472] reheat + diversify: ceiling=0.02, value=157076.0
    [iter 593225] reheat + diversify: ceiling=0.02, value=131496.0
    [iter 598978] reheat + diversify: ceiling=0.02, value=142194.0
    [iter 604731] reheat + diversify: ceiling=0.02, value=148739.0
    [iter 610484] reheat + diversify: ceiling=0.01, value=155361.0
    [iter 616237] reheat + diversify: ceiling=0.01, value=125859.0
    [iter 621990] reheat + diversify: ceiling=0.01, value=152283.0
    [iter 627743] reheat + diversify: ceiling=0.01, value=126446.0
    [iter 633496] reheat + diversify: ceiling=0.01, value=142606.0
    [iter 639249] reheat + diversify: ceiling=0.01, value=143619.0
    [iter 645002] reheat + diversify: ceiling=0.01, value=155714.0
    [iter 650755] reheat + diversify: ceiling=0.01, value=153075.0
    [iter 656508] reheat + diversify: ceiling=0.01, value=135910.0
    [iter 662261] reheat + diversify: ceiling=0.01, value=152131.0
    [iter 668014] reheat + diversify: ceiling=0.01, value=168038.0
    [iter 673767] reheat + diversify: ceiling=0.00, value=131747.0
    [iter 679520] reheat + diversify: ceiling=0.00, value=161502.0
    [iter 685273] reheat + diversify: ceiling=0.00, value=139836.0
    [iter 691026] reheat + diversify: ceiling=0.00, value=145213.0
    [iter 696779] reheat + diversify: ceiling=0.00, value=142000.0
    [iter 702532] reheat + diversify: ceiling=0.00, value=139381.0
    [iter 708285] reheat + diversify: ceiling=0.00, value=146515.0
    [iter 714038] reheat + diversify: ceiling=0.00, value=136736.0
    [iter 719791] reheat + diversify: ceiling=0.00, value=127570.0
    [iter 725544] reheat + diversify: ceiling=0.00, value=150979.0
    [iter 731297] reheat + diversify: ceiling=0.00, value=104613.0
    [iter 737050] reheat + diversify: ceiling=0.00, value=129129.0
    [iter 742803] reheat + diversify: ceiling=0.00, value=143996.0
    [iter 748556] reheat + diversify: ceiling=0.00, value=165834.0
    [iter 754309] reheat + diversify: ceiling=0.00, value=108252.0
    [iter 760062] reheat + diversify: ceiling=0.00, value=141387.0
    [iter 765815] reheat + diversify: ceiling=0.00, value=117983.0
    [iter 771568] reheat + diversify: ceiling=0.00, value=142605.0
    [iter 777321] reheat + diversify: ceiling=0.00, value=118173.0
    [iter 783074] reheat + diversify: ceiling=0.00, value=123879.0
    [iter 788827] reheat + diversify: ceiling=0.00, value=153034.0
    [iter 794580] reheat + diversify: ceiling=0.00, value=147130.0
    [iter 800333] reheat + diversify: ceiling=0.00, value=130207.0
    [iter 806086] reheat + diversify: ceiling=0.00, value=119870.0
    [iter 811839] reheat + diversify: ceiling=0.00, value=132938.0
    [iter 817592] reheat + diversify: ceiling=0.00, value=149240.0
    [iter 823345] reheat + diversify: ceiling=0.00, value=161599.0
    [iter 829098] reheat + diversify: ceiling=0.00, value=120234.0
    [iter 834851] reheat + diversify: ceiling=0.00, value=103235.0
    [iter 840604] reheat + diversify: ceiling=0.00, value=137653.0
    [iter 846357] reheat + diversify: ceiling=0.00, value=133297.0
    [iter 852110] reheat + diversify: ceiling=0.00, value=123639.0
    [iter 857863] reheat + diversify: ceiling=0.00, value=152094.0
    [iter 863616] reheat + diversify: ceiling=0.00, value=147418.0
    [iter 869369] reheat + diversify: ceiling=0.00, value=164908.0
    [iter 875122] reheat + diversify: ceiling=0.00, value=144135.0
    [iter 880875] reheat + diversify: ceiling=0.00, value=132884.0
    [iter 886628] reheat + diversify: ceiling=0.00, value=134630.0
    [iter 892381] reheat + diversify: ceiling=0.00, value=131246.0
    [iter 898134] reheat + diversify: ceiling=0.00, value=134972.0
    [iter 903887] reheat + diversify: ceiling=0.00, value=106560.0
    [iter 909640] reheat + diversify: ceiling=0.00, value=138328.0
    [iter 915393] reheat + diversify: ceiling=0.00, value=152076.0
    [iter 921146] reheat + diversify: ceiling=0.00, value=143933.0
    [iter 926899] reheat + diversify: ceiling=0.00, value=134649.0
    [iter 932652] reheat + diversify: ceiling=0.00, value=121739.0
    [iter 938405] reheat + diversify: ceiling=0.00, value=171099.0
    [iter 944158] reheat + diversify: ceiling=0.00, value=123559.0
    [iter 949911] reheat + diversify: ceiling=0.00, value=136291.0
    [iter 955664] reheat + diversify: ceiling=0.00, value=143556.0
    [iter 961417] reheat + diversify: ceiling=0.00, value=135837.0
    [iter 967170] reheat + diversify: ceiling=0.00, value=127062.0
    [iter 972923] reheat + diversify: ceiling=0.00, value=129765.0
    [iter 978676] reheat + diversify: ceiling=0.00, value=144914.0
    [iter 984429] reheat + diversify: ceiling=0.00, value=131832.0
    [iter 990182] reheat + diversify: ceiling=0.00, value=129710.0
    [iter 995935] reheat + diversify: ceiling=0.00, value=147339.0
    [iter 1001688] reheat + diversify: ceiling=0.00, value=138693.0
    [iter 1007441] reheat + diversify: ceiling=0.00, value=139794.0
    [iter 1013194] reheat + diversify: ceiling=0.00, value=148796.0
    [iter 1018947] reheat + diversify: ceiling=0.00, value=158868.0
    [iter 1024700] reheat + diversify: ceiling=0.00, value=161912.0
    [iter 1030453] reheat + diversify: ceiling=0.00, value=140177.0
    [iter 1036206] reheat + diversify: ceiling=0.00, value=139693.0
    [iter 1041959] reheat + diversify: ceiling=0.00, value=121309.0
    [iter 1047712] reheat + diversify: ceiling=0.00, value=154357.0
    [iter 1053465] reheat + diversify: ceiling=0.00, value=115701.0
    [iter 1059218] reheat + diversify: ceiling=0.00, value=138893.0
    [iter 1064971] reheat + diversify: ceiling=0.00, value=150521.0
    [iter 1070724] reheat + diversify: ceiling=0.00, value=152550.0
    [iter 1076477] reheat + diversify: ceiling=0.00, value=148129.0
    [iter 1082230] reheat + diversify: ceiling=0.00, value=117487.0
    [iter 1087983] reheat + diversify: ceiling=0.00, value=114605.0
    [iter 1093736] reheat + diversify: ceiling=0.00, value=163416.0
    [iter 1099489] reheat + diversify: ceiling=0.00, value=137509.0
    [iter 1105242] reheat + diversify: ceiling=0.00, value=135421.0
    [iter 1110995] reheat + diversify: ceiling=0.00, value=130831.0
    [iter 1116748] reheat + diversify: ceiling=0.00, value=131266.0
    [iter 1122501] reheat + diversify: ceiling=0.00, value=98508.0
    [iter 1128254] reheat + diversify: ceiling=0.00, value=162008.0
    [iter 1134007] reheat + diversify: ceiling=0.00, value=130431.0
    [iter 1139760] reheat + diversify: ceiling=0.00, value=138631.0
    [iter 1145513] reheat + diversify: ceiling=0.00, value=157972.0
    [iter 1151266] reheat + diversify: ceiling=0.00, value=121234.0
    [iter 1157019] reheat + diversify: ceiling=0.00, value=138033.0
    [iter 1162772] reheat + diversify: ceiling=0.00, value=116074.0
    [iter 1168525] reheat + diversify: ceiling=0.00, value=152026.0
    [iter 1174278] reheat + diversify: ceiling=0.00, value=119662.0
    [iter 1180031] reheat + diversify: ceiling=0.00, value=163790.0
    [iter 1185784] reheat + diversify: ceiling=0.00, value=146524.0
    [iter 1191537] reheat + diversify: ceiling=0.00, value=123802.0
    [iter 1197290] reheat + diversify: ceiling=0.00, value=127086.0
    [iter 1203043] reheat + diversify: ceiling=0.00, value=158288.0
    [iter 1208796] reheat + diversify: ceiling=0.00, value=125295.0
    [iter 1214549] reheat + diversify: ceiling=0.00, value=119376.0
    [iter 1220302] reheat + diversify: ceiling=0.00, value=122995.0
    [iter 1226055] reheat + diversify: ceiling=0.00, value=113123.0
    [iter 1231808] reheat + diversify: ceiling=0.00, value=126107.0
    [iter 1237561] reheat + diversify: ceiling=0.00, value=140858.0
    [iter 1243314] reheat + diversify: ceiling=0.00, value=128559.0
    [iter 1249067] reheat + diversify: ceiling=0.00, value=145798.0
    [iter 1254820] reheat + diversify: ceiling=0.00, value=154523.0
    [iter 1260573] reheat + diversify: ceiling=0.00, value=130644.0
    [iter 1266326] reheat + diversify: ceiling=0.00, value=158377.0
    [iter 1272079] reheat + diversify: ceiling=0.00, value=122171.0
    [iter 1277832] reheat + diversify: ceiling=0.00, value=123292.0
    [iter 1283585] reheat + diversify: ceiling=0.00, value=147454.0
    [iter 1289338] reheat + diversify: ceiling=0.00, value=144050.0
    [iter 1295091] reheat + diversify: ceiling=0.00, value=131361.0
    [iter 1300844] reheat + diversify: ceiling=0.00, value=122365.0
    [iter 1306597] reheat + diversify: ceiling=0.00, value=130213.0
    [iter 1312350] reheat + diversify: ceiling=0.00, value=105883.0
    [iter 1318103] reheat + diversify: ceiling=0.00, value=149832.0
    [iter 1323856] reheat + diversify: ceiling=0.00, value=138742.0
    [iter 1329609] reheat + diversify: ceiling=0.00, value=166672.0
    [iter 1335362] reheat + diversify: ceiling=0.00, value=154935.0
    [iter 1341115] reheat + diversify: ceiling=0.00, value=124086.0
    [iter 1346868] reheat + diversify: ceiling=0.00, value=137702.0
    [iter 1352621] reheat + diversify: ceiling=0.00, value=139195.0
    [iter 1358374] reheat + diversify: ceiling=0.00, value=160177.0
    [iter 1364127] reheat + diversify: ceiling=0.00, value=131264.0
    [iter 1369880] reheat + diversify: ceiling=0.00, value=155165.0
    [iter 1375633] reheat + diversify: ceiling=0.00, value=145665.0
    [iter 1381386] reheat + diversify: ceiling=0.00, value=148757.0
    [iter 1387139] reheat + diversify: ceiling=0.00, value=130378.0
    [iter 1392892] reheat + diversify: ceiling=0.00, value=168792.0
    [iter 1398645] reheat + diversify: ceiling=0.00, value=148954.0
    [iter 1404398] reheat + diversify: ceiling=0.00, value=168791.0
    [iter 1410151] reheat + diversify: ceiling=0.00, value=145653.0
    [iter 1415904] reheat + diversify: ceiling=0.00, value=117428.0
    [iter 1421657] reheat + diversify: ceiling=0.00, value=142243.0
    [iter 1427410] reheat + diversify: ceiling=0.00, value=115795.0
    [iter 1433163] reheat + diversify: ceiling=0.00, value=159262.0
    [iter 1438916] reheat + diversify: ceiling=0.00, value=133163.0
    [iter 1444669] reheat + diversify: ceiling=0.00, value=145019.0
    [iter 1450422] reheat + diversify: ceiling=0.00, value=147164.0
    [iter 1456175] reheat + diversify: ceiling=0.00, value=150428.0
    [iter 1461928] reheat + diversify: ceiling=0.00, value=114943.0
    [iter 1467681] reheat + diversify: ceiling=0.00, value=118975.0
    [iter 1473434] reheat + diversify: ceiling=0.00, value=140857.0
    [iter 1479187] reheat + diversify: ceiling=0.00, value=143422.0
    [iter 1484940] reheat + diversify: ceiling=0.00, value=146449.0
    [iter 1490693] reheat + diversify: ceiling=0.00, value=134251.0
    [iter 1496446] reheat + diversify: ceiling=0.00, value=132700.0
    [iter 1502199] reheat + diversify: ceiling=0.00, value=139268.0
    [iter 1507952] reheat + diversify: ceiling=0.00, value=148950.0
    [iter 1513705] reheat + diversify: ceiling=0.00, value=155154.0
    [iter 1519458] reheat + diversify: ceiling=0.00, value=147901.0
    [iter 1525211] reheat + diversify: ceiling=0.00, value=141687.0
    [iter 1530964] reheat + diversify: ceiling=0.00, value=143301.0
    [iter 1536717] reheat + diversify: ceiling=0.00, value=143164.0
    [iter 1542470] reheat + diversify: ceiling=0.00, value=122548.0
    [iter 1548223] reheat + diversify: ceiling=0.00, value=113606.0
    [iter 1553976] reheat + diversify: ceiling=0.00, value=111727.0
    [iter 1559729] reheat + diversify: ceiling=0.00, value=157076.0
    [iter 1565482] reheat + diversify: ceiling=0.00, value=128885.0
    [iter 1571235] reheat + diversify: ceiling=0.00, value=137090.0
    [iter 1576988] reheat + diversify: ceiling=0.00, value=176172.0
    [iter 1582741] reheat + diversify: ceiling=0.00, value=152598.0
    [iter 1588494] reheat + diversify: ceiling=0.00, value=130653.0
    [iter 1594247] reheat + diversify: ceiling=0.00, value=152079.0
    [iter 1600000] reheat + diversify: ceiling=0.00, value=168900.0
    [iter 1605753] reheat + diversify: ceiling=0.00, value=147406.0
    [iter 1611506] reheat + diversify: ceiling=0.00, value=146597.0
    [iter 1617259] reheat + diversify: ceiling=0.00, value=150890.0
    [iter 1623012] reheat + diversify: ceiling=0.00, value=150590.0
    [iter 1628765] reheat + diversify: ceiling=0.00, value=138004.0
    [iter 1634518] reheat + diversify: ceiling=0.00, value=157421.0
    [iter 1640271] reheat + diversify: ceiling=0.00, value=163975.0
    [iter 1646024] reheat + diversify: ceiling=0.00, value=137283.0
    [iter 1651777] reheat + diversify: ceiling=0.00, value=140175.0
    [iter 1657530] reheat + diversify: ceiling=0.00, value=142346.0
    [iter 1663283] reheat + diversify: ceiling=0.00, value=135437.0
    [iter 1669036] reheat + diversify: ceiling=0.00, value=155961.0
    [iter 1674789] reheat + diversify: ceiling=0.00, value=142776.0
    [iter 1680542] reheat + diversify: ceiling=0.00, value=172182.0
    [iter 1686295] reheat + diversify: ceiling=0.00, value=106456.0
    [iter 1692048] reheat + diversify: ceiling=0.00, value=115493.0
    [iter 1697801] reheat + diversify: ceiling=0.00, value=133688.0
    [iter 1703554] reheat + diversify: ceiling=0.00, value=141160.0
    [iter 1709307] reheat + diversify: ceiling=0.00, value=139114.0
    [iter 1715060] reheat + diversify: ceiling=0.00, value=109144.0
    [iter 1720813] reheat + diversify: ceiling=0.00, value=156696.0
    [iter 1726566] reheat + diversify: ceiling=0.00, value=134247.0
    [iter 1732319] reheat + diversify: ceiling=0.00, value=158111.0
    [iter 1738072] reheat + diversify: ceiling=0.00, value=145047.0
    [iter 1743825] reheat + diversify: ceiling=0.00, value=134746.0
    [iter 1749578] reheat + diversify: ceiling=0.00, value=112782.0
    [iter 1755331] reheat + diversify: ceiling=0.00, value=138245.0
    [iter 1761084] reheat + diversify: ceiling=0.00, value=148671.0
    [iter 1766837] reheat + diversify: ceiling=0.00, value=148893.0
    [iter 1772590] reheat + diversify: ceiling=0.00, value=105532.0
    [iter 1778343] reheat + diversify: ceiling=0.00, value=138279.0
    [iter 1784096] reheat + diversify: ceiling=0.00, value=150020.0
    [iter 1789849] reheat + diversify: ceiling=0.00, value=120804.0
    [iter 1795602] reheat + diversify: ceiling=0.00, value=163286.0
    [iter 1801355] reheat + diversify: ceiling=0.00, value=149574.0
    [iter 1807108] reheat + diversify: ceiling=0.00, value=144687.0
    [iter 1812861] reheat + diversify: ceiling=0.00, value=135226.0
    [iter 1818614] reheat + diversify: ceiling=0.00, value=152598.0
    [iter 1824367] reheat + diversify: ceiling=0.00, value=144686.0
    [iter 1830120] reheat + diversify: ceiling=0.00, value=148514.0
    [iter 1835873] reheat + diversify: ceiling=0.00, value=149677.0
    [iter 1841626] reheat + diversify: ceiling=0.00, value=107738.0
    [iter 1847379] reheat + diversify: ceiling=0.00, value=130293.0
    [iter 1853132] reheat + diversify: ceiling=0.00, value=147926.0
    [iter 1858885] reheat + diversify: ceiling=0.00, value=114727.0
    [iter 1864638] reheat + diversify: ceiling=0.00, value=132041.0
    [iter 1870391] reheat + diversify: ceiling=0.00, value=139251.0
    [iter 1876144] reheat + diversify: ceiling=0.00, value=146712.0
    [iter 1881897] reheat + diversify: ceiling=0.00, value=138786.0
    [iter 1887650] reheat + diversify: ceiling=0.00, value=145606.0
    [iter 1893403] reheat + diversify: ceiling=0.00, value=144131.0
    [iter 1899156] reheat + diversify: ceiling=0.00, value=159262.0
    [iter 1904909] reheat + diversify: ceiling=0.00, value=168792.0
    [iter 1910662] reheat + diversify: ceiling=0.00, value=145611.0
    [iter 1916415] reheat + diversify: ceiling=0.00, value=149321.0
    [iter 1922168] reheat + diversify: ceiling=0.00, value=138227.0
    [iter 1927921] reheat + diversify: ceiling=0.00, value=129204.0
    [iter 1933674] reheat + diversify: ceiling=0.00, value=109503.0
    [iter 1939427] reheat + diversify: ceiling=0.00, value=127313.0
    [iter 1945180] reheat + diversify: ceiling=0.00, value=147016.0
    [iter 1950933] reheat + diversify: ceiling=0.00, value=154388.0
    [iter 1956686] reheat + diversify: ceiling=0.00, value=135728.0
    [iter 1962439] reheat + diversify: ceiling=0.00, value=140497.0
    [iter 1968192] reheat + diversify: ceiling=0.00, value=146218.0
    [iter 1973945] reheat + diversify: ceiling=0.00, value=149281.0
    [iter 1979698] reheat + diversify: ceiling=0.00, value=151092.0
    [iter 1985451] reheat + diversify: ceiling=0.00, value=136457.0
    [iter 1991204] reheat + diversify: ceiling=0.00, value=140190.0
    [iter 1996957] reheat + diversify: ceiling=0.00, value=158539.0
    [iter 2002710] reheat + diversify: ceiling=0.00, value=125013.0
    [iter 2008463] reheat + diversify: ceiling=0.00, value=154549.0
    [iter 2014216] reheat + diversify: ceiling=0.00, value=110119.0
    [iter 2019969] reheat + diversify: ceiling=0.00, value=135201.0
    [iter 2025722] reheat + diversify: ceiling=0.00, value=151345.0
    [iter 2031475] reheat + diversify: ceiling=0.00, value=158201.0
    [iter 2037228] reheat + diversify: ceiling=0.00, value=150090.0
    [iter 2042981] reheat + diversify: ceiling=0.00, value=110818.0
    [iter 2048734] reheat + diversify: ceiling=0.00, value=124643.0
    [iter 2054487] reheat + diversify: ceiling=0.00, value=136309.0
    [iter 2060240] reheat + diversify: ceiling=0.00, value=140133.0
    [iter 2065993] reheat + diversify: ceiling=0.00, value=136078.0
    [iter 2071746] reheat + diversify: ceiling=0.00, value=166526.0
    [iter 2077499] reheat + diversify: ceiling=0.00, value=148743.0
    [iter 2083252] reheat + diversify: ceiling=0.00, value=126661.0
    [iter 2089005] reheat + diversify: ceiling=0.00, value=129068.0
    [iter 2094758] reheat + diversify: ceiling=0.00, value=171209.0
    [iter 2100511] reheat + diversify: ceiling=0.00, value=133314.0
    [iter 2106264] reheat + diversify: ceiling=0.00, value=160092.0
    [iter 2112017] reheat + diversify: ceiling=0.00, value=138275.0
    [iter 2117770] reheat + diversify: ceiling=0.00, value=149164.0
    [iter 2123523] reheat + diversify: ceiling=0.00, value=131722.0
    [iter 2129276] reheat + diversify: ceiling=0.00, value=142619.0
    [iter 2135029] reheat + diversify: ceiling=0.00, value=135574.0
    [iter 2140782] reheat + diversify: ceiling=0.00, value=125643.0
    [iter 2146535] reheat + diversify: ceiling=0.00, value=138233.0
    [iter 2152288] reheat + diversify: ceiling=0.00, value=145659.0
    [iter 2158041] reheat + diversify: ceiling=0.00, value=156882.0
    [iter 2163794] reheat + diversify: ceiling=0.00, value=155806.0
    [iter 2169547] reheat + diversify: ceiling=0.00, value=138451.0
    [iter 2175300] reheat + diversify: ceiling=0.00, value=141175.0
    [iter 2181053] reheat + diversify: ceiling=0.00, value=143979.0
    [iter 2186806] reheat + diversify: ceiling=0.00, value=116747.0
    [iter 2192559] reheat + diversify: ceiling=0.00, value=133371.0
    [iter 2198312] reheat + diversify: ceiling=0.00, value=147551.0
    [iter 2204065] reheat + diversify: ceiling=0.00, value=149774.0
    [iter 2209818] reheat + diversify: ceiling=0.00, value=129695.0
    [iter 2215571] reheat + diversify: ceiling=0.00, value=129950.0
    [iter 2221324] reheat + diversify: ceiling=0.00, value=137835.0
    [iter 2227077] reheat + diversify: ceiling=0.00, value=130342.0
    [iter 2232830] reheat + diversify: ceiling=0.00, value=142074.0
    [iter 2238583] reheat + diversify: ceiling=0.00, value=148066.0
    [iter 2244336] reheat + diversify: ceiling=0.00, value=114623.0
    [iter 2250089] reheat + diversify: ceiling=0.00, value=140225.0
    [iter 2255842] reheat + diversify: ceiling=0.00, value=158866.0
    [iter 2261595] reheat + diversify: ceiling=0.00, value=133387.0
    [iter 2267348] reheat + diversify: ceiling=0.00, value=139354.0
    [iter 2273101] reheat + diversify: ceiling=0.00, value=98586.0
    [iter 2278854] reheat + diversify: ceiling=0.00, value=157607.0
    [iter 2284607] reheat + diversify: ceiling=0.00, value=161015.0
    [iter 2290360] reheat + diversify: ceiling=0.00, value=148578.0
    [iter 2296113] reheat + diversify: ceiling=0.00, value=148529.0
    [iter 2301866] reheat + diversify: ceiling=0.00, value=148480.0
    [iter 2307619] reheat + diversify: ceiling=0.00, value=136689.0
    [iter 2313372] reheat + diversify: ceiling=0.00, value=165290.0
    [iter 2319125] reheat + diversify: ceiling=0.00, value=160508.0
    [iter 2324878] reheat + diversify: ceiling=0.00, value=159856.0
    [iter 2330631] reheat + diversify: ceiling=0.00, value=147152.0
    [iter 2336384] reheat + diversify: ceiling=0.00, value=104370.0
    [iter 2342137] reheat + diversify: ceiling=0.00, value=149250.0
    [iter 2347890] reheat + diversify: ceiling=0.00, value=130006.0
    [iter 2353643] reheat + diversify: ceiling=0.00, value=135383.0
    [iter 2359396] reheat + diversify: ceiling=0.00, value=133390.0
    [iter 2365149] reheat + diversify: ceiling=0.00, value=153277.0
    [iter 2370902] reheat + diversify: ceiling=0.00, value=158555.0
    [iter 2376655] reheat + diversify: ceiling=0.00, value=125541.0
    [iter 2382408] reheat + diversify: ceiling=0.00, value=155448.0
    [iter 2388161] reheat + diversify: ceiling=0.00, value=145878.0
    [iter 2393914] reheat + diversify: ceiling=0.00, value=139988.0
    [iter 2399667] reheat + diversify: ceiling=0.00, value=150234.0
    [iter 2405420] reheat + diversify: ceiling=0.00, value=122736.0
    [iter 2411173] reheat + diversify: ceiling=0.00, value=135750.0
    [iter 2416926] reheat + diversify: ceiling=0.00, value=157765.0
    [iter 2422679] reheat + diversify: ceiling=0.00, value=117066.0
    [iter 2428432] reheat + diversify: ceiling=0.00, value=168792.0
    [iter 2434185] reheat + diversify: ceiling=0.00, value=163270.0
    [iter 2439938] reheat + diversify: ceiling=0.00, value=137462.0
    [iter 2445691] reheat + diversify: ceiling=0.00, value=144713.0
    [iter 2451444] reheat + diversify: ceiling=0.00, value=161756.0
    [iter 2457197] reheat + diversify: ceiling=0.00, value=134054.0
    [iter 2462950] reheat + diversify: ceiling=0.00, value=111285.0
    [iter 2468703] reheat + diversify: ceiling=0.00, value=160261.0
    [iter 2474456] reheat + diversify: ceiling=0.00, value=152846.0
    [iter 2480209] reheat + diversify: ceiling=0.00, value=145210.0
    [iter 2485962] reheat + diversify: ceiling=0.00, value=142034.0
    [iter 2491715] reheat + diversify: ceiling=0.00, value=141899.0
    [iter 2497468] reheat + diversify: ceiling=0.00, value=120026.0
    [iter 2503221] reheat + diversify: ceiling=0.00, value=137104.0
    [iter 2508974] reheat + diversify: ceiling=0.00, value=148654.0
    [iter 2514727] reheat + diversify: ceiling=0.00, value=138196.0
    [iter 2520480] reheat + diversify: ceiling=0.00, value=158411.0
    [iter 2526233] reheat + diversify: ceiling=0.00, value=134748.0
    [iter 2531986] reheat + diversify: ceiling=0.00, value=112824.0
    [iter 2537739] reheat + diversify: ceiling=0.00, value=148534.0
    [iter 2543492] reheat + diversify: ceiling=0.00, value=142650.0
    [iter 2549245] reheat + diversify: ceiling=0.00, value=160758.0
    [iter 2554998] reheat + diversify: ceiling=0.00, value=159468.0
    [iter 2560751] reheat + diversify: ceiling=0.00, value=137290.0
    [iter 2566504] reheat + diversify: ceiling=0.00, value=141517.0
    [iter 2572257] reheat + diversify: ceiling=0.00, value=165848.0
    [iter 2578010] reheat + diversify: ceiling=0.00, value=163286.0
    [iter 2583763] reheat + diversify: ceiling=0.00, value=153910.0
    [iter 2589516] reheat + diversify: ceiling=0.00, value=136579.0
    [iter 2595269] reheat + diversify: ceiling=0.00, value=140566.0
    [iter 2601022] reheat + diversify: ceiling=0.00, value=154005.0
    [iter 2606775] reheat + diversify: ceiling=0.00, value=153522.0
    [iter 2612528] reheat + diversify: ceiling=0.00, value=100648.0
    [iter 2618281] reheat + diversify: ceiling=0.00, value=155961.0
    [iter 2624034] reheat + diversify: ceiling=0.00, value=119314.0
    [iter 2629787] reheat + diversify: ceiling=0.00, value=156095.0
    [iter 2635540] reheat + diversify: ceiling=0.00, value=124401.0
    [iter 2641293] reheat + diversify: ceiling=0.00, value=142924.0
    [iter 2647046] reheat + diversify: ceiling=0.00, value=135505.0
    [iter 2652799] reheat + diversify: ceiling=0.00, value=139720.0
    [iter 2658552] reheat + diversify: ceiling=0.00, value=122439.0
    [iter 2664305] reheat + diversify: ceiling=0.00, value=134720.0
    [iter 2670058] reheat + diversify: ceiling=0.00, value=142790.0
    [iter 2675811] reheat + diversify: ceiling=0.00, value=118337.0
    [iter 2681564] reheat + diversify: ceiling=0.00, value=118761.0
    [iter 2687317] reheat + diversify: ceiling=0.00, value=139379.0
    [iter 2693070] reheat + diversify: ceiling=0.00, value=154200.0
    [iter 2698823] reheat + diversify: ceiling=0.00, value=143684.0
    [iter 2704576] reheat + diversify: ceiling=0.00, value=153206.0
    [iter 2710329] reheat + diversify: ceiling=0.00, value=139410.0
    [iter 2716082] reheat + diversify: ceiling=0.00, value=137802.0
    [iter 2721835] reheat + diversify: ceiling=0.00, value=161740.0
    [iter 2727588] reheat + diversify: ceiling=0.00, value=115814.0
    [iter 2733341] reheat + diversify: ceiling=0.00, value=154412.0
    [iter 2739094] reheat + diversify: ceiling=0.00, value=149482.0
    [iter 2744847] reheat + diversify: ceiling=0.00, value=126102.0
    [iter 2750600] reheat + diversify: ceiling=0.00, value=139239.0
    [iter 2756353] reheat + diversify: ceiling=0.00, value=109311.0
    [iter 2762106] reheat + diversify: ceiling=0.00, value=133558.0
    [iter 2767859] reheat + diversify: ceiling=0.00, value=140800.0
    [iter 2773612] reheat + diversify: ceiling=0.00, value=129515.0
    [iter 2779365] reheat + diversify: ceiling=0.00, value=133988.0
    [iter 2785118] reheat + diversify: ceiling=0.00, value=146074.0
    [iter 2790871] reheat + diversify: ceiling=0.00, value=125192.0
    [iter 2796624] reheat + diversify: ceiling=0.00, value=135038.0
    [iter 2802377] reheat + diversify: ceiling=0.00, value=165578.0
    [iter 2808130] reheat + diversify: ceiling=0.00, value=143387.0
    [iter 2813883] reheat + diversify: ceiling=0.00, value=134009.0
    [iter 2819636] reheat + diversify: ceiling=0.00, value=152980.0
    [iter 2825389] reheat + diversify: ceiling=0.00, value=140053.0
    [iter 2831142] reheat + diversify: ceiling=0.00, value=137724.0
    [iter 2836895] reheat + diversify: ceiling=0.00, value=138007.0
    [iter 2842648] reheat + diversify: ceiling=0.00, value=132543.0
    [iter 2848401] reheat + diversify: ceiling=0.00, value=142750.0
    [iter 2854154] reheat + diversify: ceiling=0.00, value=149862.0
    [iter 2859907] reheat + diversify: ceiling=0.00, value=137616.0
    [iter 2865660] reheat + diversify: ceiling=0.00, value=135394.0
    [iter 2871413] reheat + diversify: ceiling=0.00, value=152891.0
    [iter 2877166] reheat + diversify: ceiling=0.00, value=129051.0
    [iter 2882919] reheat + diversify: ceiling=0.00, value=139186.0
    [iter 2888672] reheat + diversify: ceiling=0.00, value=153754.0
    [iter 2894425] reheat + diversify: ceiling=0.00, value=168038.0
    [iter 2900178] reheat + diversify: ceiling=0.00, value=159092.0
    [iter 2905931] reheat + diversify: ceiling=0.00, value=125010.0
    [iter 2911684] reheat + diversify: ceiling=0.00, value=134629.0
    [iter 2917437] reheat + diversify: ceiling=0.00, value=157518.0
    [iter 2923190] reheat + diversify: ceiling=0.00, value=145927.0
    [iter 2928943] reheat + diversify: ceiling=0.00, value=171370.0
    [iter 2934696] reheat + diversify: ceiling=0.00, value=151165.0
    [iter 2940449] reheat + diversify: ceiling=0.00, value=158660.0
    [iter 2946202] reheat + diversify: ceiling=0.00, value=122177.0
    [iter 2951955] reheat + diversify: ceiling=0.00, value=161633.0
    [iter 2957708] reheat + diversify: ceiling=0.00, value=140798.0
    [iter 2963461] reheat + diversify: ceiling=0.00, value=128997.0
    [iter 2969214] reheat + diversify: ceiling=0.00, value=158588.0
    [iter 2974967] reheat + diversify: ceiling=0.00, value=148606.0
    [iter 2980720] reheat + diversify: ceiling=0.00, value=136040.0
    [iter 2986473] reheat + diversify: ceiling=0.00, value=163447.0
    [iter 2992226] reheat + diversify: ceiling=0.00, value=142445.0
    [iter 2997979] reheat + diversify: ceiling=0.00, value=133606.0
    [iter 3003732] reheat + diversify: ceiling=0.00, value=124431.0
    [iter 3009485] reheat + diversify: ceiling=0.00, value=147849.0
    [iter 3015238] reheat + diversify: ceiling=0.00, value=137079.0
    [iter 3020991] reheat + diversify: ceiling=0.00, value=152105.0
    [iter 3026744] reheat + diversify: ceiling=0.00, value=131619.0
    [iter 3032497] reheat + diversify: ceiling=0.00, value=131835.0
    [iter 3038250] reheat + diversify: ceiling=0.00, value=114979.0
    [iter 3044003] reheat + diversify: ceiling=0.00, value=155448.0
    [iter 3049756] reheat + diversify: ceiling=0.00, value=145763.0
    [iter 3055509] reheat + diversify: ceiling=0.00, value=168631.0
    [iter 3061262] reheat + diversify: ceiling=0.00, value=122710.0
    [iter 3067015] reheat + diversify: ceiling=0.00, value=136552.0
    [iter 3072768] reheat + diversify: ceiling=0.00, value=139981.0
    [iter 3078521] reheat + diversify: ceiling=0.00, value=122323.0
    [iter 3084274] reheat + diversify: ceiling=0.00, value=117122.0
    [iter 3090027] reheat + diversify: ceiling=0.00, value=151830.0
    [iter 3095780] reheat + diversify: ceiling=0.00, value=137180.0
    [iter 3101533] reheat + diversify: ceiling=0.00, value=142404.0
    [iter 3107286] reheat + diversify: ceiling=0.00, value=146176.0
    [iter 3113039] reheat + diversify: ceiling=0.00, value=174313.0
    [iter 3118792] reheat + diversify: ceiling=0.00, value=168368.0
    [iter 3124545] reheat + diversify: ceiling=0.00, value=170473.0
    [iter 3130298] reheat + diversify: ceiling=0.00, value=127785.0
    [iter 3136051] reheat + diversify: ceiling=0.00, value=147349.0
    [iter 3141804] reheat + diversify: ceiling=0.00, value=151237.0
    [iter 3147557] reheat + diversify: ceiling=0.00, value=129946.0
    [iter 3153310] reheat + diversify: ceiling=0.00, value=155290.0
    [iter 3159063] reheat + diversify: ceiling=0.00, value=140205.0
    [iter 3164816] reheat + diversify: ceiling=0.00, value=149923.0
    [iter 3170569] reheat + diversify: ceiling=0.00, value=126125.0
    [iter 3176322] reheat + diversify: ceiling=0.00, value=148935.0
    [iter 3182075] reheat + diversify: ceiling=0.00, value=122558.0
    [iter 3187828] reheat + diversify: ceiling=0.00, value=153127.0
    [iter 3193581] reheat + diversify: ceiling=0.00, value=141612.0
    [iter 3199334] reheat + diversify: ceiling=0.00, value=162088.0
    [iter 3205087] reheat + diversify: ceiling=0.00, value=154714.0
    [iter 3210840] reheat + diversify: ceiling=0.00, value=141239.0
    [iter 3216593] reheat + diversify: ceiling=0.00, value=94930.0
    [iter 3222346] reheat + diversify: ceiling=0.00, value=138897.0
    [iter 3228099] reheat + diversify: ceiling=0.00, value=164994.0
    [iter 3233852] reheat + diversify: ceiling=0.00, value=161824.0
    [iter 3239605] reheat + diversify: ceiling=0.00, value=149269.0
    [iter 3245358] reheat + diversify: ceiling=0.00, value=175236.0
    [iter 3251111] reheat + diversify: ceiling=0.00, value=130559.0
    [iter 3256864] reheat + diversify: ceiling=0.00, value=146270.0
    [iter 3262617] reheat + diversify: ceiling=0.00, value=175090.0
    [iter 3268370] reheat + diversify: ceiling=0.00, value=163065.0
    [iter 3274123] reheat + diversify: ceiling=0.00, value=134354.0
    [iter 3279876] reheat + diversify: ceiling=0.00, value=135213.0
    [iter 3285629] reheat + diversify: ceiling=0.00, value=137587.0
    [iter 3291382] reheat + diversify: ceiling=0.00, value=114706.0
    [iter 3297135] reheat + diversify: ceiling=0.00, value=136916.0
    [iter 3302888] reheat + diversify: ceiling=0.00, value=144816.0
    [iter 3308641] reheat + diversify: ceiling=0.00, value=133143.0
    [iter 3314394] reheat + diversify: ceiling=0.00, value=142436.0
    [iter 3320147] reheat + diversify: ceiling=0.00, value=129500.0
    [iter 3325900] reheat + diversify: ceiling=0.00, value=142094.0
    [iter 3331653] reheat + diversify: ceiling=0.00, value=109046.0
    [iter 3337406] reheat + diversify: ceiling=0.00, value=144874.0
    [iter 3343159] reheat + diversify: ceiling=0.00, value=145948.0
    [iter 3348912] reheat + diversify: ceiling=0.00, value=164908.0
    [iter 3354665] reheat + diversify: ceiling=0.00, value=156763.0
    [iter 3360418] reheat + diversify: ceiling=0.00, value=167996.0
    [iter 3366171] reheat + diversify: ceiling=0.00, value=147897.0
    [iter 3371924] reheat + diversify: ceiling=0.00, value=149728.0
    [iter 3377677] reheat + diversify: ceiling=0.00, value=150996.0
    [iter 3383430] reheat + diversify: ceiling=0.00, value=153800.0
    [iter 3389183] reheat + diversify: ceiling=0.00, value=155714.0
    [iter 3394936] reheat + diversify: ceiling=0.00, value=140291.0
    [iter 3400689] reheat + diversify: ceiling=0.00, value=147727.0
    [iter 3406442] reheat + diversify: ceiling=0.00, value=155537.0
    [iter 3412195] reheat + diversify: ceiling=0.00, value=151990.0
    [iter 3417948] reheat + diversify: ceiling=0.00, value=165756.0
    [iter 3423701] reheat + diversify: ceiling=0.00, value=158539.0
    [iter 3429454] reheat + diversify: ceiling=0.00, value=101329.0
    [iter 3435207] reheat + diversify: ceiling=0.00, value=145097.0
    [iter 3440960] reheat + diversify: ceiling=0.00, value=152404.0
    [iter 3446713] reheat + diversify: ceiling=0.00, value=100623.0
    [iter 3452466] reheat + diversify: ceiling=0.00, value=124620.0
    [iter 3458219] reheat + diversify: ceiling=0.00, value=126889.0
    [iter 3463972] reheat + diversify: ceiling=0.00, value=137689.0
    [iter 3469725] reheat + diversify: ceiling=0.00, value=155118.0
    [iter 3475478] reheat + diversify: ceiling=0.00, value=127507.0
    [iter 3481231] reheat + diversify: ceiling=0.00, value=143843.0
    [iter 3486984] reheat + diversify: ceiling=0.00, value=152490.0
    [iter 3492737] reheat + diversify: ceiling=0.00, value=124147.0
    [iter 3498490] reheat + diversify: ceiling=0.00, value=154524.0
    [iter 3504243] reheat + diversify: ceiling=0.00, value=139518.0
    [iter 3509996] reheat + diversify: ceiling=0.00, value=161858.0
    [iter 3515749] reheat + diversify: ceiling=0.00, value=157030.0
    [iter 3521502] reheat + diversify: ceiling=0.00, value=161528.0
    [iter 3527255] reheat + diversify: ceiling=0.00, value=125531.0
    [iter 3533008] reheat + diversify: ceiling=0.00, value=128690.0
    [iter 3538761] reheat + diversify: ceiling=0.00, value=155361.0
    [iter 3544514] reheat + diversify: ceiling=0.00, value=157118.0
    [iter 3550267] reheat + diversify: ceiling=0.00, value=154317.0
    [iter 3556020] reheat + diversify: ceiling=0.00, value=133239.0
    [iter 3561773] reheat + diversify: ceiling=0.00, value=105349.0
    [iter 3567526] reheat + diversify: ceiling=0.00, value=132625.0
    [iter 3573279] reheat + diversify: ceiling=0.00, value=135955.0
    [iter 3579032] reheat + diversify: ceiling=0.00, value=137560.0
    [iter 3584785] reheat + diversify: ceiling=0.00, value=147756.0
    [iter 3590538] reheat + diversify: ceiling=0.00, value=136682.0
    [iter 3596291] reheat + diversify: ceiling=0.00, value=157534.0
    [iter 3602044] reheat + diversify: ceiling=0.00, value=172182.0
    [iter 3607797] reheat + diversify: ceiling=0.00, value=121402.0
    [iter 3613550] reheat + diversify: ceiling=0.00, value=138625.0
    [iter 3619303] reheat + diversify: ceiling=0.00, value=155248.0
    [iter 3625056] reheat + diversify: ceiling=0.00, value=136977.0
    [iter 3630809] reheat + diversify: ceiling=0.00, value=136922.0
    [iter 3636562] reheat + diversify: ceiling=0.00, value=138083.0
    [iter 3642315] reheat + diversify: ceiling=0.00, value=126144.0
    [iter 3648068] reheat + diversify: ceiling=0.00, value=121145.0
    [iter 3653821] reheat + diversify: ceiling=0.00, value=139790.0
    [iter 3659574] reheat + diversify: ceiling=0.00, value=147050.0
    [iter 3665327] reheat + diversify: ceiling=0.00, value=161015.0
    [iter 3671080] reheat + diversify: ceiling=0.00, value=164186.0
    [iter 3676833] reheat + diversify: ceiling=0.00, value=159592.0
    [iter 3682586] reheat + diversify: ceiling=0.00, value=142421.0
    [iter 3688339] reheat + diversify: ceiling=0.00, value=125911.0
    [iter 3694092] reheat + diversify: ceiling=0.00, value=139215.0
    [iter 3699845] reheat + diversify: ceiling=0.00, value=130189.0
    [iter 3705598] reheat + diversify: ceiling=0.00, value=142416.0
    [iter 3711351] reheat + diversify: ceiling=0.00, value=158486.0
    [iter 3717104] reheat + diversify: ceiling=0.00, value=166660.0
    [iter 3722857] reheat + diversify: ceiling=0.00, value=143530.0
    [iter 3728610] reheat + diversify: ceiling=0.00, value=157014.0
    [iter 3734363] reheat + diversify: ceiling=0.00, value=125859.0
    [iter 3740116] reheat + diversify: ceiling=0.00, value=161547.0
    [iter 3745869] reheat + diversify: ceiling=0.00, value=162415.0
    [iter 3751622] reheat + diversify: ceiling=0.00, value=155815.0
    [iter 3757375] reheat + diversify: ceiling=0.00, value=137683.0
    [iter 3763128] reheat + diversify: ceiling=0.00, value=168938.0
    [iter 3768881] reheat + diversify: ceiling=0.00, value=162464.0
    [iter 3774634] reheat + diversify: ceiling=0.00, value=139634.0
    [iter 3780387] reheat + diversify: ceiling=0.00, value=145192.0
    [iter 3786140] reheat + diversify: ceiling=0.00, value=142928.0
    [iter 3791893] reheat + diversify: ceiling=0.00, value=138476.0
    [iter 3797646] reheat + diversify: ceiling=0.00, value=157252.0
    [iter 3803399] reheat + diversify: ceiling=0.00, value=137447.0
    [iter 3809152] reheat + diversify: ceiling=0.00, value=153087.0
    [iter 3814905] reheat + diversify: ceiling=0.00, value=147998.0
    [iter 3820658] reheat + diversify: ceiling=0.00, value=116329.0
    [iter 3826411] reheat + diversify: ceiling=0.00, value=151133.0
    [iter 3832164] reheat + diversify: ceiling=0.00, value=168088.0
    [iter 3837917] reheat + diversify: ceiling=0.00, value=118838.0
    [iter 3843670] reheat + diversify: ceiling=0.00, value=161858.0
    [iter 3849423] reheat + diversify: ceiling=0.00, value=132369.0
    [iter 3855176] reheat + diversify: ceiling=0.00, value=142271.0
    [iter 3860929] reheat + diversify: ceiling=0.00, value=163482.0
    [iter 3866682] reheat + diversify: ceiling=0.00, value=155654.0
    [iter 3872435] reheat + diversify: ceiling=0.00, value=171370.0
    [iter 3878188] reheat + diversify: ceiling=0.00, value=133574.0
    [iter 3883941] reheat + diversify: ceiling=0.00, value=154705.0
    [iter 3889694] reheat + diversify: ceiling=0.00, value=158898.0
    [iter 3895447] reheat + diversify: ceiling=0.00, value=138086.0
    [iter 3901200] reheat + diversify: ceiling=0.00, value=126318.0
    [iter 3906953] reheat + diversify: ceiling=0.00, value=121665.0
    [iter 3912706] reheat + diversify: ceiling=0.00, value=152286.0
    [iter 3918459] reheat + diversify: ceiling=0.00, value=136595.0
    [iter 3924212] reheat + diversify: ceiling=0.00, value=124720.0
    [iter 3929965] reheat + diversify: ceiling=0.00, value=126445.0
    [iter 3935718] reheat + diversify: ceiling=0.00, value=138679.0
    [iter 3941471] reheat + diversify: ceiling=0.00, value=148351.0
    [iter 3947224] reheat + diversify: ceiling=0.00, value=140069.0
    [iter 3952977] reheat + diversify: ceiling=0.00, value=127947.0
    [iter 3958730] reheat + diversify: ceiling=0.00, value=153346.0
    [iter 3964483] reheat + diversify: ceiling=0.00, value=153180.0
    [iter 3970236] reheat + diversify: ceiling=0.00, value=158652.0
    [iter 3975989] reheat + diversify: ceiling=0.00, value=158460.0
  time limit reached at iteration 3980915
  SA finished: 3980915 iterations in 900.0s (4423 it/s), accepted 1473846 (37.0%), rejected 2507068, neutral 1384885 (34.8%), worsening accepted 3.4%, no-move draws 0, reheats 689
  SA: value 178480.0 (greedy 145956.0, +32524.0), bound 191008.0, gap 6.56%, util 83.8%
  report -> /home/mcaspar/3DMHKP/results_3DMHKP_ep3/ep3-20-F-R-90-3DMHKP-SA-a0.999-r0.25-t900s.txt

================================================================================================
SUMMARY
================================================================================================
instance      boxes  packed       greedy     SA value        bound      gap    util    iters    time
------------------------------------------------------------------------------------------------
ep3-20-F-R-90     20      16     145956.0     178480.0     191008.0    6.6%   83.8%  3980915  900.0s
------------------------------------------------------------------------------------------------
proven optimal (value reaches the upper bound): 0/1
improved over greedy: 1/1 (total value 145956.0 -> 178480.0, +22.28%)
mean gap to 0-1 knapsack bound: 6.6%
mean volume utilization: 83.8%
