============================================================
  Solver:     3DMHKP-SA.py
  Instance:   /home/mcaspar/3DMHKP/Egeblad/ep3-20-U-R-50.txt
  Value mode: flat
  Timelimit:  300s
  Reports:    /home/mcaspar/3DMHKP/results_3DMHKP_ep3
  CPUs:       1
============================================================
======================================================================
3DMHKP Simulated Annealing (random single-neighbour, sequence decoder)
SA params: T0=5% of f(S_0), alpha=0.999, T_min=0.001, reheat_threshold=5753, reheat_fraction=0.25
Move weights: {'relocate': 0.0, 'swap': 1.0, '2opt': 0.0, 'promote': 1.5, 'demote': 1.5, 'orient': 1.0, 'container': 0.5}
Time limit: 300.0s per instance, seed 612430417
======================================================================

======================================================================
ep3-20-U-R-50: 20 boxes (20 types), 1 containers (1 types)
  0-1 knapsack bound: 140762.0 (continuous relaxation: 144346.3)
  initial (value-density) decode: value 86267.0 (6/20 boxes)
  T0 = 3169.1 (calibrated, 328 worsening draws, target accept 35%)
  schedule: time-based, T0 -> 722.45 over 300s
    [iter 4] *** NEW BEST: value 86757.0, boxes 6/20, T=3167.4, elapsed=0.1s
    [iter 6] *** NEW BEST: value 87873.0, boxes 6/20, T=3167.4, elapsed=0.1s
    [iter 13] *** NEW BEST: value 89638.0, boxes 6/20, T=3167.4, elapsed=0.1s
    [iter 25] *** NEW BEST: value 93019.0, boxes 6/20, T=3167.4, elapsed=0.1s
    [iter 83] *** NEW BEST: value 98034.0, boxes 7/20, T=3167.3, elapsed=0.1s
    [iter 98] *** NEW BEST: value 103108.0, boxes 7/20, T=3167.3, elapsed=0.1s
    [iter 374] *** NEW BEST: value 106884.0, boxes 7/20, T=3166.9, elapsed=0.1s
    [iter 487] *** NEW BEST: value 108594.0, boxes 8/20, T=3166.7, elapsed=0.2s
    [iter 6240] reheat + diversify: ceiling=792.28, value=52174.0
    [iter 9507] *** NEW BEST: value 108636.0, boxes 8/20, T=3152.5, elapsed=1.1s
    [iter 9510] *** NEW BEST: value 111270.0, boxes 9/20, T=3152.5, elapsed=1.1s
    [iter 15263] reheat + diversify: ceiling=713.05, value=76606.0
    [iter 21016] reheat + diversify: ceiling=641.74, value=91019.0
    [iter 26769] reheat + diversify: ceiling=577.57, value=83183.0
    [iter 32522] reheat + diversify: ceiling=519.81, value=73547.0
    [iter 38275] reheat + diversify: ceiling=467.83, value=80254.0
    [iter 44028] reheat + diversify: ceiling=421.05, value=82008.0
    [iter 49781] reheat + diversify: ceiling=378.94, value=82645.0
    [iter 55534] reheat + diversify: ceiling=341.05, value=55607.0
    [iter 61287] reheat + diversify: ceiling=306.94, value=60705.0
    [iter 67040] reheat + diversify: ceiling=276.25, value=84534.0
    [iter 72793] reheat + diversify: ceiling=248.62, value=58097.0
    [iter 78546] reheat + diversify: ceiling=223.76, value=53329.0
    [iter 84299] reheat + diversify: ceiling=201.39, value=94504.0
    [iter 90052] reheat + diversify: ceiling=181.25, value=77940.0
    [iter 95805] reheat + diversify: ceiling=163.12, value=81058.0
    [iter 101558] reheat + diversify: ceiling=146.81, value=76771.0
    [iter 107311] reheat + diversify: ceiling=132.13, value=73603.0
    [iter 113064] reheat + diversify: ceiling=118.92, value=69344.0
    [iter 118817] reheat + diversify: ceiling=107.02, value=84070.0
    [iter 124570] reheat + diversify: ceiling=96.32, value=90399.0
    [iter 130323] reheat + diversify: ceiling=86.69, value=71308.0
    [iter 136076] reheat + diversify: ceiling=78.02, value=72903.0
    [iter 141829] reheat + diversify: ceiling=70.22, value=78152.0
    [iter 147582] reheat + diversify: ceiling=63.20, value=73883.0
    [iter 153335] reheat + diversify: ceiling=56.88, value=78674.0
    [iter 159088] reheat + diversify: ceiling=51.19, value=63943.0
    [iter 164841] reheat + diversify: ceiling=46.07, value=75366.0
    [iter 170594] reheat + diversify: ceiling=41.46, value=86712.0
    [iter 176347] reheat + diversify: ceiling=37.32, value=64602.0
    [iter 182100] reheat + diversify: ceiling=33.59, value=67590.0
    [iter 187853] reheat + diversify: ceiling=30.23, value=82964.0
    [iter 193606] reheat + diversify: ceiling=27.20, value=67774.0
    [iter 199359] reheat + diversify: ceiling=24.48, value=71644.0
    [iter 205112] reheat + diversify: ceiling=22.04, value=87323.0
    [iter 210865] reheat + diversify: ceiling=19.83, value=75177.0
    [iter 216618] reheat + diversify: ceiling=17.85, value=83517.0
    [iter 222371] reheat + diversify: ceiling=16.06, value=87785.0
    [iter 228124] reheat + diversify: ceiling=14.46, value=70547.0
    [iter 233877] reheat + diversify: ceiling=13.01, value=84544.0
    [iter 239630] reheat + diversify: ceiling=11.71, value=85831.0
    [iter 245383] reheat + diversify: ceiling=10.54, value=75445.0
    [iter 251136] reheat + diversify: ceiling=9.49, value=57990.0
    [iter 256889] reheat + diversify: ceiling=8.54, value=70421.0
    [iter 262642] reheat + diversify: ceiling=7.68, value=78000.0
    [iter 268395] reheat + diversify: ceiling=6.91, value=79196.0
    [iter 274148] reheat + diversify: ceiling=6.22, value=93301.0
    [iter 279901] reheat + diversify: ceiling=5.60, value=37823.0
    [iter 285654] reheat + diversify: ceiling=5.04, value=66762.0
    [iter 291407] reheat + diversify: ceiling=4.54, value=80265.0
    [iter 297160] reheat + diversify: ceiling=4.08, value=71052.0
    [iter 302913] reheat + diversify: ceiling=3.67, value=58620.0
    [iter 308666] reheat + diversify: ceiling=3.31, value=80005.0
    [iter 314419] reheat + diversify: ceiling=2.98, value=100701.0
    [iter 320172] reheat + diversify: ceiling=2.68, value=67736.0
    [iter 325925] reheat + diversify: ceiling=2.41, value=74071.0
    [iter 331678] reheat + diversify: ceiling=2.17, value=74452.0
    [iter 337431] reheat + diversify: ceiling=1.95, value=55918.0
    [iter 343184] reheat + diversify: ceiling=1.76, value=69529.0
    [iter 348937] reheat + diversify: ceiling=1.58, value=73293.0
    [iter 354690] reheat + diversify: ceiling=1.42, value=65947.0
    [iter 360443] reheat + diversify: ceiling=1.28, value=67321.0
    [iter 366196] reheat + diversify: ceiling=1.15, value=80794.0
    [iter 371949] reheat + diversify: ceiling=1.04, value=87403.0
    [iter 377702] reheat + diversify: ceiling=0.93, value=81646.0
    [iter 383455] reheat + diversify: ceiling=0.84, value=80384.0
    [iter 389208] reheat + diversify: ceiling=0.76, value=72871.0
    [iter 394961] reheat + diversify: ceiling=0.68, value=74429.0
    [iter 400714] reheat + diversify: ceiling=0.61, value=74286.0
    [iter 406467] reheat + diversify: ceiling=0.55, value=60614.0
    [iter 412220] reheat + diversify: ceiling=0.50, value=55634.0
    [iter 417973] reheat + diversify: ceiling=0.45, value=69693.0
    [iter 423726] reheat + diversify: ceiling=0.40, value=72559.0
    [iter 429479] reheat + diversify: ceiling=0.36, value=89945.0
    [iter 435232] reheat + diversify: ceiling=0.33, value=82036.0
    [iter 440985] reheat + diversify: ceiling=0.29, value=67994.0
    [iter 446738] reheat + diversify: ceiling=0.26, value=85102.0
    [iter 452491] reheat + diversify: ceiling=0.24, value=54669.0
    [iter 458244] reheat + diversify: ceiling=0.21, value=66052.0
    [iter 463997] reheat + diversify: ceiling=0.19, value=42484.0
    [iter 469750] reheat + diversify: ceiling=0.17, value=59671.0
    [iter 475503] reheat + diversify: ceiling=0.16, value=78776.0
    [iter 481256] reheat + diversify: ceiling=0.14, value=72158.0
    [iter 487009] reheat + diversify: ceiling=0.13, value=72130.0
    [iter 492762] reheat + diversify: ceiling=0.11, value=98873.0
    [iter 498515] reheat + diversify: ceiling=0.10, value=73492.0
    [iter 504268] reheat + diversify: ceiling=0.09, value=78582.0
    [iter 510021] reheat + diversify: ceiling=0.08, value=47358.0
    [iter 515774] reheat + diversify: ceiling=0.07, value=93569.0
    [iter 521527] reheat + diversify: ceiling=0.07, value=62116.0
    [iter 527280] reheat + diversify: ceiling=0.06, value=71519.0
    [iter 533033] reheat + diversify: ceiling=0.05, value=87913.0
    [iter 538786] reheat + diversify: ceiling=0.05, value=51072.0
    [iter 544539] reheat + diversify: ceiling=0.04, value=78231.0
    [iter 550292] reheat + diversify: ceiling=0.04, value=65564.0
    [iter 556045] reheat + diversify: ceiling=0.04, value=61381.0
    [iter 561798] reheat + diversify: ceiling=0.03, value=88680.0
    [iter 567551] reheat + diversify: ceiling=0.03, value=102760.0
    [iter 573304] reheat + diversify: ceiling=0.03, value=67415.0
    [iter 579057] reheat + diversify: ceiling=0.02, value=93540.0
    [iter 584810] reheat + diversify: ceiling=0.02, value=69449.0
    [iter 590563] reheat + diversify: ceiling=0.02, value=87912.0
    [iter 596316] reheat + diversify: ceiling=0.02, value=45569.0
    [iter 602069] reheat + diversify: ceiling=0.02, value=76029.0
    [iter 607822] reheat + diversify: ceiling=0.01, value=58278.0
    [iter 613575] reheat + diversify: ceiling=0.01, value=75534.0
    [iter 619328] reheat + diversify: ceiling=0.01, value=68571.0
    [iter 625081] reheat + diversify: ceiling=0.01, value=92227.0
    [iter 630834] reheat + diversify: ceiling=0.01, value=68088.0
    [iter 636587] reheat + diversify: ceiling=0.01, value=80138.0
    [iter 642340] reheat + diversify: ceiling=0.01, value=71412.0
    [iter 648093] reheat + diversify: ceiling=0.01, value=74900.0
    [iter 653846] reheat + diversify: ceiling=0.01, value=73009.0
    [iter 659599] reheat + diversify: ceiling=0.01, value=62714.0
    [iter 665352] reheat + diversify: ceiling=0.00, value=88193.0
    [iter 671105] reheat + diversify: ceiling=0.00, value=62587.0
    [iter 676858] reheat + diversify: ceiling=0.00, value=81947.0
    [iter 682611] reheat + diversify: ceiling=0.00, value=60906.0
    [iter 688364] reheat + diversify: ceiling=0.00, value=81377.0
    [iter 694117] reheat + diversify: ceiling=0.00, value=82558.0
    [iter 699870] reheat + diversify: ceiling=0.00, value=83294.0
    [iter 705623] reheat + diversify: ceiling=0.00, value=87256.0
    [iter 711376] reheat + diversify: ceiling=0.00, value=55988.0
    [iter 717129] reheat + diversify: ceiling=0.00, value=71193.0
    [iter 722882] reheat + diversify: ceiling=0.00, value=81953.0
    [iter 728635] reheat + diversify: ceiling=0.00, value=92994.0
    [iter 734388] reheat + diversify: ceiling=0.00, value=73175.0
    [iter 740141] reheat + diversify: ceiling=0.00, value=59011.0
    [iter 745894] reheat + diversify: ceiling=0.00, value=45894.0
    [iter 751647] reheat + diversify: ceiling=0.00, value=73599.0
    [iter 757400] reheat + diversify: ceiling=0.00, value=79768.0
    [iter 763153] reheat + diversify: ceiling=0.00, value=53026.0
    [iter 768906] reheat + diversify: ceiling=0.00, value=88620.0
    [iter 774659] reheat + diversify: ceiling=0.00, value=59627.0
    [iter 780412] reheat + diversify: ceiling=0.00, value=77806.0
    [iter 786165] reheat + diversify: ceiling=0.00, value=59982.0
    [iter 791918] reheat + diversify: ceiling=0.00, value=51442.0
    [iter 797671] reheat + diversify: ceiling=0.00, value=81833.0
    [iter 803424] reheat + diversify: ceiling=0.00, value=82887.0
    [iter 809177] reheat + diversify: ceiling=0.00, value=81548.0
    [iter 814930] reheat + diversify: ceiling=0.00, value=93711.0
    [iter 820683] reheat + diversify: ceiling=0.00, value=63949.0
    [iter 826436] reheat + diversify: ceiling=0.00, value=101629.0
    [iter 832189] reheat + diversify: ceiling=0.00, value=89449.0
    [iter 837942] reheat + diversify: ceiling=0.00, value=97489.0
    [iter 843695] reheat + diversify: ceiling=0.00, value=65055.0
    [iter 849448] reheat + diversify: ceiling=0.00, value=39798.0
    [iter 855201] reheat + diversify: ceiling=0.00, value=96736.0
    [iter 860954] reheat + diversify: ceiling=0.00, value=46537.0
    [iter 866707] reheat + diversify: ceiling=0.00, value=83626.0
    [iter 872460] reheat + diversify: ceiling=0.00, value=96970.0
    [iter 878213] reheat + diversify: ceiling=0.00, value=68627.0
    [iter 883966] reheat + diversify: ceiling=0.00, value=83843.0
    [iter 889719] reheat + diversify: ceiling=0.00, value=90594.0
    [iter 895472] reheat + diversify: ceiling=0.00, value=61699.0
    [iter 901225] reheat + diversify: ceiling=0.00, value=88662.0
    [iter 906978] reheat + diversify: ceiling=0.00, value=44022.0
    [iter 912731] reheat + diversify: ceiling=0.00, value=61660.0
    [iter 918484] reheat + diversify: ceiling=0.00, value=81026.0
    [iter 924237] reheat + diversify: ceiling=0.00, value=56094.0
    [iter 929990] reheat + diversify: ceiling=0.00, value=72354.0
    [iter 935743] reheat + diversify: ceiling=0.00, value=61649.0
    [iter 941496] reheat + diversify: ceiling=0.00, value=57411.0
    [iter 947249] reheat + diversify: ceiling=0.00, value=80315.0
    [iter 953002] reheat + diversify: ceiling=0.00, value=86501.0
    [iter 958755] reheat + diversify: ceiling=0.00, value=83436.0
    [iter 964508] reheat + diversify: ceiling=0.00, value=104051.0
    [iter 970261] reheat + diversify: ceiling=0.00, value=73406.0
    [iter 976014] reheat + diversify: ceiling=0.00, value=75743.0
    [iter 981767] reheat + diversify: ceiling=0.00, value=70715.0
    [iter 987520] reheat + diversify: ceiling=0.00, value=61020.0
    [iter 993273] reheat + diversify: ceiling=0.00, value=77748.0
    [iter 999026] reheat + diversify: ceiling=0.00, value=87810.0
    [iter 1004779] reheat + diversify: ceiling=0.00, value=74494.0
    [iter 1010532] reheat + diversify: ceiling=0.00, value=84530.0
    [iter 1016285] reheat + diversify: ceiling=0.00, value=66295.0
    [iter 1022038] reheat + diversify: ceiling=0.00, value=72947.0
    [iter 1027791] reheat + diversify: ceiling=0.00, value=51149.0
    [iter 1033544] reheat + diversify: ceiling=0.00, value=79649.0
    [iter 1039297] reheat + diversify: ceiling=0.00, value=61647.0
    [iter 1045050] reheat + diversify: ceiling=0.00, value=79401.0
    [iter 1050803] reheat + diversify: ceiling=0.00, value=85150.0
    [iter 1056556] reheat + diversify: ceiling=0.00, value=63531.0
    [iter 1062309] reheat + diversify: ceiling=0.00, value=82756.0
    [iter 1068062] reheat + diversify: ceiling=0.00, value=82942.0
    [iter 1073815] reheat + diversify: ceiling=0.00, value=85842.0
    [iter 1079568] reheat + diversify: ceiling=0.00, value=50702.0
    [iter 1085321] reheat + diversify: ceiling=0.00, value=77248.0
    [iter 1091074] reheat + diversify: ceiling=0.00, value=46836.0
    [iter 1096827] reheat + diversify: ceiling=0.00, value=70691.0
    [iter 1102580] reheat + diversify: ceiling=0.00, value=64705.0
    [iter 1108333] reheat + diversify: ceiling=0.00, value=64133.0
    [iter 1114086] reheat + diversify: ceiling=0.00, value=59521.0
    [iter 1119839] reheat + diversify: ceiling=0.00, value=99204.0
    [iter 1125592] reheat + diversify: ceiling=0.00, value=70921.0
    [iter 1131345] reheat + diversify: ceiling=0.00, value=75439.0
    [iter 1137098] reheat + diversify: ceiling=0.00, value=85324.0
    [iter 1142851] reheat + diversify: ceiling=0.00, value=82177.0
    [iter 1148604] reheat + diversify: ceiling=0.00, value=92519.0
    [iter 1154357] reheat + diversify: ceiling=0.00, value=69882.0
    [iter 1160110] reheat + diversify: ceiling=0.00, value=59861.0
    [iter 1165863] reheat + diversify: ceiling=0.00, value=53296.0
    [iter 1171616] reheat + diversify: ceiling=0.00, value=61340.0
    [iter 1177369] reheat + diversify: ceiling=0.00, value=74487.0
    [iter 1183122] reheat + diversify: ceiling=0.00, value=75916.0
    [iter 1188875] reheat + diversify: ceiling=0.00, value=76422.0
    [iter 1194628] reheat + diversify: ceiling=0.00, value=65250.0
    [iter 1200381] reheat + diversify: ceiling=0.00, value=73785.0
    [iter 1206134] reheat + diversify: ceiling=0.00, value=73487.0
    [iter 1211887] reheat + diversify: ceiling=0.00, value=78433.0
    [iter 1217640] reheat + diversify: ceiling=0.00, value=64188.0
    [iter 1223393] reheat + diversify: ceiling=0.00, value=57739.0
    [iter 1229146] reheat + diversify: ceiling=0.00, value=80443.0
    [iter 1234899] reheat + diversify: ceiling=0.00, value=73829.0
    [iter 1240652] reheat + diversify: ceiling=0.00, value=78605.0
    [iter 1246405] reheat + diversify: ceiling=0.00, value=91841.0
    [iter 1252158] reheat + diversify: ceiling=0.00, value=43110.0
    [iter 1257911] reheat + diversify: ceiling=0.00, value=64601.0
    [iter 1263664] reheat + diversify: ceiling=0.00, value=84990.0
    [iter 1269417] reheat + diversify: ceiling=0.00, value=75897.0
    [iter 1275170] reheat + diversify: ceiling=0.00, value=53784.0
    [iter 1280923] reheat + diversify: ceiling=0.00, value=77234.0
    [iter 1286676] reheat + diversify: ceiling=0.00, value=79701.0
    [iter 1292429] reheat + diversify: ceiling=0.00, value=45557.0
    [iter 1298182] reheat + diversify: ceiling=0.00, value=76872.0
    [iter 1303935] reheat + diversify: ceiling=0.00, value=89248.0
    [iter 1309688] reheat + diversify: ceiling=0.00, value=78238.0
    [iter 1315441] reheat + diversify: ceiling=0.00, value=73734.0
    [iter 1321194] reheat + diversify: ceiling=0.00, value=66579.0
    [iter 1326947] reheat + diversify: ceiling=0.00, value=68051.0
    [iter 1332700] reheat + diversify: ceiling=0.00, value=74566.0
    [iter 1338453] reheat + diversify: ceiling=0.00, value=63735.0
    [iter 1344206] reheat + diversify: ceiling=0.00, value=67880.0
    [iter 1349959] reheat + diversify: ceiling=0.00, value=61170.0
    [iter 1355712] reheat + diversify: ceiling=0.00, value=96557.0
    [iter 1361465] reheat + diversify: ceiling=0.00, value=62774.0
    [iter 1367218] reheat + diversify: ceiling=0.00, value=97285.0
    [iter 1372971] reheat + diversify: ceiling=0.00, value=67044.0
    [iter 1378724] reheat + diversify: ceiling=0.00, value=83843.0
    [iter 1384477] reheat + diversify: ceiling=0.00, value=72034.0
    [iter 1390230] reheat + diversify: ceiling=0.00, value=79008.0
    [iter 1395983] reheat + diversify: ceiling=0.00, value=64097.0
    [iter 1401736] reheat + diversify: ceiling=0.00, value=80730.0
    [iter 1407489] reheat + diversify: ceiling=0.00, value=63981.0
    [iter 1413242] reheat + diversify: ceiling=0.00, value=61864.0
    [iter 1418995] reheat + diversify: ceiling=0.00, value=56925.0
    [iter 1424748] reheat + diversify: ceiling=0.00, value=78399.0
    [iter 1430501] reheat + diversify: ceiling=0.00, value=85296.0
    [iter 1436254] reheat + diversify: ceiling=0.00, value=52189.0
    [iter 1442007] reheat + diversify: ceiling=0.00, value=77490.0
    [iter 1447760] reheat + diversify: ceiling=0.00, value=59622.0
    [iter 1453513] reheat + diversify: ceiling=0.00, value=90437.0
    [iter 1459266] reheat + diversify: ceiling=0.00, value=88644.0
    [iter 1465019] reheat + diversify: ceiling=0.00, value=76520.0
    [iter 1470772] reheat + diversify: ceiling=0.00, value=65017.0
    [iter 1476525] reheat + diversify: ceiling=0.00, value=55756.0
    [iter 1482278] reheat + diversify: ceiling=0.00, value=93180.0
    [iter 1488031] reheat + diversify: ceiling=0.00, value=75300.0
    [iter 1493784] reheat + diversify: ceiling=0.00, value=93019.0
    [iter 1499537] reheat + diversify: ceiling=0.00, value=77856.0
    [iter 1505290] reheat + diversify: ceiling=0.00, value=76652.0
    [iter 1511043] reheat + diversify: ceiling=0.00, value=94802.0
    [iter 1516796] reheat + diversify: ceiling=0.00, value=101734.0
    [iter 1522549] reheat + diversify: ceiling=0.00, value=73973.0
    [iter 1528302] reheat + diversify: ceiling=0.00, value=55513.0
    [iter 1534055] reheat + diversify: ceiling=0.00, value=48456.0
    [iter 1539808] reheat + diversify: ceiling=0.00, value=83219.0
    [iter 1545561] reheat + diversify: ceiling=0.00, value=57348.0
    [iter 1551314] reheat + diversify: ceiling=0.00, value=82691.0
    [iter 1557067] reheat + diversify: ceiling=0.00, value=56062.0
    [iter 1562820] reheat + diversify: ceiling=0.00, value=60558.0
    [iter 1568573] reheat + diversify: ceiling=0.00, value=83321.0
    [iter 1574326] reheat + diversify: ceiling=0.00, value=79117.0
    [iter 1580079] reheat + diversify: ceiling=0.00, value=41499.0
    [iter 1585832] reheat + diversify: ceiling=0.00, value=75802.0
    [iter 1591585] reheat + diversify: ceiling=0.00, value=68067.0
    [iter 1597338] reheat + diversify: ceiling=0.00, value=71803.0
    [iter 1603091] reheat + diversify: ceiling=0.00, value=73191.0
    [iter 1608844] reheat + diversify: ceiling=0.00, value=59003.0
    [iter 1614597] reheat + diversify: ceiling=0.00, value=70161.0
    [iter 1620350] reheat + diversify: ceiling=0.00, value=86587.0
    [iter 1626103] reheat + diversify: ceiling=0.00, value=73372.0
    [iter 1631856] reheat + diversify: ceiling=0.00, value=57635.0
    [iter 1637609] reheat + diversify: ceiling=0.00, value=76518.0
    [iter 1643362] reheat + diversify: ceiling=0.00, value=93711.0
    [iter 1649115] reheat + diversify: ceiling=0.00, value=76247.0
    [iter 1654868] reheat + diversify: ceiling=0.00, value=82917.0
    [iter 1660621] reheat + diversify: ceiling=0.00, value=79463.0
    [iter 1666374] reheat + diversify: ceiling=0.00, value=80897.0
    [iter 1672127] reheat + diversify: ceiling=0.00, value=73264.0
    [iter 1677880] reheat + diversify: ceiling=0.00, value=45958.0
    [iter 1683633] reheat + diversify: ceiling=0.00, value=53440.0
    [iter 1689386] reheat + diversify: ceiling=0.00, value=90563.0
    [iter 1695139] reheat + diversify: ceiling=0.00, value=44791.0
    [iter 1700892] reheat + diversify: ceiling=0.00, value=70302.0
    [iter 1706645] reheat + diversify: ceiling=0.00, value=50565.0
    [iter 1712398] reheat + diversify: ceiling=0.00, value=69693.0
    [iter 1718151] reheat + diversify: ceiling=0.00, value=86614.0
    [iter 1723904] reheat + diversify: ceiling=0.00, value=77184.0
    [iter 1729657] reheat + diversify: ceiling=0.00, value=75967.0
    [iter 1735410] reheat + diversify: ceiling=0.00, value=53247.0
    [iter 1741163] reheat + diversify: ceiling=0.00, value=93204.0
    [iter 1746916] reheat + diversify: ceiling=0.00, value=58990.0
    [iter 1752669] reheat + diversify: ceiling=0.00, value=96574.0
    [iter 1758422] reheat + diversify: ceiling=0.00, value=92745.0
    [iter 1764175] reheat + diversify: ceiling=0.00, value=99074.0
    [iter 1769928] reheat + diversify: ceiling=0.00, value=83198.0
    [iter 1775681] reheat + diversify: ceiling=0.00, value=70874.0
    [iter 1781434] reheat + diversify: ceiling=0.00, value=78080.0
    [iter 1787187] reheat + diversify: ceiling=0.00, value=88901.0
    [iter 1792940] reheat + diversify: ceiling=0.00, value=86449.0
    [iter 1798693] reheat + diversify: ceiling=0.00, value=81562.0
    [iter 1804446] reheat + diversify: ceiling=0.00, value=67728.0
    [iter 1810199] reheat + diversify: ceiling=0.00, value=66937.0
    [iter 1815952] reheat + diversify: ceiling=0.00, value=64083.0
    [iter 1821705] reheat + diversify: ceiling=0.00, value=80433.0
    [iter 1827458] reheat + diversify: ceiling=0.00, value=78666.0
    [iter 1833211] reheat + diversify: ceiling=0.00, value=90217.0
    [iter 1838964] reheat + diversify: ceiling=0.00, value=62675.0
    [iter 1844717] reheat + diversify: ceiling=0.00, value=72624.0
    [iter 1850470] reheat + diversify: ceiling=0.00, value=79848.0
    [iter 1856223] reheat + diversify: ceiling=0.00, value=74518.0
    [iter 1861976] reheat + diversify: ceiling=0.00, value=68901.0
    [iter 1867729] reheat + diversify: ceiling=0.00, value=99504.0
    [iter 1873482] reheat + diversify: ceiling=0.00, value=48423.0
    [iter 1879235] reheat + diversify: ceiling=0.00, value=81946.0
    [iter 1884988] reheat + diversify: ceiling=0.00, value=77061.0
    [iter 1890741] reheat + diversify: ceiling=0.00, value=79569.0
    [iter 1896494] reheat + diversify: ceiling=0.00, value=66246.0
    [iter 1902247] reheat + diversify: ceiling=0.00, value=89863.0
    [iter 1908000] reheat + diversify: ceiling=0.00, value=84332.0
    [iter 1913753] reheat + diversify: ceiling=0.00, value=73891.0
    [iter 1919506] reheat + diversify: ceiling=0.00, value=41010.0
    [iter 1925259] reheat + diversify: ceiling=0.00, value=97845.0
    [iter 1931012] reheat + diversify: ceiling=0.00, value=63721.0
    [iter 1936765] reheat + diversify: ceiling=0.00, value=63594.0
    [iter 1942518] reheat + diversify: ceiling=0.00, value=62137.0
    [iter 1948271] reheat + diversify: ceiling=0.00, value=56090.0
    [iter 1954024] reheat + diversify: ceiling=0.00, value=56754.0
    [iter 1959777] reheat + diversify: ceiling=0.00, value=88869.0
    [iter 1965530] reheat + diversify: ceiling=0.00, value=85390.0
    [iter 1971283] reheat + diversify: ceiling=0.00, value=65962.0
    [iter 1977036] reheat + diversify: ceiling=0.00, value=65177.0
    [iter 1982789] reheat + diversify: ceiling=0.00, value=58551.0
    [iter 1988542] reheat + diversify: ceiling=0.00, value=70588.0
    [iter 1994295] reheat + diversify: ceiling=0.00, value=66322.0
    [iter 2000048] reheat + diversify: ceiling=0.00, value=74331.0
    [iter 2005801] reheat + diversify: ceiling=0.00, value=88657.0
    [iter 2011554] reheat + diversify: ceiling=0.00, value=77544.0
    [iter 2017307] reheat + diversify: ceiling=0.00, value=76589.0
    [iter 2023060] reheat + diversify: ceiling=0.00, value=71064.0
    [iter 2028813] reheat + diversify: ceiling=0.00, value=64514.0
    [iter 2034566] reheat + diversify: ceiling=0.00, value=93659.0
    [iter 2040319] reheat + diversify: ceiling=0.00, value=76492.0
    [iter 2046072] reheat + diversify: ceiling=0.00, value=58225.0
    [iter 2051825] reheat + diversify: ceiling=0.00, value=61849.0
    [iter 2057578] reheat + diversify: ceiling=0.00, value=58481.0
    [iter 2063331] reheat + diversify: ceiling=0.00, value=83225.0
    [iter 2069084] reheat + diversify: ceiling=0.00, value=68060.0
    [iter 2074837] reheat + diversify: ceiling=0.00, value=62504.0
    [iter 2080590] reheat + diversify: ceiling=0.00, value=42794.0
    [iter 2086343] reheat + diversify: ceiling=0.00, value=66109.0
    [iter 2092096] reheat + diversify: ceiling=0.00, value=71557.0
    [iter 2097849] reheat + diversify: ceiling=0.00, value=82443.0
    [iter 2103602] reheat + diversify: ceiling=0.00, value=78333.0
    [iter 2109355] reheat + diversify: ceiling=0.00, value=80244.0
    [iter 2115108] reheat + diversify: ceiling=0.00, value=78826.0
    [iter 2120861] reheat + diversify: ceiling=0.00, value=93170.0
    [iter 2126614] reheat + diversify: ceiling=0.00, value=76838.0
    [iter 2132367] reheat + diversify: ceiling=0.00, value=74181.0
    [iter 2138120] reheat + diversify: ceiling=0.00, value=69565.0
    [iter 2143873] reheat + diversify: ceiling=0.00, value=73747.0
    [iter 2149626] reheat + diversify: ceiling=0.00, value=65655.0
    [iter 2155379] reheat + diversify: ceiling=0.00, value=79351.0
    [iter 2161132] reheat + diversify: ceiling=0.00, value=67987.0
    [iter 2166885] reheat + diversify: ceiling=0.00, value=58637.0
    [iter 2172638] reheat + diversify: ceiling=0.00, value=79714.0
    [iter 2178391] reheat + diversify: ceiling=0.00, value=59090.0
    [iter 2184144] reheat + diversify: ceiling=0.00, value=87855.0
    [iter 2189897] reheat + diversify: ceiling=0.00, value=93287.0
    [iter 2195650] reheat + diversify: ceiling=0.00, value=75398.0
    [iter 2201403] reheat + diversify: ceiling=0.00, value=85153.0
    [iter 2207156] reheat + diversify: ceiling=0.00, value=111270.0
    [iter 2212909] reheat + diversify: ceiling=0.00, value=66190.0
    [iter 2218662] reheat + diversify: ceiling=0.00, value=52414.0
    [iter 2224415] reheat + diversify: ceiling=0.00, value=69006.0
    [iter 2230168] reheat + diversify: ceiling=0.00, value=75909.0
    [iter 2235921] reheat + diversify: ceiling=0.00, value=84877.0
    [iter 2241674] reheat + diversify: ceiling=0.00, value=65273.0
    [iter 2247427] reheat + diversify: ceiling=0.00, value=69188.0
    [iter 2253180] reheat + diversify: ceiling=0.00, value=69836.0
    [iter 2258933] reheat + diversify: ceiling=0.00, value=82969.0
    [iter 2264686] reheat + diversify: ceiling=0.00, value=64353.0
    [iter 2270439] reheat + diversify: ceiling=0.00, value=84778.0
    [iter 2276192] reheat + diversify: ceiling=0.00, value=59542.0
    [iter 2281945] reheat + diversify: ceiling=0.00, value=98244.0
    [iter 2287698] reheat + diversify: ceiling=0.00, value=85150.0
    [iter 2293451] reheat + diversify: ceiling=0.00, value=58452.0
    [iter 2299204] reheat + diversify: ceiling=0.00, value=99730.0
    [iter 2304957] reheat + diversify: ceiling=0.00, value=87873.0
    [iter 2310710] reheat + diversify: ceiling=0.00, value=50763.0
    [iter 2316463] reheat + diversify: ceiling=0.00, value=72674.0
    [iter 2322216] reheat + diversify: ceiling=0.00, value=64041.0
    [iter 2327969] reheat + diversify: ceiling=0.00, value=50605.0
    [iter 2333722] reheat + diversify: ceiling=0.00, value=68492.0
    [iter 2339475] reheat + diversify: ceiling=0.00, value=65859.0
    [iter 2345228] reheat + diversify: ceiling=0.00, value=62359.0
    [iter 2350981] reheat + diversify: ceiling=0.00, value=83597.0
    [iter 2356734] reheat + diversify: ceiling=0.00, value=52074.0
    [iter 2362487] reheat + diversify: ceiling=0.00, value=97443.0
    [iter 2368240] reheat + diversify: ceiling=0.00, value=69808.0
    [iter 2373993] reheat + diversify: ceiling=0.00, value=94430.0
    [iter 2379746] reheat + diversify: ceiling=0.00, value=78089.0
    [iter 2385499] reheat + diversify: ceiling=0.00, value=60557.0
    [iter 2391252] reheat + diversify: ceiling=0.00, value=64757.0
    [iter 2397005] reheat + diversify: ceiling=0.00, value=101578.0
    [iter 2402758] reheat + diversify: ceiling=0.00, value=89134.0
    [iter 2408511] reheat + diversify: ceiling=0.00, value=44580.0
    [iter 2414264] reheat + diversify: ceiling=0.00, value=69907.0
    [iter 2420017] reheat + diversify: ceiling=0.00, value=44422.0
    [iter 2425770] reheat + diversify: ceiling=0.00, value=72785.0
    [iter 2431523] reheat + diversify: ceiling=0.00, value=71125.0
    [iter 2437276] reheat + diversify: ceiling=0.00, value=106196.0
    [iter 2443029] reheat + diversify: ceiling=0.00, value=89735.0
    [iter 2448782] reheat + diversify: ceiling=0.00, value=90175.0
    [iter 2454535] reheat + diversify: ceiling=0.00, value=80751.0
    [iter 2460288] reheat + diversify: ceiling=0.00, value=40103.0
    [iter 2466041] reheat + diversify: ceiling=0.00, value=80615.0
    [iter 2471794] reheat + diversify: ceiling=0.00, value=72137.0
    [iter 2477547] reheat + diversify: ceiling=0.00, value=72680.0
    [iter 2483300] reheat + diversify: ceiling=0.00, value=89415.0
    [iter 2489053] reheat + diversify: ceiling=0.00, value=75398.0
    [iter 2494806] reheat + diversify: ceiling=0.00, value=86374.0
    [iter 2500559] reheat + diversify: ceiling=0.00, value=88545.0
    [iter 2506312] reheat + diversify: ceiling=0.00, value=62310.0
    [iter 2512065] reheat + diversify: ceiling=0.00, value=87993.0
    [iter 2517818] reheat + diversify: ceiling=0.00, value=89746.0
    [iter 2523571] reheat + diversify: ceiling=0.00, value=59607.0
    [iter 2529324] reheat + diversify: ceiling=0.00, value=60741.0
    [iter 2535077] reheat + diversify: ceiling=0.00, value=76129.0
    [iter 2540830] reheat + diversify: ceiling=0.00, value=81026.0
    [iter 2546583] reheat + diversify: ceiling=0.00, value=58215.0
    [iter 2552336] reheat + diversify: ceiling=0.00, value=73795.0
    [iter 2558089] reheat + diversify: ceiling=0.00, value=64519.0
    [iter 2563842] reheat + diversify: ceiling=0.00, value=66528.0
    [iter 2569595] reheat + diversify: ceiling=0.00, value=65519.0
    [iter 2575348] reheat + diversify: ceiling=0.00, value=72158.0
    [iter 2581101] reheat + diversify: ceiling=0.00, value=75864.0
    [iter 2586854] reheat + diversify: ceiling=0.00, value=69772.0
    [iter 2592607] reheat + diversify: ceiling=0.00, value=78071.0
    [iter 2598360] reheat + diversify: ceiling=0.00, value=31553.0
    [iter 2604113] reheat + diversify: ceiling=0.00, value=55252.0
    [iter 2609866] reheat + diversify: ceiling=0.00, value=69854.0
    [iter 2615619] reheat + diversify: ceiling=0.00, value=66517.0
    [iter 2621372] reheat + diversify: ceiling=0.00, value=93880.0
    [iter 2627125] reheat + diversify: ceiling=0.00, value=67858.0
    [iter 2632878] reheat + diversify: ceiling=0.00, value=78446.0
    [iter 2638631] reheat + diversify: ceiling=0.00, value=56093.0
    [iter 2644384] reheat + diversify: ceiling=0.00, value=71857.0
    [iter 2650137] reheat + diversify: ceiling=0.00, value=71541.0
    [iter 2655890] reheat + diversify: ceiling=0.00, value=62693.0
    [iter 2661643] reheat + diversify: ceiling=0.00, value=67755.0
    [iter 2667396] reheat + diversify: ceiling=0.00, value=68344.0
    [iter 2673149] reheat + diversify: ceiling=0.00, value=94801.0
    [iter 2678902] reheat + diversify: ceiling=0.00, value=74794.0
    [iter 2684655] reheat + diversify: ceiling=0.00, value=71749.0
    [iter 2690408] reheat + diversify: ceiling=0.00, value=59865.0
    [iter 2696161] reheat + diversify: ceiling=0.00, value=93170.0
    [iter 2701914] reheat + diversify: ceiling=0.00, value=78841.0
    [iter 2707667] reheat + diversify: ceiling=0.00, value=69065.0
    [iter 2713420] reheat + diversify: ceiling=0.00, value=84041.0
    [iter 2719173] reheat + diversify: ceiling=0.00, value=85568.0
    [iter 2724926] reheat + diversify: ceiling=0.00, value=73037.0
    [iter 2730679] reheat + diversify: ceiling=0.00, value=83509.0
    [iter 2736432] reheat + diversify: ceiling=0.00, value=64439.0
    [iter 2742185] reheat + diversify: ceiling=0.00, value=81764.0
    [iter 2747938] reheat + diversify: ceiling=0.00, value=46910.0
    [iter 2753691] reheat + diversify: ceiling=0.00, value=69631.0
    [iter 2759444] reheat + diversify: ceiling=0.00, value=111270.0
    [iter 2765197] reheat + diversify: ceiling=0.00, value=68585.0
    [iter 2770950] reheat + diversify: ceiling=0.00, value=90175.0
    [iter 2776703] reheat + diversify: ceiling=0.00, value=73037.0
    [iter 2782456] reheat + diversify: ceiling=0.00, value=79166.0
    [iter 2788209] reheat + diversify: ceiling=0.00, value=85090.0
    [iter 2793962] reheat + diversify: ceiling=0.00, value=91326.0
    [iter 2799715] reheat + diversify: ceiling=0.00, value=93862.0
    [iter 2805468] reheat + diversify: ceiling=0.00, value=73325.0
    [iter 2811221] reheat + diversify: ceiling=0.00, value=92568.0
    [iter 2816974] reheat + diversify: ceiling=0.00, value=67102.0
    [iter 2822727] reheat + diversify: ceiling=0.00, value=81813.0
    [iter 2828480] reheat + diversify: ceiling=0.00, value=84808.0
    [iter 2834233] reheat + diversify: ceiling=0.00, value=83034.0
    [iter 2839986] reheat + diversify: ceiling=0.00, value=90224.0
    [iter 2845739] reheat + diversify: ceiling=0.00, value=48884.0
    [iter 2851492] reheat + diversify: ceiling=0.00, value=82443.0
    [iter 2857245] reheat + diversify: ceiling=0.00, value=69643.0
    [iter 2862998] reheat + diversify: ceiling=0.00, value=73437.0
    [iter 2868751] reheat + diversify: ceiling=0.00, value=92017.0
    [iter 2874504] reheat + diversify: ceiling=0.00, value=62709.0
    [iter 2880257] reheat + diversify: ceiling=0.00, value=98244.0
    [iter 2886010] reheat + diversify: ceiling=0.00, value=84228.0
    [iter 2891763] reheat + diversify: ceiling=0.00, value=70260.0
    [iter 2897516] reheat + diversify: ceiling=0.00, value=76180.0
    [iter 2903269] reheat + diversify: ceiling=0.00, value=74971.0
    [iter 2909022] reheat + diversify: ceiling=0.00, value=68995.0
    [iter 2914775] reheat + diversify: ceiling=0.00, value=78829.0
    [iter 2920528] reheat + diversify: ceiling=0.00, value=83692.0
    [iter 2926281] reheat + diversify: ceiling=0.00, value=60928.0
    [iter 2932034] reheat + diversify: ceiling=0.00, value=59282.0
    [iter 2937787] reheat + diversify: ceiling=0.00, value=72129.0
    [iter 2943540] reheat + diversify: ceiling=0.00, value=74062.0
    [iter 2949293] reheat + diversify: ceiling=0.00, value=53628.0
    [iter 2955046] reheat + diversify: ceiling=0.00, value=89739.0
    [iter 2960799] reheat + diversify: ceiling=0.00, value=97489.0
    [iter 2966552] reheat + diversify: ceiling=0.00, value=66190.0
    [iter 2972305] reheat + diversify: ceiling=0.00, value=54642.0
    [iter 2978058] reheat + diversify: ceiling=0.00, value=90399.0
    [iter 2983811] reheat + diversify: ceiling=0.00, value=99823.0
    [iter 2989564] reheat + diversify: ceiling=0.00, value=58812.0
    [iter 2995317] reheat + diversify: ceiling=0.00, value=82898.0
    [iter 3001070] reheat + diversify: ceiling=0.00, value=80396.0
    [iter 3006823] reheat + diversify: ceiling=0.00, value=92464.0
    [iter 3012576] reheat + diversify: ceiling=0.00, value=73630.0
    [iter 3018329] reheat + diversify: ceiling=0.00, value=66477.0
    [iter 3024082] reheat + diversify: ceiling=0.00, value=65242.0
    [iter 3029835] reheat + diversify: ceiling=0.00, value=77968.0
    [iter 3035588] reheat + diversify: ceiling=0.00, value=89563.0
    [iter 3041341] reheat + diversify: ceiling=0.00, value=77199.0
    [iter 3047094] reheat + diversify: ceiling=0.00, value=101314.0
    [iter 3052847] reheat + diversify: ceiling=0.00, value=63029.0
    [iter 3058600] reheat + diversify: ceiling=0.00, value=103259.0
    [iter 3064353] reheat + diversify: ceiling=0.00, value=75772.0
    [iter 3070106] reheat + diversify: ceiling=0.00, value=71695.0
    [iter 3075859] reheat + diversify: ceiling=0.00, value=60880.0
    [iter 3081612] reheat + diversify: ceiling=0.00, value=33284.0
    [iter 3087365] reheat + diversify: ceiling=0.00, value=43209.0
    [iter 3093118] reheat + diversify: ceiling=0.00, value=81012.0
    [iter 3098871] reheat + diversify: ceiling=0.00, value=97925.0
    [iter 3104624] reheat + diversify: ceiling=0.00, value=58716.0
  time limit reached at iteration 3109324
  SA finished: 3109324 iterations in 300.0s (10364 it/s), accepted 1306784 (42.0%), rejected 1802539, neutral 1181907 (38.0%), worsening accepted 6.5%, no-move draws 0, reheats 539
  SA: value 111270.0 (greedy 86267.0, +25003.0), bound 140762.0, gap 20.95%, util 80.6%
  report -> /home/mcaspar/3DMHKP/results_3DMHKP_ep3/ep3-20-U-R-50-3DMHKP-SA-a0.999-r0.25-t300s.txt

================================================================================================
SUMMARY
================================================================================================
instance      boxes  packed       greedy     SA value        bound      gap    util    iters    time
------------------------------------------------------------------------------------------------
ep3-20-U-R-50     20       9      86267.0     111270.0     140762.0   21.0%   80.6%  3109324  300.0s
------------------------------------------------------------------------------------------------
proven optimal (value reaches the upper bound): 0/1
improved over greedy: 1/1 (total value 86267.0 -> 111270.0, +28.98%)
mean gap to 0-1 knapsack bound: 21.0%
mean volume utilization: 80.6%
