============================================================
  Solver:     3DMHKP-SA.py
  Instance:   /home/mcaspar/3DMHKP/Egeblad/ep3-20-C-C-90.txt
  Value mode: flat
  Timelimit:  300s
  Reports:    /home/mcaspar/3DMHKP/results_3DMHKP_ep3
  CPUs:       1
============================================================
======================================================================
3DMHKP Simulated Annealing (random single-neighbour, sequence decoder)
SA params: T0=5% of f(S_0), alpha=0.999, T_min=0.001, reheat_threshold=5753, reheat_fraction=0.25
Move weights: {'relocate': 0.0, 'swap': 1.0, '2opt': 0.0, 'promote': 1.5, 'demote': 1.5, 'orient': 1.0, 'container': 0.5}
Time limit: 300.0s per instance, seed 332145414
======================================================================

======================================================================
ep3-20-C-C-90: 20 boxes (5 types), 1 containers (1 types)
  0-1 knapsack bound: 155222.0 (continuous relaxation: 156253.7)
  initial (value-density) decode: value 59978.0 (13/20 boxes)
  T0 = 13764.2 (calibrated, 215 worsening draws, target accept 35%)
  schedule: time-based, T0 -> 3137.78 over 300s
    [iter 10] *** NEW BEST: value 65450.0, boxes 13/20, T=13758.5, elapsed=0.1s
    [iter 14] *** NEW BEST: value 68298.0, boxes 13/20, T=13758.5, elapsed=0.1s
    [iter 18] *** NEW BEST: value 71146.0, boxes 13/20, T=13758.4, elapsed=0.1s
    [iter 22] *** NEW BEST: value 77276.0, boxes 14/20, T=13758.4, elapsed=0.1s
    [iter 310] *** NEW BEST: value 80124.0, boxes 14/20, T=13757.3, elapsed=0.1s
    [iter 6063] reheat + diversify: ceiling=3441.06, value=71146.0
    [iter 11816] reheat + diversify: ceiling=3096.95, value=77276.0
    [iter 17569] reheat + diversify: ceiling=2787.26, value=80124.0
    [iter 23322] reheat + diversify: ceiling=2508.53, value=58662.0
    [iter 29075] reheat + diversify: ceiling=2257.68, value=80124.0
    [iter 34828] reheat + diversify: ceiling=2031.91, value=77276.0
    [iter 40581] reheat + diversify: ceiling=1828.72, value=55814.0
    [iter 46334] reheat + diversify: ceiling=1645.85, value=55814.0
    [iter 52087] reheat + diversify: ceiling=1481.26, value=52966.0
    [iter 57840] reheat + diversify: ceiling=1333.14, value=77276.0
    [iter 63593] reheat + diversify: ceiling=1199.82, value=55814.0
    [iter 69346] reheat + diversify: ceiling=1079.84, value=74428.0
    [iter 75099] reheat + diversify: ceiling=971.86, value=55814.0
    [iter 80852] reheat + diversify: ceiling=874.67, value=74428.0
    [iter 86605] reheat + diversify: ceiling=787.20, value=68298.0
    [iter 92358] reheat + diversify: ceiling=708.48, value=61510.0
    [iter 98111] reheat + diversify: ceiling=637.64, value=74428.0
    [iter 103864] reheat + diversify: ceiling=573.87, value=58662.0
    [iter 109617] reheat + diversify: ceiling=516.48, value=58662.0
    [iter 115370] reheat + diversify: ceiling=464.84, value=80124.0
    [iter 121123] reheat + diversify: ceiling=418.35, value=80124.0
    [iter 126876] reheat + diversify: ceiling=376.52, value=52966.0
    [iter 132629] reheat + diversify: ceiling=338.87, value=80124.0
    [iter 138382] reheat + diversify: ceiling=304.98, value=59320.0
    [iter 144135] reheat + diversify: ceiling=274.48, value=58662.0
    [iter 149888] reheat + diversify: ceiling=247.03, value=68298.0
    [iter 155641] reheat + diversify: ceiling=222.33, value=55814.0
    [iter 161394] reheat + diversify: ceiling=200.10, value=59320.0
    [iter 167147] reheat + diversify: ceiling=180.09, value=55814.0
    [iter 172900] reheat + diversify: ceiling=162.08, value=77276.0
    [iter 178653] reheat + diversify: ceiling=145.87, value=74428.0
    [iter 184406] reheat + diversify: ceiling=131.28, value=58662.0
    [iter 190159] reheat + diversify: ceiling=118.16, value=74428.0
    [iter 195912] reheat + diversify: ceiling=106.34, value=55814.0
    [iter 201665] reheat + diversify: ceiling=95.71, value=58662.0
    [iter 207418] reheat + diversify: ceiling=86.14, value=77276.0
    [iter 213171] reheat + diversify: ceiling=77.52, value=55814.0
    [iter 218924] reheat + diversify: ceiling=69.77, value=74428.0
    [iter 224677] reheat + diversify: ceiling=62.79, value=62168.0
    [iter 230430] reheat + diversify: ceiling=56.51, value=77276.0
    [iter 236183] reheat + diversify: ceiling=50.86, value=80124.0
    [iter 241936] reheat + diversify: ceiling=45.78, value=77276.0
    [iter 247689] reheat + diversify: ceiling=41.20, value=55814.0
    [iter 253442] reheat + diversify: ceiling=37.08, value=58662.0
    [iter 259195] reheat + diversify: ceiling=33.37, value=74428.0
    [iter 264948] reheat + diversify: ceiling=30.03, value=71146.0
    [iter 270701] reheat + diversify: ceiling=27.03, value=77276.0
    [iter 276454] reheat + diversify: ceiling=24.33, value=77276.0
    [iter 282207] reheat + diversify: ceiling=21.89, value=59320.0
    [iter 287960] reheat + diversify: ceiling=19.70, value=58662.0
    [iter 293713] reheat + diversify: ceiling=17.73, value=61510.0
    [iter 299466] reheat + diversify: ceiling=15.96, value=61510.0
    [iter 305219] reheat + diversify: ceiling=14.36, value=80124.0
    [iter 310972] reheat + diversify: ceiling=12.93, value=58662.0
    [iter 316725] reheat + diversify: ceiling=11.64, value=68298.0
    [iter 322478] reheat + diversify: ceiling=10.47, value=77276.0
    [iter 328231] reheat + diversify: ceiling=9.42, value=59320.0
    [iter 333984] reheat + diversify: ceiling=8.48, value=74428.0
    [iter 339737] reheat + diversify: ceiling=7.63, value=77276.0
    [iter 345490] reheat + diversify: ceiling=6.87, value=80124.0
    [iter 351243] reheat + diversify: ceiling=6.18, value=77276.0
    [iter 356996] reheat + diversify: ceiling=5.57, value=77276.0
    [iter 362749] reheat + diversify: ceiling=5.01, value=68298.0
    [iter 368502] reheat + diversify: ceiling=4.51, value=55814.0
    [iter 374255] reheat + diversify: ceiling=4.06, value=52966.0
    [iter 380008] reheat + diversify: ceiling=3.65, value=58662.0
    [iter 385761] reheat + diversify: ceiling=3.29, value=77276.0
    [iter 391514] reheat + diversify: ceiling=2.96, value=80124.0
    [iter 397267] reheat + diversify: ceiling=2.66, value=55814.0
    [iter 403020] reheat + diversify: ceiling=2.40, value=58662.0
    [iter 408773] reheat + diversify: ceiling=2.16, value=58662.0
    [iter 414526] reheat + diversify: ceiling=1.94, value=77276.0
    [iter 420279] reheat + diversify: ceiling=1.75, value=77276.0
    [iter 426032] reheat + diversify: ceiling=1.57, value=80124.0
    [iter 431785] reheat + diversify: ceiling=1.41, value=58662.0
    [iter 437538] reheat + diversify: ceiling=1.27, value=55814.0
    [iter 443291] reheat + diversify: ceiling=1.15, value=65450.0
    [iter 449044] reheat + diversify: ceiling=1.03, value=80124.0
    [iter 454797] reheat + diversify: ceiling=0.93, value=61510.0
    [iter 460550] reheat + diversify: ceiling=0.84, value=59320.0
    [iter 466303] reheat + diversify: ceiling=0.75, value=58662.0
    [iter 472056] reheat + diversify: ceiling=0.68, value=68298.0
    [iter 477809] reheat + diversify: ceiling=0.61, value=80124.0
    [iter 483562] reheat + diversify: ceiling=0.55, value=77276.0
    [iter 489315] reheat + diversify: ceiling=0.49, value=58662.0
    [iter 495068] reheat + diversify: ceiling=0.44, value=77276.0
    [iter 500821] reheat + diversify: ceiling=0.40, value=65450.0
    [iter 506574] reheat + diversify: ceiling=0.36, value=80124.0
    [iter 512327] reheat + diversify: ceiling=0.32, value=71146.0
    [iter 518080] reheat + diversify: ceiling=0.29, value=74428.0
    [iter 523833] reheat + diversify: ceiling=0.26, value=55814.0
    [iter 529586] reheat + diversify: ceiling=0.24, value=71146.0
    [iter 535339] reheat + diversify: ceiling=0.21, value=58662.0
    [iter 541092] reheat + diversify: ceiling=0.19, value=80124.0
    [iter 546845] reheat + diversify: ceiling=0.17, value=68298.0
    [iter 552598] reheat + diversify: ceiling=0.15, value=77276.0
    [iter 558351] reheat + diversify: ceiling=0.14, value=77276.0
    [iter 564104] reheat + diversify: ceiling=0.13, value=77276.0
    [iter 569857] reheat + diversify: ceiling=0.11, value=71146.0
    [iter 575610] reheat + diversify: ceiling=0.10, value=59320.0
    [iter 581363] reheat + diversify: ceiling=0.09, value=77276.0
    [iter 587116] reheat + diversify: ceiling=0.08, value=58662.0
    [iter 592869] reheat + diversify: ceiling=0.07, value=58662.0
    [iter 598622] reheat + diversify: ceiling=0.07, value=58662.0
    [iter 604375] reheat + diversify: ceiling=0.06, value=58662.0
    [iter 610128] reheat + diversify: ceiling=0.05, value=77276.0
    [iter 615881] reheat + diversify: ceiling=0.05, value=74428.0
    [iter 621634] reheat + diversify: ceiling=0.04, value=58662.0
    [iter 627387] reheat + diversify: ceiling=0.04, value=77276.0
    [iter 633140] reheat + diversify: ceiling=0.04, value=77276.0
    [iter 638893] reheat + diversify: ceiling=0.03, value=55814.0
    [iter 644646] reheat + diversify: ceiling=0.03, value=68298.0
    [iter 650399] reheat + diversify: ceiling=0.03, value=65450.0
    [iter 656152] reheat + diversify: ceiling=0.02, value=77276.0
    [iter 661905] reheat + diversify: ceiling=0.02, value=59320.0
    [iter 667658] reheat + diversify: ceiling=0.02, value=80124.0
    [iter 673411] reheat + diversify: ceiling=0.02, value=55814.0
    [iter 679164] reheat + diversify: ceiling=0.02, value=77276.0
    [iter 684917] reheat + diversify: ceiling=0.01, value=80124.0
    [iter 690670] reheat + diversify: ceiling=0.01, value=77276.0
    [iter 696423] reheat + diversify: ceiling=0.01, value=68298.0
    [iter 702176] reheat + diversify: ceiling=0.01, value=68298.0
    [iter 707929] reheat + diversify: ceiling=0.01, value=58662.0
    [iter 713682] reheat + diversify: ceiling=0.01, value=80124.0
    [iter 719435] reheat + diversify: ceiling=0.01, value=55814.0
    [iter 725188] reheat + diversify: ceiling=0.01, value=80124.0
    [iter 730941] reheat + diversify: ceiling=0.01, value=58662.0
    [iter 736694] reheat + diversify: ceiling=0.01, value=58662.0
    [iter 742447] reheat + diversify: ceiling=0.00, value=71146.0
    [iter 748200] reheat + diversify: ceiling=0.00, value=58662.0
    [iter 753953] reheat + diversify: ceiling=0.00, value=77276.0
    [iter 759706] reheat + diversify: ceiling=0.00, value=62168.0
    [iter 765459] reheat + diversify: ceiling=0.00, value=61510.0
    [iter 771212] reheat + diversify: ceiling=0.00, value=58662.0
    [iter 776965] reheat + diversify: ceiling=0.00, value=77276.0
    [iter 782718] reheat + diversify: ceiling=0.00, value=59320.0
    [iter 788471] reheat + diversify: ceiling=0.00, value=80124.0
    [iter 794224] reheat + diversify: ceiling=0.00, value=61510.0
    [iter 799977] reheat + diversify: ceiling=0.00, value=80124.0
    [iter 805730] reheat + diversify: ceiling=0.00, value=74428.0
    [iter 811483] reheat + diversify: ceiling=0.00, value=58662.0
    [iter 817236] reheat + diversify: ceiling=0.00, value=80124.0
    [iter 822989] reheat + diversify: ceiling=0.00, value=55814.0
    [iter 828742] reheat + diversify: ceiling=0.00, value=58662.0
    [iter 834495] reheat + diversify: ceiling=0.00, value=59320.0
    [iter 840248] reheat + diversify: ceiling=0.00, value=77276.0
    [iter 846001] reheat + diversify: ceiling=0.00, value=58662.0
    [iter 851754] reheat + diversify: ceiling=0.00, value=55814.0
    [iter 857507] reheat + diversify: ceiling=0.00, value=77276.0
    [iter 863260] reheat + diversify: ceiling=0.00, value=80124.0
    [iter 869013] reheat + diversify: ceiling=0.00, value=58662.0
    [iter 874766] reheat + diversify: ceiling=0.00, value=68298.0
    [iter 880519] reheat + diversify: ceiling=0.00, value=55814.0
    [iter 886272] reheat + diversify: ceiling=0.00, value=61510.0
    [iter 892025] reheat + diversify: ceiling=0.00, value=74428.0
    [iter 897778] reheat + diversify: ceiling=0.00, value=65450.0
    [iter 903531] reheat + diversify: ceiling=0.00, value=80124.0
    [iter 909284] reheat + diversify: ceiling=0.00, value=55814.0
    [iter 915037] reheat + diversify: ceiling=0.00, value=55814.0
    [iter 920790] reheat + diversify: ceiling=0.00, value=55814.0
    [iter 926543] reheat + diversify: ceiling=0.00, value=77276.0
    [iter 932296] reheat + diversify: ceiling=0.00, value=74428.0
    [iter 938049] reheat + diversify: ceiling=0.00, value=80124.0
    [iter 943802] reheat + diversify: ceiling=0.00, value=80124.0
    [iter 949555] reheat + diversify: ceiling=0.00, value=58662.0
    [iter 955308] reheat + diversify: ceiling=0.00, value=55814.0
    [iter 961061] reheat + diversify: ceiling=0.00, value=77276.0
    [iter 966814] reheat + diversify: ceiling=0.00, value=61510.0
    [iter 972567] reheat + diversify: ceiling=0.00, value=68298.0
    [iter 978320] reheat + diversify: ceiling=0.00, value=58662.0
    [iter 984073] reheat + diversify: ceiling=0.00, value=61510.0
    [iter 989826] reheat + diversify: ceiling=0.00, value=74428.0
    [iter 995579] reheat + diversify: ceiling=0.00, value=68298.0
    [iter 1001332] reheat + diversify: ceiling=0.00, value=58662.0
    [iter 1007085] reheat + diversify: ceiling=0.00, value=71146.0
    [iter 1012838] reheat + diversify: ceiling=0.00, value=71146.0
    [iter 1018591] reheat + diversify: ceiling=0.00, value=77276.0
    [iter 1024344] reheat + diversify: ceiling=0.00, value=80124.0
    [iter 1030097] reheat + diversify: ceiling=0.00, value=58662.0
    [iter 1035850] reheat + diversify: ceiling=0.00, value=68298.0
    [iter 1041603] reheat + diversify: ceiling=0.00, value=77276.0
    [iter 1047356] reheat + diversify: ceiling=0.00, value=55814.0
    [iter 1053109] reheat + diversify: ceiling=0.00, value=58662.0
    [iter 1058862] reheat + diversify: ceiling=0.00, value=58662.0
    [iter 1064615] reheat + diversify: ceiling=0.00, value=58662.0
    [iter 1070368] reheat + diversify: ceiling=0.00, value=58662.0
    [iter 1076121] reheat + diversify: ceiling=0.00, value=77276.0
    [iter 1081874] reheat + diversify: ceiling=0.00, value=80124.0
    [iter 1087627] reheat + diversify: ceiling=0.00, value=55814.0
    [iter 1093380] reheat + diversify: ceiling=0.00, value=68298.0
    [iter 1099133] reheat + diversify: ceiling=0.00, value=77276.0
    [iter 1104886] reheat + diversify: ceiling=0.00, value=45528.0
    [iter 1110639] reheat + diversify: ceiling=0.00, value=55814.0
    [iter 1116392] reheat + diversify: ceiling=0.00, value=77276.0
    [iter 1122145] reheat + diversify: ceiling=0.00, value=61510.0
    [iter 1127898] reheat + diversify: ceiling=0.00, value=80124.0
    [iter 1133651] reheat + diversify: ceiling=0.00, value=77276.0
    [iter 1139404] reheat + diversify: ceiling=0.00, value=77276.0
    [iter 1145157] reheat + diversify: ceiling=0.00, value=58662.0
    [iter 1150910] reheat + diversify: ceiling=0.00, value=80124.0
    [iter 1156663] reheat + diversify: ceiling=0.00, value=71146.0
    [iter 1162416] reheat + diversify: ceiling=0.00, value=58662.0
    [iter 1168169] reheat + diversify: ceiling=0.00, value=80124.0
    [iter 1173922] reheat + diversify: ceiling=0.00, value=77276.0
    [iter 1179675] reheat + diversify: ceiling=0.00, value=77276.0
    [iter 1185428] reheat + diversify: ceiling=0.00, value=58662.0
    [iter 1191181] reheat + diversify: ceiling=0.00, value=74428.0
    [iter 1196934] reheat + diversify: ceiling=0.00, value=80124.0
    [iter 1202687] reheat + diversify: ceiling=0.00, value=55814.0
    [iter 1208440] reheat + diversify: ceiling=0.00, value=58662.0
    [iter 1214193] reheat + diversify: ceiling=0.00, value=77276.0
    [iter 1219946] reheat + diversify: ceiling=0.00, value=55814.0
    [iter 1225699] reheat + diversify: ceiling=0.00, value=58662.0
    [iter 1231452] reheat + diversify: ceiling=0.00, value=58662.0
    [iter 1237205] reheat + diversify: ceiling=0.00, value=77276.0
    [iter 1242958] reheat + diversify: ceiling=0.00, value=77276.0
    [iter 1248711] reheat + diversify: ceiling=0.00, value=77276.0
    [iter 1254464] reheat + diversify: ceiling=0.00, value=77276.0
    [iter 1260217] reheat + diversify: ceiling=0.00, value=55814.0
    [iter 1265970] reheat + diversify: ceiling=0.00, value=55814.0
    [iter 1271723] reheat + diversify: ceiling=0.00, value=58662.0
    [iter 1277476] reheat + diversify: ceiling=0.00, value=61510.0
    [iter 1283229] reheat + diversify: ceiling=0.00, value=80124.0
    [iter 1288982] reheat + diversify: ceiling=0.00, value=58662.0
    [iter 1294735] reheat + diversify: ceiling=0.00, value=80124.0
    [iter 1300488] reheat + diversify: ceiling=0.00, value=77276.0
    [iter 1306241] reheat + diversify: ceiling=0.00, value=77276.0
    [iter 1311994] reheat + diversify: ceiling=0.00, value=77276.0
    [iter 1317747] reheat + diversify: ceiling=0.00, value=58662.0
    [iter 1323500] reheat + diversify: ceiling=0.00, value=68298.0
    [iter 1329253] reheat + diversify: ceiling=0.00, value=68298.0
    [iter 1335006] reheat + diversify: ceiling=0.00, value=77276.0
    [iter 1340759] reheat + diversify: ceiling=0.00, value=58662.0
    [iter 1346512] reheat + diversify: ceiling=0.00, value=55814.0
    [iter 1352265] reheat + diversify: ceiling=0.00, value=77276.0
    [iter 1358018] reheat + diversify: ceiling=0.00, value=77276.0
    [iter 1363771] reheat + diversify: ceiling=0.00, value=55814.0
    [iter 1369524] reheat + diversify: ceiling=0.00, value=55814.0
    [iter 1375277] reheat + diversify: ceiling=0.00, value=68298.0
    [iter 1381030] reheat + diversify: ceiling=0.00, value=58662.0
    [iter 1386783] reheat + diversify: ceiling=0.00, value=55814.0
    [iter 1392536] reheat + diversify: ceiling=0.00, value=74428.0
    [iter 1398289] reheat + diversify: ceiling=0.00, value=77276.0
    [iter 1404042] reheat + diversify: ceiling=0.00, value=74428.0
    [iter 1409795] reheat + diversify: ceiling=0.00, value=77276.0
    [iter 1415548] reheat + diversify: ceiling=0.00, value=59320.0
    [iter 1421301] reheat + diversify: ceiling=0.00, value=77276.0
    [iter 1427054] reheat + diversify: ceiling=0.00, value=74428.0
    [iter 1432807] reheat + diversify: ceiling=0.00, value=65450.0
    [iter 1438560] reheat + diversify: ceiling=0.00, value=77276.0
    [iter 1444313] reheat + diversify: ceiling=0.00, value=55814.0
    [iter 1450066] reheat + diversify: ceiling=0.00, value=55814.0
    [iter 1455819] reheat + diversify: ceiling=0.00, value=77276.0
    [iter 1461572] reheat + diversify: ceiling=0.00, value=77276.0
    [iter 1467325] reheat + diversify: ceiling=0.00, value=77276.0
    [iter 1473078] reheat + diversify: ceiling=0.00, value=77276.0
    [iter 1478831] reheat + diversify: ceiling=0.00, value=55814.0
    [iter 1484584] reheat + diversify: ceiling=0.00, value=58662.0
    [iter 1490337] reheat + diversify: ceiling=0.00, value=80124.0
    [iter 1496090] reheat + diversify: ceiling=0.00, value=55814.0
    [iter 1501843] reheat + diversify: ceiling=0.00, value=59320.0
    [iter 1507596] reheat + diversify: ceiling=0.00, value=58662.0
    [iter 1513349] reheat + diversify: ceiling=0.00, value=55814.0
    [iter 1519102] reheat + diversify: ceiling=0.00, value=77276.0
    [iter 1524855] reheat + diversify: ceiling=0.00, value=58662.0
    [iter 1530608] reheat + diversify: ceiling=0.00, value=80124.0
    [iter 1536361] reheat + diversify: ceiling=0.00, value=77276.0
    [iter 1542114] reheat + diversify: ceiling=0.00, value=80124.0
    [iter 1547867] reheat + diversify: ceiling=0.00, value=58662.0
    [iter 1553620] reheat + diversify: ceiling=0.00, value=55814.0
    [iter 1559373] reheat + diversify: ceiling=0.00, value=52966.0
    [iter 1565126] reheat + diversify: ceiling=0.00, value=74428.0
    [iter 1570879] reheat + diversify: ceiling=0.00, value=74428.0
    [iter 1576632] reheat + diversify: ceiling=0.00, value=80124.0
    [iter 1582385] reheat + diversify: ceiling=0.00, value=77276.0
    [iter 1588138] reheat + diversify: ceiling=0.00, value=77276.0
    [iter 1593891] reheat + diversify: ceiling=0.00, value=80124.0
    [iter 1599644] reheat + diversify: ceiling=0.00, value=68298.0
    [iter 1605397] reheat + diversify: ceiling=0.00, value=52966.0
    [iter 1611150] reheat + diversify: ceiling=0.00, value=55814.0
    [iter 1616903] reheat + diversify: ceiling=0.00, value=58662.0
    [iter 1622656] reheat + diversify: ceiling=0.00, value=80124.0
    [iter 1628409] reheat + diversify: ceiling=0.00, value=55814.0
    [iter 1634162] reheat + diversify: ceiling=0.00, value=80124.0
    [iter 1639915] reheat + diversify: ceiling=0.00, value=58662.0
    [iter 1645668] reheat + diversify: ceiling=0.00, value=77276.0
    [iter 1651421] reheat + diversify: ceiling=0.00, value=74428.0
    [iter 1657174] reheat + diversify: ceiling=0.00, value=80124.0
    [iter 1662927] reheat + diversify: ceiling=0.00, value=77276.0
    [iter 1668680] reheat + diversify: ceiling=0.00, value=77276.0
    [iter 1674433] reheat + diversify: ceiling=0.00, value=58662.0
    [iter 1680186] reheat + diversify: ceiling=0.00, value=77276.0
    [iter 1685939] reheat + diversify: ceiling=0.00, value=77276.0
    [iter 1691692] reheat + diversify: ceiling=0.00, value=77276.0
    [iter 1697445] reheat + diversify: ceiling=0.00, value=77276.0
    [iter 1703198] reheat + diversify: ceiling=0.00, value=58662.0
    [iter 1708951] reheat + diversify: ceiling=0.00, value=58662.0
    [iter 1714704] reheat + diversify: ceiling=0.00, value=55814.0
    [iter 1720457] reheat + diversify: ceiling=0.00, value=58662.0
    [iter 1726210] reheat + diversify: ceiling=0.00, value=77276.0
    [iter 1731963] reheat + diversify: ceiling=0.00, value=58662.0
    [iter 1737716] reheat + diversify: ceiling=0.00, value=58662.0
    [iter 1743469] reheat + diversify: ceiling=0.00, value=61510.0
    [iter 1749222] reheat + diversify: ceiling=0.00, value=58662.0
    [iter 1754975] reheat + diversify: ceiling=0.00, value=58662.0
    [iter 1760728] reheat + diversify: ceiling=0.00, value=77276.0
    [iter 1766481] reheat + diversify: ceiling=0.00, value=74428.0
    [iter 1772234] reheat + diversify: ceiling=0.00, value=74428.0
    [iter 1777987] reheat + diversify: ceiling=0.00, value=80124.0
    [iter 1783740] reheat + diversify: ceiling=0.00, value=77276.0
    [iter 1789493] reheat + diversify: ceiling=0.00, value=59320.0
    [iter 1795246] reheat + diversify: ceiling=0.00, value=58662.0
    [iter 1800999] reheat + diversify: ceiling=0.00, value=74428.0
    [iter 1806752] reheat + diversify: ceiling=0.00, value=58662.0
    [iter 1812505] reheat + diversify: ceiling=0.00, value=80124.0
    [iter 1818258] reheat + diversify: ceiling=0.00, value=55814.0
    [iter 1824011] reheat + diversify: ceiling=0.00, value=77276.0
    [iter 1829764] reheat + diversify: ceiling=0.00, value=80124.0
    [iter 1835517] reheat + diversify: ceiling=0.00, value=77276.0
    [iter 1841270] reheat + diversify: ceiling=0.00, value=59320.0
    [iter 1847023] reheat + diversify: ceiling=0.00, value=74428.0
    [iter 1852776] reheat + diversify: ceiling=0.00, value=71146.0
    [iter 1858529] reheat + diversify: ceiling=0.00, value=59320.0
    [iter 1864282] reheat + diversify: ceiling=0.00, value=77276.0
    [iter 1870035] reheat + diversify: ceiling=0.00, value=77276.0
    [iter 1875788] reheat + diversify: ceiling=0.00, value=59320.0
    [iter 1881541] reheat + diversify: ceiling=0.00, value=58662.0
    [iter 1887294] reheat + diversify: ceiling=0.00, value=55814.0
    [iter 1893047] reheat + diversify: ceiling=0.00, value=74428.0
    [iter 1898800] reheat + diversify: ceiling=0.00, value=58662.0
    [iter 1904553] reheat + diversify: ceiling=0.00, value=74428.0
    [iter 1910306] reheat + diversify: ceiling=0.00, value=74428.0
    [iter 1916059] reheat + diversify: ceiling=0.00, value=55814.0
    [iter 1921812] reheat + diversify: ceiling=0.00, value=80124.0
    [iter 1927565] reheat + diversify: ceiling=0.00, value=77276.0
    [iter 1933318] reheat + diversify: ceiling=0.00, value=61510.0
    [iter 1939071] reheat + diversify: ceiling=0.00, value=61510.0
    [iter 1944824] reheat + diversify: ceiling=0.00, value=77276.0
    [iter 1950577] reheat + diversify: ceiling=0.00, value=59320.0
    [iter 1956330] reheat + diversify: ceiling=0.00, value=58662.0
    [iter 1962083] reheat + diversify: ceiling=0.00, value=77276.0
    [iter 1967836] reheat + diversify: ceiling=0.00, value=58662.0
    [iter 1973589] reheat + diversify: ceiling=0.00, value=61510.0
    [iter 1979342] reheat + diversify: ceiling=0.00, value=58662.0
    [iter 1985095] reheat + diversify: ceiling=0.00, value=55814.0
    [iter 1990848] reheat + diversify: ceiling=0.00, value=58662.0
    [iter 1996601] reheat + diversify: ceiling=0.00, value=80124.0
    [iter 2002354] reheat + diversify: ceiling=0.00, value=77276.0
    [iter 2008107] reheat + diversify: ceiling=0.00, value=74428.0
    [iter 2013860] reheat + diversify: ceiling=0.00, value=74428.0
    [iter 2019613] reheat + diversify: ceiling=0.00, value=77276.0
    [iter 2025366] reheat + diversify: ceiling=0.00, value=61510.0
    [iter 2031119] reheat + diversify: ceiling=0.00, value=58662.0
    [iter 2036872] reheat + diversify: ceiling=0.00, value=61510.0
    [iter 2042625] reheat + diversify: ceiling=0.00, value=58662.0
    [iter 2048378] reheat + diversify: ceiling=0.00, value=77276.0
    [iter 2054131] reheat + diversify: ceiling=0.00, value=77276.0
    [iter 2059884] reheat + diversify: ceiling=0.00, value=77276.0
    [iter 2065637] reheat + diversify: ceiling=0.00, value=77276.0
    [iter 2071390] reheat + diversify: ceiling=0.00, value=55814.0
    [iter 2077143] reheat + diversify: ceiling=0.00, value=74428.0
    [iter 2082896] reheat + diversify: ceiling=0.00, value=58662.0
    [iter 2088649] reheat + diversify: ceiling=0.00, value=58662.0
    [iter 2094402] reheat + diversify: ceiling=0.00, value=74428.0
    [iter 2100155] reheat + diversify: ceiling=0.00, value=58662.0
    [iter 2105908] reheat + diversify: ceiling=0.00, value=52966.0
    [iter 2111661] reheat + diversify: ceiling=0.00, value=58662.0
    [iter 2117414] reheat + diversify: ceiling=0.00, value=58662.0
    [iter 2123167] reheat + diversify: ceiling=0.00, value=56472.0
    [iter 2128920] reheat + diversify: ceiling=0.00, value=77276.0
    [iter 2134673] reheat + diversify: ceiling=0.00, value=80124.0
    [iter 2140426] reheat + diversify: ceiling=0.00, value=55814.0
    [iter 2146179] reheat + diversify: ceiling=0.00, value=71146.0
    [iter 2151932] reheat + diversify: ceiling=0.00, value=55814.0
    [iter 2157685] reheat + diversify: ceiling=0.00, value=62168.0
    [iter 2163438] reheat + diversify: ceiling=0.00, value=74428.0
    [iter 2169191] reheat + diversify: ceiling=0.00, value=58662.0
    [iter 2174944] reheat + diversify: ceiling=0.00, value=74428.0
    [iter 2180697] reheat + diversify: ceiling=0.00, value=80124.0
    [iter 2186450] reheat + diversify: ceiling=0.00, value=55814.0
    [iter 2192203] reheat + diversify: ceiling=0.00, value=71146.0
    [iter 2197956] reheat + diversify: ceiling=0.00, value=71146.0
    [iter 2203709] reheat + diversify: ceiling=0.00, value=52966.0
    [iter 2209462] reheat + diversify: ceiling=0.00, value=59320.0
    [iter 2215215] reheat + diversify: ceiling=0.00, value=77276.0
    [iter 2220968] reheat + diversify: ceiling=0.00, value=55814.0
    [iter 2226721] reheat + diversify: ceiling=0.00, value=55814.0
    [iter 2232474] reheat + diversify: ceiling=0.00, value=58662.0
    [iter 2238227] reheat + diversify: ceiling=0.00, value=77276.0
    [iter 2243980] reheat + diversify: ceiling=0.00, value=58662.0
    [iter 2249733] reheat + diversify: ceiling=0.00, value=58662.0
    [iter 2255486] reheat + diversify: ceiling=0.00, value=74428.0
    [iter 2261239] reheat + diversify: ceiling=0.00, value=77276.0
    [iter 2266992] reheat + diversify: ceiling=0.00, value=55814.0
    [iter 2272745] reheat + diversify: ceiling=0.00, value=77276.0
    [iter 2278498] reheat + diversify: ceiling=0.00, value=77276.0
    [iter 2284251] reheat + diversify: ceiling=0.00, value=77276.0
    [iter 2290004] reheat + diversify: ceiling=0.00, value=55814.0
    [iter 2295757] reheat + diversify: ceiling=0.00, value=77276.0
    [iter 2301510] reheat + diversify: ceiling=0.00, value=61510.0
    [iter 2307263] reheat + diversify: ceiling=0.00, value=77276.0
    [iter 2313016] reheat + diversify: ceiling=0.00, value=58662.0
    [iter 2318769] reheat + diversify: ceiling=0.00, value=80124.0
    [iter 2324522] reheat + diversify: ceiling=0.00, value=55814.0
    [iter 2330275] reheat + diversify: ceiling=0.00, value=58662.0
    [iter 2336028] reheat + diversify: ceiling=0.00, value=55814.0
    [iter 2341781] reheat + diversify: ceiling=0.00, value=77276.0
    [iter 2347534] reheat + diversify: ceiling=0.00, value=77276.0
    [iter 2353287] reheat + diversify: ceiling=0.00, value=58662.0
    [iter 2359040] reheat + diversify: ceiling=0.00, value=59978.0
    [iter 2364793] reheat + diversify: ceiling=0.00, value=74428.0
    [iter 2370546] reheat + diversify: ceiling=0.00, value=80124.0
    [iter 2376299] reheat + diversify: ceiling=0.00, value=55814.0
    [iter 2382052] reheat + diversify: ceiling=0.00, value=77276.0
    [iter 2387805] reheat + diversify: ceiling=0.00, value=77276.0
    [iter 2393558] reheat + diversify: ceiling=0.00, value=58662.0
    [iter 2399311] reheat + diversify: ceiling=0.00, value=74428.0
    [iter 2405064] reheat + diversify: ceiling=0.00, value=55814.0
    [iter 2410817] reheat + diversify: ceiling=0.00, value=58662.0
    [iter 2416570] reheat + diversify: ceiling=0.00, value=77276.0
    [iter 2422323] reheat + diversify: ceiling=0.00, value=80124.0
    [iter 2428076] reheat + diversify: ceiling=0.00, value=74428.0
    [iter 2433829] reheat + diversify: ceiling=0.00, value=61510.0
    [iter 2439582] reheat + diversify: ceiling=0.00, value=80124.0
    [iter 2445335] reheat + diversify: ceiling=0.00, value=55814.0
    [iter 2451088] reheat + diversify: ceiling=0.00, value=58662.0
    [iter 2456841] reheat + diversify: ceiling=0.00, value=52966.0
    [iter 2462594] reheat + diversify: ceiling=0.00, value=58662.0
    [iter 2468347] reheat + diversify: ceiling=0.00, value=77276.0
    [iter 2474100] reheat + diversify: ceiling=0.00, value=58662.0
    [iter 2479853] reheat + diversify: ceiling=0.00, value=58662.0
    [iter 2485606] reheat + diversify: ceiling=0.00, value=77276.0
    [iter 2491359] reheat + diversify: ceiling=0.00, value=80124.0
    [iter 2497112] reheat + diversify: ceiling=0.00, value=77276.0
    [iter 2502865] reheat + diversify: ceiling=0.00, value=74428.0
    [iter 2508618] reheat + diversify: ceiling=0.00, value=58662.0
    [iter 2514371] reheat + diversify: ceiling=0.00, value=58662.0
    [iter 2520124] reheat + diversify: ceiling=0.00, value=77276.0
    [iter 2525877] reheat + diversify: ceiling=0.00, value=58662.0
    [iter 2531630] reheat + diversify: ceiling=0.00, value=80124.0
    [iter 2537383] reheat + diversify: ceiling=0.00, value=58662.0
    [iter 2543136] reheat + diversify: ceiling=0.00, value=55814.0
    [iter 2548889] reheat + diversify: ceiling=0.00, value=77276.0
    [iter 2554642] reheat + diversify: ceiling=0.00, value=61510.0
    [iter 2560395] reheat + diversify: ceiling=0.00, value=55814.0
    [iter 2566148] reheat + diversify: ceiling=0.00, value=58662.0
    [iter 2571901] reheat + diversify: ceiling=0.00, value=77276.0
    [iter 2577654] reheat + diversify: ceiling=0.00, value=58662.0
    [iter 2583407] reheat + diversify: ceiling=0.00, value=58662.0
    [iter 2589160] reheat + diversify: ceiling=0.00, value=74428.0
    [iter 2594913] reheat + diversify: ceiling=0.00, value=58662.0
    [iter 2600666] reheat + diversify: ceiling=0.00, value=52966.0
    [iter 2606419] reheat + diversify: ceiling=0.00, value=58662.0
    [iter 2612172] reheat + diversify: ceiling=0.00, value=55814.0
    [iter 2617925] reheat + diversify: ceiling=0.00, value=77276.0
    [iter 2623678] reheat + diversify: ceiling=0.00, value=77276.0
    [iter 2629431] reheat + diversify: ceiling=0.00, value=77276.0
    [iter 2635184] reheat + diversify: ceiling=0.00, value=77276.0
    [iter 2640937] reheat + diversify: ceiling=0.00, value=55814.0
    [iter 2646690] reheat + diversify: ceiling=0.00, value=77276.0
    [iter 2652443] reheat + diversify: ceiling=0.00, value=58662.0
    [iter 2658196] reheat + diversify: ceiling=0.00, value=74428.0
    [iter 2663949] reheat + diversify: ceiling=0.00, value=55814.0
    [iter 2669702] reheat + diversify: ceiling=0.00, value=58662.0
    [iter 2675455] reheat + diversify: ceiling=0.00, value=55814.0
    [iter 2681208] reheat + diversify: ceiling=0.00, value=55814.0
    [iter 2686961] reheat + diversify: ceiling=0.00, value=55814.0
    [iter 2692714] reheat + diversify: ceiling=0.00, value=58662.0
    [iter 2698467] reheat + diversify: ceiling=0.00, value=55814.0
    [iter 2704220] reheat + diversify: ceiling=0.00, value=55814.0
    [iter 2709973] reheat + diversify: ceiling=0.00, value=59320.0
    [iter 2715726] reheat + diversify: ceiling=0.00, value=68298.0
    [iter 2721479] reheat + diversify: ceiling=0.00, value=80124.0
    [iter 2727232] reheat + diversify: ceiling=0.00, value=77276.0
    [iter 2732985] reheat + diversify: ceiling=0.00, value=52966.0
    [iter 2738738] reheat + diversify: ceiling=0.00, value=58662.0
    [iter 2744491] reheat + diversify: ceiling=0.00, value=77276.0
    [iter 2750244] reheat + diversify: ceiling=0.00, value=77276.0
    [iter 2755997] reheat + diversify: ceiling=0.00, value=77276.0
    [iter 2761750] reheat + diversify: ceiling=0.00, value=58662.0
    [iter 2767503] reheat + diversify: ceiling=0.00, value=62168.0
    [iter 2773256] reheat + diversify: ceiling=0.00, value=80124.0
    [iter 2779009] reheat + diversify: ceiling=0.00, value=55814.0
    [iter 2784762] reheat + diversify: ceiling=0.00, value=77276.0
    [iter 2790515] reheat + diversify: ceiling=0.00, value=55814.0
    [iter 2796268] reheat + diversify: ceiling=0.00, value=55814.0
    [iter 2802021] reheat + diversify: ceiling=0.00, value=80124.0
    [iter 2807774] reheat + diversify: ceiling=0.00, value=77276.0
    [iter 2813527] reheat + diversify: ceiling=0.00, value=77276.0
    [iter 2819280] reheat + diversify: ceiling=0.00, value=55814.0
    [iter 2825033] reheat + diversify: ceiling=0.00, value=58662.0
    [iter 2830786] reheat + diversify: ceiling=0.00, value=80124.0
    [iter 2836539] reheat + diversify: ceiling=0.00, value=58662.0
    [iter 2842292] reheat + diversify: ceiling=0.00, value=74428.0
    [iter 2848045] reheat + diversify: ceiling=0.00, value=77276.0
    [iter 2853798] reheat + diversify: ceiling=0.00, value=55814.0
    [iter 2859551] reheat + diversify: ceiling=0.00, value=58662.0
    [iter 2865304] reheat + diversify: ceiling=0.00, value=77276.0
    [iter 2871057] reheat + diversify: ceiling=0.00, value=77276.0
    [iter 2876810] reheat + diversify: ceiling=0.00, value=77276.0
    [iter 2882563] reheat + diversify: ceiling=0.00, value=77276.0
    [iter 2888316] reheat + diversify: ceiling=0.00, value=77276.0
    [iter 2894069] reheat + diversify: ceiling=0.00, value=58662.0
    [iter 2899822] reheat + diversify: ceiling=0.00, value=61510.0
    [iter 2905575] reheat + diversify: ceiling=0.00, value=58662.0
    [iter 2911328] reheat + diversify: ceiling=0.00, value=80124.0
    [iter 2917081] reheat + diversify: ceiling=0.00, value=80124.0
    [iter 2922834] reheat + diversify: ceiling=0.00, value=58662.0
    [iter 2928587] reheat + diversify: ceiling=0.00, value=58662.0
    [iter 2934340] reheat + diversify: ceiling=0.00, value=68298.0
    [iter 2940093] reheat + diversify: ceiling=0.00, value=58662.0
    [iter 2945846] reheat + diversify: ceiling=0.00, value=77276.0
    [iter 2951599] reheat + diversify: ceiling=0.00, value=80124.0
    [iter 2957352] reheat + diversify: ceiling=0.00, value=55814.0
    [iter 2963105] reheat + diversify: ceiling=0.00, value=58662.0
    [iter 2968858] reheat + diversify: ceiling=0.00, value=68298.0
    [iter 2974611] reheat + diversify: ceiling=0.00, value=77276.0
    [iter 2980364] reheat + diversify: ceiling=0.00, value=58662.0
    [iter 2986117] reheat + diversify: ceiling=0.00, value=58662.0
    [iter 2991870] reheat + diversify: ceiling=0.00, value=55814.0
    [iter 2997623] reheat + diversify: ceiling=0.00, value=52966.0
    [iter 3003376] reheat + diversify: ceiling=0.00, value=58662.0
    [iter 3009129] reheat + diversify: ceiling=0.00, value=55814.0
    [iter 3014882] reheat + diversify: ceiling=0.00, value=77276.0
    [iter 3020635] reheat + diversify: ceiling=0.00, value=77276.0
    [iter 3026388] reheat + diversify: ceiling=0.00, value=61510.0
    [iter 3032141] reheat + diversify: ceiling=0.00, value=74428.0
    [iter 3037894] reheat + diversify: ceiling=0.00, value=58662.0
    [iter 3043647] reheat + diversify: ceiling=0.00, value=55814.0
    [iter 3049400] reheat + diversify: ceiling=0.00, value=80124.0
    [iter 3055153] reheat + diversify: ceiling=0.00, value=80124.0
    [iter 3060906] reheat + diversify: ceiling=0.00, value=58662.0
    [iter 3066659] reheat + diversify: ceiling=0.00, value=58662.0
    [iter 3072412] reheat + diversify: ceiling=0.00, value=77276.0
    [iter 3078165] reheat + diversify: ceiling=0.00, value=80124.0
    [iter 3083918] reheat + diversify: ceiling=0.00, value=58662.0
    [iter 3089671] reheat + diversify: ceiling=0.00, value=77276.0
    [iter 3095424] reheat + diversify: ceiling=0.00, value=55814.0
    [iter 3101177] reheat + diversify: ceiling=0.00, value=80124.0
    [iter 3106930] reheat + diversify: ceiling=0.00, value=58662.0
    [iter 3112683] reheat + diversify: ceiling=0.00, value=59320.0
    [iter 3118436] reheat + diversify: ceiling=0.00, value=74428.0
    [iter 3124189] reheat + diversify: ceiling=0.00, value=74428.0
    [iter 3129942] reheat + diversify: ceiling=0.00, value=58662.0
    [iter 3135695] reheat + diversify: ceiling=0.00, value=77276.0
    [iter 3141448] reheat + diversify: ceiling=0.00, value=77276.0
    [iter 3147201] reheat + diversify: ceiling=0.00, value=55814.0
    [iter 3152954] reheat + diversify: ceiling=0.00, value=55814.0
    [iter 3158707] reheat + diversify: ceiling=0.00, value=77276.0
    [iter 3164460] reheat + diversify: ceiling=0.00, value=58662.0
    [iter 3170213] reheat + diversify: ceiling=0.00, value=58662.0
    [iter 3175966] reheat + diversify: ceiling=0.00, value=61510.0
    [iter 3181719] reheat + diversify: ceiling=0.00, value=52966.0
    [iter 3187472] reheat + diversify: ceiling=0.00, value=55814.0
    [iter 3193225] reheat + diversify: ceiling=0.00, value=77276.0
    [iter 3198978] reheat + diversify: ceiling=0.00, value=55814.0
    [iter 3204731] reheat + diversify: ceiling=0.00, value=77276.0
    [iter 3210484] reheat + diversify: ceiling=0.00, value=77276.0
    [iter 3216237] reheat + diversify: ceiling=0.00, value=55814.0
    [iter 3221990] reheat + diversify: ceiling=0.00, value=58662.0
    [iter 3227743] reheat + diversify: ceiling=0.00, value=74428.0
    [iter 3233496] reheat + diversify: ceiling=0.00, value=77276.0
    [iter 3239249] reheat + diversify: ceiling=0.00, value=68298.0
    [iter 3245002] reheat + diversify: ceiling=0.00, value=77276.0
    [iter 3250755] reheat + diversify: ceiling=0.00, value=77276.0
    [iter 3256508] reheat + diversify: ceiling=0.00, value=68298.0
    [iter 3262261] reheat + diversify: ceiling=0.00, value=74428.0
    [iter 3268014] reheat + diversify: ceiling=0.00, value=77276.0
    [iter 3273767] reheat + diversify: ceiling=0.00, value=58662.0
    [iter 3279520] reheat + diversify: ceiling=0.00, value=55814.0
    [iter 3285273] reheat + diversify: ceiling=0.00, value=77276.0
    [iter 3291026] reheat + diversify: ceiling=0.00, value=77276.0
    [iter 3296779] reheat + diversify: ceiling=0.00, value=52966.0
    [iter 3302532] reheat + diversify: ceiling=0.00, value=77276.0
    [iter 3308285] reheat + diversify: ceiling=0.00, value=77276.0
    [iter 3314038] reheat + diversify: ceiling=0.00, value=58662.0
    [iter 3319791] reheat + diversify: ceiling=0.00, value=80124.0
    [iter 3325544] reheat + diversify: ceiling=0.00, value=58662.0
    [iter 3331297] reheat + diversify: ceiling=0.00, value=58662.0
    [iter 3337050] reheat + diversify: ceiling=0.00, value=58662.0
    [iter 3342803] reheat + diversify: ceiling=0.00, value=80124.0
    [iter 3348556] reheat + diversify: ceiling=0.00, value=77276.0
    [iter 3354309] reheat + diversify: ceiling=0.00, value=55814.0
    [iter 3360062] reheat + diversify: ceiling=0.00, value=77276.0
    [iter 3365815] reheat + diversify: ceiling=0.00, value=58662.0
    [iter 3371568] reheat + diversify: ceiling=0.00, value=55814.0
    [iter 3377321] reheat + diversify: ceiling=0.00, value=58662.0
    [iter 3383074] reheat + diversify: ceiling=0.00, value=80124.0
    [iter 3388827] reheat + diversify: ceiling=0.00, value=74428.0
    [iter 3394580] reheat + diversify: ceiling=0.00, value=55814.0
    [iter 3400333] reheat + diversify: ceiling=0.00, value=68298.0
    [iter 3406086] reheat + diversify: ceiling=0.00, value=77276.0
    [iter 3411839] reheat + diversify: ceiling=0.00, value=74428.0
    [iter 3417592] reheat + diversify: ceiling=0.00, value=77276.0
    [iter 3423345] reheat + diversify: ceiling=0.00, value=58662.0
    [iter 3429098] reheat + diversify: ceiling=0.00, value=58662.0
    [iter 3434851] reheat + diversify: ceiling=0.00, value=77276.0
    [iter 3440604] reheat + diversify: ceiling=0.00, value=74428.0
    [iter 3446357] reheat + diversify: ceiling=0.00, value=74428.0
    [iter 3452110] reheat + diversify: ceiling=0.00, value=55814.0
    [iter 3457863] reheat + diversify: ceiling=0.00, value=55814.0
    [iter 3463616] reheat + diversify: ceiling=0.00, value=71146.0
    [iter 3469369] reheat + diversify: ceiling=0.00, value=61510.0
    [iter 3475122] reheat + diversify: ceiling=0.00, value=55814.0
    [iter 3480875] reheat + diversify: ceiling=0.00, value=52966.0
    [iter 3486628] reheat + diversify: ceiling=0.00, value=80124.0
    [iter 3492381] reheat + diversify: ceiling=0.00, value=58662.0
    [iter 3498134] reheat + diversify: ceiling=0.00, value=61510.0
    [iter 3503887] reheat + diversify: ceiling=0.00, value=58662.0
    [iter 3509640] reheat + diversify: ceiling=0.00, value=58662.0
    [iter 3515393] reheat + diversify: ceiling=0.00, value=62168.0
    [iter 3521146] reheat + diversify: ceiling=0.00, value=77276.0
    [iter 3526899] reheat + diversify: ceiling=0.00, value=58662.0
    [iter 3532652] reheat + diversify: ceiling=0.00, value=58662.0
    [iter 3538405] reheat + diversify: ceiling=0.00, value=58662.0
    [iter 3544158] reheat + diversify: ceiling=0.00, value=55814.0
    [iter 3549911] reheat + diversify: ceiling=0.00, value=58662.0
    [iter 3555664] reheat + diversify: ceiling=0.00, value=61510.0
    [iter 3561417] reheat + diversify: ceiling=0.00, value=55814.0
    [iter 3567170] reheat + diversify: ceiling=0.00, value=55814.0
    [iter 3572923] reheat + diversify: ceiling=0.00, value=55814.0
    [iter 3578676] reheat + diversify: ceiling=0.00, value=77276.0
    [iter 3584429] reheat + diversify: ceiling=0.00, value=55814.0
    [iter 3590182] reheat + diversify: ceiling=0.00, value=52966.0
    [iter 3595935] reheat + diversify: ceiling=0.00, value=77276.0
    [iter 3601688] reheat + diversify: ceiling=0.00, value=80124.0
    [iter 3607441] reheat + diversify: ceiling=0.00, value=77276.0
    [iter 3613194] reheat + diversify: ceiling=0.00, value=58662.0
    [iter 3618947] reheat + diversify: ceiling=0.00, value=77276.0
    [iter 3624700] reheat + diversify: ceiling=0.00, value=80124.0
    [iter 3630453] reheat + diversify: ceiling=0.00, value=61510.0
    [iter 3636206] reheat + diversify: ceiling=0.00, value=55814.0
    [iter 3641959] reheat + diversify: ceiling=0.00, value=77276.0
    [iter 3647712] reheat + diversify: ceiling=0.00, value=55814.0
    [iter 3653465] reheat + diversify: ceiling=0.00, value=77276.0
    [iter 3659218] reheat + diversify: ceiling=0.00, value=58662.0
    [iter 3664971] reheat + diversify: ceiling=0.00, value=55814.0
    [iter 3670724] reheat + diversify: ceiling=0.00, value=58662.0
    [iter 3676477] reheat + diversify: ceiling=0.00, value=58662.0
    [iter 3682230] reheat + diversify: ceiling=0.00, value=77276.0
    [iter 3687983] reheat + diversify: ceiling=0.00, value=80124.0
    [iter 3693736] reheat + diversify: ceiling=0.00, value=77276.0
    [iter 3699489] reheat + diversify: ceiling=0.00, value=55814.0
    [iter 3705242] reheat + diversify: ceiling=0.00, value=55814.0
    [iter 3710995] reheat + diversify: ceiling=0.00, value=74428.0
    [iter 3716748] reheat + diversify: ceiling=0.00, value=58662.0
    [iter 3722501] reheat + diversify: ceiling=0.00, value=58662.0
    [iter 3728254] reheat + diversify: ceiling=0.00, value=77276.0
    [iter 3734007] reheat + diversify: ceiling=0.00, value=77276.0
    [iter 3739760] reheat + diversify: ceiling=0.00, value=77276.0
    [iter 3745513] reheat + diversify: ceiling=0.00, value=77276.0
    [iter 3751266] reheat + diversify: ceiling=0.00, value=55814.0
    [iter 3757019] reheat + diversify: ceiling=0.00, value=58662.0
    [iter 3762772] reheat + diversify: ceiling=0.00, value=58662.0
    [iter 3768525] reheat + diversify: ceiling=0.00, value=58662.0
    [iter 3774278] reheat + diversify: ceiling=0.00, value=58662.0
    [iter 3780031] reheat + diversify: ceiling=0.00, value=58662.0
    [iter 3785784] reheat + diversify: ceiling=0.00, value=58662.0
    [iter 3791537] reheat + diversify: ceiling=0.00, value=58662.0
    [iter 3797290] reheat + diversify: ceiling=0.00, value=55814.0
    [iter 3803043] reheat + diversify: ceiling=0.00, value=52966.0
    [iter 3808796] reheat + diversify: ceiling=0.00, value=58662.0
    [iter 3814549] reheat + diversify: ceiling=0.00, value=58662.0
    [iter 3820302] reheat + diversify: ceiling=0.00, value=55814.0
    [iter 3826055] reheat + diversify: ceiling=0.00, value=77276.0
    [iter 3831808] reheat + diversify: ceiling=0.00, value=58662.0
    [iter 3837561] reheat + diversify: ceiling=0.00, value=61510.0
    [iter 3843314] reheat + diversify: ceiling=0.00, value=80124.0
    [iter 3849067] reheat + diversify: ceiling=0.00, value=55814.0
    [iter 3854820] reheat + diversify: ceiling=0.00, value=58662.0
    [iter 3860573] reheat + diversify: ceiling=0.00, value=77276.0
    [iter 3866326] reheat + diversify: ceiling=0.00, value=61510.0
    [iter 3872079] reheat + diversify: ceiling=0.00, value=55814.0
    [iter 3877832] reheat + diversify: ceiling=0.00, value=77276.0
    [iter 3883585] reheat + diversify: ceiling=0.00, value=77276.0
    [iter 3889338] reheat + diversify: ceiling=0.00, value=74428.0
    [iter 3895091] reheat + diversify: ceiling=0.00, value=80124.0
    [iter 3900844] reheat + diversify: ceiling=0.00, value=77276.0
    [iter 3906597] reheat + diversify: ceiling=0.00, value=80124.0
    [iter 3912350] reheat + diversify: ceiling=0.00, value=77276.0
    [iter 3918103] reheat + diversify: ceiling=0.00, value=55814.0
    [iter 3923856] reheat + diversify: ceiling=0.00, value=80124.0
    [iter 3929609] reheat + diversify: ceiling=0.00, value=80124.0
    [iter 3935362] reheat + diversify: ceiling=0.00, value=77276.0
    [iter 3941115] reheat + diversify: ceiling=0.00, value=58662.0
    [iter 3946868] reheat + diversify: ceiling=0.00, value=77276.0
    [iter 3952621] reheat + diversify: ceiling=0.00, value=55814.0
    [iter 3958374] reheat + diversify: ceiling=0.00, value=58662.0
    [iter 3964127] reheat + diversify: ceiling=0.00, value=58662.0
    [iter 3969880] reheat + diversify: ceiling=0.00, value=55814.0
    [iter 3975633] reheat + diversify: ceiling=0.00, value=61510.0
    [iter 3981386] reheat + diversify: ceiling=0.00, value=58662.0
    [iter 3987139] reheat + diversify: ceiling=0.00, value=77276.0
    [iter 3992892] reheat + diversify: ceiling=0.00, value=55814.0
    [iter 3998645] reheat + diversify: ceiling=0.00, value=80124.0
    [iter 4004398] reheat + diversify: ceiling=0.00, value=77276.0
    [iter 4010151] reheat + diversify: ceiling=0.00, value=58662.0
    [iter 4015904] reheat + diversify: ceiling=0.00, value=61510.0
    [iter 4021657] reheat + diversify: ceiling=0.00, value=61510.0
    [iter 4027410] reheat + diversify: ceiling=0.00, value=80124.0
    [iter 4033163] reheat + diversify: ceiling=0.00, value=61510.0
    [iter 4038916] reheat + diversify: ceiling=0.00, value=77276.0
    [iter 4044669] reheat + diversify: ceiling=0.00, value=55814.0
    [iter 4050422] reheat + diversify: ceiling=0.00, value=55814.0
    [iter 4056175] reheat + diversify: ceiling=0.00, value=58662.0
    [iter 4061928] reheat + diversify: ceiling=0.00, value=61510.0
    [iter 4067681] reheat + diversify: ceiling=0.00, value=77276.0
    [iter 4073434] reheat + diversify: ceiling=0.00, value=80124.0
    [iter 4079187] reheat + diversify: ceiling=0.00, value=58662.0
    [iter 4084940] reheat + diversify: ceiling=0.00, value=80124.0
    [iter 4090693] reheat + diversify: ceiling=0.00, value=58662.0
    [iter 4096446] reheat + diversify: ceiling=0.00, value=77276.0
    [iter 4102199] reheat + diversify: ceiling=0.00, value=55814.0
    [iter 4107952] reheat + diversify: ceiling=0.00, value=58662.0
    [iter 4113705] reheat + diversify: ceiling=0.00, value=55814.0
    [iter 4119458] reheat + diversify: ceiling=0.00, value=55814.0
    [iter 4125211] reheat + diversify: ceiling=0.00, value=77276.0
    [iter 4130964] reheat + diversify: ceiling=0.00, value=77276.0
    [iter 4136717] reheat + diversify: ceiling=0.00, value=58662.0
    [iter 4142470] reheat + diversify: ceiling=0.00, value=80124.0
    [iter 4148223] reheat + diversify: ceiling=0.00, value=77276.0
    [iter 4153976] reheat + diversify: ceiling=0.00, value=77276.0
    [iter 4159729] reheat + diversify: ceiling=0.00, value=74428.0
    [iter 4165482] reheat + diversify: ceiling=0.00, value=74428.0
    [iter 4171235] reheat + diversify: ceiling=0.00, value=55814.0
    [iter 4176988] reheat + diversify: ceiling=0.00, value=58662.0
    [iter 4182741] reheat + diversify: ceiling=0.00, value=77276.0
    [iter 4188494] reheat + diversify: ceiling=0.00, value=80124.0
    [iter 4194247] reheat + diversify: ceiling=0.00, value=58662.0
    [iter 4200000] reheat + diversify: ceiling=0.00, value=58662.0
    [iter 4205753] reheat + diversify: ceiling=0.00, value=77276.0
    [iter 4211506] reheat + diversify: ceiling=0.00, value=77276.0
    [iter 4217259] reheat + diversify: ceiling=0.00, value=55814.0
    [iter 4223012] reheat + diversify: ceiling=0.00, value=77276.0
    [iter 4228765] reheat + diversify: ceiling=0.00, value=55814.0
    [iter 4234518] reheat + diversify: ceiling=0.00, value=77276.0
    [iter 4240271] reheat + diversify: ceiling=0.00, value=77276.0
    [iter 4246024] reheat + diversify: ceiling=0.00, value=58662.0
    [iter 4251777] reheat + diversify: ceiling=0.00, value=77276.0
    [iter 4257530] reheat + diversify: ceiling=0.00, value=58662.0
    [iter 4263283] reheat + diversify: ceiling=0.00, value=77276.0
    [iter 4269036] reheat + diversify: ceiling=0.00, value=58662.0
    [iter 4274789] reheat + diversify: ceiling=0.00, value=58662.0
    [iter 4280542] reheat + diversify: ceiling=0.00, value=55814.0
    [iter 4286295] reheat + diversify: ceiling=0.00, value=55814.0
    [iter 4292048] reheat + diversify: ceiling=0.00, value=77276.0
    [iter 4297801] reheat + diversify: ceiling=0.00, value=55814.0
    [iter 4303554] reheat + diversify: ceiling=0.00, value=55814.0
    [iter 4309307] reheat + diversify: ceiling=0.00, value=74428.0
    [iter 4315060] reheat + diversify: ceiling=0.00, value=80124.0
    [iter 4320813] reheat + diversify: ceiling=0.00, value=77276.0
    [iter 4326566] reheat + diversify: ceiling=0.00, value=74428.0
    [iter 4332319] reheat + diversify: ceiling=0.00, value=58662.0
    [iter 4338072] reheat + diversify: ceiling=0.00, value=58662.0
    [iter 4343825] reheat + diversify: ceiling=0.00, value=58662.0
    [iter 4349578] reheat + diversify: ceiling=0.00, value=58662.0
    [iter 4355331] reheat + diversify: ceiling=0.00, value=77276.0
    [iter 4361084] reheat + diversify: ceiling=0.00, value=74428.0
    [iter 4366837] reheat + diversify: ceiling=0.00, value=65450.0
    [iter 4372590] reheat + diversify: ceiling=0.00, value=55814.0
    [iter 4378343] reheat + diversify: ceiling=0.00, value=80124.0
    [iter 4384096] reheat + diversify: ceiling=0.00, value=80124.0
    [iter 4389849] reheat + diversify: ceiling=0.00, value=74428.0
    [iter 4395602] reheat + diversify: ceiling=0.00, value=77276.0
    [iter 4401355] reheat + diversify: ceiling=0.00, value=58662.0
    [iter 4407108] reheat + diversify: ceiling=0.00, value=58662.0
    [iter 4412861] reheat + diversify: ceiling=0.00, value=77276.0
    [iter 4418614] reheat + diversify: ceiling=0.00, value=77276.0
    [iter 4424367] reheat + diversify: ceiling=0.00, value=77276.0
    [iter 4430120] reheat + diversify: ceiling=0.00, value=80124.0
    [iter 4435873] reheat + diversify: ceiling=0.00, value=80124.0
    [iter 4441626] reheat + diversify: ceiling=0.00, value=55814.0
    [iter 4447379] reheat + diversify: ceiling=0.00, value=80124.0
    [iter 4453132] reheat + diversify: ceiling=0.00, value=58662.0
    [iter 4458885] reheat + diversify: ceiling=0.00, value=77276.0
    [iter 4464638] reheat + diversify: ceiling=0.00, value=77276.0
    [iter 4470391] reheat + diversify: ceiling=0.00, value=58662.0
    [iter 4476144] reheat + diversify: ceiling=0.00, value=58662.0
    [iter 4481897] reheat + diversify: ceiling=0.00, value=77276.0
    [iter 4487650] reheat + diversify: ceiling=0.00, value=58662.0
    [iter 4493403] reheat + diversify: ceiling=0.00, value=52966.0
    [iter 4499156] reheat + diversify: ceiling=0.00, value=77276.0
    [iter 4504909] reheat + diversify: ceiling=0.00, value=80124.0
    [iter 4510662] reheat + diversify: ceiling=0.00, value=55814.0
    [iter 4516415] reheat + diversify: ceiling=0.00, value=56472.0
    [iter 4522168] reheat + diversify: ceiling=0.00, value=55814.0
    [iter 4527921] reheat + diversify: ceiling=0.00, value=58662.0
    [iter 4533674] reheat + diversify: ceiling=0.00, value=58662.0
    [iter 4539427] reheat + diversify: ceiling=0.00, value=58662.0
    [iter 4545180] reheat + diversify: ceiling=0.00, value=58662.0
    [iter 4550933] reheat + diversify: ceiling=0.00, value=56472.0
    [iter 4556686] reheat + diversify: ceiling=0.00, value=77276.0
    [iter 4562439] reheat + diversify: ceiling=0.00, value=77276.0
    [iter 4568192] reheat + diversify: ceiling=0.00, value=58662.0
    [iter 4573945] reheat + diversify: ceiling=0.00, value=77276.0
    [iter 4579698] reheat + diversify: ceiling=0.00, value=55814.0
    [iter 4585451] reheat + diversify: ceiling=0.00, value=58662.0
    [iter 4591204] reheat + diversify: ceiling=0.00, value=77276.0
    [iter 4596957] reheat + diversify: ceiling=0.00, value=77276.0
    [iter 4602710] reheat + diversify: ceiling=0.00, value=55814.0
    [iter 4608463] reheat + diversify: ceiling=0.00, value=77276.0
    [iter 4614216] reheat + diversify: ceiling=0.00, value=80124.0
    [iter 4619969] reheat + diversify: ceiling=0.00, value=80124.0
    [iter 4625722] reheat + diversify: ceiling=0.00, value=80124.0
    [iter 4631475] reheat + diversify: ceiling=0.00, value=55814.0
    [iter 4637228] reheat + diversify: ceiling=0.00, value=80124.0
    [iter 4642981] reheat + diversify: ceiling=0.00, value=80124.0
    [iter 4648734] reheat + diversify: ceiling=0.00, value=55814.0
    [iter 4654487] reheat + diversify: ceiling=0.00, value=74428.0
    [iter 4660240] reheat + diversify: ceiling=0.00, value=80124.0
    [iter 4665993] reheat + diversify: ceiling=0.00, value=80124.0
    [iter 4671746] reheat + diversify: ceiling=0.00, value=65450.0
    [iter 4677499] reheat + diversify: ceiling=0.00, value=77276.0
    [iter 4683252] reheat + diversify: ceiling=0.00, value=77276.0
    [iter 4689005] reheat + diversify: ceiling=0.00, value=58662.0
    [iter 4694758] reheat + diversify: ceiling=0.00, value=80124.0
    [iter 4700511] reheat + diversify: ceiling=0.00, value=80124.0
    [iter 4706264] reheat + diversify: ceiling=0.00, value=55814.0
    [iter 4712017] reheat + diversify: ceiling=0.00, value=55814.0
    [iter 4717770] reheat + diversify: ceiling=0.00, value=58662.0
    [iter 4723523] reheat + diversify: ceiling=0.00, value=55814.0
    [iter 4729276] reheat + diversify: ceiling=0.00, value=80124.0
    [iter 4735029] reheat + diversify: ceiling=0.00, value=55814.0
    [iter 4740782] reheat + diversify: ceiling=0.00, value=77276.0
    [iter 4746535] reheat + diversify: ceiling=0.00, value=55814.0
    [iter 4752288] reheat + diversify: ceiling=0.00, value=58662.0
    [iter 4758041] reheat + diversify: ceiling=0.00, value=77276.0
    [iter 4763794] reheat + diversify: ceiling=0.00, value=77276.0
    [iter 4769547] reheat + diversify: ceiling=0.00, value=77276.0
    [iter 4775300] reheat + diversify: ceiling=0.00, value=55814.0
    [iter 4781053] reheat + diversify: ceiling=0.00, value=77276.0
    [iter 4786806] reheat + diversify: ceiling=0.00, value=77276.0
    [iter 4792559] reheat + diversify: ceiling=0.00, value=58662.0
    [iter 4798312] reheat + diversify: ceiling=0.00, value=77276.0
    [iter 4804065] reheat + diversify: ceiling=0.00, value=77276.0
    [iter 4809818] reheat + diversify: ceiling=0.00, value=58662.0
    [iter 4815571] reheat + diversify: ceiling=0.00, value=77276.0
    [iter 4821324] reheat + diversify: ceiling=0.00, value=58662.0
    [iter 4827077] reheat + diversify: ceiling=0.00, value=74428.0
    [iter 4832830] reheat + diversify: ceiling=0.00, value=74428.0
    [iter 4838583] reheat + diversify: ceiling=0.00, value=58662.0
    [iter 4844336] reheat + diversify: ceiling=0.00, value=58662.0
    [iter 4850089] reheat + diversify: ceiling=0.00, value=58662.0
    [iter 4855842] reheat + diversify: ceiling=0.00, value=77276.0
    [iter 4861595] reheat + diversify: ceiling=0.00, value=55814.0
    [iter 4867348] reheat + diversify: ceiling=0.00, value=77276.0
    [iter 4873101] reheat + diversify: ceiling=0.00, value=80124.0
    [iter 4878854] reheat + diversify: ceiling=0.00, value=55814.0
    [iter 4884607] reheat + diversify: ceiling=0.00, value=61510.0
    [iter 4890360] reheat + diversify: ceiling=0.00, value=58662.0
    [iter 4896113] reheat + diversify: ceiling=0.00, value=77276.0
    [iter 4901866] reheat + diversify: ceiling=0.00, value=58662.0
    [iter 4907619] reheat + diversify: ceiling=0.00, value=61510.0
    [iter 4913372] reheat + diversify: ceiling=0.00, value=77276.0
    [iter 4919125] reheat + diversify: ceiling=0.00, value=61510.0
    [iter 4924878] reheat + diversify: ceiling=0.00, value=58662.0
    [iter 4930631] reheat + diversify: ceiling=0.00, value=80124.0
    [iter 4936384] reheat + diversify: ceiling=0.00, value=77276.0
    [iter 4942137] reheat + diversify: ceiling=0.00, value=58662.0
    [iter 4947890] reheat + diversify: ceiling=0.00, value=58662.0
    [iter 4953643] reheat + diversify: ceiling=0.00, value=77276.0
    [iter 4959396] reheat + diversify: ceiling=0.00, value=80124.0
    [iter 4965149] reheat + diversify: ceiling=0.00, value=55814.0
    [iter 4970902] reheat + diversify: ceiling=0.00, value=80124.0
    [iter 4976655] reheat + diversify: ceiling=0.00, value=80124.0
    [iter 4982408] reheat + diversify: ceiling=0.00, value=77276.0
    [iter 4988161] reheat + diversify: ceiling=0.00, value=77276.0
    [iter 4993914] reheat + diversify: ceiling=0.00, value=55814.0
  time limit reached at iteration 4999194
  SA finished: 4999194 iterations in 300.0s (16664 it/s), accepted 4050996 (81.0%), rejected 948197, neutral 3494376 (69.9%), worsening accepted 37.0%, no-move draws 0, reheats 868
  SA: value 80124.0 (greedy 59978.0, +20146.0), bound 155222.0, gap 48.38%, util 47.0%
  report -> /home/mcaspar/3DMHKP/results_3DMHKP_ep3/ep3-20-C-C-90-3DMHKP-SA-a0.999-r0.25-t300s.txt

================================================================================================
SUMMARY
================================================================================================
instance      boxes  packed       greedy     SA value        bound      gap    util    iters    time
------------------------------------------------------------------------------------------------
ep3-20-C-C-90     20      14      59978.0      80124.0     155222.0   48.4%   47.0%  4999194  300.0s
------------------------------------------------------------------------------------------------
proven optimal (value reaches the upper bound): 0/1
improved over greedy: 1/1 (total value 59978.0 -> 80124.0, +33.59%)
mean gap to 0-1 knapsack bound: 48.4%
mean volume utilization: 47.0%
