============================================================
  Solver:     3DMHKP-SA.py
  Instance:   /home/mcaspar/3DMHKP/Egeblad/ep3-40-F-C-90.txt
  Value mode: flat
  Timelimit:  300s
  Reports:    /home/mcaspar/3DMHKP/results_3DMHKP_ep3
  CPUs:       1
============================================================
======================================================================
3DMHKP Simulated Annealing (random single-neighbour, sequence decoder)
SA params: T0=5% of f(S_0), alpha=0.999, T_min=0.001, reheat_threshold=5753, reheat_fraction=0.25
Move weights: {'relocate': 0.0, 'swap': 1.0, '2opt': 0.0, 'promote': 1.5, 'demote': 1.5, 'orient': 1.0, 'container': 0.5}
Time limit: 300.0s per instance, seed 542228454
======================================================================

======================================================================
ep3-40-F-C-90: 40 boxes (5 types), 1 containers (1 types)
  0-1 knapsack bound: 543292.0 (continuous relaxation: 544865.4)
  initial (value-density) decode: value 389517.0 (31/40 boxes)
  T0 = 18104.0 (calibrated, 543 worsening draws, target accept 35%)
  schedule: time-based, T0 -> 4127.10 over 300s
    [iter 3] *** NEW BEST: value 395858.0, boxes 28/40, T=18001.9, elapsed=1.1s
    [iter 12] *** NEW BEST: value 397479.0, boxes 28/40, T=18001.1, elapsed=1.2s
    [iter 96] *** NEW BEST: value 400664.0, boxes 27/40, T=17992.8, elapsed=1.3s
    [iter 97] *** NEW BEST: value 412634.0, boxes 28/40, T=17992.7, elapsed=1.3s
    [iter 2088] *** NEW BEST: value 413863.0, boxes 26/40, T=17819.0, elapsed=3.2s
    [iter 2898] *** NEW BEST: value 424073.0, boxes 27/40, T=17746.9, elapsed=4.0s
    [iter 2977] *** NEW BEST: value 426257.0, boxes 30/40, T=17740.5, elapsed=4.1s
    [iter 3008] *** NEW BEST: value 428537.0, boxes 30/40, T=17737.8, elapsed=4.1s
    [iter 3019] *** NEW BEST: value 431013.0, boxes 31/40, T=17736.8, elapsed=4.2s
    [iter 3114] *** NEW BEST: value 440507.0, boxes 31/40, T=17727.8, elapsed=4.3s
    [iter 8867] reheat + diversify: ceiling=4526.00, value=382196.0
    [iter 14620] reheat + diversify: ceiling=4073.40, value=348591.0
    [iter 20373] reheat + diversify: ceiling=3666.06, value=317982.0
    [iter 26126] reheat + diversify: ceiling=3299.46, value=358224.0
    [iter 31879] reheat + diversify: ceiling=2969.51, value=373482.0
    [iter 37632] reheat + diversify: ceiling=2672.56, value=350561.0
    [iter 43385] reheat + diversify: ceiling=2405.30, value=345082.0
    [iter 49138] reheat + diversify: ceiling=2164.77, value=356831.0
    [iter 54891] reheat + diversify: ceiling=1948.30, value=351637.0
    [iter 60644] reheat + diversify: ceiling=1753.47, value=327070.0
    [iter 66397] reheat + diversify: ceiling=1578.12, value=351587.0
    [iter 72150] reheat + diversify: ceiling=1420.31, value=304651.0
    [iter 77903] reheat + diversify: ceiling=1278.28, value=376546.0
    [iter 83656] reheat + diversify: ceiling=1150.45, value=360226.0
    [iter 89409] reheat + diversify: ceiling=1035.40, value=320693.0
    [iter 95162] reheat + diversify: ceiling=931.86, value=370347.0
    [iter 100915] reheat + diversify: ceiling=838.68, value=339813.0
    [iter 106668] reheat + diversify: ceiling=754.81, value=329927.0
    [iter 112421] reheat + diversify: ceiling=679.33, value=341498.0
    [iter 118174] reheat + diversify: ceiling=611.40, value=395983.0
    [iter 123927] reheat + diversify: ceiling=550.26, value=341359.0
    [iter 129680] reheat + diversify: ceiling=495.23, value=366407.0
    [iter 135433] reheat + diversify: ceiling=445.71, value=357091.0
    [iter 141186] reheat + diversify: ceiling=401.14, value=340055.0
    [iter 146939] reheat + diversify: ceiling=361.02, value=324822.0
    [iter 152692] reheat + diversify: ceiling=324.92, value=412495.0
    [iter 158445] reheat + diversify: ceiling=292.43, value=331174.0
    [iter 164198] reheat + diversify: ceiling=263.19, value=338306.0
    [iter 169951] reheat + diversify: ceiling=236.87, value=388655.0
    [iter 175704] reheat + diversify: ceiling=213.18, value=336760.0
    [iter 181457] reheat + diversify: ceiling=191.86, value=331377.0
    [iter 187210] reheat + diversify: ceiling=172.68, value=302072.0
    [iter 192963] reheat + diversify: ceiling=155.41, value=383311.0
    [iter 198716] reheat + diversify: ceiling=139.87, value=327109.0
    [iter 204469] reheat + diversify: ceiling=125.88, value=344512.0
    [iter 210222] reheat + diversify: ceiling=113.29, value=385046.0
    [iter 215975] reheat + diversify: ceiling=101.96, value=360055.0
    [iter 221728] reheat + diversify: ceiling=91.77, value=398049.0
    [iter 227481] reheat + diversify: ceiling=82.59, value=397390.0
    [iter 233234] reheat + diversify: ceiling=74.33, value=379079.0
    [iter 234546] *** NEW BEST: value 442420.0, boxes 29/40, T=6373.3, elapsed=211.8s
    [iter 234548] *** NEW BEST: value 444700.0, boxes 29/40, T=6373.2, elapsed=211.8s
    [iter 240301] reheat + diversify: ceiling=66.90, value=386357.0
    [iter 246054] reheat + diversify: ceiling=60.21, value=306639.0
    [iter 251807] reheat + diversify: ceiling=54.19, value=372107.0
    [iter 257560] reheat + diversify: ceiling=48.77, value=371587.0
    [iter 263313] reheat + diversify: ceiling=43.89, value=375641.0
    [iter 269066] reheat + diversify: ceiling=39.50, value=383799.0
    [iter 274819] reheat + diversify: ceiling=35.55, value=307127.0
    [iter 280572] reheat + diversify: ceiling=32.00, value=368694.0
    [iter 286325] reheat + diversify: ceiling=28.80, value=382374.0
    [iter 292078] reheat + diversify: ceiling=25.92, value=345449.0
    [iter 297831] reheat + diversify: ceiling=23.33, value=370992.0
    [iter 303584] reheat + diversify: ceiling=20.99, value=332054.0
    [iter 309337] reheat + diversify: ceiling=18.89, value=426371.0
    [iter 315090] reheat + diversify: ceiling=17.00, value=355634.0
    [iter 320843] reheat + diversify: ceiling=15.30, value=337843.0
    [iter 326596] reheat + diversify: ceiling=13.77, value=382018.0
    [iter 332349] reheat + diversify: ceiling=12.40, value=340016.0
    [iter 334766] *** NEW BEST: value 445769.0, boxes 33/40, T=4203.8, elapsed=296.3s
    [iter 334867] *** NEW BEST: value 448049.0, boxes 33/40, T=4202.0, elapsed=296.4s
  time limit reached at iteration 339587
  SA finished: 339587 iterations in 300.0s (1132 it/s), accepted 224852 (66.2%), rejected 114734, neutral 156833 (46.2%), worsening accepted 37.2%, no-move draws 0, reheats 57
  SA: value 448049.0 (greedy 389517.0, +58532.0), bound 543292.0, gap 17.53%, util 85.7%
  report -> /home/mcaspar/3DMHKP/results_3DMHKP_ep3/ep3-40-F-C-90-3DMHKP-SA-a0.999-r0.25-t300s.txt

================================================================================================
SUMMARY
================================================================================================
instance      boxes  packed       greedy     SA value        bound      gap    util    iters    time
------------------------------------------------------------------------------------------------
ep3-40-F-C-90     40      33     389517.0     448049.0     543292.0   17.5%   85.7%   339587  300.0s
------------------------------------------------------------------------------------------------
proven optimal (value reaches the upper bound): 0/1
improved over greedy: 1/1 (total value 389517.0 -> 448049.0, +15.03%)
mean gap to 0-1 knapsack bound: 17.5%
mean volume utilization: 85.7%
