============================================================
  Solver:     3DMHKP-SA.py
  Instance:   /home/mcaspar/3DMHKP/Egeblad/ep3-40-C-R-90.txt
  Value mode: flat
  Timelimit:  900s
  Reports:    /home/mcaspar/3DMHKP/results_3DMHKP_ep3
  CPUs:       1
============================================================
======================================================================
3DMHKP Simulated Annealing (random single-neighbour, sequence decoder)
SA params: T0=5% of f(S_0), alpha=0.999, T_min=0.001, reheat_threshold=5753, reheat_fraction=0.25
Move weights: {'relocate': 0.0, 'swap': 1.0, '2opt': 0.0, 'promote': 1.5, 'demote': 1.5, 'orient': 1.0, 'container': 0.5}
Time limit: 900.0s per instance, seed 304752891
======================================================================

======================================================================
ep3-40-C-R-90: 40 boxes (35 types), 1 containers (1 types)
  0-1 knapsack bound: 245888.0 (continuous relaxation: 247491.6)
  initial (value-density) decode: value 98559.0 (24/40 boxes)
  T0 = 16986.7 (calibrated, 367 worsening draws, target accept 35%)
  schedule: time-based, T0 -> 3872.39 over 900s
    [iter 2] *** NEW BEST: value 101923.0, boxes 25/40, T=16974.4, elapsed=0.4s
    [iter 8] *** NEW BEST: value 118337.0, boxes 25/40, T=16974.3, elapsed=0.4s
    [iter 9] *** NEW BEST: value 125779.0, boxes 27/40, T=16974.3, elapsed=0.4s
    [iter 17] *** NEW BEST: value 135415.0, boxes 27/40, T=16974.3, elapsed=0.4s
    [iter 19] *** NEW BEST: value 148186.0, boxes 30/40, T=16974.2, elapsed=0.4s
    [iter 22] *** NEW BEST: value 149885.0, boxes 32/40, T=16974.2, elapsed=0.4s
    [iter 23] *** NEW BEST: value 165548.0, boxes 32/40, T=16974.2, elapsed=0.4s
    [iter 28] *** NEW BEST: value 172604.0, boxes 33/40, T=16974.1, elapsed=0.5s
    [iter 59] *** NEW BEST: value 180209.0, boxes 34/40, T=16973.8, elapsed=0.5s
    [iter 61] *** NEW BEST: value 190368.0, boxes 34/40, T=16973.8, elapsed=0.5s
    [iter 86] *** NEW BEST: value 194659.0, boxes 35/40, T=16973.5, elapsed=0.5s
    [iter 221] *** NEW BEST: value 201498.0, boxes 35/40, T=16972.2, elapsed=0.5s
    [iter 398] *** NEW BEST: value 202424.0, boxes 34/40, T=16970.3, elapsed=0.6s
    [iter 404] *** NEW BEST: value 209286.0, boxes 34/40, T=16970.2, elapsed=0.6s
    [iter 802] *** NEW BEST: value 213642.0, boxes 35/40, T=16966.1, elapsed=0.7s
    [iter 6555] reheat + diversify: ceiling=4246.67, value=188822.0
    [iter 12308] reheat + diversify: ceiling=3822.00, value=181909.0
    [iter 18061] reheat + diversify: ceiling=3439.80, value=174197.0
    [iter 23814] reheat + diversify: ceiling=3095.82, value=187561.0
    [iter 29567] reheat + diversify: ceiling=2786.24, value=178150.0
    [iter 35320] reheat + diversify: ceiling=2507.62, value=147537.0
    [iter 41073] reheat + diversify: ceiling=2256.86, value=184433.0
    [iter 46826] reheat + diversify: ceiling=2031.17, value=160990.0
    [iter 52579] reheat + diversify: ceiling=1828.05, value=189497.0
    [iter 58332] reheat + diversify: ceiling=1645.25, value=128968.0
    [iter 64085] reheat + diversify: ceiling=1480.72, value=189214.0
    [iter 69838] reheat + diversify: ceiling=1332.65, value=165828.0
    [iter 75591] reheat + diversify: ceiling=1199.39, value=197803.0
    [iter 81344] reheat + diversify: ceiling=1079.45, value=205346.0
    [iter 87097] reheat + diversify: ceiling=971.50, value=187847.0
    [iter 87804] *** NEW BEST: value 215250.0, boxes 35/40, T=16094.7, elapsed=32.8s
    [iter 93557] reheat + diversify: ceiling=874.35, value=189902.0
    [iter 99310] reheat + diversify: ceiling=786.92, value=158142.0
    [iter 105063] reheat + diversify: ceiling=708.23, value=170527.0
    [iter 110816] reheat + diversify: ceiling=637.40, value=154109.0
    [iter 116569] reheat + diversify: ceiling=573.66, value=192479.0
    [iter 122322] reheat + diversify: ceiling=516.30, value=174004.0
    [iter 128075] reheat + diversify: ceiling=464.67, value=160005.0
    [iter 133828] reheat + diversify: ceiling=418.20, value=188092.0
    [iter 139581] reheat + diversify: ceiling=376.38, value=182707.0
    [iter 145334] reheat + diversify: ceiling=338.74, value=181585.0
    [iter 151087] reheat + diversify: ceiling=304.87, value=185423.0
    [iter 156840] reheat + diversify: ceiling=274.38, value=153537.0
    [iter 157900] *** NEW BEST: value 215607.0, boxes 35/40, T=15424.6, elapsed=58.7s
    [iter 163653] reheat + diversify: ceiling=246.94, value=174529.0
    [iter 169406] reheat + diversify: ceiling=222.25, value=169760.0
    [iter 175159] reheat + diversify: ceiling=200.02, value=160882.0
    [iter 180912] reheat + diversify: ceiling=180.02, value=169578.0
    [iter 186665] reheat + diversify: ceiling=162.02, value=182232.0
    [iter 192418] reheat + diversify: ceiling=145.82, value=172384.0
    [iter 198171] reheat + diversify: ceiling=131.24, value=193004.0
    [iter 203924] reheat + diversify: ceiling=118.11, value=137509.0
    [iter 209677] reheat + diversify: ceiling=106.30, value=176441.0
    [iter 215430] reheat + diversify: ceiling=95.67, value=175615.0
    [iter 221183] reheat + diversify: ceiling=86.10, value=184735.0
    [iter 226936] reheat + diversify: ceiling=77.49, value=189249.0
    [iter 232689] reheat + diversify: ceiling=69.74, value=160005.0
    [iter 238442] reheat + diversify: ceiling=62.77, value=171916.0
    [iter 244195] reheat + diversify: ceiling=56.49, value=177377.0
    [iter 249948] reheat + diversify: ceiling=50.84, value=192520.0
    [iter 255701] reheat + diversify: ceiling=45.76, value=176297.0
    [iter 261454] reheat + diversify: ceiling=41.18, value=183003.0
    [iter 267207] reheat + diversify: ceiling=37.06, value=184033.0
    [iter 272960] reheat + diversify: ceiling=33.36, value=190252.0
    [iter 278713] reheat + diversify: ceiling=30.02, value=180457.0
    [iter 284466] reheat + diversify: ceiling=27.02, value=187080.0
    [iter 290219] reheat + diversify: ceiling=24.32, value=197996.0
    [iter 295972] reheat + diversify: ceiling=21.89, value=171601.0
    [iter 301725] reheat + diversify: ceiling=19.70, value=189843.0
    [iter 307478] reheat + diversify: ceiling=17.73, value=179632.0
    [iter 313231] reheat + diversify: ceiling=15.96, value=184962.0
    [iter 318984] reheat + diversify: ceiling=14.36, value=165015.0
    [iter 324737] reheat + diversify: ceiling=12.92, value=165002.0
    [iter 330490] reheat + diversify: ceiling=11.63, value=169241.0
    [iter 336243] reheat + diversify: ceiling=10.47, value=205384.0
    [iter 341996] reheat + diversify: ceiling=9.42, value=155189.0
    [iter 347749] reheat + diversify: ceiling=8.48, value=201997.0
    [iter 353502] reheat + diversify: ceiling=7.63, value=165233.0
    [iter 359255] reheat + diversify: ceiling=6.87, value=168553.0
    [iter 365008] reheat + diversify: ceiling=6.18, value=153685.0
    [iter 370761] reheat + diversify: ceiling=5.56, value=202011.0
    [iter 376514] reheat + diversify: ceiling=5.01, value=185056.0
    [iter 382267] reheat + diversify: ceiling=4.51, value=182814.0
    [iter 388020] reheat + diversify: ceiling=4.06, value=165549.0
    [iter 393773] reheat + diversify: ceiling=3.65, value=182333.0
    [iter 399526] reheat + diversify: ceiling=3.29, value=179859.0
    [iter 405279] reheat + diversify: ceiling=2.96, value=177810.0
    [iter 411032] reheat + diversify: ceiling=2.66, value=162962.0
    [iter 416785] reheat + diversify: ceiling=2.39, value=190389.0
    [iter 422538] reheat + diversify: ceiling=2.16, value=170792.0
    [iter 428291] reheat + diversify: ceiling=1.94, value=178033.0
    [iter 434044] reheat + diversify: ceiling=1.75, value=170638.0
    [iter 439797] reheat + diversify: ceiling=1.57, value=163291.0
    [iter 445550] reheat + diversify: ceiling=1.41, value=155106.0
    [iter 451303] reheat + diversify: ceiling=1.27, value=196059.0
    [iter 457056] reheat + diversify: ceiling=1.15, value=182050.0
    [iter 462809] reheat + diversify: ceiling=1.03, value=201982.0
    [iter 468562] reheat + diversify: ceiling=0.93, value=192202.0
    [iter 474315] reheat + diversify: ceiling=0.84, value=169084.0
    [iter 477541] *** NEW BEST: value 216855.0, boxes 35/40, T=12690.5, elapsed=177.5s
    [iter 483294] reheat + diversify: ceiling=0.75, value=186505.0
    [iter 489047] reheat + diversify: ceiling=0.68, value=191295.0
    [iter 494800] reheat + diversify: ceiling=0.61, value=190234.0
    [iter 500553] reheat + diversify: ceiling=0.55, value=204664.0
    [iter 506306] reheat + diversify: ceiling=0.49, value=186079.0
    [iter 512059] reheat + diversify: ceiling=0.44, value=171279.0
    [iter 517812] reheat + diversify: ceiling=0.40, value=182689.0
    [iter 523565] reheat + diversify: ceiling=0.36, value=208850.0
    [iter 529318] reheat + diversify: ceiling=0.32, value=193894.0
    [iter 535071] reheat + diversify: ceiling=0.29, value=181253.0
    [iter 540824] reheat + diversify: ceiling=0.26, value=184799.0
    [iter 546577] reheat + diversify: ceiling=0.24, value=185423.0
    [iter 552330] reheat + diversify: ceiling=0.21, value=170321.0
    [iter 558083] reheat + diversify: ceiling=0.19, value=165874.0
    [iter 563836] reheat + diversify: ceiling=0.17, value=156650.0
    [iter 569589] reheat + diversify: ceiling=0.15, value=172584.0
    [iter 575342] reheat + diversify: ceiling=0.14, value=208038.0
    [iter 581095] reheat + diversify: ceiling=0.13, value=170097.0
    [iter 586848] reheat + diversify: ceiling=0.11, value=186497.0
    [iter 592601] reheat + diversify: ceiling=0.10, value=165198.0
    [iter 598354] reheat + diversify: ceiling=0.09, value=178606.0
    [iter 604107] reheat + diversify: ceiling=0.08, value=180209.0
    [iter 609860] reheat + diversify: ceiling=0.07, value=169469.0
    [iter 615613] reheat + diversify: ceiling=0.07, value=212440.0
    [iter 621366] reheat + diversify: ceiling=0.06, value=167090.0
    [iter 627119] reheat + diversify: ceiling=0.05, value=150965.0
    [iter 632872] reheat + diversify: ceiling=0.05, value=196975.0
    [iter 638625] reheat + diversify: ceiling=0.04, value=197996.0
    [iter 644378] reheat + diversify: ceiling=0.04, value=181579.0
    [iter 650131] reheat + diversify: ceiling=0.04, value=197272.0
    [iter 655884] reheat + diversify: ceiling=0.03, value=198328.0
    [iter 661637] reheat + diversify: ceiling=0.03, value=184401.0
    [iter 667390] reheat + diversify: ceiling=0.03, value=206244.0
    [iter 673143] reheat + diversify: ceiling=0.02, value=180173.0
    [iter 678896] reheat + diversify: ceiling=0.02, value=176641.0
    [iter 684649] reheat + diversify: ceiling=0.02, value=190536.0
    [iter 690402] reheat + diversify: ceiling=0.02, value=166453.0
    [iter 696155] reheat + diversify: ceiling=0.02, value=179310.0
    [iter 701908] reheat + diversify: ceiling=0.01, value=193295.0
    [iter 707661] reheat + diversify: ceiling=0.01, value=170224.0
    [iter 713414] reheat + diversify: ceiling=0.01, value=169881.0
    [iter 719167] reheat + diversify: ceiling=0.01, value=186184.0
    [iter 724920] reheat + diversify: ceiling=0.01, value=197465.0
    [iter 730673] reheat + diversify: ceiling=0.01, value=173422.0
    [iter 736426] reheat + diversify: ceiling=0.01, value=205384.0
    [iter 742179] reheat + diversify: ceiling=0.01, value=175392.0
    [iter 747932] reheat + diversify: ceiling=0.01, value=207111.0
    [iter 753685] reheat + diversify: ceiling=0.01, value=197063.0
    [iter 759438] reheat + diversify: ceiling=0.00, value=196952.0
    [iter 765191] reheat + diversify: ceiling=0.00, value=169906.0
    [iter 770944] reheat + diversify: ceiling=0.00, value=134113.0
    [iter 776697] reheat + diversify: ceiling=0.00, value=192715.0
    [iter 782450] reheat + diversify: ceiling=0.00, value=189843.0
    [iter 788203] reheat + diversify: ceiling=0.00, value=183178.0
    [iter 793956] reheat + diversify: ceiling=0.00, value=175952.0
    [iter 799709] reheat + diversify: ceiling=0.00, value=192145.0
    [iter 805462] reheat + diversify: ceiling=0.00, value=198545.0
    [iter 811215] reheat + diversify: ceiling=0.00, value=201663.0
    [iter 816968] reheat + diversify: ceiling=0.00, value=150965.0
    [iter 822721] reheat + diversify: ceiling=0.00, value=176318.0
    [iter 828474] reheat + diversify: ceiling=0.00, value=159005.0
    [iter 834227] reheat + diversify: ceiling=0.00, value=188641.0
    [iter 839980] reheat + diversify: ceiling=0.00, value=133821.0
    [iter 845733] reheat + diversify: ceiling=0.00, value=155189.0
    [iter 851486] reheat + diversify: ceiling=0.00, value=127417.0
    [iter 857239] reheat + diversify: ceiling=0.00, value=165198.0
    [iter 862992] reheat + diversify: ceiling=0.00, value=188641.0
    [iter 868745] reheat + diversify: ceiling=0.00, value=202424.0
    [iter 874498] reheat + diversify: ceiling=0.00, value=168578.0
    [iter 880251] reheat + diversify: ceiling=0.00, value=182158.0
    [iter 886004] reheat + diversify: ceiling=0.00, value=195098.0
    [iter 891757] reheat + diversify: ceiling=0.00, value=169772.0
    [iter 897510] reheat + diversify: ceiling=0.00, value=191451.0
    [iter 903263] reheat + diversify: ceiling=0.00, value=168046.0
    [iter 909016] reheat + diversify: ceiling=0.00, value=205384.0
    [iter 914769] reheat + diversify: ceiling=0.00, value=171872.0
    [iter 920522] reheat + diversify: ceiling=0.00, value=194050.0
    [iter 926275] reheat + diversify: ceiling=0.00, value=180163.0
    [iter 932028] reheat + diversify: ceiling=0.00, value=134485.0
    [iter 937781] reheat + diversify: ceiling=0.00, value=149263.0
    [iter 941274] *** NEW BEST: value 218971.0, boxes 36/40, T=9557.7, elapsed=350.1s
    [iter 947027] reheat + diversify: ceiling=0.00, value=125771.0
    [iter 952780] reheat + diversify: ceiling=0.00, value=194680.0
    [iter 958533] reheat + diversify: ceiling=0.00, value=121982.0
    [iter 964286] reheat + diversify: ceiling=0.00, value=155189.0
    [iter 970039] reheat + diversify: ceiling=0.00, value=175227.0
    [iter 975792] reheat + diversify: ceiling=0.00, value=158872.0
    [iter 981545] reheat + diversify: ceiling=0.00, value=191596.0
    [iter 987298] reheat + diversify: ceiling=0.00, value=187219.0
    [iter 993051] reheat + diversify: ceiling=0.00, value=133606.0
    [iter 998804] reheat + diversify: ceiling=0.00, value=191905.0
    [iter 1004557] reheat + diversify: ceiling=0.00, value=193576.0
    [iter 1010310] reheat + diversify: ceiling=0.00, value=174962.0
    [iter 1016063] reheat + diversify: ceiling=0.00, value=155986.0
    [iter 1021816] reheat + diversify: ceiling=0.00, value=206040.0
    [iter 1027569] reheat + diversify: ceiling=0.00, value=166924.0
    [iter 1033322] reheat + diversify: ceiling=0.00, value=177512.0
    [iter 1039075] reheat + diversify: ceiling=0.00, value=191986.0
    [iter 1044828] reheat + diversify: ceiling=0.00, value=195481.0
    [iter 1050581] reheat + diversify: ceiling=0.00, value=190215.0
    [iter 1056334] reheat + diversify: ceiling=0.00, value=194617.0
    [iter 1062087] reheat + diversify: ceiling=0.00, value=197234.0
    [iter 1067840] reheat + diversify: ceiling=0.00, value=137998.0
    [iter 1073593] reheat + diversify: ceiling=0.00, value=194439.0
    [iter 1079346] reheat + diversify: ceiling=0.00, value=193579.0
    [iter 1085099] reheat + diversify: ceiling=0.00, value=175626.0
    [iter 1090852] reheat + diversify: ceiling=0.00, value=168559.0
    [iter 1096605] reheat + diversify: ceiling=0.00, value=212440.0
    [iter 1102358] reheat + diversify: ceiling=0.00, value=177168.0
    [iter 1108111] reheat + diversify: ceiling=0.00, value=180559.0
    [iter 1113864] reheat + diversify: ceiling=0.00, value=208719.0
    [iter 1119617] reheat + diversify: ceiling=0.00, value=179771.0
    [iter 1125370] reheat + diversify: ceiling=0.00, value=189018.0
    [iter 1131123] reheat + diversify: ceiling=0.00, value=173980.0
    [iter 1136876] reheat + diversify: ceiling=0.00, value=198647.0
    [iter 1142629] reheat + diversify: ceiling=0.00, value=177377.0
    [iter 1148382] reheat + diversify: ceiling=0.00, value=207232.0
    [iter 1154135] reheat + diversify: ceiling=0.00, value=184920.0
    [iter 1159888] reheat + diversify: ceiling=0.00, value=150047.0
    [iter 1165641] reheat + diversify: ceiling=0.00, value=191253.0
    [iter 1171394] reheat + diversify: ceiling=0.00, value=192479.0
    [iter 1177147] reheat + diversify: ceiling=0.00, value=183480.0
    [iter 1182900] reheat + diversify: ceiling=0.00, value=190896.0
    [iter 1188653] reheat + diversify: ceiling=0.00, value=180843.0
    [iter 1194406] reheat + diversify: ceiling=0.00, value=191451.0
    [iter 1200159] reheat + diversify: ceiling=0.00, value=193178.0
    [iter 1205912] reheat + diversify: ceiling=0.00, value=162191.0
    [iter 1211665] reheat + diversify: ceiling=0.00, value=197465.0
    [iter 1217418] reheat + diversify: ceiling=0.00, value=198545.0
    [iter 1223171] reheat + diversify: ceiling=0.00, value=183003.0
    [iter 1228924] reheat + diversify: ceiling=0.00, value=173667.0
    [iter 1234677] reheat + diversify: ceiling=0.00, value=204328.0
    [iter 1240430] reheat + diversify: ceiling=0.00, value=184216.0
    [iter 1246183] reheat + diversify: ceiling=0.00, value=191737.0
    [iter 1251936] reheat + diversify: ceiling=0.00, value=197156.0
    [iter 1257689] reheat + diversify: ceiling=0.00, value=190908.0
    [iter 1263442] reheat + diversify: ceiling=0.00, value=211886.0
    [iter 1269195] reheat + diversify: ceiling=0.00, value=196508.0
    [iter 1274948] reheat + diversify: ceiling=0.00, value=203462.0
    [iter 1280701] reheat + diversify: ceiling=0.00, value=185681.0
    [iter 1286454] reheat + diversify: ceiling=0.00, value=160990.0
    [iter 1292207] reheat + diversify: ceiling=0.00, value=180128.0
    [iter 1297960] reheat + diversify: ceiling=0.00, value=202011.0
    [iter 1303713] reheat + diversify: ceiling=0.00, value=160652.0
    [iter 1309466] reheat + diversify: ceiling=0.00, value=150772.0
    [iter 1315219] reheat + diversify: ceiling=0.00, value=172465.0
    [iter 1320972] reheat + diversify: ceiling=0.00, value=127961.0
    [iter 1326725] reheat + diversify: ceiling=0.00, value=151816.0
    [iter 1332478] reheat + diversify: ceiling=0.00, value=196777.0
    [iter 1338231] reheat + diversify: ceiling=0.00, value=140179.0
    [iter 1343984] reheat + diversify: ceiling=0.00, value=150433.0
    [iter 1349737] reheat + diversify: ceiling=0.00, value=197338.0
    [iter 1355490] reheat + diversify: ceiling=0.00, value=204328.0
    [iter 1361243] reheat + diversify: ceiling=0.00, value=162704.0
    [iter 1366996] reheat + diversify: ceiling=0.00, value=152341.0
    [iter 1372749] reheat + diversify: ceiling=0.00, value=185168.0
    [iter 1378502] reheat + diversify: ceiling=0.00, value=155986.0
    [iter 1384255] reheat + diversify: ceiling=0.00, value=185060.0
    [iter 1390008] reheat + diversify: ceiling=0.00, value=189665.0
    [iter 1395761] reheat + diversify: ceiling=0.00, value=196602.0
    [iter 1401514] reheat + diversify: ceiling=0.00, value=193576.0
    [iter 1407267] reheat + diversify: ceiling=0.00, value=187386.0
    [iter 1413020] reheat + diversify: ceiling=0.00, value=175946.0
    [iter 1418773] reheat + diversify: ceiling=0.00, value=159015.0
    [iter 1424526] reheat + diversify: ceiling=0.00, value=158021.0
    [iter 1430279] reheat + diversify: ceiling=0.00, value=194617.0
    [iter 1436032] reheat + diversify: ceiling=0.00, value=168916.0
    [iter 1441785] reheat + diversify: ceiling=0.00, value=181716.0
    [iter 1447538] reheat + diversify: ceiling=0.00, value=172254.0
    [iter 1453291] reheat + diversify: ceiling=0.00, value=201157.0
    [iter 1459044] reheat + diversify: ceiling=0.00, value=126544.0
    [iter 1464797] reheat + diversify: ceiling=0.00, value=168559.0
    [iter 1470550] reheat + diversify: ceiling=0.00, value=148043.0
    [iter 1476303] reheat + diversify: ceiling=0.00, value=197565.0
    [iter 1482056] reheat + diversify: ceiling=0.00, value=190368.0
    [iter 1487809] reheat + diversify: ceiling=0.00, value=197777.0
    [iter 1493562] reheat + diversify: ceiling=0.00, value=192202.0
    [iter 1499315] reheat + diversify: ceiling=0.00, value=181250.0
    [iter 1505068] reheat + diversify: ceiling=0.00, value=158177.0
    [iter 1510821] reheat + diversify: ceiling=0.00, value=194442.0
    [iter 1516574] reheat + diversify: ceiling=0.00, value=183852.0
    [iter 1522327] reheat + diversify: ceiling=0.00, value=176609.0
    [iter 1528080] reheat + diversify: ceiling=0.00, value=175972.0
    [iter 1533833] reheat + diversify: ceiling=0.00, value=196799.0
    [iter 1539586] reheat + diversify: ceiling=0.00, value=191577.0
    [iter 1545339] reheat + diversify: ceiling=0.00, value=156113.0
    [iter 1551092] reheat + diversify: ceiling=0.00, value=172523.0
    [iter 1556845] reheat + diversify: ceiling=0.00, value=201106.0
    [iter 1562598] reheat + diversify: ceiling=0.00, value=160840.0
    [iter 1568351] reheat + diversify: ceiling=0.00, value=183884.0
    [iter 1574104] reheat + diversify: ceiling=0.00, value=158610.0
    [iter 1579857] reheat + diversify: ceiling=0.00, value=208551.0
    [iter 1585610] reheat + diversify: ceiling=0.00, value=179161.0
    [iter 1591363] reheat + diversify: ceiling=0.00, value=188250.0
    [iter 1597116] reheat + diversify: ceiling=0.00, value=197996.0
    [iter 1602869] reheat + diversify: ceiling=0.00, value=194442.0
    [iter 1608622] reheat + diversify: ceiling=0.00, value=192018.0
    [iter 1614375] reheat + diversify: ceiling=0.00, value=192479.0
    [iter 1620128] reheat + diversify: ceiling=0.00, value=195739.0
    [iter 1625881] reheat + diversify: ceiling=0.00, value=204346.0
    [iter 1631634] reheat + diversify: ceiling=0.00, value=151816.0
    [iter 1637387] reheat + diversify: ceiling=0.00, value=136024.0
    [iter 1643140] reheat + diversify: ceiling=0.00, value=115423.0
    [iter 1648893] reheat + diversify: ceiling=0.00, value=205384.0
    [iter 1654646] reheat + diversify: ceiling=0.00, value=176641.0
    [iter 1660399] reheat + diversify: ceiling=0.00, value=198652.0
    [iter 1666152] reheat + diversify: ceiling=0.00, value=202937.0
    [iter 1671905] reheat + diversify: ceiling=0.00, value=182241.0
    [iter 1677658] reheat + diversify: ceiling=0.00, value=184263.0
    [iter 1683411] reheat + diversify: ceiling=0.00, value=175615.0
    [iter 1689164] reheat + diversify: ceiling=0.00, value=201997.0
    [iter 1694917] reheat + diversify: ceiling=0.00, value=190234.0
    [iter 1700670] reheat + diversify: ceiling=0.00, value=181298.0
    [iter 1706423] reheat + diversify: ceiling=0.00, value=192951.0
    [iter 1712176] reheat + diversify: ceiling=0.00, value=200800.0
    [iter 1717929] reheat + diversify: ceiling=0.00, value=133967.0
    [iter 1723682] reheat + diversify: ceiling=0.00, value=187603.0
    [iter 1729435] reheat + diversify: ceiling=0.00, value=145023.0
    [iter 1735188] reheat + diversify: ceiling=0.00, value=136786.0
    [iter 1740941] reheat + diversify: ceiling=0.00, value=177377.0
    [iter 1746694] reheat + diversify: ceiling=0.00, value=212440.0
    [iter 1752447] reheat + diversify: ceiling=0.00, value=188376.0
    [iter 1758200] reheat + diversify: ceiling=0.00, value=206412.0
    [iter 1763953] reheat + diversify: ceiling=0.00, value=197465.0
    [iter 1769706] reheat + diversify: ceiling=0.00, value=105736.0
    [iter 1775459] reheat + diversify: ceiling=0.00, value=202011.0
    [iter 1781212] reheat + diversify: ceiling=0.00, value=155189.0
    [iter 1786965] reheat + diversify: ceiling=0.00, value=205384.0
    [iter 1792718] reheat + diversify: ceiling=0.00, value=195148.0
    [iter 1798471] reheat + diversify: ceiling=0.00, value=197238.0
    [iter 1804224] reheat + diversify: ceiling=0.00, value=211402.0
    [iter 1809977] reheat + diversify: ceiling=0.00, value=183915.0
    [iter 1815730] reheat + diversify: ceiling=0.00, value=169119.0
    [iter 1821483] reheat + diversify: ceiling=0.00, value=208719.0
    [iter 1827236] reheat + diversify: ceiling=0.00, value=198885.0
    [iter 1832989] reheat + diversify: ceiling=0.00, value=208038.0
    [iter 1838742] reheat + diversify: ceiling=0.00, value=201331.0
    [iter 1844495] reheat + diversify: ceiling=0.00, value=191049.0
    [iter 1850248] reheat + diversify: ceiling=0.00, value=175459.0
    [iter 1856001] reheat + diversify: ceiling=0.00, value=205515.0
    [iter 1861754] reheat + diversify: ceiling=0.00, value=176164.0
    [iter 1867507] reheat + diversify: ceiling=0.00, value=195849.0
    [iter 1873260] reheat + diversify: ceiling=0.00, value=189763.0
    [iter 1879013] reheat + diversify: ceiling=0.00, value=142999.0
    [iter 1884766] reheat + diversify: ceiling=0.00, value=147909.0
    [iter 1890519] reheat + diversify: ceiling=0.00, value=166223.0
    [iter 1896272] reheat + diversify: ceiling=0.00, value=199318.0
    [iter 1902025] reheat + diversify: ceiling=0.00, value=198793.0
    [iter 1907778] reheat + diversify: ceiling=0.00, value=170347.0
    [iter 1913531] reheat + diversify: ceiling=0.00, value=157199.0
    [iter 1919284] reheat + diversify: ceiling=0.00, value=201498.0
    [iter 1925037] reheat + diversify: ceiling=0.00, value=183593.0
    [iter 1930790] reheat + diversify: ceiling=0.00, value=161788.0
    [iter 1936543] reheat + diversify: ceiling=0.00, value=168559.0
    [iter 1942296] reheat + diversify: ceiling=0.00, value=183446.0
    [iter 1948049] reheat + diversify: ceiling=0.00, value=183446.0
    [iter 1953802] reheat + diversify: ceiling=0.00, value=205052.0
    [iter 1959555] reheat + diversify: ceiling=0.00, value=174089.0
    [iter 1965308] reheat + diversify: ceiling=0.00, value=196952.0
    [iter 1971061] reheat + diversify: ceiling=0.00, value=203417.0
    [iter 1976814] reheat + diversify: ceiling=0.00, value=176175.0
    [iter 1982567] reheat + diversify: ceiling=0.00, value=184343.0
    [iter 1988320] reheat + diversify: ceiling=0.00, value=190747.0
    [iter 1994073] reheat + diversify: ceiling=0.00, value=194761.0
    [iter 1999826] reheat + diversify: ceiling=0.00, value=209076.0
    [iter 2005579] reheat + diversify: ceiling=0.00, value=189288.0
    [iter 2011332] reheat + diversify: ceiling=0.00, value=211915.0
    [iter 2017085] reheat + diversify: ceiling=0.00, value=182878.0
    [iter 2022838] reheat + diversify: ceiling=0.00, value=185423.0
    [iter 2028591] reheat + diversify: ceiling=0.00, value=200959.0
    [iter 2034344] reheat + diversify: ceiling=0.00, value=162708.0
    [iter 2040097] reheat + diversify: ceiling=0.00, value=211402.0
    [iter 2045850] reheat + diversify: ceiling=0.00, value=206603.0
    [iter 2051603] reheat + diversify: ceiling=0.00, value=207506.0
    [iter 2057356] reheat + diversify: ceiling=0.00, value=182071.0
    [iter 2063109] reheat + diversify: ceiling=0.00, value=148225.0
    [iter 2068862] reheat + diversify: ceiling=0.00, value=176140.0
    [iter 2074615] reheat + diversify: ceiling=0.00, value=197996.0
    [iter 2080368] reheat + diversify: ceiling=0.00, value=202548.0
    [iter 2086121] reheat + diversify: ceiling=0.00, value=192474.0
    [iter 2091874] reheat + diversify: ceiling=0.00, value=184216.0
    [iter 2097627] reheat + diversify: ceiling=0.00, value=205898.0
    [iter 2103380] reheat + diversify: ceiling=0.00, value=201281.0
    [iter 2109133] reheat + diversify: ceiling=0.00, value=203774.0
    [iter 2114886] reheat + diversify: ceiling=0.00, value=193885.0
    [iter 2120639] reheat + diversify: ceiling=0.00, value=196871.0
    [iter 2126392] reheat + diversify: ceiling=0.00, value=176676.0
    [iter 2132145] reheat + diversify: ceiling=0.00, value=174718.0
    [iter 2137898] reheat + diversify: ceiling=0.00, value=203390.0
    [iter 2143651] reheat + diversify: ceiling=0.00, value=147951.0
    [iter 2149404] reheat + diversify: ceiling=0.00, value=204171.0
    [iter 2155157] reheat + diversify: ceiling=0.00, value=156202.0
    [iter 2160910] reheat + diversify: ceiling=0.00, value=125703.0
    [iter 2166663] reheat + diversify: ceiling=0.00, value=208165.0
    [iter 2172416] reheat + diversify: ceiling=0.00, value=155653.0
    [iter 2178169] reheat + diversify: ceiling=0.00, value=205384.0
    [iter 2183922] reheat + diversify: ceiling=0.00, value=183719.0
    [iter 2189675] reheat + diversify: ceiling=0.00, value=197996.0
    [iter 2195428] reheat + diversify: ceiling=0.00, value=148417.0
    [iter 2201181] reheat + diversify: ceiling=0.00, value=205384.0
    [iter 2206934] reheat + diversify: ceiling=0.00, value=189297.0
    [iter 2212687] reheat + diversify: ceiling=0.00, value=141679.0
    [iter 2218440] reheat + diversify: ceiling=0.00, value=182490.0
    [iter 2224193] reheat + diversify: ceiling=0.00, value=144498.0
    [iter 2229946] reheat + diversify: ceiling=0.00, value=204328.0
    [iter 2235699] reheat + diversify: ceiling=0.00, value=162028.0
    [iter 2241452] reheat + diversify: ceiling=0.00, value=201997.0
    [iter 2247205] reheat + diversify: ceiling=0.00, value=162577.0
    [iter 2252958] reheat + diversify: ceiling=0.00, value=211402.0
    [iter 2258711] reheat + diversify: ceiling=0.00, value=204328.0
    [iter 2264464] reheat + diversify: ceiling=0.00, value=163947.0
    [iter 2270217] reheat + diversify: ceiling=0.00, value=186194.0
    [iter 2275970] reheat + diversify: ceiling=0.00, value=205384.0
    [iter 2281723] reheat + diversify: ceiling=0.00, value=166439.0
    [iter 2287476] reheat + diversify: ceiling=0.00, value=204859.0
    [iter 2293229] reheat + diversify: ceiling=0.00, value=195455.0
    [iter 2298982] reheat + diversify: ceiling=0.00, value=205384.0
    [iter 2304735] reheat + diversify: ceiling=0.00, value=199216.0
    [iter 2310488] reheat + diversify: ceiling=0.00, value=194110.0
    [iter 2316241] reheat + diversify: ceiling=0.00, value=155986.0
    [iter 2321994] reheat + diversify: ceiling=0.00, value=200189.0
    [iter 2327747] reheat + diversify: ceiling=0.00, value=191055.0
    [iter 2333500] reheat + diversify: ceiling=0.00, value=205515.0
    [iter 2339253] reheat + diversify: ceiling=0.00, value=211402.0
    [iter 2345006] reheat + diversify: ceiling=0.00, value=184971.0
    [iter 2350759] reheat + diversify: ceiling=0.00, value=196234.0
    [iter 2356512] reheat + diversify: ceiling=0.00, value=170321.0
    [iter 2362265] reheat + diversify: ceiling=0.00, value=170347.0
    [iter 2368018] reheat + diversify: ceiling=0.00, value=196839.0
    [iter 2373771] reheat + diversify: ceiling=0.00, value=177112.0
    [iter 2379524] reheat + diversify: ceiling=0.00, value=206073.0
    [iter 2385277] reheat + diversify: ceiling=0.00, value=176828.0
    [iter 2391030] reheat + diversify: ceiling=0.00, value=176834.0
    [iter 2396783] reheat + diversify: ceiling=0.00, value=203462.0
    [iter 2402536] reheat + diversify: ceiling=0.00, value=211915.0
    [iter 2408289] reheat + diversify: ceiling=0.00, value=155986.0
    [iter 2414042] reheat + diversify: ceiling=0.00, value=164832.0
    [iter 2419795] reheat + diversify: ceiling=0.00, value=211915.0
  time limit reached at iteration 2420226
  SA finished: 2420226 iterations in 900.0s (2689 it/s), accepted 1763794 (72.9%), rejected 656431, neutral 1270467 (52.5%), worsening accepted 42.9%, no-move draws 0, reheats 419
  SA: value 218971.0 (greedy 98559.0, +120412.0), bound 245888.0, gap 10.95%, util 81.6%
  report -> /home/mcaspar/3DMHKP/results_3DMHKP_ep3/ep3-40-C-R-90-3DMHKP-SA-a0.999-r0.25-t900s.txt

================================================================================================
SUMMARY
================================================================================================
instance      boxes  packed       greedy     SA value        bound      gap    util    iters    time
------------------------------------------------------------------------------------------------
ep3-40-C-R-90     40      36      98559.0     218971.0     245888.0   10.9%   81.6%  2420226  900.0s
------------------------------------------------------------------------------------------------
proven optimal (value reaches the upper bound): 0/1
improved over greedy: 1/1 (total value 98559.0 -> 218971.0, +122.17%)
mean gap to 0-1 knapsack bound: 10.9%
mean volume utilization: 81.6%
