============================================================
  Solver:     3DMHKP-SA.py
  Instance:   /home/mcaspar/3DMHKP/Egeblad/ep3-20-U-R-50.txt
  Value mode: flat
  Timelimit:  300s
  Reports:    /home/mcaspar/3DMHKP/results_3DMHKP_ep3
  CPUs:       1
============================================================
======================================================================
3DMHKP Simulated Annealing (random single-neighbour, sequence decoder)
SA params: T0=5% of f(S_0), alpha=0.999, T_min=0.001, reheat_threshold=5753, reheat_fraction=0.25
Move weights: {'relocate': 0.0, 'swap': 1.0, '2opt': 0.0, 'promote': 1.5, 'demote': 1.5, 'orient': 1.0, 'container': 0.5}
Time limit: 300.0s per instance, seed 1938691714
======================================================================

======================================================================
ep3-20-U-R-50: 20 boxes (20 types), 1 containers (1 types)
  continuous-knapsack bound: 144346.3
  initial (value-density) decode: value 86267.0 (6/20 boxes)
  T0 = 4313.4 (5% of the initial objective)
    [iter 1] *** NEW BEST: value 87383.0, boxes 6/20, T=4313.4, elapsed=0.0s
    [iter 2] *** NEW BEST: value 98711.0, boxes 8/20, T=4309.0, elapsed=0.0s
    [iter 166] *** NEW BEST: value 103289.0, boxes 8/20, T=3657.0, elapsed=0.0s
    [iter 966] *** NEW BEST: value 104058.0, boxes 8/20, T=1642.5, elapsed=0.1s
    [iter 1003] *** NEW BEST: value 107834.0, boxes 8/20, T=1582.8, elapsed=0.1s
    [iter 6756] reheat + diversify: T=1078.3, value=100346.0
    [iter 12509] reheat + diversify: T=1078.3, value=79522.0
    [iter 13112] *** NEW BEST: value 108594.0, boxes 8/20, T=590.4, elapsed=1.1s
    [iter 18865] reheat + diversify: T=1078.3, value=59766.0
    [iter 24618] reheat + diversify: T=1078.3, value=81201.0
    [iter 30371] reheat + diversify: T=1078.3, value=89544.0
    [iter 36124] reheat + diversify: T=1078.3, value=87398.0
    [iter 41877] reheat + diversify: T=1078.3, value=82195.0
    [iter 47630] reheat + diversify: T=1078.3, value=67709.0
    [iter 53383] reheat + diversify: T=1078.3, value=34380.0
    [iter 59136] reheat + diversify: T=1078.3, value=71471.0
    [iter 64889] reheat + diversify: T=1078.3, value=74454.0
    [iter 70642] reheat + diversify: T=1078.3, value=96521.0
    [iter 72041] *** NEW BEST: value 108636.0, boxes 8/20, T=266.3, elapsed=6.2s
    [iter 72226] *** NEW BEST: value 111270.0, boxes 9/20, T=221.3, elapsed=6.2s
    [iter 77979] reheat + diversify: T=1078.3, value=92021.0
    [iter 83732] reheat + diversify: T=1078.3, value=98415.0
    [iter 89485] reheat + diversify: T=1078.3, value=89697.0
    [iter 95238] reheat + diversify: T=1078.3, value=62696.0
    [iter 100991] reheat + diversify: T=1078.3, value=69685.0
    [iter 106744] reheat + diversify: T=1078.3, value=73420.0
    [iter 112497] reheat + diversify: T=1078.3, value=56189.0
    [iter 118250] reheat + diversify: T=1078.3, value=36984.0
    [iter 124003] reheat + diversify: T=1078.3, value=66539.0
    [iter 129756] reheat + diversify: T=1078.3, value=72634.0
    [iter 135509] reheat + diversify: T=1078.3, value=57095.0
    [iter 141262] reheat + diversify: T=1078.3, value=97845.0
    [iter 147015] reheat + diversify: T=1078.3, value=73372.0
    [iter 152768] reheat + diversify: T=1078.3, value=73899.0
    [iter 158521] reheat + diversify: T=1078.3, value=87231.0
    [iter 164274] reheat + diversify: T=1078.3, value=91934.0
    [iter 170027] reheat + diversify: T=1078.3, value=67660.0
    [iter 175780] reheat + diversify: T=1078.3, value=65088.0
    [iter 181533] reheat + diversify: T=1078.3, value=92230.0
    [iter 187286] reheat + diversify: T=1078.3, value=52820.0
    [iter 193039] reheat + diversify: T=1078.3, value=66695.0
    [iter 198792] reheat + diversify: T=1078.3, value=67661.0
    [iter 204545] reheat + diversify: T=1078.3, value=73233.0
    [iter 210298] reheat + diversify: T=1078.3, value=83451.0
    [iter 216051] reheat + diversify: T=1078.3, value=96086.0
    [iter 221804] reheat + diversify: T=1078.3, value=50010.0
    [iter 227557] reheat + diversify: T=1078.3, value=63405.0
    [iter 233310] reheat + diversify: T=1078.3, value=104058.0
    [iter 239063] reheat + diversify: T=1078.3, value=65728.0
    [iter 244816] reheat + diversify: T=1078.3, value=75455.0
    [iter 250569] reheat + diversify: T=1078.3, value=74637.0
    [iter 256322] reheat + diversify: T=1078.3, value=51105.0
    [iter 262075] reheat + diversify: T=1078.3, value=84199.0
    [iter 267828] reheat + diversify: T=1078.3, value=82213.0
    [iter 273581] reheat + diversify: T=1078.3, value=47025.0
    [iter 279334] reheat + diversify: T=1078.3, value=75250.0
    [iter 285087] reheat + diversify: T=1078.3, value=51923.0
    [iter 290840] reheat + diversify: T=1078.3, value=74956.0
    [iter 296593] reheat + diversify: T=1078.3, value=64155.0
    [iter 302346] reheat + diversify: T=1078.3, value=61206.0
    [iter 308099] reheat + diversify: T=1078.3, value=51378.0
    [iter 313852] reheat + diversify: T=1078.3, value=68761.0
    [iter 319605] reheat + diversify: T=1078.3, value=84041.0
    [iter 325358] reheat + diversify: T=1078.3, value=81277.0
    [iter 331111] reheat + diversify: T=1078.3, value=73590.0
    [iter 336864] reheat + diversify: T=1078.3, value=106926.0
    [iter 342617] reheat + diversify: T=1078.3, value=74838.0
    [iter 348370] reheat + diversify: T=1078.3, value=93166.0
    [iter 354123] reheat + diversify: T=1078.3, value=72235.0
    [iter 359876] reheat + diversify: T=1078.3, value=107494.0
    [iter 365629] reheat + diversify: T=1078.3, value=99504.0
    [iter 371382] reheat + diversify: T=1078.3, value=66517.0
    [iter 377135] reheat + diversify: T=1078.3, value=87756.0
    [iter 382888] reheat + diversify: T=1078.3, value=70876.0
    [iter 388641] reheat + diversify: T=1078.3, value=87178.0
    [iter 394394] reheat + diversify: T=1078.3, value=91336.0
    [iter 400147] reheat + diversify: T=1078.3, value=55002.0
    [iter 405900] reheat + diversify: T=1078.3, value=67093.0
    [iter 411653] reheat + diversify: T=1078.3, value=71774.0
    [iter 417406] reheat + diversify: T=1078.3, value=53452.0
    [iter 423159] reheat + diversify: T=1078.3, value=69050.0
    [iter 428912] reheat + diversify: T=1078.3, value=80804.0
    [iter 434665] reheat + diversify: T=1078.3, value=56510.0
    [iter 440418] reheat + diversify: T=1078.3, value=86392.0
    [iter 446171] reheat + diversify: T=1078.3, value=85039.0
    [iter 451924] reheat + diversify: T=1078.3, value=63997.0
    [iter 457677] reheat + diversify: T=1078.3, value=90706.0
    [iter 463430] reheat + diversify: T=1078.3, value=93212.0
    [iter 469183] reheat + diversify: T=1078.3, value=76183.0
    [iter 474936] reheat + diversify: T=1078.3, value=71532.0
    [iter 480689] reheat + diversify: T=1078.3, value=84397.0
    [iter 486442] reheat + diversify: T=1078.3, value=89134.0
    [iter 492195] reheat + diversify: T=1078.3, value=77611.0
    [iter 497948] reheat + diversify: T=1078.3, value=70157.0
    [iter 503701] reheat + diversify: T=1078.3, value=89169.0
    [iter 509454] reheat + diversify: T=1078.3, value=57167.0
    [iter 515207] reheat + diversify: T=1078.3, value=56560.0
    [iter 520960] reheat + diversify: T=1078.3, value=67891.0
    [iter 526713] reheat + diversify: T=1078.3, value=81456.0
    [iter 532466] reheat + diversify: T=1078.3, value=70690.0
    [iter 538219] reheat + diversify: T=1078.3, value=55823.0
    [iter 543972] reheat + diversify: T=1078.3, value=89189.0
    [iter 549725] reheat + diversify: T=1078.3, value=85503.0
    [iter 555478] reheat + diversify: T=1078.3, value=80844.0
    [iter 561231] reheat + diversify: T=1078.3, value=43942.0
    [iter 566984] reheat + diversify: T=1078.3, value=58888.0
    [iter 572737] reheat + diversify: T=1078.3, value=40184.0
    [iter 578490] reheat + diversify: T=1078.3, value=73009.0
    [iter 584243] reheat + diversify: T=1078.3, value=82562.0
    [iter 589996] reheat + diversify: T=1078.3, value=78061.0
    [iter 595749] reheat + diversify: T=1078.3, value=67645.0
    [iter 601502] reheat + diversify: T=1078.3, value=76488.0
    [iter 607255] reheat + diversify: T=1078.3, value=66329.0
    [iter 613008] reheat + diversify: T=1078.3, value=86471.0
    [iter 618761] reheat + diversify: T=1078.3, value=68380.0
    [iter 624514] reheat + diversify: T=1078.3, value=78587.0
    [iter 630267] reheat + diversify: T=1078.3, value=30561.0
    [iter 636020] reheat + diversify: T=1078.3, value=72274.0
    [iter 641773] reheat + diversify: T=1078.3, value=59508.0
    [iter 647526] reheat + diversify: T=1078.3, value=56562.0
    [iter 653279] reheat + diversify: T=1078.3, value=60683.0
    [iter 659032] reheat + diversify: T=1078.3, value=61345.0
    [iter 664785] reheat + diversify: T=1078.3, value=97436.0
    [iter 670538] reheat + diversify: T=1078.3, value=54811.0
    [iter 676291] reheat + diversify: T=1078.3, value=76908.0
    [iter 682044] reheat + diversify: T=1078.3, value=79270.0
    [iter 687797] reheat + diversify: T=1078.3, value=75699.0
    [iter 693550] reheat + diversify: T=1078.3, value=93643.0
    [iter 699303] reheat + diversify: T=1078.3, value=67504.0
    [iter 705056] reheat + diversify: T=1078.3, value=52023.0
    [iter 710809] reheat + diversify: T=1078.3, value=99204.0
    [iter 716562] reheat + diversify: T=1078.3, value=72297.0
    [iter 722315] reheat + diversify: T=1078.3, value=63358.0
    [iter 728068] reheat + diversify: T=1078.3, value=73149.0
    [iter 733821] reheat + diversify: T=1078.3, value=48151.0
    [iter 739574] reheat + diversify: T=1078.3, value=68137.0
    [iter 745327] reheat + diversify: T=1078.3, value=86567.0
    [iter 751080] reheat + diversify: T=1078.3, value=60579.0
    [iter 756833] reheat + diversify: T=1078.3, value=59622.0
    [iter 762586] reheat + diversify: T=1078.3, value=44756.0
    [iter 768339] reheat + diversify: T=1078.3, value=76474.0
    [iter 774092] reheat + diversify: T=1078.3, value=59333.0
    [iter 779845] reheat + diversify: T=1078.3, value=77096.0
    [iter 785598] reheat + diversify: T=1078.3, value=85763.0
    [iter 791351] reheat + diversify: T=1078.3, value=71627.0
    [iter 797104] reheat + diversify: T=1078.3, value=71635.0
    [iter 802857] reheat + diversify: T=1078.3, value=90979.0
    [iter 808610] reheat + diversify: T=1078.3, value=70396.0
    [iter 814363] reheat + diversify: T=1078.3, value=84872.0
    [iter 820116] reheat + diversify: T=1078.3, value=61048.0
    [iter 825869] reheat + diversify: T=1078.3, value=97084.0
    [iter 831622] reheat + diversify: T=1078.3, value=53784.0
    [iter 837375] reheat + diversify: T=1078.3, value=76462.0
    [iter 843128] reheat + diversify: T=1078.3, value=72323.0
    [iter 848881] reheat + diversify: T=1078.3, value=84199.0
    [iter 854634] reheat + diversify: T=1078.3, value=88212.0
    [iter 860387] reheat + diversify: T=1078.3, value=77925.0
    [iter 866140] reheat + diversify: T=1078.3, value=51708.0
    [iter 871893] reheat + diversify: T=1078.3, value=86618.0
    [iter 877646] reheat + diversify: T=1078.3, value=83115.0
    [iter 883399] reheat + diversify: T=1078.3, value=85689.0
    [iter 889152] reheat + diversify: T=1078.3, value=85153.0
    [iter 894905] reheat + diversify: T=1078.3, value=93940.0
    [iter 900658] reheat + diversify: T=1078.3, value=91318.0
    [iter 906411] reheat + diversify: T=1078.3, value=60130.0
    [iter 912164] reheat + diversify: T=1078.3, value=93989.0
    [iter 917917] reheat + diversify: T=1078.3, value=76272.0
    [iter 923670] reheat + diversify: T=1078.3, value=71450.0
    [iter 929423] reheat + diversify: T=1078.3, value=71967.0
    [iter 935176] reheat + diversify: T=1078.3, value=74876.0
    [iter 940929] reheat + diversify: T=1078.3, value=79305.0
    [iter 946682] reheat + diversify: T=1078.3, value=75778.0
    [iter 952435] reheat + diversify: T=1078.3, value=58658.0
    [iter 958188] reheat + diversify: T=1078.3, value=82443.0
    [iter 963941] reheat + diversify: T=1078.3, value=59518.0
    [iter 969694] reheat + diversify: T=1078.3, value=63309.0
    [iter 975447] reheat + diversify: T=1078.3, value=77676.0
    [iter 981200] reheat + diversify: T=1078.3, value=70147.0
    [iter 986953] reheat + diversify: T=1078.3, value=67713.0
    [iter 992706] reheat + diversify: T=1078.3, value=82031.0
    [iter 998459] reheat + diversify: T=1078.3, value=75931.0
    [iter 1004212] reheat + diversify: T=1078.3, value=87160.0
    [iter 1009965] reheat + diversify: T=1078.3, value=80575.0
    [iter 1015718] reheat + diversify: T=1078.3, value=80960.0
    [iter 1021471] reheat + diversify: T=1078.3, value=56959.0
    [iter 1027224] reheat + diversify: T=1078.3, value=84698.0
    [iter 1032977] reheat + diversify: T=1078.3, value=88422.0
    [iter 1038730] reheat + diversify: T=1078.3, value=87362.0
    [iter 1044483] reheat + diversify: T=1078.3, value=67348.0
    [iter 1050236] reheat + diversify: T=1078.3, value=88932.0
    [iter 1055989] reheat + diversify: T=1078.3, value=44768.0
    [iter 1061742] reheat + diversify: T=1078.3, value=79486.0
    [iter 1067495] reheat + diversify: T=1078.3, value=76279.0
    [iter 1073248] reheat + diversify: T=1078.3, value=86078.0
    [iter 1079001] reheat + diversify: T=1078.3, value=68837.0
    [iter 1084754] reheat + diversify: T=1078.3, value=57434.0
    [iter 1090507] reheat + diversify: T=1078.3, value=76412.0
    [iter 1096260] reheat + diversify: T=1078.3, value=70911.0
    [iter 1102013] reheat + diversify: T=1078.3, value=75697.0
    [iter 1107766] reheat + diversify: T=1078.3, value=71450.0
    [iter 1113519] reheat + diversify: T=1078.3, value=94429.0
    [iter 1119272] reheat + diversify: T=1078.3, value=95279.0
    [iter 1125025] reheat + diversify: T=1078.3, value=75772.0
    [iter 1130778] reheat + diversify: T=1078.3, value=69181.0
    [iter 1136531] reheat + diversify: T=1078.3, value=97638.0
    [iter 1142284] reheat + diversify: T=1078.3, value=94670.0
    [iter 1148037] reheat + diversify: T=1078.3, value=60187.0
    [iter 1153790] reheat + diversify: T=1078.3, value=68303.0
    [iter 1159543] reheat + diversify: T=1078.3, value=69621.0
    [iter 1165296] reheat + diversify: T=1078.3, value=99686.0
    [iter 1171049] reheat + diversify: T=1078.3, value=71844.0
    [iter 1176802] reheat + diversify: T=1078.3, value=85189.0
    [iter 1182555] reheat + diversify: T=1078.3, value=83321.0
    [iter 1188308] reheat + diversify: T=1078.3, value=60606.0
    [iter 1194061] reheat + diversify: T=1078.3, value=71546.0
    [iter 1199814] reheat + diversify: T=1078.3, value=90705.0
    [iter 1205567] reheat + diversify: T=1078.3, value=87021.0
    [iter 1211320] reheat + diversify: T=1078.3, value=54397.0
    [iter 1217073] reheat + diversify: T=1078.3, value=59438.0
    [iter 1222826] reheat + diversify: T=1078.3, value=76213.0
    [iter 1228579] reheat + diversify: T=1078.3, value=93858.0
    [iter 1234332] reheat + diversify: T=1078.3, value=66190.0
    [iter 1240085] reheat + diversify: T=1078.3, value=76530.0
    [iter 1245838] reheat + diversify: T=1078.3, value=43737.0
    [iter 1251591] reheat + diversify: T=1078.3, value=64650.0
    [iter 1257344] reheat + diversify: T=1078.3, value=60673.0
    [iter 1263097] reheat + diversify: T=1078.3, value=92320.0
    [iter 1268850] reheat + diversify: T=1078.3, value=69643.0
    [iter 1274603] reheat + diversify: T=1078.3, value=74674.0
    [iter 1280356] reheat + diversify: T=1078.3, value=97358.0
    [iter 1286109] reheat + diversify: T=1078.3, value=70299.0
    [iter 1291862] reheat + diversify: T=1078.3, value=99204.0
    [iter 1297615] reheat + diversify: T=1078.3, value=62610.0
    [iter 1303368] reheat + diversify: T=1078.3, value=69256.0
    [iter 1309121] reheat + diversify: T=1078.3, value=66751.0
    [iter 1314874] reheat + diversify: T=1078.3, value=82258.0
    [iter 1320627] reheat + diversify: T=1078.3, value=56503.0
    [iter 1326380] reheat + diversify: T=1078.3, value=88031.0
    [iter 1332133] reheat + diversify: T=1078.3, value=78198.0
    [iter 1337886] reheat + diversify: T=1078.3, value=73558.0
    [iter 1343639] reheat + diversify: T=1078.3, value=95752.0
    [iter 1349392] reheat + diversify: T=1078.3, value=76330.0
    [iter 1355145] reheat + diversify: T=1078.3, value=48079.0
    [iter 1360898] reheat + diversify: T=1078.3, value=45645.0
    [iter 1366651] reheat + diversify: T=1078.3, value=81377.0
    [iter 1372404] reheat + diversify: T=1078.3, value=87790.0
    [iter 1378157] reheat + diversify: T=1078.3, value=82864.0
    [iter 1383910] reheat + diversify: T=1078.3, value=95211.0
    [iter 1389663] reheat + diversify: T=1078.3, value=91225.0
    [iter 1395416] reheat + diversify: T=1078.3, value=91114.0
    [iter 1401169] reheat + diversify: T=1078.3, value=66780.0
    [iter 1406922] reheat + diversify: T=1078.3, value=52356.0
    [iter 1412675] reheat + diversify: T=1078.3, value=98711.0
    [iter 1418428] reheat + diversify: T=1078.3, value=91674.0
    [iter 1424181] reheat + diversify: T=1078.3, value=49243.0
    [iter 1429934] reheat + diversify: T=1078.3, value=81882.0
    [iter 1435687] reheat + diversify: T=1078.3, value=40881.0
    [iter 1441440] reheat + diversify: T=1078.3, value=90744.0
    [iter 1447193] reheat + diversify: T=1078.3, value=64944.0
    [iter 1452946] reheat + diversify: T=1078.3, value=63648.0
    [iter 1458699] reheat + diversify: T=1078.3, value=59677.0
    [iter 1464452] reheat + diversify: T=1078.3, value=64745.0
    [iter 1470205] reheat + diversify: T=1078.3, value=91939.0
    [iter 1475958] reheat + diversify: T=1078.3, value=91031.0
    [iter 1481711] reheat + diversify: T=1078.3, value=71127.0
    [iter 1487464] reheat + diversify: T=1078.3, value=85858.0
    [iter 1493217] reheat + diversify: T=1078.3, value=80967.0
    [iter 1498970] reheat + diversify: T=1078.3, value=97455.0
    [iter 1504723] reheat + diversify: T=1078.3, value=75872.0
    [iter 1510476] reheat + diversify: T=1078.3, value=87097.0
    [iter 1516229] reheat + diversify: T=1078.3, value=83626.0
    [iter 1521982] reheat + diversify: T=1078.3, value=83640.0
    [iter 1527735] reheat + diversify: T=1078.3, value=73820.0
    [iter 1533488] reheat + diversify: T=1078.3, value=107494.0
    [iter 1539241] reheat + diversify: T=1078.3, value=93170.0
    [iter 1544994] reheat + diversify: T=1078.3, value=48568.0
    [iter 1550747] reheat + diversify: T=1078.3, value=68449.0
    [iter 1556500] reheat + diversify: T=1078.3, value=78055.0
    [iter 1562253] reheat + diversify: T=1078.3, value=63215.0
    [iter 1568006] reheat + diversify: T=1078.3, value=70188.0
    [iter 1573759] reheat + diversify: T=1078.3, value=73150.0
    [iter 1579512] reheat + diversify: T=1078.3, value=60060.0
    [iter 1585265] reheat + diversify: T=1078.3, value=74173.0
    [iter 1591018] reheat + diversify: T=1078.3, value=67037.0
    [iter 1596771] reheat + diversify: T=1078.3, value=76481.0
    [iter 1602524] reheat + diversify: T=1078.3, value=80004.0
    [iter 1608277] reheat + diversify: T=1078.3, value=68678.0
    [iter 1614030] reheat + diversify: T=1078.3, value=64437.0
    [iter 1619783] reheat + diversify: T=1078.3, value=65261.0
    [iter 1625536] reheat + diversify: T=1078.3, value=48611.0
    [iter 1631289] reheat + diversify: T=1078.3, value=80804.0
    [iter 1637042] reheat + diversify: T=1078.3, value=71639.0
    [iter 1642795] reheat + diversify: T=1078.3, value=86262.0
    [iter 1648548] reheat + diversify: T=1078.3, value=89197.0
    [iter 1654301] reheat + diversify: T=1078.3, value=79005.0
    [iter 1660054] reheat + diversify: T=1078.3, value=94802.0
    [iter 1665807] reheat + diversify: T=1078.3, value=84072.0
    [iter 1671560] reheat + diversify: T=1078.3, value=86034.0
    [iter 1677313] reheat + diversify: T=1078.3, value=68306.0
    [iter 1683066] reheat + diversify: T=1078.3, value=69529.0
    [iter 1688819] reheat + diversify: T=1078.3, value=91053.0
    [iter 1694572] reheat + diversify: T=1078.3, value=52584.0
    [iter 1700325] reheat + diversify: T=1078.3, value=84376.0
    [iter 1706078] reheat + diversify: T=1078.3, value=73687.0
    [iter 1711831] reheat + diversify: T=1078.3, value=78000.0
    [iter 1717584] reheat + diversify: T=1078.3, value=68864.0
    [iter 1723337] reheat + diversify: T=1078.3, value=67616.0
    [iter 1729090] reheat + diversify: T=1078.3, value=59362.0
    [iter 1734843] reheat + diversify: T=1078.3, value=105606.0
    [iter 1740596] reheat + diversify: T=1078.3, value=56494.0
    [iter 1746349] reheat + diversify: T=1078.3, value=84905.0
    [iter 1752102] reheat + diversify: T=1078.3, value=93637.0
    [iter 1757855] reheat + diversify: T=1078.3, value=92554.0
    [iter 1763608] reheat + diversify: T=1078.3, value=76194.0
    [iter 1769361] reheat + diversify: T=1078.3, value=73543.0
    [iter 1775114] reheat + diversify: T=1078.3, value=85773.0
    [iter 1780867] reheat + diversify: T=1078.3, value=81469.0
    [iter 1786620] reheat + diversify: T=1078.3, value=91160.0
    [iter 1792373] reheat + diversify: T=1078.3, value=99444.0
    [iter 1798126] reheat + diversify: T=1078.3, value=91949.0
    [iter 1803879] reheat + diversify: T=1078.3, value=77935.0
    [iter 1809632] reheat + diversify: T=1078.3, value=83602.0
    [iter 1815385] reheat + diversify: T=1078.3, value=97436.0
    [iter 1821138] reheat + diversify: T=1078.3, value=96547.0
    [iter 1826891] reheat + diversify: T=1078.3, value=106336.0
    [iter 1832644] reheat + diversify: T=1078.3, value=84664.0
    [iter 1838397] reheat + diversify: T=1078.3, value=89134.0
    [iter 1844150] reheat + diversify: T=1078.3, value=94211.0
    [iter 1849903] reheat + diversify: T=1078.3, value=76981.0
    [iter 1855656] reheat + diversify: T=1078.3, value=88609.0
    [iter 1861409] reheat + diversify: T=1078.3, value=92388.0
    [iter 1867162] reheat + diversify: T=1078.3, value=87229.0
    [iter 1872915] reheat + diversify: T=1078.3, value=63690.0
    [iter 1878668] reheat + diversify: T=1078.3, value=60517.0
    [iter 1884421] reheat + diversify: T=1078.3, value=72524.0
    [iter 1890174] reheat + diversify: T=1078.3, value=74971.0
    [iter 1895927] reheat + diversify: T=1078.3, value=80421.0
    [iter 1901680] reheat + diversify: T=1078.3, value=99504.0
    [iter 1907433] reheat + diversify: T=1078.3, value=57058.0
    [iter 1913186] reheat + diversify: T=1078.3, value=65363.0
    [iter 1918939] reheat + diversify: T=1078.3, value=47435.0
    [iter 1924692] reheat + diversify: T=1078.3, value=71120.0
    [iter 1930445] reheat + diversify: T=1078.3, value=61149.0
    [iter 1936198] reheat + diversify: T=1078.3, value=68449.0
    [iter 1941951] reheat + diversify: T=1078.3, value=86477.0
    [iter 1947704] reheat + diversify: T=1078.3, value=102767.0
    [iter 1953457] reheat + diversify: T=1078.3, value=87355.0
    [iter 1959210] reheat + diversify: T=1078.3, value=89347.0
    [iter 1964963] reheat + diversify: T=1078.3, value=68941.0
    [iter 1970716] reheat + diversify: T=1078.3, value=76272.0
    [iter 1976469] reheat + diversify: T=1078.3, value=58832.0
    [iter 1982222] reheat + diversify: T=1078.3, value=89833.0
    [iter 1987975] reheat + diversify: T=1078.3, value=73595.0
    [iter 1993728] reheat + diversify: T=1078.3, value=73372.0
    [iter 1999481] reheat + diversify: T=1078.3, value=97356.0
    [iter 2005234] reheat + diversify: T=1078.3, value=85077.0
    [iter 2010987] reheat + diversify: T=1078.3, value=83811.0
    [iter 2016740] reheat + diversify: T=1078.3, value=72387.0
    [iter 2022493] reheat + diversify: T=1078.3, value=73144.0
    [iter 2028246] reheat + diversify: T=1078.3, value=95961.0
    [iter 2033999] reheat + diversify: T=1078.3, value=51311.0
    [iter 2039752] reheat + diversify: T=1078.3, value=44993.0
    [iter 2045505] reheat + diversify: T=1078.3, value=68709.0
    [iter 2051258] reheat + diversify: T=1078.3, value=56118.0
    [iter 2057011] reheat + diversify: T=1078.3, value=89813.0
    [iter 2062764] reheat + diversify: T=1078.3, value=91629.0
    [iter 2068517] reheat + diversify: T=1078.3, value=74346.0
    [iter 2074270] reheat + diversify: T=1078.3, value=88757.0
    [iter 2080023] reheat + diversify: T=1078.3, value=83048.0
    [iter 2085776] reheat + diversify: T=1078.3, value=74843.0
    [iter 2091529] reheat + diversify: T=1078.3, value=71745.0
    [iter 2097282] reheat + diversify: T=1078.3, value=42062.0
    [iter 2103035] reheat + diversify: T=1078.3, value=80196.0
    [iter 2108788] reheat + diversify: T=1078.3, value=72241.0
    [iter 2114541] reheat + diversify: T=1078.3, value=62690.0
    [iter 2120294] reheat + diversify: T=1078.3, value=91841.0
    [iter 2126047] reheat + diversify: T=1078.3, value=67069.0
    [iter 2131800] reheat + diversify: T=1078.3, value=84788.0
    [iter 2137553] reheat + diversify: T=1078.3, value=70226.0
    [iter 2143306] reheat + diversify: T=1078.3, value=86614.0
    [iter 2149059] reheat + diversify: T=1078.3, value=83036.0
    [iter 2154812] reheat + diversify: T=1078.3, value=91584.0
    [iter 2160565] reheat + diversify: T=1078.3, value=65540.0
    [iter 2166318] reheat + diversify: T=1078.3, value=64217.0
    [iter 2172071] reheat + diversify: T=1078.3, value=71537.0
    [iter 2177824] reheat + diversify: T=1078.3, value=98237.0
    [iter 2183577] reheat + diversify: T=1078.3, value=92877.0
    [iter 2189330] reheat + diversify: T=1078.3, value=87343.0
    [iter 2195083] reheat + diversify: T=1078.3, value=70250.0
    [iter 2200836] reheat + diversify: T=1078.3, value=104051.0
    [iter 2206589] reheat + diversify: T=1078.3, value=76397.0
    [iter 2212342] reheat + diversify: T=1078.3, value=80012.0
    [iter 2218095] reheat + diversify: T=1078.3, value=84361.0
    [iter 2223848] reheat + diversify: T=1078.3, value=91012.0
    [iter 2229601] reheat + diversify: T=1078.3, value=98647.0
    [iter 2235354] reheat + diversify: T=1078.3, value=86223.0
    [iter 2241107] reheat + diversify: T=1078.3, value=74307.0
    [iter 2246860] reheat + diversify: T=1078.3, value=60669.0
    [iter 2252613] reheat + diversify: T=1078.3, value=44769.0
    [iter 2258366] reheat + diversify: T=1078.3, value=81987.0
    [iter 2264119] reheat + diversify: T=1078.3, value=92877.0
    [iter 2269872] reheat + diversify: T=1078.3, value=99504.0
    [iter 2275625] reheat + diversify: T=1078.3, value=75580.0
    [iter 2281378] reheat + diversify: T=1078.3, value=93712.0
    [iter 2287131] reheat + diversify: T=1078.3, value=78760.0
    [iter 2292884] reheat + diversify: T=1078.3, value=83114.0
    [iter 2298637] reheat + diversify: T=1078.3, value=90094.0
    [iter 2304390] reheat + diversify: T=1078.3, value=81946.0
    [iter 2310143] reheat + diversify: T=1078.3, value=82691.0
    [iter 2315896] reheat + diversify: T=1078.3, value=63320.0
    [iter 2321649] reheat + diversify: T=1078.3, value=73978.0
    [iter 2327402] reheat + diversify: T=1078.3, value=81537.0
    [iter 2333155] reheat + diversify: T=1078.3, value=52809.0
    [iter 2338908] reheat + diversify: T=1078.3, value=84774.0
    [iter 2344661] reheat + diversify: T=1078.3, value=51708.0
    [iter 2350414] reheat + diversify: T=1078.3, value=73482.0
    [iter 2356167] reheat + diversify: T=1078.3, value=70977.0
    [iter 2361920] reheat + diversify: T=1078.3, value=78171.0
    [iter 2367673] reheat + diversify: T=1078.3, value=54864.0
    [iter 2373426] reheat + diversify: T=1078.3, value=92381.0
    [iter 2379179] reheat + diversify: T=1078.3, value=84368.0
    [iter 2384932] reheat + diversify: T=1078.3, value=76279.0
    [iter 2390685] reheat + diversify: T=1078.3, value=84299.0
    [iter 2396438] reheat + diversify: T=1078.3, value=96673.0
    [iter 2402191] reheat + diversify: T=1078.3, value=75445.0
    [iter 2407944] reheat + diversify: T=1078.3, value=90013.0
    [iter 2413697] reheat + diversify: T=1078.3, value=72456.0
    [iter 2419450] reheat + diversify: T=1078.3, value=32884.0
    [iter 2425203] reheat + diversify: T=1078.3, value=78240.0
    [iter 2430956] reheat + diversify: T=1078.3, value=72169.0
    [iter 2436709] reheat + diversify: T=1078.3, value=82345.0
    [iter 2442462] reheat + diversify: T=1078.3, value=81045.0
    [iter 2448215] reheat + diversify: T=1078.3, value=82436.0
    [iter 2453968] reheat + diversify: T=1078.3, value=77359.0
    [iter 2459721] reheat + diversify: T=1078.3, value=48398.0
    [iter 2465474] reheat + diversify: T=1078.3, value=78437.0
    [iter 2471227] reheat + diversify: T=1078.3, value=86922.0
    [iter 2476980] reheat + diversify: T=1078.3, value=74103.0
    [iter 2482733] reheat + diversify: T=1078.3, value=59058.0
    [iter 2488486] reheat + diversify: T=1078.3, value=75730.0
    [iter 2494239] reheat + diversify: T=1078.3, value=49832.0
    [iter 2499992] reheat + diversify: T=1078.3, value=41227.0
    [iter 2505745] reheat + diversify: T=1078.3, value=72965.0
    [iter 2511498] reheat + diversify: T=1078.3, value=63717.0
    [iter 2517251] reheat + diversify: T=1078.3, value=73084.0
    [iter 2523004] reheat + diversify: T=1078.3, value=85465.0
    [iter 2528757] reheat + diversify: T=1078.3, value=72647.0
    [iter 2534510] reheat + diversify: T=1078.3, value=101272.0
    [iter 2540263] reheat + diversify: T=1078.3, value=80967.0
    [iter 2546016] reheat + diversify: T=1078.3, value=90665.0
    [iter 2551769] reheat + diversify: T=1078.3, value=94801.0
    [iter 2557522] reheat + diversify: T=1078.3, value=80406.0
    [iter 2563275] reheat + diversify: T=1078.3, value=84196.0
    [iter 2569028] reheat + diversify: T=1078.3, value=97925.0
    [iter 2574781] reheat + diversify: T=1078.3, value=74388.0
    [iter 2580534] reheat + diversify: T=1078.3, value=56507.0
    [iter 2586287] reheat + diversify: T=1078.3, value=70295.0
    [iter 2592040] reheat + diversify: T=1078.3, value=79897.0
    [iter 2597793] reheat + diversify: T=1078.3, value=69172.0
    [iter 2603546] reheat + diversify: T=1078.3, value=91019.0
    [iter 2609299] reheat + diversify: T=1078.3, value=66514.0
    [iter 2615052] reheat + diversify: T=1078.3, value=107834.0
    [iter 2620805] reheat + diversify: T=1078.3, value=81916.0
    [iter 2626558] reheat + diversify: T=1078.3, value=81946.0
    [iter 2632311] reheat + diversify: T=1078.3, value=83811.0
    [iter 2638064] reheat + diversify: T=1078.3, value=65648.0
    [iter 2643817] reheat + diversify: T=1078.3, value=77424.0
    [iter 2649570] reheat + diversify: T=1078.3, value=63904.0
    [iter 2655323] reheat + diversify: T=1078.3, value=88602.0
    [iter 2661076] reheat + diversify: T=1078.3, value=79280.0
    [iter 2666829] reheat + diversify: T=1078.3, value=104846.0
    [iter 2672582] reheat + diversify: T=1078.3, value=61083.0
    [iter 2678335] reheat + diversify: T=1078.3, value=104051.0
    [iter 2684088] reheat + diversify: T=1078.3, value=74139.0
    [iter 2689841] reheat + diversify: T=1078.3, value=93659.0
    [iter 2695594] reheat + diversify: T=1078.3, value=90509.0
    [iter 2701347] reheat + diversify: T=1078.3, value=80434.0
    [iter 2707100] reheat + diversify: T=1078.3, value=89833.0
    [iter 2712853] reheat + diversify: T=1078.3, value=84195.0
    [iter 2718606] reheat + diversify: T=1078.3, value=81798.0
    [iter 2724359] reheat + diversify: T=1078.3, value=98237.0
    [iter 2730112] reheat + diversify: T=1078.3, value=80655.0
    [iter 2735865] reheat + diversify: T=1078.3, value=48650.0
    [iter 2741618] reheat + diversify: T=1078.3, value=78548.0
    [iter 2747371] reheat + diversify: T=1078.3, value=83421.0
    [iter 2753124] reheat + diversify: T=1078.3, value=94692.0
    [iter 2758877] reheat + diversify: T=1078.3, value=69416.0
    [iter 2764630] reheat + diversify: T=1078.3, value=90224.0
    [iter 2770383] reheat + diversify: T=1078.3, value=84387.0
    [iter 2776136] reheat + diversify: T=1078.3, value=88701.0
    [iter 2781889] reheat + diversify: T=1078.3, value=77517.0
    [iter 2787642] reheat + diversify: T=1078.3, value=70046.0
    [iter 2793395] reheat + diversify: T=1078.3, value=82880.0
    [iter 2799148] reheat + diversify: T=1078.3, value=76891.0
    [iter 2804901] reheat + diversify: T=1078.3, value=54592.0
    [iter 2810654] reheat + diversify: T=1078.3, value=53758.0
    [iter 2816407] reheat + diversify: T=1078.3, value=54039.0
    [iter 2822160] reheat + diversify: T=1078.3, value=70165.0
    [iter 2827913] reheat + diversify: T=1078.3, value=87212.0
    [iter 2833666] reheat + diversify: T=1078.3, value=99504.0
    [iter 2839419] reheat + diversify: T=1078.3, value=93837.0
    [iter 2845172] reheat + diversify: T=1078.3, value=82281.0
    [iter 2850925] reheat + diversify: T=1078.3, value=68546.0
    [iter 2856678] reheat + diversify: T=1078.3, value=68409.0
    [iter 2862431] reheat + diversify: T=1078.3, value=76978.0
    [iter 2868184] reheat + diversify: T=1078.3, value=82942.0
    [iter 2873937] reheat + diversify: T=1078.3, value=76891.0
    [iter 2879690] reheat + diversify: T=1078.3, value=48410.0
    [iter 2885443] reheat + diversify: T=1078.3, value=60094.0
    [iter 2891196] reheat + diversify: T=1078.3, value=83605.0
    [iter 2896949] reheat + diversify: T=1078.3, value=84033.0
    [iter 2902702] reheat + diversify: T=1078.3, value=60592.0
    [iter 2908455] reheat + diversify: T=1078.3, value=42925.0
    [iter 2914208] reheat + diversify: T=1078.3, value=73558.0
    [iter 2919961] reheat + diversify: T=1078.3, value=69733.0
    [iter 2925714] reheat + diversify: T=1078.3, value=67851.0
    [iter 2931467] reheat + diversify: T=1078.3, value=85779.0
    [iter 2937220] reheat + diversify: T=1078.3, value=84079.0
    [iter 2942973] reheat + diversify: T=1078.3, value=79655.0
    [iter 2948726] reheat + diversify: T=1078.3, value=80425.0
    [iter 2954479] reheat + diversify: T=1078.3, value=52023.0
    [iter 2960232] reheat + diversify: T=1078.3, value=76218.0
    [iter 2965985] reheat + diversify: T=1078.3, value=77496.0
    [iter 2971738] reheat + diversify: T=1078.3, value=92804.0
    [iter 2977491] reheat + diversify: T=1078.3, value=57749.0
    [iter 2983244] reheat + diversify: T=1078.3, value=78471.0
    [iter 2988997] reheat + diversify: T=1078.3, value=65049.0
    [iter 2994750] reheat + diversify: T=1078.3, value=94978.0
    [iter 3000503] reheat + diversify: T=1078.3, value=58970.0
    [iter 3006256] reheat + diversify: T=1078.3, value=97349.0
    [iter 3012009] reheat + diversify: T=1078.3, value=63945.0
    [iter 3017762] reheat + diversify: T=1078.3, value=59378.0
    [iter 3023515] reheat + diversify: T=1078.3, value=75638.0
    [iter 3029268] reheat + diversify: T=1078.3, value=41227.0
    [iter 3035021] reheat + diversify: T=1078.3, value=73536.0
    [iter 3040774] reheat + diversify: T=1078.3, value=77061.0
    [iter 3046527] reheat + diversify: T=1078.3, value=56938.0
    [iter 3052280] reheat + diversify: T=1078.3, value=77272.0
    [iter 3058033] reheat + diversify: T=1078.3, value=102510.0
    [iter 3063786] reheat + diversify: T=1078.3, value=66000.0
    [iter 3069539] reheat + diversify: T=1078.3, value=104846.0
    [iter 3075292] reheat + diversify: T=1078.3, value=69740.0
    [iter 3081045] reheat + diversify: T=1078.3, value=65911.0
    [iter 3084928] *** NEW BEST: value 111334.0, boxes 9/20, T=22.2, elapsed=293.8s
    [iter 3090681] reheat + diversify: T=1078.3, value=80436.0
    [iter 3096434] reheat + diversify: T=1078.3, value=102909.0
    [iter 3102187] reheat + diversify: T=1078.3, value=88157.0
    [iter 3107940] reheat + diversify: T=1078.3, value=67216.0
    [iter 3113693] reheat + diversify: T=1078.3, value=54663.0
    [iter 3119446] reheat + diversify: T=1078.3, value=92022.0
    [iter 3125199] reheat + diversify: T=1078.3, value=63462.0
    [iter 3130952] reheat + diversify: T=1078.3, value=62697.0
    [iter 3136705] reheat + diversify: T=1078.3, value=89134.0
    [iter 3142458] reheat + diversify: T=1078.3, value=74089.0
    [iter 3148211] reheat + diversify: T=1078.3, value=76240.0
  time limit reached at iteration 3148974
  SA finished: 3148974 iterations in 300.0s (10497 it/s), accepted 1111758 (35.3%), rejected 2037215, no-move draws 0, reheats 546
  SA: value 111334.0 (greedy 86267.0, +25067.0), bound 144346.3, gap 22.87%, util 79.0%
  report -> /home/mcaspar/3DMHKP/results_3DMHKP_ep3/ep3-20-U-R-50-3DMHKP-SA-a0.999-r0.25-t300s.txt

================================================================================================
SUMMARY
================================================================================================
instance      boxes  packed       greedy     SA value        bound      gap    util    iters    time
------------------------------------------------------------------------------------------------
ep3-20-U-R-50     20       9      86267.0     111334.0     144346.3   22.9%   79.0%  3148974  300.0s
------------------------------------------------------------------------------------------------
proven optimal (value reaches the upper bound): 0/1
improved over greedy: 1/1 (total value 86267.0 -> 111334.0, +29.06%)
mean gap to continuous-knapsack bound: 22.9%
mean volume utilization: 79.0%
