============================================================
  Solver:     3DMHKP-SA.py
  Instance:   /home/mcaspar/3DMHKP/Egeblad/ep3-20-D-C-50.txt
  Value mode: flat
  Timelimit:  300s
  Reports:    /home/mcaspar/3DMHKP/results_3DMHKP_ep3
  CPUs:       1
============================================================
======================================================================
3DMHKP Simulated Annealing (random single-neighbour, sequence decoder)
SA params: T0=5% of f(S_0), alpha=0.999, T_min=0.001, reheat_threshold=5753, reheat_fraction=0.25
Move weights: {'relocate': 0.0, 'swap': 1.0, '2opt': 0.0, 'promote': 1.5, 'demote': 1.5, 'orient': 1.0, 'container': 0.5}
Time limit: 300.0s per instance, seed 1158315054
======================================================================

======================================================================
ep3-20-D-C-50: 20 boxes (5 types), 1 containers (1 types)
  continuous-knapsack bound: 22478.6
  initial (value-density) decode: value 9736.0 (10/20 boxes)
  T0 = 486.8 (5% of the initial objective)
    [iter 5] *** NEW BEST: value 13192.0, boxes 11/20, T=484.9, elapsed=0.0s
    [iter 5758] reheat + diversify: T=121.7, value=9160.0
    [iter 11511] reheat + diversify: T=121.7, value=11686.0
    [iter 17264] reheat + diversify: T=121.7, value=11110.0
    [iter 23017] reheat + diversify: T=121.7, value=13192.0
    [iter 28770] reheat + diversify: T=121.7, value=13192.0
    [iter 34523] reheat + diversify: T=121.7, value=13192.0
    [iter 40276] reheat + diversify: T=121.7, value=13192.0
    [iter 46029] reheat + diversify: T=121.7, value=13192.0
    [iter 51782] reheat + diversify: T=121.7, value=12616.0
    [iter 57535] reheat + diversify: T=121.7, value=8230.0
    [iter 63288] reheat + diversify: T=121.7, value=12616.0
    [iter 69041] reheat + diversify: T=121.7, value=10180.0
    [iter 74794] reheat + diversify: T=121.7, value=11686.0
    [iter 80547] reheat + diversify: T=121.7, value=12616.0
    [iter 86300] reheat + diversify: T=121.7, value=13192.0
    [iter 92053] reheat + diversify: T=121.7, value=8230.0
    [iter 97806] reheat + diversify: T=121.7, value=12616.0
    [iter 103559] reheat + diversify: T=121.7, value=11686.0
    [iter 109312] reheat + diversify: T=121.7, value=13192.0
    [iter 115065] reheat + diversify: T=121.7, value=13192.0
    [iter 120818] reheat + diversify: T=121.7, value=11686.0
    [iter 126571] reheat + diversify: T=121.7, value=12616.0
    [iter 132324] reheat + diversify: T=121.7, value=8230.0
    [iter 138077] reheat + diversify: T=121.7, value=9160.0
    [iter 143830] reheat + diversify: T=121.7, value=13192.0
    [iter 149583] reheat + diversify: T=121.7, value=13192.0
    [iter 155336] reheat + diversify: T=121.7, value=7654.0
    [iter 161089] reheat + diversify: T=121.7, value=8230.0
    [iter 166842] reheat + diversify: T=121.7, value=7654.0
    [iter 172595] reheat + diversify: T=121.7, value=13192.0
    [iter 178348] reheat + diversify: T=121.7, value=11110.0
    [iter 184101] reheat + diversify: T=121.7, value=8230.0
    [iter 189854] reheat + diversify: T=121.7, value=12616.0
    [iter 195607] reheat + diversify: T=121.7, value=9160.0
    [iter 201360] reheat + diversify: T=121.7, value=8230.0
    [iter 207113] reheat + diversify: T=121.7, value=12616.0
    [iter 212866] reheat + diversify: T=121.7, value=12616.0
    [iter 218619] reheat + diversify: T=121.7, value=8230.0
    [iter 224372] reheat + diversify: T=121.7, value=8230.0
    [iter 230125] reheat + diversify: T=121.7, value=11686.0
    [iter 235878] reheat + diversify: T=121.7, value=8230.0
    [iter 241631] reheat + diversify: T=121.7, value=10180.0
    [iter 247384] reheat + diversify: T=121.7, value=11110.0
    [iter 253137] reheat + diversify: T=121.7, value=13192.0
    [iter 258890] reheat + diversify: T=121.7, value=12616.0
    [iter 264643] reheat + diversify: T=121.7, value=11686.0
    [iter 270396] reheat + diversify: T=121.7, value=13192.0
    [iter 276149] reheat + diversify: T=121.7, value=11686.0
    [iter 281902] reheat + diversify: T=121.7, value=12616.0
    [iter 287655] reheat + diversify: T=121.7, value=10180.0
    [iter 293408] reheat + diversify: T=121.7, value=11110.0
    [iter 299161] reheat + diversify: T=121.7, value=13192.0
    [iter 304914] reheat + diversify: T=121.7, value=12616.0
    [iter 310667] reheat + diversify: T=121.7, value=8230.0
    [iter 316420] reheat + diversify: T=121.7, value=8230.0
    [iter 322173] reheat + diversify: T=121.7, value=13192.0
    [iter 327926] reheat + diversify: T=121.7, value=13192.0
    [iter 333679] reheat + diversify: T=121.7, value=9736.0
    [iter 339432] reheat + diversify: T=121.7, value=13192.0
    [iter 345185] reheat + diversify: T=121.7, value=11110.0
    [iter 350938] reheat + diversify: T=121.7, value=8230.0
    [iter 356691] reheat + diversify: T=121.7, value=13192.0
    [iter 362444] reheat + diversify: T=121.7, value=13192.0
    [iter 368197] reheat + diversify: T=121.7, value=11110.0
    [iter 373950] reheat + diversify: T=121.7, value=13192.0
    [iter 379703] reheat + diversify: T=121.7, value=8230.0
    [iter 385456] reheat + diversify: T=121.7, value=13192.0
    [iter 391209] reheat + diversify: T=121.7, value=10180.0
    [iter 396962] reheat + diversify: T=121.7, value=13192.0
    [iter 402715] reheat + diversify: T=121.7, value=13192.0
    [iter 408468] reheat + diversify: T=121.7, value=9160.0
    [iter 414221] reheat + diversify: T=121.7, value=9160.0
    [iter 419974] reheat + diversify: T=121.7, value=8230.0
    [iter 425727] reheat + diversify: T=121.7, value=11110.0
    [iter 431480] reheat + diversify: T=121.7, value=12616.0
    [iter 437233] reheat + diversify: T=121.7, value=11686.0
    [iter 442986] reheat + diversify: T=121.7, value=13192.0
    [iter 448739] reheat + diversify: T=121.7, value=13192.0
    [iter 454492] reheat + diversify: T=121.7, value=13192.0
    [iter 460245] reheat + diversify: T=121.7, value=10534.0
    [iter 465998] reheat + diversify: T=121.7, value=8230.0
    [iter 471751] reheat + diversify: T=121.7, value=8230.0
    [iter 477504] reheat + diversify: T=121.7, value=9160.0
    [iter 483257] reheat + diversify: T=121.7, value=13192.0
    [iter 489010] reheat + diversify: T=121.7, value=12040.0
    [iter 494763] reheat + diversify: T=121.7, value=13192.0
    [iter 500516] reheat + diversify: T=121.7, value=13192.0
    [iter 506269] reheat + diversify: T=121.7, value=12616.0
    [iter 512022] reheat + diversify: T=121.7, value=13192.0
    [iter 517775] reheat + diversify: T=121.7, value=11686.0
    [iter 523528] reheat + diversify: T=121.7, value=13192.0
    [iter 529281] reheat + diversify: T=121.7, value=9160.0
    [iter 535034] reheat + diversify: T=121.7, value=8230.0
    [iter 540787] reheat + diversify: T=121.7, value=13192.0
    [iter 546540] reheat + diversify: T=121.7, value=13192.0
    [iter 552293] reheat + diversify: T=121.7, value=13192.0
    [iter 558046] reheat + diversify: T=121.7, value=11686.0
    [iter 563799] reheat + diversify: T=121.7, value=13192.0
    [iter 569552] reheat + diversify: T=121.7, value=13192.0
    [iter 575305] reheat + diversify: T=121.7, value=8230.0
    [iter 581058] reheat + diversify: T=121.7, value=13192.0
    [iter 586811] reheat + diversify: T=121.7, value=13192.0
    [iter 592564] reheat + diversify: T=121.7, value=11686.0
    [iter 598317] reheat + diversify: T=121.7, value=13192.0
    [iter 604070] reheat + diversify: T=121.7, value=13192.0
    [iter 609823] reheat + diversify: T=121.7, value=11686.0
    [iter 615576] reheat + diversify: T=121.7, value=11686.0
    [iter 621329] reheat + diversify: T=121.7, value=13192.0
    [iter 627082] reheat + diversify: T=121.7, value=13192.0
    [iter 632835] reheat + diversify: T=121.7, value=11110.0
    [iter 638588] reheat + diversify: T=121.7, value=9160.0
    [iter 644341] reheat + diversify: T=121.7, value=11110.0
    [iter 650094] reheat + diversify: T=121.7, value=13192.0
    [iter 655847] reheat + diversify: T=121.7, value=13192.0
    [iter 661600] reheat + diversify: T=121.7, value=8230.0
    [iter 667353] reheat + diversify: T=121.7, value=13192.0
    [iter 673106] reheat + diversify: T=121.7, value=11686.0
    [iter 678859] reheat + diversify: T=121.7, value=11686.0
    [iter 684612] reheat + diversify: T=121.7, value=11110.0
    [iter 690365] reheat + diversify: T=121.7, value=10180.0
    [iter 696118] reheat + diversify: T=121.7, value=8230.0
    [iter 701871] reheat + diversify: T=121.7, value=10180.0
    [iter 707624] reheat + diversify: T=121.7, value=13192.0
    [iter 713377] reheat + diversify: T=121.7, value=11110.0
    [iter 719130] reheat + diversify: T=121.7, value=12616.0
    [iter 724883] reheat + diversify: T=121.7, value=8230.0
    [iter 730636] reheat + diversify: T=121.7, value=9160.0
    [iter 736389] reheat + diversify: T=121.7, value=11686.0
    [iter 742142] reheat + diversify: T=121.7, value=9160.0
    [iter 747895] reheat + diversify: T=121.7, value=8230.0
    [iter 753648] reheat + diversify: T=121.7, value=13192.0
    [iter 759401] reheat + diversify: T=121.7, value=9736.0
    [iter 765154] reheat + diversify: T=121.7, value=13192.0
    [iter 770907] reheat + diversify: T=121.7, value=13192.0
    [iter 776660] reheat + diversify: T=121.7, value=12616.0
    [iter 782413] reheat + diversify: T=121.7, value=8230.0
    [iter 788166] reheat + diversify: T=121.7, value=12040.0
    [iter 793919] reheat + diversify: T=121.7, value=8230.0
    [iter 799672] reheat + diversify: T=121.7, value=13192.0
    [iter 805425] reheat + diversify: T=121.7, value=13192.0
    [iter 811178] reheat + diversify: T=121.7, value=11110.0
    [iter 816931] reheat + diversify: T=121.7, value=13192.0
    [iter 822684] reheat + diversify: T=121.7, value=12616.0
    [iter 828437] reheat + diversify: T=121.7, value=13192.0
    [iter 834190] reheat + diversify: T=121.7, value=11110.0
    [iter 839943] reheat + diversify: T=121.7, value=13192.0
    [iter 845696] reheat + diversify: T=121.7, value=8230.0
    [iter 851449] reheat + diversify: T=121.7, value=12616.0
    [iter 857202] reheat + diversify: T=121.7, value=12616.0
    [iter 862955] reheat + diversify: T=121.7, value=12040.0
    [iter 868708] reheat + diversify: T=121.7, value=8230.0
    [iter 874461] reheat + diversify: T=121.7, value=13192.0
    [iter 880214] reheat + diversify: T=121.7, value=12616.0
    [iter 885967] reheat + diversify: T=121.7, value=8230.0
    [iter 891720] reheat + diversify: T=121.7, value=12616.0
    [iter 897473] reheat + diversify: T=121.7, value=11110.0
    [iter 903226] reheat + diversify: T=121.7, value=11110.0
    [iter 908979] reheat + diversify: T=121.7, value=13192.0
    [iter 914732] reheat + diversify: T=121.7, value=12616.0
    [iter 920485] reheat + diversify: T=121.7, value=13192.0
    [iter 926238] reheat + diversify: T=121.7, value=11110.0
    [iter 931991] reheat + diversify: T=121.7, value=8230.0
    [iter 937744] reheat + diversify: T=121.7, value=13192.0
    [iter 943497] reheat + diversify: T=121.7, value=8230.0
    [iter 949250] reheat + diversify: T=121.7, value=11110.0
    [iter 955003] reheat + diversify: T=121.7, value=8230.0
    [iter 960756] reheat + diversify: T=121.7, value=12040.0
    [iter 966509] reheat + diversify: T=121.7, value=13192.0
    [iter 972262] reheat + diversify: T=121.7, value=9160.0
    [iter 978015] reheat + diversify: T=121.7, value=8230.0
    [iter 983768] reheat + diversify: T=121.7, value=12616.0
    [iter 989521] reheat + diversify: T=121.7, value=13192.0
    [iter 995274] reheat + diversify: T=121.7, value=13192.0
    [iter 1001027] reheat + diversify: T=121.7, value=12040.0
    [iter 1006780] reheat + diversify: T=121.7, value=13192.0
    [iter 1012533] reheat + diversify: T=121.7, value=9160.0
    [iter 1018286] reheat + diversify: T=121.7, value=7654.0
    [iter 1024039] reheat + diversify: T=121.7, value=8230.0
    [iter 1029792] reheat + diversify: T=121.7, value=13192.0
    [iter 1035545] reheat + diversify: T=121.7, value=13192.0
    [iter 1041298] reheat + diversify: T=121.7, value=12040.0
    [iter 1047051] reheat + diversify: T=121.7, value=13192.0
    [iter 1052804] reheat + diversify: T=121.7, value=6724.0
    [iter 1058557] reheat + diversify: T=121.7, value=13192.0
    [iter 1064310] reheat + diversify: T=121.7, value=13192.0
    [iter 1070063] reheat + diversify: T=121.7, value=13192.0
    [iter 1075816] reheat + diversify: T=121.7, value=13192.0
    [iter 1081569] reheat + diversify: T=121.7, value=11110.0
    [iter 1087322] reheat + diversify: T=121.7, value=11110.0
    [iter 1093075] reheat + diversify: T=121.7, value=8230.0
    [iter 1098828] reheat + diversify: T=121.7, value=13192.0
    [iter 1104581] reheat + diversify: T=121.7, value=8230.0
    [iter 1110334] reheat + diversify: T=121.7, value=13192.0
    [iter 1116087] reheat + diversify: T=121.7, value=9736.0
    [iter 1121840] reheat + diversify: T=121.7, value=12616.0
    [iter 1127593] reheat + diversify: T=121.7, value=8230.0
    [iter 1133346] reheat + diversify: T=121.7, value=13192.0
    [iter 1139099] reheat + diversify: T=121.7, value=11110.0
    [iter 1144852] reheat + diversify: T=121.7, value=12616.0
    [iter 1150605] reheat + diversify: T=121.7, value=13192.0
    [iter 1156358] reheat + diversify: T=121.7, value=8230.0
    [iter 1162111] reheat + diversify: T=121.7, value=12616.0
    [iter 1167864] reheat + diversify: T=121.7, value=13192.0
    [iter 1173617] reheat + diversify: T=121.7, value=6724.0
    [iter 1179370] reheat + diversify: T=121.7, value=13192.0
    [iter 1185123] reheat + diversify: T=121.7, value=11110.0
    [iter 1190876] reheat + diversify: T=121.7, value=13192.0
    [iter 1196629] reheat + diversify: T=121.7, value=11110.0
    [iter 1202382] reheat + diversify: T=121.7, value=9160.0
    [iter 1208135] reheat + diversify: T=121.7, value=12616.0
    [iter 1213888] reheat + diversify: T=121.7, value=11686.0
    [iter 1219641] reheat + diversify: T=121.7, value=8230.0
    [iter 1225394] reheat + diversify: T=121.7, value=10180.0
    [iter 1231147] reheat + diversify: T=121.7, value=10180.0
    [iter 1236900] reheat + diversify: T=121.7, value=10180.0
    [iter 1242653] reheat + diversify: T=121.7, value=9160.0
    [iter 1248406] reheat + diversify: T=121.7, value=11110.0
    [iter 1254159] reheat + diversify: T=121.7, value=12040.0
    [iter 1259912] reheat + diversify: T=121.7, value=12040.0
    [iter 1265665] reheat + diversify: T=121.7, value=13192.0
    [iter 1271418] reheat + diversify: T=121.7, value=13192.0
    [iter 1277171] reheat + diversify: T=121.7, value=11686.0
    [iter 1282924] reheat + diversify: T=121.7, value=13192.0
    [iter 1288677] reheat + diversify: T=121.7, value=13192.0
    [iter 1294430] reheat + diversify: T=121.7, value=13192.0
    [iter 1300183] reheat + diversify: T=121.7, value=8230.0
    [iter 1305936] reheat + diversify: T=121.7, value=10180.0
    [iter 1311689] reheat + diversify: T=121.7, value=9160.0
    [iter 1317442] reheat + diversify: T=121.7, value=13192.0
    [iter 1323195] reheat + diversify: T=121.7, value=13192.0
    [iter 1328948] reheat + diversify: T=121.7, value=11110.0
    [iter 1334701] reheat + diversify: T=121.7, value=9160.0
    [iter 1340454] reheat + diversify: T=121.7, value=12616.0
    [iter 1346207] reheat + diversify: T=121.7, value=8230.0
    [iter 1351960] reheat + diversify: T=121.7, value=11110.0
    [iter 1357713] reheat + diversify: T=121.7, value=9736.0
    [iter 1363466] reheat + diversify: T=121.7, value=11686.0
    [iter 1369219] reheat + diversify: T=121.7, value=8230.0
    [iter 1374972] reheat + diversify: T=121.7, value=12616.0
    [iter 1380725] reheat + diversify: T=121.7, value=13192.0
    [iter 1386478] reheat + diversify: T=121.7, value=11686.0
    [iter 1392231] reheat + diversify: T=121.7, value=7654.0
    [iter 1397984] reheat + diversify: T=121.7, value=10180.0
    [iter 1403737] reheat + diversify: T=121.7, value=12616.0
    [iter 1409490] reheat + diversify: T=121.7, value=11110.0
    [iter 1415243] reheat + diversify: T=121.7, value=9736.0
    [iter 1420996] reheat + diversify: T=121.7, value=11686.0
    [iter 1426749] reheat + diversify: T=121.7, value=11686.0
    [iter 1432502] reheat + diversify: T=121.7, value=7654.0
    [iter 1438255] reheat + diversify: T=121.7, value=8230.0
    [iter 1444008] reheat + diversify: T=121.7, value=13192.0
    [iter 1449761] reheat + diversify: T=121.7, value=7654.0
    [iter 1455514] reheat + diversify: T=121.7, value=6724.0
    [iter 1461267] reheat + diversify: T=121.7, value=12616.0
    [iter 1467020] reheat + diversify: T=121.7, value=11110.0
    [iter 1472773] reheat + diversify: T=121.7, value=13192.0
    [iter 1478526] reheat + diversify: T=121.7, value=9160.0
    [iter 1484279] reheat + diversify: T=121.7, value=11110.0
    [iter 1490032] reheat + diversify: T=121.7, value=9736.0
    [iter 1495785] reheat + diversify: T=121.7, value=9160.0
    [iter 1501538] reheat + diversify: T=121.7, value=11686.0
    [iter 1507291] reheat + diversify: T=121.7, value=12616.0
    [iter 1513044] reheat + diversify: T=121.7, value=12040.0
    [iter 1518797] reheat + diversify: T=121.7, value=9736.0
    [iter 1524550] reheat + diversify: T=121.7, value=8230.0
    [iter 1530303] reheat + diversify: T=121.7, value=12616.0
    [iter 1536056] reheat + diversify: T=121.7, value=9160.0
    [iter 1541809] reheat + diversify: T=121.7, value=12616.0
    [iter 1547562] reheat + diversify: T=121.7, value=7654.0
    [iter 1553315] reheat + diversify: T=121.7, value=12616.0
    [iter 1559068] reheat + diversify: T=121.7, value=13192.0
    [iter 1564821] reheat + diversify: T=121.7, value=11110.0
    [iter 1570574] reheat + diversify: T=121.7, value=11110.0
    [iter 1576327] reheat + diversify: T=121.7, value=13192.0
    [iter 1582080] reheat + diversify: T=121.7, value=8230.0
    [iter 1587833] reheat + diversify: T=121.7, value=13192.0
    [iter 1593586] reheat + diversify: T=121.7, value=12040.0
    [iter 1599339] reheat + diversify: T=121.7, value=13192.0
    [iter 1605092] reheat + diversify: T=121.7, value=8230.0
    [iter 1610845] reheat + diversify: T=121.7, value=13192.0
    [iter 1616598] reheat + diversify: T=121.7, value=11110.0
    [iter 1622351] reheat + diversify: T=121.7, value=11686.0
    [iter 1628104] reheat + diversify: T=121.7, value=13192.0
    [iter 1633857] reheat + diversify: T=121.7, value=12616.0
    [iter 1639610] reheat + diversify: T=121.7, value=11110.0
    [iter 1645363] reheat + diversify: T=121.7, value=8230.0
    [iter 1651116] reheat + diversify: T=121.7, value=13192.0
    [iter 1656869] reheat + diversify: T=121.7, value=11110.0
    [iter 1662622] reheat + diversify: T=121.7, value=12040.0
    [iter 1668375] reheat + diversify: T=121.7, value=13192.0
    [iter 1674128] reheat + diversify: T=121.7, value=8230.0
    [iter 1679881] reheat + diversify: T=121.7, value=13192.0
    [iter 1685634] reheat + diversify: T=121.7, value=13192.0
    [iter 1691387] reheat + diversify: T=121.7, value=8230.0
    [iter 1697140] reheat + diversify: T=121.7, value=11110.0
    [iter 1702893] reheat + diversify: T=121.7, value=11110.0
    [iter 1708646] reheat + diversify: T=121.7, value=13192.0
    [iter 1714399] reheat + diversify: T=121.7, value=9160.0
    [iter 1720152] reheat + diversify: T=121.7, value=13192.0
    [iter 1725905] reheat + diversify: T=121.7, value=11110.0
    [iter 1731658] reheat + diversify: T=121.7, value=13192.0
    [iter 1737411] reheat + diversify: T=121.7, value=11686.0
    [iter 1743164] reheat + diversify: T=121.7, value=8230.0
    [iter 1748917] reheat + diversify: T=121.7, value=13192.0
    [iter 1754670] reheat + diversify: T=121.7, value=11686.0
    [iter 1760423] reheat + diversify: T=121.7, value=6724.0
    [iter 1766176] reheat + diversify: T=121.7, value=8230.0
    [iter 1771929] reheat + diversify: T=121.7, value=7654.0
    [iter 1777682] reheat + diversify: T=121.7, value=11110.0
    [iter 1783435] reheat + diversify: T=121.7, value=8230.0
    [iter 1789188] reheat + diversify: T=121.7, value=13192.0
    [iter 1794941] reheat + diversify: T=121.7, value=13192.0
    [iter 1800694] reheat + diversify: T=121.7, value=13192.0
    [iter 1806447] reheat + diversify: T=121.7, value=12616.0
    [iter 1812200] reheat + diversify: T=121.7, value=12616.0
    [iter 1817953] reheat + diversify: T=121.7, value=13192.0
    [iter 1823706] reheat + diversify: T=121.7, value=12040.0
    [iter 1829459] reheat + diversify: T=121.7, value=12616.0
    [iter 1835212] reheat + diversify: T=121.7, value=12040.0
    [iter 1840965] reheat + diversify: T=121.7, value=13192.0
    [iter 1846718] reheat + diversify: T=121.7, value=12040.0
    [iter 1852471] reheat + diversify: T=121.7, value=13192.0
    [iter 1858224] reheat + diversify: T=121.7, value=12616.0
    [iter 1863977] reheat + diversify: T=121.7, value=13192.0
    [iter 1869730] reheat + diversify: T=121.7, value=13192.0
    [iter 1875483] reheat + diversify: T=121.7, value=12040.0
    [iter 1881236] reheat + diversify: T=121.7, value=11110.0
    [iter 1886989] reheat + diversify: T=121.7, value=11110.0
    [iter 1892742] reheat + diversify: T=121.7, value=12616.0
    [iter 1898495] reheat + diversify: T=121.7, value=13192.0
    [iter 1904248] reheat + diversify: T=121.7, value=13192.0
    [iter 1910001] reheat + diversify: T=121.7, value=12040.0
    [iter 1915754] reheat + diversify: T=121.7, value=9160.0
    [iter 1921507] reheat + diversify: T=121.7, value=11110.0
    [iter 1927260] reheat + diversify: T=121.7, value=12616.0
    [iter 1933013] reheat + diversify: T=121.7, value=11686.0
    [iter 1938766] reheat + diversify: T=121.7, value=13192.0
    [iter 1944519] reheat + diversify: T=121.7, value=12616.0
    [iter 1950272] reheat + diversify: T=121.7, value=8230.0
    [iter 1956025] reheat + diversify: T=121.7, value=13192.0
    [iter 1961778] reheat + diversify: T=121.7, value=9160.0
    [iter 1967531] reheat + diversify: T=121.7, value=13192.0
    [iter 1973284] reheat + diversify: T=121.7, value=13192.0
    [iter 1979037] reheat + diversify: T=121.7, value=13192.0
    [iter 1984790] reheat + diversify: T=121.7, value=12616.0
    [iter 1990543] reheat + diversify: T=121.7, value=8230.0
    [iter 1996296] reheat + diversify: T=121.7, value=9160.0
    [iter 2002049] reheat + diversify: T=121.7, value=13192.0
    [iter 2007802] reheat + diversify: T=121.7, value=13192.0
    [iter 2013555] reheat + diversify: T=121.7, value=12616.0
    [iter 2019308] reheat + diversify: T=121.7, value=9160.0
    [iter 2025061] reheat + diversify: T=121.7, value=12616.0
    [iter 2030814] reheat + diversify: T=121.7, value=13192.0
    [iter 2036567] reheat + diversify: T=121.7, value=13192.0
    [iter 2042320] reheat + diversify: T=121.7, value=11110.0
    [iter 2048073] reheat + diversify: T=121.7, value=13192.0
    [iter 2053826] reheat + diversify: T=121.7, value=12616.0
    [iter 2059579] reheat + diversify: T=121.7, value=13192.0
    [iter 2065332] reheat + diversify: T=121.7, value=12040.0
    [iter 2071085] reheat + diversify: T=121.7, value=12040.0
    [iter 2076838] reheat + diversify: T=121.7, value=10180.0
    [iter 2082591] reheat + diversify: T=121.7, value=13192.0
    [iter 2088344] reheat + diversify: T=121.7, value=10180.0
    [iter 2094097] reheat + diversify: T=121.7, value=13192.0
    [iter 2099850] reheat + diversify: T=121.7, value=11110.0
    [iter 2105603] reheat + diversify: T=121.7, value=13192.0
    [iter 2111356] reheat + diversify: T=121.7, value=8230.0
    [iter 2117109] reheat + diversify: T=121.7, value=13192.0
    [iter 2122862] reheat + diversify: T=121.7, value=8230.0
    [iter 2128615] reheat + diversify: T=121.7, value=12040.0
    [iter 2134368] reheat + diversify: T=121.7, value=12616.0
    [iter 2140121] reheat + diversify: T=121.7, value=11110.0
    [iter 2145874] reheat + diversify: T=121.7, value=11110.0
    [iter 2151627] reheat + diversify: T=121.7, value=13192.0
    [iter 2157380] reheat + diversify: T=121.7, value=11686.0
    [iter 2163133] reheat + diversify: T=121.7, value=8230.0
    [iter 2168886] reheat + diversify: T=121.7, value=11686.0
    [iter 2174639] reheat + diversify: T=121.7, value=12616.0
    [iter 2180392] reheat + diversify: T=121.7, value=8230.0
    [iter 2186145] reheat + diversify: T=121.7, value=12616.0
    [iter 2191898] reheat + diversify: T=121.7, value=13192.0
    [iter 2197651] reheat + diversify: T=121.7, value=13192.0
    [iter 2203404] reheat + diversify: T=121.7, value=9160.0
    [iter 2209157] reheat + diversify: T=121.7, value=13192.0
    [iter 2214910] reheat + diversify: T=121.7, value=9736.0
    [iter 2220663] reheat + diversify: T=121.7, value=13192.0
    [iter 2226416] reheat + diversify: T=121.7, value=13192.0
    [iter 2232169] reheat + diversify: T=121.7, value=13192.0
    [iter 2237922] reheat + diversify: T=121.7, value=11686.0
    [iter 2243675] reheat + diversify: T=121.7, value=7654.0
    [iter 2249428] reheat + diversify: T=121.7, value=12616.0
    [iter 2255181] reheat + diversify: T=121.7, value=13192.0
    [iter 2260934] reheat + diversify: T=121.7, value=9736.0
    [iter 2266687] reheat + diversify: T=121.7, value=13192.0
    [iter 2272440] reheat + diversify: T=121.7, value=13192.0
    [iter 2278193] reheat + diversify: T=121.7, value=9160.0
    [iter 2283946] reheat + diversify: T=121.7, value=13192.0
    [iter 2289699] reheat + diversify: T=121.7, value=12616.0
    [iter 2295452] reheat + diversify: T=121.7, value=8230.0
    [iter 2301205] reheat + diversify: T=121.7, value=11110.0
    [iter 2306958] reheat + diversify: T=121.7, value=12616.0
    [iter 2312711] reheat + diversify: T=121.7, value=12040.0
    [iter 2318464] reheat + diversify: T=121.7, value=12040.0
    [iter 2324217] reheat + diversify: T=121.7, value=9736.0
    [iter 2329970] reheat + diversify: T=121.7, value=8230.0
    [iter 2335723] reheat + diversify: T=121.7, value=13192.0
    [iter 2341476] reheat + diversify: T=121.7, value=13192.0
    [iter 2347229] reheat + diversify: T=121.7, value=11110.0
    [iter 2352982] reheat + diversify: T=121.7, value=9160.0
    [iter 2358735] reheat + diversify: T=121.7, value=12616.0
    [iter 2364488] reheat + diversify: T=121.7, value=11110.0
    [iter 2370241] reheat + diversify: T=121.7, value=12616.0
    [iter 2375994] reheat + diversify: T=121.7, value=12040.0
    [iter 2381747] reheat + diversify: T=121.7, value=8230.0
    [iter 2387500] reheat + diversify: T=121.7, value=13192.0
    [iter 2393253] reheat + diversify: T=121.7, value=13192.0
    [iter 2399006] reheat + diversify: T=121.7, value=11110.0
    [iter 2404759] reheat + diversify: T=121.7, value=11110.0
    [iter 2410512] reheat + diversify: T=121.7, value=13192.0
    [iter 2416265] reheat + diversify: T=121.7, value=13192.0
    [iter 2422018] reheat + diversify: T=121.7, value=13192.0
    [iter 2427771] reheat + diversify: T=121.7, value=11110.0
    [iter 2433524] reheat + diversify: T=121.7, value=13192.0
    [iter 2439277] reheat + diversify: T=121.7, value=13192.0
    [iter 2445030] reheat + diversify: T=121.7, value=11110.0
    [iter 2450783] reheat + diversify: T=121.7, value=11686.0
    [iter 2456536] reheat + diversify: T=121.7, value=9160.0
    [iter 2462289] reheat + diversify: T=121.7, value=13192.0
    [iter 2468042] reheat + diversify: T=121.7, value=13192.0
    [iter 2473795] reheat + diversify: T=121.7, value=12616.0
    [iter 2479548] reheat + diversify: T=121.7, value=8230.0
    [iter 2485301] reheat + diversify: T=121.7, value=12616.0
    [iter 2491054] reheat + diversify: T=121.7, value=8230.0
    [iter 2496807] reheat + diversify: T=121.7, value=13192.0
    [iter 2502560] reheat + diversify: T=121.7, value=13192.0
    [iter 2508313] reheat + diversify: T=121.7, value=8230.0
    [iter 2514066] reheat + diversify: T=121.7, value=13192.0
    [iter 2519819] reheat + diversify: T=121.7, value=11686.0
    [iter 2525572] reheat + diversify: T=121.7, value=8230.0
    [iter 2531325] reheat + diversify: T=121.7, value=11110.0
    [iter 2537078] reheat + diversify: T=121.7, value=12616.0
    [iter 2542831] reheat + diversify: T=121.7, value=8230.0
    [iter 2548584] reheat + diversify: T=121.7, value=13192.0
    [iter 2554337] reheat + diversify: T=121.7, value=11110.0
    [iter 2560090] reheat + diversify: T=121.7, value=12616.0
    [iter 2565843] reheat + diversify: T=121.7, value=13192.0
    [iter 2571596] reheat + diversify: T=121.7, value=13192.0
    [iter 2577349] reheat + diversify: T=121.7, value=8230.0
    [iter 2583102] reheat + diversify: T=121.7, value=11686.0
    [iter 2588855] reheat + diversify: T=121.7, value=12040.0
    [iter 2594608] reheat + diversify: T=121.7, value=8230.0
    [iter 2600361] reheat + diversify: T=121.7, value=10180.0
    [iter 2606114] reheat + diversify: T=121.7, value=12616.0
    [iter 2611867] reheat + diversify: T=121.7, value=11110.0
    [iter 2617620] reheat + diversify: T=121.7, value=8230.0
    [iter 2623373] reheat + diversify: T=121.7, value=8230.0
    [iter 2629126] reheat + diversify: T=121.7, value=12616.0
    [iter 2634879] reheat + diversify: T=121.7, value=8230.0
    [iter 2640632] reheat + diversify: T=121.7, value=13192.0
    [iter 2646385] reheat + diversify: T=121.7, value=9160.0
    [iter 2652138] reheat + diversify: T=121.7, value=8230.0
    [iter 2657891] reheat + diversify: T=121.7, value=8230.0
    [iter 2663644] reheat + diversify: T=121.7, value=12616.0
    [iter 2669397] reheat + diversify: T=121.7, value=7654.0
    [iter 2675150] reheat + diversify: T=121.7, value=12616.0
    [iter 2680903] reheat + diversify: T=121.7, value=9160.0
    [iter 2686656] reheat + diversify: T=121.7, value=12616.0
    [iter 2692409] reheat + diversify: T=121.7, value=11686.0
    [iter 2698162] reheat + diversify: T=121.7, value=12616.0
    [iter 2703915] reheat + diversify: T=121.7, value=13192.0
    [iter 2709668] reheat + diversify: T=121.7, value=8230.0
    [iter 2715421] reheat + diversify: T=121.7, value=13192.0
    [iter 2721174] reheat + diversify: T=121.7, value=8230.0
    [iter 2726927] reheat + diversify: T=121.7, value=9160.0
    [iter 2732680] reheat + diversify: T=121.7, value=9160.0
    [iter 2738433] reheat + diversify: T=121.7, value=8230.0
    [iter 2744186] reheat + diversify: T=121.7, value=13192.0
    [iter 2749939] reheat + diversify: T=121.7, value=12616.0
    [iter 2755692] reheat + diversify: T=121.7, value=12040.0
    [iter 2761445] reheat + diversify: T=121.7, value=13192.0
    [iter 2767198] reheat + diversify: T=121.7, value=6724.0
    [iter 2772951] reheat + diversify: T=121.7, value=7654.0
    [iter 2778704] reheat + diversify: T=121.7, value=12616.0
    [iter 2784457] reheat + diversify: T=121.7, value=13192.0
    [iter 2790210] reheat + diversify: T=121.7, value=8230.0
    [iter 2795963] reheat + diversify: T=121.7, value=12616.0
    [iter 2801716] reheat + diversify: T=121.7, value=10180.0
    [iter 2807469] reheat + diversify: T=121.7, value=13192.0
    [iter 2813222] reheat + diversify: T=121.7, value=8230.0
    [iter 2818975] reheat + diversify: T=121.7, value=13192.0
    [iter 2824728] reheat + diversify: T=121.7, value=9160.0
    [iter 2830481] reheat + diversify: T=121.7, value=11110.0
    [iter 2836234] reheat + diversify: T=121.7, value=13192.0
    [iter 2841987] reheat + diversify: T=121.7, value=10180.0
    [iter 2847740] reheat + diversify: T=121.7, value=11686.0
    [iter 2853493] reheat + diversify: T=121.7, value=13192.0
    [iter 2859246] reheat + diversify: T=121.7, value=12616.0
    [iter 2864999] reheat + diversify: T=121.7, value=11110.0
    [iter 2870752] reheat + diversify: T=121.7, value=13192.0
    [iter 2876505] reheat + diversify: T=121.7, value=8230.0
    [iter 2882258] reheat + diversify: T=121.7, value=13192.0
    [iter 2888011] reheat + diversify: T=121.7, value=13192.0
    [iter 2893764] reheat + diversify: T=121.7, value=6724.0
    [iter 2899517] reheat + diversify: T=121.7, value=11110.0
    [iter 2905270] reheat + diversify: T=121.7, value=8230.0
    [iter 2911023] reheat + diversify: T=121.7, value=11686.0
    [iter 2916776] reheat + diversify: T=121.7, value=11110.0
    [iter 2922529] reheat + diversify: T=121.7, value=12616.0
    [iter 2928282] reheat + diversify: T=121.7, value=13192.0
    [iter 2934035] reheat + diversify: T=121.7, value=13192.0
    [iter 2939788] reheat + diversify: T=121.7, value=12040.0
    [iter 2945541] reheat + diversify: T=121.7, value=9160.0
    [iter 2951294] reheat + diversify: T=121.7, value=13192.0
    [iter 2957047] reheat + diversify: T=121.7, value=9160.0
    [iter 2962800] reheat + diversify: T=121.7, value=9160.0
    [iter 2968553] reheat + diversify: T=121.7, value=13192.0
    [iter 2974306] reheat + diversify: T=121.7, value=7654.0
    [iter 2980059] reheat + diversify: T=121.7, value=8230.0
    [iter 2985812] reheat + diversify: T=121.7, value=12616.0
    [iter 2991565] reheat + diversify: T=121.7, value=11686.0
    [iter 2997318] reheat + diversify: T=121.7, value=9160.0
    [iter 3003071] reheat + diversify: T=121.7, value=13192.0
    [iter 3008824] reheat + diversify: T=121.7, value=13192.0
    [iter 3014577] reheat + diversify: T=121.7, value=13192.0
    [iter 3020330] reheat + diversify: T=121.7, value=7654.0
    [iter 3026083] reheat + diversify: T=121.7, value=12616.0
    [iter 3031836] reheat + diversify: T=121.7, value=13192.0
    [iter 3037589] reheat + diversify: T=121.7, value=8230.0
    [iter 3043342] reheat + diversify: T=121.7, value=11110.0
    [iter 3049095] reheat + diversify: T=121.7, value=11686.0
    [iter 3054848] reheat + diversify: T=121.7, value=13192.0
    [iter 3060601] reheat + diversify: T=121.7, value=9604.0
    [iter 3066354] reheat + diversify: T=121.7, value=12616.0
    [iter 3072107] reheat + diversify: T=121.7, value=12040.0
    [iter 3077860] reheat + diversify: T=121.7, value=13192.0
    [iter 3083613] reheat + diversify: T=121.7, value=12616.0
    [iter 3089366] reheat + diversify: T=121.7, value=13192.0
    [iter 3095119] reheat + diversify: T=121.7, value=8230.0
    [iter 3100872] reheat + diversify: T=121.7, value=11110.0
    [iter 3106625] reheat + diversify: T=121.7, value=7654.0
    [iter 3112378] reheat + diversify: T=121.7, value=9160.0
    [iter 3118131] reheat + diversify: T=121.7, value=13192.0
    [iter 3123884] reheat + diversify: T=121.7, value=13192.0
    [iter 3129637] reheat + diversify: T=121.7, value=13192.0
    [iter 3135390] reheat + diversify: T=121.7, value=13192.0
    [iter 3141143] reheat + diversify: T=121.7, value=13192.0
    [iter 3146896] reheat + diversify: T=121.7, value=13192.0
    [iter 3152649] reheat + diversify: T=121.7, value=13192.0
    [iter 3158402] reheat + diversify: T=121.7, value=11686.0
    [iter 3164155] reheat + diversify: T=121.7, value=9160.0
    [iter 3169908] reheat + diversify: T=121.7, value=13192.0
    [iter 3175661] reheat + diversify: T=121.7, value=13192.0
    [iter 3181414] reheat + diversify: T=121.7, value=12616.0
    [iter 3187167] reheat + diversify: T=121.7, value=13192.0
    [iter 3192920] reheat + diversify: T=121.7, value=8230.0
    [iter 3198673] reheat + diversify: T=121.7, value=6724.0
    [iter 3204426] reheat + diversify: T=121.7, value=13192.0
    [iter 3210179] reheat + diversify: T=121.7, value=9160.0
    [iter 3215932] reheat + diversify: T=121.7, value=12040.0
    [iter 3221685] reheat + diversify: T=121.7, value=11110.0
    [iter 3227438] reheat + diversify: T=121.7, value=8230.0
    [iter 3233191] reheat + diversify: T=121.7, value=8230.0
    [iter 3238944] reheat + diversify: T=121.7, value=8230.0
    [iter 3244697] reheat + diversify: T=121.7, value=11686.0
    [iter 3250450] reheat + diversify: T=121.7, value=13192.0
    [iter 3256203] reheat + diversify: T=121.7, value=12616.0
    [iter 3261956] reheat + diversify: T=121.7, value=13192.0
    [iter 3267709] reheat + diversify: T=121.7, value=9736.0
    [iter 3273462] reheat + diversify: T=121.7, value=13192.0
    [iter 3279215] reheat + diversify: T=121.7, value=8230.0
    [iter 3284968] reheat + diversify: T=121.7, value=7654.0
    [iter 3290721] reheat + diversify: T=121.7, value=13192.0
    [iter 3296474] reheat + diversify: T=121.7, value=12616.0
    [iter 3302227] reheat + diversify: T=121.7, value=12616.0
    [iter 3307980] reheat + diversify: T=121.7, value=9604.0
    [iter 3313733] reheat + diversify: T=121.7, value=12616.0
    [iter 3319486] reheat + diversify: T=121.7, value=13192.0
    [iter 3325239] reheat + diversify: T=121.7, value=13192.0
    [iter 3330992] reheat + diversify: T=121.7, value=2824.0
    [iter 3336745] reheat + diversify: T=121.7, value=12616.0
    [iter 3342498] reheat + diversify: T=121.7, value=13192.0
    [iter 3348251] reheat + diversify: T=121.7, value=9160.0
    [iter 3354004] reheat + diversify: T=121.7, value=12616.0
    [iter 3359757] reheat + diversify: T=121.7, value=13192.0
    [iter 3365510] reheat + diversify: T=121.7, value=11110.0
    [iter 3371263] reheat + diversify: T=121.7, value=11686.0
    [iter 3377016] reheat + diversify: T=121.7, value=11110.0
    [iter 3382769] reheat + diversify: T=121.7, value=9160.0
    [iter 3388522] reheat + diversify: T=121.7, value=13192.0
    [iter 3394275] reheat + diversify: T=121.7, value=8230.0
    [iter 3400028] reheat + diversify: T=121.7, value=12616.0
    [iter 3405781] reheat + diversify: T=121.7, value=11110.0
    [iter 3411534] reheat + diversify: T=121.7, value=11686.0
    [iter 3417287] reheat + diversify: T=121.7, value=12040.0
    [iter 3423040] reheat + diversify: T=121.7, value=13192.0
    [iter 3428793] reheat + diversify: T=121.7, value=8230.0
    [iter 3434546] reheat + diversify: T=121.7, value=12616.0
    [iter 3440299] reheat + diversify: T=121.7, value=13192.0
    [iter 3446052] reheat + diversify: T=121.7, value=13192.0
    [iter 3451805] reheat + diversify: T=121.7, value=9160.0
    [iter 3457558] reheat + diversify: T=121.7, value=11686.0
    [iter 3463311] reheat + diversify: T=121.7, value=9160.0
    [iter 3469064] reheat + diversify: T=121.7, value=13192.0
    [iter 3474817] reheat + diversify: T=121.7, value=11686.0
    [iter 3480570] reheat + diversify: T=121.7, value=11110.0
    [iter 3486323] reheat + diversify: T=121.7, value=7654.0
    [iter 3492076] reheat + diversify: T=121.7, value=11110.0
    [iter 3497829] reheat + diversify: T=121.7, value=12616.0
    [iter 3503582] reheat + diversify: T=121.7, value=8230.0
    [iter 3509335] reheat + diversify: T=121.7, value=13192.0
    [iter 3515088] reheat + diversify: T=121.7, value=9160.0
    [iter 3520841] reheat + diversify: T=121.7, value=8230.0
    [iter 3526594] reheat + diversify: T=121.7, value=8230.0
    [iter 3532347] reheat + diversify: T=121.7, value=13192.0
    [iter 3538100] reheat + diversify: T=121.7, value=7654.0
    [iter 3543853] reheat + diversify: T=121.7, value=12040.0
    [iter 3549606] reheat + diversify: T=121.7, value=13192.0
    [iter 3555359] reheat + diversify: T=121.7, value=13192.0
    [iter 3561112] reheat + diversify: T=121.7, value=12040.0
    [iter 3566865] reheat + diversify: T=121.7, value=8230.0
    [iter 3572618] reheat + diversify: T=121.7, value=13192.0
    [iter 3578371] reheat + diversify: T=121.7, value=12616.0
    [iter 3584124] reheat + diversify: T=121.7, value=11110.0
    [iter 3589877] reheat + diversify: T=121.7, value=12040.0
    [iter 3595630] reheat + diversify: T=121.7, value=11110.0
    [iter 3601383] reheat + diversify: T=121.7, value=13192.0
    [iter 3607136] reheat + diversify: T=121.7, value=11110.0
    [iter 3612889] reheat + diversify: T=121.7, value=12040.0
    [iter 3618642] reheat + diversify: T=121.7, value=13192.0
    [iter 3624395] reheat + diversify: T=121.7, value=8230.0
    [iter 3630148] reheat + diversify: T=121.7, value=11110.0
    [iter 3635901] reheat + diversify: T=121.7, value=11110.0
    [iter 3641654] reheat + diversify: T=121.7, value=13192.0
    [iter 3647407] reheat + diversify: T=121.7, value=11110.0
    [iter 3653160] reheat + diversify: T=121.7, value=12616.0
    [iter 3658913] reheat + diversify: T=121.7, value=6724.0
    [iter 3664666] reheat + diversify: T=121.7, value=8230.0
    [iter 3670419] reheat + diversify: T=121.7, value=9736.0
    [iter 3676172] reheat + diversify: T=121.7, value=8230.0
    [iter 3681925] reheat + diversify: T=121.7, value=13192.0
    [iter 3687678] reheat + diversify: T=121.7, value=12040.0
    [iter 3693431] reheat + diversify: T=121.7, value=11686.0
    [iter 3699184] reheat + diversify: T=121.7, value=6724.0
    [iter 3704937] reheat + diversify: T=121.7, value=11110.0
    [iter 3710690] reheat + diversify: T=121.7, value=12616.0
    [iter 3716443] reheat + diversify: T=121.7, value=11686.0
    [iter 3722196] reheat + diversify: T=121.7, value=13192.0
    [iter 3727949] reheat + diversify: T=121.7, value=8230.0
    [iter 3733702] reheat + diversify: T=121.7, value=8230.0
    [iter 3739455] reheat + diversify: T=121.7, value=8230.0
    [iter 3745208] reheat + diversify: T=121.7, value=11110.0
    [iter 3750961] reheat + diversify: T=121.7, value=12616.0
    [iter 3756714] reheat + diversify: T=121.7, value=13192.0
    [iter 3762467] reheat + diversify: T=121.7, value=11110.0
    [iter 3768220] reheat + diversify: T=121.7, value=10180.0
    [iter 3773973] reheat + diversify: T=121.7, value=11110.0
    [iter 3779726] reheat + diversify: T=121.7, value=8230.0
    [iter 3785479] reheat + diversify: T=121.7, value=12616.0
    [iter 3791232] reheat + diversify: T=121.7, value=8230.0
    [iter 3796985] reheat + diversify: T=121.7, value=12616.0
    [iter 3802738] reheat + diversify: T=121.7, value=9160.0
    [iter 3808491] reheat + diversify: T=121.7, value=13192.0
    [iter 3814244] reheat + diversify: T=121.7, value=8230.0
    [iter 3819997] reheat + diversify: T=121.7, value=13192.0
    [iter 3825750] reheat + diversify: T=121.7, value=13192.0
    [iter 3831503] reheat + diversify: T=121.7, value=9160.0
    [iter 3837256] reheat + diversify: T=121.7, value=12040.0
    [iter 3843009] reheat + diversify: T=121.7, value=12616.0
    [iter 3848762] reheat + diversify: T=121.7, value=11686.0
    [iter 3854515] reheat + diversify: T=121.7, value=11686.0
    [iter 3860268] reheat + diversify: T=121.7, value=13192.0
    [iter 3866021] reheat + diversify: T=121.7, value=9736.0
    [iter 3871774] reheat + diversify: T=121.7, value=13192.0
    [iter 3877527] reheat + diversify: T=121.7, value=8230.0
    [iter 3883280] reheat + diversify: T=121.7, value=8230.0
    [iter 3889033] reheat + diversify: T=121.7, value=13192.0
    [iter 3894786] reheat + diversify: T=121.7, value=9160.0
    [iter 3900539] reheat + diversify: T=121.7, value=13192.0
    [iter 3906292] reheat + diversify: T=121.7, value=9160.0
    [iter 3912045] reheat + diversify: T=121.7, value=8230.0
    [iter 3917798] reheat + diversify: T=121.7, value=8230.0
    [iter 3923551] reheat + diversify: T=121.7, value=11110.0
    [iter 3929304] reheat + diversify: T=121.7, value=8230.0
    [iter 3935057] reheat + diversify: T=121.7, value=8230.0
    [iter 3940810] reheat + diversify: T=121.7, value=11686.0
    [iter 3946563] reheat + diversify: T=121.7, value=9160.0
    [iter 3952316] reheat + diversify: T=121.7, value=9160.0
    [iter 3958069] reheat + diversify: T=121.7, value=8230.0
    [iter 3963822] reheat + diversify: T=121.7, value=13192.0
    [iter 3969575] reheat + diversify: T=121.7, value=12616.0
    [iter 3975328] reheat + diversify: T=121.7, value=13192.0
    [iter 3981081] reheat + diversify: T=121.7, value=13192.0
    [iter 3986834] reheat + diversify: T=121.7, value=12040.0
    [iter 3992587] reheat + diversify: T=121.7, value=11686.0
    [iter 3998340] reheat + diversify: T=121.7, value=13192.0
    [iter 4004093] reheat + diversify: T=121.7, value=8230.0
    [iter 4009846] reheat + diversify: T=121.7, value=13192.0
    [iter 4015599] reheat + diversify: T=121.7, value=8230.0
    [iter 4021352] reheat + diversify: T=121.7, value=13192.0
    [iter 4027105] reheat + diversify: T=121.7, value=13192.0
    [iter 4032858] reheat + diversify: T=121.7, value=12616.0
    [iter 4038611] reheat + diversify: T=121.7, value=13192.0
    [iter 4044364] reheat + diversify: T=121.7, value=11110.0
    [iter 4050117] reheat + diversify: T=121.7, value=13192.0
    [iter 4055870] reheat + diversify: T=121.7, value=12616.0
    [iter 4061623] reheat + diversify: T=121.7, value=8230.0
    [iter 4067376] reheat + diversify: T=121.7, value=8230.0
    [iter 4073129] reheat + diversify: T=121.7, value=8230.0
    [iter 4078882] reheat + diversify: T=121.7, value=8230.0
    [iter 4084635] reheat + diversify: T=121.7, value=10534.0
    [iter 4090388] reheat + diversify: T=121.7, value=11110.0
    [iter 4096141] reheat + diversify: T=121.7, value=9160.0
    [iter 4101894] reheat + diversify: T=121.7, value=13192.0
    [iter 4107647] reheat + diversify: T=121.7, value=11110.0
    [iter 4113400] reheat + diversify: T=121.7, value=13192.0
    [iter 4119153] reheat + diversify: T=121.7, value=7654.0
    [iter 4124906] reheat + diversify: T=121.7, value=6724.0
    [iter 4130659] reheat + diversify: T=121.7, value=11110.0
    [iter 4136412] reheat + diversify: T=121.7, value=13192.0
    [iter 4142165] reheat + diversify: T=121.7, value=9160.0
    [iter 4147918] reheat + diversify: T=121.7, value=9160.0
    [iter 4153671] reheat + diversify: T=121.7, value=8230.0
    [iter 4159424] reheat + diversify: T=121.7, value=10534.0
    [iter 4165177] reheat + diversify: T=121.7, value=12616.0
    [iter 4170930] reheat + diversify: T=121.7, value=11686.0
    [iter 4176683] reheat + diversify: T=121.7, value=13192.0
    [iter 4182436] reheat + diversify: T=121.7, value=11464.0
    [iter 4188189] reheat + diversify: T=121.7, value=13192.0
    [iter 4193942] reheat + diversify: T=121.7, value=8230.0
    [iter 4199695] reheat + diversify: T=121.7, value=11110.0
    [iter 4205448] reheat + diversify: T=121.7, value=13192.0
    [iter 4211201] reheat + diversify: T=121.7, value=8230.0
    [iter 4216954] reheat + diversify: T=121.7, value=8230.0
    [iter 4222707] reheat + diversify: T=121.7, value=13192.0
    [iter 4228460] reheat + diversify: T=121.7, value=8230.0
    [iter 4234213] reheat + diversify: T=121.7, value=13192.0
    [iter 4239966] reheat + diversify: T=121.7, value=10180.0
    [iter 4245719] reheat + diversify: T=121.7, value=6724.0
    [iter 4251472] reheat + diversify: T=121.7, value=13192.0
    [iter 4257225] reheat + diversify: T=121.7, value=12040.0
    [iter 4262978] reheat + diversify: T=121.7, value=8230.0
    [iter 4268731] reheat + diversify: T=121.7, value=12616.0
    [iter 4274484] reheat + diversify: T=121.7, value=13192.0
    [iter 4280237] reheat + diversify: T=121.7, value=13192.0
    [iter 4285990] reheat + diversify: T=121.7, value=11686.0
    [iter 4291743] reheat + diversify: T=121.7, value=10180.0
    [iter 4297496] reheat + diversify: T=121.7, value=11110.0
    [iter 4303249] reheat + diversify: T=121.7, value=13192.0
    [iter 4309002] reheat + diversify: T=121.7, value=13192.0
    [iter 4314755] reheat + diversify: T=121.7, value=12616.0
    [iter 4320508] reheat + diversify: T=121.7, value=13192.0
    [iter 4326261] reheat + diversify: T=121.7, value=11686.0
    [iter 4332014] reheat + diversify: T=121.7, value=8230.0
    [iter 4337767] reheat + diversify: T=121.7, value=11686.0
    [iter 4343520] reheat + diversify: T=121.7, value=12040.0
    [iter 4349273] reheat + diversify: T=121.7, value=11110.0
    [iter 4355026] reheat + diversify: T=121.7, value=13192.0
    [iter 4360779] reheat + diversify: T=121.7, value=9160.0
    [iter 4366532] reheat + diversify: T=121.7, value=7654.0
    [iter 4372285] reheat + diversify: T=121.7, value=13192.0
    [iter 4378038] reheat + diversify: T=121.7, value=8230.0
    [iter 4383791] reheat + diversify: T=121.7, value=12616.0
    [iter 4389544] reheat + diversify: T=121.7, value=8230.0
    [iter 4395297] reheat + diversify: T=121.7, value=12616.0
    [iter 4401050] reheat + diversify: T=121.7, value=7654.0
    [iter 4406803] reheat + diversify: T=121.7, value=12616.0
    [iter 4412556] reheat + diversify: T=121.7, value=13192.0
    [iter 4418309] reheat + diversify: T=121.7, value=8230.0
    [iter 4424062] reheat + diversify: T=121.7, value=11686.0
    [iter 4429815] reheat + diversify: T=121.7, value=6724.0
    [iter 4435568] reheat + diversify: T=121.7, value=10180.0
    [iter 4441321] reheat + diversify: T=121.7, value=12616.0
    [iter 4447074] reheat + diversify: T=121.7, value=12616.0
    [iter 4452827] reheat + diversify: T=121.7, value=8230.0
    [iter 4458580] reheat + diversify: T=121.7, value=12616.0
    [iter 4464333] reheat + diversify: T=121.7, value=13192.0
    [iter 4470086] reheat + diversify: T=121.7, value=13192.0
    [iter 4475839] reheat + diversify: T=121.7, value=8230.0
    [iter 4481592] reheat + diversify: T=121.7, value=10180.0
    [iter 4487345] reheat + diversify: T=121.7, value=13192.0
    [iter 4493098] reheat + diversify: T=121.7, value=13192.0
    [iter 4498851] reheat + diversify: T=121.7, value=13192.0
    [iter 4504604] reheat + diversify: T=121.7, value=8230.0
    [iter 4510357] reheat + diversify: T=121.7, value=8230.0
    [iter 4516110] reheat + diversify: T=121.7, value=13192.0
    [iter 4521863] reheat + diversify: T=121.7, value=11110.0
    [iter 4527616] reheat + diversify: T=121.7, value=12040.0
    [iter 4533369] reheat + diversify: T=121.7, value=11110.0
    [iter 4539122] reheat + diversify: T=121.7, value=12616.0
    [iter 4544875] reheat + diversify: T=121.7, value=12616.0
    [iter 4550628] reheat + diversify: T=121.7, value=12616.0
    [iter 4556381] reheat + diversify: T=121.7, value=12616.0
    [iter 4562134] reheat + diversify: T=121.7, value=9604.0
    [iter 4567887] reheat + diversify: T=121.7, value=11686.0
    [iter 4573640] reheat + diversify: T=121.7, value=11110.0
    [iter 4579393] reheat + diversify: T=121.7, value=12040.0
    [iter 4585146] reheat + diversify: T=121.7, value=12616.0
    [iter 4590899] reheat + diversify: T=121.7, value=8230.0
    [iter 4596652] reheat + diversify: T=121.7, value=13192.0
    [iter 4602405] reheat + diversify: T=121.7, value=13192.0
    [iter 4608158] reheat + diversify: T=121.7, value=12040.0
    [iter 4613911] reheat + diversify: T=121.7, value=11110.0
    [iter 4619664] reheat + diversify: T=121.7, value=12616.0
    [iter 4625417] reheat + diversify: T=121.7, value=12616.0
    [iter 4631170] reheat + diversify: T=121.7, value=8230.0
    [iter 4636923] reheat + diversify: T=121.7, value=13192.0
    [iter 4642676] reheat + diversify: T=121.7, value=9160.0
    [iter 4648429] reheat + diversify: T=121.7, value=8230.0
    [iter 4654182] reheat + diversify: T=121.7, value=12040.0
    [iter 4659935] reheat + diversify: T=121.7, value=13192.0
    [iter 4665688] reheat + diversify: T=121.7, value=13192.0
    [iter 4671441] reheat + diversify: T=121.7, value=11686.0
    [iter 4677194] reheat + diversify: T=121.7, value=13192.0
    [iter 4682947] reheat + diversify: T=121.7, value=13192.0
    [iter 4688700] reheat + diversify: T=121.7, value=8230.0
    [iter 4694453] reheat + diversify: T=121.7, value=12616.0
    [iter 4700206] reheat + diversify: T=121.7, value=13192.0
    [iter 4705959] reheat + diversify: T=121.7, value=13192.0
    [iter 4711712] reheat + diversify: T=121.7, value=6724.0
    [iter 4717465] reheat + diversify: T=121.7, value=9736.0
    [iter 4723218] reheat + diversify: T=121.7, value=11110.0
    [iter 4728971] reheat + diversify: T=121.7, value=12616.0
    [iter 4734724] reheat + diversify: T=121.7, value=9160.0
    [iter 4740477] reheat + diversify: T=121.7, value=11686.0
    [iter 4746230] reheat + diversify: T=121.7, value=8230.0
    [iter 4751983] reheat + diversify: T=121.7, value=13192.0
    [iter 4757736] reheat + diversify: T=121.7, value=7654.0
    [iter 4763489] reheat + diversify: T=121.7, value=11110.0
    [iter 4769242] reheat + diversify: T=121.7, value=12616.0
    [iter 4774995] reheat + diversify: T=121.7, value=12616.0
    [iter 4780748] reheat + diversify: T=121.7, value=10180.0
    [iter 4786501] reheat + diversify: T=121.7, value=8230.0
    [iter 4792254] reheat + diversify: T=121.7, value=11110.0
    [iter 4798007] reheat + diversify: T=121.7, value=13192.0
    [iter 4803760] reheat + diversify: T=121.7, value=13192.0
    [iter 4809513] reheat + diversify: T=121.7, value=13192.0
    [iter 4815266] reheat + diversify: T=121.7, value=9604.0
    [iter 4821019] reheat + diversify: T=121.7, value=13192.0
    [iter 4826772] reheat + diversify: T=121.7, value=11686.0
    [iter 4832525] reheat + diversify: T=121.7, value=13192.0
    [iter 4838278] reheat + diversify: T=121.7, value=11686.0
    [iter 4844031] reheat + diversify: T=121.7, value=12616.0
    [iter 4849784] reheat + diversify: T=121.7, value=9160.0
    [iter 4855537] reheat + diversify: T=121.7, value=13192.0
    [iter 4861290] reheat + diversify: T=121.7, value=13192.0
    [iter 4867043] reheat + diversify: T=121.7, value=13192.0
    [iter 4872796] reheat + diversify: T=121.7, value=12616.0
    [iter 4878549] reheat + diversify: T=121.7, value=11110.0
    [iter 4884302] reheat + diversify: T=121.7, value=12616.0
    [iter 4890055] reheat + diversify: T=121.7, value=9736.0
    [iter 4895808] reheat + diversify: T=121.7, value=13192.0
    [iter 4901561] reheat + diversify: T=121.7, value=8230.0
    [iter 4907314] reheat + diversify: T=121.7, value=11686.0
    [iter 4913067] reheat + diversify: T=121.7, value=8230.0
    [iter 4918820] reheat + diversify: T=121.7, value=11686.0
    [iter 4924573] reheat + diversify: T=121.7, value=12616.0
    [iter 4930326] reheat + diversify: T=121.7, value=9604.0
    [iter 4936079] reheat + diversify: T=121.7, value=12040.0
    [iter 4941832] reheat + diversify: T=121.7, value=13192.0
    [iter 4947585] reheat + diversify: T=121.7, value=11686.0
    [iter 4953338] reheat + diversify: T=121.7, value=13192.0
    [iter 4959091] reheat + diversify: T=121.7, value=13192.0
    [iter 4964844] reheat + diversify: T=121.7, value=9160.0
    [iter 4970597] reheat + diversify: T=121.7, value=13192.0
    [iter 4976350] reheat + diversify: T=121.7, value=12616.0
    [iter 4982103] reheat + diversify: T=121.7, value=13192.0
  time limit reached at iteration 4986658
  SA finished: 4986658 iterations in 300.0s (16622 it/s), accepted 3812452 (76.5%), rejected 1174205, no-move draws 0, reheats 866
  SA: value 13192.0 (greedy 9736.0, +3456.0), bound 22478.6, gap 41.31%, util 59.2%
  report -> /home/mcaspar/3DMHKP/results_3DMHKP_ep3/ep3-20-D-C-50-3DMHKP-SA-a0.999-r0.25-t300s.txt

================================================================================================
SUMMARY
================================================================================================
instance      boxes  packed       greedy     SA value        bound      gap    util    iters    time
------------------------------------------------------------------------------------------------
ep3-20-D-C-50     20      11       9736.0      13192.0      22478.6   41.3%   59.2%  4986658  300.0s
------------------------------------------------------------------------------------------------
proven optimal (value reaches the upper bound): 0/1
improved over greedy: 1/1 (total value 9736.0 -> 13192.0, +35.50%)
mean gap to continuous-knapsack bound: 41.3%
mean volume utilization: 59.2%
