============================================================
  Solver:     3DMHKP-SA.py
  Instance:   /home/mcaspar/3DMHKP/Egeblad/ep3-20-C-R-90.txt
  Value mode: flat
  Timelimit:  300s
  Reports:    /home/mcaspar/3DMHKP/results_3DMHKP_ep3
  CPUs:       1
============================================================
======================================================================
3DMHKP Simulated Annealing (random single-neighbour, sequence decoder)
SA params: T0=5% of f(S_0), alpha=0.999, T_min=0.001, reheat_threshold=5753, reheat_fraction=0.25
Move weights: {'relocate': 0.0, 'swap': 1.0, '2opt': 0.0, 'promote': 1.5, 'demote': 1.5, 'orient': 1.0, 'container': 0.5}
Time limit: 300.0s per instance, seed 1668963877
======================================================================

======================================================================
ep3-20-C-R-90: 20 boxes (18 types), 1 containers (1 types)
  continuous-knapsack bound: 119984.7
  initial (value-density) decode: value 29162.0 (12/20 boxes)
  T0 = 1458.1 (5% of the initial objective)
    [iter 2] *** NEW BEST: value 66506.0, boxes 14/20, T=1456.6, elapsed=0.0s
    [iter 78] *** NEW BEST: value 66844.0, boxes 14/20, T=1350.0, elapsed=0.0s
    [iter 5831] reheat + diversify: T=364.5, value=54824.0
    [iter 11584] reheat + diversify: T=364.5, value=54639.0
    [iter 17337] reheat + diversify: T=364.5, value=61043.0
    [iter 23090] reheat + diversify: T=364.5, value=66844.0
    [iter 28843] reheat + diversify: T=364.5, value=66844.0
    [iter 34596] reheat + diversify: T=364.5, value=66844.0
    [iter 40349] reheat + diversify: T=364.5, value=56217.0
    [iter 46102] reheat + diversify: T=364.5, value=66506.0
    [iter 51855] reheat + diversify: T=364.5, value=54824.0
    [iter 57608] reheat + diversify: T=364.5, value=57724.0
    [iter 63361] reheat + diversify: T=364.5, value=66844.0
    [iter 69114] reheat + diversify: T=364.5, value=45519.0
    [iter 74867] reheat + diversify: T=364.5, value=60287.0
    [iter 80620] reheat + diversify: T=364.5, value=58955.0
    [iter 86373] reheat + diversify: T=364.5, value=60287.0
    [iter 92126] reheat + diversify: T=364.5, value=66844.0
    [iter 97879] reheat + diversify: T=364.5, value=58955.0
    [iter 103632] reheat + diversify: T=364.5, value=54301.0
    [iter 109385] reheat + diversify: T=364.5, value=54639.0
    [iter 115138] reheat + diversify: T=364.5, value=66844.0
    [iter 120891] reheat + diversify: T=364.5, value=56217.0
    [iter 126644] reheat + diversify: T=364.5, value=54824.0
    [iter 132397] reheat + diversify: T=364.5, value=54824.0
    [iter 138150] reheat + diversify: T=364.5, value=60287.0
    [iter 143903] reheat + diversify: T=364.5, value=54824.0
    [iter 149656] reheat + diversify: T=364.5, value=66844.0
    [iter 155409] reheat + diversify: T=364.5, value=60287.0
    [iter 161162] reheat + diversify: T=364.5, value=60858.0
    [iter 166915] reheat + diversify: T=364.5, value=57724.0
    [iter 172668] reheat + diversify: T=364.5, value=54824.0
    [iter 178421] reheat + diversify: T=364.5, value=66844.0
    [iter 184174] reheat + diversify: T=364.5, value=60287.0
    [iter 189927] reheat + diversify: T=364.5, value=60287.0
    [iter 195680] reheat + diversify: T=364.5, value=60287.0
    [iter 201433] reheat + diversify: T=364.5, value=57724.0
    [iter 207186] reheat + diversify: T=364.5, value=54824.0
    [iter 212939] reheat + diversify: T=364.5, value=66844.0
    [iter 218692] reheat + diversify: T=364.5, value=54824.0
    [iter 224445] reheat + diversify: T=364.5, value=54824.0
    [iter 230198] reheat + diversify: T=364.5, value=54824.0
    [iter 235951] reheat + diversify: T=364.5, value=51167.0
    [iter 241704] reheat + diversify: T=364.5, value=52261.0
    [iter 247457] reheat + diversify: T=364.5, value=66844.0
    [iter 253210] reheat + diversify: T=364.5, value=60287.0
    [iter 258963] reheat + diversify: T=364.5, value=61043.0
    [iter 264716] reheat + diversify: T=364.5, value=52261.0
    [iter 270469] reheat + diversify: T=364.5, value=60287.0
    [iter 276222] reheat + diversify: T=364.5, value=54824.0
    [iter 281975] reheat + diversify: T=364.5, value=56217.0
    [iter 287728] reheat + diversify: T=364.5, value=66844.0
    [iter 293481] reheat + diversify: T=364.5, value=66844.0
    [iter 299234] reheat + diversify: T=364.5, value=66844.0
    [iter 304987] reheat + diversify: T=364.5, value=52261.0
    [iter 310740] reheat + diversify: T=364.5, value=66844.0
    [iter 316493] reheat + diversify: T=364.5, value=66844.0
    [iter 322246] reheat + diversify: T=364.5, value=54639.0
    [iter 327999] reheat + diversify: T=364.5, value=54824.0
    [iter 333752] reheat + diversify: T=364.5, value=41449.0
    [iter 339505] reheat + diversify: T=364.5, value=51167.0
    [iter 345258] reheat + diversify: T=364.5, value=60287.0
    [iter 351011] reheat + diversify: T=364.5, value=54301.0
    [iter 356764] reheat + diversify: T=364.5, value=58955.0
    [iter 362517] reheat + diversify: T=364.5, value=40241.0
    [iter 368270] reheat + diversify: T=364.5, value=66844.0
    [iter 374023] reheat + diversify: T=364.5, value=57724.0
    [iter 379776] reheat + diversify: T=364.5, value=54301.0
    [iter 385529] reheat + diversify: T=364.5, value=66844.0
    [iter 391282] reheat + diversify: T=364.5, value=52261.0
    [iter 397035] reheat + diversify: T=364.5, value=50173.0
    [iter 402788] reheat + diversify: T=364.5, value=47097.0
    [iter 408541] reheat + diversify: T=364.5, value=66844.0
    [iter 414294] reheat + diversify: T=364.5, value=60287.0
    [iter 420047] reheat + diversify: T=364.5, value=50173.0
    [iter 425800] reheat + diversify: T=364.5, value=66844.0
    [iter 431553] reheat + diversify: T=364.5, value=66844.0
    [iter 437306] reheat + diversify: T=364.5, value=66844.0
    [iter 443059] reheat + diversify: T=364.5, value=54639.0
    [iter 448812] reheat + diversify: T=364.5, value=54824.0
    [iter 454565] reheat + diversify: T=364.5, value=55879.0
    [iter 460318] reheat + diversify: T=364.5, value=54486.0
    [iter 466071] reheat + diversify: T=364.5, value=66844.0
    [iter 471824] reheat + diversify: T=364.5, value=60858.0
    [iter 477577] reheat + diversify: T=364.5, value=60287.0
    [iter 483330] reheat + diversify: T=364.5, value=45704.0
    [iter 489083] reheat + diversify: T=364.5, value=41449.0
    [iter 494836] reheat + diversify: T=364.5, value=54486.0
    [iter 500589] reheat + diversify: T=364.5, value=54824.0
    [iter 506342] reheat + diversify: T=364.5, value=66844.0
    [iter 512095] reheat + diversify: T=364.5, value=47097.0
    [iter 517848] reheat + diversify: T=364.5, value=60858.0
    [iter 523601] reheat + diversify: T=364.5, value=66844.0
    [iter 529354] reheat + diversify: T=364.5, value=61043.0
    [iter 535107] reheat + diversify: T=364.5, value=57724.0
    [iter 540860] reheat + diversify: T=364.5, value=54824.0
    [iter 546613] reheat + diversify: T=364.5, value=52261.0
    [iter 552366] reheat + diversify: T=364.5, value=54639.0
    [iter 558119] reheat + diversify: T=364.5, value=55879.0
    [iter 563872] reheat + diversify: T=364.5, value=56217.0
    [iter 569625] reheat + diversify: T=364.5, value=54639.0
    [iter 575378] reheat + diversify: T=364.5, value=66844.0
    [iter 581131] reheat + diversify: T=364.5, value=60858.0
    [iter 586884] reheat + diversify: T=364.5, value=52261.0
    [iter 592637] reheat + diversify: T=364.5, value=66844.0
    [iter 598390] reheat + diversify: T=364.5, value=66844.0
    [iter 604143] reheat + diversify: T=364.5, value=63363.0
    [iter 609896] reheat + diversify: T=364.5, value=61043.0
    [iter 615649] reheat + diversify: T=364.5, value=66844.0
    [iter 621402] reheat + diversify: T=364.5, value=54824.0
    [iter 627155] reheat + diversify: T=364.5, value=66844.0
    [iter 632908] reheat + diversify: T=364.5, value=60287.0
    [iter 638661] reheat + diversify: T=364.5, value=66844.0
    [iter 644414] reheat + diversify: T=364.5, value=66844.0
    [iter 650167] reheat + diversify: T=364.5, value=66844.0
    [iter 655920] reheat + diversify: T=364.5, value=57724.0
    [iter 661673] reheat + diversify: T=364.5, value=54824.0
    [iter 667426] reheat + diversify: T=364.5, value=66844.0
    [iter 673179] reheat + diversify: T=364.5, value=54824.0
    [iter 678932] reheat + diversify: T=364.5, value=54824.0
    [iter 684685] reheat + diversify: T=364.5, value=53039.0
    [iter 690438] reheat + diversify: T=364.5, value=61043.0
    [iter 696191] reheat + diversify: T=364.5, value=50173.0
    [iter 701944] reheat + diversify: T=364.5, value=52076.0
    [iter 707697] reheat + diversify: T=364.5, value=54824.0
    [iter 713450] reheat + diversify: T=364.5, value=57724.0
    [iter 719203] reheat + diversify: T=364.5, value=56217.0
    [iter 724956] reheat + diversify: T=364.5, value=66844.0
    [iter 730709] reheat + diversify: T=364.5, value=45519.0
    [iter 736462] reheat + diversify: T=364.5, value=60287.0
    [iter 742215] reheat + diversify: T=364.5, value=66844.0
    [iter 747968] reheat + diversify: T=364.5, value=61043.0
    [iter 753721] reheat + diversify: T=364.5, value=66844.0
    [iter 759474] reheat + diversify: T=364.5, value=66844.0
    [iter 765227] reheat + diversify: T=364.5, value=66844.0
    [iter 770980] reheat + diversify: T=364.5, value=66844.0
    [iter 776733] reheat + diversify: T=364.5, value=56217.0
    [iter 782486] reheat + diversify: T=364.5, value=40241.0
    [iter 788239] reheat + diversify: T=364.5, value=56217.0
    [iter 793992] reheat + diversify: T=364.5, value=54824.0
    [iter 799745] reheat + diversify: T=364.5, value=56217.0
    [iter 805498] reheat + diversify: T=364.5, value=66844.0
    [iter 811251] reheat + diversify: T=364.5, value=46460.0
    [iter 817004] reheat + diversify: T=364.5, value=60287.0
    [iter 822757] reheat + diversify: T=364.5, value=66844.0
    [iter 828510] reheat + diversify: T=364.5, value=66844.0
    [iter 834263] reheat + diversify: T=364.5, value=57724.0
    [iter 840016] reheat + diversify: T=364.5, value=61043.0
    [iter 845769] reheat + diversify: T=364.5, value=66844.0
    [iter 851522] reheat + diversify: T=364.5, value=66844.0
    [iter 857275] reheat + diversify: T=364.5, value=52076.0
    [iter 863028] reheat + diversify: T=364.5, value=56217.0
    [iter 868781] reheat + diversify: T=364.5, value=66844.0
    [iter 874534] reheat + diversify: T=364.5, value=56217.0
    [iter 880287] reheat + diversify: T=364.5, value=54824.0
    [iter 886040] reheat + diversify: T=364.5, value=54824.0
    [iter 891793] reheat + diversify: T=364.5, value=60287.0
    [iter 897546] reheat + diversify: T=364.5, value=54824.0
    [iter 903299] reheat + diversify: T=364.5, value=56217.0
    [iter 909052] reheat + diversify: T=364.5, value=66844.0
    [iter 914805] reheat + diversify: T=364.5, value=60287.0
    [iter 920558] reheat + diversify: T=364.5, value=54824.0
    [iter 926311] reheat + diversify: T=364.5, value=50173.0
    [iter 932064] reheat + diversify: T=364.5, value=61043.0
    [iter 937817] reheat + diversify: T=364.5, value=54824.0
    [iter 943570] reheat + diversify: T=364.5, value=66844.0
    [iter 949323] reheat + diversify: T=364.5, value=54824.0
    [iter 955076] reheat + diversify: T=364.5, value=54824.0
    [iter 960829] reheat + diversify: T=364.5, value=60287.0
    [iter 966582] reheat + diversify: T=364.5, value=50173.0
    [iter 972335] reheat + diversify: T=364.5, value=66844.0
    [iter 978088] reheat + diversify: T=364.5, value=60287.0
    [iter 983841] reheat + diversify: T=364.5, value=60287.0
    [iter 989594] reheat + diversify: T=364.5, value=40536.0
    [iter 995347] reheat + diversify: T=364.5, value=54824.0
    [iter 1001100] reheat + diversify: T=364.5, value=52261.0
    [iter 1006853] reheat + diversify: T=364.5, value=60287.0
    [iter 1012606] reheat + diversify: T=364.5, value=66844.0
    [iter 1018359] reheat + diversify: T=364.5, value=52261.0
    [iter 1024112] reheat + diversify: T=364.5, value=60287.0
    [iter 1029865] reheat + diversify: T=364.5, value=56217.0
    [iter 1035618] reheat + diversify: T=364.5, value=66844.0
    [iter 1041371] reheat + diversify: T=364.5, value=46275.0
    [iter 1047124] reheat + diversify: T=364.5, value=66844.0
    [iter 1052877] reheat + diversify: T=364.5, value=54824.0
    [iter 1058630] reheat + diversify: T=364.5, value=54824.0
    [iter 1064383] reheat + diversify: T=364.5, value=60287.0
    [iter 1070136] reheat + diversify: T=364.5, value=50416.0
    [iter 1075889] reheat + diversify: T=364.5, value=66844.0
    [iter 1081642] reheat + diversify: T=364.5, value=66844.0
    [iter 1087395] reheat + diversify: T=364.5, value=66844.0
    [iter 1093148] reheat + diversify: T=364.5, value=54824.0
    [iter 1098901] reheat + diversify: T=364.5, value=66506.0
    [iter 1104654] reheat + diversify: T=364.5, value=66844.0
    [iter 1110407] reheat + diversify: T=364.5, value=54824.0
    [iter 1116160] reheat + diversify: T=364.5, value=66844.0
    [iter 1121913] reheat + diversify: T=364.5, value=60287.0
    [iter 1127666] reheat + diversify: T=364.5, value=54824.0
    [iter 1133419] reheat + diversify: T=364.5, value=66844.0
    [iter 1139172] reheat + diversify: T=364.5, value=61043.0
    [iter 1144925] reheat + diversify: T=364.5, value=54639.0
    [iter 1150678] reheat + diversify: T=364.5, value=52076.0
    [iter 1156431] reheat + diversify: T=364.5, value=48838.0
    [iter 1162184] reheat + diversify: T=364.5, value=56217.0
    [iter 1167937] reheat + diversify: T=364.5, value=60858.0
    [iter 1173690] reheat + diversify: T=364.5, value=60858.0
    [iter 1179443] reheat + diversify: T=364.5, value=66844.0
    [iter 1185196] reheat + diversify: T=364.5, value=66506.0
    [iter 1190949] reheat + diversify: T=364.5, value=66844.0
    [iter 1196702] reheat + diversify: T=364.5, value=54486.0
    [iter 1202455] reheat + diversify: T=364.5, value=66844.0
    [iter 1208208] reheat + diversify: T=364.5, value=66844.0
    [iter 1213961] reheat + diversify: T=364.5, value=56217.0
    [iter 1219714] reheat + diversify: T=364.5, value=66844.0
    [iter 1225467] reheat + diversify: T=364.5, value=47391.0
    [iter 1231220] reheat + diversify: T=364.5, value=54824.0
    [iter 1236973] reheat + diversify: T=364.5, value=57724.0
    [iter 1242726] reheat + diversify: T=364.5, value=66844.0
    [iter 1248479] reheat + diversify: T=364.5, value=54824.0
    [iter 1254232] reheat + diversify: T=364.5, value=54639.0
    [iter 1259985] reheat + diversify: T=364.5, value=66844.0
    [iter 1265738] reheat + diversify: T=364.5, value=54486.0
    [iter 1271491] reheat + diversify: T=364.5, value=42979.0
    [iter 1277244] reheat + diversify: T=364.5, value=66844.0
    [iter 1282997] reheat + diversify: T=364.5, value=66844.0
    [iter 1288750] reheat + diversify: T=364.5, value=59949.0
    [iter 1294503] reheat + diversify: T=364.5, value=54824.0
    [iter 1300256] reheat + diversify: T=364.5, value=54824.0
    [iter 1306009] reheat + diversify: T=364.5, value=66844.0
    [iter 1311762] reheat + diversify: T=364.5, value=46460.0
    [iter 1317515] reheat + diversify: T=364.5, value=50416.0
    [iter 1323268] reheat + diversify: T=364.5, value=60287.0
    [iter 1329021] reheat + diversify: T=364.5, value=66506.0
    [iter 1334774] reheat + diversify: T=364.5, value=61043.0
    [iter 1340527] reheat + diversify: T=364.5, value=54824.0
    [iter 1346280] reheat + diversify: T=364.5, value=56217.0
    [iter 1352033] reheat + diversify: T=364.5, value=66844.0
    [iter 1357786] reheat + diversify: T=364.5, value=61043.0
    [iter 1363539] reheat + diversify: T=364.5, value=60287.0
    [iter 1369292] reheat + diversify: T=364.5, value=66844.0
    [iter 1375045] reheat + diversify: T=364.5, value=66506.0
    [iter 1380798] reheat + diversify: T=364.5, value=66844.0
    [iter 1386551] reheat + diversify: T=364.5, value=56217.0
    [iter 1392304] reheat + diversify: T=364.5, value=56217.0
    [iter 1398057] reheat + diversify: T=364.5, value=66844.0
    [iter 1403810] reheat + diversify: T=364.5, value=66844.0
    [iter 1409563] reheat + diversify: T=364.5, value=55879.0
    [iter 1415316] reheat + diversify: T=364.5, value=66844.0
    [iter 1421069] reheat + diversify: T=364.5, value=50416.0
    [iter 1426822] reheat + diversify: T=364.5, value=52261.0
    [iter 1432575] reheat + diversify: T=364.5, value=66506.0
    [iter 1438328] reheat + diversify: T=364.5, value=57724.0
    [iter 1444081] reheat + diversify: T=364.5, value=58955.0
    [iter 1449834] reheat + diversify: T=364.5, value=60287.0
    [iter 1455587] reheat + diversify: T=364.5, value=57724.0
    [iter 1461340] reheat + diversify: T=364.5, value=66844.0
    [iter 1467093] reheat + diversify: T=364.5, value=66844.0
    [iter 1472846] reheat + diversify: T=364.5, value=52076.0
    [iter 1478599] reheat + diversify: T=364.5, value=52261.0
    [iter 1484352] reheat + diversify: T=364.5, value=58955.0
    [iter 1490105] reheat + diversify: T=364.5, value=66506.0
    [iter 1495858] reheat + diversify: T=364.5, value=61043.0
    [iter 1501611] reheat + diversify: T=364.5, value=57724.0
    [iter 1507364] reheat + diversify: T=364.5, value=60287.0
    [iter 1513117] reheat + diversify: T=364.5, value=54639.0
    [iter 1518870] reheat + diversify: T=364.5, value=50231.0
    [iter 1524623] reheat + diversify: T=364.5, value=48838.0
    [iter 1530376] reheat + diversify: T=364.5, value=60287.0
    [iter 1536129] reheat + diversify: T=364.5, value=54639.0
    [iter 1541882] reheat + diversify: T=364.5, value=55879.0
    [iter 1547635] reheat + diversify: T=364.5, value=60287.0
    [iter 1553388] reheat + diversify: T=364.5, value=66844.0
    [iter 1559141] reheat + diversify: T=364.5, value=52261.0
    [iter 1564894] reheat + diversify: T=364.5, value=66844.0
    [iter 1570647] reheat + diversify: T=364.5, value=66844.0
    [iter 1576400] reheat + diversify: T=364.5, value=60287.0
    [iter 1582153] reheat + diversify: T=364.5, value=60287.0
    [iter 1587906] reheat + diversify: T=364.5, value=54486.0
    [iter 1593659] reheat + diversify: T=364.5, value=60287.0
    [iter 1599412] reheat + diversify: T=364.5, value=60287.0
    [iter 1605165] reheat + diversify: T=364.5, value=66844.0
    [iter 1610918] reheat + diversify: T=364.5, value=66844.0
    [iter 1616671] reheat + diversify: T=364.5, value=66844.0
    [iter 1622424] reheat + diversify: T=364.5, value=54824.0
    [iter 1628177] reheat + diversify: T=364.5, value=66844.0
    [iter 1633930] reheat + diversify: T=364.5, value=61043.0
    [iter 1639683] reheat + diversify: T=364.5, value=56217.0
    [iter 1645436] reheat + diversify: T=364.5, value=60287.0
    [iter 1651189] reheat + diversify: T=364.5, value=52261.0
    [iter 1656942] reheat + diversify: T=364.5, value=59949.0
    [iter 1662695] reheat + diversify: T=364.5, value=52261.0
    [iter 1668448] reheat + diversify: T=364.5, value=54301.0
    [iter 1674201] reheat + diversify: T=364.5, value=66844.0
    [iter 1679954] reheat + diversify: T=364.5, value=60287.0
    [iter 1685707] reheat + diversify: T=364.5, value=66844.0
    [iter 1691460] reheat + diversify: T=364.5, value=45704.0
    [iter 1697213] reheat + diversify: T=364.5, value=66844.0
    [iter 1702966] reheat + diversify: T=364.5, value=56217.0
    [iter 1708719] reheat + diversify: T=364.5, value=66506.0
    [iter 1714472] reheat + diversify: T=364.5, value=54301.0
    [iter 1720225] reheat + diversify: T=364.5, value=66844.0
    [iter 1725978] reheat + diversify: T=364.5, value=66844.0
    [iter 1731731] reheat + diversify: T=364.5, value=66844.0
    [iter 1737484] reheat + diversify: T=364.5, value=52076.0
    [iter 1743237] reheat + diversify: T=364.5, value=66844.0
    [iter 1748990] reheat + diversify: T=364.5, value=66844.0
    [iter 1754743] reheat + diversify: T=364.5, value=54486.0
    [iter 1760496] reheat + diversify: T=364.5, value=54824.0
    [iter 1766249] reheat + diversify: T=364.5, value=59949.0
    [iter 1772002] reheat + diversify: T=364.5, value=52261.0
    [iter 1777755] reheat + diversify: T=364.5, value=61043.0
    [iter 1783508] reheat + diversify: T=364.5, value=54824.0
    [iter 1789261] reheat + diversify: T=364.5, value=56217.0
    [iter 1795014] reheat + diversify: T=364.5, value=66844.0
    [iter 1800767] reheat + diversify: T=364.5, value=66844.0
    [iter 1806520] reheat + diversify: T=364.5, value=66844.0
    [iter 1812273] reheat + diversify: T=364.5, value=66844.0
    [iter 1818026] reheat + diversify: T=364.5, value=54824.0
    [iter 1823779] reheat + diversify: T=364.5, value=61043.0
    [iter 1829532] reheat + diversify: T=364.5, value=66844.0
    [iter 1835285] reheat + diversify: T=364.5, value=41449.0
    [iter 1841038] reheat + diversify: T=364.5, value=66844.0
    [iter 1846791] reheat + diversify: T=364.5, value=66844.0
    [iter 1852544] reheat + diversify: T=364.5, value=66844.0
    [iter 1858297] reheat + diversify: T=364.5, value=54824.0
    [iter 1864050] reheat + diversify: T=364.5, value=66844.0
    [iter 1869803] reheat + diversify: T=364.5, value=56217.0
    [iter 1875556] reheat + diversify: T=364.5, value=52076.0
    [iter 1881309] reheat + diversify: T=364.5, value=59949.0
    [iter 1887062] reheat + diversify: T=364.5, value=61043.0
    [iter 1892815] reheat + diversify: T=364.5, value=66844.0
    [iter 1898568] reheat + diversify: T=364.5, value=40241.0
    [iter 1904321] reheat + diversify: T=364.5, value=50231.0
    [iter 1910074] reheat + diversify: T=364.5, value=54824.0
    [iter 1915827] reheat + diversify: T=364.5, value=66844.0
    [iter 1921580] reheat + diversify: T=364.5, value=54301.0
    [iter 1927333] reheat + diversify: T=364.5, value=54639.0
    [iter 1933086] reheat + diversify: T=364.5, value=66844.0
    [iter 1938839] reheat + diversify: T=364.5, value=54486.0
    [iter 1944592] reheat + diversify: T=364.5, value=66844.0
    [iter 1950345] reheat + diversify: T=364.5, value=54824.0
    [iter 1956098] reheat + diversify: T=364.5, value=60287.0
    [iter 1961851] reheat + diversify: T=364.5, value=54824.0
    [iter 1967604] reheat + diversify: T=364.5, value=54486.0
    [iter 1973357] reheat + diversify: T=364.5, value=57724.0
    [iter 1979110] reheat + diversify: T=364.5, value=66844.0
    [iter 1984863] reheat + diversify: T=364.5, value=61043.0
    [iter 1990616] reheat + diversify: T=364.5, value=51167.0
    [iter 1996369] reheat + diversify: T=364.5, value=66844.0
    [iter 2002122] reheat + diversify: T=364.5, value=54824.0
    [iter 2007875] reheat + diversify: T=364.5, value=54824.0
    [iter 2013628] reheat + diversify: T=364.5, value=60287.0
    [iter 2019381] reheat + diversify: T=364.5, value=57724.0
    [iter 2025134] reheat + diversify: T=364.5, value=54824.0
    [iter 2030887] reheat + diversify: T=364.5, value=52261.0
    [iter 2036640] reheat + diversify: T=364.5, value=60287.0
    [iter 2042393] reheat + diversify: T=364.5, value=66844.0
    [iter 2048146] reheat + diversify: T=364.5, value=66844.0
    [iter 2053899] reheat + diversify: T=364.5, value=58955.0
    [iter 2059652] reheat + diversify: T=364.5, value=66844.0
    [iter 2065405] reheat + diversify: T=364.5, value=60287.0
    [iter 2071158] reheat + diversify: T=364.5, value=66844.0
    [iter 2076911] reheat + diversify: T=364.5, value=54486.0
    [iter 2082664] reheat + diversify: T=364.5, value=66844.0
    [iter 2088417] reheat + diversify: T=364.5, value=66844.0
    [iter 2094170] reheat + diversify: T=364.5, value=56217.0
    [iter 2099923] reheat + diversify: T=364.5, value=66506.0
    [iter 2105676] reheat + diversify: T=364.5, value=49835.0
    [iter 2111429] reheat + diversify: T=364.5, value=66844.0
    [iter 2117182] reheat + diversify: T=364.5, value=51923.0
    [iter 2122935] reheat + diversify: T=364.5, value=66844.0
    [iter 2128688] reheat + diversify: T=364.5, value=66844.0
    [iter 2134441] reheat + diversify: T=364.5, value=66844.0
    [iter 2140194] reheat + diversify: T=364.5, value=66844.0
    [iter 2145947] reheat + diversify: T=364.5, value=56217.0
    [iter 2151700] reheat + diversify: T=364.5, value=54639.0
    [iter 2157453] reheat + diversify: T=364.5, value=50231.0
    [iter 2163206] reheat + diversify: T=364.5, value=66844.0
    [iter 2168959] reheat + diversify: T=364.5, value=66506.0
    [iter 2174712] reheat + diversify: T=364.5, value=60287.0
    [iter 2180465] reheat + diversify: T=364.5, value=50173.0
    [iter 2186218] reheat + diversify: T=364.5, value=51738.0
    [iter 2191971] reheat + diversify: T=364.5, value=48838.0
    [iter 2197724] reheat + diversify: T=364.5, value=66844.0
    [iter 2203477] reheat + diversify: T=364.5, value=57724.0
    [iter 2209230] reheat + diversify: T=364.5, value=60287.0
    [iter 2214983] reheat + diversify: T=364.5, value=66844.0
    [iter 2220736] reheat + diversify: T=364.5, value=66844.0
    [iter 2226489] reheat + diversify: T=364.5, value=56217.0
    [iter 2232242] reheat + diversify: T=364.5, value=66844.0
    [iter 2237995] reheat + diversify: T=364.5, value=54824.0
    [iter 2243748] reheat + diversify: T=364.5, value=60287.0
    [iter 2249501] reheat + diversify: T=364.5, value=66844.0
    [iter 2255254] reheat + diversify: T=364.5, value=61043.0
    [iter 2261007] reheat + diversify: T=364.5, value=54639.0
    [iter 2266760] reheat + diversify: T=364.5, value=66844.0
    [iter 2272513] reheat + diversify: T=364.5, value=54824.0
    [iter 2278266] reheat + diversify: T=364.5, value=55879.0
    [iter 2284019] reheat + diversify: T=364.5, value=66844.0
    [iter 2289772] reheat + diversify: T=364.5, value=66844.0
    [iter 2295525] reheat + diversify: T=364.5, value=45704.0
    [iter 2301278] reheat + diversify: T=364.5, value=66844.0
    [iter 2307031] reheat + diversify: T=364.5, value=56217.0
    [iter 2312784] reheat + diversify: T=364.5, value=48838.0
    [iter 2318537] reheat + diversify: T=364.5, value=60287.0
    [iter 2324290] reheat + diversify: T=364.5, value=66844.0
    [iter 2330043] reheat + diversify: T=364.5, value=60287.0
    [iter 2335796] reheat + diversify: T=364.5, value=66844.0
    [iter 2341549] reheat + diversify: T=364.5, value=40056.0
    [iter 2347302] reheat + diversify: T=364.5, value=66844.0
    [iter 2353055] reheat + diversify: T=364.5, value=60287.0
    [iter 2358808] reheat + diversify: T=364.5, value=57724.0
    [iter 2364561] reheat + diversify: T=364.5, value=40056.0
    [iter 2370314] reheat + diversify: T=364.5, value=56217.0
    [iter 2376067] reheat + diversify: T=364.5, value=44257.0
    [iter 2381820] reheat + diversify: T=364.5, value=54824.0
    [iter 2387573] reheat + diversify: T=364.5, value=48838.0
    [iter 2393326] reheat + diversify: T=364.5, value=66844.0
    [iter 2399079] reheat + diversify: T=364.5, value=60287.0
    [iter 2404832] reheat + diversify: T=364.5, value=66506.0
    [iter 2410585] reheat + diversify: T=364.5, value=66844.0
    [iter 2416338] reheat + diversify: T=364.5, value=49023.0
    [iter 2422091] reheat + diversify: T=364.5, value=52261.0
    [iter 2427844] reheat + diversify: T=364.5, value=66844.0
    [iter 2433597] reheat + diversify: T=364.5, value=66844.0
    [iter 2439350] reheat + diversify: T=364.5, value=66844.0
    [iter 2445103] reheat + diversify: T=364.5, value=66844.0
    [iter 2450856] reheat + diversify: T=364.5, value=60287.0
    [iter 2456609] reheat + diversify: T=364.5, value=55879.0
    [iter 2462362] reheat + diversify: T=364.5, value=54486.0
    [iter 2468115] reheat + diversify: T=364.5, value=60287.0
    [iter 2473868] reheat + diversify: T=364.5, value=45704.0
    [iter 2479621] reheat + diversify: T=364.5, value=52261.0
    [iter 2485374] reheat + diversify: T=364.5, value=66844.0
    [iter 2491127] reheat + diversify: T=364.5, value=50416.0
    [iter 2496880] reheat + diversify: T=364.5, value=66844.0
    [iter 2502633] reheat + diversify: T=364.5, value=56217.0
    [iter 2508386] reheat + diversify: T=364.5, value=61043.0
    [iter 2514139] reheat + diversify: T=364.5, value=56217.0
    [iter 2519892] reheat + diversify: T=364.5, value=57724.0
    [iter 2525645] reheat + diversify: T=364.5, value=47097.0
    [iter 2531398] reheat + diversify: T=364.5, value=50231.0
    [iter 2537151] reheat + diversify: T=364.5, value=56217.0
    [iter 2542904] reheat + diversify: T=364.5, value=60287.0
    [iter 2548657] reheat + diversify: T=364.5, value=45704.0
    [iter 2554410] reheat + diversify: T=364.5, value=52261.0
    [iter 2560163] reheat + diversify: T=364.5, value=60858.0
    [iter 2565916] reheat + diversify: T=364.5, value=40056.0
    [iter 2571669] reheat + diversify: T=364.5, value=60287.0
    [iter 2577422] reheat + diversify: T=364.5, value=66844.0
    [iter 2583175] reheat + diversify: T=364.5, value=66844.0
    [iter 2588928] reheat + diversify: T=364.5, value=66844.0
    [iter 2594681] reheat + diversify: T=364.5, value=61043.0
    [iter 2600434] reheat + diversify: T=364.5, value=54824.0
    [iter 2606187] reheat + diversify: T=364.5, value=60287.0
    [iter 2611940] reheat + diversify: T=364.5, value=49656.0
    [iter 2617693] reheat + diversify: T=364.5, value=54824.0
    [iter 2623446] reheat + diversify: T=364.5, value=56217.0
    [iter 2629199] reheat + diversify: T=364.5, value=66844.0
    [iter 2634952] reheat + diversify: T=364.5, value=54824.0
    [iter 2640705] reheat + diversify: T=364.5, value=56217.0
    [iter 2646458] reheat + diversify: T=364.5, value=54639.0
    [iter 2652211] reheat + diversify: T=364.5, value=66844.0
    [iter 2657964] reheat + diversify: T=364.5, value=54824.0
    [iter 2663717] reheat + diversify: T=364.5, value=66844.0
    [iter 2669470] reheat + diversify: T=364.5, value=66844.0
    [iter 2675223] reheat + diversify: T=364.5, value=66844.0
    [iter 2680976] reheat + diversify: T=364.5, value=45704.0
    [iter 2686729] reheat + diversify: T=364.5, value=66844.0
    [iter 2692482] reheat + diversify: T=364.5, value=61043.0
    [iter 2698235] reheat + diversify: T=364.5, value=58955.0
    [iter 2703988] reheat + diversify: T=364.5, value=56217.0
    [iter 2709741] reheat + diversify: T=364.5, value=56217.0
    [iter 2715494] reheat + diversify: T=364.5, value=66844.0
    [iter 2721247] reheat + diversify: T=364.5, value=52261.0
    [iter 2727000] reheat + diversify: T=364.5, value=60287.0
    [iter 2732753] reheat + diversify: T=364.5, value=60287.0
    [iter 2738506] reheat + diversify: T=364.5, value=57724.0
    [iter 2744259] reheat + diversify: T=364.5, value=60287.0
    [iter 2750012] reheat + diversify: T=364.5, value=66844.0
    [iter 2755765] reheat + diversify: T=364.5, value=45704.0
    [iter 2761518] reheat + diversify: T=364.5, value=61043.0
    [iter 2767271] reheat + diversify: T=364.5, value=54824.0
    [iter 2773024] reheat + diversify: T=364.5, value=66844.0
    [iter 2778777] reheat + diversify: T=364.5, value=41634.0
    [iter 2784530] reheat + diversify: T=364.5, value=54824.0
    [iter 2790283] reheat + diversify: T=364.5, value=56217.0
    [iter 2796036] reheat + diversify: T=364.5, value=61043.0
    [iter 2801789] reheat + diversify: T=364.5, value=66844.0
    [iter 2807542] reheat + diversify: T=364.5, value=52261.0
    [iter 2813295] reheat + diversify: T=364.5, value=66844.0
    [iter 2819048] reheat + diversify: T=364.5, value=60287.0
    [iter 2824801] reheat + diversify: T=364.5, value=60858.0
    [iter 2830554] reheat + diversify: T=364.5, value=66844.0
    [iter 2836307] reheat + diversify: T=364.5, value=66844.0
    [iter 2842060] reheat + diversify: T=364.5, value=66506.0
    [iter 2847813] reheat + diversify: T=364.5, value=45519.0
    [iter 2853566] reheat + diversify: T=364.5, value=54824.0
    [iter 2859319] reheat + diversify: T=364.5, value=54824.0
    [iter 2865072] reheat + diversify: T=364.5, value=54824.0
    [iter 2870825] reheat + diversify: T=364.5, value=66844.0
    [iter 2876578] reheat + diversify: T=364.5, value=57377.0
    [iter 2882331] reheat + diversify: T=364.5, value=66844.0
    [iter 2888084] reheat + diversify: T=364.5, value=66506.0
    [iter 2893837] reheat + diversify: T=364.5, value=54824.0
    [iter 2899590] reheat + diversify: T=364.5, value=66844.0
    [iter 2905343] reheat + diversify: T=364.5, value=66844.0
    [iter 2911096] reheat + diversify: T=364.5, value=56217.0
    [iter 2916849] reheat + diversify: T=364.5, value=60287.0
    [iter 2922602] reheat + diversify: T=364.5, value=50173.0
    [iter 2928355] reheat + diversify: T=364.5, value=60287.0
    [iter 2934108] reheat + diversify: T=364.5, value=60287.0
    [iter 2939861] reheat + diversify: T=364.5, value=56217.0
    [iter 2945614] reheat + diversify: T=364.5, value=60287.0
    [iter 2951367] reheat + diversify: T=364.5, value=54639.0
    [iter 2957120] reheat + diversify: T=364.5, value=60287.0
    [iter 2962873] reheat + diversify: T=364.5, value=52261.0
    [iter 2968626] reheat + diversify: T=364.5, value=66506.0
    [iter 2974379] reheat + diversify: T=364.5, value=60287.0
    [iter 2980132] reheat + diversify: T=364.5, value=54824.0
    [iter 2985885] reheat + diversify: T=364.5, value=54824.0
    [iter 2991638] reheat + diversify: T=364.5, value=54824.0
    [iter 2997391] reheat + diversify: T=364.5, value=66844.0
    [iter 3003144] reheat + diversify: T=364.5, value=54639.0
    [iter 3008897] reheat + diversify: T=364.5, value=66844.0
    [iter 3014650] reheat + diversify: T=364.5, value=52076.0
    [iter 3020403] reheat + diversify: T=364.5, value=66844.0
    [iter 3026156] reheat + diversify: T=364.5, value=66844.0
    [iter 3031909] reheat + diversify: T=364.5, value=54639.0
    [iter 3037662] reheat + diversify: T=364.5, value=54639.0
    [iter 3043415] reheat + diversify: T=364.5, value=60287.0
    [iter 3049168] reheat + diversify: T=364.5, value=66844.0
    [iter 3054921] reheat + diversify: T=364.5, value=66506.0
    [iter 3060674] reheat + diversify: T=364.5, value=66844.0
    [iter 3066427] reheat + diversify: T=364.5, value=58955.0
    [iter 3072180] reheat + diversify: T=364.5, value=61043.0
    [iter 3077933] reheat + diversify: T=364.5, value=54824.0
    [iter 3083686] reheat + diversify: T=364.5, value=54824.0
    [iter 3089439] reheat + diversify: T=364.5, value=54824.0
    [iter 3095192] reheat + diversify: T=364.5, value=52076.0
    [iter 3100945] reheat + diversify: T=364.5, value=54824.0
    [iter 3106698] reheat + diversify: T=364.5, value=50416.0
    [iter 3112451] reheat + diversify: T=364.5, value=52261.0
    [iter 3118204] reheat + diversify: T=364.5, value=45704.0
    [iter 3123957] reheat + diversify: T=364.5, value=66844.0
    [iter 3129710] reheat + diversify: T=364.5, value=66844.0
    [iter 3135463] reheat + diversify: T=364.5, value=66844.0
    [iter 3141216] reheat + diversify: T=364.5, value=54824.0
    [iter 3146969] reheat + diversify: T=364.5, value=60287.0
    [iter 3152722] reheat + diversify: T=364.5, value=60287.0
    [iter 3158475] reheat + diversify: T=364.5, value=66844.0
    [iter 3164228] reheat + diversify: T=364.5, value=54639.0
    [iter 3169981] reheat + diversify: T=364.5, value=66844.0
    [iter 3175734] reheat + diversify: T=364.5, value=54639.0
    [iter 3181487] reheat + diversify: T=364.5, value=66844.0
    [iter 3187240] reheat + diversify: T=364.5, value=60858.0
    [iter 3192993] reheat + diversify: T=364.5, value=54824.0
    [iter 3198746] reheat + diversify: T=364.5, value=54639.0
    [iter 3204499] reheat + diversify: T=364.5, value=54824.0
    [iter 3210252] reheat + diversify: T=364.5, value=56217.0
    [iter 3216005] reheat + diversify: T=364.5, value=48838.0
    [iter 3221758] reheat + diversify: T=364.5, value=56217.0
    [iter 3227511] reheat + diversify: T=364.5, value=66844.0
    [iter 3233264] reheat + diversify: T=364.5, value=54301.0
    [iter 3239017] reheat + diversify: T=364.5, value=53039.0
    [iter 3244770] reheat + diversify: T=364.5, value=60287.0
    [iter 3250523] reheat + diversify: T=364.5, value=66844.0
    [iter 3256276] reheat + diversify: T=364.5, value=56217.0
    [iter 3262029] reheat + diversify: T=364.5, value=52076.0
    [iter 3267782] reheat + diversify: T=364.5, value=61043.0
    [iter 3273535] reheat + diversify: T=364.5, value=41634.0
    [iter 3279288] reheat + diversify: T=364.5, value=60287.0
    [iter 3285041] reheat + diversify: T=364.5, value=66844.0
    [iter 3290794] reheat + diversify: T=364.5, value=66844.0
    [iter 3296547] reheat + diversify: T=364.5, value=54824.0
    [iter 3302300] reheat + diversify: T=364.5, value=66844.0
    [iter 3308053] reheat + diversify: T=364.5, value=54639.0
    [iter 3313806] reheat + diversify: T=364.5, value=54824.0
    [iter 3319559] reheat + diversify: T=364.5, value=60287.0
    [iter 3325312] reheat + diversify: T=364.5, value=54824.0
    [iter 3331065] reheat + diversify: T=364.5, value=52261.0
    [iter 3336818] reheat + diversify: T=364.5, value=41634.0
    [iter 3342571] reheat + diversify: T=364.5, value=66844.0
    [iter 3348324] reheat + diversify: T=364.5, value=60287.0
    [iter 3354077] reheat + diversify: T=364.5, value=54824.0
    [iter 3359830] reheat + diversify: T=364.5, value=45704.0
    [iter 3365583] reheat + diversify: T=364.5, value=51738.0
    [iter 3371336] reheat + diversify: T=364.5, value=54639.0
    [iter 3377089] reheat + diversify: T=364.5, value=66844.0
    [iter 3382842] reheat + diversify: T=364.5, value=66844.0
    [iter 3388595] reheat + diversify: T=364.5, value=66844.0
    [iter 3394348] reheat + diversify: T=364.5, value=48838.0
    [iter 3400101] reheat + diversify: T=364.5, value=54824.0
    [iter 3405854] reheat + diversify: T=364.5, value=66844.0
    [iter 3411607] reheat + diversify: T=364.5, value=56217.0
    [iter 3417360] reheat + diversify: T=364.5, value=54824.0
    [iter 3423113] reheat + diversify: T=364.5, value=66844.0
    [iter 3428866] reheat + diversify: T=364.5, value=54824.0
    [iter 3434619] reheat + diversify: T=364.5, value=56217.0
    [iter 3440372] reheat + diversify: T=364.5, value=66844.0
    [iter 3446125] reheat + diversify: T=364.5, value=66844.0
    [iter 3451878] reheat + diversify: T=364.5, value=61043.0
    [iter 3457631] reheat + diversify: T=364.5, value=45704.0
    [iter 3463384] reheat + diversify: T=364.5, value=57724.0
    [iter 3469137] reheat + diversify: T=364.5, value=66844.0
    [iter 3474890] reheat + diversify: T=364.5, value=54639.0
    [iter 3480643] reheat + diversify: T=364.5, value=66844.0
    [iter 3486396] reheat + diversify: T=364.5, value=57724.0
    [iter 3492149] reheat + diversify: T=364.5, value=56217.0
    [iter 3497902] reheat + diversify: T=364.5, value=57724.0
    [iter 3503655] reheat + diversify: T=364.5, value=60858.0
    [iter 3509408] reheat + diversify: T=364.5, value=52261.0
    [iter 3515161] reheat + diversify: T=364.5, value=48838.0
    [iter 3520914] reheat + diversify: T=364.5, value=66844.0
    [iter 3526667] reheat + diversify: T=364.5, value=66844.0
    [iter 3532420] reheat + diversify: T=364.5, value=66844.0
    [iter 3538173] reheat + diversify: T=364.5, value=54301.0
    [iter 3543926] reheat + diversify: T=364.5, value=49023.0
    [iter 3549679] reheat + diversify: T=364.5, value=66844.0
    [iter 3555432] reheat + diversify: T=364.5, value=60287.0
    [iter 3561185] reheat + diversify: T=364.5, value=66844.0
    [iter 3566938] reheat + diversify: T=364.5, value=55879.0
    [iter 3572691] reheat + diversify: T=364.5, value=56217.0
    [iter 3578444] reheat + diversify: T=364.5, value=52261.0
    [iter 3584197] reheat + diversify: T=364.5, value=60287.0
    [iter 3589950] reheat + diversify: T=364.5, value=66844.0
    [iter 3595703] reheat + diversify: T=364.5, value=66844.0
    [iter 3601456] reheat + diversify: T=364.5, value=52261.0
    [iter 3607209] reheat + diversify: T=364.5, value=54824.0
    [iter 3612962] reheat + diversify: T=364.5, value=58955.0
    [iter 3618715] reheat + diversify: T=364.5, value=57724.0
    [iter 3624468] reheat + diversify: T=364.5, value=66844.0
    [iter 3630221] reheat + diversify: T=364.5, value=56217.0
    [iter 3635974] reheat + diversify: T=364.5, value=50231.0
    [iter 3641727] reheat + diversify: T=364.5, value=51923.0
    [iter 3647480] reheat + diversify: T=364.5, value=66844.0
    [iter 3653233] reheat + diversify: T=364.5, value=47097.0
    [iter 3658986] reheat + diversify: T=364.5, value=66844.0
    [iter 3664739] reheat + diversify: T=364.5, value=66844.0
    [iter 3670492] reheat + diversify: T=364.5, value=57724.0
    [iter 3676245] reheat + diversify: T=364.5, value=45704.0
    [iter 3681998] reheat + diversify: T=364.5, value=60287.0
    [iter 3687751] reheat + diversify: T=364.5, value=50416.0
    [iter 3693504] reheat + diversify: T=364.5, value=57386.0
    [iter 3699257] reheat + diversify: T=364.5, value=66844.0
    [iter 3705010] reheat + diversify: T=364.5, value=58955.0
    [iter 3710763] reheat + diversify: T=364.5, value=66844.0
    [iter 3716516] reheat + diversify: T=364.5, value=66844.0
    [iter 3722269] reheat + diversify: T=364.5, value=54824.0
    [iter 3728022] reheat + diversify: T=364.5, value=66844.0
    [iter 3733775] reheat + diversify: T=364.5, value=66844.0
    [iter 3739528] reheat + diversify: T=364.5, value=54824.0
    [iter 3745281] reheat + diversify: T=364.5, value=55879.0
    [iter 3751034] reheat + diversify: T=364.5, value=66844.0
    [iter 3756787] reheat + diversify: T=364.5, value=66844.0
    [iter 3762540] reheat + diversify: T=364.5, value=54639.0
    [iter 3768293] reheat + diversify: T=364.5, value=57724.0
    [iter 3774046] reheat + diversify: T=364.5, value=66844.0
    [iter 3779799] reheat + diversify: T=364.5, value=60287.0
    [iter 3785552] reheat + diversify: T=364.5, value=66844.0
    [iter 3791305] reheat + diversify: T=364.5, value=54824.0
    [iter 3797058] reheat + diversify: T=364.5, value=45519.0
    [iter 3802811] reheat + diversify: T=364.5, value=45704.0
    [iter 3808564] reheat + diversify: T=364.5, value=54824.0
    [iter 3814317] reheat + diversify: T=364.5, value=61043.0
    [iter 3820070] reheat + diversify: T=364.5, value=60287.0
    [iter 3825823] reheat + diversify: T=364.5, value=50416.0
    [iter 3831576] reheat + diversify: T=364.5, value=55879.0
    [iter 3837329] reheat + diversify: T=364.5, value=66844.0
    [iter 3843082] reheat + diversify: T=364.5, value=66844.0
    [iter 3848835] reheat + diversify: T=364.5, value=48838.0
    [iter 3854588] reheat + diversify: T=364.5, value=52076.0
    [iter 3860341] reheat + diversify: T=364.5, value=54824.0
    [iter 3866094] reheat + diversify: T=364.5, value=66844.0
    [iter 3871847] reheat + diversify: T=364.5, value=66844.0
    [iter 3877600] reheat + diversify: T=364.5, value=66506.0
    [iter 3883353] reheat + diversify: T=364.5, value=45704.0
    [iter 3889106] reheat + diversify: T=364.5, value=57724.0
    [iter 3894859] reheat + diversify: T=364.5, value=60287.0
    [iter 3900612] reheat + diversify: T=364.5, value=60287.0
    [iter 3906365] reheat + diversify: T=364.5, value=60858.0
    [iter 3912118] reheat + diversify: T=364.5, value=56217.0
    [iter 3917871] reheat + diversify: T=364.5, value=66844.0
    [iter 3923624] reheat + diversify: T=364.5, value=66844.0
    [iter 3929377] reheat + diversify: T=364.5, value=66844.0
    [iter 3935130] reheat + diversify: T=364.5, value=66844.0
    [iter 3940883] reheat + diversify: T=364.5, value=54639.0
    [iter 3946636] reheat + diversify: T=364.5, value=54824.0
    [iter 3952389] reheat + diversify: T=364.5, value=41634.0
    [iter 3958142] reheat + diversify: T=364.5, value=52076.0
    [iter 3963895] reheat + diversify: T=364.5, value=60287.0
    [iter 3969648] reheat + diversify: T=364.5, value=66844.0
    [iter 3975401] reheat + diversify: T=364.5, value=52261.0
    [iter 3981154] reheat + diversify: T=364.5, value=66844.0
    [iter 3986907] reheat + diversify: T=364.5, value=66844.0
    [iter 3992660] reheat + diversify: T=364.5, value=40536.0
    [iter 3998413] reheat + diversify: T=364.5, value=66844.0
    [iter 4004166] reheat + diversify: T=364.5, value=66844.0
    [iter 4009919] reheat + diversify: T=364.5, value=54824.0
    [iter 4015672] reheat + diversify: T=364.5, value=54824.0
    [iter 4021425] reheat + diversify: T=364.5, value=47097.0
    [iter 4027178] reheat + diversify: T=364.5, value=61043.0
    [iter 4032931] reheat + diversify: T=364.5, value=54639.0
    [iter 4038684] reheat + diversify: T=364.5, value=66844.0
    [iter 4044437] reheat + diversify: T=364.5, value=52261.0
    [iter 4050190] reheat + diversify: T=364.5, value=66506.0
    [iter 4055943] reheat + diversify: T=364.5, value=60287.0
    [iter 4061696] reheat + diversify: T=364.5, value=66844.0
    [iter 4067449] reheat + diversify: T=364.5, value=54824.0
    [iter 4073202] reheat + diversify: T=364.5, value=61043.0
    [iter 4078955] reheat + diversify: T=364.5, value=66844.0
    [iter 4084708] reheat + diversify: T=364.5, value=60287.0
    [iter 4090461] reheat + diversify: T=364.5, value=66844.0
    [iter 4096214] reheat + diversify: T=364.5, value=56217.0
    [iter 4101967] reheat + diversify: T=364.5, value=55879.0
    [iter 4107720] reheat + diversify: T=364.5, value=45519.0
    [iter 4113473] reheat + diversify: T=364.5, value=51167.0
    [iter 4119226] reheat + diversify: T=364.5, value=66844.0
    [iter 4124979] reheat + diversify: T=364.5, value=47097.0
    [iter 4130732] reheat + diversify: T=364.5, value=50173.0
    [iter 4136485] reheat + diversify: T=364.5, value=52261.0
    [iter 4142238] reheat + diversify: T=364.5, value=56217.0
    [iter 4147991] reheat + diversify: T=364.5, value=66506.0
    [iter 4153744] reheat + diversify: T=364.5, value=66844.0
    [iter 4159497] reheat + diversify: T=364.5, value=66844.0
    [iter 4165250] reheat + diversify: T=364.5, value=56217.0
    [iter 4171003] reheat + diversify: T=364.5, value=54639.0
    [iter 4176756] reheat + diversify: T=364.5, value=61043.0
    [iter 4182509] reheat + diversify: T=364.5, value=50173.0
    [iter 4188262] reheat + diversify: T=364.5, value=50416.0
    [iter 4194015] reheat + diversify: T=364.5, value=66844.0
    [iter 4199768] reheat + diversify: T=364.5, value=54824.0
    [iter 4205521] reheat + diversify: T=364.5, value=54824.0
    [iter 4211274] reheat + diversify: T=364.5, value=61043.0
    [iter 4217027] reheat + diversify: T=364.5, value=54824.0
    [iter 4222780] reheat + diversify: T=364.5, value=52261.0
    [iter 4228533] reheat + diversify: T=364.5, value=60287.0
    [iter 4234286] reheat + diversify: T=364.5, value=54824.0
    [iter 4240039] reheat + diversify: T=364.5, value=66844.0
    [iter 4245792] reheat + diversify: T=364.5, value=54824.0
    [iter 4251545] reheat + diversify: T=364.5, value=66844.0
    [iter 4257298] reheat + diversify: T=364.5, value=60287.0
    [iter 4263051] reheat + diversify: T=364.5, value=60287.0
    [iter 4268804] reheat + diversify: T=364.5, value=40056.0
    [iter 4274557] reheat + diversify: T=364.5, value=66844.0
    [iter 4280310] reheat + diversify: T=364.5, value=55879.0
    [iter 4286063] reheat + diversify: T=364.5, value=54824.0
    [iter 4291816] reheat + diversify: T=364.5, value=52076.0
    [iter 4297569] reheat + diversify: T=364.5, value=57724.0
    [iter 4303322] reheat + diversify: T=364.5, value=54824.0
    [iter 4309075] reheat + diversify: T=364.5, value=66844.0
    [iter 4314828] reheat + diversify: T=364.5, value=54639.0
    [iter 4320581] reheat + diversify: T=364.5, value=57724.0
    [iter 4326334] reheat + diversify: T=364.5, value=66844.0
    [iter 4332087] reheat + diversify: T=364.5, value=55879.0
    [iter 4337840] reheat + diversify: T=364.5, value=54824.0
    [iter 4343593] reheat + diversify: T=364.5, value=54639.0
    [iter 4349346] reheat + diversify: T=364.5, value=54824.0
    [iter 4355099] reheat + diversify: T=364.5, value=52076.0
    [iter 4360852] reheat + diversify: T=364.5, value=66844.0
    [iter 4366605] reheat + diversify: T=364.5, value=66844.0
    [iter 4372358] reheat + diversify: T=364.5, value=61043.0
    [iter 4378111] reheat + diversify: T=364.5, value=61043.0
    [iter 4383864] reheat + diversify: T=364.5, value=60287.0
    [iter 4389617] reheat + diversify: T=364.5, value=66506.0
    [iter 4395370] reheat + diversify: T=364.5, value=50173.0
    [iter 4401123] reheat + diversify: T=364.5, value=56217.0
    [iter 4406876] reheat + diversify: T=364.5, value=40241.0
    [iter 4412629] reheat + diversify: T=364.5, value=52076.0
    [iter 4418382] reheat + diversify: T=364.5, value=60287.0
    [iter 4424135] reheat + diversify: T=364.5, value=60287.0
    [iter 4429888] reheat + diversify: T=364.5, value=47097.0
    [iter 4435641] reheat + diversify: T=364.5, value=66844.0
    [iter 4441394] reheat + diversify: T=364.5, value=41449.0
    [iter 4447147] reheat + diversify: T=364.5, value=50173.0
    [iter 4452900] reheat + diversify: T=364.5, value=54639.0
    [iter 4458653] reheat + diversify: T=364.5, value=41634.0
    [iter 4464406] reheat + diversify: T=364.5, value=60287.0
    [iter 4470159] reheat + diversify: T=364.5, value=66844.0
    [iter 4475912] reheat + diversify: T=364.5, value=60287.0
    [iter 4481665] reheat + diversify: T=364.5, value=58955.0
    [iter 4487418] reheat + diversify: T=364.5, value=66844.0
    [iter 4493171] reheat + diversify: T=364.5, value=66844.0
    [iter 4498924] reheat + diversify: T=364.5, value=60858.0
    [iter 4504677] reheat + diversify: T=364.5, value=66844.0
    [iter 4510430] reheat + diversify: T=364.5, value=57724.0
    [iter 4516183] reheat + diversify: T=364.5, value=45704.0
    [iter 4521936] reheat + diversify: T=364.5, value=66506.0
    [iter 4527689] reheat + diversify: T=364.5, value=60287.0
    [iter 4533442] reheat + diversify: T=364.5, value=38794.0
    [iter 4539195] reheat + diversify: T=364.5, value=66844.0
    [iter 4544948] reheat + diversify: T=364.5, value=52261.0
    [iter 4550701] reheat + diversify: T=364.5, value=54824.0
  time limit reached at iteration 4554702
  SA finished: 4554702 iterations in 300.0s (15182 it/s), accepted 2903544 (63.7%), rejected 1651157, no-move draws 0, reheats 791
  SA: value 66844.0 (greedy 29162.0, +37682.0), bound 119984.7, gap 44.29%, util 39.3%
  report -> /home/mcaspar/3DMHKP/results_3DMHKP_ep3/ep3-20-C-R-90-3DMHKP-SA-a0.999-r0.25-t300s.txt

================================================================================================
SUMMARY
================================================================================================
instance      boxes  packed       greedy     SA value        bound      gap    util    iters    time
------------------------------------------------------------------------------------------------
ep3-20-C-R-90     20      14      29162.0      66844.0     119984.7   44.3%   39.3%  4554702  300.0s
------------------------------------------------------------------------------------------------
proven optimal (value reaches the upper bound): 0/1
improved over greedy: 1/1 (total value 29162.0 -> 66844.0, +129.22%)
mean gap to continuous-knapsack bound: 44.3%
mean volume utilization: 39.3%
