============================================================
  Solver:     3DMHKP-SA.py
  Instance:   /home/mcaspar/3DMHKP/Egeblad/ep3-20-L-R-50.txt
  Value mode: flat
  Timelimit:  300s
  Reports:    /home/mcaspar/3DMHKP/results_3DMHKP_ep3
  CPUs:       1
============================================================
======================================================================
3DMHKP Simulated Annealing (random single-neighbour, sequence decoder)
SA params: T0=5% of f(S_0), alpha=0.999, T_min=0.001, reheat_threshold=5753, reheat_fraction=0.25
Move weights: {'relocate': 0.0, 'swap': 1.0, '2opt': 0.0, 'promote': 1.5, 'demote': 1.5, 'orient': 1.0, 'container': 0.5}
Time limit: 300.0s per instance, seed 131405203
======================================================================

======================================================================
ep3-20-L-R-50: 20 boxes (20 types), 1 containers (1 types)
  continuous-knapsack bound: 31654.5
  initial (value-density) decode: value 24479.0 (9/20 boxes)
  T0 = 1224.0 (5% of the initial objective)
    [iter 87] *** NEW BEST: value 24530.0, boxes 9/20, T=1123.0, elapsed=0.0s
    [iter 165] *** NEW BEST: value 24787.0, boxes 9/20, T=1038.7, elapsed=0.0s
    [iter 188] *** NEW BEST: value 24838.0, boxes 9/20, T=1015.1, elapsed=0.0s
    [iter 563] *** NEW BEST: value 24921.0, boxes 8/20, T=697.5, elapsed=0.0s
    [iter 915] *** NEW BEST: value 25821.0, boxes 8/20, T=490.5, elapsed=0.1s
    [iter 1240] *** NEW BEST: value 26361.0, boxes 9/20, T=354.3, elapsed=0.1s
    [iter 6993] reheat + diversify: T=306.0, value=16709.0
    [iter 12746] reheat + diversify: T=306.0, value=17596.0
    [iter 18499] reheat + diversify: T=306.0, value=14007.0
    [iter 24252] reheat + diversify: T=306.0, value=20558.0
    [iter 30005] reheat + diversify: T=306.0, value=21547.0
    [iter 35758] reheat + diversify: T=306.0, value=25257.0
    [iter 41511] reheat + diversify: T=306.0, value=14132.0
    [iter 47264] reheat + diversify: T=306.0, value=18544.0
    [iter 53017] reheat + diversify: T=306.0, value=20056.0
    [iter 58770] reheat + diversify: T=306.0, value=19717.0
    [iter 64523] reheat + diversify: T=306.0, value=22685.0
    [iter 70276] reheat + diversify: T=306.0, value=17702.0
    [iter 76029] reheat + diversify: T=306.0, value=10979.0
    [iter 81782] reheat + diversify: T=306.0, value=19625.0
    [iter 87535] reheat + diversify: T=306.0, value=11667.0
    [iter 93288] reheat + diversify: T=306.0, value=20567.0
    [iter 99041] reheat + diversify: T=306.0, value=17331.0
    [iter 104794] reheat + diversify: T=306.0, value=22346.0
    [iter 110547] reheat + diversify: T=306.0, value=21906.0
    [iter 116300] reheat + diversify: T=306.0, value=11081.0
    [iter 122053] reheat + diversify: T=306.0, value=20728.0
    [iter 127806] reheat + diversify: T=306.0, value=20139.0
    [iter 133559] reheat + diversify: T=306.0, value=14112.0
    [iter 139312] reheat + diversify: T=306.0, value=25459.0
    [iter 145065] reheat + diversify: T=306.0, value=26361.0
    [iter 150818] reheat + diversify: T=306.0, value=25573.0
    [iter 156571] reheat + diversify: T=306.0, value=19363.0
    [iter 162324] reheat + diversify: T=306.0, value=26361.0
    [iter 168077] reheat + diversify: T=306.0, value=19717.0
    [iter 173830] reheat + diversify: T=306.0, value=19331.0
    [iter 179583] reheat + diversify: T=306.0, value=23231.0
    [iter 185336] reheat + diversify: T=306.0, value=11823.0
    [iter 191089] reheat + diversify: T=306.0, value=19331.0
    [iter 196842] reheat + diversify: T=306.0, value=12586.0
    [iter 202595] reheat + diversify: T=306.0, value=25459.0
    [iter 208348] reheat + diversify: T=306.0, value=18277.0
    [iter 214101] reheat + diversify: T=306.0, value=14083.0
    [iter 219854] reheat + diversify: T=306.0, value=20161.0
    [iter 225607] reheat + diversify: T=306.0, value=22593.0
    [iter 231360] reheat + diversify: T=306.0, value=19280.0
    [iter 237113] reheat + diversify: T=306.0, value=11475.0
    [iter 242866] reheat + diversify: T=306.0, value=14879.0
    [iter 248619] reheat + diversify: T=306.0, value=12534.0
    [iter 254372] reheat + diversify: T=306.0, value=21294.0
    [iter 260125] reheat + diversify: T=306.0, value=19515.0
    [iter 265878] reheat + diversify: T=306.0, value=23817.0
    [iter 271631] reheat + diversify: T=306.0, value=19035.0
    [iter 277384] reheat + diversify: T=306.0, value=20865.0
    [iter 283137] reheat + diversify: T=306.0, value=18929.0
    [iter 288890] reheat + diversify: T=306.0, value=14676.0
    [iter 294643] reheat + diversify: T=306.0, value=23093.0
    [iter 300396] reheat + diversify: T=306.0, value=14514.0
    [iter 306149] reheat + diversify: T=306.0, value=20567.0
    [iter 311902] reheat + diversify: T=306.0, value=20107.0
    [iter 317655] reheat + diversify: T=306.0, value=23711.0
    [iter 323408] reheat + diversify: T=306.0, value=20843.0
    [iter 329161] reheat + diversify: T=306.0, value=10699.0
    [iter 334914] reheat + diversify: T=306.0, value=18987.0
    [iter 340667] reheat + diversify: T=306.0, value=18340.0
    [iter 346420] reheat + diversify: T=306.0, value=16948.0
    [iter 352173] reheat + diversify: T=306.0, value=23987.0
    [iter 357926] reheat + diversify: T=306.0, value=25679.0
    [iter 363679] reheat + diversify: T=306.0, value=18107.0
    [iter 369432] reheat + diversify: T=306.0, value=26361.0
    [iter 375185] reheat + diversify: T=306.0, value=16231.0
    [iter 380938] reheat + diversify: T=306.0, value=20865.0
    [iter 386691] reheat + diversify: T=306.0, value=20055.0
    [iter 392444] reheat + diversify: T=306.0, value=20274.0
    [iter 398197] reheat + diversify: T=306.0, value=23073.0
    [iter 403950] reheat + diversify: T=306.0, value=19035.0
    [iter 409703] reheat + diversify: T=306.0, value=23633.0
    [iter 415456] reheat + diversify: T=306.0, value=20139.0
    [iter 421209] reheat + diversify: T=306.0, value=22622.0
    [iter 426962] reheat + diversify: T=306.0, value=12499.0
    [iter 432715] reheat + diversify: T=306.0, value=24531.0
    [iter 438468] reheat + diversify: T=306.0, value=19409.0
    [iter 444221] reheat + diversify: T=306.0, value=19312.0
    [iter 449974] reheat + diversify: T=306.0, value=20161.0
    [iter 455727] reheat + diversify: T=306.0, value=24806.0
    [iter 461480] reheat + diversify: T=306.0, value=12824.0
    [iter 467233] reheat + diversify: T=306.0, value=23711.0
    [iter 472986] reheat + diversify: T=306.0, value=13548.0
    [iter 478739] reheat + diversify: T=306.0, value=21294.0
    [iter 484492] reheat + diversify: T=306.0, value=14706.0
    [iter 490245] reheat + diversify: T=306.0, value=10979.0
    [iter 495998] reheat + diversify: T=306.0, value=23665.0
    [iter 501751] reheat + diversify: T=306.0, value=25427.0
    [iter 507504] reheat + diversify: T=306.0, value=22279.0
    [iter 513257] reheat + diversify: T=306.0, value=23357.0
    [iter 519010] reheat + diversify: T=306.0, value=25573.0
    [iter 524763] reheat + diversify: T=306.0, value=17550.0
    [iter 530516] reheat + diversify: T=306.0, value=23463.0
    [iter 536269] reheat + diversify: T=306.0, value=13855.0
    [iter 542022] reheat + diversify: T=306.0, value=20055.0
    [iter 547775] reheat + diversify: T=306.0, value=23743.0
    [iter 553528] reheat + diversify: T=306.0, value=18492.0
    [iter 559281] reheat + diversify: T=306.0, value=19004.0
    [iter 565034] reheat + diversify: T=306.0, value=13212.0
    [iter 570787] reheat + diversify: T=306.0, value=13632.0
    [iter 576540] reheat + diversify: T=306.0, value=22983.0
    [iter 582293] reheat + diversify: T=306.0, value=16323.0
    [iter 588046] reheat + diversify: T=306.0, value=23378.0
    [iter 593799] reheat + diversify: T=306.0, value=19118.0
    [iter 599552] reheat + diversify: T=306.0, value=19012.0
    [iter 605305] reheat + diversify: T=306.0, value=16002.0
    [iter 611058] reheat + diversify: T=306.0, value=14460.0
    [iter 616811] reheat + diversify: T=306.0, value=20139.0
    [iter 622564] reheat + diversify: T=306.0, value=17307.0
    [iter 628317] reheat + diversify: T=306.0, value=20452.0
    [iter 634070] reheat + diversify: T=306.0, value=19066.0
    [iter 639823] reheat + diversify: T=306.0, value=16290.0
    [iter 645576] reheat + diversify: T=306.0, value=18277.0
    [iter 651329] reheat + diversify: T=306.0, value=20087.0
    [iter 657082] reheat + diversify: T=306.0, value=20452.0
    [iter 662835] reheat + diversify: T=306.0, value=23398.0
    [iter 668588] reheat + diversify: T=306.0, value=20087.0
    [iter 674341] reheat + diversify: T=306.0, value=20088.0
    [iter 680094] reheat + diversify: T=306.0, value=23275.0
    [iter 685847] reheat + diversify: T=306.0, value=24838.0
    [iter 691600] reheat + diversify: T=306.0, value=19474.0
    [iter 697353] reheat + diversify: T=306.0, value=20728.0
    [iter 703106] reheat + diversify: T=306.0, value=23228.0
    [iter 708859] reheat + diversify: T=306.0, value=15080.0
    [iter 714612] reheat + diversify: T=306.0, value=10683.0
    [iter 720365] reheat + diversify: T=306.0, value=18277.0
    [iter 726118] reheat + diversify: T=306.0, value=23797.0
    [iter 731871] reheat + diversify: T=306.0, value=13989.0
    [iter 737624] reheat + diversify: T=306.0, value=20833.0
    [iter 743377] reheat + diversify: T=306.0, value=22257.0
    [iter 749130] reheat + diversify: T=306.0, value=10663.0
    [iter 754883] reheat + diversify: T=306.0, value=15717.0
    [iter 760636] reheat + diversify: T=306.0, value=20139.0
    [iter 766389] reheat + diversify: T=306.0, value=19161.0
    [iter 772142] reheat + diversify: T=306.0, value=22611.0
    [iter 777895] reheat + diversify: T=306.0, value=20845.0
    [iter 783648] reheat + diversify: T=306.0, value=15571.0
    [iter 789401] reheat + diversify: T=306.0, value=19400.0
    [iter 795154] reheat + diversify: T=306.0, value=20833.0
    [iter 800907] reheat + diversify: T=306.0, value=19117.0
    [iter 806660] reheat + diversify: T=306.0, value=13490.0
    [iter 812413] reheat + diversify: T=306.0, value=15784.0
    [iter 818166] reheat + diversify: T=306.0, value=17963.0
    [iter 823919] reheat + diversify: T=306.0, value=21240.0
    [iter 829672] reheat + diversify: T=306.0, value=19118.0
    [iter 835425] reheat + diversify: T=306.0, value=19832.0
    [iter 841178] reheat + diversify: T=306.0, value=20727.0
    [iter 846931] reheat + diversify: T=306.0, value=16977.0
    [iter 852684] reheat + diversify: T=306.0, value=17097.0
    [iter 858437] reheat + diversify: T=306.0, value=25151.0
    [iter 864190] reheat + diversify: T=306.0, value=20056.0
    [iter 869943] reheat + diversify: T=306.0, value=24133.0
    [iter 875696] reheat + diversify: T=306.0, value=18309.0
    [iter 881449] reheat + diversify: T=306.0, value=14460.0
    [iter 887202] reheat + diversify: T=306.0, value=19717.0
    [iter 892955] reheat + diversify: T=306.0, value=20567.0
    [iter 898708] reheat + diversify: T=306.0, value=18342.0
    [iter 904461] reheat + diversify: T=306.0, value=14657.0
    [iter 910214] reheat + diversify: T=306.0, value=24530.0
    [iter 915967] reheat + diversify: T=306.0, value=18277.0
    [iter 921720] reheat + diversify: T=306.0, value=14655.0
    [iter 927473] reheat + diversify: T=306.0, value=18374.0
    [iter 933226] reheat + diversify: T=306.0, value=12099.0
    [iter 938979] reheat + diversify: T=306.0, value=18107.0
    [iter 944732] reheat + diversify: T=306.0, value=24479.0
    [iter 950485] reheat + diversify: T=306.0, value=25573.0
    [iter 956238] reheat + diversify: T=306.0, value=22735.0
    [iter 961991] reheat + diversify: T=306.0, value=18264.0
    [iter 967744] reheat + diversify: T=306.0, value=15590.0
    [iter 973497] reheat + diversify: T=306.0, value=17618.0
    [iter 979250] reheat + diversify: T=306.0, value=22021.0
    [iter 985003] reheat + diversify: T=306.0, value=26361.0
    [iter 990756] reheat + diversify: T=306.0, value=19832.0
    [iter 996509] reheat + diversify: T=306.0, value=22452.0
    [iter 1002262] reheat + diversify: T=306.0, value=23495.0
    [iter 1008015] reheat + diversify: T=306.0, value=23347.0
    [iter 1013768] reheat + diversify: T=306.0, value=23463.0
    [iter 1019521] reheat + diversify: T=306.0, value=18737.0
    [iter 1025274] reheat + diversify: T=306.0, value=24073.0
    [iter 1031027] reheat + diversify: T=306.0, value=26361.0
    [iter 1036780] reheat + diversify: T=306.0, value=19937.0
    [iter 1042533] reheat + diversify: T=306.0, value=16548.0
    [iter 1048286] reheat + diversify: T=306.0, value=18374.0
    [iter 1054039] reheat + diversify: T=306.0, value=14068.0
    [iter 1059792] reheat + diversify: T=306.0, value=14032.0
    [iter 1065545] reheat + diversify: T=306.0, value=14496.0
    [iter 1071298] reheat + diversify: T=306.0, value=12842.0
    [iter 1077051] reheat + diversify: T=306.0, value=18543.0
    [iter 1082804] reheat + diversify: T=306.0, value=17394.0
    [iter 1088557] reheat + diversify: T=306.0, value=19012.0
    [iter 1094310] reheat + diversify: T=306.0, value=13125.0
    [iter 1100063] reheat + diversify: T=306.0, value=13636.0
    [iter 1105816] reheat + diversify: T=306.0, value=20558.0
    [iter 1111569] reheat + diversify: T=306.0, value=12299.0
    [iter 1117322] reheat + diversify: T=306.0, value=18277.0
    [iter 1123075] reheat + diversify: T=306.0, value=19270.0
    [iter 1128828] reheat + diversify: T=306.0, value=23743.0
    [iter 1134581] reheat + diversify: T=306.0, value=19236.0
    [iter 1140334] reheat + diversify: T=306.0, value=20728.0
    [iter 1146087] reheat + diversify: T=306.0, value=22951.0
    [iter 1151840] reheat + diversify: T=306.0, value=21240.0
    [iter 1157593] reheat + diversify: T=306.0, value=18897.0
    [iter 1163346] reheat + diversify: T=306.0, value=22845.0
    [iter 1169099] reheat + diversify: T=306.0, value=19196.0
    [iter 1174852] reheat + diversify: T=306.0, value=20843.0
    [iter 1180605] reheat + diversify: T=306.0, value=24787.0
    [iter 1186358] reheat + diversify: T=306.0, value=18727.0
    [iter 1192111] reheat + diversify: T=306.0, value=19287.0
    [iter 1197864] reheat + diversify: T=306.0, value=18001.0
    [iter 1203617] reheat + diversify: T=306.0, value=19287.0
    [iter 1209370] reheat + diversify: T=306.0, value=22923.0
    [iter 1215123] reheat + diversify: T=306.0, value=16839.0
    [iter 1220876] reheat + diversify: T=306.0, value=18544.0
    [iter 1226629] reheat + diversify: T=306.0, value=15703.0
    [iter 1232382] reheat + diversify: T=306.0, value=22967.0
    [iter 1238135] reheat + diversify: T=306.0, value=20075.0
    [iter 1243888] reheat + diversify: T=306.0, value=13295.0
    [iter 1249641] reheat + diversify: T=306.0, value=25679.0
    [iter 1255394] reheat + diversify: T=306.0, value=19515.0
    [iter 1261147] reheat + diversify: T=306.0, value=24018.0
    [iter 1266900] reheat + diversify: T=306.0, value=20760.0
    [iter 1272653] reheat + diversify: T=306.0, value=19435.0
    [iter 1278406] reheat + diversify: T=306.0, value=21240.0
    [iter 1284159] reheat + diversify: T=306.0, value=17846.0
    [iter 1289912] reheat + diversify: T=306.0, value=23849.0
    [iter 1295665] reheat + diversify: T=306.0, value=18929.0
    [iter 1301418] reheat + diversify: T=306.0, value=23849.0
    [iter 1307171] reheat + diversify: T=306.0, value=22003.0
    [iter 1312924] reheat + diversify: T=306.0, value=17745.0
    [iter 1318677] reheat + diversify: T=306.0, value=15974.0
    [iter 1324430] reheat + diversify: T=306.0, value=20558.0
    [iter 1330183] reheat + diversify: T=306.0, value=19676.0
    [iter 1335936] reheat + diversify: T=306.0, value=19654.0
    [iter 1341689] reheat + diversify: T=306.0, value=22659.0
    [iter 1347442] reheat + diversify: T=306.0, value=13994.0
    [iter 1353195] reheat + diversify: T=306.0, value=18185.0
    [iter 1358948] reheat + diversify: T=306.0, value=24531.0
    [iter 1364701] reheat + diversify: T=306.0, value=23346.0
    [iter 1370454] reheat + diversify: T=306.0, value=14452.0
    [iter 1376207] reheat + diversify: T=306.0, value=25151.0
    [iter 1381960] reheat + diversify: T=306.0, value=18112.0
    [iter 1387713] reheat + diversify: T=306.0, value=20673.0
    [iter 1393466] reheat + diversify: T=306.0, value=17106.0
    [iter 1399219] reheat + diversify: T=306.0, value=18753.0
    [iter 1404972] reheat + diversify: T=306.0, value=19035.0
    [iter 1410725] reheat + diversify: T=306.0, value=19363.0
    [iter 1416478] reheat + diversify: T=306.0, value=19832.0
    [iter 1422231] reheat + diversify: T=306.0, value=11559.0
    [iter 1427984] reheat + diversify: T=306.0, value=24639.0
    [iter 1433737] reheat + diversify: T=306.0, value=15411.0
    [iter 1439490] reheat + diversify: T=306.0, value=25459.0
    [iter 1445243] reheat + diversify: T=306.0, value=16563.0
    [iter 1450996] reheat + diversify: T=306.0, value=13836.0
    [iter 1456749] reheat + diversify: T=306.0, value=13216.0
    [iter 1462502] reheat + diversify: T=306.0, value=16002.0
    [iter 1468255] reheat + diversify: T=306.0, value=14701.0
    [iter 1474008] reheat + diversify: T=306.0, value=18730.0
    [iter 1479761] reheat + diversify: T=306.0, value=18363.0
    [iter 1485514] reheat + diversify: T=306.0, value=20875.0
    [iter 1491267] reheat + diversify: T=306.0, value=16126.0
    [iter 1497020] reheat + diversify: T=306.0, value=20075.0
    [iter 1502773] reheat + diversify: T=306.0, value=24585.0
    [iter 1508526] reheat + diversify: T=306.0, value=26361.0
    [iter 1514279] reheat + diversify: T=306.0, value=16229.0
    [iter 1520032] reheat + diversify: T=306.0, value=18544.0
    [iter 1525785] reheat + diversify: T=306.0, value=14985.0
    [iter 1531538] reheat + diversify: T=306.0, value=26361.0
    [iter 1537291] reheat + diversify: T=306.0, value=15519.0
    [iter 1543044] reheat + diversify: T=306.0, value=14949.0
    [iter 1548797] reheat + diversify: T=306.0, value=18268.0
    [iter 1554550] reheat + diversify: T=306.0, value=16193.0
    [iter 1560303] reheat + diversify: T=306.0, value=19684.0
    [iter 1566056] reheat + diversify: T=306.0, value=18244.0
    [iter 1571809] reheat + diversify: T=306.0, value=22845.0
    [iter 1577562] reheat + diversify: T=306.0, value=18107.0
    [iter 1583315] reheat + diversify: T=306.0, value=20139.0
    [iter 1589068] reheat + diversify: T=306.0, value=13630.0
    [iter 1594821] reheat + diversify: T=306.0, value=18616.0
    [iter 1600574] reheat + diversify: T=306.0, value=23243.0
    [iter 1606327] reheat + diversify: T=306.0, value=14460.0
    [iter 1612080] reheat + diversify: T=306.0, value=23398.0
    [iter 1617833] reheat + diversify: T=306.0, value=18309.0
    [iter 1623586] reheat + diversify: T=306.0, value=20833.0
    [iter 1629339] reheat + diversify: T=306.0, value=19717.0
    [iter 1635092] reheat + diversify: T=306.0, value=24205.0
    [iter 1640845] reheat + diversify: T=306.0, value=22685.0
    [iter 1646598] reheat + diversify: T=306.0, value=19515.0
    [iter 1652351] reheat + diversify: T=306.0, value=25679.0
    [iter 1658104] reheat + diversify: T=306.0, value=19685.0
    [iter 1663857] reheat + diversify: T=306.0, value=26361.0
    [iter 1669610] reheat + diversify: T=306.0, value=12645.0
    [iter 1675363] reheat + diversify: T=306.0, value=19831.0
    [iter 1681116] reheat + diversify: T=306.0, value=23495.0
    [iter 1686869] reheat + diversify: T=306.0, value=24838.0
    [iter 1692622] reheat + diversify: T=306.0, value=12428.0
    [iter 1698375] reheat + diversify: T=306.0, value=20107.0
    [iter 1704128] reheat + diversify: T=306.0, value=14845.0
    [iter 1709881] reheat + diversify: T=306.0, value=20558.0
    [iter 1715634] reheat + diversify: T=306.0, value=19331.0
    [iter 1721387] reheat + diversify: T=306.0, value=21240.0
    [iter 1727140] reheat + diversify: T=306.0, value=13912.0
    [iter 1732893] reheat + diversify: T=306.0, value=20673.0
    [iter 1738646] reheat + diversify: T=306.0, value=24099.0
    [iter 1744399] reheat + diversify: T=306.0, value=25679.0
    [iter 1750152] reheat + diversify: T=306.0, value=23505.0
    [iter 1755905] reheat + diversify: T=306.0, value=22685.0
    [iter 1761658] reheat + diversify: T=306.0, value=18044.0
    [iter 1767411] reheat + diversify: T=306.0, value=18268.0
    [iter 1773164] reheat + diversify: T=306.0, value=20875.0
    [iter 1778917] reheat + diversify: T=306.0, value=21665.0
    [iter 1784670] reheat + diversify: T=306.0, value=15945.0
    [iter 1790423] reheat + diversify: T=306.0, value=26361.0
    [iter 1796176] reheat + diversify: T=306.0, value=20727.0
    [iter 1801929] reheat + diversify: T=306.0, value=20014.0
    [iter 1807682] reheat + diversify: T=306.0, value=25459.0
    [iter 1813435] reheat + diversify: T=306.0, value=19831.0
    [iter 1819188] reheat + diversify: T=306.0, value=15926.0
    [iter 1824941] reheat + diversify: T=306.0, value=20107.0
    [iter 1830694] reheat + diversify: T=306.0, value=24531.0
    [iter 1836447] reheat + diversify: T=306.0, value=23398.0
    [iter 1842200] reheat + diversify: T=306.0, value=23315.0
    [iter 1847953] reheat + diversify: T=306.0, value=12736.0
    [iter 1853706] reheat + diversify: T=306.0, value=22003.0
    [iter 1859459] reheat + diversify: T=306.0, value=20760.0
    [iter 1865212] reheat + diversify: T=306.0, value=12534.0
    [iter 1870965] reheat + diversify: T=306.0, value=14548.0
    [iter 1876718] reheat + diversify: T=306.0, value=17459.0
    [iter 1882471] reheat + diversify: T=306.0, value=22055.0
    [iter 1888224] reheat + diversify: T=306.0, value=12492.0
    [iter 1893977] reheat + diversify: T=306.0, value=13401.0
    [iter 1899730] reheat + diversify: T=306.0, value=15302.0
    [iter 1905483] reheat + diversify: T=306.0, value=14362.0
    [iter 1911236] reheat + diversify: T=306.0, value=19776.0
    [iter 1916989] reheat + diversify: T=306.0, value=23797.0
    [iter 1922742] reheat + diversify: T=306.0, value=17989.0
    [iter 1928495] reheat + diversify: T=306.0, value=24806.0
    [iter 1934248] reheat + diversify: T=306.0, value=23987.0
    [iter 1940001] reheat + diversify: T=306.0, value=22055.0
    [iter 1945754] reheat + diversify: T=306.0, value=18277.0
    [iter 1951507] reheat + diversify: T=306.0, value=25679.0
    [iter 1957260] reheat + diversify: T=306.0, value=20558.0
    [iter 1963013] reheat + diversify: T=306.0, value=18762.0
    [iter 1968766] reheat + diversify: T=306.0, value=17566.0
    [iter 1974519] reheat + diversify: T=306.0, value=23073.0
    [iter 1980272] reheat + diversify: T=306.0, value=20673.0
    [iter 1986025] reheat + diversify: T=306.0, value=18576.0
    [iter 1991778] reheat + diversify: T=306.0, value=20673.0
    [iter 1997531] reheat + diversify: T=306.0, value=10667.0
    [iter 2003284] reheat + diversify: T=306.0, value=18001.0
    [iter 2009037] reheat + diversify: T=306.0, value=18309.0
    [iter 2014790] reheat + diversify: T=306.0, value=24745.0
    [iter 2020543] reheat + diversify: T=306.0, value=15080.0
    [iter 2026296] reheat + diversify: T=306.0, value=19012.0
    [iter 2032049] reheat + diversify: T=306.0, value=11412.0
    [iter 2037802] reheat + diversify: T=306.0, value=14259.0
    [iter 2043555] reheat + diversify: T=306.0, value=21240.0
    [iter 2049308] reheat + diversify: T=306.0, value=19066.0
    [iter 2055061] reheat + diversify: T=306.0, value=15926.0
    [iter 2060814] reheat + diversify: T=306.0, value=26361.0
    [iter 2066567] reheat + diversify: T=306.0, value=19831.0
    [iter 2072320] reheat + diversify: T=306.0, value=23858.0
    [iter 2078073] reheat + diversify: T=306.0, value=11987.0
    [iter 2083826] reheat + diversify: T=306.0, value=22993.0
    [iter 2089579] reheat + diversify: T=306.0, value=14233.0
    [iter 2095332] reheat + diversify: T=306.0, value=11977.0
    [iter 2101085] reheat + diversify: T=306.0, value=20843.0
    [iter 2106838] reheat + diversify: T=306.0, value=15926.0
    [iter 2112591] reheat + diversify: T=306.0, value=12780.0
    [iter 2118344] reheat + diversify: T=306.0, value=18681.0
    [iter 2124097] reheat + diversify: T=306.0, value=10771.0
    [iter 2129850] reheat + diversify: T=306.0, value=16934.0
    [iter 2135603] reheat + diversify: T=306.0, value=25427.0
    [iter 2141356] reheat + diversify: T=306.0, value=19676.0
    [iter 2147109] reheat + diversify: T=306.0, value=24469.0
    [iter 2152862] reheat + diversify: T=306.0, value=13491.0
    [iter 2158615] reheat + diversify: T=306.0, value=12443.0
    [iter 2164368] reheat + diversify: T=306.0, value=19409.0
    [iter 2170121] reheat + diversify: T=306.0, value=19515.0
    [iter 2175874] reheat + diversify: T=306.0, value=24050.0
    [iter 2181627] reheat + diversify: T=306.0, value=16839.0
    [iter 2187380] reheat + diversify: T=306.0, value=24479.0
    [iter 2193133] reheat + diversify: T=306.0, value=24585.0
    [iter 2198886] reheat + diversify: T=306.0, value=13274.0
    [iter 2204639] reheat + diversify: T=306.0, value=21239.0
    [iter 2210392] reheat + diversify: T=306.0, value=18374.0
    [iter 2216145] reheat + diversify: T=306.0, value=26361.0
    [iter 2221898] reheat + diversify: T=306.0, value=20139.0
    [iter 2227651] reheat + diversify: T=306.0, value=19717.0
    [iter 2233404] reheat + diversify: T=306.0, value=23346.0
    [iter 2239157] reheat + diversify: T=306.0, value=18277.0
    [iter 2244910] reheat + diversify: T=306.0, value=18929.0
    [iter 2250663] reheat + diversify: T=306.0, value=11681.0
    [iter 2256416] reheat + diversify: T=306.0, value=20055.0
    [iter 2262169] reheat + diversify: T=306.0, value=22411.0
    [iter 2267922] reheat + diversify: T=306.0, value=14962.0
    [iter 2273675] reheat + diversify: T=306.0, value=12428.0
    [iter 2279428] reheat + diversify: T=306.0, value=19409.0
    [iter 2285181] reheat + diversify: T=306.0, value=19331.0
    [iter 2290934] reheat + diversify: T=306.0, value=20087.0
    [iter 2296687] reheat + diversify: T=306.0, value=20139.0
    [iter 2302440] reheat + diversify: T=306.0, value=15583.0
    [iter 2308193] reheat + diversify: T=306.0, value=14083.0
    [iter 2313946] reheat + diversify: T=306.0, value=19799.0
    [iter 2319699] reheat + diversify: T=306.0, value=12645.0
    [iter 2325452] reheat + diversify: T=306.0, value=19685.0
    [iter 2331205] reheat + diversify: T=306.0, value=24787.0
    [iter 2336958] reheat + diversify: T=306.0, value=21613.0
    [iter 2342711] reheat + diversify: T=306.0, value=10979.0
    [iter 2348464] reheat + diversify: T=306.0, value=23711.0
    [iter 2354217] reheat + diversify: T=306.0, value=22967.0
    [iter 2359970] reheat + diversify: T=306.0, value=14548.0
    [iter 2365723] reheat + diversify: T=306.0, value=11486.0
    [iter 2371476] reheat + diversify: T=306.0, value=19331.0
    [iter 2377229] reheat + diversify: T=306.0, value=19003.0
    [iter 2382982] reheat + diversify: T=306.0, value=23463.0
    [iter 2388735] reheat + diversify: T=306.0, value=13125.0
    [iter 2394488] reheat + diversify: T=306.0, value=15274.0
    [iter 2400241] reheat + diversify: T=306.0, value=15231.0
    [iter 2405994] reheat + diversify: T=306.0, value=13883.0
    [iter 2411747] reheat + diversify: T=306.0, value=20567.0
    [iter 2417500] reheat + diversify: T=306.0, value=16853.0
    [iter 2423253] reheat + diversify: T=306.0, value=17478.0
    [iter 2429006] reheat + diversify: T=306.0, value=22993.0
    [iter 2434759] reheat + diversify: T=306.0, value=25459.0
    [iter 2440512] reheat + diversify: T=306.0, value=11884.0
    [iter 2446265] reheat + diversify: T=306.0, value=11905.0
    [iter 2452018] reheat + diversify: T=306.0, value=25459.0
    [iter 2457771] reheat + diversify: T=306.0, value=24134.0
    [iter 2463524] reheat + diversify: T=306.0, value=17416.0
    [iter 2469277] reheat + diversify: T=306.0, value=19409.0
    [iter 2475030] reheat + diversify: T=306.0, value=20293.0
    [iter 2480783] reheat + diversify: T=306.0, value=22455.0
    [iter 2486536] reheat + diversify: T=306.0, value=19035.0
    [iter 2492289] reheat + diversify: T=306.0, value=18929.0
    [iter 2498042] reheat + diversify: T=306.0, value=23463.0
    [iter 2503795] reheat + diversify: T=306.0, value=15074.0
    [iter 2509548] reheat + diversify: T=306.0, value=18843.0
    [iter 2515301] reheat + diversify: T=306.0, value=10771.0
    [iter 2521054] reheat + diversify: T=306.0, value=13365.0
    [iter 2526807] reheat + diversify: T=306.0, value=11781.0
    [iter 2532560] reheat + diversify: T=306.0, value=24124.0
    [iter 2538313] reheat + diversify: T=306.0, value=20833.0
    [iter 2544066] reheat + diversify: T=306.0, value=16853.0
    [iter 2549819] reheat + diversify: T=306.0, value=14997.0
    [iter 2555572] reheat + diversify: T=306.0, value=16774.0
    [iter 2561325] reheat + diversify: T=306.0, value=17020.0
    [iter 2567078] reheat + diversify: T=306.0, value=22452.0
    [iter 2572831] reheat + diversify: T=306.0, value=13125.0
    [iter 2578584] reheat + diversify: T=306.0, value=18897.0
    [iter 2584337] reheat + diversify: T=306.0, value=19515.0
    [iter 2590090] reheat + diversify: T=306.0, value=20055.0
    [iter 2595843] reheat + diversify: T=306.0, value=24671.0
    [iter 2601596] reheat + diversify: T=306.0, value=12299.0
    [iter 2607349] reheat + diversify: T=306.0, value=23999.0
    [iter 2613102] reheat + diversify: T=306.0, value=13520.0
    [iter 2618855] reheat + diversify: T=306.0, value=13098.0
    [iter 2624608] reheat + diversify: T=306.0, value=18897.0
    [iter 2630361] reheat + diversify: T=306.0, value=19287.0
    [iter 2636114] reheat + diversify: T=306.0, value=19839.0
    [iter 2641867] reheat + diversify: T=306.0, value=16852.0
    [iter 2647620] reheat + diversify: T=306.0, value=24745.0
    [iter 2653373] reheat + diversify: T=306.0, value=21559.0
    [iter 2659126] reheat + diversify: T=306.0, value=16327.0
    [iter 2664879] reheat + diversify: T=306.0, value=21547.0
    [iter 2670632] reheat + diversify: T=306.0, value=20336.0
    [iter 2676385] reheat + diversify: T=306.0, value=20673.0
    [iter 2682138] reheat + diversify: T=306.0, value=20139.0
    [iter 2687891] reheat + diversify: T=306.0, value=24806.0
    [iter 2693644] reheat + diversify: T=306.0, value=20865.0
    [iter 2699397] reheat + diversify: T=306.0, value=21007.0
    [iter 2705150] reheat + diversify: T=306.0, value=24133.0
    [iter 2710903] reheat + diversify: T=306.0, value=24051.0
    [iter 2716656] reheat + diversify: T=306.0, value=12081.0
    [iter 2722409] reheat + diversify: T=306.0, value=20865.0
    [iter 2728162] reheat + diversify: T=306.0, value=20759.0
    [iter 2733915] reheat + diversify: T=306.0, value=26361.0
    [iter 2739668] reheat + diversify: T=306.0, value=18277.0
    [iter 2745421] reheat + diversify: T=306.0, value=23122.0
    [iter 2751174] reheat + diversify: T=306.0, value=19008.0
    [iter 2756927] reheat + diversify: T=306.0, value=15724.0
    [iter 2762680] reheat + diversify: T=306.0, value=19937.0
    [iter 2768433] reheat + diversify: T=306.0, value=25459.0
    [iter 2774186] reheat + diversify: T=306.0, value=14439.0
    [iter 2779939] reheat + diversify: T=306.0, value=15151.0
    [iter 2785692] reheat + diversify: T=306.0, value=19778.0
    [iter 2791445] reheat + diversify: T=306.0, value=18897.0
    [iter 2797198] reheat + diversify: T=306.0, value=19012.0
    [iter 2802951] reheat + diversify: T=306.0, value=16441.0
    [iter 2808704] reheat + diversify: T=306.0, value=13717.0
    [iter 2814457] reheat + diversify: T=306.0, value=17039.0
    [iter 2820210] reheat + diversify: T=306.0, value=20452.0
    [iter 2825963] reheat + diversify: T=306.0, value=12299.0
    [iter 2831716] reheat + diversify: T=306.0, value=13883.0
    [iter 2837469] reheat + diversify: T=306.0, value=21239.0
    [iter 2843222] reheat + diversify: T=306.0, value=25427.0
    [iter 2848975] reheat + diversify: T=306.0, value=18309.0
    [iter 2854728] reheat + diversify: T=306.0, value=17477.0
    [iter 2860481] reheat + diversify: T=306.0, value=19515.0
    [iter 2866234] reheat + diversify: T=306.0, value=23711.0
    [iter 2871987] reheat + diversify: T=306.0, value=18107.0
    [iter 2877740] reheat + diversify: T=306.0, value=21559.0
    [iter 2883493] reheat + diversify: T=306.0, value=18727.0
    [iter 2889246] reheat + diversify: T=306.0, value=21240.0
    [iter 2894999] reheat + diversify: T=306.0, value=14450.0
    [iter 2900752] reheat + diversify: T=306.0, value=23071.0
    [iter 2906505] reheat + diversify: T=306.0, value=15100.0
    [iter 2912258] reheat + diversify: T=306.0, value=13866.0
    [iter 2918011] reheat + diversify: T=306.0, value=18165.0
    [iter 2923764] reheat + diversify: T=306.0, value=20558.0
    [iter 2929517] reheat + diversify: T=306.0, value=25459.0
    [iter 2935270] reheat + diversify: T=306.0, value=15126.0
    [iter 2941023] reheat + diversify: T=306.0, value=18277.0
    [iter 2946776] reheat + diversify: T=306.0, value=13118.0
    [iter 2952529] reheat + diversify: T=306.0, value=18309.0
    [iter 2958282] reheat + diversify: T=306.0, value=16628.0
    [iter 2964035] reheat + diversify: T=306.0, value=12066.0
    [iter 2969788] reheat + diversify: T=306.0, value=26361.0
    [iter 2975541] reheat + diversify: T=306.0, value=26361.0
    [iter 2981294] reheat + diversify: T=306.0, value=18737.0
    [iter 2987047] reheat + diversify: T=306.0, value=19717.0
    [iter 2992800] reheat + diversify: T=306.0, value=18544.0
    [iter 2998553] reheat + diversify: T=306.0, value=19003.0
    [iter 3004306] reheat + diversify: T=306.0, value=19288.0
    [iter 3010059] reheat + diversify: T=306.0, value=12299.0
    [iter 3015812] reheat + diversify: T=306.0, value=11942.0
    [iter 3021565] reheat + diversify: T=306.0, value=12807.0
    [iter 3027318] reheat + diversify: T=306.0, value=22003.0
    [iter 3033071] reheat + diversify: T=306.0, value=16801.0
    [iter 3038824] reheat + diversify: T=306.0, value=22311.0
    [iter 3044577] reheat + diversify: T=306.0, value=20107.0
    [iter 3050330] reheat + diversify: T=306.0, value=11091.0
    [iter 3056083] reheat + diversify: T=306.0, value=20833.0
    [iter 3061836] reheat + diversify: T=306.0, value=19717.0
    [iter 3067589] reheat + diversify: T=306.0, value=20075.0
    [iter 3073342] reheat + diversify: T=306.0, value=22603.0
    [iter 3079095] reheat + diversify: T=306.0, value=13836.0
    [iter 3084848] reheat + diversify: T=306.0, value=13911.0
    [iter 3090601] reheat + diversify: T=306.0, value=17146.0
    [iter 3096354] reheat + diversify: T=306.0, value=13684.0
    [iter 3102107] reheat + diversify: T=306.0, value=18268.0
    [iter 3107860] reheat + diversify: T=306.0, value=24469.0
    [iter 3113613] reheat + diversify: T=306.0, value=15617.0
    [iter 3119366] reheat + diversify: T=306.0, value=23122.0
    [iter 3125119] reheat + diversify: T=306.0, value=13462.0
    [iter 3130872] reheat + diversify: T=306.0, value=20567.0
    [iter 3136625] reheat + diversify: T=306.0, value=21345.0
    [iter 3142378] reheat + diversify: T=306.0, value=13401.0
    [iter 3148131] reheat + diversify: T=306.0, value=22951.0
    [iter 3153884] reheat + diversify: T=306.0, value=23817.0
    [iter 3159637] reheat + diversify: T=306.0, value=13877.0
    [iter 3165390] reheat + diversify: T=306.0, value=14503.0
    [iter 3171143] reheat + diversify: T=306.0, value=16203.0
    [iter 3176896] reheat + diversify: T=306.0, value=24156.0
    [iter 3182649] reheat + diversify: T=306.0, value=19035.0
    [iter 3188402] reheat + diversify: T=306.0, value=15327.0
    [iter 3194155] reheat + diversify: T=306.0, value=20673.0
    [iter 3199908] reheat + diversify: T=306.0, value=23347.0
    [iter 3205661] reheat + diversify: T=306.0, value=23743.0
    [iter 3211414] reheat + diversify: T=306.0, value=18357.0
    [iter 3217167] reheat + diversify: T=306.0, value=23737.0
    [iter 3222920] reheat + diversify: T=306.0, value=16057.0
    [iter 3228673] reheat + diversify: T=306.0, value=21121.0
    [iter 3234426] reheat + diversify: T=306.0, value=15377.0
    [iter 3240179] reheat + diversify: T=306.0, value=23967.0
    [iter 3245932] reheat + diversify: T=306.0, value=13883.0
    [iter 3251685] reheat + diversify: T=306.0, value=24156.0
    [iter 3257438] reheat + diversify: T=306.0, value=24099.0
    [iter 3263191] reheat + diversify: T=306.0, value=25257.0
    [iter 3268944] reheat + diversify: T=306.0, value=16316.0
    [iter 3274697] reheat + diversify: T=306.0, value=23176.0
    [iter 3280450] reheat + diversify: T=306.0, value=20760.0
    [iter 3286203] reheat + diversify: T=306.0, value=19515.0
    [iter 3291956] reheat + diversify: T=306.0, value=26361.0
    [iter 3297709] reheat + diversify: T=306.0, value=16839.0
    [iter 3303462] reheat + diversify: T=306.0, value=17445.0
    [iter 3309215] reheat + diversify: T=306.0, value=15069.0
    [iter 3314968] reheat + diversify: T=306.0, value=14049.0
    [iter 3320721] reheat + diversify: T=306.0, value=19331.0
    [iter 3326474] reheat + diversify: T=306.0, value=20161.0
    [iter 3332227] reheat + diversify: T=306.0, value=17832.0
    [iter 3337980] reheat + diversify: T=306.0, value=23228.0
    [iter 3343733] reheat + diversify: T=306.0, value=18681.0
    [iter 3349486] reheat + diversify: T=306.0, value=24530.0
    [iter 3355239] reheat + diversify: T=306.0, value=15281.0
    [iter 3360992] reheat + diversify: T=306.0, value=14690.0
    [iter 3366745] reheat + diversify: T=306.0, value=16578.0
    [iter 3372498] reheat + diversify: T=306.0, value=22735.0
    [iter 3378251] reheat + diversify: T=306.0, value=13718.0
    [iter 3384004] reheat + diversify: T=306.0, value=15327.0
    [iter 3389757] reheat + diversify: T=306.0, value=18727.0
    [iter 3395510] reheat + diversify: T=306.0, value=24166.0
    [iter 3401263] reheat + diversify: T=306.0, value=17271.0
    [iter 3407016] reheat + diversify: T=306.0, value=16991.0
    [iter 3412769] reheat + diversify: T=306.0, value=18576.0
    [iter 3418522] reheat + diversify: T=306.0, value=13742.0
    [iter 3424275] reheat + diversify: T=306.0, value=21188.0
    [iter 3430028] reheat + diversify: T=306.0, value=20452.0
    [iter 3435781] reheat + diversify: T=306.0, value=18277.0
    [iter 3441534] reheat + diversify: T=306.0, value=25573.0
    [iter 3447287] reheat + diversify: T=306.0, value=19676.0
    [iter 3453040] reheat + diversify: T=306.0, value=20673.0
    [iter 3458793] reheat + diversify: T=306.0, value=18236.0
    [iter 3464546] reheat + diversify: T=306.0, value=21240.0
    [iter 3470299] reheat + diversify: T=306.0, value=22305.0
    [iter 3476052] reheat + diversify: T=306.0, value=18830.0
    [iter 3481805] reheat + diversify: T=306.0, value=20728.0
    [iter 3487558] reheat + diversify: T=306.0, value=24018.0
    [iter 3493311] reheat + diversify: T=306.0, value=19717.0
    [iter 3499064] reheat + diversify: T=306.0, value=19515.0
    [iter 3504817] reheat + diversify: T=306.0, value=21633.0
    [iter 3510570] reheat + diversify: T=306.0, value=11401.0
    [iter 3516323] reheat + diversify: T=306.0, value=16656.0
    [iter 3522076] reheat + diversify: T=306.0, value=25459.0
    [iter 3527829] reheat + diversify: T=306.0, value=19685.0
    [iter 3533582] reheat + diversify: T=306.0, value=26361.0
    [iter 3539335] reheat + diversify: T=306.0, value=14734.0
    [iter 3545088] reheat + diversify: T=306.0, value=23797.0
    [iter 3550841] reheat + diversify: T=306.0, value=23090.0
    [iter 3556594] reheat + diversify: T=306.0, value=23275.0
    [iter 3562347] reheat + diversify: T=306.0, value=15981.0
    [iter 3568100] reheat + diversify: T=306.0, value=24105.0
    [iter 3573853] reheat + diversify: T=306.0, value=23199.0
    [iter 3579606] reheat + diversify: T=306.0, value=22845.0
    [iter 3585359] reheat + diversify: T=306.0, value=23389.0
    [iter 3591112] reheat + diversify: T=306.0, value=11475.0
    [iter 3596865] reheat + diversify: T=306.0, value=14150.0
    [iter 3602618] reheat + diversify: T=306.0, value=20673.0
    [iter 3608371] reheat + diversify: T=306.0, value=25427.0
    [iter 3614124] reheat + diversify: T=306.0, value=20924.0
    [iter 3619877] reheat + diversify: T=306.0, value=19713.0
    [iter 3625630] reheat + diversify: T=306.0, value=20727.0
    [iter 3631383] reheat + diversify: T=306.0, value=24921.0
    [iter 3637136] reheat + diversify: T=306.0, value=24156.0
    [iter 3642889] reheat + diversify: T=306.0, value=19393.0
    [iter 3648642] reheat + diversify: T=306.0, value=24530.0
    [iter 3654395] reheat + diversify: T=306.0, value=11283.0
    [iter 3660148] reheat + diversify: T=306.0, value=23228.0
    [iter 3665901] reheat + diversify: T=306.0, value=19008.0
    [iter 3671654] reheat + diversify: T=306.0, value=23122.0
    [iter 3677407] reheat + diversify: T=306.0, value=19056.0
    [iter 3683160] reheat + diversify: T=306.0, value=13470.0
    [iter 3688913] reheat + diversify: T=306.0, value=11475.0
    [iter 3694666] reheat + diversify: T=306.0, value=18758.0
    [iter 3700419] reheat + diversify: T=306.0, value=17533.0
    [iter 3706172] reheat + diversify: T=306.0, value=19799.0
    [iter 3711925] reheat + diversify: T=306.0, value=14733.0
    [iter 3717678] reheat + diversify: T=306.0, value=18374.0
    [iter 3723431] reheat + diversify: T=306.0, value=17717.0
    [iter 3729184] reheat + diversify: T=306.0, value=20056.0
    [iter 3734937] reheat + diversify: T=306.0, value=17872.0
    [iter 3740690] reheat + diversify: T=306.0, value=21547.0
    [iter 3746443] reheat + diversify: T=306.0, value=14365.0
    [iter 3752196] reheat + diversify: T=306.0, value=20075.0
    [iter 3757949] reheat + diversify: T=306.0, value=15327.0
    [iter 3763702] reheat + diversify: T=306.0, value=20760.0
    [iter 3769455] reheat + diversify: T=306.0, value=24469.0
    [iter 3775208] reheat + diversify: T=306.0, value=24755.0
    [iter 3780961] reheat + diversify: T=306.0, value=16261.0
    [iter 3786714] reheat + diversify: T=306.0, value=18244.0
    [iter 3792467] reheat + diversify: T=306.0, value=16210.0
    [iter 3798220] reheat + diversify: T=306.0, value=23243.0
    [iter 3803973] reheat + diversify: T=306.0, value=23495.0
    [iter 3809726] reheat + diversify: T=306.0, value=20156.0
    [iter 3815479] reheat + diversify: T=306.0, value=24205.0
    [iter 3821232] reheat + diversify: T=306.0, value=19270.0
    [iter 3826985] reheat + diversify: T=306.0, value=17647.0
    [iter 3832738] reheat + diversify: T=306.0, value=21921.0
    [iter 3838491] reheat + diversify: T=306.0, value=23495.0
    [iter 3844244] reheat + diversify: T=306.0, value=19055.0
    [iter 3849997] reheat + diversify: T=306.0, value=23967.0
    [iter 3855750] reheat + diversify: T=306.0, value=22003.0
    [iter 3861503] reheat + diversify: T=306.0, value=25151.0
    [iter 3867256] reheat + diversify: T=306.0, value=18268.0
    [iter 3873009] reheat + diversify: T=306.0, value=15483.0
    [iter 3878762] reheat + diversify: T=306.0, value=17735.0
    [iter 3884515] reheat + diversify: T=306.0, value=17869.0
    [iter 3890268] reheat + diversify: T=306.0, value=24755.0
    [iter 3896021] reheat + diversify: T=306.0, value=14141.0
    [iter 3901774] reheat + diversify: T=306.0, value=19748.0
    [iter 3907527] reheat + diversify: T=306.0, value=20087.0
    [iter 3913280] reheat + diversify: T=306.0, value=11823.0
    [iter 3919033] reheat + diversify: T=306.0, value=12443.0
    [iter 3924786] reheat + diversify: T=306.0, value=14407.0
    [iter 3930539] reheat + diversify: T=306.0, value=26361.0
    [iter 3936292] reheat + diversify: T=306.0, value=21547.0
    [iter 3942045] reheat + diversify: T=306.0, value=20107.0
    [iter 3947798] reheat + diversify: T=306.0, value=23797.0
    [iter 3953551] reheat + diversify: T=306.0, value=23633.0
    [iter 3959304] reheat + diversify: T=306.0, value=16829.0
    [iter 3965057] reheat + diversify: T=306.0, value=20161.0
    [iter 3970810] reheat + diversify: T=306.0, value=20107.0
    [iter 3976563] reheat + diversify: T=306.0, value=12443.0
    [iter 3982316] reheat + diversify: T=306.0, value=24585.0
    [iter 3988069] reheat + diversify: T=306.0, value=17796.0
    [iter 3993822] reheat + diversify: T=306.0, value=22845.0
    [iter 3999575] reheat + diversify: T=306.0, value=15517.0
    [iter 4005328] reheat + diversify: T=306.0, value=16254.0
    [iter 4011081] reheat + diversify: T=306.0, value=19832.0
    [iter 4016834] reheat + diversify: T=306.0, value=13535.0
    [iter 4022587] reheat + diversify: T=306.0, value=18521.0
    [iter 4028340] reheat + diversify: T=306.0, value=11091.0
    [iter 4034093] reheat + diversify: T=306.0, value=23565.0
    [iter 4039846] reheat + diversify: T=306.0, value=18277.0
    [iter 4045599] reheat + diversify: T=306.0, value=26361.0
    [iter 4051352] reheat + diversify: T=306.0, value=12276.0
    [iter 4057105] reheat + diversify: T=306.0, value=17707.0
    [iter 4062858] reheat + diversify: T=306.0, value=18544.0
    [iter 4068611] reheat + diversify: T=306.0, value=20075.0
    [iter 4074364] reheat + diversify: T=306.0, value=12675.0
    [iter 4080117] reheat + diversify: T=306.0, value=23378.0
    [iter 4085870] reheat + diversify: T=306.0, value=21214.0
    [iter 4091623] reheat + diversify: T=306.0, value=18929.0
    [iter 4097376] reheat + diversify: T=306.0, value=16852.0
    [iter 4103129] reheat + diversify: T=306.0, value=20843.0
    [iter 4108882] reheat + diversify: T=306.0, value=10269.0
    [iter 4114635] reheat + diversify: T=306.0, value=14144.0
    [iter 4120388] reheat + diversify: T=306.0, value=14141.0
    [iter 4126141] reheat + diversify: T=306.0, value=21188.0
    [iter 4131894] reheat + diversify: T=306.0, value=20760.0
    [iter 4137647] reheat + diversify: T=306.0, value=21188.0
    [iter 4143400] reheat + diversify: T=306.0, value=13473.0
    [iter 4149153] reheat + diversify: T=306.0, value=25203.0
    [iter 4154906] reheat + diversify: T=306.0, value=25459.0
    [iter 4160659] reheat + diversify: T=306.0, value=19780.0
    [iter 4166412] reheat + diversify: T=306.0, value=19717.0
    [iter 4172165] reheat + diversify: T=306.0, value=16998.0
    [iter 4177918] reheat + diversify: T=306.0, value=18544.0
  time limit reached at iteration 4183387
  SA finished: 4183387 iterations in 300.0s (13945 it/s), accepted 1909744 (45.7%), rejected 2273642, no-move draws 0, reheats 726
  SA: value 26361.0 (greedy 24479.0, +1882.0), bound 31654.5, gap 16.72%, util 85.0%
  report -> /home/mcaspar/3DMHKP/results_3DMHKP_ep3/ep3-20-L-R-50-3DMHKP-SA-a0.999-r0.25-t300s.txt

================================================================================================
SUMMARY
================================================================================================
instance      boxes  packed       greedy     SA value        bound      gap    util    iters    time
------------------------------------------------------------------------------------------------
ep3-20-L-R-50     20       9      24479.0      26361.0      31654.5   16.7%   85.0%  4183387  300.0s
------------------------------------------------------------------------------------------------
proven optimal (value reaches the upper bound): 0/1
improved over greedy: 1/1 (total value 24479.0 -> 26361.0, +7.69%)
mean gap to continuous-knapsack bound: 16.7%
mean volume utilization: 85.0%
