============================================================
  Solver:     3DMHKP-SA.py
  Instance:   /home/mcaspar/3DMHKP/Egeblad/ep3-20-D-R-50.txt
  Value mode: flat
  Timelimit:  300s
  Reports:    /home/mcaspar/3DMHKP/results_3DMHKP_ep3
  CPUs:       1
============================================================
======================================================================
3DMHKP Simulated Annealing (random single-neighbour, sequence decoder)
SA params: T0=5% of f(S_0), alpha=0.999, T_min=0.001, reheat_threshold=5753, reheat_fraction=0.25
Move weights: {'relocate': 0.0, 'swap': 1.0, '2opt': 0.0, 'promote': 1.5, 'demote': 1.5, 'orient': 1.0, 'container': 0.5}
Time limit: 300.0s per instance, seed 497142465
======================================================================

======================================================================
ep3-20-D-R-50: 20 boxes (20 types), 1 containers (1 types)
  continuous-knapsack bound: 19604.2
  initial (value-density) decode: value 9182.0 (12/20 boxes)
  T0 = 459.1 (5% of the initial objective)
    [iter 1] *** NEW BEST: value 10215.0, boxes 12/20, T=459.1, elapsed=0.0s
    [iter 3] *** NEW BEST: value 12217.0, boxes 12/20, T=458.2, elapsed=0.0s
    [iter 5] *** NEW BEST: value 12541.0, boxes 13/20, T=457.3, elapsed=0.0s
    [iter 9] *** NEW BEST: value 14241.0, boxes 11/20, T=455.4, elapsed=0.0s
    [iter 25] *** NEW BEST: value 14673.0, boxes 12/20, T=448.2, elapsed=0.0s
    [iter 49] *** NEW BEST: value 15530.0, boxes 12/20, T=437.6, elapsed=0.0s
    [iter 909] *** NEW BEST: value 15977.0, boxes 11/20, T=185.1, elapsed=0.1s
    [iter 1289] *** NEW BEST: value 16153.0, boxes 11/20, T=126.5, elapsed=0.1s
    [iter 7042] reheat + diversify: T=114.8, value=12808.0
    [iter 12795] reheat + diversify: T=114.8, value=13914.0
    [iter 18548] reheat + diversify: T=114.8, value=11389.0
    [iter 24301] reheat + diversify: T=114.8, value=14726.0
    [iter 30054] reheat + diversify: T=114.8, value=13552.0
    [iter 35807] reheat + diversify: T=114.8, value=10998.0
    [iter 41560] reheat + diversify: T=114.8, value=12893.0
    [iter 47313] reheat + diversify: T=114.8, value=12828.0
    [iter 53066] reheat + diversify: T=114.8, value=12313.0
    [iter 58819] reheat + diversify: T=114.8, value=12720.0
    [iter 64572] reheat + diversify: T=114.8, value=10294.0
    [iter 70325] reheat + diversify: T=114.8, value=12509.0
    [iter 76078] reheat + diversify: T=114.8, value=12457.0
    [iter 81831] reheat + diversify: T=114.8, value=9256.0
    [iter 87584] reheat + diversify: T=114.8, value=7598.0
    [iter 93337] reheat + diversify: T=114.8, value=11897.0
    [iter 99090] reheat + diversify: T=114.8, value=8391.0
    [iter 104843] reheat + diversify: T=114.8, value=13226.0
    [iter 110596] reheat + diversify: T=114.8, value=10068.0
    [iter 116349] reheat + diversify: T=114.8, value=14024.0
    [iter 122102] reheat + diversify: T=114.8, value=11839.0
    [iter 127855] reheat + diversify: T=114.8, value=13321.0
    [iter 133608] reheat + diversify: T=114.8, value=9612.0
    [iter 139361] reheat + diversify: T=114.8, value=14148.0
    [iter 145114] reheat + diversify: T=114.8, value=12742.0
    [iter 150867] reheat + diversify: T=114.8, value=13444.0
    [iter 156620] reheat + diversify: T=114.8, value=14726.0
    [iter 162373] reheat + diversify: T=114.8, value=11687.0
    [iter 168126] reheat + diversify: T=114.8, value=13261.0
    [iter 173879] reheat + diversify: T=114.8, value=12965.0
    [iter 179632] reheat + diversify: T=114.8, value=14148.0
    [iter 185385] reheat + diversify: T=114.8, value=14189.0
    [iter 191138] reheat + diversify: T=114.8, value=11558.0
    [iter 196891] reheat + diversify: T=114.8, value=13609.0
    [iter 202644] reheat + diversify: T=114.8, value=11719.0
    [iter 208397] reheat + diversify: T=114.8, value=14148.0
    [iter 210050] *** NEW BEST: value 16165.0, boxes 13/20, T=22.0, elapsed=19.9s
    [iter 215803] reheat + diversify: T=114.8, value=13141.0
    [iter 221556] reheat + diversify: T=114.8, value=12565.0
    [iter 227309] reheat + diversify: T=114.8, value=13918.0
    [iter 233062] reheat + diversify: T=114.8, value=12177.0
    [iter 238815] reheat + diversify: T=114.8, value=13090.0
    [iter 244568] reheat + diversify: T=114.8, value=10412.0
    [iter 250321] reheat + diversify: T=114.8, value=11677.0
    [iter 256074] reheat + diversify: T=114.8, value=9181.0
    [iter 261827] reheat + diversify: T=114.8, value=14593.0
    [iter 267580] reheat + diversify: T=114.8, value=11342.0
    [iter 273333] reheat + diversify: T=114.8, value=13178.0
    [iter 279086] reheat + diversify: T=114.8, value=8989.0
    [iter 284839] reheat + diversify: T=114.8, value=9265.0
    [iter 290592] reheat + diversify: T=114.8, value=13794.0
    [iter 296345] reheat + diversify: T=114.8, value=12817.0
    [iter 302098] reheat + diversify: T=114.8, value=10297.0
    [iter 307851] reheat + diversify: T=114.8, value=9780.0
    [iter 313604] reheat + diversify: T=114.8, value=11270.0
    [iter 319357] reheat + diversify: T=114.8, value=12622.0
    [iter 325110] reheat + diversify: T=114.8, value=8033.0
    [iter 330863] reheat + diversify: T=114.8, value=13525.0
    [iter 336616] reheat + diversify: T=114.8, value=11638.0
    [iter 342369] reheat + diversify: T=114.8, value=13597.0
    [iter 348122] reheat + diversify: T=114.8, value=11981.0
    [iter 353875] reheat + diversify: T=114.8, value=11090.0
    [iter 359628] reheat + diversify: T=114.8, value=12921.0
    [iter 365381] reheat + diversify: T=114.8, value=13440.0
    [iter 371134] reheat + diversify: T=114.8, value=10276.0
    [iter 376887] reheat + diversify: T=114.8, value=14750.0
    [iter 382640] reheat + diversify: T=114.8, value=15170.0
    [iter 388393] reheat + diversify: T=114.8, value=12086.0
    [iter 394146] reheat + diversify: T=114.8, value=15686.0
    [iter 399899] reheat + diversify: T=114.8, value=9484.0
    [iter 405652] reheat + diversify: T=114.8, value=16153.0
    [iter 411405] reheat + diversify: T=114.8, value=13525.0
    [iter 417158] reheat + diversify: T=114.8, value=13238.0
    [iter 422911] reheat + diversify: T=114.8, value=12691.0
    [iter 428664] reheat + diversify: T=114.8, value=14148.0
    [iter 434417] reheat + diversify: T=114.8, value=11558.0
    [iter 440170] reheat + diversify: T=114.8, value=13597.0
    [iter 445923] reheat + diversify: T=114.8, value=15119.0
    [iter 451676] reheat + diversify: T=114.8, value=12965.0
    [iter 457429] reheat + diversify: T=114.8, value=11257.0
    [iter 463182] reheat + diversify: T=114.8, value=14252.0
    [iter 468935] reheat + diversify: T=114.8, value=13196.0
    [iter 474688] reheat + diversify: T=114.8, value=14492.0
    [iter 480441] reheat + diversify: T=114.8, value=9257.0
    [iter 486194] reheat + diversify: T=114.8, value=13224.0
    [iter 491947] reheat + diversify: T=114.8, value=14893.0
    [iter 497700] reheat + diversify: T=114.8, value=14479.0
    [iter 503453] reheat + diversify: T=114.8, value=12689.0
    [iter 509206] reheat + diversify: T=114.8, value=15977.0
    [iter 514959] reheat + diversify: T=114.8, value=13013.0
    [iter 520712] reheat + diversify: T=114.8, value=10809.0
    [iter 526465] reheat + diversify: T=114.8, value=12613.0
    [iter 532218] reheat + diversify: T=114.8, value=13848.0
    [iter 537971] reheat + diversify: T=114.8, value=11941.0
    [iter 543724] reheat + diversify: T=114.8, value=14148.0
    [iter 549477] reheat + diversify: T=114.8, value=12439.0
    [iter 555230] reheat + diversify: T=114.8, value=13218.0
    [iter 560983] reheat + diversify: T=114.8, value=15220.0
    [iter 566736] reheat + diversify: T=114.8, value=14252.0
    [iter 572489] reheat + diversify: T=114.8, value=12264.0
    [iter 578242] reheat + diversify: T=114.8, value=16165.0
    [iter 583995] reheat + diversify: T=114.8, value=12217.0
    [iter 589748] reheat + diversify: T=114.8, value=12564.0
    [iter 595501] reheat + diversify: T=114.8, value=16153.0
    [iter 601254] reheat + diversify: T=114.8, value=11883.0
    [iter 607007] reheat + diversify: T=114.8, value=14389.0
    [iter 612760] reheat + diversify: T=114.8, value=11058.0
    [iter 618513] reheat + diversify: T=114.8, value=9612.0
    [iter 624266] reheat + diversify: T=114.8, value=12308.0
    [iter 630019] reheat + diversify: T=114.8, value=12391.0
    [iter 635772] reheat + diversify: T=114.8, value=10805.0
    [iter 641525] reheat + diversify: T=114.8, value=14938.0
    [iter 647278] reheat + diversify: T=114.8, value=12921.0
    [iter 653031] reheat + diversify: T=114.8, value=12671.0
    [iter 658784] reheat + diversify: T=114.8, value=13342.0
    [iter 664537] reheat + diversify: T=114.8, value=11679.0
    [iter 670290] reheat + diversify: T=114.8, value=8831.0
    [iter 676043] reheat + diversify: T=114.8, value=12731.0
    [iter 681796] reheat + diversify: T=114.8, value=10088.0
    [iter 687549] reheat + diversify: T=114.8, value=13824.0
    [iter 693302] reheat + diversify: T=114.8, value=13921.0
    [iter 699055] reheat + diversify: T=114.8, value=12618.0
    [iter 704808] reheat + diversify: T=114.8, value=9216.0
    [iter 710561] reheat + diversify: T=114.8, value=13099.0
    [iter 716314] reheat + diversify: T=114.8, value=14565.0
    [iter 722067] reheat + diversify: T=114.8, value=10418.0
    [iter 727820] reheat + diversify: T=114.8, value=13035.0
    [iter 733573] reheat + diversify: T=114.8, value=14085.0
    [iter 739326] reheat + diversify: T=114.8, value=12536.0
    [iter 745079] reheat + diversify: T=114.8, value=9043.0
    [iter 750832] reheat + diversify: T=114.8, value=12918.0
    [iter 756585] reheat + diversify: T=114.8, value=12691.0
    [iter 762338] reheat + diversify: T=114.8, value=10906.0
    [iter 768091] reheat + diversify: T=114.8, value=10202.0
    [iter 773844] reheat + diversify: T=114.8, value=14163.0
    [iter 779597] reheat + diversify: T=114.8, value=13921.0
    [iter 785350] reheat + diversify: T=114.8, value=14220.0
    [iter 791103] reheat + diversify: T=114.8, value=13771.0
    [iter 796856] reheat + diversify: T=114.8, value=13444.0
    [iter 802609] reheat + diversify: T=114.8, value=10645.0
    [iter 808362] reheat + diversify: T=114.8, value=11284.0
    [iter 814115] reheat + diversify: T=114.8, value=14619.0
    [iter 819868] reheat + diversify: T=114.8, value=16153.0
    [iter 825621] reheat + diversify: T=114.8, value=9712.0
    [iter 831374] reheat + diversify: T=114.8, value=10513.0
    [iter 837127] reheat + diversify: T=114.8, value=13879.0
    [iter 842880] reheat + diversify: T=114.8, value=12860.0
    [iter 848633] reheat + diversify: T=114.8, value=13184.0
    [iter 854386] reheat + diversify: T=114.8, value=12079.0
    [iter 860139] reheat + diversify: T=114.8, value=12742.0
    [iter 865892] reheat + diversify: T=114.8, value=11158.0
    [iter 871645] reheat + diversify: T=114.8, value=11877.0
    [iter 877398] reheat + diversify: T=114.8, value=13794.0
    [iter 883151] reheat + diversify: T=114.8, value=14970.0
    [iter 888904] reheat + diversify: T=114.8, value=15372.0
    [iter 894657] reheat + diversify: T=114.8, value=13010.0
    [iter 900410] reheat + diversify: T=114.8, value=12050.0
    [iter 906163] reheat + diversify: T=114.8, value=13842.0
    [iter 911916] reheat + diversify: T=114.8, value=10764.0
    [iter 917669] reheat + diversify: T=114.8, value=8383.0
    [iter 923422] reheat + diversify: T=114.8, value=13698.0
    [iter 929175] reheat + diversify: T=114.8, value=12041.0
    [iter 934928] reheat + diversify: T=114.8, value=13222.0
    [iter 940681] reheat + diversify: T=114.8, value=14521.0
    [iter 946434] reheat + diversify: T=114.8, value=13444.0
    [iter 952187] reheat + diversify: T=114.8, value=11559.0
    [iter 957940] reheat + diversify: T=114.8, value=13918.0
    [iter 963693] reheat + diversify: T=114.8, value=9967.0
    [iter 969446] reheat + diversify: T=114.8, value=8980.0
    [iter 975199] reheat + diversify: T=114.8, value=10451.0
    [iter 980952] reheat + diversify: T=114.8, value=11598.0
    [iter 986705] reheat + diversify: T=114.8, value=10014.0
    [iter 992458] reheat + diversify: T=114.8, value=12067.0
    [iter 998211] reheat + diversify: T=114.8, value=8815.0
    [iter 1003964] reheat + diversify: T=114.8, value=9612.0
    [iter 1009717] reheat + diversify: T=114.8, value=10489.0
    [iter 1015470] reheat + diversify: T=114.8, value=11182.0
    [iter 1021223] reheat + diversify: T=114.8, value=11942.0
    [iter 1026976] reheat + diversify: T=114.8, value=8558.0
    [iter 1032729] reheat + diversify: T=114.8, value=13991.0
    [iter 1038482] reheat + diversify: T=114.8, value=11739.0
    [iter 1044235] reheat + diversify: T=114.8, value=9417.0
    [iter 1049988] reheat + diversify: T=114.8, value=12217.0
    [iter 1055741] reheat + diversify: T=114.8, value=12439.0
    [iter 1061494] reheat + diversify: T=114.8, value=14622.0
    [iter 1067247] reheat + diversify: T=114.8, value=9612.0
    [iter 1073000] reheat + diversify: T=114.8, value=12349.0
    [iter 1078753] reheat + diversify: T=114.8, value=13491.0
    [iter 1084506] reheat + diversify: T=114.8, value=10095.0
    [iter 1090259] reheat + diversify: T=114.8, value=12868.0
    [iter 1096012] reheat + diversify: T=114.8, value=11694.0
    [iter 1101765] reheat + diversify: T=114.8, value=11812.0
    [iter 1107518] reheat + diversify: T=114.8, value=13613.0
    [iter 1113271] reheat + diversify: T=114.8, value=10111.0
    [iter 1119024] reheat + diversify: T=114.8, value=14132.0
    [iter 1124777] reheat + diversify: T=114.8, value=15378.0
    [iter 1130530] reheat + diversify: T=114.8, value=10358.0
    [iter 1136283] reheat + diversify: T=114.8, value=15341.0
    [iter 1142036] reheat + diversify: T=114.8, value=7309.0
    [iter 1147789] reheat + diversify: T=114.8, value=9990.0
    [iter 1153542] reheat + diversify: T=114.8, value=14521.0
    [iter 1159295] reheat + diversify: T=114.8, value=9815.0
    [iter 1165048] reheat + diversify: T=114.8, value=11241.0
    [iter 1170801] reheat + diversify: T=114.8, value=13224.0
    [iter 1176554] reheat + diversify: T=114.8, value=13337.0
    [iter 1182307] reheat + diversify: T=114.8, value=11326.0
    [iter 1188060] reheat + diversify: T=114.8, value=7488.0
    [iter 1193813] reheat + diversify: T=114.8, value=8416.0
    [iter 1199566] reheat + diversify: T=114.8, value=14597.0
    [iter 1205319] reheat + diversify: T=114.8, value=13921.0
    [iter 1211072] reheat + diversify: T=114.8, value=10741.0
    [iter 1216825] reheat + diversify: T=114.8, value=11231.0
    [iter 1222578] reheat + diversify: T=114.8, value=10043.0
    [iter 1228331] reheat + diversify: T=114.8, value=12515.0
    [iter 1234084] reheat + diversify: T=114.8, value=9270.0
    [iter 1239837] reheat + diversify: T=114.8, value=14079.0
    [iter 1245590] reheat + diversify: T=114.8, value=13074.0
    [iter 1251343] reheat + diversify: T=114.8, value=11135.0
    [iter 1257096] reheat + diversify: T=114.8, value=11365.0
    [iter 1262849] reheat + diversify: T=114.8, value=14071.0
    [iter 1268602] reheat + diversify: T=114.8, value=15301.0
    [iter 1274355] reheat + diversify: T=114.8, value=14252.0
    [iter 1280108] reheat + diversify: T=114.8, value=13572.0
    [iter 1285861] reheat + diversify: T=114.8, value=11671.0
    [iter 1291614] reheat + diversify: T=114.8, value=9511.0
    [iter 1297367] reheat + diversify: T=114.8, value=9044.0
    [iter 1303120] reheat + diversify: T=114.8, value=13572.0
    [iter 1308873] reheat + diversify: T=114.8, value=8113.0
    [iter 1314626] reheat + diversify: T=114.8, value=9081.0
    [iter 1320379] reheat + diversify: T=114.8, value=10897.0
    [iter 1326132] reheat + diversify: T=114.8, value=6800.0
    [iter 1331885] reheat + diversify: T=114.8, value=15165.0
    [iter 1337638] reheat + diversify: T=114.8, value=12806.0
    [iter 1343391] reheat + diversify: T=114.8, value=13537.0
    [iter 1349144] reheat + diversify: T=114.8, value=9511.0
    [iter 1354897] reheat + diversify: T=114.8, value=13201.0
    [iter 1360650] reheat + diversify: T=114.8, value=14479.0
    [iter 1366403] reheat + diversify: T=114.8, value=13525.0
    [iter 1372156] reheat + diversify: T=114.8, value=10452.0
    [iter 1377909] reheat + diversify: T=114.8, value=10960.0
    [iter 1383662] reheat + diversify: T=114.8, value=11832.0
    [iter 1389415] reheat + diversify: T=114.8, value=16165.0
    [iter 1395168] reheat + diversify: T=114.8, value=9084.0
    [iter 1400921] reheat + diversify: T=114.8, value=13218.0
    [iter 1406674] reheat + diversify: T=114.8, value=15565.0
    [iter 1412427] reheat + diversify: T=114.8, value=14097.0
    [iter 1418180] reheat + diversify: T=114.8, value=13556.0
    [iter 1423933] reheat + diversify: T=114.8, value=14635.0
    [iter 1429686] reheat + diversify: T=114.8, value=7937.0
    [iter 1435439] reheat + diversify: T=114.8, value=13240.0
    [iter 1441192] reheat + diversify: T=114.8, value=15005.0
    [iter 1446945] reheat + diversify: T=114.8, value=13342.0
    [iter 1452698] reheat + diversify: T=114.8, value=9415.0
    [iter 1458451] reheat + diversify: T=114.8, value=13921.0
    [iter 1464204] reheat + diversify: T=114.8, value=12299.0
    [iter 1469957] reheat + diversify: T=114.8, value=10344.0
    [iter 1475710] reheat + diversify: T=114.8, value=12974.0
    [iter 1481463] reheat + diversify: T=114.8, value=10620.0
    [iter 1487216] reheat + diversify: T=114.8, value=14005.0
    [iter 1492969] reheat + diversify: T=114.8, value=9975.0
    [iter 1498722] reheat + diversify: T=114.8, value=11629.0
    [iter 1504475] reheat + diversify: T=114.8, value=11594.0
    [iter 1510228] reheat + diversify: T=114.8, value=10657.0
    [iter 1515981] reheat + diversify: T=114.8, value=14566.0
    [iter 1521734] reheat + diversify: T=114.8, value=14083.0
    [iter 1527487] reheat + diversify: T=114.8, value=12811.0
    [iter 1533240] reheat + diversify: T=114.8, value=12845.0
    [iter 1538993] reheat + diversify: T=114.8, value=11558.0
    [iter 1544746] reheat + diversify: T=114.8, value=15076.0
    [iter 1550499] reheat + diversify: T=114.8, value=14889.0
    [iter 1556252] reheat + diversify: T=114.8, value=12518.0
    [iter 1562005] reheat + diversify: T=114.8, value=12544.0
    [iter 1567758] reheat + diversify: T=114.8, value=15857.0
    [iter 1573511] reheat + diversify: T=114.8, value=13740.0
    [iter 1579264] reheat + diversify: T=114.8, value=10897.0
    [iter 1585017] reheat + diversify: T=114.8, value=14521.0
    [iter 1590770] reheat + diversify: T=114.8, value=15741.0
    [iter 1596523] reheat + diversify: T=114.8, value=12731.0
    [iter 1602276] reheat + diversify: T=114.8, value=12391.0
    [iter 1608029] reheat + diversify: T=114.8, value=12240.0
    [iter 1613782] reheat + diversify: T=114.8, value=15097.0
    [iter 1619535] reheat + diversify: T=114.8, value=12604.0
    [iter 1625288] reheat + diversify: T=114.8, value=12142.0
    [iter 1631041] reheat + diversify: T=114.8, value=15444.0
    [iter 1636794] reheat + diversify: T=114.8, value=12438.0
    [iter 1642547] reheat + diversify: T=114.8, value=9990.0
    [iter 1648300] reheat + diversify: T=114.8, value=11694.0
    [iter 1654053] reheat + diversify: T=114.8, value=12601.0
    [iter 1659806] reheat + diversify: T=114.8, value=14023.0
    [iter 1665559] reheat + diversify: T=114.8, value=12252.0
    [iter 1671312] reheat + diversify: T=114.8, value=12391.0
    [iter 1677065] reheat + diversify: T=114.8, value=11314.0
    [iter 1682818] reheat + diversify: T=114.8, value=12217.0
    [iter 1688571] reheat + diversify: T=114.8, value=8831.0
    [iter 1694324] reheat + diversify: T=114.8, value=13472.0
    [iter 1700077] reheat + diversify: T=114.8, value=12641.0
    [iter 1705830] reheat + diversify: T=114.8, value=12079.0
    [iter 1711583] reheat + diversify: T=114.8, value=11504.0
    [iter 1717336] reheat + diversify: T=114.8, value=8946.0
    [iter 1723089] reheat + diversify: T=114.8, value=15795.0
    [iter 1728842] reheat + diversify: T=114.8, value=12269.0
    [iter 1734595] reheat + diversify: T=114.8, value=12817.0
    [iter 1740348] reheat + diversify: T=114.8, value=8712.0
    [iter 1746101] reheat + diversify: T=114.8, value=11014.0
    [iter 1751854] reheat + diversify: T=114.8, value=9139.0
    [iter 1757607] reheat + diversify: T=114.8, value=13243.0
    [iter 1763360] reheat + diversify: T=114.8, value=13224.0
    [iter 1769113] reheat + diversify: T=114.8, value=12107.0
    [iter 1774866] reheat + diversify: T=114.8, value=12916.0
    [iter 1780619] reheat + diversify: T=114.8, value=11057.0
    [iter 1786372] reheat + diversify: T=114.8, value=15746.0
    [iter 1792125] reheat + diversify: T=114.8, value=13895.0
    [iter 1797878] reheat + diversify: T=114.8, value=13038.0
    [iter 1803631] reheat + diversify: T=114.8, value=12193.0
    [iter 1809384] reheat + diversify: T=114.8, value=12347.0
    [iter 1815137] reheat + diversify: T=114.8, value=8836.0
    [iter 1820890] reheat + diversify: T=114.8, value=15119.0
    [iter 1826643] reheat + diversify: T=114.8, value=10886.0
    [iter 1832396] reheat + diversify: T=114.8, value=11742.0
    [iter 1838149] reheat + diversify: T=114.8, value=13241.0
    [iter 1843902] reheat + diversify: T=114.8, value=13342.0
    [iter 1849655] reheat + diversify: T=114.8, value=11990.0
    [iter 1855408] reheat + diversify: T=114.8, value=13217.0
    [iter 1861161] reheat + diversify: T=114.8, value=9967.0
    [iter 1866914] reheat + diversify: T=114.8, value=12894.0
    [iter 1872667] reheat + diversify: T=114.8, value=12811.0
    [iter 1878420] reheat + diversify: T=114.8, value=12641.0
    [iter 1884173] reheat + diversify: T=114.8, value=12751.0
    [iter 1889926] reheat + diversify: T=114.8, value=12268.0
    [iter 1895679] reheat + diversify: T=114.8, value=13178.0
    [iter 1901432] reheat + diversify: T=114.8, value=13553.0
    [iter 1907185] reheat + diversify: T=114.8, value=11137.0
    [iter 1912938] reheat + diversify: T=114.8, value=11839.0
    [iter 1918691] reheat + diversify: T=114.8, value=7890.0
    [iter 1924444] reheat + diversify: T=114.8, value=10819.0
    [iter 1930197] reheat + diversify: T=114.8, value=13808.0
    [iter 1935950] reheat + diversify: T=114.8, value=12604.0
    [iter 1941703] reheat + diversify: T=114.8, value=15423.0
    [iter 1947456] reheat + diversify: T=114.8, value=9780.0
    [iter 1953209] reheat + diversify: T=114.8, value=14521.0
    [iter 1958962] reheat + diversify: T=114.8, value=9922.0
    [iter 1964715] reheat + diversify: T=114.8, value=11859.0
    [iter 1970468] reheat + diversify: T=114.8, value=14248.0
    [iter 1976221] reheat + diversify: T=114.8, value=11595.0
    [iter 1981974] reheat + diversify: T=114.8, value=13701.0
    [iter 1987727] reheat + diversify: T=114.8, value=12643.0
    [iter 1993480] reheat + diversify: T=114.8, value=13937.0
    [iter 1999233] reheat + diversify: T=114.8, value=13339.0
    [iter 2004986] reheat + diversify: T=114.8, value=13817.0
    [iter 2010739] reheat + diversify: T=114.8, value=12254.0
    [iter 2016492] reheat + diversify: T=114.8, value=13775.0
    [iter 2022245] reheat + diversify: T=114.8, value=9043.0
    [iter 2027998] reheat + diversify: T=114.8, value=14046.0
    [iter 2033751] reheat + diversify: T=114.8, value=9456.0
    [iter 2039504] reheat + diversify: T=114.8, value=10832.0
    [iter 2045257] reheat + diversify: T=114.8, value=9913.0
    [iter 2051010] reheat + diversify: T=114.8, value=10209.0
    [iter 2056763] reheat + diversify: T=114.8, value=11928.0
    [iter 2062516] reheat + diversify: T=114.8, value=13674.0
    [iter 2068269] reheat + diversify: T=114.8, value=12987.0
    [iter 2074022] reheat + diversify: T=114.8, value=10927.0
    [iter 2079775] reheat + diversify: T=114.8, value=13301.0
    [iter 2085528] reheat + diversify: T=114.8, value=13784.0
    [iter 2091281] reheat + diversify: T=114.8, value=11812.0
    [iter 2097034] reheat + diversify: T=114.8, value=12217.0
    [iter 2102787] reheat + diversify: T=114.8, value=10527.0
    [iter 2108540] reheat + diversify: T=114.8, value=11088.0
    [iter 2114293] reheat + diversify: T=114.8, value=11981.0
    [iter 2120046] reheat + diversify: T=114.8, value=12536.0
    [iter 2125799] reheat + diversify: T=114.8, value=13218.0
    [iter 2131552] reheat + diversify: T=114.8, value=13914.0
    [iter 2137305] reheat + diversify: T=114.8, value=14622.0
    [iter 2143058] reheat + diversify: T=114.8, value=14220.0
    [iter 2148811] reheat + diversify: T=114.8, value=9612.0
    [iter 2154564] reheat + diversify: T=114.8, value=9405.0
    [iter 2160317] reheat + diversify: T=114.8, value=11344.0
    [iter 2166070] reheat + diversify: T=114.8, value=14166.0
    [iter 2171823] reheat + diversify: T=114.8, value=14118.0
    [iter 2177576] reheat + diversify: T=114.8, value=16153.0
    [iter 2183329] reheat + diversify: T=114.8, value=10313.0
    [iter 2189082] reheat + diversify: T=114.8, value=10068.0
    [iter 2194835] reheat + diversify: T=114.8, value=12815.0
    [iter 2200588] reheat + diversify: T=114.8, value=12817.0
    [iter 2206341] reheat + diversify: T=114.8, value=8346.0
    [iter 2212094] reheat + diversify: T=114.8, value=16153.0
    [iter 2217847] reheat + diversify: T=114.8, value=10764.0
    [iter 2223600] reheat + diversify: T=114.8, value=12254.0
    [iter 2229353] reheat + diversify: T=114.8, value=11344.0
    [iter 2235106] reheat + diversify: T=114.8, value=11807.0
    [iter 2240859] reheat + diversify: T=114.8, value=12645.0
    [iter 2246612] reheat + diversify: T=114.8, value=11719.0
    [iter 2252365] reheat + diversify: T=114.8, value=13833.0
    [iter 2258118] reheat + diversify: T=114.8, value=12814.0
    [iter 2263871] reheat + diversify: T=114.8, value=11268.0
    [iter 2269624] reheat + diversify: T=114.8, value=10764.0
    [iter 2275377] reheat + diversify: T=114.8, value=14132.0
    [iter 2281130] reheat + diversify: T=114.8, value=10560.0
    [iter 2286883] reheat + diversify: T=114.8, value=10230.0
    [iter 2292636] reheat + diversify: T=114.8, value=12618.0
    [iter 2298389] reheat + diversify: T=114.8, value=11240.0
    [iter 2304142] reheat + diversify: T=114.8, value=10211.0
    [iter 2309895] reheat + diversify: T=114.8, value=15086.0
    [iter 2315648] reheat + diversify: T=114.8, value=13375.0
    [iter 2321401] reheat + diversify: T=114.8, value=11552.0
    [iter 2327154] reheat + diversify: T=114.8, value=13218.0
    [iter 2332907] reheat + diversify: T=114.8, value=11742.0
    [iter 2338660] reheat + diversify: T=114.8, value=12865.0
    [iter 2344413] reheat + diversify: T=114.8, value=13224.0
    [iter 2350166] reheat + diversify: T=114.8, value=12339.0
    [iter 2355919] reheat + diversify: T=114.8, value=12130.0
    [iter 2361672] reheat + diversify: T=114.8, value=12248.0
    [iter 2367425] reheat + diversify: T=114.8, value=11694.0
    [iter 2373178] reheat + diversify: T=114.8, value=9519.0
    [iter 2378931] reheat + diversify: T=114.8, value=12998.0
    [iter 2384684] reheat + diversify: T=114.8, value=12361.0
    [iter 2390437] reheat + diversify: T=114.8, value=10137.0
    [iter 2396190] reheat + diversify: T=114.8, value=15857.0
    [iter 2401943] reheat + diversify: T=114.8, value=13696.0
    [iter 2407696] reheat + diversify: T=114.8, value=10644.0
    [iter 2413449] reheat + diversify: T=114.8, value=14565.0
    [iter 2419202] reheat + diversify: T=114.8, value=12339.0
    [iter 2424955] reheat + diversify: T=114.8, value=8831.0
    [iter 2430708] reheat + diversify: T=114.8, value=10762.0
    [iter 2436461] reheat + diversify: T=114.8, value=14565.0
    [iter 2442214] reheat + diversify: T=114.8, value=11760.0
    [iter 2447967] reheat + diversify: T=114.8, value=16022.0
    [iter 2453720] reheat + diversify: T=114.8, value=11834.0
    [iter 2459473] reheat + diversify: T=114.8, value=10071.0
    [iter 2465226] reheat + diversify: T=114.8, value=13921.0
    [iter 2470979] reheat + diversify: T=114.8, value=10859.0
    [iter 2476732] reheat + diversify: T=114.8, value=16022.0
    [iter 2482485] reheat + diversify: T=114.8, value=11944.0
    [iter 2488238] reheat + diversify: T=114.8, value=13817.0
    [iter 2493991] reheat + diversify: T=114.8, value=11342.0
    [iter 2499744] reheat + diversify: T=114.8, value=13593.0
    [iter 2505497] reheat + diversify: T=114.8, value=13218.0
    [iter 2511250] reheat + diversify: T=114.8, value=8257.0
    [iter 2517003] reheat + diversify: T=114.8, value=8160.0
    [iter 2522756] reheat + diversify: T=114.8, value=13673.0
    [iter 2528509] reheat + diversify: T=114.8, value=12991.0
    [iter 2534262] reheat + diversify: T=114.8, value=13583.0
    [iter 2540015] reheat + diversify: T=114.8, value=9408.0
    [iter 2545768] reheat + diversify: T=114.8, value=15194.0
    [iter 2551521] reheat + diversify: T=114.8, value=13921.0
    [iter 2557274] reheat + diversify: T=114.8, value=14521.0
    [iter 2563027] reheat + diversify: T=114.8, value=10526.0
    [iter 2568780] reheat + diversify: T=114.8, value=12599.0
    [iter 2574533] reheat + diversify: T=114.8, value=14269.0
    [iter 2580286] reheat + diversify: T=114.8, value=10776.0
    [iter 2586039] reheat + diversify: T=114.8, value=13416.0
    [iter 2591792] reheat + diversify: T=114.8, value=11894.0
    [iter 2597545] reheat + diversify: T=114.8, value=12565.0
    [iter 2603298] reheat + diversify: T=114.8, value=11942.0
    [iter 2609051] reheat + diversify: T=114.8, value=14245.0
    [iter 2614804] reheat + diversify: T=114.8, value=8376.0
    [iter 2620557] reheat + diversify: T=114.8, value=12299.0
    [iter 2626310] reheat + diversify: T=114.8, value=14378.0
    [iter 2632063] reheat + diversify: T=114.8, value=13817.0
    [iter 2637816] reheat + diversify: T=114.8, value=10358.0
    [iter 2643569] reheat + diversify: T=114.8, value=12988.0
    [iter 2649322] reheat + diversify: T=114.8, value=13451.0
    [iter 2655075] reheat + diversify: T=114.8, value=13437.0
    [iter 2660828] reheat + diversify: T=114.8, value=11490.0
    [iter 2666581] reheat + diversify: T=114.8, value=14050.0
    [iter 2672334] reheat + diversify: T=114.8, value=11881.0
    [iter 2678087] reheat + diversify: T=114.8, value=13161.0
    [iter 2683840] reheat + diversify: T=114.8, value=14989.0
    [iter 2689593] reheat + diversify: T=114.8, value=13879.0
    [iter 2695346] reheat + diversify: T=114.8, value=11714.0
    [iter 2701099] reheat + diversify: T=114.8, value=14074.0
    [iter 2706852] reheat + diversify: T=114.8, value=13698.0
    [iter 2712605] reheat + diversify: T=114.8, value=13218.0
    [iter 2718358] reheat + diversify: T=114.8, value=11568.0
    [iter 2724111] reheat + diversify: T=114.8, value=13141.0
    [iter 2729864] reheat + diversify: T=114.8, value=9414.0
    [iter 2735617] reheat + diversify: T=114.8, value=12254.0
    [iter 2741370] reheat + diversify: T=114.8, value=13525.0
    [iter 2747123] reheat + diversify: T=114.8, value=14017.0
    [iter 2752876] reheat + diversify: T=114.8, value=13264.0
    [iter 2758629] reheat + diversify: T=114.8, value=12814.0
    [iter 2764382] reheat + diversify: T=114.8, value=13141.0
    [iter 2770135] reheat + diversify: T=114.8, value=13490.0
    [iter 2775888] reheat + diversify: T=114.8, value=13083.0
    [iter 2781641] reheat + diversify: T=114.8, value=12515.0
    [iter 2787394] reheat + diversify: T=114.8, value=11877.0
    [iter 2793147] reheat + diversify: T=114.8, value=13918.0
    [iter 2798900] reheat + diversify: T=114.8, value=14252.0
    [iter 2804653] reheat + diversify: T=114.8, value=11965.0
    [iter 2810406] reheat + diversify: T=114.8, value=12050.0
    [iter 2816159] reheat + diversify: T=114.8, value=10111.0
    [iter 2821912] reheat + diversify: T=114.8, value=13525.0
    [iter 2827665] reheat + diversify: T=114.8, value=11558.0
    [iter 2833418] reheat + diversify: T=114.8, value=13918.0
    [iter 2839171] reheat + diversify: T=114.8, value=13125.0
    [iter 2844924] reheat + diversify: T=114.8, value=12868.0
    [iter 2850677] reheat + diversify: T=114.8, value=12418.0
    [iter 2856430] reheat + diversify: T=114.8, value=10915.0
    [iter 2862183] reheat + diversify: T=114.8, value=16153.0
    [iter 2867936] reheat + diversify: T=114.8, value=14038.0
    [iter 2873689] reheat + diversify: T=114.8, value=12669.0
    [iter 2879442] reheat + diversify: T=114.8, value=9967.0
    [iter 2885195] reheat + diversify: T=114.8, value=11388.0
    [iter 2890948] reheat + diversify: T=114.8, value=10451.0
    [iter 2896701] reheat + diversify: T=114.8, value=12462.0
    [iter 2902454] reheat + diversify: T=114.8, value=11531.0
    [iter 2908207] reheat + diversify: T=114.8, value=10941.0
    [iter 2913960] reheat + diversify: T=114.8, value=10719.0
    [iter 2919713] reheat + diversify: T=114.8, value=14044.0
    [iter 2925466] reheat + diversify: T=114.8, value=8761.0
    [iter 2931219] reheat + diversify: T=114.8, value=10744.0
    [iter 2936972] reheat + diversify: T=114.8, value=13583.0
    [iter 2942725] reheat + diversify: T=114.8, value=11673.0
    [iter 2948478] reheat + diversify: T=114.8, value=13238.0
    [iter 2954231] reheat + diversify: T=114.8, value=11555.0
    [iter 2959984] reheat + diversify: T=114.8, value=15301.0
    [iter 2965737] reheat + diversify: T=114.8, value=13775.0
    [iter 2971490] reheat + diversify: T=114.8, value=13597.0
    [iter 2977243] reheat + diversify: T=114.8, value=14970.0
    [iter 2982996] reheat + diversify: T=114.8, value=12294.0
    [iter 2988749] reheat + diversify: T=114.8, value=11942.0
    [iter 2994502] reheat + diversify: T=114.8, value=8561.0
    [iter 3000255] reheat + diversify: T=114.8, value=12163.0
  time limit reached at iteration 3000318
  SA finished: 3000318 iterations in 300.0s (10001 it/s), accepted 1306068 (43.5%), rejected 1694249, no-move draws 0, reheats 521
  SA: value 16165.0 (greedy 9182.0, +6983.0), bound 19604.2, gap 17.54%, util 81.4%
  report -> /home/mcaspar/3DMHKP/results_3DMHKP_ep3/ep3-20-D-R-50-3DMHKP-SA-a0.999-r0.25-t300s.txt

================================================================================================
SUMMARY
================================================================================================
instance      boxes  packed       greedy     SA value        bound      gap    util    iters    time
------------------------------------------------------------------------------------------------
ep3-20-D-R-50     20      13       9182.0      16165.0      19604.2   17.5%   81.4%  3000318  300.0s
------------------------------------------------------------------------------------------------
proven optimal (value reaches the upper bound): 0/1
improved over greedy: 1/1 (total value 9182.0 -> 16165.0, +76.05%)
mean gap to continuous-knapsack bound: 17.5%
mean volume utilization: 81.4%
