============================================================
  Solver:     3DMHKP-SA.py
  Instance:   /home/mcaspar/3DMHKP/Egeblad/ep3-20-F-R-50.txt
  Value mode: flat
  Timelimit:  300s
  Reports:    /home/mcaspar/3DMHKP/results_3DMHKP_ep3
  CPUs:       1
============================================================
======================================================================
3DMHKP Simulated Annealing (random single-neighbour, sequence decoder)
SA params: T0=5% of f(S_0), alpha=0.999, T_min=0.001, reheat_threshold=5753, reheat_fraction=0.25
Move weights: {'relocate': 0.0, 'swap': 1.0, '2opt': 0.0, 'promote': 1.5, 'demote': 1.5, 'orient': 1.0, 'container': 0.5}
Time limit: 300.0s per instance, seed 215984004
======================================================================

======================================================================
ep3-20-F-R-50: 20 boxes (20 types), 1 containers (1 types)
  continuous-knapsack bound: 132400.9
  initial (value-density) decode: value 89202.0 (9/20 boxes)
  T0 = 4460.1 (5% of the initial objective)
    [iter 2] *** NEW BEST: value 89693.0, boxes 8/20, T=4455.6, elapsed=0.0s
    [iter 15] *** NEW BEST: value 91576.0, boxes 8/20, T=4398.1, elapsed=0.0s
    [iter 37] *** NEW BEST: value 95457.0, boxes 8/20, T=4302.3, elapsed=0.0s
    [iter 108] *** NEW BEST: value 100191.0, boxes 9/20, T=4007.3, elapsed=0.0s
    [iter 5861] reheat + diversify: T=1115.0, value=58122.0
    [iter 5870] *** NEW BEST: value 102289.0, boxes 9/20, T=1106.1, elapsed=0.7s
    [iter 5908] *** NEW BEST: value 102655.0, boxes 9/20, T=1064.9, elapsed=0.7s
    [iter 11661] reheat + diversify: T=1115.0, value=45120.0
    [iter 11909] *** NEW BEST: value 105844.0, boxes 9/20, T=870.9, elapsed=1.4s
    [iter 17662] reheat + diversify: T=1115.0, value=72802.0
    [iter 18074] *** NEW BEST: value 110083.0, boxes 9/20, T=739.1, elapsed=2.2s
    [iter 23827] reheat + diversify: T=1115.0, value=53875.0
    [iter 29580] reheat + diversify: T=1115.0, value=81815.0
    [iter 35333] reheat + diversify: T=1115.0, value=77726.0
    [iter 41086] reheat + diversify: T=1115.0, value=76712.0
    [iter 46839] reheat + diversify: T=1115.0, value=80769.0
    [iter 52592] reheat + diversify: T=1115.0, value=59621.0
    [iter 58345] reheat + diversify: T=1115.0, value=76247.0
    [iter 64098] reheat + diversify: T=1115.0, value=57847.0
    [iter 69851] reheat + diversify: T=1115.0, value=56261.0
    [iter 75604] reheat + diversify: T=1115.0, value=55610.0
    [iter 81357] reheat + diversify: T=1115.0, value=75559.0
    [iter 87110] reheat + diversify: T=1115.0, value=68572.0
    [iter 92863] reheat + diversify: T=1115.0, value=87778.0
    [iter 98616] reheat + diversify: T=1115.0, value=68037.0
    [iter 104369] reheat + diversify: T=1115.0, value=56700.0
    [iter 110122] reheat + diversify: T=1115.0, value=67070.0
    [iter 115875] reheat + diversify: T=1115.0, value=52467.0
    [iter 121628] reheat + diversify: T=1115.0, value=98714.0
    [iter 127381] reheat + diversify: T=1115.0, value=83399.0
    [iter 133134] reheat + diversify: T=1115.0, value=55572.0
    [iter 138887] reheat + diversify: T=1115.0, value=53724.0
    [iter 144640] reheat + diversify: T=1115.0, value=84462.0
    [iter 150393] reheat + diversify: T=1115.0, value=54969.0
    [iter 156146] reheat + diversify: T=1115.0, value=83834.0
    [iter 161899] reheat + diversify: T=1115.0, value=72551.0
    [iter 167652] reheat + diversify: T=1115.0, value=61545.0
    [iter 173405] reheat + diversify: T=1115.0, value=70198.0
    [iter 179158] reheat + diversify: T=1115.0, value=57961.0
    [iter 184911] reheat + diversify: T=1115.0, value=77070.0
    [iter 190664] reheat + diversify: T=1115.0, value=69237.0
    [iter 196417] reheat + diversify: T=1115.0, value=85892.0
    [iter 202170] reheat + diversify: T=1115.0, value=45788.0
    [iter 207923] reheat + diversify: T=1115.0, value=54625.0
    [iter 213676] reheat + diversify: T=1115.0, value=53007.0
    [iter 219429] reheat + diversify: T=1115.0, value=69409.0
    [iter 225182] reheat + diversify: T=1115.0, value=82046.0
    [iter 230935] reheat + diversify: T=1115.0, value=79141.0
    [iter 236688] reheat + diversify: T=1115.0, value=64160.0
    [iter 242441] reheat + diversify: T=1115.0, value=58122.0
    [iter 248194] reheat + diversify: T=1115.0, value=67978.0
    [iter 253947] reheat + diversify: T=1115.0, value=60646.0
    [iter 259700] reheat + diversify: T=1115.0, value=86680.0
    [iter 265453] reheat + diversify: T=1115.0, value=72747.0
    [iter 271206] reheat + diversify: T=1115.0, value=105422.0
    [iter 276959] reheat + diversify: T=1115.0, value=81580.0
    [iter 282712] reheat + diversify: T=1115.0, value=75919.0
    [iter 288465] reheat + diversify: T=1115.0, value=83009.0
    [iter 294218] reheat + diversify: T=1115.0, value=48304.0
    [iter 299971] reheat + diversify: T=1115.0, value=61866.0
    [iter 305724] reheat + diversify: T=1115.0, value=64092.0
    [iter 311477] reheat + diversify: T=1115.0, value=80474.0
    [iter 317230] reheat + diversify: T=1115.0, value=70127.0
    [iter 322983] reheat + diversify: T=1115.0, value=68784.0
    [iter 328736] reheat + diversify: T=1115.0, value=79572.0
    [iter 334489] reheat + diversify: T=1115.0, value=104389.0
    [iter 340242] reheat + diversify: T=1115.0, value=57177.0
    [iter 345995] reheat + diversify: T=1115.0, value=78667.0
    [iter 351748] reheat + diversify: T=1115.0, value=65754.0
    [iter 357501] reheat + diversify: T=1115.0, value=82939.0
    [iter 363254] reheat + diversify: T=1115.0, value=66755.0
    [iter 369007] reheat + diversify: T=1115.0, value=78030.0
    [iter 374760] reheat + diversify: T=1115.0, value=85582.0
    [iter 380513] reheat + diversify: T=1115.0, value=104547.0
    [iter 386266] reheat + diversify: T=1115.0, value=71410.0
    [iter 392019] reheat + diversify: T=1115.0, value=89211.0
    [iter 397772] reheat + diversify: T=1115.0, value=75991.0
    [iter 403525] reheat + diversify: T=1115.0, value=79297.0
    [iter 409278] reheat + diversify: T=1115.0, value=77584.0
    [iter 415031] reheat + diversify: T=1115.0, value=74736.0
    [iter 420784] reheat + diversify: T=1115.0, value=85874.0
    [iter 426537] reheat + diversify: T=1115.0, value=53749.0
    [iter 432290] reheat + diversify: T=1115.0, value=63219.0
    [iter 438043] reheat + diversify: T=1115.0, value=79011.0
    [iter 443796] reheat + diversify: T=1115.0, value=66538.0
    [iter 449549] reheat + diversify: T=1115.0, value=78606.0
    [iter 455302] reheat + diversify: T=1115.0, value=65696.0
    [iter 461055] reheat + diversify: T=1115.0, value=68145.0
    [iter 466808] reheat + diversify: T=1115.0, value=86989.0
    [iter 472561] reheat + diversify: T=1115.0, value=71891.0
    [iter 478314] reheat + diversify: T=1115.0, value=91906.0
    [iter 484067] reheat + diversify: T=1115.0, value=64779.0
    [iter 489820] reheat + diversify: T=1115.0, value=68137.0
    [iter 495573] reheat + diversify: T=1115.0, value=74726.0
    [iter 501326] reheat + diversify: T=1115.0, value=80605.0
    [iter 507079] reheat + diversify: T=1115.0, value=66473.0
    [iter 512832] reheat + diversify: T=1115.0, value=58018.0
    [iter 518585] reheat + diversify: T=1115.0, value=82572.0
    [iter 524338] reheat + diversify: T=1115.0, value=72518.0
    [iter 530091] reheat + diversify: T=1115.0, value=51283.0
    [iter 535844] reheat + diversify: T=1115.0, value=64754.0
    [iter 541597] reheat + diversify: T=1115.0, value=100770.0
    [iter 547350] reheat + diversify: T=1115.0, value=73399.0
    [iter 553103] reheat + diversify: T=1115.0, value=53690.0
    [iter 558856] reheat + diversify: T=1115.0, value=66381.0
    [iter 564609] reheat + diversify: T=1115.0, value=80979.0
    [iter 570362] reheat + diversify: T=1115.0, value=72039.0
    [iter 576115] reheat + diversify: T=1115.0, value=59671.0
    [iter 581868] reheat + diversify: T=1115.0, value=73329.0
    [iter 587621] reheat + diversify: T=1115.0, value=78037.0
    [iter 593374] reheat + diversify: T=1115.0, value=63787.0
    [iter 599127] reheat + diversify: T=1115.0, value=59473.0
    [iter 604880] reheat + diversify: T=1115.0, value=80106.0
    [iter 610633] reheat + diversify: T=1115.0, value=95261.0
    [iter 616386] reheat + diversify: T=1115.0, value=68673.0
    [iter 622139] reheat + diversify: T=1115.0, value=95656.0
    [iter 627892] reheat + diversify: T=1115.0, value=62880.0
    [iter 633645] reheat + diversify: T=1115.0, value=67094.0
    [iter 639398] reheat + diversify: T=1115.0, value=88854.0
    [iter 645151] reheat + diversify: T=1115.0, value=66450.0
    [iter 650904] reheat + diversify: T=1115.0, value=71111.0
    [iter 656657] reheat + diversify: T=1115.0, value=78279.0
    [iter 662410] reheat + diversify: T=1115.0, value=65495.0
    [iter 668163] reheat + diversify: T=1115.0, value=57262.0
    [iter 673916] reheat + diversify: T=1115.0, value=58561.0
    [iter 679669] reheat + diversify: T=1115.0, value=82281.0
    [iter 685422] reheat + diversify: T=1115.0, value=69472.0
    [iter 691175] reheat + diversify: T=1115.0, value=110083.0
    [iter 696928] reheat + diversify: T=1115.0, value=77673.0
    [iter 702681] reheat + diversify: T=1115.0, value=65536.0
    [iter 708434] reheat + diversify: T=1115.0, value=63536.0
    [iter 714187] reheat + diversify: T=1115.0, value=63801.0
    [iter 719940] reheat + diversify: T=1115.0, value=67675.0
    [iter 725693] reheat + diversify: T=1115.0, value=84486.0
    [iter 731446] reheat + diversify: T=1115.0, value=68846.0
    [iter 737199] reheat + diversify: T=1115.0, value=77907.0
    [iter 742952] reheat + diversify: T=1115.0, value=65726.0
    [iter 748705] reheat + diversify: T=1115.0, value=53998.0
    [iter 754458] reheat + diversify: T=1115.0, value=69945.0
    [iter 760211] reheat + diversify: T=1115.0, value=74805.0
    [iter 765964] reheat + diversify: T=1115.0, value=74514.0
    [iter 771717] reheat + diversify: T=1115.0, value=73102.0
    [iter 777470] reheat + diversify: T=1115.0, value=54225.0
    [iter 783223] reheat + diversify: T=1115.0, value=67145.0
    [iter 788976] reheat + diversify: T=1115.0, value=73443.0
    [iter 794729] reheat + diversify: T=1115.0, value=54521.0
    [iter 800482] reheat + diversify: T=1115.0, value=87686.0
    [iter 806235] reheat + diversify: T=1115.0, value=77274.0
    [iter 811988] reheat + diversify: T=1115.0, value=70651.0
    [iter 817741] reheat + diversify: T=1115.0, value=80216.0
    [iter 823494] reheat + diversify: T=1115.0, value=81353.0
    [iter 829172] *** NEW BEST: value 114455.0, boxes 10/20, T=3.8, elapsed=97.3s
    [iter 834925] reheat + diversify: T=1115.0, value=74559.0
    [iter 840678] reheat + diversify: T=1115.0, value=73140.0
    [iter 846431] reheat + diversify: T=1115.0, value=73609.0
    [iter 852184] reheat + diversify: T=1115.0, value=69999.0
    [iter 857937] reheat + diversify: T=1115.0, value=49790.0
    [iter 863690] reheat + diversify: T=1115.0, value=70377.0
    [iter 869443] reheat + diversify: T=1115.0, value=79735.0
    [iter 875196] reheat + diversify: T=1115.0, value=77238.0
    [iter 880949] reheat + diversify: T=1115.0, value=71252.0
    [iter 886702] reheat + diversify: T=1115.0, value=86747.0
    [iter 892455] reheat + diversify: T=1115.0, value=67913.0
    [iter 898208] reheat + diversify: T=1115.0, value=77578.0
    [iter 903961] reheat + diversify: T=1115.0, value=69493.0
    [iter 909714] reheat + diversify: T=1115.0, value=89312.0
    [iter 915467] reheat + diversify: T=1115.0, value=81985.0
    [iter 921220] reheat + diversify: T=1115.0, value=56902.0
    [iter 926973] reheat + diversify: T=1115.0, value=80961.0
    [iter 932726] reheat + diversify: T=1115.0, value=56122.0
    [iter 938479] reheat + diversify: T=1115.0, value=73354.0
    [iter 944232] reheat + diversify: T=1115.0, value=72546.0
    [iter 949985] reheat + diversify: T=1115.0, value=86223.0
    [iter 955738] reheat + diversify: T=1115.0, value=82077.0
    [iter 961491] reheat + diversify: T=1115.0, value=80554.0
    [iter 967244] reheat + diversify: T=1115.0, value=76510.0
    [iter 972997] reheat + diversify: T=1115.0, value=82033.0
    [iter 978750] reheat + diversify: T=1115.0, value=71751.0
    [iter 984503] reheat + diversify: T=1115.0, value=55178.0
    [iter 990256] reheat + diversify: T=1115.0, value=95399.0
    [iter 996009] reheat + diversify: T=1115.0, value=55408.0
    [iter 1001762] reheat + diversify: T=1115.0, value=93779.0
    [iter 1007515] reheat + diversify: T=1115.0, value=73709.0
    [iter 1013268] reheat + diversify: T=1115.0, value=71848.0
    [iter 1019021] reheat + diversify: T=1115.0, value=53204.0
    [iter 1024774] reheat + diversify: T=1115.0, value=74467.0
    [iter 1030527] reheat + diversify: T=1115.0, value=63519.0
    [iter 1036280] reheat + diversify: T=1115.0, value=106820.0
    [iter 1042033] reheat + diversify: T=1115.0, value=73747.0
    [iter 1047786] reheat + diversify: T=1115.0, value=67875.0
    [iter 1053539] reheat + diversify: T=1115.0, value=86774.0
    [iter 1059292] reheat + diversify: T=1115.0, value=54550.0
    [iter 1065045] reheat + diversify: T=1115.0, value=67647.0
    [iter 1070798] reheat + diversify: T=1115.0, value=42639.0
    [iter 1076551] reheat + diversify: T=1115.0, value=68197.0
    [iter 1082304] reheat + diversify: T=1115.0, value=71161.0
    [iter 1088057] reheat + diversify: T=1115.0, value=74979.0
    [iter 1093810] reheat + diversify: T=1115.0, value=63883.0
    [iter 1099563] reheat + diversify: T=1115.0, value=66760.0
    [iter 1105316] reheat + diversify: T=1115.0, value=67183.0
    [iter 1111069] reheat + diversify: T=1115.0, value=102695.0
    [iter 1116822] reheat + diversify: T=1115.0, value=75974.0
    [iter 1122575] reheat + diversify: T=1115.0, value=63660.0
    [iter 1128328] reheat + diversify: T=1115.0, value=78673.0
    [iter 1134081] reheat + diversify: T=1115.0, value=70571.0
    [iter 1139834] reheat + diversify: T=1115.0, value=60122.0
    [iter 1145587] reheat + diversify: T=1115.0, value=82686.0
    [iter 1151340] reheat + diversify: T=1115.0, value=77216.0
    [iter 1157093] reheat + diversify: T=1115.0, value=47328.0
    [iter 1162846] reheat + diversify: T=1115.0, value=62669.0
    [iter 1168599] reheat + diversify: T=1115.0, value=66925.0
    [iter 1174352] reheat + diversify: T=1115.0, value=87389.0
    [iter 1180105] reheat + diversify: T=1115.0, value=68630.0
    [iter 1185858] reheat + diversify: T=1115.0, value=86550.0
    [iter 1191611] reheat + diversify: T=1115.0, value=73201.0
    [iter 1197364] reheat + diversify: T=1115.0, value=55416.0
    [iter 1203117] reheat + diversify: T=1115.0, value=85187.0
    [iter 1208870] reheat + diversify: T=1115.0, value=70546.0
    [iter 1214623] reheat + diversify: T=1115.0, value=82454.0
    [iter 1220376] reheat + diversify: T=1115.0, value=53894.0
    [iter 1226129] reheat + diversify: T=1115.0, value=77801.0
    [iter 1231882] reheat + diversify: T=1115.0, value=67503.0
    [iter 1237635] reheat + diversify: T=1115.0, value=45011.0
    [iter 1243388] reheat + diversify: T=1115.0, value=70041.0
    [iter 1249141] reheat + diversify: T=1115.0, value=73624.0
    [iter 1254894] reheat + diversify: T=1115.0, value=66389.0
    [iter 1260647] reheat + diversify: T=1115.0, value=61652.0
    [iter 1266400] reheat + diversify: T=1115.0, value=50368.0
    [iter 1272153] reheat + diversify: T=1115.0, value=66149.0
    [iter 1277906] reheat + diversify: T=1115.0, value=80911.0
    [iter 1283659] reheat + diversify: T=1115.0, value=66563.0
    [iter 1289412] reheat + diversify: T=1115.0, value=82661.0
    [iter 1295165] reheat + diversify: T=1115.0, value=76014.0
    [iter 1300918] reheat + diversify: T=1115.0, value=51262.0
    [iter 1306671] reheat + diversify: T=1115.0, value=81488.0
    [iter 1312424] reheat + diversify: T=1115.0, value=89064.0
    [iter 1318177] reheat + diversify: T=1115.0, value=61006.0
    [iter 1323930] reheat + diversify: T=1115.0, value=60088.0
    [iter 1329683] reheat + diversify: T=1115.0, value=68777.0
    [iter 1335436] reheat + diversify: T=1115.0, value=64279.0
    [iter 1341189] reheat + diversify: T=1115.0, value=58307.0
    [iter 1346942] reheat + diversify: T=1115.0, value=52138.0
    [iter 1352695] reheat + diversify: T=1115.0, value=60588.0
    [iter 1358448] reheat + diversify: T=1115.0, value=69975.0
    [iter 1364201] reheat + diversify: T=1115.0, value=58390.0
    [iter 1369954] reheat + diversify: T=1115.0, value=50182.0
    [iter 1375707] reheat + diversify: T=1115.0, value=67562.0
    [iter 1381460] reheat + diversify: T=1115.0, value=69259.0
    [iter 1387213] reheat + diversify: T=1115.0, value=82525.0
    [iter 1392966] reheat + diversify: T=1115.0, value=83083.0
    [iter 1398719] reheat + diversify: T=1115.0, value=57855.0
    [iter 1404472] reheat + diversify: T=1115.0, value=81751.0
    [iter 1410225] reheat + diversify: T=1115.0, value=73028.0
    [iter 1415978] reheat + diversify: T=1115.0, value=41906.0
    [iter 1421731] reheat + diversify: T=1115.0, value=69352.0
    [iter 1427484] reheat + diversify: T=1115.0, value=75167.0
    [iter 1433237] reheat + diversify: T=1115.0, value=84303.0
    [iter 1438990] reheat + diversify: T=1115.0, value=93047.0
    [iter 1444743] reheat + diversify: T=1115.0, value=68448.0
    [iter 1450496] reheat + diversify: T=1115.0, value=81830.0
    [iter 1456249] reheat + diversify: T=1115.0, value=62950.0
    [iter 1462002] reheat + diversify: T=1115.0, value=61543.0
    [iter 1467755] reheat + diversify: T=1115.0, value=56029.0
    [iter 1473508] reheat + diversify: T=1115.0, value=63054.0
    [iter 1479261] reheat + diversify: T=1115.0, value=81192.0
    [iter 1485014] reheat + diversify: T=1115.0, value=56816.0
    [iter 1490767] reheat + diversify: T=1115.0, value=58249.0
    [iter 1496520] reheat + diversify: T=1115.0, value=73449.0
    [iter 1502273] reheat + diversify: T=1115.0, value=60125.0
    [iter 1508026] reheat + diversify: T=1115.0, value=89045.0
    [iter 1513779] reheat + diversify: T=1115.0, value=89085.0
    [iter 1519532] reheat + diversify: T=1115.0, value=56965.0
    [iter 1525285] reheat + diversify: T=1115.0, value=64858.0
    [iter 1531038] reheat + diversify: T=1115.0, value=67669.0
    [iter 1536791] reheat + diversify: T=1115.0, value=72437.0
    [iter 1542544] reheat + diversify: T=1115.0, value=89117.0
    [iter 1548297] reheat + diversify: T=1115.0, value=72125.0
    [iter 1554050] reheat + diversify: T=1115.0, value=67180.0
    [iter 1559803] reheat + diversify: T=1115.0, value=82320.0
    [iter 1565556] reheat + diversify: T=1115.0, value=71454.0
    [iter 1571309] reheat + diversify: T=1115.0, value=81385.0
    [iter 1577062] reheat + diversify: T=1115.0, value=58023.0
    [iter 1582815] reheat + diversify: T=1115.0, value=80156.0
    [iter 1588568] reheat + diversify: T=1115.0, value=92095.0
    [iter 1594321] reheat + diversify: T=1115.0, value=89498.0
    [iter 1600074] reheat + diversify: T=1115.0, value=79394.0
    [iter 1605827] reheat + diversify: T=1115.0, value=93887.0
    [iter 1611580] reheat + diversify: T=1115.0, value=79811.0
    [iter 1617333] reheat + diversify: T=1115.0, value=65552.0
    [iter 1623086] reheat + diversify: T=1115.0, value=70882.0
    [iter 1628839] reheat + diversify: T=1115.0, value=58303.0
    [iter 1634592] reheat + diversify: T=1115.0, value=72143.0
    [iter 1640345] reheat + diversify: T=1115.0, value=68492.0
    [iter 1646098] reheat + diversify: T=1115.0, value=85058.0
    [iter 1651851] reheat + diversify: T=1115.0, value=74715.0
    [iter 1657604] reheat + diversify: T=1115.0, value=86649.0
    [iter 1663357] reheat + diversify: T=1115.0, value=59215.0
    [iter 1669110] reheat + diversify: T=1115.0, value=78093.0
    [iter 1674863] reheat + diversify: T=1115.0, value=83380.0
    [iter 1680616] reheat + diversify: T=1115.0, value=64962.0
    [iter 1686369] reheat + diversify: T=1115.0, value=68176.0
    [iter 1692122] reheat + diversify: T=1115.0, value=36185.0
    [iter 1697875] reheat + diversify: T=1115.0, value=74519.0
    [iter 1703628] reheat + diversify: T=1115.0, value=68301.0
    [iter 1709381] reheat + diversify: T=1115.0, value=71390.0
    [iter 1715134] reheat + diversify: T=1115.0, value=69046.0
    [iter 1720887] reheat + diversify: T=1115.0, value=62378.0
    [iter 1726640] reheat + diversify: T=1115.0, value=46750.0
    [iter 1732393] reheat + diversify: T=1115.0, value=44899.0
    [iter 1738146] reheat + diversify: T=1115.0, value=66693.0
    [iter 1743899] reheat + diversify: T=1115.0, value=87466.0
    [iter 1749652] reheat + diversify: T=1115.0, value=68407.0
    [iter 1755405] reheat + diversify: T=1115.0, value=71406.0
    [iter 1761158] reheat + diversify: T=1115.0, value=70419.0
    [iter 1766911] reheat + diversify: T=1115.0, value=60147.0
    [iter 1772664] reheat + diversify: T=1115.0, value=86506.0
    [iter 1778417] reheat + diversify: T=1115.0, value=62359.0
    [iter 1784170] reheat + diversify: T=1115.0, value=61843.0
    [iter 1789923] reheat + diversify: T=1115.0, value=67548.0
    [iter 1795676] reheat + diversify: T=1115.0, value=89943.0
    [iter 1801429] reheat + diversify: T=1115.0, value=63275.0
    [iter 1807182] reheat + diversify: T=1115.0, value=64560.0
    [iter 1812935] reheat + diversify: T=1115.0, value=98714.0
    [iter 1818688] reheat + diversify: T=1115.0, value=59419.0
    [iter 1824441] reheat + diversify: T=1115.0, value=76535.0
    [iter 1830194] reheat + diversify: T=1115.0, value=71769.0
    [iter 1835947] reheat + diversify: T=1115.0, value=67562.0
    [iter 1841700] reheat + diversify: T=1115.0, value=60951.0
    [iter 1847453] reheat + diversify: T=1115.0, value=81350.0
    [iter 1853206] reheat + diversify: T=1115.0, value=101567.0
    [iter 1858959] reheat + diversify: T=1115.0, value=76719.0
    [iter 1864712] reheat + diversify: T=1115.0, value=58481.0
    [iter 1870465] reheat + diversify: T=1115.0, value=87437.0
    [iter 1876218] reheat + diversify: T=1115.0, value=76025.0
    [iter 1881971] reheat + diversify: T=1115.0, value=64639.0
    [iter 1887724] reheat + diversify: T=1115.0, value=82024.0
    [iter 1893477] reheat + diversify: T=1115.0, value=96722.0
    [iter 1899230] reheat + diversify: T=1115.0, value=73384.0
    [iter 1904983] reheat + diversify: T=1115.0, value=73642.0
    [iter 1910736] reheat + diversify: T=1115.0, value=59648.0
    [iter 1916489] reheat + diversify: T=1115.0, value=78092.0
    [iter 1922242] reheat + diversify: T=1115.0, value=70168.0
    [iter 1927995] reheat + diversify: T=1115.0, value=51640.0
    [iter 1933748] reheat + diversify: T=1115.0, value=55527.0
    [iter 1939501] reheat + diversify: T=1115.0, value=85691.0
    [iter 1945254] reheat + diversify: T=1115.0, value=60813.0
    [iter 1951007] reheat + diversify: T=1115.0, value=81439.0
    [iter 1956760] reheat + diversify: T=1115.0, value=58105.0
    [iter 1962513] reheat + diversify: T=1115.0, value=66020.0
    [iter 1968266] reheat + diversify: T=1115.0, value=65839.0
    [iter 1974019] reheat + diversify: T=1115.0, value=66217.0
    [iter 1979772] reheat + diversify: T=1115.0, value=84914.0
    [iter 1985525] reheat + diversify: T=1115.0, value=78281.0
    [iter 1991278] reheat + diversify: T=1115.0, value=79617.0
    [iter 1997031] reheat + diversify: T=1115.0, value=53484.0
    [iter 2002784] reheat + diversify: T=1115.0, value=73967.0
    [iter 2008537] reheat + diversify: T=1115.0, value=70882.0
    [iter 2014290] reheat + diversify: T=1115.0, value=60540.0
    [iter 2020043] reheat + diversify: T=1115.0, value=72665.0
    [iter 2025796] reheat + diversify: T=1115.0, value=82060.0
    [iter 2031549] reheat + diversify: T=1115.0, value=85716.0
    [iter 2037302] reheat + diversify: T=1115.0, value=74902.0
    [iter 2043055] reheat + diversify: T=1115.0, value=70258.0
    [iter 2048808] reheat + diversify: T=1115.0, value=71600.0
    [iter 2054561] reheat + diversify: T=1115.0, value=65250.0
    [iter 2060314] reheat + diversify: T=1115.0, value=53794.0
    [iter 2066067] reheat + diversify: T=1115.0, value=44316.0
    [iter 2071820] reheat + diversify: T=1115.0, value=63873.0
    [iter 2077573] reheat + diversify: T=1115.0, value=77426.0
    [iter 2083326] reheat + diversify: T=1115.0, value=57225.0
    [iter 2089079] reheat + diversify: T=1115.0, value=71528.0
    [iter 2094832] reheat + diversify: T=1115.0, value=74360.0
    [iter 2100585] reheat + diversify: T=1115.0, value=81031.0
    [iter 2106338] reheat + diversify: T=1115.0, value=62064.0
    [iter 2112091] reheat + diversify: T=1115.0, value=68382.0
    [iter 2117844] reheat + diversify: T=1115.0, value=56028.0
    [iter 2123597] reheat + diversify: T=1115.0, value=59141.0
    [iter 2129350] reheat + diversify: T=1115.0, value=76592.0
    [iter 2135103] reheat + diversify: T=1115.0, value=90624.0
    [iter 2140856] reheat + diversify: T=1115.0, value=86241.0
    [iter 2146609] reheat + diversify: T=1115.0, value=73293.0
    [iter 2152362] reheat + diversify: T=1115.0, value=53502.0
    [iter 2158115] reheat + diversify: T=1115.0, value=63541.0
    [iter 2163868] reheat + diversify: T=1115.0, value=68163.0
    [iter 2169621] reheat + diversify: T=1115.0, value=83975.0
    [iter 2175374] reheat + diversify: T=1115.0, value=99432.0
    [iter 2181127] reheat + diversify: T=1115.0, value=81732.0
    [iter 2186880] reheat + diversify: T=1115.0, value=77038.0
    [iter 2192633] reheat + diversify: T=1115.0, value=70279.0
    [iter 2198386] reheat + diversify: T=1115.0, value=69431.0
    [iter 2204139] reheat + diversify: T=1115.0, value=67004.0
    [iter 2209892] reheat + diversify: T=1115.0, value=58520.0
    [iter 2215645] reheat + diversify: T=1115.0, value=43717.0
    [iter 2221398] reheat + diversify: T=1115.0, value=65890.0
    [iter 2227151] reheat + diversify: T=1115.0, value=67354.0
    [iter 2232904] reheat + diversify: T=1115.0, value=77403.0
    [iter 2238657] reheat + diversify: T=1115.0, value=61285.0
    [iter 2244410] reheat + diversify: T=1115.0, value=78435.0
    [iter 2250163] reheat + diversify: T=1115.0, value=62219.0
    [iter 2255916] reheat + diversify: T=1115.0, value=75664.0
    [iter 2261669] reheat + diversify: T=1115.0, value=54316.0
    [iter 2267422] reheat + diversify: T=1115.0, value=70995.0
    [iter 2273175] reheat + diversify: T=1115.0, value=98636.0
    [iter 2278928] reheat + diversify: T=1115.0, value=62290.0
    [iter 2284681] reheat + diversify: T=1115.0, value=72304.0
    [iter 2290434] reheat + diversify: T=1115.0, value=60542.0
    [iter 2296187] reheat + diversify: T=1115.0, value=64133.0
    [iter 2301940] reheat + diversify: T=1115.0, value=56902.0
    [iter 2307693] reheat + diversify: T=1115.0, value=75355.0
    [iter 2313446] reheat + diversify: T=1115.0, value=64961.0
    [iter 2319199] reheat + diversify: T=1115.0, value=98871.0
    [iter 2324952] reheat + diversify: T=1115.0, value=54090.0
    [iter 2330705] reheat + diversify: T=1115.0, value=67576.0
    [iter 2336458] reheat + diversify: T=1115.0, value=56213.0
    [iter 2342211] reheat + diversify: T=1115.0, value=59616.0
    [iter 2347964] reheat + diversify: T=1115.0, value=70316.0
    [iter 2353717] reheat + diversify: T=1115.0, value=56247.0
    [iter 2359470] reheat + diversify: T=1115.0, value=62941.0
    [iter 2365223] reheat + diversify: T=1115.0, value=61642.0
    [iter 2370976] reheat + diversify: T=1115.0, value=69989.0
    [iter 2376729] reheat + diversify: T=1115.0, value=76867.0
    [iter 2382482] reheat + diversify: T=1115.0, value=82254.0
    [iter 2388235] reheat + diversify: T=1115.0, value=86399.0
    [iter 2393988] reheat + diversify: T=1115.0, value=85965.0
    [iter 2399741] reheat + diversify: T=1115.0, value=73451.0
    [iter 2405494] reheat + diversify: T=1115.0, value=102695.0
    [iter 2411247] reheat + diversify: T=1115.0, value=83834.0
    [iter 2417000] reheat + diversify: T=1115.0, value=58734.0
    [iter 2422753] reheat + diversify: T=1115.0, value=87018.0
    [iter 2428506] reheat + diversify: T=1115.0, value=73209.0
    [iter 2434259] reheat + diversify: T=1115.0, value=67586.0
    [iter 2440012] reheat + diversify: T=1115.0, value=85955.0
    [iter 2445765] reheat + diversify: T=1115.0, value=52903.0
    [iter 2451518] reheat + diversify: T=1115.0, value=58325.0
    [iter 2457271] reheat + diversify: T=1115.0, value=59068.0
    [iter 2463024] reheat + diversify: T=1115.0, value=63709.0
    [iter 2468777] reheat + diversify: T=1115.0, value=55097.0
    [iter 2474530] reheat + diversify: T=1115.0, value=76878.0
    [iter 2480283] reheat + diversify: T=1115.0, value=86192.0
    [iter 2486036] reheat + diversify: T=1115.0, value=78437.0
    [iter 2491789] reheat + diversify: T=1115.0, value=75287.0
    [iter 2497542] reheat + diversify: T=1115.0, value=58245.0
    [iter 2503295] reheat + diversify: T=1115.0, value=78750.0
    [iter 2509048] reheat + diversify: T=1115.0, value=97905.0
    [iter 2514801] reheat + diversify: T=1115.0, value=74120.0
    [iter 2520554] reheat + diversify: T=1115.0, value=65165.0
    [iter 2526307] reheat + diversify: T=1115.0, value=88842.0
    [iter 2532060] reheat + diversify: T=1115.0, value=80962.0
    [iter 2537813] reheat + diversify: T=1115.0, value=49494.0
    [iter 2543566] reheat + diversify: T=1115.0, value=63478.0
    [iter 2549319] reheat + diversify: T=1115.0, value=71170.0
    [iter 2555072] reheat + diversify: T=1115.0, value=88049.0
  time limit reached at iteration 2556447
  SA finished: 2556447 iterations in 300.0s (8521 it/s), accepted 932806 (36.5%), rejected 1623640, no-move draws 0, reheats 443
  SA: value 114455.0 (greedy 89202.0, +25253.0), bound 132400.9, gap 13.55%, util 81.3%
  report -> /home/mcaspar/3DMHKP/results_3DMHKP_ep3/ep3-20-F-R-50-3DMHKP-SA-a0.999-r0.25-t300s.txt

================================================================================================
SUMMARY
================================================================================================
instance      boxes  packed       greedy     SA value        bound      gap    util    iters    time
------------------------------------------------------------------------------------------------
ep3-20-F-R-50     20      10      89202.0     114455.0     132400.9   13.6%   81.3%  2556447  300.0s
------------------------------------------------------------------------------------------------
proven optimal (value reaches the upper bound): 0/1
improved over greedy: 1/1 (total value 89202.0 -> 114455.0, +28.31%)
mean gap to continuous-knapsack bound: 13.6%
mean volume utilization: 81.3%
