============================================================
  Solver:     3DMHKP-SA.py
  Instance:   /home/mcaspar/3DMHKP/Egeblad/ep3-20-U-R-90.txt
  Value mode: flat
  Timelimit:  300s
  Reports:    /home/mcaspar/3DMHKP/results_3DMHKP_ep3
  CPUs:       1
============================================================
======================================================================
3DMHKP Simulated Annealing (random single-neighbour, sequence decoder)
SA params: T0=5% of f(S_0), alpha=0.999, T_min=0.001, reheat_threshold=5753, reheat_fraction=0.25
Move weights: {'relocate': 0.0, 'swap': 1.0, '2opt': 0.0, 'promote': 1.5, 'demote': 1.5, 'orient': 1.0, 'container': 0.5}
Time limit: 300.0s per instance, seed 138384982
======================================================================

======================================================================
ep3-20-U-R-90: 20 boxes (20 types), 1 containers (1 types)
  continuous-knapsack bound: 212974.9
  initial (value-density) decode: value 175867.0 (14/20 boxes)
  T0 = 8793.4 (5% of the initial objective)
    [iter 21] *** NEW BEST: value 181173.0, boxes 14/20, T=8619.1, elapsed=0.0s
    [iter 147] *** NEW BEST: value 181407.0, boxes 15/20, T=7598.3, elapsed=0.0s
    [iter 163] *** NEW BEST: value 183307.0, boxes 15/20, T=7477.6, elapsed=0.0s
    [iter 1092] *** NEW BEST: value 184217.0, boxes 15/20, T=2951.9, elapsed=0.2s
    [iter 6845] reheat + diversify: T=2198.3, value=161827.0
    [iter 7102] *** NEW BEST: value 185328.0, boxes 15/20, T=1701.6, elapsed=1.4s
    [iter 7768] *** NEW BEST: value 188521.0, boxes 15/20, T=873.9, elapsed=1.6s
    [iter 9174] *** NEW BEST: value 189385.0, boxes 15/20, T=214.1, elapsed=1.9s
    [iter 14927] reheat + diversify: T=2198.3, value=157303.0
    [iter 20680] reheat + diversify: T=2198.3, value=161445.0
    [iter 26433] reheat + diversify: T=2198.3, value=109817.0
    [iter 31958] *** NEW BEST: value 190679.0, boxes 15/20, T=8.7, elapsed=7.0s
    [iter 37711] reheat + diversify: T=2198.3, value=169271.0
    [iter 40779] *** NEW BEST: value 194599.0, boxes 16/20, T=102.2, elapsed=8.9s
    [iter 46532] reheat + diversify: T=2198.3, value=177229.0
    [iter 52285] reheat + diversify: T=2198.3, value=194599.0
    [iter 58038] reheat + diversify: T=2198.3, value=148655.0
    [iter 63791] reheat + diversify: T=2198.3, value=184208.0
    [iter 69544] reheat + diversify: T=2198.3, value=189117.0
    [iter 75297] reheat + diversify: T=2198.3, value=188284.0
    [iter 81050] reheat + diversify: T=2198.3, value=165058.0
    [iter 86803] reheat + diversify: T=2198.3, value=184208.0
    [iter 92504] *** NEW BEST: value 195339.0, boxes 16/20, T=7.3, elapsed=20.2s
    [iter 98257] reheat + diversify: T=2198.3, value=157560.0
    [iter 104010] reheat + diversify: T=2198.3, value=162759.0
    [iter 109763] reheat + diversify: T=2198.3, value=130265.0
    [iter 115516] reheat + diversify: T=2198.3, value=176734.0
    [iter 121269] reheat + diversify: T=2198.3, value=158623.0
    [iter 127022] reheat + diversify: T=2198.3, value=185328.0
    [iter 132775] reheat + diversify: T=2198.3, value=148720.0
    [iter 138528] reheat + diversify: T=2198.3, value=133819.0
    [iter 144281] reheat + diversify: T=2198.3, value=192383.0
    [iter 150034] reheat + diversify: T=2198.3, value=132975.0
    [iter 155787] reheat + diversify: T=2198.3, value=156044.0
    [iter 161540] reheat + diversify: T=2198.3, value=122737.0
    [iter 166287] *** NEW BEST: value 197405.0, boxes 16/20, T=19.1, elapsed=37.0s
    [iter 172040] reheat + diversify: T=2198.3, value=164963.0
    [iter 177793] reheat + diversify: T=2198.3, value=156242.0
    [iter 183546] reheat + diversify: T=2198.3, value=162267.0
    [iter 189299] reheat + diversify: T=2198.3, value=162701.0
    [iter 195052] reheat + diversify: T=2198.3, value=139853.0
    [iter 200805] reheat + diversify: T=2198.3, value=127173.0
    [iter 206558] reheat + diversify: T=2198.3, value=178027.0
    [iter 212311] reheat + diversify: T=2198.3, value=131721.0
    [iter 218064] reheat + diversify: T=2198.3, value=163893.0
    [iter 223817] reheat + diversify: T=2198.3, value=160064.0
    [iter 229570] reheat + diversify: T=2198.3, value=159052.0
    [iter 235323] reheat + diversify: T=2198.3, value=164336.0
    [iter 241076] reheat + diversify: T=2198.3, value=139785.0
    [iter 246829] reheat + diversify: T=2198.3, value=137674.0
    [iter 252582] reheat + diversify: T=2198.3, value=165564.0
    [iter 258335] reheat + diversify: T=2198.3, value=179293.0
    [iter 264088] reheat + diversify: T=2198.3, value=139169.0
    [iter 269841] reheat + diversify: T=2198.3, value=130329.0
    [iter 275594] reheat + diversify: T=2198.3, value=185855.0
    [iter 281347] reheat + diversify: T=2198.3, value=165835.0
    [iter 287100] reheat + diversify: T=2198.3, value=169707.0
    [iter 292853] reheat + diversify: T=2198.3, value=150925.0
    [iter 298606] reheat + diversify: T=2198.3, value=139764.0
    [iter 304359] reheat + diversify: T=2198.3, value=150914.0
    [iter 310112] reheat + diversify: T=2198.3, value=167181.0
    [iter 315865] reheat + diversify: T=2198.3, value=152083.0
    [iter 321618] reheat + diversify: T=2198.3, value=136115.0
    [iter 327371] reheat + diversify: T=2198.3, value=188693.0
    [iter 333124] reheat + diversify: T=2198.3, value=170141.0
    [iter 338877] reheat + diversify: T=2198.3, value=138169.0
    [iter 344630] reheat + diversify: T=2198.3, value=188284.0
    [iter 350383] reheat + diversify: T=2198.3, value=124825.0
    [iter 356136] reheat + diversify: T=2198.3, value=162261.0
    [iter 361889] reheat + diversify: T=2198.3, value=141812.0
    [iter 367642] reheat + diversify: T=2198.3, value=164566.0
    [iter 373395] reheat + diversify: T=2198.3, value=124081.0
    [iter 379148] reheat + diversify: T=2198.3, value=157957.0
    [iter 384901] reheat + diversify: T=2198.3, value=182079.0
    [iter 390654] reheat + diversify: T=2198.3, value=119732.0
    [iter 396407] reheat + diversify: T=2198.3, value=142608.0
    [iter 402160] reheat + diversify: T=2198.3, value=127034.0
    [iter 407913] reheat + diversify: T=2198.3, value=156986.0
    [iter 413666] reheat + diversify: T=2198.3, value=148094.0
    [iter 419419] reheat + diversify: T=2198.3, value=176747.0
    [iter 425172] reheat + diversify: T=2198.3, value=154786.0
    [iter 430925] reheat + diversify: T=2198.3, value=156215.0
    [iter 436678] reheat + diversify: T=2198.3, value=187899.0
    [iter 442431] reheat + diversify: T=2198.3, value=132692.0
    [iter 448184] reheat + diversify: T=2198.3, value=197405.0
    [iter 453937] reheat + diversify: T=2198.3, value=170950.0
    [iter 459690] reheat + diversify: T=2198.3, value=191017.0
    [iter 465443] reheat + diversify: T=2198.3, value=156759.0
    [iter 471196] reheat + diversify: T=2198.3, value=135549.0
    [iter 476949] reheat + diversify: T=2198.3, value=152307.0
    [iter 482702] reheat + diversify: T=2198.3, value=163724.0
    [iter 488455] reheat + diversify: T=2198.3, value=155553.0
    [iter 494208] reheat + diversify: T=2198.3, value=150360.0
    [iter 499961] reheat + diversify: T=2198.3, value=187899.0
    [iter 505714] reheat + diversify: T=2198.3, value=151496.0
    [iter 511467] reheat + diversify: T=2198.3, value=136375.0
    [iter 517220] reheat + diversify: T=2198.3, value=174284.0
    [iter 522973] reheat + diversify: T=2198.3, value=157489.0
    [iter 528726] reheat + diversify: T=2198.3, value=177099.0
    [iter 534479] reheat + diversify: T=2198.3, value=183624.0
    [iter 540232] reheat + diversify: T=2198.3, value=165066.0
    [iter 545985] reheat + diversify: T=2198.3, value=163891.0
    [iter 551738] reheat + diversify: T=2198.3, value=135536.0
    [iter 557491] reheat + diversify: T=2198.3, value=166791.0
    [iter 563244] reheat + diversify: T=2198.3, value=150596.0
    [iter 568997] reheat + diversify: T=2198.3, value=184773.0
    [iter 574750] reheat + diversify: T=2198.3, value=163570.0
    [iter 580503] reheat + diversify: T=2198.3, value=149319.0
    [iter 586256] reheat + diversify: T=2198.3, value=177790.0
    [iter 592009] reheat + diversify: T=2198.3, value=166093.0
    [iter 597762] reheat + diversify: T=2198.3, value=162663.0
    [iter 603515] reheat + diversify: T=2198.3, value=133562.0
    [iter 609268] reheat + diversify: T=2198.3, value=163467.0
    [iter 615021] reheat + diversify: T=2198.3, value=161419.0
    [iter 620774] reheat + diversify: T=2198.3, value=160242.0
    [iter 626527] reheat + diversify: T=2198.3, value=164889.0
    [iter 632280] reheat + diversify: T=2198.3, value=142822.0
    [iter 638033] reheat + diversify: T=2198.3, value=130079.0
    [iter 643786] reheat + diversify: T=2198.3, value=175019.0
    [iter 649539] reheat + diversify: T=2198.3, value=163275.0
    [iter 655292] reheat + diversify: T=2198.3, value=178457.0
    [iter 661045] reheat + diversify: T=2198.3, value=178669.0
    [iter 666798] reheat + diversify: T=2198.3, value=179467.0
    [iter 672551] reheat + diversify: T=2198.3, value=188951.0
    [iter 678304] reheat + diversify: T=2198.3, value=154920.0
    [iter 684057] reheat + diversify: T=2198.3, value=181697.0
    [iter 689810] reheat + diversify: T=2198.3, value=183869.0
    [iter 695563] reheat + diversify: T=2198.3, value=172061.0
    [iter 701316] reheat + diversify: T=2198.3, value=127904.0
    [iter 707069] reheat + diversify: T=2198.3, value=173584.0
    [iter 712822] reheat + diversify: T=2198.3, value=164486.0
    [iter 718575] reheat + diversify: T=2198.3, value=118722.0
    [iter 724328] reheat + diversify: T=2198.3, value=171415.0
    [iter 730081] reheat + diversify: T=2198.3, value=139481.0
    [iter 735834] reheat + diversify: T=2198.3, value=147535.0
    [iter 741587] reheat + diversify: T=2198.3, value=103700.0
    [iter 747340] reheat + diversify: T=2198.3, value=153270.0
    [iter 753093] reheat + diversify: T=2198.3, value=158716.0
    [iter 758846] reheat + diversify: T=2198.3, value=157613.0
    [iter 764599] reheat + diversify: T=2198.3, value=130625.0
    [iter 770352] reheat + diversify: T=2198.3, value=144754.0
    [iter 776105] reheat + diversify: T=2198.3, value=163428.0
    [iter 781858] reheat + diversify: T=2198.3, value=136227.0
    [iter 787611] reheat + diversify: T=2198.3, value=162513.0
    [iter 793364] reheat + diversify: T=2198.3, value=183929.0
    [iter 799117] reheat + diversify: T=2198.3, value=146374.0
    [iter 804870] reheat + diversify: T=2198.3, value=135172.0
    [iter 810623] reheat + diversify: T=2198.3, value=120943.0
    [iter 816376] reheat + diversify: T=2198.3, value=179473.0
    [iter 822129] reheat + diversify: T=2198.3, value=153240.0
    [iter 827882] reheat + diversify: T=2198.3, value=172674.0
    [iter 833635] reheat + diversify: T=2198.3, value=167133.0
    [iter 839388] reheat + diversify: T=2198.3, value=177085.0
    [iter 845141] reheat + diversify: T=2198.3, value=158576.0
    [iter 850894] reheat + diversify: T=2198.3, value=136422.0
    [iter 856647] reheat + diversify: T=2198.3, value=177401.0
    [iter 862400] reheat + diversify: T=2198.3, value=150160.0
    [iter 868153] reheat + diversify: T=2198.3, value=115006.0
    [iter 873906] reheat + diversify: T=2198.3, value=133984.0
    [iter 879659] reheat + diversify: T=2198.3, value=133999.0
    [iter 885412] reheat + diversify: T=2198.3, value=137050.0
    [iter 891165] reheat + diversify: T=2198.3, value=125598.0
    [iter 896918] reheat + diversify: T=2198.3, value=132266.0
    [iter 902671] reheat + diversify: T=2198.3, value=167719.0
    [iter 908424] reheat + diversify: T=2198.3, value=159906.0
    [iter 914177] reheat + diversify: T=2198.3, value=144791.0
    [iter 919930] reheat + diversify: T=2198.3, value=149913.0
    [iter 925683] reheat + diversify: T=2198.3, value=113812.0
    [iter 931436] reheat + diversify: T=2198.3, value=172094.0
    [iter 937189] reheat + diversify: T=2198.3, value=147904.0
    [iter 942942] reheat + diversify: T=2198.3, value=148841.0
    [iter 948695] reheat + diversify: T=2198.3, value=170774.0
    [iter 954448] reheat + diversify: T=2198.3, value=147012.0
    [iter 960201] reheat + diversify: T=2198.3, value=159041.0
    [iter 965954] reheat + diversify: T=2198.3, value=125807.0
    [iter 971707] reheat + diversify: T=2198.3, value=185573.0
    [iter 977460] reheat + diversify: T=2198.3, value=124302.0
    [iter 983213] reheat + diversify: T=2198.3, value=160963.0
    [iter 988966] reheat + diversify: T=2198.3, value=166552.0
    [iter 994719] reheat + diversify: T=2198.3, value=183789.0
    [iter 1000472] reheat + diversify: T=2198.3, value=150559.0
    [iter 1006225] reheat + diversify: T=2198.3, value=187899.0
    [iter 1011978] reheat + diversify: T=2198.3, value=123654.0
    [iter 1017731] reheat + diversify: T=2198.3, value=82762.0
    [iter 1023484] reheat + diversify: T=2198.3, value=141948.0
    [iter 1029237] reheat + diversify: T=2198.3, value=164409.0
    [iter 1034990] reheat + diversify: T=2198.3, value=135640.0
    [iter 1040743] reheat + diversify: T=2198.3, value=163061.0
    [iter 1046496] reheat + diversify: T=2198.3, value=172534.0
    [iter 1052249] reheat + diversify: T=2198.3, value=151075.0
    [iter 1058002] reheat + diversify: T=2198.3, value=170456.0
    [iter 1063755] reheat + diversify: T=2198.3, value=177063.0
    [iter 1069508] reheat + diversify: T=2198.3, value=173754.0
    [iter 1075261] reheat + diversify: T=2198.3, value=165788.0
    [iter 1081014] reheat + diversify: T=2198.3, value=179589.0
    [iter 1086767] reheat + diversify: T=2198.3, value=117733.0
    [iter 1092520] reheat + diversify: T=2198.3, value=171097.0
    [iter 1098273] reheat + diversify: T=2198.3, value=155774.0
    [iter 1104026] reheat + diversify: T=2198.3, value=152304.0
    [iter 1109779] reheat + diversify: T=2198.3, value=129482.0
    [iter 1115532] reheat + diversify: T=2198.3, value=158249.0
    [iter 1121285] reheat + diversify: T=2198.3, value=160579.0
    [iter 1127038] reheat + diversify: T=2198.3, value=166565.0
    [iter 1132791] reheat + diversify: T=2198.3, value=187899.0
    [iter 1138544] reheat + diversify: T=2198.3, value=122742.0
    [iter 1144297] reheat + diversify: T=2198.3, value=163814.0
    [iter 1150050] reheat + diversify: T=2198.3, value=170957.0
    [iter 1155803] reheat + diversify: T=2198.3, value=163642.0
    [iter 1161556] reheat + diversify: T=2198.3, value=157286.0
    [iter 1167309] reheat + diversify: T=2198.3, value=163017.0
    [iter 1173062] reheat + diversify: T=2198.3, value=132019.0
    [iter 1178815] reheat + diversify: T=2198.3, value=131968.0
    [iter 1184568] reheat + diversify: T=2198.3, value=150126.0
    [iter 1190321] reheat + diversify: T=2198.3, value=144265.0
    [iter 1196074] reheat + diversify: T=2198.3, value=131219.0
    [iter 1201827] reheat + diversify: T=2198.3, value=151743.0
    [iter 1207580] reheat + diversify: T=2198.3, value=183477.0
    [iter 1213333] reheat + diversify: T=2198.3, value=136912.0
    [iter 1219086] reheat + diversify: T=2198.3, value=132930.0
    [iter 1224839] reheat + diversify: T=2198.3, value=124384.0
    [iter 1230592] reheat + diversify: T=2198.3, value=154124.0
    [iter 1236345] reheat + diversify: T=2198.3, value=166445.0
    [iter 1242098] reheat + diversify: T=2198.3, value=150409.0
    [iter 1247851] reheat + diversify: T=2198.3, value=152582.0
    [iter 1253604] reheat + diversify: T=2198.3, value=164566.0
    [iter 1259357] reheat + diversify: T=2198.3, value=156261.0
    [iter 1265110] reheat + diversify: T=2198.3, value=154131.0
    [iter 1270863] reheat + diversify: T=2198.3, value=159286.0
    [iter 1276616] reheat + diversify: T=2198.3, value=139945.0
    [iter 1282369] reheat + diversify: T=2198.3, value=116331.0
    [iter 1288122] reheat + diversify: T=2198.3, value=135825.0
    [iter 1293875] reheat + diversify: T=2198.3, value=113715.0
    [iter 1299628] reheat + diversify: T=2198.3, value=155641.0
    [iter 1305381] reheat + diversify: T=2198.3, value=185855.0
    [iter 1311134] reheat + diversify: T=2198.3, value=143064.0
    [iter 1316887] reheat + diversify: T=2198.3, value=135718.0
  time limit reached at iteration 1321055
  SA finished: 1321055 iterations in 300.0s (4404 it/s), accepted 426880 (32.3%), rejected 894174, no-move draws 0, reheats 225
  SA: value 197405.0 (greedy 175867.0, +21538.0), bound 212974.9, gap 7.31%, util 83.1%
  report -> /home/mcaspar/3DMHKP/results_3DMHKP_ep3/ep3-20-U-R-90-3DMHKP-SA-a0.999-r0.25-t300s.txt

================================================================================================
SUMMARY
================================================================================================
instance      boxes  packed       greedy     SA value        bound      gap    util    iters    time
------------------------------------------------------------------------------------------------
ep3-20-U-R-90     20      16     175867.0     197405.0     212974.9    7.3%   83.1%  1321055  300.0s
------------------------------------------------------------------------------------------------
proven optimal (value reaches the upper bound): 0/1
improved over greedy: 1/1 (total value 175867.0 -> 197405.0, +12.25%)
mean gap to continuous-knapsack bound: 7.3%
mean volume utilization: 83.1%
