============================================================
  Solver:     3DMHKP-SA.py
  Instance:   /home/mcaspar/3DMHKP/Egeblad/ep3-20-C-R-50.txt
  Value mode: flat
  Timelimit:  300s
  Reports:    /home/mcaspar/3DMHKP/results_3DMHKP_ep3
  CPUs:       1
============================================================
======================================================================
3DMHKP Simulated Annealing (random single-neighbour, sequence decoder)
SA params: T0=5% of f(S_0), alpha=0.999, T_min=0.001, reheat_threshold=5753, reheat_fraction=0.25
Move weights: {'relocate': 0.0, 'swap': 1.0, '2opt': 0.0, 'promote': 1.5, 'demote': 1.5, 'orient': 1.0, 'container': 0.5}
Time limit: 300.0s per instance, seed 1310488999
======================================================================

======================================================================
ep3-20-C-R-50: 20 boxes (18 types), 1 containers (1 types)
  continuous-knapsack bound: 110921.9
  initial (value-density) decode: value 4142.0 (8/20 boxes)
  T0 = 207.1 (5% of the initial objective)
    [iter 2] *** NEW BEST: value 34587.0, boxes 11/20, T=206.9, elapsed=0.0s
    [iter 5] *** NEW BEST: value 38738.0, boxes 10/20, T=206.3, elapsed=0.0s
    [iter 10] *** NEW BEST: value 46832.0, boxes 10/20, T=205.2, elapsed=0.0s
    [iter 67] *** NEW BEST: value 53406.0, boxes 11/20, T=193.9, elapsed=0.0s
    [iter 131] *** NEW BEST: value 62364.0, boxes 12/20, T=181.8, elapsed=0.0s
    [iter 5884] reheat + diversify: T=51.8, value=53406.0
    [iter 11637] reheat + diversify: T=51.8, value=43827.0
    [iter 17390] reheat + diversify: T=51.8, value=44716.0
    [iter 23143] reheat + diversify: T=51.8, value=44700.0
    [iter 28896] reheat + diversify: T=51.8, value=53406.0
    [iter 34649] reheat + diversify: T=51.8, value=53406.0
    [iter 40402] reheat + diversify: T=51.8, value=53406.0
    [iter 46155] reheat + diversify: T=51.8, value=62364.0
    [iter 51908] reheat + diversify: T=51.8, value=46688.0
    [iter 57661] reheat + diversify: T=51.8, value=62364.0
    [iter 63414] reheat + diversify: T=51.8, value=62364.0
    [iter 69167] reheat + diversify: T=51.8, value=62364.0
    [iter 74920] reheat + diversify: T=51.8, value=62364.0
    [iter 80673] reheat + diversify: T=51.8, value=62364.0
    [iter 86426] reheat + diversify: T=51.8, value=37994.0
    [iter 92179] reheat + diversify: T=51.8, value=53406.0
    [iter 97932] reheat + diversify: T=51.8, value=39982.0
    [iter 103685] reheat + diversify: T=51.8, value=51418.0
    [iter 109438] reheat + diversify: T=51.8, value=44700.0
    [iter 115191] reheat + diversify: T=51.8, value=62364.0
    [iter 120944] reheat + diversify: T=51.8, value=40448.0
    [iter 126697] reheat + diversify: T=51.8, value=62364.0
    [iter 132450] reheat + diversify: T=51.8, value=52907.0
    [iter 138203] reheat + diversify: T=51.8, value=46688.0
    [iter 143956] reheat + diversify: T=51.8, value=39076.0
    [iter 149709] reheat + diversify: T=51.8, value=59625.0
    [iter 155462] reheat + diversify: T=51.8, value=46402.0
    [iter 161215] reheat + diversify: T=51.8, value=59625.0
    [iter 166968] reheat + diversify: T=51.8, value=43827.0
    [iter 172721] reheat + diversify: T=51.8, value=43827.0
    [iter 178474] reheat + diversify: T=51.8, value=46201.0
    [iter 184227] reheat + diversify: T=51.8, value=62364.0
    [iter 189980] reheat + diversify: T=51.8, value=40448.0
    [iter 195733] reheat + diversify: T=51.8, value=62364.0
    [iter 201486] reheat + diversify: T=51.8, value=49482.0
    [iter 207239] reheat + diversify: T=51.8, value=62364.0
    [iter 212992] reheat + diversify: T=51.8, value=52907.0
    [iter 218745] reheat + diversify: T=51.8, value=62364.0
    [iter 224498] reheat + diversify: T=51.8, value=44700.0
    [iter 230251] reheat + diversify: T=51.8, value=45312.0
    [iter 236004] reheat + diversify: T=51.8, value=59625.0
    [iter 241757] reheat + diversify: T=51.8, value=62364.0
    [iter 247510] reheat + diversify: T=51.8, value=62364.0
    [iter 253263] reheat + diversify: T=51.8, value=39076.0
    [iter 259016] reheat + diversify: T=51.8, value=62364.0
    [iter 264769] reheat + diversify: T=51.8, value=37994.0
    [iter 270522] reheat + diversify: T=51.8, value=59625.0
    [iter 276275] reheat + diversify: T=51.8, value=46402.0
    [iter 282028] reheat + diversify: T=51.8, value=62364.0
    [iter 287781] reheat + diversify: T=51.8, value=46688.0
    [iter 293534] reheat + diversify: T=51.8, value=62364.0
    [iter 299287] reheat + diversify: T=51.8, value=62364.0
    [iter 305040] reheat + diversify: T=51.8, value=39982.0
    [iter 310793] reheat + diversify: T=51.8, value=62364.0
    [iter 316546] reheat + diversify: T=51.8, value=53406.0
    [iter 322299] reheat + diversify: T=51.8, value=46402.0
    [iter 328052] reheat + diversify: T=51.8, value=38594.0
    [iter 333805] reheat + diversify: T=51.8, value=46688.0
    [iter 339558] reheat + diversify: T=51.8, value=62364.0
    [iter 345311] reheat + diversify: T=51.8, value=44700.0
    [iter 351064] reheat + diversify: T=51.8, value=62364.0
    [iter 356817] reheat + diversify: T=51.8, value=40448.0
    [iter 362570] reheat + diversify: T=51.8, value=40448.0
    [iter 368323] reheat + diversify: T=51.8, value=46832.0
    [iter 374076] reheat + diversify: T=51.8, value=62364.0
    [iter 379829] reheat + diversify: T=51.8, value=62364.0
    [iter 385582] reheat + diversify: T=51.8, value=44700.0
    [iter 391335] reheat + diversify: T=51.8, value=62364.0
    [iter 397088] reheat + diversify: T=51.8, value=46832.0
    [iter 402841] reheat + diversify: T=51.8, value=46688.0
    [iter 408594] reheat + diversify: T=51.8, value=62364.0
    [iter 414347] reheat + diversify: T=51.8, value=62364.0
    [iter 420100] reheat + diversify: T=51.8, value=37994.0
    [iter 425853] reheat + diversify: T=51.8, value=49482.0
    [iter 431606] reheat + diversify: T=51.8, value=62364.0
    [iter 437359] reheat + diversify: T=51.8, value=62364.0
    [iter 443112] reheat + diversify: T=51.8, value=62364.0
    [iter 448865] reheat + diversify: T=51.8, value=62364.0
    [iter 454618] reheat + diversify: T=51.8, value=44716.0
    [iter 460371] reheat + diversify: T=51.8, value=62364.0
    [iter 466124] reheat + diversify: T=51.8, value=62364.0
    [iter 471877] reheat + diversify: T=51.8, value=37994.0
    [iter 477630] reheat + diversify: T=51.8, value=40448.0
    [iter 483383] reheat + diversify: T=51.8, value=53406.0
    [iter 489136] reheat + diversify: T=51.8, value=51422.0
    [iter 494889] reheat + diversify: T=51.8, value=62364.0
    [iter 500642] reheat + diversify: T=51.8, value=62364.0
    [iter 506395] reheat + diversify: T=51.8, value=62364.0
    [iter 512148] reheat + diversify: T=51.8, value=62364.0
    [iter 517901] reheat + diversify: T=51.8, value=62364.0
    [iter 523654] reheat + diversify: T=51.8, value=62364.0
    [iter 529407] reheat + diversify: T=51.8, value=62364.0
    [iter 535160] reheat + diversify: T=51.8, value=46832.0
    [iter 540913] reheat + diversify: T=51.8, value=62364.0
    [iter 546666] reheat + diversify: T=51.8, value=40448.0
    [iter 552419] reheat + diversify: T=51.8, value=62364.0
    [iter 558172] reheat + diversify: T=51.8, value=39982.0
    [iter 563925] reheat + diversify: T=51.8, value=44716.0
    [iter 569678] reheat + diversify: T=51.8, value=43827.0
    [iter 575431] reheat + diversify: T=51.8, value=51418.0
    [iter 581184] reheat + diversify: T=51.8, value=62364.0
    [iter 586937] reheat + diversify: T=51.8, value=62364.0
    [iter 592690] reheat + diversify: T=51.8, value=40448.0
    [iter 598443] reheat + diversify: T=51.8, value=62364.0
    [iter 604196] reheat + diversify: T=51.8, value=46688.0
    [iter 609949] reheat + diversify: T=51.8, value=51422.0
    [iter 615702] reheat + diversify: T=51.8, value=46832.0
    [iter 621455] reheat + diversify: T=51.8, value=38308.0
    [iter 627208] reheat + diversify: T=51.8, value=52903.0
    [iter 632961] reheat + diversify: T=51.8, value=38308.0
    [iter 638714] reheat + diversify: T=51.8, value=62364.0
    [iter 644467] reheat + diversify: T=51.8, value=62364.0
    [iter 650220] reheat + diversify: T=51.8, value=62364.0
    [iter 655973] reheat + diversify: T=51.8, value=49482.0
    [iter 661726] reheat + diversify: T=51.8, value=47170.0
    [iter 667479] reheat + diversify: T=51.8, value=53406.0
    [iter 673232] reheat + diversify: T=51.8, value=62364.0
    [iter 678985] reheat + diversify: T=51.8, value=40448.0
    [iter 684738] reheat + diversify: T=51.8, value=34739.0
    [iter 690491] reheat + diversify: T=51.8, value=62364.0
    [iter 696244] reheat + diversify: T=51.8, value=62364.0
    [iter 701997] reheat + diversify: T=51.8, value=44700.0
    [iter 707750] reheat + diversify: T=51.8, value=32354.0
    [iter 713503] reheat + diversify: T=51.8, value=46402.0
    [iter 719256] reheat + diversify: T=51.8, value=53406.0
    [iter 725009] reheat + diversify: T=51.8, value=53406.0
    [iter 730762] reheat + diversify: T=51.8, value=59625.0
    [iter 736515] reheat + diversify: T=51.8, value=62364.0
    [iter 742268] reheat + diversify: T=51.8, value=46832.0
    [iter 748021] reheat + diversify: T=51.8, value=62364.0
    [iter 753774] reheat + diversify: T=51.8, value=43827.0
    [iter 759527] reheat + diversify: T=51.8, value=62364.0
    [iter 765280] reheat + diversify: T=51.8, value=62364.0
    [iter 771033] reheat + diversify: T=51.8, value=62364.0
    [iter 776786] reheat + diversify: T=51.8, value=40448.0
    [iter 782539] reheat + diversify: T=51.8, value=62364.0
    [iter 788292] reheat + diversify: T=51.8, value=62364.0
    [iter 794045] reheat + diversify: T=51.8, value=58140.0
    [iter 799798] reheat + diversify: T=51.8, value=53406.0
    [iter 805551] reheat + diversify: T=51.8, value=44700.0
    [iter 811304] reheat + diversify: T=51.8, value=62364.0
    [iter 817057] reheat + diversify: T=51.8, value=46832.0
    [iter 822810] reheat + diversify: T=51.8, value=34739.0
    [iter 828563] reheat + diversify: T=51.8, value=62364.0
    [iter 834316] reheat + diversify: T=51.8, value=44700.0
    [iter 840069] reheat + diversify: T=51.8, value=53406.0
    [iter 845822] reheat + diversify: T=51.8, value=34739.0
    [iter 851575] reheat + diversify: T=51.8, value=43827.0
    [iter 857328] reheat + diversify: T=51.8, value=59625.0
    [iter 863081] reheat + diversify: T=51.8, value=46688.0
    [iter 868834] reheat + diversify: T=51.8, value=51422.0
    [iter 874587] reheat + diversify: T=51.8, value=62364.0
    [iter 880340] reheat + diversify: T=51.8, value=49482.0
    [iter 886093] reheat + diversify: T=51.8, value=43827.0
    [iter 891846] reheat + diversify: T=51.8, value=40448.0
    [iter 897599] reheat + diversify: T=51.8, value=59625.0
    [iter 903352] reheat + diversify: T=51.8, value=49482.0
    [iter 909105] reheat + diversify: T=51.8, value=59625.0
    [iter 914858] reheat + diversify: T=51.8, value=59625.0
    [iter 920611] reheat + diversify: T=51.8, value=53406.0
    [iter 926364] reheat + diversify: T=51.8, value=46201.0
    [iter 932117] reheat + diversify: T=51.8, value=53406.0
    [iter 937870] reheat + diversify: T=51.8, value=59625.0
    [iter 943623] reheat + diversify: T=51.8, value=52903.0
    [iter 949376] reheat + diversify: T=51.8, value=52903.0
    [iter 955129] reheat + diversify: T=51.8, value=52903.0
    [iter 960882] reheat + diversify: T=51.8, value=39982.0
    [iter 966635] reheat + diversify: T=51.8, value=62364.0
    [iter 972388] reheat + diversify: T=51.8, value=53406.0
    [iter 978141] reheat + diversify: T=51.8, value=62364.0
    [iter 983894] reheat + diversify: T=51.8, value=51418.0
    [iter 989647] reheat + diversify: T=51.8, value=59625.0
    [iter 995400] reheat + diversify: T=51.8, value=62364.0
    [iter 1001153] reheat + diversify: T=51.8, value=46832.0
    [iter 1006906] reheat + diversify: T=51.8, value=58140.0
    [iter 1012659] reheat + diversify: T=51.8, value=62364.0
    [iter 1018412] reheat + diversify: T=51.8, value=62364.0
    [iter 1024165] reheat + diversify: T=51.8, value=46832.0
    [iter 1029918] reheat + diversify: T=51.8, value=40448.0
    [iter 1035671] reheat + diversify: T=51.8, value=62364.0
    [iter 1041424] reheat + diversify: T=51.8, value=53406.0
    [iter 1047177] reheat + diversify: T=51.8, value=62364.0
    [iter 1052930] reheat + diversify: T=51.8, value=51418.0
    [iter 1058683] reheat + diversify: T=51.8, value=29184.0
    [iter 1064436] reheat + diversify: T=51.8, value=62364.0
    [iter 1070189] reheat + diversify: T=51.8, value=52907.0
    [iter 1075942] reheat + diversify: T=51.8, value=52903.0
    [iter 1081695] reheat + diversify: T=51.8, value=34739.0
    [iter 1087448] reheat + diversify: T=51.8, value=62364.0
    [iter 1093201] reheat + diversify: T=51.8, value=62364.0
    [iter 1098954] reheat + diversify: T=51.8, value=46832.0
    [iter 1104707] reheat + diversify: T=51.8, value=62364.0
    [iter 1110460] reheat + diversify: T=51.8, value=49482.0
    [iter 1116213] reheat + diversify: T=51.8, value=62364.0
    [iter 1121966] reheat + diversify: T=51.8, value=39982.0
    [iter 1127719] reheat + diversify: T=51.8, value=59625.0
    [iter 1133472] reheat + diversify: T=51.8, value=52903.0
    [iter 1139225] reheat + diversify: T=51.8, value=62364.0
    [iter 1144978] reheat + diversify: T=51.8, value=62364.0
    [iter 1150731] reheat + diversify: T=51.8, value=62364.0
    [iter 1156484] reheat + diversify: T=51.8, value=46688.0
    [iter 1162237] reheat + diversify: T=51.8, value=62364.0
    [iter 1167990] reheat + diversify: T=51.8, value=62364.0
    [iter 1173743] reheat + diversify: T=51.8, value=62364.0
    [iter 1179496] reheat + diversify: T=51.8, value=62364.0
    [iter 1185249] reheat + diversify: T=51.8, value=53406.0
    [iter 1191002] reheat + diversify: T=51.8, value=46688.0
    [iter 1196755] reheat + diversify: T=51.8, value=62364.0
    [iter 1202508] reheat + diversify: T=51.8, value=43827.0
    [iter 1208261] reheat + diversify: T=51.8, value=62364.0
    [iter 1214014] reheat + diversify: T=51.8, value=62364.0
    [iter 1219767] reheat + diversify: T=51.8, value=46688.0
    [iter 1225520] reheat + diversify: T=51.8, value=39982.0
    [iter 1231273] reheat + diversify: T=51.8, value=62364.0
    [iter 1237026] reheat + diversify: T=51.8, value=44700.0
    [iter 1242779] reheat + diversify: T=51.8, value=62364.0
    [iter 1248532] reheat + diversify: T=51.8, value=51418.0
    [iter 1254285] reheat + diversify: T=51.8, value=62364.0
    [iter 1260038] reheat + diversify: T=51.8, value=62364.0
    [iter 1265791] reheat + diversify: T=51.8, value=62364.0
    [iter 1271544] reheat + diversify: T=51.8, value=37994.0
    [iter 1277297] reheat + diversify: T=51.8, value=37994.0
    [iter 1283050] reheat + diversify: T=51.8, value=46688.0
    [iter 1288803] reheat + diversify: T=51.8, value=62364.0
    [iter 1294556] reheat + diversify: T=51.8, value=62364.0
    [iter 1300309] reheat + diversify: T=51.8, value=44700.0
    [iter 1306062] reheat + diversify: T=51.8, value=37994.0
    [iter 1311815] reheat + diversify: T=51.8, value=62364.0
    [iter 1317568] reheat + diversify: T=51.8, value=62364.0
    [iter 1323321] reheat + diversify: T=51.8, value=62364.0
    [iter 1329074] reheat + diversify: T=51.8, value=43827.0
    [iter 1334827] reheat + diversify: T=51.8, value=53406.0
    [iter 1340580] reheat + diversify: T=51.8, value=62364.0
    [iter 1346333] reheat + diversify: T=51.8, value=43827.0
    [iter 1352086] reheat + diversify: T=51.8, value=62364.0
    [iter 1357839] reheat + diversify: T=51.8, value=62364.0
    [iter 1363592] reheat + diversify: T=51.8, value=62364.0
    [iter 1369345] reheat + diversify: T=51.8, value=62364.0
    [iter 1375098] reheat + diversify: T=51.8, value=62364.0
    [iter 1380851] reheat + diversify: T=51.8, value=62364.0
    [iter 1386604] reheat + diversify: T=51.8, value=47170.0
    [iter 1392357] reheat + diversify: T=51.8, value=53406.0
    [iter 1398110] reheat + diversify: T=51.8, value=43827.0
    [iter 1403863] reheat + diversify: T=51.8, value=62364.0
    [iter 1409616] reheat + diversify: T=51.8, value=46201.0
    [iter 1415369] reheat + diversify: T=51.8, value=49482.0
    [iter 1421122] reheat + diversify: T=51.8, value=62364.0
    [iter 1426875] reheat + diversify: T=51.8, value=40448.0
    [iter 1432628] reheat + diversify: T=51.8, value=43827.0
    [iter 1438381] reheat + diversify: T=51.8, value=62364.0
    [iter 1444134] reheat + diversify: T=51.8, value=46402.0
    [iter 1449887] reheat + diversify: T=51.8, value=53406.0
    [iter 1455640] reheat + diversify: T=51.8, value=62364.0
    [iter 1461393] reheat + diversify: T=51.8, value=53406.0
    [iter 1467146] reheat + diversify: T=51.8, value=32354.0
    [iter 1472899] reheat + diversify: T=51.8, value=40448.0
    [iter 1478652] reheat + diversify: T=51.8, value=62364.0
    [iter 1484405] reheat + diversify: T=51.8, value=43827.0
    [iter 1490158] reheat + diversify: T=51.8, value=62364.0
    [iter 1495911] reheat + diversify: T=51.8, value=53406.0
    [iter 1501664] reheat + diversify: T=51.8, value=46832.0
    [iter 1507417] reheat + diversify: T=51.8, value=62364.0
    [iter 1513170] reheat + diversify: T=51.8, value=62364.0
    [iter 1518923] reheat + diversify: T=51.8, value=62364.0
    [iter 1524676] reheat + diversify: T=51.8, value=62364.0
    [iter 1530429] reheat + diversify: T=51.8, value=62364.0
    [iter 1536182] reheat + diversify: T=51.8, value=53406.0
    [iter 1541935] reheat + diversify: T=51.8, value=52903.0
    [iter 1547688] reheat + diversify: T=51.8, value=39982.0
    [iter 1553441] reheat + diversify: T=51.8, value=53406.0
    [iter 1559194] reheat + diversify: T=51.8, value=46688.0
    [iter 1564947] reheat + diversify: T=51.8, value=62364.0
    [iter 1570700] reheat + diversify: T=51.8, value=62364.0
    [iter 1576453] reheat + diversify: T=51.8, value=62364.0
    [iter 1582206] reheat + diversify: T=51.8, value=62364.0
    [iter 1587959] reheat + diversify: T=51.8, value=62364.0
    [iter 1593712] reheat + diversify: T=51.8, value=29184.0
    [iter 1599465] reheat + diversify: T=51.8, value=49482.0
    [iter 1605218] reheat + diversify: T=51.8, value=62364.0
    [iter 1610971] reheat + diversify: T=51.8, value=40448.0
    [iter 1616724] reheat + diversify: T=51.8, value=49482.0
    [iter 1622477] reheat + diversify: T=51.8, value=46832.0
    [iter 1628230] reheat + diversify: T=51.8, value=40448.0
    [iter 1633983] reheat + diversify: T=51.8, value=62364.0
    [iter 1639736] reheat + diversify: T=51.8, value=62364.0
    [iter 1645489] reheat + diversify: T=51.8, value=62364.0
    [iter 1651242] reheat + diversify: T=51.8, value=46832.0
    [iter 1656995] reheat + diversify: T=51.8, value=51418.0
    [iter 1662748] reheat + diversify: T=51.8, value=46832.0
    [iter 1668501] reheat + diversify: T=51.8, value=43827.0
    [iter 1674254] reheat + diversify: T=51.8, value=47170.0
    [iter 1680007] reheat + diversify: T=51.8, value=62364.0
    [iter 1685760] reheat + diversify: T=51.8, value=46688.0
    [iter 1691513] reheat + diversify: T=51.8, value=38594.0
    [iter 1697266] reheat + diversify: T=51.8, value=40448.0
    [iter 1703019] reheat + diversify: T=51.8, value=62364.0
    [iter 1708772] reheat + diversify: T=51.8, value=62364.0
    [iter 1714525] reheat + diversify: T=51.8, value=62364.0
    [iter 1720278] reheat + diversify: T=51.8, value=39982.0
    [iter 1726031] reheat + diversify: T=51.8, value=46832.0
    [iter 1731784] reheat + diversify: T=51.8, value=52903.0
    [iter 1737537] reheat + diversify: T=51.8, value=62364.0
    [iter 1743290] reheat + diversify: T=51.8, value=62364.0
    [iter 1749043] reheat + diversify: T=51.8, value=62364.0
    [iter 1754796] reheat + diversify: T=51.8, value=44700.0
    [iter 1760549] reheat + diversify: T=51.8, value=34739.0
    [iter 1766302] reheat + diversify: T=51.8, value=62364.0
    [iter 1772055] reheat + diversify: T=51.8, value=46832.0
    [iter 1777808] reheat + diversify: T=51.8, value=46688.0
    [iter 1783561] reheat + diversify: T=51.8, value=62364.0
    [iter 1789314] reheat + diversify: T=51.8, value=62364.0
    [iter 1795067] reheat + diversify: T=51.8, value=62364.0
    [iter 1800820] reheat + diversify: T=51.8, value=39982.0
    [iter 1806573] reheat + diversify: T=51.8, value=62364.0
    [iter 1812326] reheat + diversify: T=51.8, value=62364.0
    [iter 1818079] reheat + diversify: T=51.8, value=62364.0
    [iter 1823832] reheat + diversify: T=51.8, value=53406.0
    [iter 1829585] reheat + diversify: T=51.8, value=43827.0
    [iter 1835338] reheat + diversify: T=51.8, value=43827.0
    [iter 1841091] reheat + diversify: T=51.8, value=62364.0
    [iter 1846844] reheat + diversify: T=51.8, value=62364.0
    [iter 1852597] reheat + diversify: T=51.8, value=40448.0
    [iter 1858350] reheat + diversify: T=51.8, value=46832.0
    [iter 1864103] reheat + diversify: T=51.8, value=62364.0
    [iter 1869856] reheat + diversify: T=51.8, value=62364.0
    [iter 1875609] reheat + diversify: T=51.8, value=46832.0
    [iter 1881362] reheat + diversify: T=51.8, value=62364.0
    [iter 1887115] reheat + diversify: T=51.8, value=62364.0
    [iter 1892868] reheat + diversify: T=51.8, value=62364.0
    [iter 1898621] reheat + diversify: T=51.8, value=40448.0
    [iter 1904374] reheat + diversify: T=51.8, value=39982.0
    [iter 1910127] reheat + diversify: T=51.8, value=59625.0
    [iter 1915880] reheat + diversify: T=51.8, value=44700.0
    [iter 1921633] reheat + diversify: T=51.8, value=46832.0
    [iter 1927386] reheat + diversify: T=51.8, value=53406.0
    [iter 1933139] reheat + diversify: T=51.8, value=53406.0
    [iter 1938892] reheat + diversify: T=51.8, value=62364.0
    [iter 1944645] reheat + diversify: T=51.8, value=62364.0
    [iter 1950398] reheat + diversify: T=51.8, value=62364.0
    [iter 1956151] reheat + diversify: T=51.8, value=62364.0
    [iter 1961904] reheat + diversify: T=51.8, value=49482.0
    [iter 1967657] reheat + diversify: T=51.8, value=44700.0
    [iter 1973410] reheat + diversify: T=51.8, value=37994.0
    [iter 1979163] reheat + diversify: T=51.8, value=62364.0
    [iter 1984916] reheat + diversify: T=51.8, value=62364.0
    [iter 1990669] reheat + diversify: T=51.8, value=46402.0
    [iter 1996422] reheat + diversify: T=51.8, value=40448.0
    [iter 2002175] reheat + diversify: T=51.8, value=46832.0
    [iter 2007928] reheat + diversify: T=51.8, value=46832.0
    [iter 2013681] reheat + diversify: T=51.8, value=38308.0
    [iter 2019434] reheat + diversify: T=51.8, value=52903.0
    [iter 2025187] reheat + diversify: T=51.8, value=53406.0
    [iter 2030940] reheat + diversify: T=51.8, value=62364.0
    [iter 2036693] reheat + diversify: T=51.8, value=62364.0
    [iter 2042446] reheat + diversify: T=51.8, value=62364.0
    [iter 2048199] reheat + diversify: T=51.8, value=46402.0
    [iter 2053952] reheat + diversify: T=51.8, value=62364.0
    [iter 2059705] reheat + diversify: T=51.8, value=62364.0
    [iter 2065458] reheat + diversify: T=51.8, value=62364.0
    [iter 2071211] reheat + diversify: T=51.8, value=46688.0
    [iter 2076964] reheat + diversify: T=51.8, value=49482.0
    [iter 2082717] reheat + diversify: T=51.8, value=51418.0
    [iter 2088470] reheat + diversify: T=51.8, value=49482.0
    [iter 2094223] reheat + diversify: T=51.8, value=45312.0
    [iter 2099976] reheat + diversify: T=51.8, value=37994.0
    [iter 2105729] reheat + diversify: T=51.8, value=52907.0
    [iter 2111482] reheat + diversify: T=51.8, value=37994.0
    [iter 2117235] reheat + diversify: T=51.8, value=62364.0
    [iter 2122988] reheat + diversify: T=51.8, value=62364.0
    [iter 2128741] reheat + diversify: T=51.8, value=37994.0
    [iter 2134494] reheat + diversify: T=51.8, value=62364.0
    [iter 2140247] reheat + diversify: T=51.8, value=62364.0
    [iter 2146000] reheat + diversify: T=51.8, value=53406.0
    [iter 2151753] reheat + diversify: T=51.8, value=59625.0
    [iter 2157506] reheat + diversify: T=51.8, value=43827.0
    [iter 2163259] reheat + diversify: T=51.8, value=62364.0
    [iter 2169012] reheat + diversify: T=51.8, value=44700.0
    [iter 2174765] reheat + diversify: T=51.8, value=62364.0
    [iter 2180518] reheat + diversify: T=51.8, value=51418.0
    [iter 2186271] reheat + diversify: T=51.8, value=62364.0
    [iter 2192024] reheat + diversify: T=51.8, value=62364.0
    [iter 2197777] reheat + diversify: T=51.8, value=62364.0
    [iter 2203530] reheat + diversify: T=51.8, value=62364.0
    [iter 2209283] reheat + diversify: T=51.8, value=53406.0
    [iter 2215036] reheat + diversify: T=51.8, value=43827.0
    [iter 2220789] reheat + diversify: T=51.8, value=45312.0
    [iter 2226542] reheat + diversify: T=51.8, value=46688.0
    [iter 2232295] reheat + diversify: T=51.8, value=62364.0
    [iter 2238048] reheat + diversify: T=51.8, value=62364.0
    [iter 2243801] reheat + diversify: T=51.8, value=62364.0
    [iter 2249554] reheat + diversify: T=51.8, value=43827.0
    [iter 2255307] reheat + diversify: T=51.8, value=62364.0
    [iter 2261060] reheat + diversify: T=51.8, value=62364.0
    [iter 2266813] reheat + diversify: T=51.8, value=62364.0
    [iter 2272566] reheat + diversify: T=51.8, value=37994.0
    [iter 2278319] reheat + diversify: T=51.8, value=62364.0
    [iter 2284072] reheat + diversify: T=51.8, value=34739.0
    [iter 2289825] reheat + diversify: T=51.8, value=46402.0
    [iter 2295578] reheat + diversify: T=51.8, value=46832.0
    [iter 2301331] reheat + diversify: T=51.8, value=47170.0
    [iter 2307084] reheat + diversify: T=51.8, value=62364.0
    [iter 2312837] reheat + diversify: T=51.8, value=37994.0
    [iter 2318590] reheat + diversify: T=51.8, value=62364.0
    [iter 2324343] reheat + diversify: T=51.8, value=49482.0
    [iter 2330096] reheat + diversify: T=51.8, value=62364.0
    [iter 2335849] reheat + diversify: T=51.8, value=62364.0
    [iter 2341602] reheat + diversify: T=51.8, value=62364.0
    [iter 2347355] reheat + diversify: T=51.8, value=40448.0
    [iter 2353108] reheat + diversify: T=51.8, value=40448.0
    [iter 2358861] reheat + diversify: T=51.8, value=44700.0
    [iter 2364614] reheat + diversify: T=51.8, value=47170.0
    [iter 2370367] reheat + diversify: T=51.8, value=62364.0
    [iter 2376120] reheat + diversify: T=51.8, value=46832.0
    [iter 2381873] reheat + diversify: T=51.8, value=62364.0
    [iter 2387626] reheat + diversify: T=51.8, value=39076.0
    [iter 2393379] reheat + diversify: T=51.8, value=43827.0
    [iter 2399132] reheat + diversify: T=51.8, value=53406.0
    [iter 2404885] reheat + diversify: T=51.8, value=39076.0
    [iter 2410638] reheat + diversify: T=51.8, value=46832.0
    [iter 2416391] reheat + diversify: T=51.8, value=62364.0
    [iter 2422144] reheat + diversify: T=51.8, value=46201.0
    [iter 2427897] reheat + diversify: T=51.8, value=40448.0
    [iter 2433650] reheat + diversify: T=51.8, value=62364.0
    [iter 2439403] reheat + diversify: T=51.8, value=46832.0
    [iter 2445156] reheat + diversify: T=51.8, value=62364.0
    [iter 2450909] reheat + diversify: T=51.8, value=51418.0
    [iter 2456662] reheat + diversify: T=51.8, value=40448.0
    [iter 2462415] reheat + diversify: T=51.8, value=62364.0
    [iter 2468168] reheat + diversify: T=51.8, value=62364.0
    [iter 2473921] reheat + diversify: T=51.8, value=37994.0
    [iter 2479674] reheat + diversify: T=51.8, value=58140.0
    [iter 2485427] reheat + diversify: T=51.8, value=62364.0
    [iter 2491180] reheat + diversify: T=51.8, value=53406.0
    [iter 2496933] reheat + diversify: T=51.8, value=46688.0
    [iter 2502686] reheat + diversify: T=51.8, value=40448.0
    [iter 2508439] reheat + diversify: T=51.8, value=49482.0
    [iter 2514192] reheat + diversify: T=51.8, value=62364.0
    [iter 2519945] reheat + diversify: T=51.8, value=62364.0
    [iter 2525698] reheat + diversify: T=51.8, value=46688.0
    [iter 2531451] reheat + diversify: T=51.8, value=46832.0
    [iter 2537204] reheat + diversify: T=51.8, value=62364.0
    [iter 2542957] reheat + diversify: T=51.8, value=62364.0
    [iter 2548710] reheat + diversify: T=51.8, value=44700.0
    [iter 2554463] reheat + diversify: T=51.8, value=62364.0
    [iter 2560216] reheat + diversify: T=51.8, value=46201.0
    [iter 2565969] reheat + diversify: T=51.8, value=62364.0
    [iter 2571722] reheat + diversify: T=51.8, value=43827.0
    [iter 2577475] reheat + diversify: T=51.8, value=43827.0
    [iter 2583228] reheat + diversify: T=51.8, value=46832.0
    [iter 2588981] reheat + diversify: T=51.8, value=62364.0
    [iter 2594734] reheat + diversify: T=51.8, value=37994.0
    [iter 2600487] reheat + diversify: T=51.8, value=62364.0
    [iter 2606240] reheat + diversify: T=51.8, value=40448.0
    [iter 2611993] reheat + diversify: T=51.8, value=46201.0
    [iter 2617746] reheat + diversify: T=51.8, value=62364.0
    [iter 2623499] reheat + diversify: T=51.8, value=45312.0
    [iter 2629252] reheat + diversify: T=51.8, value=62364.0
    [iter 2635005] reheat + diversify: T=51.8, value=62364.0
    [iter 2640758] reheat + diversify: T=51.8, value=62364.0
    [iter 2646511] reheat + diversify: T=51.8, value=62364.0
    [iter 2652264] reheat + diversify: T=51.8, value=46832.0
    [iter 2658017] reheat + diversify: T=51.8, value=43827.0
    [iter 2663770] reheat + diversify: T=51.8, value=62364.0
    [iter 2669523] reheat + diversify: T=51.8, value=62364.0
    [iter 2675276] reheat + diversify: T=51.8, value=62364.0
    [iter 2681029] reheat + diversify: T=51.8, value=62364.0
    [iter 2686782] reheat + diversify: T=51.8, value=40448.0
    [iter 2692535] reheat + diversify: T=51.8, value=62364.0
    [iter 2698288] reheat + diversify: T=51.8, value=53406.0
    [iter 2704041] reheat + diversify: T=51.8, value=46201.0
    [iter 2709794] reheat + diversify: T=51.8, value=62364.0
    [iter 2715547] reheat + diversify: T=51.8, value=62364.0
    [iter 2721300] reheat + diversify: T=51.8, value=62364.0
    [iter 2727053] reheat + diversify: T=51.8, value=62364.0
    [iter 2732806] reheat + diversify: T=51.8, value=46832.0
    [iter 2738559] reheat + diversify: T=51.8, value=42946.0
    [iter 2744312] reheat + diversify: T=51.8, value=46402.0
    [iter 2750065] reheat + diversify: T=51.8, value=51418.0
    [iter 2755818] reheat + diversify: T=51.8, value=51418.0
    [iter 2761571] reheat + diversify: T=51.8, value=62364.0
    [iter 2767324] reheat + diversify: T=51.8, value=43827.0
    [iter 2773077] reheat + diversify: T=51.8, value=37994.0
    [iter 2778830] reheat + diversify: T=51.8, value=62364.0
    [iter 2784583] reheat + diversify: T=51.8, value=44700.0
    [iter 2790336] reheat + diversify: T=51.8, value=45312.0
    [iter 2796089] reheat + diversify: T=51.8, value=39076.0
    [iter 2801842] reheat + diversify: T=51.8, value=43827.0
    [iter 2807595] reheat + diversify: T=51.8, value=62364.0
    [iter 2813348] reheat + diversify: T=51.8, value=62364.0
    [iter 2819101] reheat + diversify: T=51.8, value=40448.0
    [iter 2824854] reheat + diversify: T=51.8, value=49482.0
    [iter 2830607] reheat + diversify: T=51.8, value=46832.0
    [iter 2836360] reheat + diversify: T=51.8, value=62364.0
    [iter 2842113] reheat + diversify: T=51.8, value=46832.0
    [iter 2847866] reheat + diversify: T=51.8, value=62364.0
    [iter 2853619] reheat + diversify: T=51.8, value=44700.0
    [iter 2859372] reheat + diversify: T=51.8, value=52903.0
    [iter 2865125] reheat + diversify: T=51.8, value=59625.0
    [iter 2870878] reheat + diversify: T=51.8, value=37994.0
    [iter 2876631] reheat + diversify: T=51.8, value=62364.0
    [iter 2882384] reheat + diversify: T=51.8, value=62364.0
    [iter 2888137] reheat + diversify: T=51.8, value=46832.0
    [iter 2893890] reheat + diversify: T=51.8, value=62364.0
    [iter 2899643] reheat + diversify: T=51.8, value=62364.0
    [iter 2905396] reheat + diversify: T=51.8, value=62364.0
    [iter 2911149] reheat + diversify: T=51.8, value=49482.0
    [iter 2916902] reheat + diversify: T=51.8, value=62364.0
    [iter 2922655] reheat + diversify: T=51.8, value=62364.0
    [iter 2928408] reheat + diversify: T=51.8, value=39982.0
    [iter 2934161] reheat + diversify: T=51.8, value=62364.0
    [iter 2939914] reheat + diversify: T=51.8, value=46688.0
    [iter 2945667] reheat + diversify: T=51.8, value=44700.0
    [iter 2951420] reheat + diversify: T=51.8, value=34739.0
    [iter 2957173] reheat + diversify: T=51.8, value=62364.0
    [iter 2962926] reheat + diversify: T=51.8, value=40448.0
    [iter 2968679] reheat + diversify: T=51.8, value=62364.0
    [iter 2974432] reheat + diversify: T=51.8, value=53406.0
    [iter 2980185] reheat + diversify: T=51.8, value=39982.0
    [iter 2985938] reheat + diversify: T=51.8, value=62364.0
    [iter 2991691] reheat + diversify: T=51.8, value=62364.0
    [iter 2997444] reheat + diversify: T=51.8, value=62364.0
    [iter 3003197] reheat + diversify: T=51.8, value=62364.0
    [iter 3008950] reheat + diversify: T=51.8, value=62364.0
    [iter 3014703] reheat + diversify: T=51.8, value=53406.0
    [iter 3020456] reheat + diversify: T=51.8, value=43827.0
    [iter 3026209] reheat + diversify: T=51.8, value=40448.0
    [iter 3031962] reheat + diversify: T=51.8, value=49482.0
    [iter 3037715] reheat + diversify: T=51.8, value=53406.0
    [iter 3043468] reheat + diversify: T=51.8, value=44700.0
    [iter 3049221] reheat + diversify: T=51.8, value=43827.0
    [iter 3054974] reheat + diversify: T=51.8, value=46688.0
    [iter 3060727] reheat + diversify: T=51.8, value=62364.0
    [iter 3066480] reheat + diversify: T=51.8, value=37994.0
    [iter 3072233] reheat + diversify: T=51.8, value=62364.0
    [iter 3077986] reheat + diversify: T=51.8, value=51418.0
    [iter 3083739] reheat + diversify: T=51.8, value=46402.0
    [iter 3089492] reheat + diversify: T=51.8, value=59625.0
    [iter 3095245] reheat + diversify: T=51.8, value=40448.0
    [iter 3100998] reheat + diversify: T=51.8, value=40448.0
    [iter 3106751] reheat + diversify: T=51.8, value=52907.0
    [iter 3112504] reheat + diversify: T=51.8, value=58140.0
    [iter 3118257] reheat + diversify: T=51.8, value=49482.0
    [iter 3124010] reheat + diversify: T=51.8, value=62364.0
    [iter 3129763] reheat + diversify: T=51.8, value=46688.0
    [iter 3135516] reheat + diversify: T=51.8, value=62364.0
    [iter 3141269] reheat + diversify: T=51.8, value=37994.0
    [iter 3147022] reheat + diversify: T=51.8, value=62364.0
    [iter 3152775] reheat + diversify: T=51.8, value=62364.0
    [iter 3158528] reheat + diversify: T=51.8, value=39982.0
    [iter 3164281] reheat + diversify: T=51.8, value=62364.0
    [iter 3170034] reheat + diversify: T=51.8, value=62364.0
    [iter 3175787] reheat + diversify: T=51.8, value=62364.0
    [iter 3181540] reheat + diversify: T=51.8, value=53406.0
    [iter 3187293] reheat + diversify: T=51.8, value=46688.0
    [iter 3193046] reheat + diversify: T=51.8, value=58140.0
    [iter 3198799] reheat + diversify: T=51.8, value=46688.0
    [iter 3204552] reheat + diversify: T=51.8, value=32354.0
    [iter 3210305] reheat + diversify: T=51.8, value=62364.0
    [iter 3216058] reheat + diversify: T=51.8, value=62364.0
    [iter 3221811] reheat + diversify: T=51.8, value=62364.0
    [iter 3227564] reheat + diversify: T=51.8, value=46402.0
    [iter 3233317] reheat + diversify: T=51.8, value=62364.0
    [iter 3239070] reheat + diversify: T=51.8, value=62364.0
    [iter 3244823] reheat + diversify: T=51.8, value=53406.0
    [iter 3250576] reheat + diversify: T=51.8, value=62364.0
    [iter 3256329] reheat + diversify: T=51.8, value=62364.0
    [iter 3262082] reheat + diversify: T=51.8, value=62364.0
    [iter 3267835] reheat + diversify: T=51.8, value=46688.0
    [iter 3273588] reheat + diversify: T=51.8, value=39982.0
    [iter 3279341] reheat + diversify: T=51.8, value=62364.0
    [iter 3285094] reheat + diversify: T=51.8, value=62364.0
    [iter 3290847] reheat + diversify: T=51.8, value=46688.0
    [iter 3296600] reheat + diversify: T=51.8, value=53406.0
    [iter 3302353] reheat + diversify: T=51.8, value=46688.0
    [iter 3308106] reheat + diversify: T=51.8, value=62364.0
    [iter 3313859] reheat + diversify: T=51.8, value=62364.0
    [iter 3319612] reheat + diversify: T=51.8, value=44700.0
    [iter 3325365] reheat + diversify: T=51.8, value=39982.0
    [iter 3331118] reheat + diversify: T=51.8, value=46832.0
    [iter 3336871] reheat + diversify: T=51.8, value=51418.0
    [iter 3342624] reheat + diversify: T=51.8, value=62364.0
    [iter 3348377] reheat + diversify: T=51.8, value=47170.0
    [iter 3354130] reheat + diversify: T=51.8, value=39982.0
    [iter 3359883] reheat + diversify: T=51.8, value=39076.0
    [iter 3365636] reheat + diversify: T=51.8, value=52907.0
    [iter 3371389] reheat + diversify: T=51.8, value=62364.0
    [iter 3377142] reheat + diversify: T=51.8, value=51418.0
    [iter 3382895] reheat + diversify: T=51.8, value=37994.0
    [iter 3388648] reheat + diversify: T=51.8, value=49482.0
    [iter 3394401] reheat + diversify: T=51.8, value=49482.0
    [iter 3400154] reheat + diversify: T=51.8, value=53406.0
    [iter 3405907] reheat + diversify: T=51.8, value=44700.0
    [iter 3411660] reheat + diversify: T=51.8, value=62364.0
    [iter 3417413] reheat + diversify: T=51.8, value=39982.0
    [iter 3423166] reheat + diversify: T=51.8, value=62364.0
    [iter 3428919] reheat + diversify: T=51.8, value=46832.0
    [iter 3434672] reheat + diversify: T=51.8, value=49482.0
    [iter 3440425] reheat + diversify: T=51.8, value=34739.0
    [iter 3446178] reheat + diversify: T=51.8, value=49482.0
    [iter 3451931] reheat + diversify: T=51.8, value=62364.0
    [iter 3457684] reheat + diversify: T=51.8, value=62364.0
    [iter 3463437] reheat + diversify: T=51.8, value=49482.0
    [iter 3469190] reheat + diversify: T=51.8, value=44716.0
    [iter 3474943] reheat + diversify: T=51.8, value=62364.0
    [iter 3480696] reheat + diversify: T=51.8, value=62364.0
    [iter 3486449] reheat + diversify: T=51.8, value=51418.0
    [iter 3492202] reheat + diversify: T=51.8, value=52903.0
    [iter 3497955] reheat + diversify: T=51.8, value=52907.0
    [iter 3503708] reheat + diversify: T=51.8, value=52903.0
    [iter 3509461] reheat + diversify: T=51.8, value=62364.0
    [iter 3515214] reheat + diversify: T=51.8, value=43827.0
    [iter 3520967] reheat + diversify: T=51.8, value=62364.0
    [iter 3526720] reheat + diversify: T=51.8, value=51418.0
    [iter 3532473] reheat + diversify: T=51.8, value=53406.0
    [iter 3538226] reheat + diversify: T=51.8, value=43827.0
    [iter 3543979] reheat + diversify: T=51.8, value=62364.0
    [iter 3549732] reheat + diversify: T=51.8, value=40448.0
    [iter 3555485] reheat + diversify: T=51.8, value=51418.0
    [iter 3561238] reheat + diversify: T=51.8, value=62364.0
    [iter 3566991] reheat + diversify: T=51.8, value=62364.0
    [iter 3572744] reheat + diversify: T=51.8, value=43827.0
    [iter 3578497] reheat + diversify: T=51.8, value=62364.0
    [iter 3584250] reheat + diversify: T=51.8, value=46832.0
    [iter 3590003] reheat + diversify: T=51.8, value=62364.0
    [iter 3595756] reheat + diversify: T=51.8, value=62364.0
    [iter 3601509] reheat + diversify: T=51.8, value=38308.0
    [iter 3607262] reheat + diversify: T=51.8, value=62364.0
    [iter 3613015] reheat + diversify: T=51.8, value=62364.0
    [iter 3618768] reheat + diversify: T=51.8, value=46402.0
    [iter 3624521] reheat + diversify: T=51.8, value=62364.0
    [iter 3630274] reheat + diversify: T=51.8, value=39982.0
    [iter 3636027] reheat + diversify: T=51.8, value=53406.0
    [iter 3641780] reheat + diversify: T=51.8, value=62364.0
    [iter 3647533] reheat + diversify: T=51.8, value=43827.0
    [iter 3653286] reheat + diversify: T=51.8, value=62364.0
    [iter 3659039] reheat + diversify: T=51.8, value=62364.0
    [iter 3664792] reheat + diversify: T=51.8, value=62364.0
    [iter 3670545] reheat + diversify: T=51.8, value=62364.0
    [iter 3676298] reheat + diversify: T=51.8, value=62364.0
    [iter 3682051] reheat + diversify: T=51.8, value=62364.0
    [iter 3687804] reheat + diversify: T=51.8, value=62364.0
    [iter 3693557] reheat + diversify: T=51.8, value=29184.0
    [iter 3699310] reheat + diversify: T=51.8, value=62364.0
    [iter 3705063] reheat + diversify: T=51.8, value=62364.0
    [iter 3710816] reheat + diversify: T=51.8, value=62364.0
    [iter 3716569] reheat + diversify: T=51.8, value=46832.0
    [iter 3722322] reheat + diversify: T=51.8, value=62364.0
    [iter 3728075] reheat + diversify: T=51.8, value=43827.0
    [iter 3733828] reheat + diversify: T=51.8, value=62364.0
    [iter 3739581] reheat + diversify: T=51.8, value=49482.0
    [iter 3745334] reheat + diversify: T=51.8, value=53406.0
    [iter 3751087] reheat + diversify: T=51.8, value=53406.0
    [iter 3756840] reheat + diversify: T=51.8, value=43827.0
    [iter 3762593] reheat + diversify: T=51.8, value=62364.0
    [iter 3768346] reheat + diversify: T=51.8, value=38308.0
    [iter 3774099] reheat + diversify: T=51.8, value=62364.0
    [iter 3779852] reheat + diversify: T=51.8, value=53406.0
    [iter 3785605] reheat + diversify: T=51.8, value=43827.0
    [iter 3791358] reheat + diversify: T=51.8, value=62364.0
    [iter 3797111] reheat + diversify: T=51.8, value=39483.0
    [iter 3802864] reheat + diversify: T=51.8, value=62364.0
    [iter 3808617] reheat + diversify: T=51.8, value=47170.0
    [iter 3814370] reheat + diversify: T=51.8, value=62364.0
    [iter 3820123] reheat + diversify: T=51.8, value=62364.0
    [iter 3825876] reheat + diversify: T=51.8, value=49482.0
    [iter 3831629] reheat + diversify: T=51.8, value=62364.0
    [iter 3837382] reheat + diversify: T=51.8, value=51418.0
    [iter 3843135] reheat + diversify: T=51.8, value=62364.0
    [iter 3848888] reheat + diversify: T=51.8, value=62364.0
    [iter 3854641] reheat + diversify: T=51.8, value=62364.0
    [iter 3860394] reheat + diversify: T=51.8, value=62364.0
    [iter 3866147] reheat + diversify: T=51.8, value=62364.0
    [iter 3871900] reheat + diversify: T=51.8, value=51418.0
    [iter 3877653] reheat + diversify: T=51.8, value=46688.0
    [iter 3883406] reheat + diversify: T=51.8, value=62364.0
    [iter 3889159] reheat + diversify: T=51.8, value=37994.0
    [iter 3894912] reheat + diversify: T=51.8, value=53406.0
    [iter 3900665] reheat + diversify: T=51.8, value=38308.0
    [iter 3906418] reheat + diversify: T=51.8, value=62364.0
    [iter 3912171] reheat + diversify: T=51.8, value=62364.0
    [iter 3917924] reheat + diversify: T=51.8, value=51418.0
    [iter 3923677] reheat + diversify: T=51.8, value=49482.0
    [iter 3929430] reheat + diversify: T=51.8, value=45312.0
    [iter 3935183] reheat + diversify: T=51.8, value=62364.0
    [iter 3940936] reheat + diversify: T=51.8, value=62364.0
    [iter 3946689] reheat + diversify: T=51.8, value=49482.0
    [iter 3952442] reheat + diversify: T=51.8, value=49482.0
    [iter 3958195] reheat + diversify: T=51.8, value=62364.0
    [iter 3963948] reheat + diversify: T=51.8, value=53406.0
    [iter 3969701] reheat + diversify: T=51.8, value=62364.0
    [iter 3975454] reheat + diversify: T=51.8, value=53406.0
    [iter 3981207] reheat + diversify: T=51.8, value=52903.0
    [iter 3986960] reheat + diversify: T=51.8, value=62364.0
    [iter 3992713] reheat + diversify: T=51.8, value=53406.0
    [iter 3998466] reheat + diversify: T=51.8, value=49482.0
    [iter 4004219] reheat + diversify: T=51.8, value=62364.0
    [iter 4009972] reheat + diversify: T=51.8, value=53406.0
    [iter 4015725] reheat + diversify: T=51.8, value=62364.0
    [iter 4021478] reheat + diversify: T=51.8, value=44700.0
    [iter 4027231] reheat + diversify: T=51.8, value=40448.0
    [iter 4032984] reheat + diversify: T=51.8, value=39982.0
    [iter 4038737] reheat + diversify: T=51.8, value=62364.0
    [iter 4044490] reheat + diversify: T=51.8, value=46832.0
    [iter 4050243] reheat + diversify: T=51.8, value=62364.0
    [iter 4055996] reheat + diversify: T=51.8, value=62364.0
    [iter 4061749] reheat + diversify: T=51.8, value=43827.0
    [iter 4067502] reheat + diversify: T=51.8, value=62364.0
    [iter 4073255] reheat + diversify: T=51.8, value=62364.0
    [iter 4079008] reheat + diversify: T=51.8, value=40448.0
    [iter 4084761] reheat + diversify: T=51.8, value=62364.0
    [iter 4090514] reheat + diversify: T=51.8, value=62364.0
    [iter 4096267] reheat + diversify: T=51.8, value=53406.0
    [iter 4102020] reheat + diversify: T=51.8, value=62364.0
    [iter 4107773] reheat + diversify: T=51.8, value=53406.0
    [iter 4113526] reheat + diversify: T=51.8, value=46402.0
    [iter 4119279] reheat + diversify: T=51.8, value=62364.0
    [iter 4125032] reheat + diversify: T=51.8, value=43827.0
    [iter 4130785] reheat + diversify: T=51.8, value=62364.0
    [iter 4136538] reheat + diversify: T=51.8, value=49482.0
    [iter 4142291] reheat + diversify: T=51.8, value=46402.0
    [iter 4148044] reheat + diversify: T=51.8, value=62364.0
    [iter 4153797] reheat + diversify: T=51.8, value=62364.0
    [iter 4159550] reheat + diversify: T=51.8, value=43827.0
    [iter 4165303] reheat + diversify: T=51.8, value=62364.0
    [iter 4171056] reheat + diversify: T=51.8, value=62364.0
    [iter 4176809] reheat + diversify: T=51.8, value=62364.0
    [iter 4182562] reheat + diversify: T=51.8, value=29506.0
    [iter 4188315] reheat + diversify: T=51.8, value=62364.0
    [iter 4194068] reheat + diversify: T=51.8, value=46688.0
    [iter 4199821] reheat + diversify: T=51.8, value=59625.0
    [iter 4205574] reheat + diversify: T=51.8, value=46688.0
    [iter 4211327] reheat + diversify: T=51.8, value=62364.0
    [iter 4217080] reheat + diversify: T=51.8, value=46832.0
    [iter 4222833] reheat + diversify: T=51.8, value=39982.0
    [iter 4228586] reheat + diversify: T=51.8, value=58140.0
    [iter 4234339] reheat + diversify: T=51.8, value=46832.0
    [iter 4240092] reheat + diversify: T=51.8, value=53406.0
    [iter 4245845] reheat + diversify: T=51.8, value=62364.0
    [iter 4251598] reheat + diversify: T=51.8, value=53406.0
    [iter 4257351] reheat + diversify: T=51.8, value=39982.0
    [iter 4263104] reheat + diversify: T=51.8, value=62364.0
    [iter 4268857] reheat + diversify: T=51.8, value=53406.0
    [iter 4274610] reheat + diversify: T=51.8, value=46832.0
    [iter 4280363] reheat + diversify: T=51.8, value=46832.0
    [iter 4286116] reheat + diversify: T=51.8, value=62364.0
    [iter 4291869] reheat + diversify: T=51.8, value=62364.0
    [iter 4297622] reheat + diversify: T=51.8, value=46832.0
    [iter 4303375] reheat + diversify: T=51.8, value=62364.0
    [iter 4309128] reheat + diversify: T=51.8, value=62364.0
    [iter 4314881] reheat + diversify: T=51.8, value=44700.0
    [iter 4320634] reheat + diversify: T=51.8, value=51418.0
    [iter 4326387] reheat + diversify: T=51.8, value=62364.0
    [iter 4332140] reheat + diversify: T=51.8, value=62364.0
    [iter 4337893] reheat + diversify: T=51.8, value=62364.0
    [iter 4343646] reheat + diversify: T=51.8, value=62364.0
    [iter 4349399] reheat + diversify: T=51.8, value=46832.0
    [iter 4355152] reheat + diversify: T=51.8, value=62364.0
    [iter 4360905] reheat + diversify: T=51.8, value=53406.0
    [iter 4366658] reheat + diversify: T=51.8, value=43827.0
    [iter 4372411] reheat + diversify: T=51.8, value=46832.0
    [iter 4378164] reheat + diversify: T=51.8, value=44700.0
    [iter 4383917] reheat + diversify: T=51.8, value=62364.0
    [iter 4389670] reheat + diversify: T=51.8, value=62364.0
    [iter 4395423] reheat + diversify: T=51.8, value=43827.0
    [iter 4401176] reheat + diversify: T=51.8, value=52903.0
    [iter 4406929] reheat + diversify: T=51.8, value=62364.0
    [iter 4412682] reheat + diversify: T=51.8, value=62364.0
    [iter 4418435] reheat + diversify: T=51.8, value=51418.0
    [iter 4424188] reheat + diversify: T=51.8, value=52903.0
    [iter 4429941] reheat + diversify: T=51.8, value=52903.0
    [iter 4435694] reheat + diversify: T=51.8, value=40448.0
    [iter 4441447] reheat + diversify: T=51.8, value=58140.0
    [iter 4447200] reheat + diversify: T=51.8, value=62364.0
    [iter 4452953] reheat + diversify: T=51.8, value=53406.0
    [iter 4458706] reheat + diversify: T=51.8, value=51422.0
    [iter 4464459] reheat + diversify: T=51.8, value=62364.0
    [iter 4470212] reheat + diversify: T=51.8, value=62364.0
    [iter 4475965] reheat + diversify: T=51.8, value=46832.0
    [iter 4481718] reheat + diversify: T=51.8, value=46832.0
    [iter 4487471] reheat + diversify: T=51.8, value=62364.0
    [iter 4493224] reheat + diversify: T=51.8, value=40448.0
    [iter 4498977] reheat + diversify: T=51.8, value=43827.0
    [iter 4504730] reheat + diversify: T=51.8, value=62364.0
    [iter 4510483] reheat + diversify: T=51.8, value=43827.0
    [iter 4516236] reheat + diversify: T=51.8, value=62364.0
    [iter 4521989] reheat + diversify: T=51.8, value=62364.0
    [iter 4527742] reheat + diversify: T=51.8, value=40448.0
    [iter 4533495] reheat + diversify: T=51.8, value=59625.0
    [iter 4539248] reheat + diversify: T=51.8, value=59625.0
    [iter 4545001] reheat + diversify: T=51.8, value=62364.0
    [iter 4550754] reheat + diversify: T=51.8, value=51418.0
    [iter 4556507] reheat + diversify: T=51.8, value=49482.0
    [iter 4562260] reheat + diversify: T=51.8, value=62364.0
    [iter 4568013] reheat + diversify: T=51.8, value=62364.0
    [iter 4573766] reheat + diversify: T=51.8, value=62364.0
    [iter 4579519] reheat + diversify: T=51.8, value=62364.0
    [iter 4585272] reheat + diversify: T=51.8, value=37994.0
    [iter 4591025] reheat + diversify: T=51.8, value=49482.0
    [iter 4596778] reheat + diversify: T=51.8, value=62364.0
    [iter 4602531] reheat + diversify: T=51.8, value=62364.0
    [iter 4608284] reheat + diversify: T=51.8, value=62364.0
    [iter 4614037] reheat + diversify: T=51.8, value=62364.0
    [iter 4619790] reheat + diversify: T=51.8, value=53406.0
    [iter 4625543] reheat + diversify: T=51.8, value=46832.0
    [iter 4631296] reheat + diversify: T=51.8, value=53406.0
    [iter 4637049] reheat + diversify: T=51.8, value=46688.0
    [iter 4642802] reheat + diversify: T=51.8, value=45312.0
    [iter 4648555] reheat + diversify: T=51.8, value=51418.0
    [iter 4654308] reheat + diversify: T=51.8, value=62364.0
    [iter 4660061] reheat + diversify: T=51.8, value=62364.0
    [iter 4665814] reheat + diversify: T=51.8, value=53406.0
    [iter 4671567] reheat + diversify: T=51.8, value=62364.0
    [iter 4677320] reheat + diversify: T=51.8, value=44716.0
    [iter 4683073] reheat + diversify: T=51.8, value=62364.0
    [iter 4688826] reheat + diversify: T=51.8, value=46832.0
    [iter 4694579] reheat + diversify: T=51.8, value=51418.0
    [iter 4700332] reheat + diversify: T=51.8, value=46832.0
    [iter 4706085] reheat + diversify: T=51.8, value=62364.0
    [iter 4711838] reheat + diversify: T=51.8, value=46832.0
    [iter 4717591] reheat + diversify: T=51.8, value=62364.0
    [iter 4723344] reheat + diversify: T=51.8, value=62364.0
    [iter 4729097] reheat + diversify: T=51.8, value=53406.0
    [iter 4734850] reheat + diversify: T=51.8, value=59625.0
    [iter 4740603] reheat + diversify: T=51.8, value=62364.0
    [iter 4746356] reheat + diversify: T=51.8, value=62364.0
    [iter 4752109] reheat + diversify: T=51.8, value=62364.0
    [iter 4757862] reheat + diversify: T=51.8, value=62364.0
    [iter 4763615] reheat + diversify: T=51.8, value=37994.0
    [iter 4769368] reheat + diversify: T=51.8, value=46832.0
    [iter 4775121] reheat + diversify: T=51.8, value=62364.0
    [iter 4780874] reheat + diversify: T=51.8, value=51418.0
    [iter 4786627] reheat + diversify: T=51.8, value=62364.0
    [iter 4792380] reheat + diversify: T=51.8, value=62364.0
    [iter 4798133] reheat + diversify: T=51.8, value=46402.0
    [iter 4803886] reheat + diversify: T=51.8, value=62364.0
    [iter 4809639] reheat + diversify: T=51.8, value=43827.0
    [iter 4815392] reheat + diversify: T=51.8, value=62364.0
    [iter 4821145] reheat + diversify: T=51.8, value=62364.0
    [iter 4826898] reheat + diversify: T=51.8, value=53406.0
    [iter 4832651] reheat + diversify: T=51.8, value=62364.0
    [iter 4838404] reheat + diversify: T=51.8, value=38308.0
    [iter 4844157] reheat + diversify: T=51.8, value=45312.0
    [iter 4849910] reheat + diversify: T=51.8, value=46688.0
    [iter 4855663] reheat + diversify: T=51.8, value=40448.0
    [iter 4861416] reheat + diversify: T=51.8, value=62364.0
    [iter 4867169] reheat + diversify: T=51.8, value=51418.0
    [iter 4872922] reheat + diversify: T=51.8, value=62364.0
    [iter 4878675] reheat + diversify: T=51.8, value=62364.0
    [iter 4884428] reheat + diversify: T=51.8, value=43827.0
    [iter 4890181] reheat + diversify: T=51.8, value=49482.0
    [iter 4895934] reheat + diversify: T=51.8, value=62364.0
    [iter 4901687] reheat + diversify: T=51.8, value=40448.0
    [iter 4907440] reheat + diversify: T=51.8, value=43827.0
    [iter 4913193] reheat + diversify: T=51.8, value=46832.0
    [iter 4918946] reheat + diversify: T=51.8, value=43827.0
    [iter 4924699] reheat + diversify: T=51.8, value=46832.0
    [iter 4930452] reheat + diversify: T=51.8, value=44700.0
    [iter 4936205] reheat + diversify: T=51.8, value=62364.0
    [iter 4941958] reheat + diversify: T=51.8, value=53406.0
    [iter 4947711] reheat + diversify: T=51.8, value=62364.0
    [iter 4953464] reheat + diversify: T=51.8, value=40448.0
    [iter 4959217] reheat + diversify: T=51.8, value=62364.0
    [iter 4964970] reheat + diversify: T=51.8, value=49482.0
    [iter 4970723] reheat + diversify: T=51.8, value=46402.0
    [iter 4976476] reheat + diversify: T=51.8, value=62364.0
    [iter 4982229] reheat + diversify: T=51.8, value=62364.0
    [iter 4987982] reheat + diversify: T=51.8, value=62364.0
    [iter 4993735] reheat + diversify: T=51.8, value=53406.0
    [iter 4999488] reheat + diversify: T=51.8, value=49482.0
    [iter 5005241] reheat + diversify: T=51.8, value=53406.0
    [iter 5010994] reheat + diversify: T=51.8, value=62364.0
    [iter 5016747] reheat + diversify: T=51.8, value=40448.0
    [iter 5022500] reheat + diversify: T=51.8, value=62364.0
    [iter 5028253] reheat + diversify: T=51.8, value=25499.0
    [iter 5034006] reheat + diversify: T=51.8, value=58140.0
    [iter 5039759] reheat + diversify: T=51.8, value=62364.0
    [iter 5045512] reheat + diversify: T=51.8, value=62364.0
    [iter 5051265] reheat + diversify: T=51.8, value=37994.0
    [iter 5057018] reheat + diversify: T=51.8, value=47170.0
    [iter 5062771] reheat + diversify: T=51.8, value=62364.0
    [iter 5068524] reheat + diversify: T=51.8, value=45312.0
    [iter 5074277] reheat + diversify: T=51.8, value=39982.0
    [iter 5080030] reheat + diversify: T=51.8, value=62364.0
    [iter 5085783] reheat + diversify: T=51.8, value=40448.0
    [iter 5091536] reheat + diversify: T=51.8, value=49482.0
    [iter 5097289] reheat + diversify: T=51.8, value=62364.0
    [iter 5103042] reheat + diversify: T=51.8, value=46402.0
    [iter 5108795] reheat + diversify: T=51.8, value=46185.0
    [iter 5114548] reheat + diversify: T=51.8, value=59625.0
    [iter 5120301] reheat + diversify: T=51.8, value=62364.0
    [iter 5126054] reheat + diversify: T=51.8, value=62364.0
    [iter 5131807] reheat + diversify: T=51.8, value=62364.0
    [iter 5137560] reheat + diversify: T=51.8, value=51418.0
    [iter 5143313] reheat + diversify: T=51.8, value=36224.0
    [iter 5149066] reheat + diversify: T=51.8, value=46402.0
    [iter 5154819] reheat + diversify: T=51.8, value=62364.0
    [iter 5160572] reheat + diversify: T=51.8, value=62364.0
    [iter 5166325] reheat + diversify: T=51.8, value=53406.0
    [iter 5172078] reheat + diversify: T=51.8, value=62364.0
    [iter 5177831] reheat + diversify: T=51.8, value=47170.0
    [iter 5183584] reheat + diversify: T=51.8, value=62364.0
    [iter 5189337] reheat + diversify: T=51.8, value=62364.0
    [iter 5195090] reheat + diversify: T=51.8, value=40448.0
    [iter 5200843] reheat + diversify: T=51.8, value=62364.0
    [iter 5206596] reheat + diversify: T=51.8, value=62364.0
    [iter 5212349] reheat + diversify: T=51.8, value=51418.0
    [iter 5218102] reheat + diversify: T=51.8, value=44700.0
    [iter 5223855] reheat + diversify: T=51.8, value=62364.0
    [iter 5229608] reheat + diversify: T=51.8, value=51418.0
    [iter 5235361] reheat + diversify: T=51.8, value=44700.0
    [iter 5241114] reheat + diversify: T=51.8, value=53406.0
    [iter 5246867] reheat + diversify: T=51.8, value=37994.0
    [iter 5252620] reheat + diversify: T=51.8, value=62364.0
    [iter 5258373] reheat + diversify: T=51.8, value=62364.0
    [iter 5264126] reheat + diversify: T=51.8, value=62364.0
    [iter 5269879] reheat + diversify: T=51.8, value=37994.0
    [iter 5275632] reheat + diversify: T=51.8, value=62364.0
    [iter 5281385] reheat + diversify: T=51.8, value=62364.0
    [iter 5287138] reheat + diversify: T=51.8, value=62364.0
    [iter 5292891] reheat + diversify: T=51.8, value=49482.0
    [iter 5298644] reheat + diversify: T=51.8, value=46832.0
    [iter 5304397] reheat + diversify: T=51.8, value=62364.0
    [iter 5310150] reheat + diversify: T=51.8, value=49482.0
    [iter 5315903] reheat + diversify: T=51.8, value=62364.0
    [iter 5321656] reheat + diversify: T=51.8, value=62364.0
    [iter 5327409] reheat + diversify: T=51.8, value=34739.0
    [iter 5333162] reheat + diversify: T=51.8, value=62364.0
    [iter 5338915] reheat + diversify: T=51.8, value=46201.0
    [iter 5344668] reheat + diversify: T=51.8, value=53406.0
    [iter 5350421] reheat + diversify: T=51.8, value=46688.0
    [iter 5356174] reheat + diversify: T=51.8, value=62364.0
    [iter 5361927] reheat + diversify: T=51.8, value=47170.0
    [iter 5367680] reheat + diversify: T=51.8, value=53406.0
    [iter 5373433] reheat + diversify: T=51.8, value=37994.0
    [iter 5379186] reheat + diversify: T=51.8, value=53406.0
  time limit reached at iteration 5379188
  SA finished: 5379188 iterations in 300.0s (17931 it/s), accepted 3853916 (71.6%), rejected 1525271, no-move draws 0, reheats 935
  SA: value 62364.0 (greedy 4142.0, +58222.0), bound 110921.9, gap 43.78%, util 54.4%
  report -> /home/mcaspar/3DMHKP/results_3DMHKP_ep3/ep3-20-C-R-50-3DMHKP-SA-a0.999-r0.25-t300s.txt

================================================================================================
SUMMARY
================================================================================================
instance      boxes  packed       greedy     SA value        bound      gap    util    iters    time
------------------------------------------------------------------------------------------------
ep3-20-C-R-50     20      12       4142.0      62364.0     110921.9   43.8%   54.4%  5379188  300.0s
------------------------------------------------------------------------------------------------
proven optimal (value reaches the upper bound): 0/1
improved over greedy: 1/1 (total value 4142.0 -> 62364.0, +1405.65%)
mean gap to continuous-knapsack bound: 43.8%
mean volume utilization: 54.4%
