============================================================
  Solver:     3DMHKP-SA.py
  Instance:   /home/mcaspar/3DMHKP/Egeblad/ep3-20-F-C-50.txt
  Value mode: flat
  Timelimit:  300s
  Reports:    /home/mcaspar/3DMHKP/results_3DMHKP_ep3
  CPUs:       1
============================================================
======================================================================
3DMHKP Simulated Annealing (random single-neighbour, sequence decoder)
SA params: T0=5% of f(S_0), alpha=0.999, T_min=0.001, reheat_threshold=5753, reheat_fraction=0.25
Move weights: {'relocate': 0.0, 'swap': 1.0, '2opt': 0.0, 'promote': 1.5, 'demote': 1.5, 'orient': 1.0, 'container': 0.5}
Time limit: 300.0s per instance, seed 1782012447
======================================================================

======================================================================
ep3-20-F-C-50: 20 boxes (5 types), 1 containers (1 types)
  continuous-knapsack bound: 117499.8
  initial (value-density) decode: value 94236.0 (9/20 boxes)
  T0 = 4711.8 (5% of the initial objective)
    [iter 126] *** NEW BEST: value 96744.0, boxes 10/20, T=4157.9, elapsed=0.0s
    [iter 701] *** NEW BEST: value 99480.0, boxes 10/20, T=2339.0, elapsed=0.1s
    [iter 6454] reheat + diversify: T=1178.0, value=54965.0
    [iter 12207] reheat + diversify: T=1178.0, value=63439.0
    [iter 17960] reheat + diversify: T=1178.0, value=48677.0
    [iter 23713] reheat + diversify: T=1178.0, value=63439.0
    [iter 29466] reheat + diversify: T=1178.0, value=62945.0
    [iter 34834] *** NEW BEST: value 104724.0, boxes 11/20, T=5.5, elapsed=3.2s
    [iter 40587] reheat + diversify: T=1178.0, value=42730.0
    [iter 46340] reheat + diversify: T=1178.0, value=51754.0
    [iter 52093] reheat + diversify: T=1178.0, value=73508.0
    [iter 57846] reheat + diversify: T=1178.0, value=65528.0
    [iter 63599] reheat + diversify: T=1178.0, value=64978.0
    [iter 69352] reheat + diversify: T=1178.0, value=45941.0
    [iter 75105] reheat + diversify: T=1178.0, value=67714.0
    [iter 80858] reheat + diversify: T=1178.0, value=76738.0
    [iter 86611] reheat + diversify: T=1178.0, value=66991.0
    [iter 92364] reheat + diversify: T=1178.0, value=48183.0
    [iter 98117] reheat + diversify: T=1178.0, value=60703.0
    [iter 103870] reheat + diversify: T=1178.0, value=41172.0
    [iter 109623] reheat + diversify: T=1178.0, value=53921.0
    [iter 115376] reheat + diversify: T=1178.0, value=64484.0
    [iter 121129] reheat + diversify: T=1178.0, value=69728.0
    [iter 126882] reheat + diversify: T=1178.0, value=58690.0
    [iter 132635] reheat + diversify: T=1178.0, value=59240.0
    [iter 138388] reheat + diversify: T=1178.0, value=72463.0
    [iter 144141] reheat + diversify: T=1178.0, value=70450.0
    [iter 149894] reheat + diversify: T=1178.0, value=36422.0
    [iter 155647] reheat + diversify: T=1178.0, value=51754.0
    [iter 161400] reheat + diversify: T=1178.0, value=49721.0
    [iter 167153] reheat + diversify: T=1178.0, value=90456.0
    [iter 172906] reheat + diversify: T=1178.0, value=76738.0
    [iter 178659] reheat + diversify: T=1178.0, value=48677.0
    [iter 184412] reheat + diversify: T=1178.0, value=69233.0
    [iter 190165] reheat + diversify: T=1178.0, value=64978.0
    [iter 195918] reheat + diversify: T=1178.0, value=44402.0
    [iter 201671] reheat + diversify: T=1178.0, value=62945.0
    [iter 207424] reheat + diversify: T=1178.0, value=56504.0
    [iter 213177] reheat + diversify: T=1178.0, value=54965.0
    [iter 218930] reheat + diversify: T=1178.0, value=63439.0
    [iter 224683] reheat + diversify: T=1178.0, value=87720.0
    [iter 230436] reheat + diversify: T=1178.0, value=57473.0
    [iter 236189] reheat + diversify: T=1178.0, value=48677.0
    [iter 241942] reheat + diversify: T=1178.0, value=64958.0
    [iter 247695] reheat + diversify: T=1178.0, value=68683.0
    [iter 253448] reheat + diversify: T=1178.0, value=43205.0
    [iter 259201] reheat + diversify: T=1178.0, value=67714.0
    [iter 264954] reheat + diversify: T=1178.0, value=71969.0
    [iter 270707] reheat + diversify: T=1178.0, value=31673.0
    [iter 276460] reheat + diversify: T=1178.0, value=39653.0
    [iter 282213] reheat + diversify: T=1178.0, value=41742.0
    [iter 287966] reheat + diversify: T=1178.0, value=72463.0
    [iter 293719] reheat + diversify: T=1178.0, value=50216.0
    [iter 299472] reheat + diversify: T=1178.0, value=64958.0
    [iter 305225] reheat + diversify: T=1178.0, value=64978.0
    [iter 310978] reheat + diversify: T=1178.0, value=38114.0
    [iter 316731] reheat + diversify: T=1178.0, value=49171.0
    [iter 322484] reheat + diversify: T=1178.0, value=38114.0
    [iter 328237] reheat + diversify: T=1178.0, value=72463.0
    [iter 333990] reheat + diversify: T=1178.0, value=48183.0
    [iter 339743] reheat + diversify: T=1178.0, value=40697.0
    [iter 345496] reheat + diversify: T=1178.0, value=56657.0
    [iter 351249] reheat + diversify: T=1178.0, value=49721.0
    [iter 357002] reheat + diversify: T=1178.0, value=77707.0
    [iter 362755] reheat + diversify: T=1178.0, value=45466.0
    [iter 368508] reheat + diversify: T=1178.0, value=54965.0
    [iter 374261] reheat + diversify: T=1178.0, value=74971.0
    [iter 380014] reheat + diversify: T=1178.0, value=42217.0
    [iter 385767] reheat + diversify: T=1178.0, value=42711.0
    [iter 391520] reheat + diversify: T=1178.0, value=64978.0
    [iter 397273] reheat + diversify: T=1178.0, value=62451.0
    [iter 403026] reheat + diversify: T=1178.0, value=68683.0
    [iter 408779] reheat + diversify: T=1178.0, value=58746.0
    [iter 414532] reheat + diversify: T=1178.0, value=54965.0
    [iter 420285] reheat + diversify: T=1178.0, value=67714.0
    [iter 426038] reheat + diversify: T=1178.0, value=70222.0
    [iter 431791] reheat + diversify: T=1178.0, value=34884.0
    [iter 437544] reheat + diversify: T=1178.0, value=48658.0
    [iter 443297] reheat + diversify: T=1178.0, value=79246.0
    [iter 449050] reheat + diversify: T=1178.0, value=74002.0
    [iter 454803] reheat + diversify: T=1178.0, value=58196.0
    [iter 460556] reheat + diversify: T=1178.0, value=47138.0
    [iter 466309] reheat + diversify: T=1178.0, value=48677.0
    [iter 472062] reheat + diversify: T=1178.0, value=64958.0
    [iter 477815] reheat + diversify: T=1178.0, value=77707.0
    [iter 483568] reheat + diversify: T=1178.0, value=48677.0
    [iter 489321] reheat + diversify: T=1178.0, value=76016.0
    [iter 495074] reheat + diversify: T=1178.0, value=49721.0
    [iter 500827] reheat + diversify: T=1178.0, value=94008.0
    [iter 506580] reheat + diversify: T=1178.0, value=48677.0
    [iter 512333] reheat + diversify: T=1178.0, value=50216.0
    [iter 518086] reheat + diversify: T=1178.0, value=69727.0
    [iter 523839] reheat + diversify: T=1178.0, value=85534.0
    [iter 529592] reheat + diversify: T=1178.0, value=74002.0
    [iter 535345] reheat + diversify: T=1178.0, value=37467.0
    [iter 541098] reheat + diversify: T=1178.0, value=47138.0
    [iter 546851] reheat + diversify: T=1178.0, value=76738.0
    [iter 552604] reheat + diversify: T=1178.0, value=74002.0
    [iter 558357] reheat + diversify: T=1178.0, value=35929.0
    [iter 564110] reheat + diversify: T=1178.0, value=50216.0
    [iter 569863] reheat + diversify: T=1178.0, value=59240.0
    [iter 575616] reheat + diversify: T=1178.0, value=55459.0
    [iter 581369] reheat + diversify: T=1178.0, value=42217.0
    [iter 587122] reheat + diversify: T=1178.0, value=68208.0
    [iter 592875] reheat + diversify: T=1178.0, value=48677.0
    [iter 598628] reheat + diversify: T=1178.0, value=51413.0
    [iter 604381] reheat + diversify: T=1178.0, value=74002.0
    [iter 610134] reheat + diversify: T=1178.0, value=61748.0
    [iter 615887] reheat + diversify: T=1178.0, value=79246.0
    [iter 621640] reheat + diversify: T=1178.0, value=82304.0
    [iter 627393] reheat + diversify: T=1178.0, value=72463.0
    [iter 633146] reheat + diversify: T=1178.0, value=52382.0
    [iter 638899] reheat + diversify: T=1178.0, value=52952.0
    [iter 644652] reheat + diversify: T=1178.0, value=65034.0
    [iter 650405] reheat + diversify: T=1178.0, value=64958.0
    [iter 656158] reheat + diversify: T=1178.0, value=88270.0
    [iter 661911] reheat + diversify: T=1178.0, value=75694.0
    [iter 667664] reheat + diversify: T=1178.0, value=56998.0
    [iter 673417] reheat + diversify: T=1178.0, value=28443.0
    [iter 679170] reheat + diversify: T=1178.0, value=52952.0
    [iter 684923] reheat + diversify: T=1178.0, value=35948.0
    [iter 690676] reheat + diversify: T=1178.0, value=49722.0
    [iter 696429] reheat + diversify: T=1178.0, value=62945.0
    [iter 702182] reheat + diversify: T=1178.0, value=42711.0
    [iter 707935] reheat + diversify: T=1178.0, value=49171.0
    [iter 713688] reheat + diversify: T=1178.0, value=51260.0
    [iter 719441] reheat + diversify: T=1178.0, value=58195.0
    [iter 725194] reheat + diversify: T=1178.0, value=64978.0
    [iter 730947] reheat + diversify: T=1178.0, value=72463.0
    [iter 736700] reheat + diversify: T=1178.0, value=46986.0
    [iter 742453] reheat + diversify: T=1178.0, value=54965.0
    [iter 748206] reheat + diversify: T=1178.0, value=69727.0
    [iter 753959] reheat + diversify: T=1178.0, value=94008.0
    [iter 759712] reheat + diversify: T=1178.0, value=56503.0
    [iter 765465] reheat + diversify: T=1178.0, value=74002.0
    [iter 771218] reheat + diversify: T=1178.0, value=57701.0
    [iter 776971] reheat + diversify: T=1178.0, value=96250.0
    [iter 782724] reheat + diversify: T=1178.0, value=72958.0
    [iter 788477] reheat + diversify: T=1178.0, value=79740.0
    [iter 794230] reheat + diversify: T=1178.0, value=63990.0
    [iter 799983] reheat + diversify: T=1178.0, value=41666.0
    [iter 805736] reheat + diversify: T=1178.0, value=70222.0
    [iter 811489] reheat + diversify: T=1178.0, value=39158.0
    [iter 817242] reheat + diversify: T=1178.0, value=47633.0
    [iter 822995] reheat + diversify: T=1178.0, value=70450.0
    [iter 828748] reheat + diversify: T=1178.0, value=79246.0
    [iter 834501] reheat + diversify: T=1178.0, value=58690.0
    [iter 840254] reheat + diversify: T=1178.0, value=74155.0
    [iter 846007] reheat + diversify: T=1178.0, value=58195.0
    [iter 851760] reheat + diversify: T=1178.0, value=50215.0
    [iter 857513] reheat + diversify: T=1178.0, value=68683.0
    [iter 863266] reheat + diversify: T=1178.0, value=79246.0
    [iter 869019] reheat + diversify: T=1178.0, value=88270.0
    [iter 874772] reheat + diversify: T=1178.0, value=76738.0
    [iter 880525] reheat + diversify: T=1178.0, value=72958.0
    [iter 886278] reheat + diversify: T=1178.0, value=90778.0
    [iter 892031] reheat + diversify: T=1178.0, value=45447.0
    [iter 897784] reheat + diversify: T=1178.0, value=96744.0
    [iter 903537] reheat + diversify: T=1178.0, value=42236.0
    [iter 909290] reheat + diversify: T=1178.0, value=43205.0
    [iter 915043] reheat + diversify: T=1178.0, value=88764.0
    [iter 920796] reheat + diversify: T=1178.0, value=71266.0
    [iter 926549] reheat + diversify: T=1178.0, value=61426.0
    [iter 932302] reheat + diversify: T=1178.0, value=50216.0
    [iter 938055] reheat + diversify: T=1178.0, value=79246.0
    [iter 943808] reheat + diversify: T=1178.0, value=69727.0
    [iter 949561] reheat + diversify: T=1178.0, value=35929.0
    [iter 955314] reheat + diversify: T=1178.0, value=79246.0
    [iter 961067] reheat + diversify: T=1178.0, value=63439.0
    [iter 966820] reheat + diversify: T=1178.0, value=57151.0
    [iter 972573] reheat + diversify: T=1178.0, value=46664.0
    [iter 978326] reheat + diversify: T=1178.0, value=38114.0
    [iter 984079] reheat + diversify: T=1178.0, value=70222.0
    [iter 989832] reheat + diversify: T=1178.0, value=62945.0
    [iter 995585] reheat + diversify: T=1178.0, value=77707.0
    [iter 1001338] reheat + diversify: T=1178.0, value=72958.0
    [iter 1007091] reheat + diversify: T=1178.0, value=45447.0
    [iter 1012844] reheat + diversify: T=1178.0, value=42711.0
    [iter 1018597] reheat + diversify: T=1178.0, value=61253.0
    [iter 1024350] reheat + diversify: T=1178.0, value=43908.0
    [iter 1030103] reheat + diversify: T=1178.0, value=54965.0
    [iter 1035856] reheat + diversify: T=1178.0, value=56676.0
    [iter 1041609] reheat + diversify: T=1178.0, value=71266.0
    [iter 1047362] reheat + diversify: T=1178.0, value=55459.0
    [iter 1053115] reheat + diversify: T=1178.0, value=34409.0
    [iter 1058868] reheat + diversify: T=1178.0, value=44402.0
    [iter 1064621] reheat + diversify: T=1178.0, value=49721.0
    [iter 1070374] reheat + diversify: T=1178.0, value=72958.0
    [iter 1076127] reheat + diversify: T=1178.0, value=50690.0
    [iter 1081880] reheat + diversify: T=1178.0, value=52952.0
    [iter 1087633] reheat + diversify: T=1178.0, value=62945.0
    [iter 1093386] reheat + diversify: T=1178.0, value=55460.0
    [iter 1099139] reheat + diversify: T=1178.0, value=64978.0
    [iter 1104892] reheat + diversify: T=1178.0, value=59715.0
    [iter 1110645] reheat + diversify: T=1178.0, value=77232.0
    [iter 1116398] reheat + diversify: T=1178.0, value=53921.0
    [iter 1122151] reheat + diversify: T=1178.0, value=64484.0
    [iter 1127904] reheat + diversify: T=1178.0, value=40697.0
    [iter 1133657] reheat + diversify: T=1178.0, value=81963.0
    [iter 1139410] reheat + diversify: T=1178.0, value=59240.0
    [iter 1145163] reheat + diversify: T=1178.0, value=85534.0
    [iter 1150916] reheat + diversify: T=1178.0, value=53921.0
    [iter 1156669] reheat + diversify: T=1178.0, value=45447.0
    [iter 1162422] reheat + diversify: T=1178.0, value=72463.0
    [iter 1168175] reheat + diversify: T=1178.0, value=80443.0
    [iter 1173928] reheat + diversify: T=1178.0, value=59240.0
    [iter 1179681] reheat + diversify: T=1178.0, value=84718.0
    [iter 1185434] reheat + diversify: T=1178.0, value=44897.0
    [iter 1191187] reheat + diversify: T=1178.0, value=51260.0
    [iter 1196940] reheat + diversify: T=1178.0, value=69233.0
    [iter 1202693] reheat + diversify: T=1178.0, value=45447.0
    [iter 1208446] reheat + diversify: T=1178.0, value=52952.0
    [iter 1214199] reheat + diversify: T=1178.0, value=54471.0
    [iter 1219952] reheat + diversify: T=1178.0, value=45466.0
    [iter 1225705] reheat + diversify: T=1178.0, value=60913.0
    [iter 1231458] reheat + diversify: T=1178.0, value=85212.0
    [iter 1237211] reheat + diversify: T=1178.0, value=71419.0
    [iter 1242964] reheat + diversify: T=1178.0, value=54471.0
    [iter 1248717] reheat + diversify: T=1178.0, value=48183.0
    [iter 1254470] reheat + diversify: T=1178.0, value=55934.0
    [iter 1260223] reheat + diversify: T=1178.0, value=57701.0
    [iter 1265976] reheat + diversify: T=1178.0, value=44402.0
    [iter 1271729] reheat + diversify: T=1178.0, value=60703.0
    [iter 1277482] reheat + diversify: T=1178.0, value=74002.0
    [iter 1283235] reheat + diversify: T=1178.0, value=69727.0
    [iter 1288988] reheat + diversify: T=1178.0, value=41172.0
    [iter 1294741] reheat + diversify: T=1178.0, value=76188.0
    [iter 1300494] reheat + diversify: T=1178.0, value=54965.0
    [iter 1306247] reheat + diversify: T=1178.0, value=34409.0
    [iter 1312000] reheat + diversify: T=1178.0, value=43699.0
    [iter 1317753] reheat + diversify: T=1178.0, value=62945.0
    [iter 1323506] reheat + diversify: T=1178.0, value=53921.0
    [iter 1329259] reheat + diversify: T=1178.0, value=56998.0
    [iter 1335012] reheat + diversify: T=1178.0, value=45941.0
    [iter 1340765] reheat + diversify: T=1178.0, value=62945.0
    [iter 1346518] reheat + diversify: T=1178.0, value=61920.0
    [iter 1352271] reheat + diversify: T=1178.0, value=41191.0
    [iter 1358024] reheat + diversify: T=1178.0, value=55459.0
    [iter 1363777] reheat + diversify: T=1178.0, value=51754.0
    [iter 1369530] reheat + diversify: T=1178.0, value=44402.0
    [iter 1375283] reheat + diversify: T=1178.0, value=32167.0
    [iter 1381036] reheat + diversify: T=1178.0, value=44402.0
    [iter 1386789] reheat + diversify: T=1178.0, value=45447.0
    [iter 1392542] reheat + diversify: T=1178.0, value=55934.0
    [iter 1398295] reheat + diversify: T=1178.0, value=53427.0
    [iter 1404048] reheat + diversify: T=1178.0, value=77707.0
    [iter 1409801] reheat + diversify: T=1178.0, value=77707.0
    [iter 1415554] reheat + diversify: T=1178.0, value=88270.0
    [iter 1421307] reheat + diversify: T=1178.0, value=73508.0
    [iter 1427060] reheat + diversify: T=1178.0, value=44402.0
    [iter 1432813] reheat + diversify: T=1178.0, value=50710.0
    [iter 1438566] reheat + diversify: T=1178.0, value=67714.0
    [iter 1444319] reheat + diversify: T=1178.0, value=55460.0
    [iter 1450072] reheat + diversify: T=1178.0, value=66670.0
    [iter 1455825] reheat + diversify: T=1178.0, value=45941.0
    [iter 1461578] reheat + diversify: T=1178.0, value=54965.0
    [iter 1467331] reheat + diversify: T=1178.0, value=55954.0
    [iter 1473084] reheat + diversify: T=1178.0, value=77707.0
    [iter 1478837] reheat + diversify: T=1178.0, value=53921.0
    [iter 1484590] reheat + diversify: T=1178.0, value=74971.0
    [iter 1490343] reheat + diversify: T=1178.0, value=58746.0
    [iter 1496096] reheat + diversify: T=1178.0, value=79246.0
    [iter 1501849] reheat + diversify: T=1178.0, value=65947.0
    [iter 1507602] reheat + diversify: T=1178.0, value=56657.0
    [iter 1513355] reheat + diversify: T=1178.0, value=45941.0
    [iter 1519108] reheat + diversify: T=1178.0, value=46491.0
    [iter 1524861] reheat + diversify: T=1178.0, value=77707.0
    [iter 1530614] reheat + diversify: T=1178.0, value=30609.0
    [iter 1536367] reheat + diversify: T=1178.0, value=64978.0
    [iter 1542120] reheat + diversify: T=1178.0, value=63439.0
    [iter 1547873] reheat + diversify: T=1178.0, value=82476.0
    [iter 1553626] reheat + diversify: T=1178.0, value=57151.0
    [iter 1559379] reheat + diversify: T=1178.0, value=45447.0
    [iter 1565132] reheat + diversify: T=1178.0, value=48677.0
    [iter 1570885] reheat + diversify: T=1178.0, value=62945.0
    [iter 1576638] reheat + diversify: T=1178.0, value=68683.0
    [iter 1582391] reheat + diversify: T=1178.0, value=64978.0
    [iter 1588144] reheat + diversify: T=1178.0, value=42236.0
    [iter 1593897] reheat + diversify: T=1178.0, value=72958.0
    [iter 1599650] reheat + diversify: T=1178.0, value=45447.0
    [iter 1605403] reheat + diversify: T=1178.0, value=81259.0
    [iter 1611156] reheat + diversify: T=1178.0, value=79246.0
    [iter 1616909] reheat + diversify: T=1178.0, value=53921.0
    [iter 1622662] reheat + diversify: T=1178.0, value=54415.0
    [iter 1628415] reheat + diversify: T=1178.0, value=45922.0
    [iter 1634168] reheat + diversify: T=1178.0, value=72463.0
    [iter 1639921] reheat + diversify: T=1178.0, value=45466.0
    [iter 1645674] reheat + diversify: T=1178.0, value=49171.0
    [iter 1651427] reheat + diversify: T=1178.0, value=67714.0
    [iter 1657180] reheat + diversify: T=1178.0, value=44897.0
    [iter 1662933] reheat + diversify: T=1178.0, value=43433.0
    [iter 1668686] reheat + diversify: T=1178.0, value=75694.0
    [iter 1674439] reheat + diversify: T=1178.0, value=72958.0
    [iter 1680192] reheat + diversify: T=1178.0, value=47138.0
    [iter 1685945] reheat + diversify: T=1178.0, value=76510.0
    [iter 1691698] reheat + diversify: T=1178.0, value=45941.0
    [iter 1697451] reheat + diversify: T=1178.0, value=66516.0
    [iter 1703204] reheat + diversify: T=1178.0, value=71266.0
    [iter 1708957] reheat + diversify: T=1178.0, value=41191.0
    [iter 1714710] reheat + diversify: T=1178.0, value=53921.0
    [iter 1720463] reheat + diversify: T=1178.0, value=39159.0
    [iter 1726216] reheat + diversify: T=1178.0, value=59887.0
    [iter 1731969] reheat + diversify: T=1178.0, value=74971.0
    [iter 1737722] reheat + diversify: T=1178.0, value=54965.0
    [iter 1743475] reheat + diversify: T=1178.0, value=44897.0
    [iter 1749228] reheat + diversify: T=1178.0, value=61748.0
    [iter 1754981] reheat + diversify: T=1178.0, value=78411.0
    [iter 1760734] reheat + diversify: T=1178.0, value=39159.0
    [iter 1766487] reheat + diversify: T=1178.0, value=50710.0
    [iter 1772240] reheat + diversify: T=1178.0, value=59734.0
    [iter 1777993] reheat + diversify: T=1178.0, value=55459.0
    [iter 1783746] reheat + diversify: T=1178.0, value=74155.0
    [iter 1789499] reheat + diversify: T=1178.0, value=63439.0
    [iter 1795252] reheat + diversify: T=1178.0, value=68683.0
    [iter 1801005] reheat + diversify: T=1178.0, value=74002.0
    [iter 1806758] reheat + diversify: T=1178.0, value=63439.0
    [iter 1812511] reheat + diversify: T=1178.0, value=54965.0
    [iter 1818264] reheat + diversify: T=1178.0, value=51907.0
    [iter 1824017] reheat + diversify: T=1178.0, value=63439.0
    [iter 1829770] reheat + diversify: T=1178.0, value=45447.0
    [iter 1835523] reheat + diversify: T=1178.0, value=45447.0
    [iter 1841276] reheat + diversify: T=1178.0, value=45447.0
    [iter 1847029] reheat + diversify: T=1178.0, value=63439.0
    [iter 1852782] reheat + diversify: T=1178.0, value=51907.0
    [iter 1858535] reheat + diversify: T=1178.0, value=45447.0
    [iter 1864288] reheat + diversify: T=1178.0, value=53921.0
    [iter 1870041] reheat + diversify: T=1178.0, value=54490.0
    [iter 1875794] reheat + diversify: T=1178.0, value=85534.0
    [iter 1881547] reheat + diversify: T=1178.0, value=82304.0
    [iter 1887300] reheat + diversify: T=1178.0, value=74971.0
    [iter 1893053] reheat + diversify: T=1178.0, value=51735.0
    [iter 1898806] reheat + diversify: T=1178.0, value=63439.0
    [iter 1904559] reheat + diversify: T=1178.0, value=60703.0
    [iter 1910312] reheat + diversify: T=1178.0, value=32642.0
    [iter 1916065] reheat + diversify: T=1178.0, value=32642.0
    [iter 1921818] reheat + diversify: T=1178.0, value=50710.0
    [iter 1927571] reheat + diversify: T=1178.0, value=83995.0
    [iter 1933324] reheat + diversify: T=1178.0, value=71266.0
    [iter 1939077] reheat + diversify: T=1178.0, value=41666.0
    [iter 1944830] reheat + diversify: T=1178.0, value=75694.0
    [iter 1950583] reheat + diversify: T=1178.0, value=63989.0
    [iter 1956336] reheat + diversify: T=1178.0, value=67714.0
    [iter 1962089] reheat + diversify: T=1178.0, value=79246.0
    [iter 1967842] reheat + diversify: T=1178.0, value=48677.0
    [iter 1973595] reheat + diversify: T=1178.0, value=42236.0
    [iter 1979348] reheat + diversify: T=1178.0, value=88270.0
    [iter 1985101] reheat + diversify: T=1178.0, value=42217.0
    [iter 1990854] reheat + diversify: T=1178.0, value=58195.0
    [iter 1996607] reheat + diversify: T=1178.0, value=62242.0
    [iter 2002360] reheat + diversify: T=1178.0, value=60703.0
    [iter 2008113] reheat + diversify: T=1178.0, value=72463.0
    [iter 2013866] reheat + diversify: T=1178.0, value=62792.0
    [iter 2019619] reheat + diversify: T=1178.0, value=74002.0
    [iter 2025372] reheat + diversify: T=1178.0, value=49171.0
    [iter 2031125] reheat + diversify: T=1178.0, value=50710.0
    [iter 2036878] reheat + diversify: T=1178.0, value=62945.0
    [iter 2042631] reheat + diversify: T=1178.0, value=42236.0
    [iter 2048384] reheat + diversify: T=1178.0, value=49722.0
    [iter 2054137] reheat + diversify: T=1178.0, value=58195.0
    [iter 2059890] reheat + diversify: T=1178.0, value=51907.0
    [iter 2065643] reheat + diversify: T=1178.0, value=85212.0
    [iter 2071396] reheat + diversify: T=1178.0, value=81259.0
    [iter 2077149] reheat + diversify: T=1178.0, value=44402.0
    [iter 2082902] reheat + diversify: T=1178.0, value=35929.0
    [iter 2088655] reheat + diversify: T=1178.0, value=41666.0
    [iter 2094408] reheat + diversify: T=1178.0, value=63439.0
    [iter 2100161] reheat + diversify: T=1178.0, value=83026.0
    [iter 2105914] reheat + diversify: T=1178.0, value=40697.0
    [iter 2111667] reheat + diversify: T=1178.0, value=64978.0
    [iter 2117420] reheat + diversify: T=1178.0, value=48677.0
    [iter 2123173] reheat + diversify: T=1178.0, value=45941.0
    [iter 2128926] reheat + diversify: T=1178.0, value=71419.0
    [iter 2134679] reheat + diversify: T=1178.0, value=74002.0
    [iter 2140432] reheat + diversify: T=1178.0, value=64959.0
    [iter 2146185] reheat + diversify: T=1178.0, value=35910.0
    [iter 2151938] reheat + diversify: T=1178.0, value=73508.0
    [iter 2157691] reheat + diversify: T=1178.0, value=59734.0
    [iter 2163444] reheat + diversify: T=1178.0, value=72958.0
    [iter 2169197] reheat + diversify: T=1178.0, value=42389.0
    [iter 2174950] reheat + diversify: T=1178.0, value=60703.0
    [iter 2180703] reheat + diversify: T=1178.0, value=40697.0
    [iter 2186456] reheat + diversify: T=1178.0, value=88764.0
    [iter 2192209] reheat + diversify: T=1178.0, value=66175.0
    [iter 2197962] reheat + diversify: T=1178.0, value=48677.0
    [iter 2203715] reheat + diversify: T=1178.0, value=53921.0
    [iter 2209468] reheat + diversify: T=1178.0, value=52382.0
    [iter 2215221] reheat + diversify: T=1178.0, value=63439.0
    [iter 2220974] reheat + diversify: T=1178.0, value=45941.0
    [iter 2226727] reheat + diversify: T=1178.0, value=73508.0
    [iter 2232480] reheat + diversify: T=1178.0, value=44972.0
    [iter 2238233] reheat + diversify: T=1178.0, value=94008.0
    [iter 2243986] reheat + diversify: T=1178.0, value=74971.0
    [iter 2249739] reheat + diversify: T=1178.0, value=91500.0
    [iter 2255492] reheat + diversify: T=1178.0, value=39653.0
    [iter 2261245] reheat + diversify: T=1178.0, value=45941.0
    [iter 2266998] reheat + diversify: T=1178.0, value=79246.0
    [iter 2272751] reheat + diversify: T=1178.0, value=42730.0
    [iter 2278504] reheat + diversify: T=1178.0, value=45447.0
    [iter 2284257] reheat + diversify: T=1178.0, value=76244.0
    [iter 2290010] reheat + diversify: T=1178.0, value=56163.0
    [iter 2295763] reheat + diversify: T=1178.0, value=55459.0
    [iter 2301516] reheat + diversify: T=1178.0, value=54965.0
    [iter 2307269] reheat + diversify: T=1178.0, value=74971.0
    [iter 2313022] reheat + diversify: T=1178.0, value=48677.0
    [iter 2318775] reheat + diversify: T=1178.0, value=64978.0
    [iter 2324528] reheat + diversify: T=1178.0, value=55459.0
    [iter 2330281] reheat + diversify: T=1178.0, value=44402.0
    [iter 2336034] reheat + diversify: T=1178.0, value=68683.0
    [iter 2341787] reheat + diversify: T=1178.0, value=45447.0
    [iter 2347540] reheat + diversify: T=1178.0, value=71419.0
    [iter 2353293] reheat + diversify: T=1178.0, value=45447.0
    [iter 2359046] reheat + diversify: T=1178.0, value=56504.0
    [iter 2364799] reheat + diversify: T=1178.0, value=62945.0
    [iter 2370552] reheat + diversify: T=1178.0, value=90456.0
    [iter 2376305] reheat + diversify: T=1178.0, value=59240.0
    [iter 2382058] reheat + diversify: T=1178.0, value=48677.0
    [iter 2387811] reheat + diversify: T=1178.0, value=79246.0
    [iter 2393564] reheat + diversify: T=1178.0, value=82476.0
    [iter 2399317] reheat + diversify: T=1178.0, value=70222.0
    [iter 2405070] reheat + diversify: T=1178.0, value=72958.0
    [iter 2410823] reheat + diversify: T=1178.0, value=54965.0
    [iter 2416576] reheat + diversify: T=1178.0, value=54965.0
    [iter 2422329] reheat + diversify: T=1178.0, value=72463.0
    [iter 2428082] reheat + diversify: T=1178.0, value=42217.0
    [iter 2433835] reheat + diversify: T=1178.0, value=79246.0
    [iter 2439588] reheat + diversify: T=1178.0, value=43358.0
    [iter 2445341] reheat + diversify: T=1178.0, value=54471.0
    [iter 2451094] reheat + diversify: T=1178.0, value=51754.0
    [iter 2456847] reheat + diversify: T=1178.0, value=62945.0
    [iter 2462600] reheat + diversify: T=1178.0, value=40697.0
    [iter 2468353] reheat + diversify: T=1178.0, value=45941.0
    [iter 2474106] reheat + diversify: T=1178.0, value=101988.0
    [iter 2479859] reheat + diversify: T=1178.0, value=56998.0
    [iter 2485612] reheat + diversify: T=1178.0, value=53427.0
    [iter 2491365] reheat + diversify: T=1178.0, value=60703.0
    [iter 2497118] reheat + diversify: T=1178.0, value=78048.0
    [iter 2502871] reheat + diversify: T=1178.0, value=47479.0
    [iter 2508624] reheat + diversify: T=1178.0, value=46986.0
    [iter 2514377] reheat + diversify: T=1178.0, value=64484.0
    [iter 2520130] reheat + diversify: T=1178.0, value=55459.0
    [iter 2525883] reheat + diversify: T=1178.0, value=44402.0
    [iter 2531636] reheat + diversify: T=1178.0, value=54415.0
    [iter 2537389] reheat + diversify: T=1178.0, value=79246.0
    [iter 2543142] reheat + diversify: T=1178.0, value=55460.0
    [iter 2548895] reheat + diversify: T=1178.0, value=54965.0
    [iter 2554648] reheat + diversify: T=1178.0, value=63439.0
    [iter 2560401] reheat + diversify: T=1178.0, value=37961.0
    [iter 2566154] reheat + diversify: T=1178.0, value=49721.0
    [iter 2571907] reheat + diversify: T=1178.0, value=55954.0
    [iter 2577660] reheat + diversify: T=1178.0, value=46910.0
    [iter 2583413] reheat + diversify: T=1178.0, value=48524.0
    [iter 2589166] reheat + diversify: T=1178.0, value=40697.0
    [iter 2594919] reheat + diversify: T=1178.0, value=68264.0
    [iter 2600672] reheat + diversify: T=1178.0, value=42236.0
    [iter 2606425] reheat + diversify: T=1178.0, value=67467.0
    [iter 2612178] reheat + diversify: T=1178.0, value=35435.0
    [iter 2617931] reheat + diversify: T=1178.0, value=68683.0
    [iter 2623684] reheat + diversify: T=1178.0, value=45941.0
    [iter 2629437] reheat + diversify: T=1178.0, value=69727.0
    [iter 2635190] reheat + diversify: T=1178.0, value=48658.0
    [iter 2640943] reheat + diversify: T=1178.0, value=61406.0
    [iter 2646696] reheat + diversify: T=1178.0, value=63439.0
    [iter 2652449] reheat + diversify: T=1178.0, value=40697.0
    [iter 2658202] reheat + diversify: T=1178.0, value=43928.0
    [iter 2663955] reheat + diversify: T=1178.0, value=56504.0
    [iter 2669708] reheat + diversify: T=1178.0, value=57151.0
    [iter 2675461] reheat + diversify: T=1178.0, value=35929.0
    [iter 2681214] reheat + diversify: T=1178.0, value=38684.0
    [iter 2686967] reheat + diversify: T=1178.0, value=61748.0
    [iter 2692720] reheat + diversify: T=1178.0, value=74002.0
    [iter 2698473] reheat + diversify: T=1178.0, value=44897.0
    [iter 2704226] reheat + diversify: T=1178.0, value=60703.0
    [iter 2709979] reheat + diversify: T=1178.0, value=48677.0
    [iter 2715732] reheat + diversify: T=1178.0, value=31673.0
    [iter 2721485] reheat + diversify: T=1178.0, value=48677.0
    [iter 2727238] reheat + diversify: T=1178.0, value=55460.0
    [iter 2732991] reheat + diversify: T=1178.0, value=59221.0
    [iter 2738744] reheat + diversify: T=1178.0, value=88270.0
    [iter 2744497] reheat + diversify: T=1178.0, value=44897.0
    [iter 2750250] reheat + diversify: T=1178.0, value=41686.0
    [iter 2756003] reheat + diversify: T=1178.0, value=55459.0
    [iter 2761756] reheat + diversify: T=1178.0, value=66175.0
    [iter 2767509] reheat + diversify: T=1178.0, value=59240.0
    [iter 2773262] reheat + diversify: T=1178.0, value=79796.0
    [iter 2779015] reheat + diversify: T=1178.0, value=34903.0
    [iter 2784768] reheat + diversify: T=1178.0, value=58196.0
    [iter 2790521] reheat + diversify: T=1178.0, value=85534.0
    [iter 2796274] reheat + diversify: T=1178.0, value=66991.0
    [iter 2802027] reheat + diversify: T=1178.0, value=87720.0
    [iter 2807780] reheat + diversify: T=1178.0, value=76738.0
    [iter 2813533] reheat + diversify: T=1178.0, value=57151.0
    [iter 2819286] reheat + diversify: T=1178.0, value=49722.0
    [iter 2825039] reheat + diversify: T=1178.0, value=37620.0
    [iter 2830792] reheat + diversify: T=1178.0, value=56010.0
    [iter 2836545] reheat + diversify: T=1178.0, value=36917.0
    [iter 2842298] reheat + diversify: T=1178.0, value=63439.0
    [iter 2848051] reheat + diversify: T=1178.0, value=45447.0
    [iter 2853804] reheat + diversify: T=1178.0, value=64978.0
    [iter 2859557] reheat + diversify: T=1178.0, value=56504.0
    [iter 2865310] reheat + diversify: T=1178.0, value=59240.0
    [iter 2871063] reheat + diversify: T=1178.0, value=60703.0
    [iter 2876816] reheat + diversify: T=1178.0, value=72958.0
    [iter 2882569] reheat + diversify: T=1178.0, value=61976.0
    [iter 2888322] reheat + diversify: T=1178.0, value=77232.0
    [iter 2894075] reheat + diversify: T=1178.0, value=58195.0
    [iter 2899828] reheat + diversify: T=1178.0, value=67714.0
    [iter 2905581] reheat + diversify: T=1178.0, value=40147.0
    [iter 2911334] reheat + diversify: T=1178.0, value=63439.0
    [iter 2917087] reheat + diversify: T=1178.0, value=77707.0
    [iter 2922840] reheat + diversify: T=1178.0, value=54471.0
    [iter 2928593] reheat + diversify: T=1178.0, value=45941.0
    [iter 2934346] reheat + diversify: T=1178.0, value=32870.0
    [iter 2940099] reheat + diversify: T=1178.0, value=51907.0
    [iter 2945852] reheat + diversify: T=1178.0, value=58690.0
    [iter 2951605] reheat + diversify: T=1178.0, value=67714.0
    [iter 2957358] reheat + diversify: T=1178.0, value=52382.0
    [iter 2963111] reheat + diversify: T=1178.0, value=37961.0
    [iter 2968864] reheat + diversify: T=1178.0, value=60703.0
    [iter 2974617] reheat + diversify: T=1178.0, value=54965.0
    [iter 2980370] reheat + diversify: T=1178.0, value=74971.0
    [iter 2986123] reheat + diversify: T=1178.0, value=80784.0
    [iter 2991876] reheat + diversify: T=1178.0, value=55460.0
    [iter 2997629] reheat + diversify: T=1178.0, value=42883.0
    [iter 3003382] reheat + diversify: T=1178.0, value=79246.0
    [iter 3009135] reheat + diversify: T=1178.0, value=43908.0
    [iter 3014888] reheat + diversify: T=1178.0, value=62451.0
    [iter 3020641] reheat + diversify: T=1178.0, value=46967.0
    [iter 3026394] reheat + diversify: T=1178.0, value=57151.0
    [iter 3032147] reheat + diversify: T=1178.0, value=47138.0
    [iter 3037900] reheat + diversify: T=1178.0, value=75694.0
    [iter 3043653] reheat + diversify: T=1178.0, value=57151.0
    [iter 3049406] reheat + diversify: T=1178.0, value=64978.0
    [iter 3055159] reheat + diversify: T=1178.0, value=82476.0
    [iter 3060912] reheat + diversify: T=1178.0, value=50216.0
    [iter 3066665] reheat + diversify: T=1178.0, value=44402.0
    [iter 3072418] reheat + diversify: T=1178.0, value=53446.0
    [iter 3078171] reheat + diversify: T=1178.0, value=48677.0
    [iter 3083924] reheat + diversify: T=1178.0, value=59240.0
    [iter 3089677] reheat + diversify: T=1178.0, value=67220.0
    [iter 3095430] reheat + diversify: T=1178.0, value=60703.0
    [iter 3101183] reheat + diversify: T=1178.0, value=90456.0
    [iter 3106936] reheat + diversify: T=1178.0, value=62451.0
    [iter 3112689] reheat + diversify: T=1178.0, value=88270.0
    [iter 3118442] reheat + diversify: T=1178.0, value=64978.0
    [iter 3124195] reheat + diversify: T=1178.0, value=34903.0
    [iter 3129948] reheat + diversify: T=1178.0, value=76738.0
    [iter 3135701] reheat + diversify: T=1178.0, value=79246.0
    [iter 3141454] reheat + diversify: T=1178.0, value=79246.0
    [iter 3147207] reheat + diversify: T=1178.0, value=70772.0
    [iter 3152960] reheat + diversify: T=1178.0, value=81982.0
    [iter 3158713] reheat + diversify: T=1178.0, value=58670.0
    [iter 3164466] reheat + diversify: T=1178.0, value=46910.0
    [iter 3170219] reheat + diversify: T=1178.0, value=76188.0
    [iter 3175972] reheat + diversify: T=1178.0, value=79246.0
    [iter 3181725] reheat + diversify: T=1178.0, value=41666.0
    [iter 3187478] reheat + diversify: T=1178.0, value=55460.0
    [iter 3193231] reheat + diversify: T=1178.0, value=44897.0
    [iter 3198984] reheat + diversify: T=1178.0, value=76188.0
    [iter 3204737] reheat + diversify: T=1178.0, value=41172.0
    [iter 3210490] reheat + diversify: T=1178.0, value=84718.0
    [iter 3216243] reheat + diversify: T=1178.0, value=74002.0
    [iter 3221996] reheat + diversify: T=1178.0, value=49721.0
    [iter 3227749] reheat + diversify: T=1178.0, value=79246.0
    [iter 3233502] reheat + diversify: T=1178.0, value=59240.0
    [iter 3239255] reheat + diversify: T=1178.0, value=47974.0
    [iter 3245008] reheat + diversify: T=1178.0, value=59240.0
    [iter 3250761] reheat + diversify: T=1178.0, value=86731.0
    [iter 3256514] reheat + diversify: T=1178.0, value=77707.0
    [iter 3262267] reheat + diversify: T=1178.0, value=54965.0
    [iter 3268020] reheat + diversify: T=1178.0, value=54415.0
    [iter 3273773] reheat + diversify: T=1178.0, value=69727.0
    [iter 3279526] reheat + diversify: T=1178.0, value=90456.0
    [iter 3285279] reheat + diversify: T=1178.0, value=104724.0
    [iter 3291032] reheat + diversify: T=1178.0, value=68683.0
    [iter 3296785] reheat + diversify: T=1178.0, value=57701.0
    [iter 3302538] reheat + diversify: T=1178.0, value=63439.0
    [iter 3308291] reheat + diversify: T=1178.0, value=39159.0
    [iter 3314044] reheat + diversify: T=1178.0, value=52402.0
    [iter 3319797] reheat + diversify: T=1178.0, value=45447.0
    [iter 3325550] reheat + diversify: T=1178.0, value=68683.0
    [iter 3331303] reheat + diversify: T=1178.0, value=74971.0
    [iter 3337056] reheat + diversify: T=1178.0, value=45941.0
    [iter 3342809] reheat + diversify: T=1178.0, value=31673.0
    [iter 3348562] reheat + diversify: T=1178.0, value=55460.0
    [iter 3354315] reheat + diversify: T=1178.0, value=45447.0
    [iter 3360068] reheat + diversify: T=1178.0, value=55954.0
    [iter 3365821] reheat + diversify: T=1178.0, value=74971.0
    [iter 3371574] reheat + diversify: T=1178.0, value=71969.0
    [iter 3377327] reheat + diversify: T=1178.0, value=75694.0
    [iter 3383080] reheat + diversify: T=1178.0, value=45941.0
    [iter 3388833] reheat + diversify: T=1178.0, value=57151.0
    [iter 3394586] reheat + diversify: T=1178.0, value=54965.0
    [iter 3400339] reheat + diversify: T=1178.0, value=40697.0
    [iter 3406092] reheat + diversify: T=1178.0, value=73508.0
    [iter 3411845] reheat + diversify: T=1178.0, value=96744.0
    [iter 3417598] reheat + diversify: T=1178.0, value=90778.0
    [iter 3423351] reheat + diversify: T=1178.0, value=48677.0
    [iter 3429104] reheat + diversify: T=1178.0, value=53921.0
    [iter 3434857] reheat + diversify: T=1178.0, value=66003.0
    [iter 3440610] reheat + diversify: T=1178.0, value=57701.0
    [iter 3446363] reheat + diversify: T=1178.0, value=67714.0
    [iter 3452116] reheat + diversify: T=1178.0, value=62242.0
    [iter 3457869] reheat + diversify: T=1178.0, value=60703.0
    [iter 3463622] reheat + diversify: T=1178.0, value=54965.0
    [iter 3469375] reheat + diversify: T=1178.0, value=71266.0
    [iter 3475128] reheat + diversify: T=1178.0, value=45941.0
    [iter 3480881] reheat + diversify: T=1178.0, value=76510.0
    [iter 3486634] reheat + diversify: T=1178.0, value=45447.0
    [iter 3492387] reheat + diversify: T=1178.0, value=48677.0
    [iter 3498140] reheat + diversify: T=1178.0, value=69727.0
    [iter 3503893] reheat + diversify: T=1178.0, value=76016.0
    [iter 3509646] reheat + diversify: T=1178.0, value=88270.0
    [iter 3515399] reheat + diversify: T=1178.0, value=70772.0
    [iter 3521152] reheat + diversify: T=1178.0, value=85534.0
    [iter 3526905] reheat + diversify: T=1178.0, value=69727.0
    [iter 3532658] reheat + diversify: T=1178.0, value=44972.0
    [iter 3538411] reheat + diversify: T=1178.0, value=64484.0
  time limit reached at iteration 3542793
  SA finished: 3542793 iterations in 300.0s (11809 it/s), accepted 1494582 (42.2%), rejected 2048210, no-move draws 0, reheats 614
  SA: value 104724.0 (greedy 94236.0, +10488.0), bound 117499.8, gap 10.87%, util 77.2%
  report -> /home/mcaspar/3DMHKP/results_3DMHKP_ep3/ep3-20-F-C-50-3DMHKP-SA-a0.999-r0.25-t300s.txt

================================================================================================
SUMMARY
================================================================================================
instance      boxes  packed       greedy     SA value        bound      gap    util    iters    time
------------------------------------------------------------------------------------------------
ep3-20-F-C-50     20      11      94236.0     104724.0     117499.8   10.9%   77.2%  3542793  300.0s
------------------------------------------------------------------------------------------------
proven optimal (value reaches the upper bound): 0/1
improved over greedy: 1/1 (total value 94236.0 -> 104724.0, +11.13%)
mean gap to continuous-knapsack bound: 10.9%
mean volume utilization: 77.2%
