============================================================
  Solver:     3DMHKP-SA.py
  Instance:   /home/mcaspar/3DMHKP/Egeblad/ep3-20-C-C-50.txt
  Value mode: flat
  Timelimit:  300s
  Reports:    /home/mcaspar/3DMHKP/results_3DMHKP_ep3
  CPUs:       1
============================================================
======================================================================
3DMHKP Simulated Annealing (random single-neighbour, sequence decoder)
SA params: T0=5% of f(S_0), alpha=0.999, T_min=0.001, reheat_threshold=5753, reheat_fraction=0.25
Move weights: {'relocate': 0.0, 'swap': 1.0, '2opt': 0.0, 'promote': 1.5, 'demote': 1.5, 'orient': 1.0, 'container': 0.5}
Time limit: 300.0s per instance, seed 989421822
======================================================================

======================================================================
ep3-20-C-C-50: 20 boxes (5 types), 1 containers (1 types)
  continuous-knapsack bound: 126214.6
  initial (value-density) decode: value 56330.0 (10/20 boxes)
  T0 = 2816.5 (5% of the initial objective)
    [iter 8] *** NEW BEST: value 65308.0, boxes 11/20, T=2796.8, elapsed=0.0s
    [iter 5761] reheat + diversify: T=704.1, value=47576.0
    [iter 11514] reheat + diversify: T=704.1, value=51953.0
    [iter 17267] reheat + diversify: T=704.1, value=51953.0
    [iter 23020] reheat + diversify: T=704.1, value=65308.0
    [iter 28773] reheat + diversify: T=704.1, value=65308.0
    [iter 34526] reheat + diversify: T=704.1, value=65308.0
    [iter 40279] reheat + diversify: T=704.1, value=51953.0
    [iter 46032] reheat + diversify: T=704.1, value=65308.0
    [iter 51785] reheat + diversify: T=704.1, value=47576.0
    [iter 57538] reheat + diversify: T=704.1, value=52611.0
    [iter 63291] reheat + diversify: T=704.1, value=51953.0
    [iter 69044] reheat + diversify: T=704.1, value=51953.0
    [iter 74797] reheat + diversify: T=704.1, value=65308.0
    [iter 80550] reheat + diversify: T=704.1, value=52611.0
    [iter 86303] reheat + diversify: T=704.1, value=48234.0
    [iter 92056] reheat + diversify: T=704.1, value=65308.0
    [iter 97809] reheat + diversify: T=704.1, value=65308.0
    [iter 103562] reheat + diversify: T=704.1, value=65308.0
    [iter 109315] reheat + diversify: T=704.1, value=65308.0
    [iter 115068] reheat + diversify: T=704.1, value=48234.0
    [iter 120821] reheat + diversify: T=704.1, value=51953.0
    [iter 126574] reheat + diversify: T=704.1, value=65308.0
    [iter 132327] reheat + diversify: T=704.1, value=65308.0
    [iter 138080] reheat + diversify: T=704.1, value=48234.0
    [iter 143833] reheat + diversify: T=704.1, value=51953.0
    [iter 149586] reheat + diversify: T=704.1, value=65308.0
    [iter 155339] reheat + diversify: T=704.1, value=51953.0
    [iter 161092] reheat + diversify: T=704.1, value=51953.0
    [iter 166845] reheat + diversify: T=704.1, value=65308.0
    [iter 172598] reheat + diversify: T=704.1, value=51953.0
    [iter 178351] reheat + diversify: T=704.1, value=65308.0
    [iter 184104] reheat + diversify: T=704.1, value=65308.0
    [iter 189857] reheat + diversify: T=704.1, value=52611.0
    [iter 195610] reheat + diversify: T=704.1, value=52611.0
    [iter 201363] reheat + diversify: T=704.1, value=52611.0
    [iter 207116] reheat + diversify: T=704.1, value=65308.0
    [iter 212869] reheat + diversify: T=704.1, value=51953.0
    [iter 218622] reheat + diversify: T=704.1, value=48234.0
    [iter 224375] reheat + diversify: T=704.1, value=51953.0
    [iter 230128] reheat + diversify: T=704.1, value=65308.0
    [iter 235881] reheat + diversify: T=704.1, value=65308.0
    [iter 241634] reheat + diversify: T=704.1, value=65308.0
    [iter 247387] reheat + diversify: T=704.1, value=48234.0
    [iter 253140] reheat + diversify: T=704.1, value=65308.0
    [iter 258893] reheat + diversify: T=704.1, value=51953.0
    [iter 264646] reheat + diversify: T=704.1, value=51953.0
    [iter 270399] reheat + diversify: T=704.1, value=52611.0
    [iter 276152] reheat + diversify: T=704.1, value=65308.0
    [iter 281905] reheat + diversify: T=704.1, value=65308.0
    [iter 287658] reheat + diversify: T=704.1, value=52611.0
    [iter 293411] reheat + diversify: T=704.1, value=65308.0
    [iter 299164] reheat + diversify: T=704.1, value=65308.0
    [iter 304917] reheat + diversify: T=704.1, value=39914.0
    [iter 310670] reheat + diversify: T=704.1, value=65308.0
    [iter 316423] reheat + diversify: T=704.1, value=65308.0
    [iter 322176] reheat + diversify: T=704.1, value=52611.0
    [iter 327929] reheat + diversify: T=704.1, value=65308.0
    [iter 333682] reheat + diversify: T=704.1, value=65308.0
    [iter 339435] reheat + diversify: T=704.1, value=65308.0
    [iter 345188] reheat + diversify: T=704.1, value=48234.0
    [iter 350941] reheat + diversify: T=704.1, value=65308.0
    [iter 356694] reheat + diversify: T=704.1, value=51953.0
    [iter 362447] reheat + diversify: T=704.1, value=48234.0
    [iter 368200] reheat + diversify: T=704.1, value=51953.0
    [iter 373953] reheat + diversify: T=704.1, value=51953.0
    [iter 379706] reheat + diversify: T=704.1, value=52611.0
    [iter 385459] reheat + diversify: T=704.1, value=65308.0
    [iter 391212] reheat + diversify: T=704.1, value=65308.0
    [iter 396965] reheat + diversify: T=704.1, value=65308.0
    [iter 402718] reheat + diversify: T=704.1, value=65308.0
    [iter 408471] reheat + diversify: T=704.1, value=48234.0
    [iter 414224] reheat + diversify: T=704.1, value=51953.0
    [iter 419977] reheat + diversify: T=704.1, value=51953.0
    [iter 425730] reheat + diversify: T=704.1, value=51953.0
    [iter 431483] reheat + diversify: T=704.1, value=65308.0
    [iter 437236] reheat + diversify: T=704.1, value=65308.0
    [iter 442989] reheat + diversify: T=704.1, value=65308.0
    [iter 448742] reheat + diversify: T=704.1, value=65308.0
    [iter 454495] reheat + diversify: T=704.1, value=48234.0
    [iter 460248] reheat + diversify: T=704.1, value=51953.0
    [iter 466001] reheat + diversify: T=704.1, value=65308.0
    [iter 471754] reheat + diversify: T=704.1, value=65308.0
    [iter 477507] reheat + diversify: T=704.1, value=65308.0
    [iter 483260] reheat + diversify: T=704.1, value=65308.0
    [iter 489013] reheat + diversify: T=704.1, value=65308.0
    [iter 494766] reheat + diversify: T=704.1, value=52611.0
    [iter 500519] reheat + diversify: T=704.1, value=65308.0
    [iter 506272] reheat + diversify: T=704.1, value=65308.0
    [iter 512025] reheat + diversify: T=704.1, value=52611.0
    [iter 517778] reheat + diversify: T=704.1, value=65308.0
    [iter 523531] reheat + diversify: T=704.1, value=51953.0
    [iter 529284] reheat + diversify: T=704.1, value=52611.0
    [iter 535037] reheat + diversify: T=704.1, value=65308.0
    [iter 540790] reheat + diversify: T=704.1, value=65308.0
    [iter 546543] reheat + diversify: T=704.1, value=65308.0
    [iter 552296] reheat + diversify: T=704.1, value=51953.0
    [iter 558049] reheat + diversify: T=704.1, value=65308.0
    [iter 563802] reheat + diversify: T=704.1, value=65308.0
    [iter 569555] reheat + diversify: T=704.1, value=52611.0
    [iter 575308] reheat + diversify: T=704.1, value=52611.0
    [iter 581061] reheat + diversify: T=704.1, value=48234.0
    [iter 586814] reheat + diversify: T=704.1, value=65308.0
    [iter 592567] reheat + diversify: T=704.1, value=51953.0
    [iter 598320] reheat + diversify: T=704.1, value=51953.0
    [iter 604073] reheat + diversify: T=704.1, value=65308.0
    [iter 609826] reheat + diversify: T=704.1, value=65308.0
    [iter 615579] reheat + diversify: T=704.1, value=48234.0
    [iter 621332] reheat + diversify: T=704.1, value=52611.0
    [iter 627085] reheat + diversify: T=704.1, value=51953.0
    [iter 632838] reheat + diversify: T=704.1, value=48234.0
    [iter 638591] reheat + diversify: T=704.1, value=48234.0
    [iter 644344] reheat + diversify: T=704.1, value=65308.0
    [iter 650097] reheat + diversify: T=704.1, value=51953.0
    [iter 655850] reheat + diversify: T=704.1, value=65308.0
    [iter 661603] reheat + diversify: T=704.1, value=52611.0
    [iter 667356] reheat + diversify: T=704.1, value=48234.0
    [iter 673109] reheat + diversify: T=704.1, value=51953.0
    [iter 678862] reheat + diversify: T=704.1, value=65308.0
    [iter 684615] reheat + diversify: T=704.1, value=51953.0
    [iter 690368] reheat + diversify: T=704.1, value=51953.0
    [iter 696121] reheat + diversify: T=704.1, value=65308.0
    [iter 701874] reheat + diversify: T=704.1, value=52611.0
    [iter 707627] reheat + diversify: T=704.1, value=65308.0
    [iter 713380] reheat + diversify: T=704.1, value=52611.0
    [iter 719133] reheat + diversify: T=704.1, value=48234.0
    [iter 724886] reheat + diversify: T=704.1, value=51953.0
    [iter 730639] reheat + diversify: T=704.1, value=65308.0
    [iter 736392] reheat + diversify: T=704.1, value=51953.0
    [iter 742145] reheat + diversify: T=704.1, value=65308.0
    [iter 747898] reheat + diversify: T=704.1, value=51953.0
    [iter 753651] reheat + diversify: T=704.1, value=52611.0
    [iter 759404] reheat + diversify: T=704.1, value=65308.0
    [iter 765157] reheat + diversify: T=704.1, value=65308.0
    [iter 770910] reheat + diversify: T=704.1, value=51953.0
    [iter 776663] reheat + diversify: T=704.1, value=65308.0
    [iter 782416] reheat + diversify: T=704.1, value=65308.0
    [iter 788169] reheat + diversify: T=704.1, value=47576.0
    [iter 793922] reheat + diversify: T=704.1, value=65308.0
    [iter 799675] reheat + diversify: T=704.1, value=51953.0
    [iter 805428] reheat + diversify: T=704.1, value=48234.0
    [iter 811181] reheat + diversify: T=704.1, value=52611.0
    [iter 816934] reheat + diversify: T=704.1, value=65308.0
    [iter 822687] reheat + diversify: T=704.1, value=48234.0
    [iter 828440] reheat + diversify: T=704.1, value=65308.0
    [iter 834193] reheat + diversify: T=704.1, value=51953.0
    [iter 839946] reheat + diversify: T=704.1, value=52611.0
    [iter 845699] reheat + diversify: T=704.1, value=48234.0
    [iter 851452] reheat + diversify: T=704.1, value=65308.0
    [iter 857205] reheat + diversify: T=704.1, value=48234.0
    [iter 862958] reheat + diversify: T=704.1, value=51953.0
    [iter 868711] reheat + diversify: T=704.1, value=51953.0
    [iter 874464] reheat + diversify: T=704.1, value=65308.0
    [iter 880217] reheat + diversify: T=704.1, value=48234.0
    [iter 885970] reheat + diversify: T=704.1, value=51953.0
    [iter 891723] reheat + diversify: T=704.1, value=52611.0
    [iter 897476] reheat + diversify: T=704.1, value=51953.0
    [iter 903229] reheat + diversify: T=704.1, value=65308.0
    [iter 908982] reheat + diversify: T=704.1, value=47576.0
    [iter 914735] reheat + diversify: T=704.1, value=65308.0
    [iter 920488] reheat + diversify: T=704.1, value=65308.0
    [iter 926241] reheat + diversify: T=704.1, value=65308.0
    [iter 931994] reheat + diversify: T=704.1, value=48234.0
    [iter 937747] reheat + diversify: T=704.1, value=65308.0
    [iter 943500] reheat + diversify: T=704.1, value=52611.0
    [iter 949253] reheat + diversify: T=704.1, value=65308.0
    [iter 955006] reheat + diversify: T=704.1, value=65308.0
    [iter 960759] reheat + diversify: T=704.1, value=65308.0
    [iter 966512] reheat + diversify: T=704.1, value=65308.0
    [iter 972265] reheat + diversify: T=704.1, value=65308.0
    [iter 978018] reheat + diversify: T=704.1, value=48234.0
    [iter 983771] reheat + diversify: T=704.1, value=39914.0
    [iter 989524] reheat + diversify: T=704.1, value=52611.0
    [iter 995277] reheat + diversify: T=704.1, value=52611.0
    [iter 1001030] reheat + diversify: T=704.1, value=52611.0
    [iter 1006783] reheat + diversify: T=704.1, value=65308.0
    [iter 1012536] reheat + diversify: T=704.1, value=65308.0
    [iter 1018289] reheat + diversify: T=704.1, value=65308.0
    [iter 1024042] reheat + diversify: T=704.1, value=52611.0
    [iter 1029795] reheat + diversify: T=704.1, value=51953.0
    [iter 1035548] reheat + diversify: T=704.1, value=51953.0
    [iter 1041301] reheat + diversify: T=704.1, value=65308.0
    [iter 1047054] reheat + diversify: T=704.1, value=51953.0
    [iter 1052807] reheat + diversify: T=704.1, value=65308.0
    [iter 1058560] reheat + diversify: T=704.1, value=48234.0
    [iter 1064313] reheat + diversify: T=704.1, value=51953.0
    [iter 1070066] reheat + diversify: T=704.1, value=51953.0
    [iter 1075819] reheat + diversify: T=704.1, value=52611.0
    [iter 1081572] reheat + diversify: T=704.1, value=65308.0
    [iter 1087325] reheat + diversify: T=704.1, value=51953.0
    [iter 1093078] reheat + diversify: T=704.1, value=65308.0
    [iter 1098831] reheat + diversify: T=704.1, value=65308.0
    [iter 1104584] reheat + diversify: T=704.1, value=51953.0
    [iter 1110337] reheat + diversify: T=704.1, value=51953.0
    [iter 1116090] reheat + diversify: T=704.1, value=65308.0
    [iter 1121843] reheat + diversify: T=704.1, value=65308.0
    [iter 1127596] reheat + diversify: T=704.1, value=65308.0
    [iter 1133349] reheat + diversify: T=704.1, value=48234.0
    [iter 1139102] reheat + diversify: T=704.1, value=52611.0
    [iter 1144855] reheat + diversify: T=704.1, value=65308.0
    [iter 1150608] reheat + diversify: T=704.1, value=51953.0
    [iter 1156361] reheat + diversify: T=704.1, value=65308.0
    [iter 1162114] reheat + diversify: T=704.1, value=65308.0
    [iter 1167867] reheat + diversify: T=704.1, value=65308.0
    [iter 1173620] reheat + diversify: T=704.1, value=65308.0
    [iter 1179373] reheat + diversify: T=704.1, value=51953.0
    [iter 1185126] reheat + diversify: T=704.1, value=51953.0
    [iter 1190879] reheat + diversify: T=704.1, value=65308.0
    [iter 1196632] reheat + diversify: T=704.1, value=65308.0
    [iter 1202385] reheat + diversify: T=704.1, value=65308.0
    [iter 1208138] reheat + diversify: T=704.1, value=65308.0
    [iter 1213891] reheat + diversify: T=704.1, value=65308.0
    [iter 1219644] reheat + diversify: T=704.1, value=48234.0
    [iter 1225397] reheat + diversify: T=704.1, value=65308.0
    [iter 1231150] reheat + diversify: T=704.1, value=51953.0
    [iter 1236903] reheat + diversify: T=704.1, value=65308.0
    [iter 1242656] reheat + diversify: T=704.1, value=48234.0
    [iter 1248409] reheat + diversify: T=704.1, value=52611.0
    [iter 1254162] reheat + diversify: T=704.1, value=65308.0
    [iter 1259915] reheat + diversify: T=704.1, value=47576.0
    [iter 1265668] reheat + diversify: T=704.1, value=52611.0
    [iter 1271421] reheat + diversify: T=704.1, value=65308.0
    [iter 1277174] reheat + diversify: T=704.1, value=65308.0
    [iter 1282927] reheat + diversify: T=704.1, value=52611.0
    [iter 1288680] reheat + diversify: T=704.1, value=51953.0
    [iter 1294433] reheat + diversify: T=704.1, value=48234.0
    [iter 1300186] reheat + diversify: T=704.1, value=48234.0
    [iter 1305939] reheat + diversify: T=704.1, value=51953.0
    [iter 1311692] reheat + diversify: T=704.1, value=48234.0
    [iter 1317445] reheat + diversify: T=704.1, value=65308.0
    [iter 1323198] reheat + diversify: T=704.1, value=52611.0
    [iter 1328951] reheat + diversify: T=704.1, value=65308.0
    [iter 1334704] reheat + diversify: T=704.1, value=65308.0
    [iter 1340457] reheat + diversify: T=704.1, value=65308.0
    [iter 1346210] reheat + diversify: T=704.1, value=48234.0
    [iter 1351963] reheat + diversify: T=704.1, value=52611.0
    [iter 1357716] reheat + diversify: T=704.1, value=52611.0
    [iter 1363469] reheat + diversify: T=704.1, value=65308.0
    [iter 1369222] reheat + diversify: T=704.1, value=48234.0
    [iter 1374975] reheat + diversify: T=704.1, value=65308.0
    [iter 1380728] reheat + diversify: T=704.1, value=47576.0
    [iter 1386481] reheat + diversify: T=704.1, value=39914.0
    [iter 1392234] reheat + diversify: T=704.1, value=51953.0
    [iter 1397987] reheat + diversify: T=704.1, value=65308.0
    [iter 1403740] reheat + diversify: T=704.1, value=65308.0
    [iter 1409493] reheat + diversify: T=704.1, value=48234.0
    [iter 1415246] reheat + diversify: T=704.1, value=65308.0
    [iter 1420999] reheat + diversify: T=704.1, value=51953.0
    [iter 1426752] reheat + diversify: T=704.1, value=65308.0
    [iter 1432505] reheat + diversify: T=704.1, value=47576.0
    [iter 1438258] reheat + diversify: T=704.1, value=51953.0
    [iter 1444011] reheat + diversify: T=704.1, value=52611.0
    [iter 1449764] reheat + diversify: T=704.1, value=65308.0
    [iter 1455517] reheat + diversify: T=704.1, value=65308.0
    [iter 1461270] reheat + diversify: T=704.1, value=65308.0
    [iter 1467023] reheat + diversify: T=704.1, value=65308.0
    [iter 1472776] reheat + diversify: T=704.1, value=51953.0
    [iter 1478529] reheat + diversify: T=704.1, value=65308.0
    [iter 1484282] reheat + diversify: T=704.1, value=65308.0
    [iter 1490035] reheat + diversify: T=704.1, value=65308.0
    [iter 1495788] reheat + diversify: T=704.1, value=48234.0
    [iter 1501541] reheat + diversify: T=704.1, value=51953.0
    [iter 1507294] reheat + diversify: T=704.1, value=48234.0
    [iter 1513047] reheat + diversify: T=704.1, value=51953.0
    [iter 1518800] reheat + diversify: T=704.1, value=51953.0
    [iter 1524553] reheat + diversify: T=704.1, value=52611.0
    [iter 1530306] reheat + diversify: T=704.1, value=65308.0
    [iter 1536059] reheat + diversify: T=704.1, value=48234.0
    [iter 1541812] reheat + diversify: T=704.1, value=48234.0
    [iter 1547565] reheat + diversify: T=704.1, value=52611.0
    [iter 1553318] reheat + diversify: T=704.1, value=52611.0
    [iter 1559071] reheat + diversify: T=704.1, value=65308.0
    [iter 1564824] reheat + diversify: T=704.1, value=65308.0
    [iter 1570577] reheat + diversify: T=704.1, value=51953.0
    [iter 1576330] reheat + diversify: T=704.1, value=48234.0
    [iter 1582083] reheat + diversify: T=704.1, value=51953.0
    [iter 1587836] reheat + diversify: T=704.1, value=65308.0
    [iter 1593589] reheat + diversify: T=704.1, value=52611.0
    [iter 1599342] reheat + diversify: T=704.1, value=52611.0
    [iter 1605095] reheat + diversify: T=704.1, value=48234.0
    [iter 1610848] reheat + diversify: T=704.1, value=65308.0
    [iter 1616601] reheat + diversify: T=704.1, value=48234.0
    [iter 1622354] reheat + diversify: T=704.1, value=51953.0
    [iter 1628107] reheat + diversify: T=704.1, value=52611.0
    [iter 1633860] reheat + diversify: T=704.1, value=52611.0
    [iter 1639613] reheat + diversify: T=704.1, value=51953.0
    [iter 1645366] reheat + diversify: T=704.1, value=48234.0
    [iter 1651119] reheat + diversify: T=704.1, value=52611.0
    [iter 1656872] reheat + diversify: T=704.1, value=65308.0
    [iter 1662625] reheat + diversify: T=704.1, value=65308.0
    [iter 1668378] reheat + diversify: T=704.1, value=52611.0
    [iter 1674131] reheat + diversify: T=704.1, value=65308.0
    [iter 1679884] reheat + diversify: T=704.1, value=65308.0
    [iter 1685637] reheat + diversify: T=704.1, value=52611.0
    [iter 1691390] reheat + diversify: T=704.1, value=65308.0
    [iter 1697143] reheat + diversify: T=704.1, value=48234.0
    [iter 1702896] reheat + diversify: T=704.1, value=65308.0
    [iter 1708649] reheat + diversify: T=704.1, value=48234.0
    [iter 1714402] reheat + diversify: T=704.1, value=52611.0
    [iter 1720155] reheat + diversify: T=704.1, value=52611.0
    [iter 1725908] reheat + diversify: T=704.1, value=52611.0
    [iter 1731661] reheat + diversify: T=704.1, value=65308.0
    [iter 1737414] reheat + diversify: T=704.1, value=51953.0
    [iter 1743167] reheat + diversify: T=704.1, value=65308.0
    [iter 1748920] reheat + diversify: T=704.1, value=65308.0
    [iter 1754673] reheat + diversify: T=704.1, value=47576.0
    [iter 1760426] reheat + diversify: T=704.1, value=65308.0
    [iter 1766179] reheat + diversify: T=704.1, value=47576.0
    [iter 1771932] reheat + diversify: T=704.1, value=65308.0
    [iter 1777685] reheat + diversify: T=704.1, value=51953.0
    [iter 1783438] reheat + diversify: T=704.1, value=65308.0
    [iter 1789191] reheat + diversify: T=704.1, value=52611.0
    [iter 1794944] reheat + diversify: T=704.1, value=52611.0
    [iter 1800697] reheat + diversify: T=704.1, value=65308.0
    [iter 1806450] reheat + diversify: T=704.1, value=47576.0
    [iter 1812203] reheat + diversify: T=704.1, value=65308.0
    [iter 1817956] reheat + diversify: T=704.1, value=51953.0
    [iter 1823709] reheat + diversify: T=704.1, value=65308.0
    [iter 1829462] reheat + diversify: T=704.1, value=51953.0
    [iter 1835215] reheat + diversify: T=704.1, value=51953.0
    [iter 1840968] reheat + diversify: T=704.1, value=65308.0
    [iter 1846721] reheat + diversify: T=704.1, value=52611.0
    [iter 1852474] reheat + diversify: T=704.1, value=65308.0
    [iter 1858227] reheat + diversify: T=704.1, value=48234.0
    [iter 1863980] reheat + diversify: T=704.1, value=65308.0
    [iter 1869733] reheat + diversify: T=704.1, value=51953.0
    [iter 1875486] reheat + diversify: T=704.1, value=65308.0
    [iter 1881239] reheat + diversify: T=704.1, value=47576.0
    [iter 1886992] reheat + diversify: T=704.1, value=51953.0
    [iter 1892745] reheat + diversify: T=704.1, value=52611.0
    [iter 1898498] reheat + diversify: T=704.1, value=51953.0
    [iter 1904251] reheat + diversify: T=704.1, value=65308.0
    [iter 1910004] reheat + diversify: T=704.1, value=51953.0
    [iter 1915757] reheat + diversify: T=704.1, value=65308.0
    [iter 1921510] reheat + diversify: T=704.1, value=65308.0
    [iter 1927263] reheat + diversify: T=704.1, value=51953.0
    [iter 1933016] reheat + diversify: T=704.1, value=47576.0
    [iter 1938769] reheat + diversify: T=704.1, value=65308.0
    [iter 1944522] reheat + diversify: T=704.1, value=48234.0
    [iter 1950275] reheat + diversify: T=704.1, value=65308.0
    [iter 1956028] reheat + diversify: T=704.1, value=65308.0
    [iter 1961781] reheat + diversify: T=704.1, value=52611.0
    [iter 1967534] reheat + diversify: T=704.1, value=51953.0
    [iter 1973287] reheat + diversify: T=704.1, value=65308.0
    [iter 1979040] reheat + diversify: T=704.1, value=65308.0
    [iter 1984793] reheat + diversify: T=704.1, value=47576.0
    [iter 1990546] reheat + diversify: T=704.1, value=65308.0
    [iter 1996299] reheat + diversify: T=704.1, value=51953.0
    [iter 2002052] reheat + diversify: T=704.1, value=65308.0
    [iter 2007805] reheat + diversify: T=704.1, value=65308.0
    [iter 2013558] reheat + diversify: T=704.1, value=39914.0
    [iter 2019311] reheat + diversify: T=704.1, value=65308.0
    [iter 2025064] reheat + diversify: T=704.1, value=48234.0
    [iter 2030817] reheat + diversify: T=704.1, value=65308.0
    [iter 2036570] reheat + diversify: T=704.1, value=51953.0
    [iter 2042323] reheat + diversify: T=704.1, value=51953.0
    [iter 2048076] reheat + diversify: T=704.1, value=65308.0
    [iter 2053829] reheat + diversify: T=704.1, value=48234.0
    [iter 2059582] reheat + diversify: T=704.1, value=52611.0
    [iter 2065335] reheat + diversify: T=704.1, value=65308.0
    [iter 2071088] reheat + diversify: T=704.1, value=51953.0
    [iter 2076841] reheat + diversify: T=704.1, value=51953.0
    [iter 2082594] reheat + diversify: T=704.1, value=65308.0
    [iter 2088347] reheat + diversify: T=704.1, value=52611.0
    [iter 2094100] reheat + diversify: T=704.1, value=51953.0
    [iter 2099853] reheat + diversify: T=704.1, value=65308.0
    [iter 2105606] reheat + diversify: T=704.1, value=65308.0
    [iter 2111359] reheat + diversify: T=704.1, value=65308.0
    [iter 2117112] reheat + diversify: T=704.1, value=47576.0
    [iter 2122865] reheat + diversify: T=704.1, value=65308.0
    [iter 2128618] reheat + diversify: T=704.1, value=52611.0
    [iter 2134371] reheat + diversify: T=704.1, value=51953.0
    [iter 2140124] reheat + diversify: T=704.1, value=65308.0
    [iter 2145877] reheat + diversify: T=704.1, value=51953.0
    [iter 2151630] reheat + diversify: T=704.1, value=65308.0
    [iter 2157383] reheat + diversify: T=704.1, value=52611.0
    [iter 2163136] reheat + diversify: T=704.1, value=65308.0
    [iter 2168889] reheat + diversify: T=704.1, value=51953.0
    [iter 2174642] reheat + diversify: T=704.1, value=65308.0
    [iter 2180395] reheat + diversify: T=704.1, value=65308.0
    [iter 2186148] reheat + diversify: T=704.1, value=65308.0
    [iter 2191901] reheat + diversify: T=704.1, value=52611.0
    [iter 2197654] reheat + diversify: T=704.1, value=65308.0
    [iter 2203407] reheat + diversify: T=704.1, value=65308.0
    [iter 2209160] reheat + diversify: T=704.1, value=52611.0
    [iter 2214913] reheat + diversify: T=704.1, value=51953.0
    [iter 2220666] reheat + diversify: T=704.1, value=65308.0
    [iter 2226419] reheat + diversify: T=704.1, value=65308.0
    [iter 2232172] reheat + diversify: T=704.1, value=51953.0
    [iter 2237925] reheat + diversify: T=704.1, value=51953.0
    [iter 2243678] reheat + diversify: T=704.1, value=65308.0
    [iter 2249431] reheat + diversify: T=704.1, value=52611.0
    [iter 2255184] reheat + diversify: T=704.1, value=51953.0
    [iter 2260937] reheat + diversify: T=704.1, value=65308.0
    [iter 2266690] reheat + diversify: T=704.1, value=48234.0
    [iter 2272443] reheat + diversify: T=704.1, value=52611.0
    [iter 2278196] reheat + diversify: T=704.1, value=48234.0
    [iter 2283949] reheat + diversify: T=704.1, value=65308.0
    [iter 2289702] reheat + diversify: T=704.1, value=65308.0
    [iter 2295455] reheat + diversify: T=704.1, value=39256.0
    [iter 2301208] reheat + diversify: T=704.1, value=65308.0
    [iter 2306961] reheat + diversify: T=704.1, value=65308.0
    [iter 2312714] reheat + diversify: T=704.1, value=65308.0
    [iter 2318467] reheat + diversify: T=704.1, value=48234.0
    [iter 2324220] reheat + diversify: T=704.1, value=65308.0
    [iter 2329973] reheat + diversify: T=704.1, value=51953.0
    [iter 2335726] reheat + diversify: T=704.1, value=65308.0
    [iter 2341479] reheat + diversify: T=704.1, value=65308.0
    [iter 2347232] reheat + diversify: T=704.1, value=52611.0
    [iter 2352985] reheat + diversify: T=704.1, value=65308.0
    [iter 2358738] reheat + diversify: T=704.1, value=51953.0
    [iter 2364491] reheat + diversify: T=704.1, value=51953.0
    [iter 2370244] reheat + diversify: T=704.1, value=52611.0
    [iter 2375997] reheat + diversify: T=704.1, value=65308.0
    [iter 2381750] reheat + diversify: T=704.1, value=39256.0
    [iter 2387503] reheat + diversify: T=704.1, value=51953.0
    [iter 2393256] reheat + diversify: T=704.1, value=48234.0
    [iter 2399009] reheat + diversify: T=704.1, value=48234.0
    [iter 2404762] reheat + diversify: T=704.1, value=65308.0
    [iter 2410515] reheat + diversify: T=704.1, value=51953.0
    [iter 2416268] reheat + diversify: T=704.1, value=65308.0
    [iter 2422021] reheat + diversify: T=704.1, value=52611.0
    [iter 2427774] reheat + diversify: T=704.1, value=51953.0
    [iter 2433527] reheat + diversify: T=704.1, value=39914.0
    [iter 2439280] reheat + diversify: T=704.1, value=65308.0
    [iter 2445033] reheat + diversify: T=704.1, value=52611.0
    [iter 2450786] reheat + diversify: T=704.1, value=52611.0
    [iter 2456539] reheat + diversify: T=704.1, value=65308.0
    [iter 2462292] reheat + diversify: T=704.1, value=65308.0
    [iter 2468045] reheat + diversify: T=704.1, value=65308.0
    [iter 2473798] reheat + diversify: T=704.1, value=65308.0
    [iter 2479551] reheat + diversify: T=704.1, value=65308.0
    [iter 2485304] reheat + diversify: T=704.1, value=48234.0
    [iter 2491057] reheat + diversify: T=704.1, value=51953.0
    [iter 2496810] reheat + diversify: T=704.1, value=52611.0
    [iter 2502563] reheat + diversify: T=704.1, value=51953.0
    [iter 2508316] reheat + diversify: T=704.1, value=52611.0
    [iter 2514069] reheat + diversify: T=704.1, value=52611.0
    [iter 2519822] reheat + diversify: T=704.1, value=65308.0
    [iter 2525575] reheat + diversify: T=704.1, value=48234.0
    [iter 2531328] reheat + diversify: T=704.1, value=52611.0
    [iter 2537081] reheat + diversify: T=704.1, value=65308.0
    [iter 2542834] reheat + diversify: T=704.1, value=65308.0
    [iter 2548587] reheat + diversify: T=704.1, value=52611.0
    [iter 2554340] reheat + diversify: T=704.1, value=65308.0
    [iter 2560093] reheat + diversify: T=704.1, value=65308.0
    [iter 2565846] reheat + diversify: T=704.1, value=65308.0
    [iter 2571599] reheat + diversify: T=704.1, value=52611.0
    [iter 2577352] reheat + diversify: T=704.1, value=65308.0
    [iter 2583105] reheat + diversify: T=704.1, value=65308.0
    [iter 2588858] reheat + diversify: T=704.1, value=65308.0
    [iter 2594611] reheat + diversify: T=704.1, value=65308.0
    [iter 2600364] reheat + diversify: T=704.1, value=51953.0
    [iter 2606117] reheat + diversify: T=704.1, value=52611.0
    [iter 2611870] reheat + diversify: T=704.1, value=52611.0
    [iter 2617623] reheat + diversify: T=704.1, value=47576.0
    [iter 2623376] reheat + diversify: T=704.1, value=51953.0
    [iter 2629129] reheat + diversify: T=704.1, value=48234.0
    [iter 2634882] reheat + diversify: T=704.1, value=51953.0
    [iter 2640635] reheat + diversify: T=704.1, value=52611.0
    [iter 2646388] reheat + diversify: T=704.1, value=51953.0
    [iter 2652141] reheat + diversify: T=704.1, value=51953.0
    [iter 2657894] reheat + diversify: T=704.1, value=65308.0
    [iter 2663647] reheat + diversify: T=704.1, value=65308.0
    [iter 2669400] reheat + diversify: T=704.1, value=65308.0
    [iter 2675153] reheat + diversify: T=704.1, value=65308.0
    [iter 2680906] reheat + diversify: T=704.1, value=51953.0
    [iter 2686659] reheat + diversify: T=704.1, value=48234.0
    [iter 2692412] reheat + diversify: T=704.1, value=47576.0
    [iter 2698165] reheat + diversify: T=704.1, value=39914.0
    [iter 2703918] reheat + diversify: T=704.1, value=52611.0
    [iter 2709671] reheat + diversify: T=704.1, value=65308.0
    [iter 2715424] reheat + diversify: T=704.1, value=52611.0
    [iter 2721177] reheat + diversify: T=704.1, value=65308.0
    [iter 2726930] reheat + diversify: T=704.1, value=52611.0
    [iter 2732683] reheat + diversify: T=704.1, value=65308.0
    [iter 2738436] reheat + diversify: T=704.1, value=65308.0
    [iter 2744189] reheat + diversify: T=704.1, value=65308.0
    [iter 2749942] reheat + diversify: T=704.1, value=65308.0
    [iter 2755695] reheat + diversify: T=704.1, value=52611.0
    [iter 2761448] reheat + diversify: T=704.1, value=52611.0
    [iter 2767201] reheat + diversify: T=704.1, value=52611.0
    [iter 2772954] reheat + diversify: T=704.1, value=48234.0
    [iter 2778707] reheat + diversify: T=704.1, value=65308.0
    [iter 2784460] reheat + diversify: T=704.1, value=52611.0
    [iter 2790213] reheat + diversify: T=704.1, value=48234.0
    [iter 2795966] reheat + diversify: T=704.1, value=65308.0
    [iter 2801719] reheat + diversify: T=704.1, value=52611.0
    [iter 2807472] reheat + diversify: T=704.1, value=65308.0
    [iter 2813225] reheat + diversify: T=704.1, value=51953.0
    [iter 2818978] reheat + diversify: T=704.1, value=65308.0
    [iter 2824731] reheat + diversify: T=704.1, value=48234.0
    [iter 2830484] reheat + diversify: T=704.1, value=65308.0
    [iter 2836237] reheat + diversify: T=704.1, value=51953.0
    [iter 2841990] reheat + diversify: T=704.1, value=52611.0
    [iter 2847743] reheat + diversify: T=704.1, value=65308.0
    [iter 2853496] reheat + diversify: T=704.1, value=52611.0
    [iter 2859249] reheat + diversify: T=704.1, value=52611.0
    [iter 2865002] reheat + diversify: T=704.1, value=65308.0
    [iter 2870755] reheat + diversify: T=704.1, value=65308.0
    [iter 2876508] reheat + diversify: T=704.1, value=65308.0
    [iter 2882261] reheat + diversify: T=704.1, value=65308.0
    [iter 2888014] reheat + diversify: T=704.1, value=48234.0
    [iter 2893767] reheat + diversify: T=704.1, value=51953.0
    [iter 2899520] reheat + diversify: T=704.1, value=47576.0
    [iter 2905273] reheat + diversify: T=704.1, value=65308.0
    [iter 2911026] reheat + diversify: T=704.1, value=51953.0
    [iter 2916779] reheat + diversify: T=704.1, value=52611.0
    [iter 2922532] reheat + diversify: T=704.1, value=51953.0
    [iter 2928285] reheat + diversify: T=704.1, value=65308.0
    [iter 2934038] reheat + diversify: T=704.1, value=52611.0
    [iter 2939791] reheat + diversify: T=704.1, value=65308.0
    [iter 2945544] reheat + diversify: T=704.1, value=65308.0
    [iter 2951297] reheat + diversify: T=704.1, value=48234.0
    [iter 2957050] reheat + diversify: T=704.1, value=65308.0
    [iter 2962803] reheat + diversify: T=704.1, value=65308.0
    [iter 2968556] reheat + diversify: T=704.1, value=51953.0
    [iter 2974309] reheat + diversify: T=704.1, value=52611.0
    [iter 2980062] reheat + diversify: T=704.1, value=52611.0
    [iter 2985815] reheat + diversify: T=704.1, value=48234.0
    [iter 2991568] reheat + diversify: T=704.1, value=65308.0
    [iter 2997321] reheat + diversify: T=704.1, value=51953.0
    [iter 3003074] reheat + diversify: T=704.1, value=65308.0
    [iter 3008827] reheat + diversify: T=704.1, value=48234.0
    [iter 3014580] reheat + diversify: T=704.1, value=65308.0
    [iter 3020333] reheat + diversify: T=704.1, value=65308.0
    [iter 3026086] reheat + diversify: T=704.1, value=65308.0
    [iter 3031839] reheat + diversify: T=704.1, value=48234.0
    [iter 3037592] reheat + diversify: T=704.1, value=65308.0
    [iter 3043345] reheat + diversify: T=704.1, value=52611.0
    [iter 3049098] reheat + diversify: T=704.1, value=47576.0
    [iter 3054851] reheat + diversify: T=704.1, value=51953.0
    [iter 3060604] reheat + diversify: T=704.1, value=65308.0
    [iter 3066357] reheat + diversify: T=704.1, value=65308.0
    [iter 3072110] reheat + diversify: T=704.1, value=52611.0
    [iter 3077863] reheat + diversify: T=704.1, value=48234.0
    [iter 3083616] reheat + diversify: T=704.1, value=52611.0
    [iter 3089369] reheat + diversify: T=704.1, value=51953.0
    [iter 3095122] reheat + diversify: T=704.1, value=51953.0
    [iter 3100875] reheat + diversify: T=704.1, value=51953.0
    [iter 3106628] reheat + diversify: T=704.1, value=52611.0
    [iter 3112381] reheat + diversify: T=704.1, value=48234.0
    [iter 3118134] reheat + diversify: T=704.1, value=65308.0
    [iter 3123887] reheat + diversify: T=704.1, value=52611.0
    [iter 3129640] reheat + diversify: T=704.1, value=65308.0
    [iter 3135393] reheat + diversify: T=704.1, value=65308.0
    [iter 3141146] reheat + diversify: T=704.1, value=52611.0
    [iter 3146899] reheat + diversify: T=704.1, value=48234.0
    [iter 3152652] reheat + diversify: T=704.1, value=51953.0
    [iter 3158405] reheat + diversify: T=704.1, value=65308.0
    [iter 3164158] reheat + diversify: T=704.1, value=65308.0
    [iter 3169911] reheat + diversify: T=704.1, value=51953.0
    [iter 3175664] reheat + diversify: T=704.1, value=48234.0
    [iter 3181417] reheat + diversify: T=704.1, value=48234.0
    [iter 3187170] reheat + diversify: T=704.1, value=48234.0
    [iter 3192923] reheat + diversify: T=704.1, value=48234.0
    [iter 3198676] reheat + diversify: T=704.1, value=65308.0
    [iter 3204429] reheat + diversify: T=704.1, value=65308.0
    [iter 3210182] reheat + diversify: T=704.1, value=65308.0
    [iter 3215935] reheat + diversify: T=704.1, value=65308.0
    [iter 3221688] reheat + diversify: T=704.1, value=52611.0
    [iter 3227441] reheat + diversify: T=704.1, value=51953.0
    [iter 3233194] reheat + diversify: T=704.1, value=65308.0
    [iter 3238947] reheat + diversify: T=704.1, value=65308.0
    [iter 3244700] reheat + diversify: T=704.1, value=65308.0
    [iter 3250453] reheat + diversify: T=704.1, value=47576.0
    [iter 3256206] reheat + diversify: T=704.1, value=65308.0
    [iter 3261959] reheat + diversify: T=704.1, value=65308.0
    [iter 3267712] reheat + diversify: T=704.1, value=52611.0
    [iter 3273465] reheat + diversify: T=704.1, value=48234.0
    [iter 3279218] reheat + diversify: T=704.1, value=52611.0
    [iter 3284971] reheat + diversify: T=704.1, value=52611.0
    [iter 3290724] reheat + diversify: T=704.1, value=65308.0
    [iter 3296477] reheat + diversify: T=704.1, value=51953.0
    [iter 3302230] reheat + diversify: T=704.1, value=52611.0
    [iter 3307983] reheat + diversify: T=704.1, value=51953.0
    [iter 3313736] reheat + diversify: T=704.1, value=51953.0
    [iter 3319489] reheat + diversify: T=704.1, value=65308.0
    [iter 3325242] reheat + diversify: T=704.1, value=48234.0
    [iter 3330995] reheat + diversify: T=704.1, value=52611.0
    [iter 3336748] reheat + diversify: T=704.1, value=51953.0
    [iter 3342501] reheat + diversify: T=704.1, value=48234.0
    [iter 3348254] reheat + diversify: T=704.1, value=52611.0
    [iter 3354007] reheat + diversify: T=704.1, value=65308.0
    [iter 3359760] reheat + diversify: T=704.1, value=65308.0
    [iter 3365513] reheat + diversify: T=704.1, value=65308.0
    [iter 3371266] reheat + diversify: T=704.1, value=52611.0
    [iter 3377019] reheat + diversify: T=704.1, value=65308.0
    [iter 3382772] reheat + diversify: T=704.1, value=51953.0
    [iter 3388525] reheat + diversify: T=704.1, value=65308.0
    [iter 3394278] reheat + diversify: T=704.1, value=52611.0
    [iter 3400031] reheat + diversify: T=704.1, value=48234.0
    [iter 3405784] reheat + diversify: T=704.1, value=52611.0
    [iter 3411537] reheat + diversify: T=704.1, value=65308.0
    [iter 3417290] reheat + diversify: T=704.1, value=65308.0
    [iter 3423043] reheat + diversify: T=704.1, value=65308.0
    [iter 3428796] reheat + diversify: T=704.1, value=48234.0
    [iter 3434549] reheat + diversify: T=704.1, value=65308.0
    [iter 3440302] reheat + diversify: T=704.1, value=65308.0
    [iter 3446055] reheat + diversify: T=704.1, value=51953.0
    [iter 3451808] reheat + diversify: T=704.1, value=65308.0
    [iter 3457561] reheat + diversify: T=704.1, value=65308.0
    [iter 3463314] reheat + diversify: T=704.1, value=51953.0
    [iter 3469067] reheat + diversify: T=704.1, value=65308.0
    [iter 3474820] reheat + diversify: T=704.1, value=48234.0
    [iter 3480573] reheat + diversify: T=704.1, value=48234.0
    [iter 3486326] reheat + diversify: T=704.1, value=48234.0
    [iter 3492079] reheat + diversify: T=704.1, value=52611.0
    [iter 3497832] reheat + diversify: T=704.1, value=51953.0
    [iter 3503585] reheat + diversify: T=704.1, value=65308.0
    [iter 3509338] reheat + diversify: T=704.1, value=48234.0
    [iter 3515091] reheat + diversify: T=704.1, value=65308.0
    [iter 3520844] reheat + diversify: T=704.1, value=65308.0
    [iter 3526597] reheat + diversify: T=704.1, value=65308.0
    [iter 3532350] reheat + diversify: T=704.1, value=51953.0
    [iter 3538103] reheat + diversify: T=704.1, value=65308.0
    [iter 3543856] reheat + diversify: T=704.1, value=48234.0
    [iter 3549609] reheat + diversify: T=704.1, value=65308.0
    [iter 3555362] reheat + diversify: T=704.1, value=65308.0
    [iter 3561115] reheat + diversify: T=704.1, value=52611.0
    [iter 3566868] reheat + diversify: T=704.1, value=48234.0
    [iter 3572621] reheat + diversify: T=704.1, value=65308.0
    [iter 3578374] reheat + diversify: T=704.1, value=52611.0
    [iter 3584127] reheat + diversify: T=704.1, value=65308.0
    [iter 3589880] reheat + diversify: T=704.1, value=65308.0
    [iter 3595633] reheat + diversify: T=704.1, value=51953.0
    [iter 3601386] reheat + diversify: T=704.1, value=65308.0
    [iter 3607139] reheat + diversify: T=704.1, value=51953.0
    [iter 3612892] reheat + diversify: T=704.1, value=65308.0
    [iter 3618645] reheat + diversify: T=704.1, value=51953.0
    [iter 3624398] reheat + diversify: T=704.1, value=65308.0
    [iter 3630151] reheat + diversify: T=704.1, value=51953.0
    [iter 3635904] reheat + diversify: T=704.1, value=48234.0
    [iter 3641657] reheat + diversify: T=704.1, value=52611.0
    [iter 3647410] reheat + diversify: T=704.1, value=65308.0
    [iter 3653163] reheat + diversify: T=704.1, value=51953.0
    [iter 3658916] reheat + diversify: T=704.1, value=65308.0
    [iter 3664669] reheat + diversify: T=704.1, value=48234.0
    [iter 3670422] reheat + diversify: T=704.1, value=65308.0
    [iter 3676175] reheat + diversify: T=704.1, value=52611.0
    [iter 3681928] reheat + diversify: T=704.1, value=52611.0
    [iter 3687681] reheat + diversify: T=704.1, value=52611.0
    [iter 3693434] reheat + diversify: T=704.1, value=48234.0
    [iter 3699187] reheat + diversify: T=704.1, value=65308.0
    [iter 3704940] reheat + diversify: T=704.1, value=65308.0
    [iter 3710693] reheat + diversify: T=704.1, value=65308.0
    [iter 3716446] reheat + diversify: T=704.1, value=51953.0
    [iter 3722199] reheat + diversify: T=704.1, value=51953.0
    [iter 3727952] reheat + diversify: T=704.1, value=65308.0
    [iter 3733705] reheat + diversify: T=704.1, value=52611.0
    [iter 3739458] reheat + diversify: T=704.1, value=52611.0
    [iter 3745211] reheat + diversify: T=704.1, value=52611.0
    [iter 3750964] reheat + diversify: T=704.1, value=51953.0
    [iter 3756717] reheat + diversify: T=704.1, value=48234.0
    [iter 3762470] reheat + diversify: T=704.1, value=65308.0
    [iter 3768223] reheat + diversify: T=704.1, value=65308.0
    [iter 3773976] reheat + diversify: T=704.1, value=65308.0
    [iter 3779729] reheat + diversify: T=704.1, value=65308.0
    [iter 3785482] reheat + diversify: T=704.1, value=51953.0
    [iter 3791235] reheat + diversify: T=704.1, value=65308.0
    [iter 3796988] reheat + diversify: T=704.1, value=48234.0
    [iter 3802741] reheat + diversify: T=704.1, value=52611.0
    [iter 3808494] reheat + diversify: T=704.1, value=51953.0
    [iter 3814247] reheat + diversify: T=704.1, value=65308.0
    [iter 3820000] reheat + diversify: T=704.1, value=51953.0
    [iter 3825753] reheat + diversify: T=704.1, value=65308.0
    [iter 3831506] reheat + diversify: T=704.1, value=65308.0
    [iter 3837259] reheat + diversify: T=704.1, value=51953.0
    [iter 3843012] reheat + diversify: T=704.1, value=48234.0
    [iter 3848765] reheat + diversify: T=704.1, value=48234.0
    [iter 3854518] reheat + diversify: T=704.1, value=65308.0
    [iter 3860271] reheat + diversify: T=704.1, value=65308.0
    [iter 3866024] reheat + diversify: T=704.1, value=48234.0
    [iter 3871777] reheat + diversify: T=704.1, value=48234.0
    [iter 3877530] reheat + diversify: T=704.1, value=51953.0
    [iter 3883283] reheat + diversify: T=704.1, value=51953.0
    [iter 3889036] reheat + diversify: T=704.1, value=51953.0
    [iter 3894789] reheat + diversify: T=704.1, value=65308.0
    [iter 3900542] reheat + diversify: T=704.1, value=65308.0
    [iter 3906295] reheat + diversify: T=704.1, value=52611.0
    [iter 3912048] reheat + diversify: T=704.1, value=65308.0
    [iter 3917801] reheat + diversify: T=704.1, value=65308.0
    [iter 3923554] reheat + diversify: T=704.1, value=51953.0
    [iter 3929307] reheat + diversify: T=704.1, value=65308.0
    [iter 3935060] reheat + diversify: T=704.1, value=52611.0
    [iter 3940813] reheat + diversify: T=704.1, value=65308.0
    [iter 3946566] reheat + diversify: T=704.1, value=65308.0
    [iter 3952319] reheat + diversify: T=704.1, value=48234.0
    [iter 3958072] reheat + diversify: T=704.1, value=65308.0
    [iter 3963825] reheat + diversify: T=704.1, value=51953.0
    [iter 3969578] reheat + diversify: T=704.1, value=52611.0
    [iter 3975331] reheat + diversify: T=704.1, value=65308.0
    [iter 3981084] reheat + diversify: T=704.1, value=65308.0
    [iter 3986837] reheat + diversify: T=704.1, value=52611.0
    [iter 3992590] reheat + diversify: T=704.1, value=48234.0
    [iter 3998343] reheat + diversify: T=704.1, value=51953.0
    [iter 4004096] reheat + diversify: T=704.1, value=52611.0
    [iter 4009849] reheat + diversify: T=704.1, value=65308.0
    [iter 4015602] reheat + diversify: T=704.1, value=65308.0
    [iter 4021355] reheat + diversify: T=704.1, value=65308.0
    [iter 4027108] reheat + diversify: T=704.1, value=52611.0
    [iter 4032861] reheat + diversify: T=704.1, value=51953.0
    [iter 4038614] reheat + diversify: T=704.1, value=51953.0
    [iter 4044367] reheat + diversify: T=704.1, value=48234.0
    [iter 4050120] reheat + diversify: T=704.1, value=51953.0
    [iter 4055873] reheat + diversify: T=704.1, value=65308.0
    [iter 4061626] reheat + diversify: T=704.1, value=52611.0
    [iter 4067379] reheat + diversify: T=704.1, value=65308.0
    [iter 4073132] reheat + diversify: T=704.1, value=48234.0
    [iter 4078885] reheat + diversify: T=704.1, value=65308.0
    [iter 4084638] reheat + diversify: T=704.1, value=48234.0
    [iter 4090391] reheat + diversify: T=704.1, value=65308.0
    [iter 4096144] reheat + diversify: T=704.1, value=48234.0
    [iter 4101897] reheat + diversify: T=704.1, value=65308.0
    [iter 4107650] reheat + diversify: T=704.1, value=48234.0
    [iter 4113403] reheat + diversify: T=704.1, value=52611.0
    [iter 4119156] reheat + diversify: T=704.1, value=51953.0
    [iter 4124909] reheat + diversify: T=704.1, value=52611.0
    [iter 4130662] reheat + diversify: T=704.1, value=65308.0
    [iter 4136415] reheat + diversify: T=704.1, value=51953.0
    [iter 4142168] reheat + diversify: T=704.1, value=65308.0
    [iter 4147921] reheat + diversify: T=704.1, value=52611.0
    [iter 4153674] reheat + diversify: T=704.1, value=51953.0
    [iter 4159427] reheat + diversify: T=704.1, value=65308.0
    [iter 4165180] reheat + diversify: T=704.1, value=65308.0
    [iter 4170933] reheat + diversify: T=704.1, value=52611.0
    [iter 4176686] reheat + diversify: T=704.1, value=65308.0
    [iter 4182439] reheat + diversify: T=704.1, value=48234.0
    [iter 4188192] reheat + diversify: T=704.1, value=65308.0
    [iter 4193945] reheat + diversify: T=704.1, value=65308.0
    [iter 4199698] reheat + diversify: T=704.1, value=52611.0
    [iter 4205451] reheat + diversify: T=704.1, value=65308.0
    [iter 4211204] reheat + diversify: T=704.1, value=52611.0
    [iter 4216957] reheat + diversify: T=704.1, value=51953.0
    [iter 4222710] reheat + diversify: T=704.1, value=65308.0
    [iter 4228463] reheat + diversify: T=704.1, value=65308.0
    [iter 4234216] reheat + diversify: T=704.1, value=39914.0
    [iter 4239969] reheat + diversify: T=704.1, value=65308.0
    [iter 4245722] reheat + diversify: T=704.1, value=52611.0
    [iter 4251475] reheat + diversify: T=704.1, value=51953.0
    [iter 4257228] reheat + diversify: T=704.1, value=48234.0
    [iter 4262981] reheat + diversify: T=704.1, value=52611.0
    [iter 4268734] reheat + diversify: T=704.1, value=52611.0
    [iter 4274487] reheat + diversify: T=704.1, value=65308.0
    [iter 4280240] reheat + diversify: T=704.1, value=48234.0
    [iter 4285993] reheat + diversify: T=704.1, value=52611.0
    [iter 4291746] reheat + diversify: T=704.1, value=65308.0
    [iter 4297499] reheat + diversify: T=704.1, value=52611.0
    [iter 4303252] reheat + diversify: T=704.1, value=52611.0
    [iter 4309005] reheat + diversify: T=704.1, value=65308.0
    [iter 4314758] reheat + diversify: T=704.1, value=65308.0
    [iter 4320511] reheat + diversify: T=704.1, value=52611.0
    [iter 4326264] reheat + diversify: T=704.1, value=52611.0
    [iter 4332017] reheat + diversify: T=704.1, value=48234.0
    [iter 4337770] reheat + diversify: T=704.1, value=65308.0
    [iter 4343523] reheat + diversify: T=704.1, value=52611.0
    [iter 4349276] reheat + diversify: T=704.1, value=51953.0
    [iter 4355029] reheat + diversify: T=704.1, value=48234.0
    [iter 4360782] reheat + diversify: T=704.1, value=65308.0
    [iter 4366535] reheat + diversify: T=704.1, value=52611.0
    [iter 4372288] reheat + diversify: T=704.1, value=47576.0
    [iter 4378041] reheat + diversify: T=704.1, value=65308.0
    [iter 4383794] reheat + diversify: T=704.1, value=51953.0
    [iter 4389547] reheat + diversify: T=704.1, value=51953.0
    [iter 4395300] reheat + diversify: T=704.1, value=65308.0
    [iter 4401053] reheat + diversify: T=704.1, value=65308.0
    [iter 4406806] reheat + diversify: T=704.1, value=52611.0
    [iter 4412559] reheat + diversify: T=704.1, value=48234.0
    [iter 4418312] reheat + diversify: T=704.1, value=65308.0
    [iter 4424065] reheat + diversify: T=704.1, value=48234.0
    [iter 4429818] reheat + diversify: T=704.1, value=51953.0
    [iter 4435571] reheat + diversify: T=704.1, value=52611.0
    [iter 4441324] reheat + diversify: T=704.1, value=52611.0
    [iter 4447077] reheat + diversify: T=704.1, value=51953.0
    [iter 4452830] reheat + diversify: T=704.1, value=52611.0
    [iter 4458583] reheat + diversify: T=704.1, value=65308.0
    [iter 4464336] reheat + diversify: T=704.1, value=47576.0
    [iter 4470089] reheat + diversify: T=704.1, value=65308.0
    [iter 4475842] reheat + diversify: T=704.1, value=52611.0
    [iter 4481595] reheat + diversify: T=704.1, value=52611.0
    [iter 4487348] reheat + diversify: T=704.1, value=51953.0
    [iter 4493101] reheat + diversify: T=704.1, value=48234.0
    [iter 4498854] reheat + diversify: T=704.1, value=65308.0
    [iter 4504607] reheat + diversify: T=704.1, value=51953.0
    [iter 4510360] reheat + diversify: T=704.1, value=65308.0
    [iter 4516113] reheat + diversify: T=704.1, value=51953.0
    [iter 4521866] reheat + diversify: T=704.1, value=52611.0
    [iter 4527619] reheat + diversify: T=704.1, value=65308.0
    [iter 4533372] reheat + diversify: T=704.1, value=65308.0
    [iter 4539125] reheat + diversify: T=704.1, value=65308.0
    [iter 4544878] reheat + diversify: T=704.1, value=48234.0
    [iter 4550631] reheat + diversify: T=704.1, value=65308.0
    [iter 4556384] reheat + diversify: T=704.1, value=48234.0
    [iter 4562137] reheat + diversify: T=704.1, value=65308.0
    [iter 4567890] reheat + diversify: T=704.1, value=65308.0
    [iter 4573643] reheat + diversify: T=704.1, value=65308.0
    [iter 4579396] reheat + diversify: T=704.1, value=48234.0
    [iter 4585149] reheat + diversify: T=704.1, value=52611.0
    [iter 4590902] reheat + diversify: T=704.1, value=51953.0
    [iter 4596655] reheat + diversify: T=704.1, value=65308.0
    [iter 4602408] reheat + diversify: T=704.1, value=65308.0
    [iter 4608161] reheat + diversify: T=704.1, value=65308.0
    [iter 4613914] reheat + diversify: T=704.1, value=65308.0
    [iter 4619667] reheat + diversify: T=704.1, value=65308.0
    [iter 4625420] reheat + diversify: T=704.1, value=65308.0
    [iter 4631173] reheat + diversify: T=704.1, value=65308.0
    [iter 4636926] reheat + diversify: T=704.1, value=52611.0
    [iter 4642679] reheat + diversify: T=704.1, value=65308.0
    [iter 4648432] reheat + diversify: T=704.1, value=48234.0
    [iter 4654185] reheat + diversify: T=704.1, value=65308.0
    [iter 4659938] reheat + diversify: T=704.1, value=51953.0
    [iter 4665691] reheat + diversify: T=704.1, value=65308.0
    [iter 4671444] reheat + diversify: T=704.1, value=65308.0
    [iter 4677197] reheat + diversify: T=704.1, value=51953.0
    [iter 4682950] reheat + diversify: T=704.1, value=65308.0
    [iter 4688703] reheat + diversify: T=704.1, value=52611.0
    [iter 4694456] reheat + diversify: T=704.1, value=65308.0
    [iter 4700209] reheat + diversify: T=704.1, value=65308.0
    [iter 4705962] reheat + diversify: T=704.1, value=65308.0
    [iter 4711715] reheat + diversify: T=704.1, value=65308.0
    [iter 4717468] reheat + diversify: T=704.1, value=51953.0
    [iter 4723221] reheat + diversify: T=704.1, value=65308.0
    [iter 4728974] reheat + diversify: T=704.1, value=65308.0
    [iter 4734727] reheat + diversify: T=704.1, value=52611.0
    [iter 4740480] reheat + diversify: T=704.1, value=52611.0
    [iter 4746233] reheat + diversify: T=704.1, value=65308.0
    [iter 4751986] reheat + diversify: T=704.1, value=52611.0
    [iter 4757739] reheat + diversify: T=704.1, value=65308.0
    [iter 4763492] reheat + diversify: T=704.1, value=65308.0
    [iter 4769245] reheat + diversify: T=704.1, value=48234.0
    [iter 4774998] reheat + diversify: T=704.1, value=65308.0
    [iter 4780751] reheat + diversify: T=704.1, value=51953.0
    [iter 4786504] reheat + diversify: T=704.1, value=52611.0
    [iter 4792257] reheat + diversify: T=704.1, value=65308.0
    [iter 4798010] reheat + diversify: T=704.1, value=65308.0
    [iter 4803763] reheat + diversify: T=704.1, value=52611.0
    [iter 4809516] reheat + diversify: T=704.1, value=65308.0
    [iter 4815269] reheat + diversify: T=704.1, value=65308.0
    [iter 4821022] reheat + diversify: T=704.1, value=65308.0
    [iter 4826775] reheat + diversify: T=704.1, value=51953.0
    [iter 4832528] reheat + diversify: T=704.1, value=52611.0
    [iter 4838281] reheat + diversify: T=704.1, value=52611.0
    [iter 4844034] reheat + diversify: T=704.1, value=65308.0
    [iter 4849787] reheat + diversify: T=704.1, value=47576.0
    [iter 4855540] reheat + diversify: T=704.1, value=51953.0
    [iter 4861293] reheat + diversify: T=704.1, value=65308.0
    [iter 4867046] reheat + diversify: T=704.1, value=65308.0
    [iter 4872799] reheat + diversify: T=704.1, value=51953.0
    [iter 4878552] reheat + diversify: T=704.1, value=65308.0
    [iter 4884305] reheat + diversify: T=704.1, value=65308.0
    [iter 4890058] reheat + diversify: T=704.1, value=65308.0
    [iter 4895811] reheat + diversify: T=704.1, value=65308.0
    [iter 4901564] reheat + diversify: T=704.1, value=65308.0
    [iter 4907317] reheat + diversify: T=704.1, value=65308.0
    [iter 4913070] reheat + diversify: T=704.1, value=52611.0
    [iter 4918823] reheat + diversify: T=704.1, value=52611.0
    [iter 4924576] reheat + diversify: T=704.1, value=65308.0
    [iter 4930329] reheat + diversify: T=704.1, value=48234.0
    [iter 4936082] reheat + diversify: T=704.1, value=52611.0
    [iter 4941835] reheat + diversify: T=704.1, value=65308.0
    [iter 4947588] reheat + diversify: T=704.1, value=65308.0
    [iter 4953341] reheat + diversify: T=704.1, value=48234.0
    [iter 4959094] reheat + diversify: T=704.1, value=65308.0
    [iter 4964847] reheat + diversify: T=704.1, value=52611.0
    [iter 4970600] reheat + diversify: T=704.1, value=39914.0
    [iter 4976353] reheat + diversify: T=704.1, value=52611.0
    [iter 4982106] reheat + diversify: T=704.1, value=65308.0
    [iter 4987859] reheat + diversify: T=704.1, value=52611.0
    [iter 4993612] reheat + diversify: T=704.1, value=48234.0
    [iter 4999365] reheat + diversify: T=704.1, value=51953.0
    [iter 5005118] reheat + diversify: T=704.1, value=51953.0
    [iter 5010871] reheat + diversify: T=704.1, value=51953.0
    [iter 5016624] reheat + diversify: T=704.1, value=65308.0
    [iter 5022377] reheat + diversify: T=704.1, value=65308.0
    [iter 5028130] reheat + diversify: T=704.1, value=48234.0
    [iter 5033883] reheat + diversify: T=704.1, value=48234.0
    [iter 5039636] reheat + diversify: T=704.1, value=65308.0
    [iter 5045389] reheat + diversify: T=704.1, value=51953.0
    [iter 5051142] reheat + diversify: T=704.1, value=65308.0
    [iter 5056895] reheat + diversify: T=704.1, value=51953.0
    [iter 5062648] reheat + diversify: T=704.1, value=65308.0
    [iter 5068401] reheat + diversify: T=704.1, value=51953.0
    [iter 5074154] reheat + diversify: T=704.1, value=52611.0
    [iter 5079907] reheat + diversify: T=704.1, value=51953.0
    [iter 5085660] reheat + diversify: T=704.1, value=65308.0
    [iter 5091413] reheat + diversify: T=704.1, value=52611.0
    [iter 5097166] reheat + diversify: T=704.1, value=65308.0
    [iter 5102919] reheat + diversify: T=704.1, value=51953.0
    [iter 5108672] reheat + diversify: T=704.1, value=52611.0
    [iter 5114425] reheat + diversify: T=704.1, value=48234.0
    [iter 5120178] reheat + diversify: T=704.1, value=65308.0
    [iter 5125931] reheat + diversify: T=704.1, value=65308.0
    [iter 5131684] reheat + diversify: T=704.1, value=51953.0
    [iter 5137437] reheat + diversify: T=704.1, value=65308.0
    [iter 5143190] reheat + diversify: T=704.1, value=65308.0
    [iter 5148943] reheat + diversify: T=704.1, value=65308.0
    [iter 5154696] reheat + diversify: T=704.1, value=52611.0
    [iter 5160449] reheat + diversify: T=704.1, value=39914.0
    [iter 5166202] reheat + diversify: T=704.1, value=48234.0
    [iter 5171955] reheat + diversify: T=704.1, value=65308.0
    [iter 5177708] reheat + diversify: T=704.1, value=65308.0
    [iter 5183461] reheat + diversify: T=704.1, value=51953.0
    [iter 5189214] reheat + diversify: T=704.1, value=65308.0
    [iter 5194967] reheat + diversify: T=704.1, value=65308.0
    [iter 5200720] reheat + diversify: T=704.1, value=52611.0
    [iter 5206473] reheat + diversify: T=704.1, value=65308.0
    [iter 5212226] reheat + diversify: T=704.1, value=51953.0
    [iter 5217979] reheat + diversify: T=704.1, value=52611.0
    [iter 5223732] reheat + diversify: T=704.1, value=52611.0
    [iter 5229485] reheat + diversify: T=704.1, value=52611.0
    [iter 5235238] reheat + diversify: T=704.1, value=65308.0
    [iter 5240991] reheat + diversify: T=704.1, value=65308.0
    [iter 5246744] reheat + diversify: T=704.1, value=52611.0
    [iter 5252497] reheat + diversify: T=704.1, value=52611.0
    [iter 5258250] reheat + diversify: T=704.1, value=51953.0
    [iter 5264003] reheat + diversify: T=704.1, value=48234.0
    [iter 5269756] reheat + diversify: T=704.1, value=65308.0
    [iter 5275509] reheat + diversify: T=704.1, value=48234.0
    [iter 5281262] reheat + diversify: T=704.1, value=65308.0
    [iter 5287015] reheat + diversify: T=704.1, value=48234.0
    [iter 5292768] reheat + diversify: T=704.1, value=65308.0
    [iter 5298521] reheat + diversify: T=704.1, value=65308.0
    [iter 5304274] reheat + diversify: T=704.1, value=52611.0
    [iter 5310027] reheat + diversify: T=704.1, value=52611.0
    [iter 5315780] reheat + diversify: T=704.1, value=48234.0
    [iter 5321533] reheat + diversify: T=704.1, value=65308.0
    [iter 5327286] reheat + diversify: T=704.1, value=65308.0
    [iter 5333039] reheat + diversify: T=704.1, value=65308.0
    [iter 5338792] reheat + diversify: T=704.1, value=52611.0
    [iter 5344545] reheat + diversify: T=704.1, value=65308.0
    [iter 5350298] reheat + diversify: T=704.1, value=65308.0
    [iter 5356051] reheat + diversify: T=704.1, value=52611.0
    [iter 5361804] reheat + diversify: T=704.1, value=47576.0
    [iter 5367557] reheat + diversify: T=704.1, value=52611.0
    [iter 5373310] reheat + diversify: T=704.1, value=65308.0
    [iter 5379063] reheat + diversify: T=704.1, value=65308.0
    [iter 5384816] reheat + diversify: T=704.1, value=65308.0
    [iter 5390569] reheat + diversify: T=704.1, value=65308.0
    [iter 5396322] reheat + diversify: T=704.1, value=65308.0
    [iter 5402075] reheat + diversify: T=704.1, value=51953.0
    [iter 5407828] reheat + diversify: T=704.1, value=52611.0
    [iter 5413581] reheat + diversify: T=704.1, value=65308.0
    [iter 5419334] reheat + diversify: T=704.1, value=52611.0
    [iter 5425087] reheat + diversify: T=704.1, value=52611.0
    [iter 5430840] reheat + diversify: T=704.1, value=48234.0
    [iter 5436593] reheat + diversify: T=704.1, value=65308.0
    [iter 5442346] reheat + diversify: T=704.1, value=65308.0
    [iter 5448099] reheat + diversify: T=704.1, value=65308.0
    [iter 5453852] reheat + diversify: T=704.1, value=51953.0
    [iter 5459605] reheat + diversify: T=704.1, value=48234.0
    [iter 5465358] reheat + diversify: T=704.1, value=65308.0
    [iter 5471111] reheat + diversify: T=704.1, value=65308.0
    [iter 5476864] reheat + diversify: T=704.1, value=47576.0
    [iter 5482617] reheat + diversify: T=704.1, value=65308.0
    [iter 5488370] reheat + diversify: T=704.1, value=65308.0
    [iter 5494123] reheat + diversify: T=704.1, value=48234.0
    [iter 5499876] reheat + diversify: T=704.1, value=65308.0
    [iter 5505629] reheat + diversify: T=704.1, value=65308.0
    [iter 5511382] reheat + diversify: T=704.1, value=65308.0
    [iter 5517135] reheat + diversify: T=704.1, value=52611.0
    [iter 5522888] reheat + diversify: T=704.1, value=65308.0
    [iter 5528641] reheat + diversify: T=704.1, value=51953.0
    [iter 5534394] reheat + diversify: T=704.1, value=65308.0
    [iter 5540147] reheat + diversify: T=704.1, value=47576.0
    [iter 5545900] reheat + diversify: T=704.1, value=48234.0
    [iter 5551653] reheat + diversify: T=704.1, value=65308.0
    [iter 5557406] reheat + diversify: T=704.1, value=52611.0
    [iter 5563159] reheat + diversify: T=704.1, value=65308.0
    [iter 5568912] reheat + diversify: T=704.1, value=52611.0
    [iter 5574665] reheat + diversify: T=704.1, value=52611.0
    [iter 5580418] reheat + diversify: T=704.1, value=52611.0
    [iter 5586171] reheat + diversify: T=704.1, value=52611.0
    [iter 5591924] reheat + diversify: T=704.1, value=65308.0
    [iter 5597677] reheat + diversify: T=704.1, value=65308.0
    [iter 5603430] reheat + diversify: T=704.1, value=65308.0
    [iter 5609183] reheat + diversify: T=704.1, value=51953.0
    [iter 5614936] reheat + diversify: T=704.1, value=65308.0
    [iter 5620689] reheat + diversify: T=704.1, value=51953.0
    [iter 5626442] reheat + diversify: T=704.1, value=48234.0
    [iter 5632195] reheat + diversify: T=704.1, value=51953.0
    [iter 5637948] reheat + diversify: T=704.1, value=65308.0
    [iter 5643701] reheat + diversify: T=704.1, value=65308.0
    [iter 5649454] reheat + diversify: T=704.1, value=65308.0
    [iter 5655207] reheat + diversify: T=704.1, value=65308.0
    [iter 5660960] reheat + diversify: T=704.1, value=65308.0
    [iter 5666713] reheat + diversify: T=704.1, value=52611.0
    [iter 5672466] reheat + diversify: T=704.1, value=51953.0
    [iter 5678219] reheat + diversify: T=704.1, value=65308.0
    [iter 5683972] reheat + diversify: T=704.1, value=51953.0
    [iter 5689725] reheat + diversify: T=704.1, value=52611.0
    [iter 5695478] reheat + diversify: T=704.1, value=52611.0
    [iter 5701231] reheat + diversify: T=704.1, value=65308.0
    [iter 5706984] reheat + diversify: T=704.1, value=51953.0
    [iter 5712737] reheat + diversify: T=704.1, value=65308.0
    [iter 5718490] reheat + diversify: T=704.1, value=65308.0
    [iter 5724243] reheat + diversify: T=704.1, value=65308.0
    [iter 5729996] reheat + diversify: T=704.1, value=65308.0
    [iter 5735749] reheat + diversify: T=704.1, value=48234.0
    [iter 5741502] reheat + diversify: T=704.1, value=65308.0
    [iter 5747255] reheat + diversify: T=704.1, value=51953.0
    [iter 5753008] reheat + diversify: T=704.1, value=65308.0
    [iter 5758761] reheat + diversify: T=704.1, value=65308.0
    [iter 5764514] reheat + diversify: T=704.1, value=65308.0
    [iter 5770267] reheat + diversify: T=704.1, value=48234.0
    [iter 5776020] reheat + diversify: T=704.1, value=65308.0
    [iter 5781773] reheat + diversify: T=704.1, value=65308.0
    [iter 5787526] reheat + diversify: T=704.1, value=65308.0
    [iter 5793279] reheat + diversify: T=704.1, value=65308.0
    [iter 5799032] reheat + diversify: T=704.1, value=65308.0
    [iter 5804785] reheat + diversify: T=704.1, value=51953.0
    [iter 5810538] reheat + diversify: T=704.1, value=52611.0
    [iter 5816291] reheat + diversify: T=704.1, value=48234.0
    [iter 5822044] reheat + diversify: T=704.1, value=52611.0
    [iter 5827797] reheat + diversify: T=704.1, value=65308.0
    [iter 5833550] reheat + diversify: T=704.1, value=65308.0
    [iter 5839303] reheat + diversify: T=704.1, value=65308.0
    [iter 5845056] reheat + diversify: T=704.1, value=51953.0
    [iter 5850809] reheat + diversify: T=704.1, value=65308.0
    [iter 5856562] reheat + diversify: T=704.1, value=47576.0
    [iter 5862315] reheat + diversify: T=704.1, value=65308.0
    [iter 5868068] reheat + diversify: T=704.1, value=47576.0
    [iter 5873821] reheat + diversify: T=704.1, value=65308.0
    [iter 5879574] reheat + diversify: T=704.1, value=48234.0
    [iter 5885327] reheat + diversify: T=704.1, value=47576.0
    [iter 5891080] reheat + diversify: T=704.1, value=52611.0
    [iter 5896833] reheat + diversify: T=704.1, value=65308.0
    [iter 5902586] reheat + diversify: T=704.1, value=51953.0
    [iter 5908339] reheat + diversify: T=704.1, value=51953.0
    [iter 5914092] reheat + diversify: T=704.1, value=65308.0
    [iter 5919845] reheat + diversify: T=704.1, value=52611.0
    [iter 5925598] reheat + diversify: T=704.1, value=65308.0
    [iter 5931351] reheat + diversify: T=704.1, value=65308.0
    [iter 5937104] reheat + diversify: T=704.1, value=51953.0
    [iter 5942857] reheat + diversify: T=704.1, value=52611.0
    [iter 5948610] reheat + diversify: T=704.1, value=52611.0
    [iter 5954363] reheat + diversify: T=704.1, value=52611.0
    [iter 5960116] reheat + diversify: T=704.1, value=48234.0
    [iter 5965869] reheat + diversify: T=704.1, value=51953.0
    [iter 5971622] reheat + diversify: T=704.1, value=51953.0
    [iter 5977375] reheat + diversify: T=704.1, value=65308.0
    [iter 5983128] reheat + diversify: T=704.1, value=48234.0
    [iter 5988881] reheat + diversify: T=704.1, value=65308.0
    [iter 5994634] reheat + diversify: T=704.1, value=52611.0
    [iter 6000387] reheat + diversify: T=704.1, value=47576.0
    [iter 6006140] reheat + diversify: T=704.1, value=48234.0
    [iter 6011893] reheat + diversify: T=704.1, value=52611.0
    [iter 6017646] reheat + diversify: T=704.1, value=52611.0
    [iter 6023399] reheat + diversify: T=704.1, value=52611.0
    [iter 6029152] reheat + diversify: T=704.1, value=65308.0
    [iter 6034905] reheat + diversify: T=704.1, value=65308.0
    [iter 6040658] reheat + diversify: T=704.1, value=65308.0
    [iter 6046411] reheat + diversify: T=704.1, value=65308.0
    [iter 6052164] reheat + diversify: T=704.1, value=51953.0
    [iter 6057917] reheat + diversify: T=704.1, value=65308.0
    [iter 6063670] reheat + diversify: T=704.1, value=52611.0
    [iter 6069423] reheat + diversify: T=704.1, value=52611.0
    [iter 6075176] reheat + diversify: T=704.1, value=48234.0
    [iter 6080929] reheat + diversify: T=704.1, value=51953.0
    [iter 6086682] reheat + diversify: T=704.1, value=51953.0
    [iter 6092435] reheat + diversify: T=704.1, value=48234.0
    [iter 6098188] reheat + diversify: T=704.1, value=65308.0
    [iter 6103941] reheat + diversify: T=704.1, value=65308.0
    [iter 6109694] reheat + diversify: T=704.1, value=65308.0
    [iter 6115447] reheat + diversify: T=704.1, value=51953.0
    [iter 6121200] reheat + diversify: T=704.1, value=65308.0
    [iter 6126953] reheat + diversify: T=704.1, value=51953.0
    [iter 6132706] reheat + diversify: T=704.1, value=51953.0
    [iter 6138459] reheat + diversify: T=704.1, value=51953.0
    [iter 6144212] reheat + diversify: T=704.1, value=51953.0
    [iter 6149965] reheat + diversify: T=704.1, value=65308.0
    [iter 6155718] reheat + diversify: T=704.1, value=65308.0
    [iter 6161471] reheat + diversify: T=704.1, value=52611.0
    [iter 6167224] reheat + diversify: T=704.1, value=65308.0
    [iter 6172977] reheat + diversify: T=704.1, value=51953.0
    [iter 6178730] reheat + diversify: T=704.1, value=52611.0
    [iter 6184483] reheat + diversify: T=704.1, value=65308.0
    [iter 6190236] reheat + diversify: T=704.1, value=51953.0
    [iter 6195989] reheat + diversify: T=704.1, value=65308.0
    [iter 6201742] reheat + diversify: T=704.1, value=65308.0
    [iter 6207495] reheat + diversify: T=704.1, value=48234.0
    [iter 6213248] reheat + diversify: T=704.1, value=52611.0
    [iter 6219001] reheat + diversify: T=704.1, value=65308.0
    [iter 6224754] reheat + diversify: T=704.1, value=47576.0
    [iter 6230507] reheat + diversify: T=704.1, value=65308.0
    [iter 6236260] reheat + diversify: T=704.1, value=51953.0
    [iter 6242013] reheat + diversify: T=704.1, value=52611.0
    [iter 6247766] reheat + diversify: T=704.1, value=65308.0
    [iter 6253519] reheat + diversify: T=704.1, value=65308.0
    [iter 6259272] reheat + diversify: T=704.1, value=48234.0
    [iter 6265025] reheat + diversify: T=704.1, value=65308.0
    [iter 6270778] reheat + diversify: T=704.1, value=52611.0
    [iter 6276531] reheat + diversify: T=704.1, value=51953.0
    [iter 6282284] reheat + diversify: T=704.1, value=51953.0
    [iter 6288037] reheat + diversify: T=704.1, value=65308.0
    [iter 6293790] reheat + diversify: T=704.1, value=39914.0
    [iter 6299543] reheat + diversify: T=704.1, value=65308.0
    [iter 6305296] reheat + diversify: T=704.1, value=52611.0
    [iter 6311049] reheat + diversify: T=704.1, value=65308.0
    [iter 6316802] reheat + diversify: T=704.1, value=52611.0
    [iter 6322555] reheat + diversify: T=704.1, value=48234.0
    [iter 6328308] reheat + diversify: T=704.1, value=65308.0
    [iter 6334061] reheat + diversify: T=704.1, value=51953.0
    [iter 6339814] reheat + diversify: T=704.1, value=65308.0
    [iter 6345567] reheat + diversify: T=704.1, value=65308.0
    [iter 6351320] reheat + diversify: T=704.1, value=65308.0
    [iter 6357073] reheat + diversify: T=704.1, value=52611.0
    [iter 6362826] reheat + diversify: T=704.1, value=65308.0
    [iter 6368579] reheat + diversify: T=704.1, value=51953.0
    [iter 6374332] reheat + diversify: T=704.1, value=47576.0
    [iter 6380085] reheat + diversify: T=704.1, value=65308.0
    [iter 6385838] reheat + diversify: T=704.1, value=51953.0
    [iter 6391591] reheat + diversify: T=704.1, value=52611.0
    [iter 6397344] reheat + diversify: T=704.1, value=52611.0
    [iter 6403097] reheat + diversify: T=704.1, value=65308.0
  time limit reached at iteration 6405708
  SA finished: 6405708 iterations in 300.0s (21352 it/s), accepted 4905358 (76.6%), rejected 1500349, no-move draws 0, reheats 1113
  SA: value 65308.0 (greedy 56330.0, +8978.0), bound 126214.6, gap 48.26%, util 47.7%
  report -> /home/mcaspar/3DMHKP/results_3DMHKP_ep3/ep3-20-C-C-50-3DMHKP-SA-a0.999-r0.25-t300s.txt

================================================================================================
SUMMARY
================================================================================================
instance      boxes  packed       greedy     SA value        bound      gap    util    iters    time
------------------------------------------------------------------------------------------------
ep3-20-C-C-50     20      11      56330.0      65308.0     126214.6   48.3%   47.7%  6405708  300.0s
------------------------------------------------------------------------------------------------
proven optimal (value reaches the upper bound): 0/1
improved over greedy: 1/1 (total value 56330.0 -> 65308.0, +15.94%)
mean gap to continuous-knapsack bound: 48.3%
mean volume utilization: 47.7%
