============================================================
  Solver:     3DMHKP-SA.py
  Instance:   /home/mcaspar/3DMHKP/Egeblad/ep3-20-C-C-90.txt
  Value mode: flat
  Timelimit:  300s
  Reports:    /home/mcaspar/3DMHKP/results_3DMHKP_ep3
  CPUs:       1
============================================================
======================================================================
3DMHKP Simulated Annealing (random single-neighbour, sequence decoder)
SA params: T0=5% of f(S_0), alpha=0.999, T_min=0.001, reheat_threshold=5753, reheat_fraction=0.25
Move weights: {'relocate': 0.0, 'swap': 1.0, '2opt': 0.0, 'promote': 1.5, 'demote': 1.5, 'orient': 1.0, 'container': 0.5}
Time limit: 300.0s per instance, seed 399496323
======================================================================

======================================================================
ep3-20-C-C-90: 20 boxes (5 types), 1 containers (1 types)
  continuous-knapsack bound: 156253.7
  initial (value-density) decode: value 59978.0 (13/20 boxes)
  T0 = 2998.9 (5% of the initial objective)
    [iter 1] *** NEW BEST: value 62826.0, boxes 13/20, T=2998.9, elapsed=0.0s
    [iter 7] *** NEW BEST: value 77276.0, boxes 14/20, T=2981.0, elapsed=0.0s
    [iter 13] *** NEW BEST: value 80124.0, boxes 14/20, T=2963.1, elapsed=0.0s
    [iter 5766] reheat + diversify: T=749.7, value=58662.0
    [iter 11519] reheat + diversify: T=749.7, value=77276.0
    [iter 17272] reheat + diversify: T=749.7, value=80124.0
    [iter 23025] reheat + diversify: T=749.7, value=80124.0
    [iter 28778] reheat + diversify: T=749.7, value=77276.0
    [iter 34531] reheat + diversify: T=749.7, value=80124.0
    [iter 40284] reheat + diversify: T=749.7, value=58662.0
    [iter 46037] reheat + diversify: T=749.7, value=77276.0
    [iter 51790] reheat + diversify: T=749.7, value=80124.0
    [iter 57543] reheat + diversify: T=749.7, value=61510.0
    [iter 63296] reheat + diversify: T=749.7, value=80124.0
    [iter 69049] reheat + diversify: T=749.7, value=55814.0
    [iter 74802] reheat + diversify: T=749.7, value=62168.0
    [iter 80555] reheat + diversify: T=749.7, value=58662.0
    [iter 86308] reheat + diversify: T=749.7, value=80124.0
    [iter 92061] reheat + diversify: T=749.7, value=80124.0
    [iter 97814] reheat + diversify: T=749.7, value=80124.0
    [iter 103567] reheat + diversify: T=749.7, value=80124.0
    [iter 109320] reheat + diversify: T=749.7, value=61510.0
    [iter 115073] reheat + diversify: T=749.7, value=61510.0
    [iter 120826] reheat + diversify: T=749.7, value=61510.0
    [iter 126579] reheat + diversify: T=749.7, value=58662.0
    [iter 132332] reheat + diversify: T=749.7, value=80124.0
    [iter 138085] reheat + diversify: T=749.7, value=61510.0
    [iter 143838] reheat + diversify: T=749.7, value=77276.0
    [iter 149591] reheat + diversify: T=749.7, value=58662.0
    [iter 155344] reheat + diversify: T=749.7, value=80124.0
    [iter 161097] reheat + diversify: T=749.7, value=58662.0
    [iter 166850] reheat + diversify: T=749.7, value=80124.0
    [iter 172603] reheat + diversify: T=749.7, value=77276.0
    [iter 178356] reheat + diversify: T=749.7, value=80124.0
    [iter 184109] reheat + diversify: T=749.7, value=58662.0
    [iter 189862] reheat + diversify: T=749.7, value=55814.0
    [iter 195615] reheat + diversify: T=749.7, value=61510.0
    [iter 201368] reheat + diversify: T=749.7, value=77276.0
    [iter 207121] reheat + diversify: T=749.7, value=80124.0
    [iter 212874] reheat + diversify: T=749.7, value=80124.0
    [iter 218627] reheat + diversify: T=749.7, value=61510.0
    [iter 224380] reheat + diversify: T=749.7, value=80124.0
    [iter 230133] reheat + diversify: T=749.7, value=58662.0
    [iter 235886] reheat + diversify: T=749.7, value=58662.0
    [iter 241639] reheat + diversify: T=749.7, value=80124.0
    [iter 247392] reheat + diversify: T=749.7, value=58662.0
    [iter 253145] reheat + diversify: T=749.7, value=58662.0
    [iter 258898] reheat + diversify: T=749.7, value=80124.0
    [iter 264651] reheat + diversify: T=749.7, value=77276.0
    [iter 270404] reheat + diversify: T=749.7, value=58662.0
    [iter 276157] reheat + diversify: T=749.7, value=80124.0
    [iter 281910] reheat + diversify: T=749.7, value=77276.0
    [iter 287663] reheat + diversify: T=749.7, value=61510.0
    [iter 293416] reheat + diversify: T=749.7, value=80124.0
    [iter 299169] reheat + diversify: T=749.7, value=80124.0
    [iter 304922] reheat + diversify: T=749.7, value=77276.0
    [iter 310675] reheat + diversify: T=749.7, value=80124.0
    [iter 316428] reheat + diversify: T=749.7, value=58662.0
    [iter 322181] reheat + diversify: T=749.7, value=61510.0
    [iter 327934] reheat + diversify: T=749.7, value=80124.0
    [iter 333687] reheat + diversify: T=749.7, value=58662.0
    [iter 339440] reheat + diversify: T=749.7, value=58662.0
    [iter 345193] reheat + diversify: T=749.7, value=80124.0
    [iter 350946] reheat + diversify: T=749.7, value=80124.0
    [iter 356699] reheat + diversify: T=749.7, value=80124.0
    [iter 362452] reheat + diversify: T=749.7, value=55814.0
    [iter 368205] reheat + diversify: T=749.7, value=80124.0
    [iter 373958] reheat + diversify: T=749.7, value=77276.0
    [iter 379711] reheat + diversify: T=749.7, value=61510.0
    [iter 385464] reheat + diversify: T=749.7, value=80124.0
    [iter 391217] reheat + diversify: T=749.7, value=61510.0
    [iter 396970] reheat + diversify: T=749.7, value=80124.0
    [iter 402723] reheat + diversify: T=749.7, value=80124.0
    [iter 408476] reheat + diversify: T=749.7, value=80124.0
    [iter 414229] reheat + diversify: T=749.7, value=58662.0
    [iter 419982] reheat + diversify: T=749.7, value=61510.0
    [iter 425735] reheat + diversify: T=749.7, value=77276.0
    [iter 431488] reheat + diversify: T=749.7, value=80124.0
    [iter 437241] reheat + diversify: T=749.7, value=61510.0
    [iter 442994] reheat + diversify: T=749.7, value=77276.0
    [iter 448747] reheat + diversify: T=749.7, value=77276.0
    [iter 454500] reheat + diversify: T=749.7, value=55814.0
    [iter 460253] reheat + diversify: T=749.7, value=61510.0
    [iter 466006] reheat + diversify: T=749.7, value=61510.0
    [iter 471759] reheat + diversify: T=749.7, value=80124.0
    [iter 477512] reheat + diversify: T=749.7, value=61510.0
    [iter 483265] reheat + diversify: T=749.7, value=77276.0
    [iter 489018] reheat + diversify: T=749.7, value=80124.0
    [iter 494771] reheat + diversify: T=749.7, value=55814.0
    [iter 500524] reheat + diversify: T=749.7, value=80124.0
    [iter 506277] reheat + diversify: T=749.7, value=58662.0
    [iter 512030] reheat + diversify: T=749.7, value=55814.0
    [iter 517783] reheat + diversify: T=749.7, value=77276.0
    [iter 523536] reheat + diversify: T=749.7, value=80124.0
    [iter 529289] reheat + diversify: T=749.7, value=77276.0
    [iter 535042] reheat + diversify: T=749.7, value=80124.0
    [iter 540795] reheat + diversify: T=749.7, value=80124.0
    [iter 546548] reheat + diversify: T=749.7, value=61510.0
    [iter 552301] reheat + diversify: T=749.7, value=61510.0
    [iter 558054] reheat + diversify: T=749.7, value=61510.0
    [iter 563807] reheat + diversify: T=749.7, value=61510.0
    [iter 569560] reheat + diversify: T=749.7, value=77276.0
    [iter 575313] reheat + diversify: T=749.7, value=58662.0
    [iter 581066] reheat + diversify: T=749.7, value=58662.0
    [iter 586819] reheat + diversify: T=749.7, value=58662.0
    [iter 592572] reheat + diversify: T=749.7, value=80124.0
    [iter 598325] reheat + diversify: T=749.7, value=80124.0
    [iter 604078] reheat + diversify: T=749.7, value=58662.0
    [iter 609831] reheat + diversify: T=749.7, value=58662.0
    [iter 615584] reheat + diversify: T=749.7, value=77276.0
    [iter 621337] reheat + diversify: T=749.7, value=58662.0
    [iter 627090] reheat + diversify: T=749.7, value=80124.0
    [iter 632843] reheat + diversify: T=749.7, value=80124.0
    [iter 638596] reheat + diversify: T=749.7, value=61510.0
    [iter 644349] reheat + diversify: T=749.7, value=61510.0
    [iter 650102] reheat + diversify: T=749.7, value=61510.0
    [iter 655855] reheat + diversify: T=749.7, value=58662.0
    [iter 661608] reheat + diversify: T=749.7, value=80124.0
    [iter 667361] reheat + diversify: T=749.7, value=80124.0
    [iter 673114] reheat + diversify: T=749.7, value=55814.0
    [iter 678867] reheat + diversify: T=749.7, value=77276.0
    [iter 684620] reheat + diversify: T=749.7, value=61510.0
    [iter 690373] reheat + diversify: T=749.7, value=77276.0
    [iter 696126] reheat + diversify: T=749.7, value=80124.0
    [iter 701879] reheat + diversify: T=749.7, value=61510.0
    [iter 707632] reheat + diversify: T=749.7, value=58662.0
    [iter 713385] reheat + diversify: T=749.7, value=58662.0
    [iter 719138] reheat + diversify: T=749.7, value=80124.0
    [iter 724891] reheat + diversify: T=749.7, value=80124.0
    [iter 730644] reheat + diversify: T=749.7, value=71146.0
    [iter 736397] reheat + diversify: T=749.7, value=61510.0
    [iter 742150] reheat + diversify: T=749.7, value=55814.0
    [iter 747903] reheat + diversify: T=749.7, value=80124.0
    [iter 753656] reheat + diversify: T=749.7, value=61510.0
    [iter 759409] reheat + diversify: T=749.7, value=58662.0
    [iter 765162] reheat + diversify: T=749.7, value=80124.0
    [iter 770915] reheat + diversify: T=749.7, value=77276.0
    [iter 776668] reheat + diversify: T=749.7, value=80124.0
    [iter 782421] reheat + diversify: T=749.7, value=58662.0
    [iter 788174] reheat + diversify: T=749.7, value=80124.0
    [iter 793927] reheat + diversify: T=749.7, value=61510.0
    [iter 799680] reheat + diversify: T=749.7, value=58662.0
    [iter 805433] reheat + diversify: T=749.7, value=68298.0
    [iter 811186] reheat + diversify: T=749.7, value=80124.0
    [iter 816939] reheat + diversify: T=749.7, value=77276.0
    [iter 822692] reheat + diversify: T=749.7, value=58662.0
    [iter 828445] reheat + diversify: T=749.7, value=58662.0
    [iter 834198] reheat + diversify: T=749.7, value=58662.0
    [iter 839951] reheat + diversify: T=749.7, value=77276.0
    [iter 845704] reheat + diversify: T=749.7, value=55814.0
    [iter 851457] reheat + diversify: T=749.7, value=61510.0
    [iter 857210] reheat + diversify: T=749.7, value=80124.0
    [iter 862963] reheat + diversify: T=749.7, value=55814.0
    [iter 868716] reheat + diversify: T=749.7, value=61510.0
    [iter 874469] reheat + diversify: T=749.7, value=80124.0
    [iter 880222] reheat + diversify: T=749.7, value=61510.0
    [iter 885975] reheat + diversify: T=749.7, value=80124.0
    [iter 891728] reheat + diversify: T=749.7, value=80124.0
    [iter 897481] reheat + diversify: T=749.7, value=80124.0
    [iter 903234] reheat + diversify: T=749.7, value=61510.0
    [iter 908987] reheat + diversify: T=749.7, value=61510.0
    [iter 914740] reheat + diversify: T=749.7, value=61510.0
    [iter 920493] reheat + diversify: T=749.7, value=77276.0
    [iter 926246] reheat + diversify: T=749.7, value=77276.0
    [iter 931999] reheat + diversify: T=749.7, value=80124.0
    [iter 937752] reheat + diversify: T=749.7, value=80124.0
    [iter 943505] reheat + diversify: T=749.7, value=77276.0
    [iter 949258] reheat + diversify: T=749.7, value=77276.0
    [iter 955011] reheat + diversify: T=749.7, value=58662.0
    [iter 960764] reheat + diversify: T=749.7, value=61510.0
    [iter 966517] reheat + diversify: T=749.7, value=61510.0
    [iter 972270] reheat + diversify: T=749.7, value=80124.0
    [iter 978023] reheat + diversify: T=749.7, value=58662.0
    [iter 983776] reheat + diversify: T=749.7, value=80124.0
    [iter 989529] reheat + diversify: T=749.7, value=58662.0
    [iter 995282] reheat + diversify: T=749.7, value=77276.0
    [iter 1001035] reheat + diversify: T=749.7, value=58662.0
    [iter 1006788] reheat + diversify: T=749.7, value=61510.0
    [iter 1012541] reheat + diversify: T=749.7, value=80124.0
    [iter 1018294] reheat + diversify: T=749.7, value=77276.0
    [iter 1024047] reheat + diversify: T=749.7, value=58662.0
    [iter 1029800] reheat + diversify: T=749.7, value=80124.0
    [iter 1035553] reheat + diversify: T=749.7, value=58662.0
    [iter 1041306] reheat + diversify: T=749.7, value=80124.0
    [iter 1047059] reheat + diversify: T=749.7, value=58662.0
    [iter 1052812] reheat + diversify: T=749.7, value=80124.0
    [iter 1058565] reheat + diversify: T=749.7, value=80124.0
    [iter 1064318] reheat + diversify: T=749.7, value=58662.0
    [iter 1070071] reheat + diversify: T=749.7, value=58662.0
    [iter 1075824] reheat + diversify: T=749.7, value=61510.0
    [iter 1081577] reheat + diversify: T=749.7, value=58662.0
    [iter 1087330] reheat + diversify: T=749.7, value=58662.0
    [iter 1093083] reheat + diversify: T=749.7, value=80124.0
    [iter 1098836] reheat + diversify: T=749.7, value=61510.0
    [iter 1104589] reheat + diversify: T=749.7, value=61510.0
    [iter 1110342] reheat + diversify: T=749.7, value=80124.0
    [iter 1116095] reheat + diversify: T=749.7, value=77276.0
    [iter 1121848] reheat + diversify: T=749.7, value=80124.0
    [iter 1127601] reheat + diversify: T=749.7, value=58662.0
    [iter 1133354] reheat + diversify: T=749.7, value=61510.0
    [iter 1139107] reheat + diversify: T=749.7, value=80124.0
    [iter 1144860] reheat + diversify: T=749.7, value=58662.0
    [iter 1150613] reheat + diversify: T=749.7, value=80124.0
    [iter 1156366] reheat + diversify: T=749.7, value=80124.0
    [iter 1162119] reheat + diversify: T=749.7, value=61510.0
    [iter 1167872] reheat + diversify: T=749.7, value=58662.0
    [iter 1173625] reheat + diversify: T=749.7, value=80124.0
    [iter 1179378] reheat + diversify: T=749.7, value=58662.0
    [iter 1185131] reheat + diversify: T=749.7, value=61510.0
    [iter 1190884] reheat + diversify: T=749.7, value=77276.0
    [iter 1196637] reheat + diversify: T=749.7, value=58662.0
    [iter 1202390] reheat + diversify: T=749.7, value=58662.0
    [iter 1208143] reheat + diversify: T=749.7, value=58662.0
    [iter 1213896] reheat + diversify: T=749.7, value=77276.0
    [iter 1219649] reheat + diversify: T=749.7, value=58662.0
    [iter 1225402] reheat + diversify: T=749.7, value=80124.0
    [iter 1231155] reheat + diversify: T=749.7, value=61510.0
    [iter 1236908] reheat + diversify: T=749.7, value=58662.0
    [iter 1242661] reheat + diversify: T=749.7, value=61510.0
    [iter 1248414] reheat + diversify: T=749.7, value=80124.0
    [iter 1254167] reheat + diversify: T=749.7, value=80124.0
    [iter 1259920] reheat + diversify: T=749.7, value=80124.0
    [iter 1265673] reheat + diversify: T=749.7, value=80124.0
    [iter 1271426] reheat + diversify: T=749.7, value=80124.0
    [iter 1277179] reheat + diversify: T=749.7, value=80124.0
    [iter 1282932] reheat + diversify: T=749.7, value=61510.0
    [iter 1288685] reheat + diversify: T=749.7, value=58662.0
    [iter 1294438] reheat + diversify: T=749.7, value=77276.0
    [iter 1300191] reheat + diversify: T=749.7, value=61510.0
    [iter 1305944] reheat + diversify: T=749.7, value=80124.0
    [iter 1311697] reheat + diversify: T=749.7, value=77276.0
    [iter 1317450] reheat + diversify: T=749.7, value=77276.0
    [iter 1323203] reheat + diversify: T=749.7, value=80124.0
    [iter 1328956] reheat + diversify: T=749.7, value=77276.0
    [iter 1334709] reheat + diversify: T=749.7, value=58662.0
    [iter 1340462] reheat + diversify: T=749.7, value=61510.0
    [iter 1346215] reheat + diversify: T=749.7, value=80124.0
    [iter 1351968] reheat + diversify: T=749.7, value=80124.0
    [iter 1357721] reheat + diversify: T=749.7, value=58662.0
    [iter 1363474] reheat + diversify: T=749.7, value=80124.0
    [iter 1369227] reheat + diversify: T=749.7, value=58662.0
    [iter 1374980] reheat + diversify: T=749.7, value=80124.0
    [iter 1380733] reheat + diversify: T=749.7, value=77276.0
    [iter 1386486] reheat + diversify: T=749.7, value=80124.0
    [iter 1392239] reheat + diversify: T=749.7, value=80124.0
    [iter 1397992] reheat + diversify: T=749.7, value=58662.0
    [iter 1403745] reheat + diversify: T=749.7, value=77276.0
    [iter 1409498] reheat + diversify: T=749.7, value=58662.0
    [iter 1415251] reheat + diversify: T=749.7, value=80124.0
    [iter 1421004] reheat + diversify: T=749.7, value=80124.0
    [iter 1426757] reheat + diversify: T=749.7, value=80124.0
    [iter 1432510] reheat + diversify: T=749.7, value=74428.0
    [iter 1438263] reheat + diversify: T=749.7, value=80124.0
    [iter 1444016] reheat + diversify: T=749.7, value=58662.0
    [iter 1449769] reheat + diversify: T=749.7, value=58662.0
    [iter 1455522] reheat + diversify: T=749.7, value=80124.0
    [iter 1461275] reheat + diversify: T=749.7, value=77276.0
    [iter 1467028] reheat + diversify: T=749.7, value=58662.0
    [iter 1472781] reheat + diversify: T=749.7, value=80124.0
    [iter 1478534] reheat + diversify: T=749.7, value=58662.0
    [iter 1484287] reheat + diversify: T=749.7, value=61510.0
    [iter 1490040] reheat + diversify: T=749.7, value=80124.0
    [iter 1495793] reheat + diversify: T=749.7, value=80124.0
    [iter 1501546] reheat + diversify: T=749.7, value=55814.0
    [iter 1507299] reheat + diversify: T=749.7, value=80124.0
    [iter 1513052] reheat + diversify: T=749.7, value=80124.0
    [iter 1518805] reheat + diversify: T=749.7, value=55814.0
    [iter 1524558] reheat + diversify: T=749.7, value=77276.0
    [iter 1530311] reheat + diversify: T=749.7, value=61510.0
    [iter 1536064] reheat + diversify: T=749.7, value=80124.0
    [iter 1541817] reheat + diversify: T=749.7, value=55814.0
    [iter 1547570] reheat + diversify: T=749.7, value=58662.0
    [iter 1553323] reheat + diversify: T=749.7, value=58662.0
    [iter 1559076] reheat + diversify: T=749.7, value=61510.0
    [iter 1564829] reheat + diversify: T=749.7, value=77276.0
    [iter 1570582] reheat + diversify: T=749.7, value=58662.0
    [iter 1576335] reheat + diversify: T=749.7, value=58662.0
    [iter 1582088] reheat + diversify: T=749.7, value=80124.0
    [iter 1587841] reheat + diversify: T=749.7, value=77276.0
    [iter 1593594] reheat + diversify: T=749.7, value=80124.0
    [iter 1599347] reheat + diversify: T=749.7, value=80124.0
    [iter 1605100] reheat + diversify: T=749.7, value=77276.0
    [iter 1610853] reheat + diversify: T=749.7, value=58662.0
    [iter 1616606] reheat + diversify: T=749.7, value=61510.0
    [iter 1622359] reheat + diversify: T=749.7, value=61510.0
    [iter 1628112] reheat + diversify: T=749.7, value=80124.0
    [iter 1633865] reheat + diversify: T=749.7, value=80124.0
    [iter 1639618] reheat + diversify: T=749.7, value=77276.0
    [iter 1645371] reheat + diversify: T=749.7, value=77276.0
    [iter 1651124] reheat + diversify: T=749.7, value=80124.0
    [iter 1656877] reheat + diversify: T=749.7, value=77276.0
    [iter 1662630] reheat + diversify: T=749.7, value=80124.0
    [iter 1668383] reheat + diversify: T=749.7, value=80124.0
    [iter 1674136] reheat + diversify: T=749.7, value=80124.0
    [iter 1679889] reheat + diversify: T=749.7, value=80124.0
    [iter 1685642] reheat + diversify: T=749.7, value=62168.0
    [iter 1691395] reheat + diversify: T=749.7, value=58662.0
    [iter 1697148] reheat + diversify: T=749.7, value=80124.0
    [iter 1702901] reheat + diversify: T=749.7, value=80124.0
    [iter 1708654] reheat + diversify: T=749.7, value=77276.0
    [iter 1714407] reheat + diversify: T=749.7, value=80124.0
    [iter 1720160] reheat + diversify: T=749.7, value=58662.0
    [iter 1725913] reheat + diversify: T=749.7, value=80124.0
    [iter 1731666] reheat + diversify: T=749.7, value=80124.0
    [iter 1737419] reheat + diversify: T=749.7, value=58662.0
    [iter 1743172] reheat + diversify: T=749.7, value=77276.0
    [iter 1748925] reheat + diversify: T=749.7, value=80124.0
    [iter 1754678] reheat + diversify: T=749.7, value=61510.0
    [iter 1760431] reheat + diversify: T=749.7, value=58662.0
    [iter 1766184] reheat + diversify: T=749.7, value=61510.0
    [iter 1771937] reheat + diversify: T=749.7, value=80124.0
    [iter 1777690] reheat + diversify: T=749.7, value=58662.0
    [iter 1783443] reheat + diversify: T=749.7, value=58662.0
    [iter 1789196] reheat + diversify: T=749.7, value=80124.0
    [iter 1794949] reheat + diversify: T=749.7, value=58662.0
    [iter 1800702] reheat + diversify: T=749.7, value=58662.0
    [iter 1806455] reheat + diversify: T=749.7, value=61510.0
    [iter 1812208] reheat + diversify: T=749.7, value=55814.0
    [iter 1817961] reheat + diversify: T=749.7, value=55814.0
    [iter 1823714] reheat + diversify: T=749.7, value=58662.0
    [iter 1829467] reheat + diversify: T=749.7, value=58662.0
    [iter 1835220] reheat + diversify: T=749.7, value=77276.0
    [iter 1840973] reheat + diversify: T=749.7, value=61510.0
    [iter 1846726] reheat + diversify: T=749.7, value=77276.0
    [iter 1852479] reheat + diversify: T=749.7, value=58662.0
    [iter 1858232] reheat + diversify: T=749.7, value=80124.0
    [iter 1863985] reheat + diversify: T=749.7, value=77276.0
    [iter 1869738] reheat + diversify: T=749.7, value=58662.0
    [iter 1875491] reheat + diversify: T=749.7, value=58662.0
    [iter 1881244] reheat + diversify: T=749.7, value=80124.0
    [iter 1886997] reheat + diversify: T=749.7, value=80124.0
    [iter 1892750] reheat + diversify: T=749.7, value=77276.0
    [iter 1898503] reheat + diversify: T=749.7, value=58662.0
    [iter 1904256] reheat + diversify: T=749.7, value=80124.0
    [iter 1910009] reheat + diversify: T=749.7, value=77276.0
    [iter 1915762] reheat + diversify: T=749.7, value=80124.0
    [iter 1921515] reheat + diversify: T=749.7, value=58662.0
    [iter 1927268] reheat + diversify: T=749.7, value=77276.0
    [iter 1933021] reheat + diversify: T=749.7, value=68298.0
    [iter 1938774] reheat + diversify: T=749.7, value=80124.0
    [iter 1944527] reheat + diversify: T=749.7, value=77276.0
    [iter 1950280] reheat + diversify: T=749.7, value=58662.0
    [iter 1956033] reheat + diversify: T=749.7, value=80124.0
    [iter 1961786] reheat + diversify: T=749.7, value=80124.0
    [iter 1967539] reheat + diversify: T=749.7, value=55814.0
    [iter 1973292] reheat + diversify: T=749.7, value=80124.0
    [iter 1979045] reheat + diversify: T=749.7, value=80124.0
    [iter 1984798] reheat + diversify: T=749.7, value=61510.0
    [iter 1990551] reheat + diversify: T=749.7, value=80124.0
    [iter 1996304] reheat + diversify: T=749.7, value=80124.0
    [iter 2002057] reheat + diversify: T=749.7, value=77276.0
    [iter 2007810] reheat + diversify: T=749.7, value=77276.0
    [iter 2013563] reheat + diversify: T=749.7, value=80124.0
    [iter 2019316] reheat + diversify: T=749.7, value=80124.0
    [iter 2025069] reheat + diversify: T=749.7, value=80124.0
    [iter 2030822] reheat + diversify: T=749.7, value=58662.0
    [iter 2036575] reheat + diversify: T=749.7, value=80124.0
    [iter 2042328] reheat + diversify: T=749.7, value=80124.0
    [iter 2048081] reheat + diversify: T=749.7, value=80124.0
    [iter 2053834] reheat + diversify: T=749.7, value=80124.0
    [iter 2059587] reheat + diversify: T=749.7, value=80124.0
    [iter 2065340] reheat + diversify: T=749.7, value=80124.0
    [iter 2071093] reheat + diversify: T=749.7, value=80124.0
    [iter 2076846] reheat + diversify: T=749.7, value=61510.0
    [iter 2082599] reheat + diversify: T=749.7, value=77276.0
    [iter 2088352] reheat + diversify: T=749.7, value=58662.0
    [iter 2094105] reheat + diversify: T=749.7, value=80124.0
    [iter 2099858] reheat + diversify: T=749.7, value=61510.0
    [iter 2105611] reheat + diversify: T=749.7, value=80124.0
    [iter 2111364] reheat + diversify: T=749.7, value=58662.0
    [iter 2117117] reheat + diversify: T=749.7, value=77276.0
    [iter 2122870] reheat + diversify: T=749.7, value=77276.0
    [iter 2128623] reheat + diversify: T=749.7, value=80124.0
    [iter 2134376] reheat + diversify: T=749.7, value=58662.0
    [iter 2140129] reheat + diversify: T=749.7, value=80124.0
    [iter 2145882] reheat + diversify: T=749.7, value=61510.0
    [iter 2151635] reheat + diversify: T=749.7, value=61510.0
    [iter 2157388] reheat + diversify: T=749.7, value=80124.0
    [iter 2163141] reheat + diversify: T=749.7, value=80124.0
    [iter 2168894] reheat + diversify: T=749.7, value=58662.0
    [iter 2174647] reheat + diversify: T=749.7, value=80124.0
    [iter 2180400] reheat + diversify: T=749.7, value=80124.0
    [iter 2186153] reheat + diversify: T=749.7, value=61510.0
    [iter 2191906] reheat + diversify: T=749.7, value=58662.0
    [iter 2197659] reheat + diversify: T=749.7, value=55814.0
    [iter 2203412] reheat + diversify: T=749.7, value=80124.0
    [iter 2209165] reheat + diversify: T=749.7, value=61510.0
    [iter 2214918] reheat + diversify: T=749.7, value=80124.0
    [iter 2220671] reheat + diversify: T=749.7, value=77276.0
    [iter 2226424] reheat + diversify: T=749.7, value=58662.0
    [iter 2232177] reheat + diversify: T=749.7, value=77276.0
    [iter 2237930] reheat + diversify: T=749.7, value=58662.0
    [iter 2243683] reheat + diversify: T=749.7, value=77276.0
    [iter 2249436] reheat + diversify: T=749.7, value=61510.0
    [iter 2255189] reheat + diversify: T=749.7, value=58662.0
    [iter 2260942] reheat + diversify: T=749.7, value=77276.0
    [iter 2266695] reheat + diversify: T=749.7, value=80124.0
    [iter 2272448] reheat + diversify: T=749.7, value=80124.0
    [iter 2278201] reheat + diversify: T=749.7, value=80124.0
    [iter 2283954] reheat + diversify: T=749.7, value=58662.0
    [iter 2289707] reheat + diversify: T=749.7, value=58662.0
    [iter 2295460] reheat + diversify: T=749.7, value=77276.0
    [iter 2301213] reheat + diversify: T=749.7, value=80124.0
    [iter 2306966] reheat + diversify: T=749.7, value=80124.0
    [iter 2312719] reheat + diversify: T=749.7, value=58662.0
    [iter 2318472] reheat + diversify: T=749.7, value=58662.0
    [iter 2324225] reheat + diversify: T=749.7, value=80124.0
    [iter 2329978] reheat + diversify: T=749.7, value=77276.0
    [iter 2335731] reheat + diversify: T=749.7, value=80124.0
    [iter 2341484] reheat + diversify: T=749.7, value=77276.0
    [iter 2347237] reheat + diversify: T=749.7, value=80124.0
    [iter 2352990] reheat + diversify: T=749.7, value=77276.0
    [iter 2358743] reheat + diversify: T=749.7, value=55814.0
    [iter 2364496] reheat + diversify: T=749.7, value=58662.0
    [iter 2370249] reheat + diversify: T=749.7, value=77276.0
    [iter 2376002] reheat + diversify: T=749.7, value=80124.0
    [iter 2381755] reheat + diversify: T=749.7, value=58662.0
    [iter 2387508] reheat + diversify: T=749.7, value=58662.0
    [iter 2393261] reheat + diversify: T=749.7, value=58662.0
    [iter 2399014] reheat + diversify: T=749.7, value=77276.0
    [iter 2404767] reheat + diversify: T=749.7, value=80124.0
    [iter 2410520] reheat + diversify: T=749.7, value=80124.0
    [iter 2416273] reheat + diversify: T=749.7, value=58662.0
    [iter 2422026] reheat + diversify: T=749.7, value=80124.0
    [iter 2427779] reheat + diversify: T=749.7, value=80124.0
    [iter 2433532] reheat + diversify: T=749.7, value=80124.0
    [iter 2439285] reheat + diversify: T=749.7, value=77276.0
    [iter 2445038] reheat + diversify: T=749.7, value=61510.0
    [iter 2450791] reheat + diversify: T=749.7, value=77276.0
    [iter 2456544] reheat + diversify: T=749.7, value=58662.0
    [iter 2462297] reheat + diversify: T=749.7, value=58662.0
    [iter 2468050] reheat + diversify: T=749.7, value=58662.0
    [iter 2473803] reheat + diversify: T=749.7, value=80124.0
    [iter 2479556] reheat + diversify: T=749.7, value=77276.0
    [iter 2485309] reheat + diversify: T=749.7, value=58662.0
    [iter 2491062] reheat + diversify: T=749.7, value=61510.0
    [iter 2496815] reheat + diversify: T=749.7, value=58662.0
    [iter 2502568] reheat + diversify: T=749.7, value=77276.0
    [iter 2508321] reheat + diversify: T=749.7, value=80124.0
    [iter 2514074] reheat + diversify: T=749.7, value=80124.0
    [iter 2519827] reheat + diversify: T=749.7, value=58662.0
    [iter 2525580] reheat + diversify: T=749.7, value=58662.0
    [iter 2531333] reheat + diversify: T=749.7, value=77276.0
    [iter 2537086] reheat + diversify: T=749.7, value=58662.0
    [iter 2542839] reheat + diversify: T=749.7, value=58662.0
    [iter 2548592] reheat + diversify: T=749.7, value=80124.0
    [iter 2554345] reheat + diversify: T=749.7, value=77276.0
    [iter 2560098] reheat + diversify: T=749.7, value=58662.0
    [iter 2565851] reheat + diversify: T=749.7, value=80124.0
    [iter 2571604] reheat + diversify: T=749.7, value=61510.0
    [iter 2577357] reheat + diversify: T=749.7, value=80124.0
    [iter 2583110] reheat + diversify: T=749.7, value=80124.0
    [iter 2588863] reheat + diversify: T=749.7, value=55814.0
    [iter 2594616] reheat + diversify: T=749.7, value=77276.0
    [iter 2600369] reheat + diversify: T=749.7, value=62168.0
    [iter 2606122] reheat + diversify: T=749.7, value=58662.0
    [iter 2611875] reheat + diversify: T=749.7, value=77276.0
    [iter 2617628] reheat + diversify: T=749.7, value=80124.0
    [iter 2623381] reheat + diversify: T=749.7, value=80124.0
    [iter 2629134] reheat + diversify: T=749.7, value=80124.0
    [iter 2634887] reheat + diversify: T=749.7, value=77276.0
    [iter 2640640] reheat + diversify: T=749.7, value=58662.0
    [iter 2646393] reheat + diversify: T=749.7, value=77276.0
    [iter 2652146] reheat + diversify: T=749.7, value=80124.0
    [iter 2657899] reheat + diversify: T=749.7, value=58662.0
    [iter 2663652] reheat + diversify: T=749.7, value=80124.0
    [iter 2669405] reheat + diversify: T=749.7, value=55814.0
    [iter 2675158] reheat + diversify: T=749.7, value=77276.0
    [iter 2680911] reheat + diversify: T=749.7, value=77276.0
    [iter 2686664] reheat + diversify: T=749.7, value=55814.0
    [iter 2692417] reheat + diversify: T=749.7, value=55814.0
    [iter 2698170] reheat + diversify: T=749.7, value=80124.0
    [iter 2703923] reheat + diversify: T=749.7, value=80124.0
    [iter 2709676] reheat + diversify: T=749.7, value=58662.0
    [iter 2715429] reheat + diversify: T=749.7, value=77276.0
    [iter 2721182] reheat + diversify: T=749.7, value=80124.0
    [iter 2726935] reheat + diversify: T=749.7, value=62168.0
    [iter 2732688] reheat + diversify: T=749.7, value=61510.0
    [iter 2738441] reheat + diversify: T=749.7, value=55814.0
    [iter 2744194] reheat + diversify: T=749.7, value=80124.0
    [iter 2749947] reheat + diversify: T=749.7, value=80124.0
    [iter 2755700] reheat + diversify: T=749.7, value=58662.0
    [iter 2761453] reheat + diversify: T=749.7, value=77276.0
    [iter 2767206] reheat + diversify: T=749.7, value=77276.0
    [iter 2772959] reheat + diversify: T=749.7, value=80124.0
    [iter 2778712] reheat + diversify: T=749.7, value=80124.0
    [iter 2784465] reheat + diversify: T=749.7, value=77276.0
    [iter 2790218] reheat + diversify: T=749.7, value=58662.0
    [iter 2795971] reheat + diversify: T=749.7, value=61510.0
    [iter 2801724] reheat + diversify: T=749.7, value=58662.0
    [iter 2807477] reheat + diversify: T=749.7, value=77276.0
    [iter 2813230] reheat + diversify: T=749.7, value=58662.0
    [iter 2818983] reheat + diversify: T=749.7, value=58662.0
    [iter 2824736] reheat + diversify: T=749.7, value=80124.0
    [iter 2830489] reheat + diversify: T=749.7, value=61510.0
    [iter 2836242] reheat + diversify: T=749.7, value=58662.0
    [iter 2841995] reheat + diversify: T=749.7, value=77276.0
    [iter 2847748] reheat + diversify: T=749.7, value=58662.0
    [iter 2853501] reheat + diversify: T=749.7, value=77276.0
    [iter 2859254] reheat + diversify: T=749.7, value=71146.0
    [iter 2865007] reheat + diversify: T=749.7, value=58662.0
    [iter 2870760] reheat + diversify: T=749.7, value=80124.0
    [iter 2876513] reheat + diversify: T=749.7, value=58662.0
    [iter 2882266] reheat + diversify: T=749.7, value=80124.0
    [iter 2888019] reheat + diversify: T=749.7, value=80124.0
    [iter 2893772] reheat + diversify: T=749.7, value=80124.0
    [iter 2899525] reheat + diversify: T=749.7, value=58662.0
    [iter 2905278] reheat + diversify: T=749.7, value=80124.0
    [iter 2911031] reheat + diversify: T=749.7, value=80124.0
    [iter 2916784] reheat + diversify: T=749.7, value=80124.0
    [iter 2922537] reheat + diversify: T=749.7, value=58662.0
    [iter 2928290] reheat + diversify: T=749.7, value=58662.0
    [iter 2934043] reheat + diversify: T=749.7, value=58662.0
    [iter 2939796] reheat + diversify: T=749.7, value=80124.0
    [iter 2945549] reheat + diversify: T=749.7, value=77276.0
    [iter 2951302] reheat + diversify: T=749.7, value=58662.0
    [iter 2957055] reheat + diversify: T=749.7, value=61510.0
    [iter 2962808] reheat + diversify: T=749.7, value=80124.0
    [iter 2968561] reheat + diversify: T=749.7, value=58662.0
    [iter 2974314] reheat + diversify: T=749.7, value=58662.0
    [iter 2980067] reheat + diversify: T=749.7, value=58662.0
    [iter 2985820] reheat + diversify: T=749.7, value=58662.0
    [iter 2991573] reheat + diversify: T=749.7, value=80124.0
    [iter 2997326] reheat + diversify: T=749.7, value=58662.0
    [iter 3003079] reheat + diversify: T=749.7, value=58662.0
    [iter 3008832] reheat + diversify: T=749.7, value=58662.0
    [iter 3014585] reheat + diversify: T=749.7, value=61510.0
    [iter 3020338] reheat + diversify: T=749.7, value=77276.0
    [iter 3026091] reheat + diversify: T=749.7, value=77276.0
    [iter 3031844] reheat + diversify: T=749.7, value=58662.0
    [iter 3037597] reheat + diversify: T=749.7, value=77276.0
    [iter 3043350] reheat + diversify: T=749.7, value=77276.0
    [iter 3049103] reheat + diversify: T=749.7, value=80124.0
    [iter 3054856] reheat + diversify: T=749.7, value=58662.0
    [iter 3060609] reheat + diversify: T=749.7, value=61510.0
    [iter 3066362] reheat + diversify: T=749.7, value=80124.0
    [iter 3072115] reheat + diversify: T=749.7, value=80124.0
    [iter 3077868] reheat + diversify: T=749.7, value=80124.0
    [iter 3083621] reheat + diversify: T=749.7, value=80124.0
    [iter 3089374] reheat + diversify: T=749.7, value=55814.0
    [iter 3095127] reheat + diversify: T=749.7, value=80124.0
    [iter 3100880] reheat + diversify: T=749.7, value=77276.0
    [iter 3106633] reheat + diversify: T=749.7, value=58662.0
    [iter 3112386] reheat + diversify: T=749.7, value=80124.0
    [iter 3118139] reheat + diversify: T=749.7, value=80124.0
    [iter 3123892] reheat + diversify: T=749.7, value=77276.0
    [iter 3129645] reheat + diversify: T=749.7, value=80124.0
    [iter 3135398] reheat + diversify: T=749.7, value=58662.0
    [iter 3141151] reheat + diversify: T=749.7, value=58662.0
    [iter 3146904] reheat + diversify: T=749.7, value=58662.0
    [iter 3152657] reheat + diversify: T=749.7, value=58662.0
    [iter 3158410] reheat + diversify: T=749.7, value=77276.0
    [iter 3164163] reheat + diversify: T=749.7, value=80124.0
    [iter 3169916] reheat + diversify: T=749.7, value=58662.0
    [iter 3175669] reheat + diversify: T=749.7, value=61510.0
    [iter 3181422] reheat + diversify: T=749.7, value=80124.0
    [iter 3187175] reheat + diversify: T=749.7, value=58662.0
    [iter 3192928] reheat + diversify: T=749.7, value=80124.0
    [iter 3198681] reheat + diversify: T=749.7, value=80124.0
    [iter 3204434] reheat + diversify: T=749.7, value=80124.0
    [iter 3210187] reheat + diversify: T=749.7, value=58662.0
    [iter 3215940] reheat + diversify: T=749.7, value=58662.0
    [iter 3221693] reheat + diversify: T=749.7, value=77276.0
    [iter 3227446] reheat + diversify: T=749.7, value=58662.0
    [iter 3233199] reheat + diversify: T=749.7, value=58662.0
    [iter 3238952] reheat + diversify: T=749.7, value=77276.0
    [iter 3244705] reheat + diversify: T=749.7, value=58662.0
    [iter 3250458] reheat + diversify: T=749.7, value=77276.0
    [iter 3256211] reheat + diversify: T=749.7, value=61510.0
    [iter 3261964] reheat + diversify: T=749.7, value=58662.0
    [iter 3267717] reheat + diversify: T=749.7, value=77276.0
    [iter 3273470] reheat + diversify: T=749.7, value=77276.0
    [iter 3279223] reheat + diversify: T=749.7, value=80124.0
    [iter 3284976] reheat + diversify: T=749.7, value=58662.0
    [iter 3290729] reheat + diversify: T=749.7, value=80124.0
    [iter 3296482] reheat + diversify: T=749.7, value=77276.0
    [iter 3302235] reheat + diversify: T=749.7, value=80124.0
    [iter 3307988] reheat + diversify: T=749.7, value=80124.0
    [iter 3313741] reheat + diversify: T=749.7, value=58662.0
    [iter 3319494] reheat + diversify: T=749.7, value=58662.0
    [iter 3325247] reheat + diversify: T=749.7, value=58662.0
    [iter 3331000] reheat + diversify: T=749.7, value=80124.0
    [iter 3336753] reheat + diversify: T=749.7, value=55814.0
    [iter 3342506] reheat + diversify: T=749.7, value=59320.0
    [iter 3348259] reheat + diversify: T=749.7, value=80124.0
    [iter 3354012] reheat + diversify: T=749.7, value=58662.0
    [iter 3359765] reheat + diversify: T=749.7, value=77276.0
    [iter 3365518] reheat + diversify: T=749.7, value=58662.0
    [iter 3371271] reheat + diversify: T=749.7, value=80124.0
    [iter 3377024] reheat + diversify: T=749.7, value=71146.0
    [iter 3382777] reheat + diversify: T=749.7, value=58662.0
    [iter 3388530] reheat + diversify: T=749.7, value=58662.0
    [iter 3394283] reheat + diversify: T=749.7, value=61510.0
    [iter 3400036] reheat + diversify: T=749.7, value=61510.0
    [iter 3405789] reheat + diversify: T=749.7, value=80124.0
    [iter 3411542] reheat + diversify: T=749.7, value=58662.0
    [iter 3417295] reheat + diversify: T=749.7, value=61510.0
    [iter 3423048] reheat + diversify: T=749.7, value=80124.0
    [iter 3428801] reheat + diversify: T=749.7, value=80124.0
    [iter 3434554] reheat + diversify: T=749.7, value=77276.0
    [iter 3440307] reheat + diversify: T=749.7, value=58662.0
    [iter 3446060] reheat + diversify: T=749.7, value=55814.0
    [iter 3451813] reheat + diversify: T=749.7, value=80124.0
    [iter 3457566] reheat + diversify: T=749.7, value=58662.0
    [iter 3463319] reheat + diversify: T=749.7, value=58662.0
    [iter 3469072] reheat + diversify: T=749.7, value=61510.0
    [iter 3474825] reheat + diversify: T=749.7, value=80124.0
    [iter 3480578] reheat + diversify: T=749.7, value=61510.0
    [iter 3486331] reheat + diversify: T=749.7, value=71146.0
    [iter 3492084] reheat + diversify: T=749.7, value=58662.0
    [iter 3497837] reheat + diversify: T=749.7, value=58662.0
    [iter 3503590] reheat + diversify: T=749.7, value=74428.0
    [iter 3509343] reheat + diversify: T=749.7, value=58662.0
    [iter 3515096] reheat + diversify: T=749.7, value=58662.0
    [iter 3520849] reheat + diversify: T=749.7, value=58662.0
    [iter 3526602] reheat + diversify: T=749.7, value=58662.0
    [iter 3532355] reheat + diversify: T=749.7, value=77276.0
    [iter 3538108] reheat + diversify: T=749.7, value=58662.0
    [iter 3543861] reheat + diversify: T=749.7, value=58662.0
    [iter 3549614] reheat + diversify: T=749.7, value=58662.0
    [iter 3555367] reheat + diversify: T=749.7, value=80124.0
    [iter 3561120] reheat + diversify: T=749.7, value=58662.0
    [iter 3566873] reheat + diversify: T=749.7, value=77276.0
    [iter 3572626] reheat + diversify: T=749.7, value=77276.0
    [iter 3578379] reheat + diversify: T=749.7, value=80124.0
    [iter 3584132] reheat + diversify: T=749.7, value=58662.0
    [iter 3589885] reheat + diversify: T=749.7, value=58662.0
    [iter 3595638] reheat + diversify: T=749.7, value=58662.0
    [iter 3601391] reheat + diversify: T=749.7, value=77276.0
    [iter 3607144] reheat + diversify: T=749.7, value=77276.0
    [iter 3612897] reheat + diversify: T=749.7, value=61510.0
    [iter 3618650] reheat + diversify: T=749.7, value=55814.0
    [iter 3624403] reheat + diversify: T=749.7, value=80124.0
    [iter 3630156] reheat + diversify: T=749.7, value=58662.0
    [iter 3635909] reheat + diversify: T=749.7, value=80124.0
    [iter 3641662] reheat + diversify: T=749.7, value=80124.0
    [iter 3647415] reheat + diversify: T=749.7, value=77276.0
    [iter 3653168] reheat + diversify: T=749.7, value=58662.0
    [iter 3658921] reheat + diversify: T=749.7, value=58662.0
    [iter 3664674] reheat + diversify: T=749.7, value=77276.0
    [iter 3670427] reheat + diversify: T=749.7, value=58662.0
    [iter 3676180] reheat + diversify: T=749.7, value=77276.0
    [iter 3681933] reheat + diversify: T=749.7, value=58662.0
    [iter 3687686] reheat + diversify: T=749.7, value=80124.0
    [iter 3693439] reheat + diversify: T=749.7, value=58662.0
    [iter 3699192] reheat + diversify: T=749.7, value=58662.0
    [iter 3704945] reheat + diversify: T=749.7, value=61510.0
    [iter 3710698] reheat + diversify: T=749.7, value=80124.0
    [iter 3716451] reheat + diversify: T=749.7, value=77276.0
    [iter 3722204] reheat + diversify: T=749.7, value=80124.0
    [iter 3727957] reheat + diversify: T=749.7, value=61510.0
    [iter 3733710] reheat + diversify: T=749.7, value=58662.0
    [iter 3739463] reheat + diversify: T=749.7, value=58662.0
    [iter 3745216] reheat + diversify: T=749.7, value=58662.0
    [iter 3750969] reheat + diversify: T=749.7, value=58662.0
    [iter 3756722] reheat + diversify: T=749.7, value=80124.0
    [iter 3762475] reheat + diversify: T=749.7, value=80124.0
    [iter 3768228] reheat + diversify: T=749.7, value=80124.0
    [iter 3773981] reheat + diversify: T=749.7, value=80124.0
    [iter 3779734] reheat + diversify: T=749.7, value=80124.0
    [iter 3785487] reheat + diversify: T=749.7, value=61510.0
    [iter 3791240] reheat + diversify: T=749.7, value=61510.0
    [iter 3796993] reheat + diversify: T=749.7, value=61510.0
    [iter 3802746] reheat + diversify: T=749.7, value=58662.0
    [iter 3808499] reheat + diversify: T=749.7, value=61510.0
    [iter 3814252] reheat + diversify: T=749.7, value=58662.0
    [iter 3820005] reheat + diversify: T=749.7, value=80124.0
    [iter 3825758] reheat + diversify: T=749.7, value=80124.0
    [iter 3831511] reheat + diversify: T=749.7, value=61510.0
    [iter 3837264] reheat + diversify: T=749.7, value=80124.0
    [iter 3843017] reheat + diversify: T=749.7, value=61510.0
    [iter 3848770] reheat + diversify: T=749.7, value=61510.0
    [iter 3854523] reheat + diversify: T=749.7, value=80124.0
    [iter 3860276] reheat + diversify: T=749.7, value=77276.0
    [iter 3866029] reheat + diversify: T=749.7, value=77276.0
    [iter 3871782] reheat + diversify: T=749.7, value=55814.0
    [iter 3877535] reheat + diversify: T=749.7, value=55814.0
    [iter 3883288] reheat + diversify: T=749.7, value=80124.0
    [iter 3889041] reheat + diversify: T=749.7, value=61510.0
    [iter 3894794] reheat + diversify: T=749.7, value=58662.0
    [iter 3900547] reheat + diversify: T=749.7, value=80124.0
    [iter 3906300] reheat + diversify: T=749.7, value=61510.0
    [iter 3912053] reheat + diversify: T=749.7, value=58662.0
    [iter 3917806] reheat + diversify: T=749.7, value=61510.0
    [iter 3923559] reheat + diversify: T=749.7, value=80124.0
    [iter 3929312] reheat + diversify: T=749.7, value=77276.0
    [iter 3935065] reheat + diversify: T=749.7, value=80124.0
    [iter 3940818] reheat + diversify: T=749.7, value=80124.0
    [iter 3946571] reheat + diversify: T=749.7, value=77276.0
    [iter 3952324] reheat + diversify: T=749.7, value=55814.0
    [iter 3958077] reheat + diversify: T=749.7, value=58662.0
    [iter 3963830] reheat + diversify: T=749.7, value=58662.0
    [iter 3969583] reheat + diversify: T=749.7, value=55814.0
    [iter 3975336] reheat + diversify: T=749.7, value=77276.0
    [iter 3981089] reheat + diversify: T=749.7, value=80124.0
    [iter 3986842] reheat + diversify: T=749.7, value=80124.0
    [iter 3992595] reheat + diversify: T=749.7, value=61510.0
    [iter 3998348] reheat + diversify: T=749.7, value=55814.0
    [iter 4004101] reheat + diversify: T=749.7, value=58662.0
    [iter 4009854] reheat + diversify: T=749.7, value=80124.0
    [iter 4015607] reheat + diversify: T=749.7, value=61510.0
    [iter 4021360] reheat + diversify: T=749.7, value=58662.0
    [iter 4027113] reheat + diversify: T=749.7, value=61510.0
    [iter 4032866] reheat + diversify: T=749.7, value=80124.0
    [iter 4038619] reheat + diversify: T=749.7, value=80124.0
    [iter 4044372] reheat + diversify: T=749.7, value=58662.0
    [iter 4050125] reheat + diversify: T=749.7, value=58662.0
    [iter 4055878] reheat + diversify: T=749.7, value=80124.0
    [iter 4061631] reheat + diversify: T=749.7, value=55814.0
    [iter 4067384] reheat + diversify: T=749.7, value=58662.0
    [iter 4073137] reheat + diversify: T=749.7, value=80124.0
    [iter 4078890] reheat + diversify: T=749.7, value=61510.0
    [iter 4084643] reheat + diversify: T=749.7, value=80124.0
    [iter 4090396] reheat + diversify: T=749.7, value=80124.0
    [iter 4096149] reheat + diversify: T=749.7, value=80124.0
    [iter 4101902] reheat + diversify: T=749.7, value=80124.0
    [iter 4107655] reheat + diversify: T=749.7, value=58662.0
    [iter 4113408] reheat + diversify: T=749.7, value=61510.0
    [iter 4119161] reheat + diversify: T=749.7, value=80124.0
    [iter 4124914] reheat + diversify: T=749.7, value=55814.0
    [iter 4130667] reheat + diversify: T=749.7, value=80124.0
    [iter 4136420] reheat + diversify: T=749.7, value=80124.0
    [iter 4142173] reheat + diversify: T=749.7, value=80124.0
    [iter 4147926] reheat + diversify: T=749.7, value=77276.0
    [iter 4153679] reheat + diversify: T=749.7, value=80124.0
    [iter 4159432] reheat + diversify: T=749.7, value=80124.0
    [iter 4165185] reheat + diversify: T=749.7, value=80124.0
    [iter 4170938] reheat + diversify: T=749.7, value=80124.0
    [iter 4176691] reheat + diversify: T=749.7, value=80124.0
    [iter 4182444] reheat + diversify: T=749.7, value=55814.0
    [iter 4188197] reheat + diversify: T=749.7, value=58662.0
    [iter 4193950] reheat + diversify: T=749.7, value=61510.0
    [iter 4199703] reheat + diversify: T=749.7, value=61510.0
    [iter 4205456] reheat + diversify: T=749.7, value=77276.0
    [iter 4211209] reheat + diversify: T=749.7, value=80124.0
    [iter 4216962] reheat + diversify: T=749.7, value=58662.0
    [iter 4222715] reheat + diversify: T=749.7, value=58662.0
    [iter 4228468] reheat + diversify: T=749.7, value=80124.0
    [iter 4234221] reheat + diversify: T=749.7, value=77276.0
    [iter 4239974] reheat + diversify: T=749.7, value=80124.0
    [iter 4245727] reheat + diversify: T=749.7, value=77276.0
    [iter 4251480] reheat + diversify: T=749.7, value=61510.0
    [iter 4257233] reheat + diversify: T=749.7, value=80124.0
    [iter 4262986] reheat + diversify: T=749.7, value=58662.0
    [iter 4268739] reheat + diversify: T=749.7, value=61510.0
    [iter 4274492] reheat + diversify: T=749.7, value=61510.0
    [iter 4280245] reheat + diversify: T=749.7, value=61510.0
    [iter 4285998] reheat + diversify: T=749.7, value=58662.0
    [iter 4291751] reheat + diversify: T=749.7, value=77276.0
    [iter 4297504] reheat + diversify: T=749.7, value=80124.0
    [iter 4303257] reheat + diversify: T=749.7, value=80124.0
    [iter 4309010] reheat + diversify: T=749.7, value=77276.0
    [iter 4314763] reheat + diversify: T=749.7, value=80124.0
    [iter 4320516] reheat + diversify: T=749.7, value=80124.0
    [iter 4326269] reheat + diversify: T=749.7, value=58662.0
    [iter 4332022] reheat + diversify: T=749.7, value=80124.0
    [iter 4337775] reheat + diversify: T=749.7, value=58662.0
    [iter 4343528] reheat + diversify: T=749.7, value=58662.0
    [iter 4349281] reheat + diversify: T=749.7, value=80124.0
    [iter 4355034] reheat + diversify: T=749.7, value=77276.0
    [iter 4360787] reheat + diversify: T=749.7, value=80124.0
    [iter 4366540] reheat + diversify: T=749.7, value=77276.0
    [iter 4372293] reheat + diversify: T=749.7, value=58662.0
    [iter 4378046] reheat + diversify: T=749.7, value=61510.0
    [iter 4383799] reheat + diversify: T=749.7, value=58662.0
    [iter 4389552] reheat + diversify: T=749.7, value=55814.0
    [iter 4395305] reheat + diversify: T=749.7, value=77276.0
    [iter 4401058] reheat + diversify: T=749.7, value=80124.0
    [iter 4406811] reheat + diversify: T=749.7, value=80124.0
    [iter 4412564] reheat + diversify: T=749.7, value=58662.0
    [iter 4418317] reheat + diversify: T=749.7, value=58662.0
    [iter 4424070] reheat + diversify: T=749.7, value=59320.0
    [iter 4429823] reheat + diversify: T=749.7, value=80124.0
    [iter 4435576] reheat + diversify: T=749.7, value=80124.0
    [iter 4441329] reheat + diversify: T=749.7, value=55814.0
    [iter 4447082] reheat + diversify: T=749.7, value=77276.0
    [iter 4452835] reheat + diversify: T=749.7, value=80124.0
    [iter 4458588] reheat + diversify: T=749.7, value=58662.0
    [iter 4464341] reheat + diversify: T=749.7, value=77276.0
    [iter 4470094] reheat + diversify: T=749.7, value=58662.0
    [iter 4475847] reheat + diversify: T=749.7, value=58662.0
    [iter 4481600] reheat + diversify: T=749.7, value=80124.0
    [iter 4487353] reheat + diversify: T=749.7, value=80124.0
    [iter 4493106] reheat + diversify: T=749.7, value=80124.0
    [iter 4498859] reheat + diversify: T=749.7, value=58662.0
    [iter 4504612] reheat + diversify: T=749.7, value=58662.0
    [iter 4510365] reheat + diversify: T=749.7, value=80124.0
    [iter 4516118] reheat + diversify: T=749.7, value=77276.0
    [iter 4521871] reheat + diversify: T=749.7, value=58662.0
    [iter 4527624] reheat + diversify: T=749.7, value=80124.0
    [iter 4533377] reheat + diversify: T=749.7, value=80124.0
    [iter 4539130] reheat + diversify: T=749.7, value=80124.0
    [iter 4544883] reheat + diversify: T=749.7, value=61510.0
    [iter 4550636] reheat + diversify: T=749.7, value=80124.0
    [iter 4556389] reheat + diversify: T=749.7, value=55814.0
    [iter 4562142] reheat + diversify: T=749.7, value=58662.0
    [iter 4567895] reheat + diversify: T=749.7, value=80124.0
    [iter 4573648] reheat + diversify: T=749.7, value=58662.0
    [iter 4579401] reheat + diversify: T=749.7, value=58662.0
    [iter 4585154] reheat + diversify: T=749.7, value=77276.0
    [iter 4590907] reheat + diversify: T=749.7, value=58662.0
    [iter 4596660] reheat + diversify: T=749.7, value=77276.0
    [iter 4602413] reheat + diversify: T=749.7, value=80124.0
    [iter 4608166] reheat + diversify: T=749.7, value=77276.0
    [iter 4613919] reheat + diversify: T=749.7, value=58662.0
    [iter 4619672] reheat + diversify: T=749.7, value=55814.0
    [iter 4625425] reheat + diversify: T=749.7, value=80124.0
    [iter 4631178] reheat + diversify: T=749.7, value=61510.0
    [iter 4636931] reheat + diversify: T=749.7, value=58662.0
    [iter 4642684] reheat + diversify: T=749.7, value=58662.0
    [iter 4648437] reheat + diversify: T=749.7, value=80124.0
    [iter 4654190] reheat + diversify: T=749.7, value=80124.0
    [iter 4659943] reheat + diversify: T=749.7, value=77276.0
    [iter 4665696] reheat + diversify: T=749.7, value=80124.0
    [iter 4671449] reheat + diversify: T=749.7, value=80124.0
    [iter 4677202] reheat + diversify: T=749.7, value=80124.0
    [iter 4682955] reheat + diversify: T=749.7, value=61510.0
    [iter 4688708] reheat + diversify: T=749.7, value=80124.0
    [iter 4694461] reheat + diversify: T=749.7, value=77276.0
    [iter 4700214] reheat + diversify: T=749.7, value=77276.0
    [iter 4705967] reheat + diversify: T=749.7, value=58662.0
    [iter 4711720] reheat + diversify: T=749.7, value=77276.0
    [iter 4717473] reheat + diversify: T=749.7, value=80124.0
    [iter 4723226] reheat + diversify: T=749.7, value=80124.0
    [iter 4728979] reheat + diversify: T=749.7, value=80124.0
    [iter 4734732] reheat + diversify: T=749.7, value=61510.0
    [iter 4740485] reheat + diversify: T=749.7, value=58662.0
    [iter 4746238] reheat + diversify: T=749.7, value=77276.0
    [iter 4751991] reheat + diversify: T=749.7, value=77276.0
    [iter 4757744] reheat + diversify: T=749.7, value=80124.0
    [iter 4763497] reheat + diversify: T=749.7, value=58662.0
    [iter 4769250] reheat + diversify: T=749.7, value=80124.0
    [iter 4775003] reheat + diversify: T=749.7, value=77276.0
    [iter 4780756] reheat + diversify: T=749.7, value=58662.0
    [iter 4786509] reheat + diversify: T=749.7, value=80124.0
    [iter 4792262] reheat + diversify: T=749.7, value=80124.0
    [iter 4798015] reheat + diversify: T=749.7, value=61510.0
    [iter 4803768] reheat + diversify: T=749.7, value=80124.0
    [iter 4809521] reheat + diversify: T=749.7, value=80124.0
    [iter 4815274] reheat + diversify: T=749.7, value=58662.0
    [iter 4821027] reheat + diversify: T=749.7, value=80124.0
    [iter 4826780] reheat + diversify: T=749.7, value=58662.0
    [iter 4832533] reheat + diversify: T=749.7, value=80124.0
    [iter 4838286] reheat + diversify: T=749.7, value=77276.0
    [iter 4844039] reheat + diversify: T=749.7, value=80124.0
    [iter 4849792] reheat + diversify: T=749.7, value=80124.0
    [iter 4855545] reheat + diversify: T=749.7, value=58662.0
    [iter 4861298] reheat + diversify: T=749.7, value=58662.0
    [iter 4867051] reheat + diversify: T=749.7, value=58662.0
    [iter 4872804] reheat + diversify: T=749.7, value=80124.0
    [iter 4878557] reheat + diversify: T=749.7, value=61510.0
    [iter 4884310] reheat + diversify: T=749.7, value=58662.0
    [iter 4890063] reheat + diversify: T=749.7, value=77276.0
    [iter 4895816] reheat + diversify: T=749.7, value=80124.0
    [iter 4901569] reheat + diversify: T=749.7, value=58662.0
    [iter 4907322] reheat + diversify: T=749.7, value=55814.0
    [iter 4913075] reheat + diversify: T=749.7, value=61510.0
    [iter 4918828] reheat + diversify: T=749.7, value=58662.0
    [iter 4924581] reheat + diversify: T=749.7, value=58662.0
    [iter 4930334] reheat + diversify: T=749.7, value=58662.0
    [iter 4936087] reheat + diversify: T=749.7, value=80124.0
    [iter 4941840] reheat + diversify: T=749.7, value=58662.0
    [iter 4947593] reheat + diversify: T=749.7, value=58662.0
    [iter 4953346] reheat + diversify: T=749.7, value=58662.0
    [iter 4959099] reheat + diversify: T=749.7, value=77276.0
    [iter 4964852] reheat + diversify: T=749.7, value=71146.0
    [iter 4970605] reheat + diversify: T=749.7, value=77276.0
    [iter 4976358] reheat + diversify: T=749.7, value=58662.0
    [iter 4982111] reheat + diversify: T=749.7, value=77276.0
    [iter 4987864] reheat + diversify: T=749.7, value=80124.0
    [iter 4993617] reheat + diversify: T=749.7, value=61510.0
    [iter 4999370] reheat + diversify: T=749.7, value=55814.0
    [iter 5005123] reheat + diversify: T=749.7, value=80124.0
    [iter 5010876] reheat + diversify: T=749.7, value=55814.0
    [iter 5016629] reheat + diversify: T=749.7, value=80124.0
    [iter 5022382] reheat + diversify: T=749.7, value=77276.0
    [iter 5028135] reheat + diversify: T=749.7, value=80124.0
    [iter 5033888] reheat + diversify: T=749.7, value=61510.0
    [iter 5039641] reheat + diversify: T=749.7, value=80124.0
    [iter 5045394] reheat + diversify: T=749.7, value=61510.0
    [iter 5051147] reheat + diversify: T=749.7, value=55814.0
    [iter 5056900] reheat + diversify: T=749.7, value=58662.0
  time limit reached at iteration 5062213
  SA finished: 5062213 iterations in 300.0s (16874 it/s), accepted 3435858 (67.9%), rejected 1626354, no-move draws 0, reheats 879
  SA: value 80124.0 (greedy 59978.0, +20146.0), bound 156253.7, gap 48.72%, util 47.0%
  report -> /home/mcaspar/3DMHKP/results_3DMHKP_ep3/ep3-20-C-C-90-3DMHKP-SA-a0.999-r0.25-t300s.txt

================================================================================================
SUMMARY
================================================================================================
instance      boxes  packed       greedy     SA value        bound      gap    util    iters    time
------------------------------------------------------------------------------------------------
ep3-20-C-C-90     20      14      59978.0      80124.0     156253.7   48.7%   47.0%  5062213  300.0s
------------------------------------------------------------------------------------------------
proven optimal (value reaches the upper bound): 0/1
improved over greedy: 1/1 (total value 59978.0 -> 80124.0, +33.59%)
mean gap to continuous-knapsack bound: 48.7%
mean volume utilization: 47.0%
