============================================================
  Solver:     3DMHKP-SA.py
  Instance:   /home/mcaspar/3DMHKP/Egeblad/ep3-20-D-C-90.txt
  Value mode: flat
  Timelimit:  300s
  Reports:    /home/mcaspar/3DMHKP/results_3DMHKP_ep3
  CPUs:       1
============================================================
======================================================================
3DMHKP Simulated Annealing (random single-neighbour, sequence decoder)
SA params: T0=5% of f(S_0), alpha=0.999, T_min=0.001, reheat_threshold=5753, reheat_fraction=0.25
Move weights: {'relocate': 0.0, 'swap': 1.0, '2opt': 0.0, 'promote': 1.5, 'demote': 1.5, 'orient': 1.0, 'container': 0.5}
Time limit: 300.0s per instance, seed 1330407989
======================================================================

======================================================================
ep3-20-D-C-90: 20 boxes (5 types), 1 containers (1 types)
  continuous-knapsack bound: 39200.0
  initial (value-density) decode: value 27848.0 (14/20 boxes)
  T0 = 1392.4 (5% of the initial objective)
    [iter 18] *** NEW BEST: value 30728.0, boxes 15/20, T=1368.9, elapsed=0.0s
    [iter 1112] *** NEW BEST: value 33608.0, boxes 16/20, T=458.2, elapsed=0.2s
    [iter 6865] reheat + diversify: T=348.1, value=11012.0
    [iter 12618] reheat + diversify: T=348.1, value=22310.0
    [iter 18371] reheat + diversify: T=348.1, value=33608.0
    [iter 24124] reheat + diversify: T=348.1, value=33608.0
    [iter 29877] reheat + diversify: T=348.1, value=28424.0
    [iter 35630] reheat + diversify: T=348.1, value=13316.0
    [iter 41383] reheat + diversify: T=348.1, value=30728.0
    [iter 47136] reheat + diversify: T=348.1, value=23240.0
    [iter 52889] reheat + diversify: T=348.1, value=33608.0
    [iter 58642] reheat + diversify: T=348.1, value=33608.0
    [iter 64395] reheat + diversify: T=348.1, value=24614.0
    [iter 70148] reheat + diversify: T=348.1, value=29798.0
    [iter 75901] reheat + diversify: T=348.1, value=29798.0
    [iter 81654] reheat + diversify: T=348.1, value=22310.0
    [iter 87407] reheat + diversify: T=348.1, value=33608.0
    [iter 93160] reheat + diversify: T=348.1, value=33608.0
    [iter 98913] reheat + diversify: T=348.1, value=11012.0
    [iter 104666] reheat + diversify: T=348.1, value=13316.0
    [iter 110419] reheat + diversify: T=348.1, value=33608.0
    [iter 116172] reheat + diversify: T=348.1, value=15620.0
    [iter 121925] reheat + diversify: T=348.1, value=33608.0
    [iter 127678] reheat + diversify: T=348.1, value=8132.0
    [iter 133431] reheat + diversify: T=348.1, value=13316.0
    [iter 139184] reheat + diversify: T=348.1, value=33608.0
    [iter 144937] reheat + diversify: T=348.1, value=33608.0
    [iter 150690] reheat + diversify: T=348.1, value=33608.0
    [iter 156443] reheat + diversify: T=348.1, value=33608.0
    [iter 162196] reheat + diversify: T=348.1, value=33608.0
    [iter 167949] reheat + diversify: T=348.1, value=29798.0
    [iter 173702] reheat + diversify: T=348.1, value=33608.0
    [iter 179455] reheat + diversify: T=348.1, value=33608.0
    [iter 185208] reheat + diversify: T=348.1, value=29798.0
    [iter 190961] reheat + diversify: T=348.1, value=13316.0
    [iter 196714] reheat + diversify: T=348.1, value=33608.0
    [iter 202467] reheat + diversify: T=348.1, value=33608.0
    [iter 208220] reheat + diversify: T=348.1, value=33608.0
    [iter 213973] reheat + diversify: T=348.1, value=33608.0
    [iter 219726] reheat + diversify: T=348.1, value=33608.0
    [iter 225479] reheat + diversify: T=348.1, value=22310.0
    [iter 231232] reheat + diversify: T=348.1, value=30728.0
    [iter 236985] reheat + diversify: T=348.1, value=33608.0
    [iter 242738] reheat + diversify: T=348.1, value=33608.0
    [iter 248491] reheat + diversify: T=348.1, value=33608.0
    [iter 254244] reheat + diversify: T=348.1, value=24614.0
    [iter 259997] reheat + diversify: T=348.1, value=33608.0
    [iter 265750] reheat + diversify: T=348.1, value=13316.0
    [iter 271503] reheat + diversify: T=348.1, value=33608.0
    [iter 277256] reheat + diversify: T=348.1, value=33608.0
    [iter 283009] reheat + diversify: T=348.1, value=28424.0
    [iter 288762] reheat + diversify: T=348.1, value=33608.0
    [iter 294515] reheat + diversify: T=348.1, value=30728.0
    [iter 300268] reheat + diversify: T=348.1, value=33608.0
    [iter 306021] reheat + diversify: T=348.1, value=30728.0
    [iter 311774] reheat + diversify: T=348.1, value=30728.0
    [iter 317527] reheat + diversify: T=348.1, value=33608.0
    [iter 323280] reheat + diversify: T=348.1, value=33608.0
    [iter 329033] reheat + diversify: T=348.1, value=33608.0
    [iter 334786] reheat + diversify: T=348.1, value=33608.0
    [iter 340539] reheat + diversify: T=348.1, value=33608.0
    [iter 346292] reheat + diversify: T=348.1, value=33608.0
    [iter 352045] reheat + diversify: T=348.1, value=33608.0
    [iter 357798] reheat + diversify: T=348.1, value=33608.0
    [iter 363551] reheat + diversify: T=348.1, value=33608.0
    [iter 369304] reheat + diversify: T=348.1, value=19430.0
    [iter 375057] reheat + diversify: T=348.1, value=30728.0
    [iter 380810] reheat + diversify: T=348.1, value=33608.0
    [iter 386563] reheat + diversify: T=348.1, value=13316.0
    [iter 392316] reheat + diversify: T=348.1, value=30728.0
    [iter 398069] reheat + diversify: T=348.1, value=33608.0
    [iter 403822] reheat + diversify: T=348.1, value=33608.0
    [iter 409575] reheat + diversify: T=348.1, value=33608.0
    [iter 415328] reheat + diversify: T=348.1, value=28424.0
    [iter 421081] reheat + diversify: T=348.1, value=22310.0
    [iter 426834] reheat + diversify: T=348.1, value=33608.0
    [iter 432587] reheat + diversify: T=348.1, value=33608.0
    [iter 438340] reheat + diversify: T=348.1, value=30728.0
    [iter 444093] reheat + diversify: T=348.1, value=33608.0
    [iter 449846] reheat + diversify: T=348.1, value=33608.0
    [iter 455599] reheat + diversify: T=348.1, value=33608.0
    [iter 461352] reheat + diversify: T=348.1, value=33608.0
    [iter 467105] reheat + diversify: T=348.1, value=11012.0
    [iter 472858] reheat + diversify: T=348.1, value=13316.0
    [iter 478611] reheat + diversify: T=348.1, value=13316.0
    [iter 484364] reheat + diversify: T=348.1, value=13316.0
    [iter 490117] reheat + diversify: T=348.1, value=33608.0
    [iter 495870] reheat + diversify: T=348.1, value=33608.0
    [iter 501623] reheat + diversify: T=348.1, value=33608.0
    [iter 507376] reheat + diversify: T=348.1, value=33608.0
    [iter 513129] reheat + diversify: T=348.1, value=33608.0
    [iter 518882] reheat + diversify: T=348.1, value=22310.0
    [iter 524635] reheat + diversify: T=348.1, value=33608.0
    [iter 530388] reheat + diversify: T=348.1, value=33608.0
    [iter 536141] reheat + diversify: T=348.1, value=11012.0
    [iter 541894] reheat + diversify: T=348.1, value=33608.0
    [iter 547647] reheat + diversify: T=348.1, value=24614.0
    [iter 553400] reheat + diversify: T=348.1, value=33608.0
    [iter 559153] reheat + diversify: T=348.1, value=33608.0
    [iter 564906] reheat + diversify: T=348.1, value=24614.0
    [iter 570659] reheat + diversify: T=348.1, value=33608.0
    [iter 576412] reheat + diversify: T=348.1, value=33608.0
    [iter 582165] reheat + diversify: T=348.1, value=33608.0
    [iter 587918] reheat + diversify: T=348.1, value=13316.0
    [iter 593671] reheat + diversify: T=348.1, value=11942.0
    [iter 599424] reheat + diversify: T=348.1, value=11012.0
    [iter 605177] reheat + diversify: T=348.1, value=33608.0
    [iter 610930] reheat + diversify: T=348.1, value=33608.0
    [iter 616683] reheat + diversify: T=348.1, value=33608.0
    [iter 622436] reheat + diversify: T=348.1, value=33608.0
    [iter 628189] reheat + diversify: T=348.1, value=18500.0
    [iter 633942] reheat + diversify: T=348.1, value=33608.0
    [iter 639695] reheat + diversify: T=348.1, value=13316.0
    [iter 645448] reheat + diversify: T=348.1, value=33608.0
    [iter 651201] reheat + diversify: T=348.1, value=33608.0
    [iter 656954] reheat + diversify: T=348.1, value=11012.0
    [iter 662707] reheat + diversify: T=348.1, value=33608.0
    [iter 668460] reheat + diversify: T=348.1, value=11012.0
    [iter 674213] reheat + diversify: T=348.1, value=33608.0
    [iter 679966] reheat + diversify: T=348.1, value=15620.0
    [iter 685719] reheat + diversify: T=348.1, value=30728.0
    [iter 691472] reheat + diversify: T=348.1, value=23240.0
    [iter 697225] reheat + diversify: T=348.1, value=33608.0
    [iter 702978] reheat + diversify: T=348.1, value=33608.0
    [iter 708731] reheat + diversify: T=348.1, value=13316.0
    [iter 714484] reheat + diversify: T=348.1, value=33608.0
    [iter 720237] reheat + diversify: T=348.1, value=22310.0
    [iter 725990] reheat + diversify: T=348.1, value=33608.0
    [iter 731743] reheat + diversify: T=348.1, value=33608.0
    [iter 737496] reheat + diversify: T=348.1, value=33608.0
    [iter 743249] reheat + diversify: T=348.1, value=33608.0
    [iter 749002] reheat + diversify: T=348.1, value=24614.0
    [iter 754755] reheat + diversify: T=348.1, value=22310.0
    [iter 760508] reheat + diversify: T=348.1, value=33608.0
    [iter 766261] reheat + diversify: T=348.1, value=33608.0
    [iter 772014] reheat + diversify: T=348.1, value=33608.0
    [iter 777767] reheat + diversify: T=348.1, value=33608.0
    [iter 783520] reheat + diversify: T=348.1, value=33608.0
    [iter 789273] reheat + diversify: T=348.1, value=29798.0
    [iter 795026] reheat + diversify: T=348.1, value=33608.0
    [iter 800779] reheat + diversify: T=348.1, value=33608.0
    [iter 806532] reheat + diversify: T=348.1, value=13316.0
    [iter 812285] reheat + diversify: T=348.1, value=33608.0
    [iter 818038] reheat + diversify: T=348.1, value=29798.0
    [iter 823791] reheat + diversify: T=348.1, value=11012.0
    [iter 829544] reheat + diversify: T=348.1, value=30728.0
    [iter 835297] reheat + diversify: T=348.1, value=33608.0
    [iter 841050] reheat + diversify: T=348.1, value=24614.0
    [iter 846803] reheat + diversify: T=348.1, value=33608.0
    [iter 852556] reheat + diversify: T=348.1, value=33608.0
    [iter 858309] reheat + diversify: T=348.1, value=33608.0
    [iter 864062] reheat + diversify: T=348.1, value=28424.0
    [iter 869815] reheat + diversify: T=348.1, value=19430.0
    [iter 875568] reheat + diversify: T=348.1, value=33608.0
    [iter 881321] reheat + diversify: T=348.1, value=33608.0
    [iter 887074] reheat + diversify: T=348.1, value=33608.0
    [iter 892827] reheat + diversify: T=348.1, value=33608.0
    [iter 898580] reheat + diversify: T=348.1, value=23240.0
    [iter 904333] reheat + diversify: T=348.1, value=33608.0
    [iter 910086] reheat + diversify: T=348.1, value=19430.0
    [iter 915839] reheat + diversify: T=348.1, value=33608.0
    [iter 921592] reheat + diversify: T=348.1, value=33608.0
    [iter 927345] reheat + diversify: T=348.1, value=33608.0
    [iter 933098] reheat + diversify: T=348.1, value=30728.0
    [iter 938851] reheat + diversify: T=348.1, value=33608.0
    [iter 944604] reheat + diversify: T=348.1, value=33608.0
    [iter 950357] reheat + diversify: T=348.1, value=33608.0
    [iter 956110] reheat + diversify: T=348.1, value=24614.0
    [iter 961863] reheat + diversify: T=348.1, value=13316.0
    [iter 967616] reheat + diversify: T=348.1, value=13316.0
    [iter 973369] reheat + diversify: T=348.1, value=33608.0
    [iter 979122] reheat + diversify: T=348.1, value=33608.0
    [iter 984875] reheat + diversify: T=348.1, value=30728.0
    [iter 990628] reheat + diversify: T=348.1, value=33608.0
    [iter 996381] reheat + diversify: T=348.1, value=33608.0
    [iter 1002134] reheat + diversify: T=348.1, value=33608.0
    [iter 1007887] reheat + diversify: T=348.1, value=22310.0
    [iter 1013640] reheat + diversify: T=348.1, value=33608.0
    [iter 1019393] reheat + diversify: T=348.1, value=19430.0
    [iter 1025146] reheat + diversify: T=348.1, value=33608.0
    [iter 1030899] reheat + diversify: T=348.1, value=18500.0
    [iter 1036652] reheat + diversify: T=348.1, value=33608.0
    [iter 1042405] reheat + diversify: T=348.1, value=33608.0
    [iter 1048158] reheat + diversify: T=348.1, value=33608.0
    [iter 1053911] reheat + diversify: T=348.1, value=13316.0
    [iter 1059664] reheat + diversify: T=348.1, value=30728.0
    [iter 1065417] reheat + diversify: T=348.1, value=33608.0
    [iter 1071170] reheat + diversify: T=348.1, value=33608.0
    [iter 1076923] reheat + diversify: T=348.1, value=11012.0
    [iter 1082676] reheat + diversify: T=348.1, value=13316.0
    [iter 1088429] reheat + diversify: T=348.1, value=33608.0
    [iter 1094182] reheat + diversify: T=348.1, value=33608.0
    [iter 1099935] reheat + diversify: T=348.1, value=13316.0
    [iter 1105688] reheat + diversify: T=348.1, value=33608.0
    [iter 1111441] reheat + diversify: T=348.1, value=13316.0
    [iter 1117194] reheat + diversify: T=348.1, value=33608.0
    [iter 1122947] reheat + diversify: T=348.1, value=33608.0
    [iter 1128700] reheat + diversify: T=348.1, value=13316.0
    [iter 1134453] reheat + diversify: T=348.1, value=33608.0
    [iter 1140206] reheat + diversify: T=348.1, value=13316.0
    [iter 1145959] reheat + diversify: T=348.1, value=7202.0
    [iter 1151712] reheat + diversify: T=348.1, value=33608.0
    [iter 1157465] reheat + diversify: T=348.1, value=13316.0
    [iter 1163218] reheat + diversify: T=348.1, value=30728.0
    [iter 1168971] reheat + diversify: T=348.1, value=33608.0
    [iter 1174724] reheat + diversify: T=348.1, value=33608.0
    [iter 1180477] reheat + diversify: T=348.1, value=13316.0
    [iter 1186230] reheat + diversify: T=348.1, value=33608.0
    [iter 1191983] reheat + diversify: T=348.1, value=22310.0
    [iter 1197736] reheat + diversify: T=348.1, value=33608.0
    [iter 1203489] reheat + diversify: T=348.1, value=24614.0
    [iter 1209242] reheat + diversify: T=348.1, value=33608.0
    [iter 1214995] reheat + diversify: T=348.1, value=13316.0
    [iter 1220748] reheat + diversify: T=348.1, value=33608.0
    [iter 1226501] reheat + diversify: T=348.1, value=33608.0
    [iter 1232254] reheat + diversify: T=348.1, value=33608.0
    [iter 1238007] reheat + diversify: T=348.1, value=33608.0
    [iter 1243760] reheat + diversify: T=348.1, value=11012.0
    [iter 1249513] reheat + diversify: T=348.1, value=27848.0
    [iter 1255266] reheat + diversify: T=348.1, value=33608.0
    [iter 1261019] reheat + diversify: T=348.1, value=30728.0
    [iter 1266772] reheat + diversify: T=348.1, value=33608.0
    [iter 1272525] reheat + diversify: T=348.1, value=30728.0
    [iter 1278278] reheat + diversify: T=348.1, value=13316.0
    [iter 1284031] reheat + diversify: T=348.1, value=33608.0
    [iter 1289784] reheat + diversify: T=348.1, value=33608.0
    [iter 1295537] reheat + diversify: T=348.1, value=33608.0
    [iter 1301290] reheat + diversify: T=348.1, value=22310.0
    [iter 1307043] reheat + diversify: T=348.1, value=13316.0
    [iter 1312796] reheat + diversify: T=348.1, value=33608.0
    [iter 1318549] reheat + diversify: T=348.1, value=13316.0
    [iter 1324302] reheat + diversify: T=348.1, value=19430.0
    [iter 1330055] reheat + diversify: T=348.1, value=33608.0
    [iter 1335808] reheat + diversify: T=348.1, value=17126.0
    [iter 1341561] reheat + diversify: T=348.1, value=33608.0
    [iter 1347314] reheat + diversify: T=348.1, value=13316.0
    [iter 1353067] reheat + diversify: T=348.1, value=30728.0
    [iter 1358820] reheat + diversify: T=348.1, value=33608.0
    [iter 1364573] reheat + diversify: T=348.1, value=22310.0
    [iter 1370326] reheat + diversify: T=348.1, value=13316.0
    [iter 1376079] reheat + diversify: T=348.1, value=28424.0
    [iter 1381832] reheat + diversify: T=348.1, value=11012.0
    [iter 1387585] reheat + diversify: T=348.1, value=33608.0
    [iter 1393338] reheat + diversify: T=348.1, value=11012.0
    [iter 1399091] reheat + diversify: T=348.1, value=33608.0
    [iter 1404844] reheat + diversify: T=348.1, value=33608.0
    [iter 1410597] reheat + diversify: T=348.1, value=33608.0
    [iter 1416350] reheat + diversify: T=348.1, value=33608.0
    [iter 1422103] reheat + diversify: T=348.1, value=33608.0
    [iter 1427856] reheat + diversify: T=348.1, value=13316.0
    [iter 1433609] reheat + diversify: T=348.1, value=13316.0
    [iter 1439362] reheat + diversify: T=348.1, value=13316.0
    [iter 1445115] reheat + diversify: T=348.1, value=33608.0
    [iter 1450868] reheat + diversify: T=348.1, value=33608.0
    [iter 1456621] reheat + diversify: T=348.1, value=30728.0
    [iter 1462374] reheat + diversify: T=348.1, value=28424.0
    [iter 1468127] reheat + diversify: T=348.1, value=33608.0
    [iter 1473880] reheat + diversify: T=348.1, value=33608.0
    [iter 1479633] reheat + diversify: T=348.1, value=33608.0
    [iter 1485386] reheat + diversify: T=348.1, value=33608.0
    [iter 1491139] reheat + diversify: T=348.1, value=33608.0
    [iter 1496892] reheat + diversify: T=348.1, value=33608.0
    [iter 1502645] reheat + diversify: T=348.1, value=33608.0
    [iter 1508398] reheat + diversify: T=348.1, value=33608.0
    [iter 1514151] reheat + diversify: T=348.1, value=29798.0
    [iter 1519904] reheat + diversify: T=348.1, value=33608.0
    [iter 1525657] reheat + diversify: T=348.1, value=33608.0
    [iter 1531410] reheat + diversify: T=348.1, value=33608.0
    [iter 1537163] reheat + diversify: T=348.1, value=22310.0
    [iter 1542916] reheat + diversify: T=348.1, value=30728.0
    [iter 1548669] reheat + diversify: T=348.1, value=22310.0
    [iter 1554422] reheat + diversify: T=348.1, value=11942.0
    [iter 1560175] reheat + diversify: T=348.1, value=33608.0
    [iter 1565928] reheat + diversify: T=348.1, value=13316.0
    [iter 1571681] reheat + diversify: T=348.1, value=33608.0
    [iter 1577434] reheat + diversify: T=348.1, value=33608.0
    [iter 1583187] reheat + diversify: T=348.1, value=24614.0
    [iter 1588940] reheat + diversify: T=348.1, value=33608.0
    [iter 1594693] reheat + diversify: T=348.1, value=11012.0
    [iter 1600446] reheat + diversify: T=348.1, value=33608.0
    [iter 1606199] reheat + diversify: T=348.1, value=24614.0
    [iter 1611952] reheat + diversify: T=348.1, value=33608.0
    [iter 1617705] reheat + diversify: T=348.1, value=11012.0
    [iter 1623458] reheat + diversify: T=348.1, value=11012.0
    [iter 1629211] reheat + diversify: T=348.1, value=33608.0
    [iter 1634964] reheat + diversify: T=348.1, value=29798.0
    [iter 1640717] reheat + diversify: T=348.1, value=33608.0
    [iter 1646470] reheat + diversify: T=348.1, value=33608.0
    [iter 1652223] reheat + diversify: T=348.1, value=33608.0
    [iter 1657976] reheat + diversify: T=348.1, value=13316.0
    [iter 1663729] reheat + diversify: T=348.1, value=29798.0
    [iter 1669482] reheat + diversify: T=348.1, value=33608.0
    [iter 1675235] reheat + diversify: T=348.1, value=33608.0
    [iter 1680988] reheat + diversify: T=348.1, value=33608.0
    [iter 1686741] reheat + diversify: T=348.1, value=18500.0
    [iter 1692494] reheat + diversify: T=348.1, value=33608.0
    [iter 1698247] reheat + diversify: T=348.1, value=33608.0
    [iter 1704000] reheat + diversify: T=348.1, value=33608.0
    [iter 1709753] reheat + diversify: T=348.1, value=33608.0
    [iter 1715506] reheat + diversify: T=348.1, value=33608.0
    [iter 1721259] reheat + diversify: T=348.1, value=33608.0
    [iter 1727012] reheat + diversify: T=348.1, value=11012.0
    [iter 1732765] reheat + diversify: T=348.1, value=33608.0
    [iter 1738518] reheat + diversify: T=348.1, value=22310.0
    [iter 1744271] reheat + diversify: T=348.1, value=11012.0
    [iter 1750024] reheat + diversify: T=348.1, value=33608.0
    [iter 1755777] reheat + diversify: T=348.1, value=33608.0
    [iter 1761530] reheat + diversify: T=348.1, value=33608.0
    [iter 1767283] reheat + diversify: T=348.1, value=33608.0
    [iter 1773036] reheat + diversify: T=348.1, value=33608.0
    [iter 1778789] reheat + diversify: T=348.1, value=33608.0
    [iter 1784542] reheat + diversify: T=348.1, value=33608.0
    [iter 1790295] reheat + diversify: T=348.1, value=33608.0
    [iter 1796048] reheat + diversify: T=348.1, value=33608.0
    [iter 1801801] reheat + diversify: T=348.1, value=33608.0
    [iter 1807554] reheat + diversify: T=348.1, value=22310.0
    [iter 1813307] reheat + diversify: T=348.1, value=33608.0
    [iter 1819060] reheat + diversify: T=348.1, value=33608.0
    [iter 1824813] reheat + diversify: T=348.1, value=24614.0
    [iter 1830566] reheat + diversify: T=348.1, value=33608.0
    [iter 1836319] reheat + diversify: T=348.1, value=13316.0
    [iter 1842072] reheat + diversify: T=348.1, value=33608.0
    [iter 1847825] reheat + diversify: T=348.1, value=33608.0
    [iter 1853578] reheat + diversify: T=348.1, value=28424.0
    [iter 1859331] reheat + diversify: T=348.1, value=33608.0
    [iter 1865084] reheat + diversify: T=348.1, value=33608.0
    [iter 1870837] reheat + diversify: T=348.1, value=24614.0
    [iter 1876590] reheat + diversify: T=348.1, value=29798.0
    [iter 1882343] reheat + diversify: T=348.1, value=33608.0
    [iter 1888096] reheat + diversify: T=348.1, value=33608.0
    [iter 1893849] reheat + diversify: T=348.1, value=13316.0
    [iter 1899602] reheat + diversify: T=348.1, value=33608.0
    [iter 1905355] reheat + diversify: T=348.1, value=22310.0
    [iter 1911108] reheat + diversify: T=348.1, value=33608.0
    [iter 1916861] reheat + diversify: T=348.1, value=33608.0
    [iter 1922614] reheat + diversify: T=348.1, value=15620.0
    [iter 1928367] reheat + diversify: T=348.1, value=33608.0
    [iter 1934120] reheat + diversify: T=348.1, value=13316.0
    [iter 1939873] reheat + diversify: T=348.1, value=33608.0
    [iter 1945626] reheat + diversify: T=348.1, value=13316.0
    [iter 1951379] reheat + diversify: T=348.1, value=24614.0
    [iter 1957132] reheat + diversify: T=348.1, value=33608.0
    [iter 1962885] reheat + diversify: T=348.1, value=33608.0
    [iter 1968638] reheat + diversify: T=348.1, value=33608.0
    [iter 1974391] reheat + diversify: T=348.1, value=24614.0
    [iter 1980144] reheat + diversify: T=348.1, value=33608.0
    [iter 1985897] reheat + diversify: T=348.1, value=11012.0
    [iter 1991650] reheat + diversify: T=348.1, value=33608.0
    [iter 1997403] reheat + diversify: T=348.1, value=33608.0
    [iter 2003156] reheat + diversify: T=348.1, value=17126.0
    [iter 2008909] reheat + diversify: T=348.1, value=33608.0
    [iter 2014662] reheat + diversify: T=348.1, value=33608.0
    [iter 2020415] reheat + diversify: T=348.1, value=13316.0
    [iter 2026168] reheat + diversify: T=348.1, value=33608.0
    [iter 2031921] reheat + diversify: T=348.1, value=13316.0
    [iter 2037674] reheat + diversify: T=348.1, value=11012.0
    [iter 2043427] reheat + diversify: T=348.1, value=33608.0
    [iter 2049180] reheat + diversify: T=348.1, value=11012.0
    [iter 2054933] reheat + diversify: T=348.1, value=25988.0
    [iter 2060686] reheat + diversify: T=348.1, value=33608.0
    [iter 2066439] reheat + diversify: T=348.1, value=7202.0
    [iter 2072192] reheat + diversify: T=348.1, value=33608.0
    [iter 2077945] reheat + diversify: T=348.1, value=29798.0
    [iter 2083698] reheat + diversify: T=348.1, value=33608.0
    [iter 2089451] reheat + diversify: T=348.1, value=30728.0
    [iter 2095204] reheat + diversify: T=348.1, value=33608.0
    [iter 2100957] reheat + diversify: T=348.1, value=13316.0
    [iter 2106710] reheat + diversify: T=348.1, value=13316.0
    [iter 2112463] reheat + diversify: T=348.1, value=22310.0
    [iter 2118216] reheat + diversify: T=348.1, value=33608.0
    [iter 2123969] reheat + diversify: T=348.1, value=33608.0
    [iter 2129722] reheat + diversify: T=348.1, value=33608.0
    [iter 2135475] reheat + diversify: T=348.1, value=33608.0
    [iter 2141228] reheat + diversify: T=348.1, value=33608.0
    [iter 2146981] reheat + diversify: T=348.1, value=33608.0
    [iter 2152734] reheat + diversify: T=348.1, value=13316.0
    [iter 2158487] reheat + diversify: T=348.1, value=22310.0
    [iter 2164240] reheat + diversify: T=348.1, value=17126.0
    [iter 2169993] reheat + diversify: T=348.1, value=33608.0
    [iter 2175746] reheat + diversify: T=348.1, value=29798.0
    [iter 2181499] reheat + diversify: T=348.1, value=33608.0
    [iter 2187252] reheat + diversify: T=348.1, value=33608.0
    [iter 2193005] reheat + diversify: T=348.1, value=22310.0
    [iter 2198758] reheat + diversify: T=348.1, value=33608.0
    [iter 2204511] reheat + diversify: T=348.1, value=18500.0
    [iter 2210264] reheat + diversify: T=348.1, value=29798.0
    [iter 2216017] reheat + diversify: T=348.1, value=33608.0
    [iter 2221770] reheat + diversify: T=348.1, value=33608.0
    [iter 2227523] reheat + diversify: T=348.1, value=33608.0
    [iter 2233276] reheat + diversify: T=348.1, value=33608.0
    [iter 2239029] reheat + diversify: T=348.1, value=33608.0
    [iter 2244782] reheat + diversify: T=348.1, value=33608.0
    [iter 2250535] reheat + diversify: T=348.1, value=13316.0
    [iter 2256288] reheat + diversify: T=348.1, value=33608.0
    [iter 2262041] reheat + diversify: T=348.1, value=33608.0
    [iter 2267794] reheat + diversify: T=348.1, value=13316.0
    [iter 2273547] reheat + diversify: T=348.1, value=33608.0
    [iter 2279300] reheat + diversify: T=348.1, value=13316.0
    [iter 2285053] reheat + diversify: T=348.1, value=33608.0
    [iter 2290806] reheat + diversify: T=348.1, value=33608.0
    [iter 2296559] reheat + diversify: T=348.1, value=33608.0
    [iter 2302312] reheat + diversify: T=348.1, value=33608.0
    [iter 2308065] reheat + diversify: T=348.1, value=28424.0
    [iter 2313818] reheat + diversify: T=348.1, value=13316.0
    [iter 2319571] reheat + diversify: T=348.1, value=28424.0
    [iter 2325324] reheat + diversify: T=348.1, value=33608.0
    [iter 2331077] reheat + diversify: T=348.1, value=25544.0
    [iter 2336830] reheat + diversify: T=348.1, value=33608.0
    [iter 2342583] reheat + diversify: T=348.1, value=33608.0
    [iter 2348336] reheat + diversify: T=348.1, value=33608.0
    [iter 2354089] reheat + diversify: T=348.1, value=33608.0
    [iter 2359842] reheat + diversify: T=348.1, value=22310.0
    [iter 2365595] reheat + diversify: T=348.1, value=33608.0
    [iter 2371348] reheat + diversify: T=348.1, value=18500.0
    [iter 2377101] reheat + diversify: T=348.1, value=33608.0
    [iter 2382854] reheat + diversify: T=348.1, value=13316.0
    [iter 2388607] reheat + diversify: T=348.1, value=33608.0
    [iter 2394360] reheat + diversify: T=348.1, value=33608.0
    [iter 2400113] reheat + diversify: T=348.1, value=33608.0
    [iter 2405866] reheat + diversify: T=348.1, value=33608.0
    [iter 2411619] reheat + diversify: T=348.1, value=33608.0
    [iter 2417372] reheat + diversify: T=348.1, value=33608.0
    [iter 2423125] reheat + diversify: T=348.1, value=18500.0
    [iter 2428878] reheat + diversify: T=348.1, value=33608.0
    [iter 2434631] reheat + diversify: T=348.1, value=33608.0
    [iter 2440384] reheat + diversify: T=348.1, value=13316.0
    [iter 2446137] reheat + diversify: T=348.1, value=33608.0
    [iter 2451890] reheat + diversify: T=348.1, value=33608.0
    [iter 2457643] reheat + diversify: T=348.1, value=33608.0
    [iter 2463396] reheat + diversify: T=348.1, value=33608.0
    [iter 2469149] reheat + diversify: T=348.1, value=33608.0
    [iter 2474902] reheat + diversify: T=348.1, value=16550.0
    [iter 2480655] reheat + diversify: T=348.1, value=33608.0
    [iter 2486408] reheat + diversify: T=348.1, value=33608.0
    [iter 2492161] reheat + diversify: T=348.1, value=13316.0
    [iter 2497914] reheat + diversify: T=348.1, value=33608.0
    [iter 2503667] reheat + diversify: T=348.1, value=18500.0
    [iter 2509420] reheat + diversify: T=348.1, value=33608.0
    [iter 2515173] reheat + diversify: T=348.1, value=33608.0
    [iter 2520926] reheat + diversify: T=348.1, value=33608.0
    [iter 2526679] reheat + diversify: T=348.1, value=33608.0
    [iter 2532432] reheat + diversify: T=348.1, value=33608.0
    [iter 2538185] reheat + diversify: T=348.1, value=13316.0
    [iter 2543938] reheat + diversify: T=348.1, value=30728.0
    [iter 2549691] reheat + diversify: T=348.1, value=33608.0
    [iter 2555444] reheat + diversify: T=348.1, value=13316.0
    [iter 2561197] reheat + diversify: T=348.1, value=33608.0
    [iter 2566950] reheat + diversify: T=348.1, value=13316.0
    [iter 2572703] reheat + diversify: T=348.1, value=22310.0
    [iter 2578456] reheat + diversify: T=348.1, value=30728.0
    [iter 2584209] reheat + diversify: T=348.1, value=33608.0
    [iter 2589962] reheat + diversify: T=348.1, value=30728.0
    [iter 2595715] reheat + diversify: T=348.1, value=33608.0
    [iter 2601468] reheat + diversify: T=348.1, value=33608.0
    [iter 2607221] reheat + diversify: T=348.1, value=33608.0
    [iter 2612974] reheat + diversify: T=348.1, value=11012.0
    [iter 2618727] reheat + diversify: T=348.1, value=33608.0
    [iter 2624480] reheat + diversify: T=348.1, value=33608.0
    [iter 2630233] reheat + diversify: T=348.1, value=33608.0
    [iter 2635986] reheat + diversify: T=348.1, value=30728.0
    [iter 2641739] reheat + diversify: T=348.1, value=33608.0
    [iter 2647492] reheat + diversify: T=348.1, value=13316.0
    [iter 2653245] reheat + diversify: T=348.1, value=33608.0
    [iter 2658998] reheat + diversify: T=348.1, value=15620.0
    [iter 2664751] reheat + diversify: T=348.1, value=33608.0
    [iter 2670504] reheat + diversify: T=348.1, value=33608.0
    [iter 2676257] reheat + diversify: T=348.1, value=33608.0
    [iter 2682010] reheat + diversify: T=348.1, value=33608.0
    [iter 2687763] reheat + diversify: T=348.1, value=22310.0
    [iter 2693516] reheat + diversify: T=348.1, value=33608.0
    [iter 2699269] reheat + diversify: T=348.1, value=22310.0
    [iter 2705022] reheat + diversify: T=348.1, value=13316.0
    [iter 2710775] reheat + diversify: T=348.1, value=13316.0
    [iter 2716528] reheat + diversify: T=348.1, value=33608.0
    [iter 2722281] reheat + diversify: T=348.1, value=33608.0
    [iter 2728034] reheat + diversify: T=348.1, value=13316.0
    [iter 2733787] reheat + diversify: T=348.1, value=15620.0
    [iter 2739540] reheat + diversify: T=348.1, value=28424.0
    [iter 2745293] reheat + diversify: T=348.1, value=22310.0
    [iter 2751046] reheat + diversify: T=348.1, value=33608.0
    [iter 2756799] reheat + diversify: T=348.1, value=13316.0
    [iter 2762552] reheat + diversify: T=348.1, value=13316.0
    [iter 2768305] reheat + diversify: T=348.1, value=30728.0
    [iter 2774058] reheat + diversify: T=348.1, value=33608.0
    [iter 2779811] reheat + diversify: T=348.1, value=33608.0
    [iter 2785564] reheat + diversify: T=348.1, value=33608.0
    [iter 2791317] reheat + diversify: T=348.1, value=11012.0
    [iter 2797070] reheat + diversify: T=348.1, value=33608.0
    [iter 2802823] reheat + diversify: T=348.1, value=33608.0
    [iter 2808576] reheat + diversify: T=348.1, value=13316.0
    [iter 2814329] reheat + diversify: T=348.1, value=33608.0
    [iter 2820082] reheat + diversify: T=348.1, value=24614.0
    [iter 2825835] reheat + diversify: T=348.1, value=29798.0
    [iter 2831588] reheat + diversify: T=348.1, value=13316.0
    [iter 2837341] reheat + diversify: T=348.1, value=29798.0
    [iter 2843094] reheat + diversify: T=348.1, value=33608.0
    [iter 2848847] reheat + diversify: T=348.1, value=33608.0
    [iter 2854600] reheat + diversify: T=348.1, value=33608.0
    [iter 2860353] reheat + diversify: T=348.1, value=33608.0
    [iter 2866106] reheat + diversify: T=348.1, value=29798.0
    [iter 2871859] reheat + diversify: T=348.1, value=13316.0
    [iter 2877612] reheat + diversify: T=348.1, value=33608.0
    [iter 2883365] reheat + diversify: T=348.1, value=33608.0
    [iter 2889118] reheat + diversify: T=348.1, value=33608.0
    [iter 2894871] reheat + diversify: T=348.1, value=33608.0
    [iter 2900624] reheat + diversify: T=348.1, value=33608.0
    [iter 2906377] reheat + diversify: T=348.1, value=13316.0
    [iter 2912130] reheat + diversify: T=348.1, value=22310.0
    [iter 2917883] reheat + diversify: T=348.1, value=13316.0
    [iter 2923636] reheat + diversify: T=348.1, value=11012.0
    [iter 2929389] reheat + diversify: T=348.1, value=15620.0
    [iter 2935142] reheat + diversify: T=348.1, value=33608.0
    [iter 2940895] reheat + diversify: T=348.1, value=33608.0
    [iter 2946648] reheat + diversify: T=348.1, value=33608.0
    [iter 2952401] reheat + diversify: T=348.1, value=29798.0
    [iter 2958154] reheat + diversify: T=348.1, value=33608.0
    [iter 2963907] reheat + diversify: T=348.1, value=23240.0
    [iter 2969660] reheat + diversify: T=348.1, value=33608.0
    [iter 2975413] reheat + diversify: T=348.1, value=13316.0
    [iter 2981166] reheat + diversify: T=348.1, value=27848.0
    [iter 2986919] reheat + diversify: T=348.1, value=22310.0
    [iter 2992672] reheat + diversify: T=348.1, value=33608.0
    [iter 2998425] reheat + diversify: T=348.1, value=33608.0
    [iter 3004178] reheat + diversify: T=348.1, value=13316.0
    [iter 3009931] reheat + diversify: T=348.1, value=33608.0
    [iter 3015684] reheat + diversify: T=348.1, value=30728.0
    [iter 3021437] reheat + diversify: T=348.1, value=33608.0
    [iter 3027190] reheat + diversify: T=348.1, value=33608.0
    [iter 3032943] reheat + diversify: T=348.1, value=13316.0
    [iter 3038696] reheat + diversify: T=348.1, value=30728.0
    [iter 3044449] reheat + diversify: T=348.1, value=13316.0
    [iter 3050202] reheat + diversify: T=348.1, value=22310.0
    [iter 3055955] reheat + diversify: T=348.1, value=30728.0
    [iter 3061708] reheat + diversify: T=348.1, value=33608.0
    [iter 3067461] reheat + diversify: T=348.1, value=33608.0
    [iter 3073214] reheat + diversify: T=348.1, value=29798.0
    [iter 3078967] reheat + diversify: T=348.1, value=29798.0
    [iter 3084720] reheat + diversify: T=348.1, value=33608.0
    [iter 3090473] reheat + diversify: T=348.1, value=13316.0
    [iter 3096226] reheat + diversify: T=348.1, value=29798.0
    [iter 3101979] reheat + diversify: T=348.1, value=33608.0
    [iter 3107732] reheat + diversify: T=348.1, value=30728.0
    [iter 3113485] reheat + diversify: T=348.1, value=33608.0
  time limit reached at iteration 3114488
  SA finished: 3114488 iterations in 300.0s (10382 it/s), accepted 1895646 (60.9%), rejected 1218841, no-move draws 0, reheats 541
  SA: value 33608.0 (greedy 27848.0, +5760.0), bound 39200.0, gap 14.27%, util 72.6%
  report -> /home/mcaspar/3DMHKP/results_3DMHKP_ep3/ep3-20-D-C-90-3DMHKP-SA-a0.999-r0.25-t300s.txt

================================================================================================
SUMMARY
================================================================================================
instance      boxes  packed       greedy     SA value        bound      gap    util    iters    time
------------------------------------------------------------------------------------------------
ep3-20-D-C-90     20      16      27848.0      33608.0      39200.0   14.3%   72.6%  3114488  300.0s
------------------------------------------------------------------------------------------------
proven optimal (value reaches the upper bound): 0/1
improved over greedy: 1/1 (total value 27848.0 -> 33608.0, +20.68%)
mean gap to continuous-knapsack bound: 14.3%
mean volume utilization: 72.6%
