============================================================
  Solver:     3DMHKP-SA.py
  Instance:   /home/mcaspar/3DMHKP/Egeblad/ep3-20-L-C-50.txt
  Value mode: flat
  Timelimit:  300s
  Reports:    /home/mcaspar/3DMHKP/results_3DMHKP_ep3
  CPUs:       1
============================================================
======================================================================
3DMHKP Simulated Annealing (random single-neighbour, sequence decoder)
SA params: T0=5% of f(S_0), alpha=0.999, T_min=0.001, reheat_threshold=5753, reheat_fraction=0.25
Move weights: {'relocate': 0.0, 'swap': 1.0, '2opt': 0.0, 'promote': 1.5, 'demote': 1.5, 'orient': 1.0, 'container': 0.5}
Time limit: 300.0s per instance, seed 1144809877
======================================================================

======================================================================
ep3-20-L-C-50: 20 boxes (5 types), 1 containers (1 types)
  continuous-knapsack bound: 34613.5
  initial (value-density) decode: value 21018.0 (8/20 boxes)
  T0 = 1050.9 (5% of the initial objective)
    [iter 2] *** NEW BEST: value 22566.0, boxes 9/20, T=1049.8, elapsed=0.0s
    [iter 14] *** NEW BEST: value 23085.0, boxes 8/20, T=1037.3, elapsed=0.0s
    [iter 26] *** NEW BEST: value 23625.0, boxes 9/20, T=1024.9, elapsed=0.0s
    [iter 27] *** NEW BEST: value 24552.0, boxes 9/20, T=1023.9, elapsed=0.0s
    [iter 278] *** NEW BEST: value 25320.0, boxes 10/20, T=796.5, elapsed=0.0s
    [iter 368] *** NEW BEST: value 26832.0, boxes 9/20, T=727.9, elapsed=0.0s
    [iter 6121] reheat + diversify: T=262.7, value=16554.0
    [iter 11874] reheat + diversify: T=262.7, value=16554.0
    [iter 17627] reheat + diversify: T=262.7, value=19944.0
    [iter 23380] reheat + diversify: T=262.7, value=18066.0
    [iter 29133] reheat + diversify: T=262.7, value=22011.0
    [iter 34886] reheat + diversify: T=262.7, value=16554.0
    [iter 40639] reheat + diversify: T=262.7, value=19863.0
    [iter 46392] reheat + diversify: T=262.7, value=20484.0
    [iter 52145] reheat + diversify: T=262.7, value=19878.0
    [iter 57898] reheat + diversify: T=262.7, value=18804.0
    [iter 63651] reheat + diversify: T=262.7, value=25152.0
    [iter 69404] reheat + diversify: T=262.7, value=22011.0
    [iter 75157] reheat + diversify: T=262.7, value=21018.0
    [iter 80910] reheat + diversify: T=262.7, value=16554.0
    [iter 86663] reheat + diversify: T=262.7, value=21909.0
    [iter 92416] reheat + diversify: T=262.7, value=26832.0
    [iter 98169] reheat + diversify: T=262.7, value=22011.0
    [iter 103922] reheat + diversify: T=262.7, value=21909.0
    [iter 109675] reheat + diversify: T=262.7, value=22011.0
    [iter 115428] reheat + diversify: T=262.7, value=16554.0
    [iter 121181] reheat + diversify: T=262.7, value=22011.0
    [iter 126934] reheat + diversify: T=262.7, value=16554.0
    [iter 132687] reheat + diversify: T=262.7, value=26832.0
    [iter 138440] reheat + diversify: T=262.7, value=18768.0
    [iter 144193] reheat + diversify: T=262.7, value=21492.0
    [iter 149946] reheat + diversify: T=262.7, value=22566.0
    [iter 155699] reheat + diversify: T=262.7, value=16518.0
    [iter 161452] reheat + diversify: T=262.7, value=21018.0
    [iter 167205] reheat + diversify: T=262.7, value=15378.0
    [iter 172958] reheat + diversify: T=262.7, value=24078.0
    [iter 178711] reheat + diversify: T=262.7, value=24078.0
    [iter 184464] reheat + diversify: T=262.7, value=21018.0
    [iter 190217] reheat + diversify: T=262.7, value=20418.0
    [iter 195970] reheat + diversify: T=262.7, value=24078.0
    [iter 201723] reheat + diversify: T=262.7, value=16554.0
    [iter 207476] reheat + diversify: T=262.7, value=18885.0
    [iter 213229] reheat + diversify: T=262.7, value=21558.0
    [iter 218982] reheat + diversify: T=262.7, value=24078.0
    [iter 224735] reheat + diversify: T=262.7, value=19548.0
    [iter 230488] reheat + diversify: T=262.7, value=21966.0
    [iter 236241] reheat + diversify: T=262.7, value=16554.0
    [iter 241994] reheat + diversify: T=262.7, value=22011.0
    [iter 247747] reheat + diversify: T=262.7, value=21909.0
    [iter 253500] reheat + diversify: T=262.7, value=24078.0
    [iter 259253] reheat + diversify: T=262.7, value=26832.0
    [iter 265006] reheat + diversify: T=262.7, value=24699.0
    [iter 270759] reheat + diversify: T=262.7, value=16518.0
    [iter 276512] reheat + diversify: T=262.7, value=24078.0
    [iter 282265] reheat + diversify: T=262.7, value=16554.0
    [iter 288018] reheat + diversify: T=262.7, value=16554.0
    [iter 293771] reheat + diversify: T=262.7, value=24078.0
    [iter 299524] reheat + diversify: T=262.7, value=18972.0
    [iter 305277] reheat + diversify: T=262.7, value=18804.0
    [iter 311030] reheat + diversify: T=262.7, value=22551.0
    [iter 316783] reheat + diversify: T=262.7, value=22485.0
    [iter 322536] reheat + diversify: T=262.7, value=18102.0
    [iter 328289] reheat + diversify: T=262.7, value=24246.0
    [iter 334042] reheat + diversify: T=262.7, value=20871.0
    [iter 339795] reheat + diversify: T=262.7, value=17409.0
    [iter 345548] reheat + diversify: T=262.7, value=18804.0
    [iter 351301] reheat + diversify: T=262.7, value=17994.0
    [iter 357054] reheat + diversify: T=262.7, value=26832.0
    [iter 362807] reheat + diversify: T=262.7, value=26832.0
    [iter 368560] reheat + diversify: T=262.7, value=19206.0
    [iter 374313] reheat + diversify: T=262.7, value=23172.0
    [iter 380066] reheat + diversify: T=262.7, value=22551.0
    [iter 385819] reheat + diversify: T=262.7, value=15480.0
    [iter 391572] reheat + diversify: T=262.7, value=19863.0
    [iter 397325] reheat + diversify: T=262.7, value=23625.0
    [iter 403078] reheat + diversify: T=262.7, value=22902.0
    [iter 408831] reheat + diversify: T=262.7, value=18030.0
    [iter 414584] reheat + diversify: T=262.7, value=24246.0
    [iter 420337] reheat + diversify: T=262.7, value=19944.0
    [iter 426090] reheat + diversify: T=262.7, value=18102.0
    [iter 431843] reheat + diversify: T=262.7, value=24552.0
    [iter 437596] reheat + diversify: T=262.7, value=20418.0
    [iter 443349] reheat + diversify: T=262.7, value=24078.0
    [iter 449102] reheat + diversify: T=262.7, value=21966.0
    [iter 454855] reheat + diversify: T=262.7, value=23706.0
    [iter 460608] reheat + diversify: T=262.7, value=25152.0
    [iter 466361] reheat + diversify: T=262.7, value=22530.0
    [iter 472114] reheat + diversify: T=262.7, value=21828.0
    [iter 477867] reheat + diversify: T=262.7, value=21558.0
    [iter 483620] reheat + diversify: T=262.7, value=18066.0
    [iter 489373] reheat + diversify: T=262.7, value=21558.0
    [iter 495126] reheat + diversify: T=262.7, value=22902.0
    [iter 500879] reheat + diversify: T=262.7, value=25320.0
    [iter 506632] reheat + diversify: T=262.7, value=22011.0
    [iter 512385] reheat + diversify: T=262.7, value=20418.0
    [iter 518138] reheat + diversify: T=262.7, value=17409.0
    [iter 523891] reheat + diversify: T=262.7, value=26832.0
    [iter 529644] reheat + diversify: T=262.7, value=24246.0
    [iter 535397] reheat + diversify: T=262.7, value=21018.0
    [iter 541150] reheat + diversify: T=262.7, value=24078.0
    [iter 546903] reheat + diversify: T=262.7, value=19278.0
    [iter 552656] reheat + diversify: T=262.7, value=24078.0
    [iter 558409] reheat + diversify: T=262.7, value=24078.0
    [iter 564162] reheat + diversify: T=262.7, value=24246.0
    [iter 569915] reheat + diversify: T=262.7, value=22011.0
    [iter 575668] reheat + diversify: T=262.7, value=16554.0
    [iter 581421] reheat + diversify: T=262.7, value=16554.0
    [iter 587174] reheat + diversify: T=262.7, value=13866.0
    [iter 592927] reheat + diversify: T=262.7, value=16554.0
    [iter 598680] reheat + diversify: T=262.7, value=21492.0
    [iter 604433] reheat + diversify: T=262.7, value=24078.0
    [iter 610186] reheat + diversify: T=262.7, value=16518.0
    [iter 615939] reheat + diversify: T=262.7, value=16554.0
    [iter 621692] reheat + diversify: T=262.7, value=13866.0
    [iter 627445] reheat + diversify: T=262.7, value=20718.0
    [iter 633198] reheat + diversify: T=262.7, value=21018.0
    [iter 638951] reheat + diversify: T=262.7, value=16554.0
    [iter 644704] reheat + diversify: T=262.7, value=25152.0
    [iter 650457] reheat + diversify: T=262.7, value=20418.0
    [iter 656210] reheat + diversify: T=262.7, value=26832.0
    [iter 661963] reheat + diversify: T=262.7, value=18204.0
    [iter 667716] reheat + diversify: T=262.7, value=22011.0
    [iter 673469] reheat + diversify: T=262.7, value=21909.0
    [iter 679222] reheat + diversify: T=262.7, value=22011.0
    [iter 684975] reheat + diversify: T=262.7, value=20250.0
    [iter 690728] reheat + diversify: T=262.7, value=20316.0
    [iter 696481] reheat + diversify: T=262.7, value=24078.0
    [iter 702234] reheat + diversify: T=262.7, value=16554.0
    [iter 707987] reheat + diversify: T=262.7, value=23172.0
    [iter 713740] reheat + diversify: T=262.7, value=20061.0
    [iter 719493] reheat + diversify: T=262.7, value=16554.0
    [iter 725246] reheat + diversify: T=262.7, value=23706.0
    [iter 730999] reheat + diversify: T=262.7, value=21018.0
    [iter 736752] reheat + diversify: T=262.7, value=19878.0
    [iter 742505] reheat + diversify: T=262.7, value=14940.0
    [iter 748258] reheat + diversify: T=262.7, value=25320.0
    [iter 754011] reheat + diversify: T=262.7, value=16554.0
    [iter 759764] reheat + diversify: T=262.7, value=16554.0
    [iter 765517] reheat + diversify: T=262.7, value=22632.0
    [iter 771270] reheat + diversify: T=262.7, value=22011.0
    [iter 777023] reheat + diversify: T=262.7, value=16554.0
    [iter 782776] reheat + diversify: T=262.7, value=19725.0
    [iter 788529] reheat + diversify: T=262.7, value=16554.0
    [iter 794282] reheat + diversify: T=262.7, value=24699.0
    [iter 800035] reheat + diversify: T=262.7, value=19170.0
    [iter 805788] reheat + diversify: T=262.7, value=18066.0
    [iter 811541] reheat + diversify: T=262.7, value=25152.0
    [iter 817294] reheat + diversify: T=262.7, value=24078.0
    [iter 823047] reheat + diversify: T=262.7, value=24246.0
    [iter 828800] reheat + diversify: T=262.7, value=24078.0
    [iter 834553] reheat + diversify: T=262.7, value=24078.0
    [iter 840306] reheat + diversify: T=262.7, value=24078.0
    [iter 846059] reheat + diversify: T=262.7, value=16554.0
    [iter 851812] reheat + diversify: T=262.7, value=14940.0
    [iter 857565] reheat + diversify: T=262.7, value=16554.0
    [iter 863318] reheat + diversify: T=262.7, value=16554.0
    [iter 869071] reheat + diversify: T=262.7, value=21558.0
    [iter 874824] reheat + diversify: T=262.7, value=24078.0
    [iter 880577] reheat + diversify: T=262.7, value=24078.0
    [iter 886330] reheat + diversify: T=262.7, value=23004.0
    [iter 892083] reheat + diversify: T=262.7, value=21762.0
    [iter 897836] reheat + diversify: T=262.7, value=21018.0
    [iter 903589] reheat + diversify: T=262.7, value=16554.0
    [iter 909342] reheat + diversify: T=262.7, value=24078.0
    [iter 915095] reheat + diversify: T=262.7, value=18585.0
    [iter 920848] reheat + diversify: T=262.7, value=16554.0
    [iter 926601] reheat + diversify: T=262.7, value=20346.0
    [iter 932354] reheat + diversify: T=262.7, value=19242.0
    [iter 938107] reheat + diversify: T=262.7, value=18804.0
    [iter 943860] reheat + diversify: T=262.7, value=21756.0
    [iter 949613] reheat + diversify: T=262.7, value=23976.0
    [iter 955366] reheat + diversify: T=262.7, value=20418.0
    [iter 961119] reheat + diversify: T=262.7, value=24078.0
    [iter 966872] reheat + diversify: T=262.7, value=21966.0
    [iter 972625] reheat + diversify: T=262.7, value=21018.0
    [iter 978378] reheat + diversify: T=262.7, value=23004.0
    [iter 984131] reheat + diversify: T=262.7, value=21909.0
    [iter 989884] reheat + diversify: T=262.7, value=18066.0
    [iter 995637] reheat + diversify: T=262.7, value=17994.0
    [iter 1001390] reheat + diversify: T=262.7, value=19878.0
    [iter 1007143] reheat + diversify: T=262.7, value=21762.0
    [iter 1012896] reheat + diversify: T=262.7, value=20988.0
    [iter 1018649] reheat + diversify: T=262.7, value=26211.0
    [iter 1024402] reheat + diversify: T=262.7, value=19944.0
    [iter 1030155] reheat + diversify: T=262.7, value=23625.0
    [iter 1035908] reheat + diversify: T=262.7, value=19170.0
    [iter 1041661] reheat + diversify: T=262.7, value=20418.0
    [iter 1047414] reheat + diversify: T=262.7, value=24246.0
    [iter 1053167] reheat + diversify: T=262.7, value=24078.0
    [iter 1058920] reheat + diversify: T=262.7, value=26832.0
    [iter 1064673] reheat + diversify: T=262.7, value=19944.0
    [iter 1070426] reheat + diversify: T=262.7, value=25320.0
    [iter 1076179] reheat + diversify: T=262.7, value=16518.0
    [iter 1081932] reheat + diversify: T=262.7, value=24078.0
    [iter 1087685] reheat + diversify: T=262.7, value=16554.0
    [iter 1093438] reheat + diversify: T=262.7, value=16992.0
    [iter 1099191] reheat + diversify: T=262.7, value=19242.0
    [iter 1104944] reheat + diversify: T=262.7, value=21492.0
    [iter 1110697] reheat + diversify: T=262.7, value=24078.0
    [iter 1116450] reheat + diversify: T=262.7, value=16554.0
    [iter 1122203] reheat + diversify: T=262.7, value=21018.0
    [iter 1127956] reheat + diversify: T=262.7, value=16518.0
    [iter 1133709] reheat + diversify: T=262.7, value=13866.0
    [iter 1139462] reheat + diversify: T=262.7, value=20346.0
    [iter 1145215] reheat + diversify: T=262.7, value=21492.0
    [iter 1150968] reheat + diversify: T=262.7, value=24078.0
    [iter 1156721] reheat + diversify: T=262.7, value=21018.0
    [iter 1162474] reheat + diversify: T=262.7, value=16518.0
    [iter 1168227] reheat + diversify: T=262.7, value=25152.0
    [iter 1173980] reheat + diversify: T=262.7, value=19206.0
    [iter 1179733] reheat + diversify: T=262.7, value=24078.0
    [iter 1185486] reheat + diversify: T=262.7, value=23085.0
    [iter 1191239] reheat + diversify: T=262.7, value=16554.0
    [iter 1196992] reheat + diversify: T=262.7, value=16554.0
    [iter 1202745] reheat + diversify: T=262.7, value=20484.0
    [iter 1208498] reheat + diversify: T=262.7, value=16518.0
    [iter 1214251] reheat + diversify: T=262.7, value=25320.0
    [iter 1220004] reheat + diversify: T=262.7, value=17994.0
    [iter 1225757] reheat + diversify: T=262.7, value=22011.0
    [iter 1231510] reheat + diversify: T=262.7, value=20718.0
    [iter 1237263] reheat + diversify: T=262.7, value=21909.0
    [iter 1243016] reheat + diversify: T=262.7, value=22317.0
    [iter 1248769] reheat + diversify: T=262.7, value=15378.0
    [iter 1254522] reheat + diversify: T=262.7, value=19578.0
    [iter 1260275] reheat + diversify: T=262.7, value=19944.0
    [iter 1266028] reheat + diversify: T=262.7, value=19242.0
    [iter 1271781] reheat + diversify: T=262.7, value=24246.0
    [iter 1277534] reheat + diversify: T=262.7, value=24078.0
    [iter 1283287] reheat + diversify: T=262.7, value=21492.0
    [iter 1289040] reheat + diversify: T=262.7, value=24078.0
    [iter 1294793] reheat + diversify: T=262.7, value=16554.0
    [iter 1300546] reheat + diversify: T=262.7, value=20097.0
    [iter 1306299] reheat + diversify: T=262.7, value=22902.0
    [iter 1312052] reheat + diversify: T=262.7, value=22011.0
    [iter 1317805] reheat + diversify: T=262.7, value=19842.0
    [iter 1323558] reheat + diversify: T=262.7, value=25590.0
    [iter 1329311] reheat + diversify: T=262.7, value=21018.0
    [iter 1335064] reheat + diversify: T=262.7, value=21018.0
    [iter 1340817] reheat + diversify: T=262.7, value=22632.0
    [iter 1346570] reheat + diversify: T=262.7, value=16554.0
    [iter 1352323] reheat + diversify: T=262.7, value=15042.0
    [iter 1358076] reheat + diversify: T=262.7, value=25320.0
    [iter 1363829] reheat + diversify: T=262.7, value=19170.0
    [iter 1369582] reheat + diversify: T=262.7, value=25320.0
    [iter 1375335] reheat + diversify: T=262.7, value=19944.0
    [iter 1381088] reheat + diversify: T=262.7, value=17409.0
    [iter 1386841] reheat + diversify: T=262.7, value=16554.0
    [iter 1392594] reheat + diversify: T=262.7, value=23004.0
    [iter 1398347] reheat + diversify: T=262.7, value=23172.0
    [iter 1404100] reheat + diversify: T=262.7, value=16590.0
    [iter 1409853] reheat + diversify: T=262.7, value=18621.0
    [iter 1415606] reheat + diversify: T=262.7, value=22011.0
    [iter 1421359] reheat + diversify: T=262.7, value=19242.0
    [iter 1427112] reheat + diversify: T=262.7, value=17994.0
    [iter 1432865] reheat + diversify: T=262.7, value=16554.0
    [iter 1438618] reheat + diversify: T=262.7, value=24078.0
    [iter 1444371] reheat + diversify: T=262.7, value=24078.0
    [iter 1450124] reheat + diversify: T=262.7, value=15378.0
    [iter 1455877] reheat + diversify: T=262.7, value=20169.0
    [iter 1461630] reheat + diversify: T=262.7, value=24633.0
    [iter 1467383] reheat + diversify: T=262.7, value=19278.0
    [iter 1473136] reheat + diversify: T=262.7, value=17628.0
    [iter 1478889] reheat + diversify: T=262.7, value=24246.0
    [iter 1484642] reheat + diversify: T=262.7, value=20169.0
    [iter 1490395] reheat + diversify: T=262.7, value=14895.0
    [iter 1496148] reheat + diversify: T=262.7, value=24246.0
    [iter 1501901] reheat + diversify: T=262.7, value=16554.0
    [iter 1507654] reheat + diversify: T=262.7, value=20418.0
    [iter 1513407] reheat + diversify: T=262.7, value=22011.0
    [iter 1519160] reheat + diversify: T=262.7, value=22011.0
    [iter 1524913] reheat + diversify: T=262.7, value=25320.0
    [iter 1530666] reheat + diversify: T=262.7, value=21909.0
    [iter 1536419] reheat + diversify: T=262.7, value=26832.0
    [iter 1542172] reheat + diversify: T=262.7, value=25320.0
    [iter 1547925] reheat + diversify: T=262.7, value=17730.0
    [iter 1553678] reheat + diversify: T=262.7, value=24246.0
    [iter 1559431] reheat + diversify: T=262.7, value=19944.0
    [iter 1565184] reheat + diversify: T=262.7, value=24246.0
    [iter 1570937] reheat + diversify: T=262.7, value=22011.0
    [iter 1576690] reheat + diversify: T=262.7, value=20346.0
    [iter 1582443] reheat + diversify: T=262.7, value=20097.0
    [iter 1588196] reheat + diversify: T=262.7, value=21930.0
    [iter 1593949] reheat + diversify: T=262.7, value=16518.0
    [iter 1599702] reheat + diversify: T=262.7, value=16554.0
    [iter 1605455] reheat + diversify: T=262.7, value=24078.0
    [iter 1611208] reheat + diversify: T=262.7, value=20418.0
    [iter 1616961] reheat + diversify: T=262.7, value=24246.0
    [iter 1622714] reheat + diversify: T=262.7, value=19170.0
    [iter 1628467] reheat + diversify: T=262.7, value=20346.0
    [iter 1634220] reheat + diversify: T=262.7, value=20418.0
    [iter 1639973] reheat + diversify: T=262.7, value=21930.0
    [iter 1645726] reheat + diversify: T=262.7, value=20835.0
    [iter 1651479] reheat + diversify: T=262.7, value=22551.0
    [iter 1657232] reheat + diversify: T=262.7, value=19944.0
    [iter 1662985] reheat + diversify: T=262.7, value=22632.0
    [iter 1668738] reheat + diversify: T=262.7, value=23004.0
    [iter 1674491] reheat + diversify: T=262.7, value=16554.0
    [iter 1680244] reheat + diversify: T=262.7, value=22011.0
    [iter 1685997] reheat + diversify: T=262.7, value=24078.0
    [iter 1691750] reheat + diversify: T=262.7, value=25320.0
    [iter 1697503] reheat + diversify: T=262.7, value=23625.0
    [iter 1703256] reheat + diversify: T=262.7, value=21756.0
    [iter 1709009] reheat + diversify: T=262.7, value=25320.0
    [iter 1714762] reheat + diversify: T=262.7, value=22011.0
    [iter 1720515] reheat + diversify: T=262.7, value=15480.0
    [iter 1726268] reheat + diversify: T=262.7, value=20718.0
    [iter 1732021] reheat + diversify: T=262.7, value=21018.0
    [iter 1737774] reheat + diversify: T=262.7, value=15342.0
    [iter 1743527] reheat + diversify: T=262.7, value=22632.0
    [iter 1749280] reheat + diversify: T=262.7, value=19278.0
    [iter 1755033] reheat + diversify: T=262.7, value=19242.0
    [iter 1760786] reheat + diversify: T=262.7, value=21756.0
    [iter 1766539] reheat + diversify: T=262.7, value=17073.0
    [iter 1772292] reheat + diversify: T=262.7, value=23625.0
    [iter 1778045] reheat + diversify: T=262.7, value=18585.0
    [iter 1783798] reheat + diversify: T=262.7, value=25320.0
    [iter 1789551] reheat + diversify: T=262.7, value=25152.0
    [iter 1795304] reheat + diversify: T=262.7, value=16554.0
    [iter 1801057] reheat + diversify: T=262.7, value=19944.0
    [iter 1806810] reheat + diversify: T=262.7, value=25320.0
    [iter 1812563] reheat + diversify: T=262.7, value=16554.0
    [iter 1818316] reheat + diversify: T=262.7, value=20418.0
    [iter 1824069] reheat + diversify: T=262.7, value=19944.0
    [iter 1829822] reheat + diversify: T=262.7, value=22902.0
    [iter 1835575] reheat + diversify: T=262.7, value=20346.0
    [iter 1841328] reheat + diversify: T=262.7, value=23172.0
    [iter 1847081] reheat + diversify: T=262.7, value=21018.0
    [iter 1852834] reheat + diversify: T=262.7, value=17694.0
    [iter 1858587] reheat + diversify: T=262.7, value=17409.0
    [iter 1864340] reheat + diversify: T=262.7, value=16554.0
    [iter 1870093] reheat + diversify: T=262.7, value=26832.0
    [iter 1875846] reheat + diversify: T=262.7, value=16554.0
    [iter 1881599] reheat + diversify: T=262.7, value=16554.0
    [iter 1887352] reheat + diversify: T=262.7, value=19797.0
    [iter 1893105] reheat + diversify: T=262.7, value=24078.0
    [iter 1898858] reheat + diversify: T=262.7, value=24078.0
    [iter 1904611] reheat + diversify: T=262.7, value=22566.0
    [iter 1910364] reheat + diversify: T=262.7, value=20133.0
    [iter 1916117] reheat + diversify: T=262.7, value=24078.0
    [iter 1921870] reheat + diversify: T=262.7, value=20484.0
    [iter 1927623] reheat + diversify: T=262.7, value=21909.0
    [iter 1933376] reheat + diversify: T=262.7, value=21492.0
    [iter 1939129] reheat + diversify: T=262.7, value=26145.0
    [iter 1944882] reheat + diversify: T=262.7, value=19242.0
    [iter 1950635] reheat + diversify: T=262.7, value=21909.0
    [iter 1956388] reheat + diversify: T=262.7, value=16554.0
    [iter 1962141] reheat + diversify: T=262.7, value=19878.0
    [iter 1967894] reheat + diversify: T=262.7, value=21930.0
    [iter 1973647] reheat + diversify: T=262.7, value=19944.0
    [iter 1979400] reheat + diversify: T=262.7, value=17628.0
    [iter 1985153] reheat + diversify: T=262.7, value=25152.0
    [iter 1990906] reheat + diversify: T=262.7, value=24078.0
    [iter 1996659] reheat + diversify: T=262.7, value=21909.0
    [iter 2002412] reheat + diversify: T=262.7, value=26832.0
    [iter 2008165] reheat + diversify: T=262.7, value=16554.0
    [iter 2013918] reheat + diversify: T=262.7, value=18102.0
    [iter 2019671] reheat + diversify: T=262.7, value=21018.0
    [iter 2025424] reheat + diversify: T=262.7, value=22011.0
    [iter 2031177] reheat + diversify: T=262.7, value=21018.0
    [iter 2036930] reheat + diversify: T=262.7, value=14940.0
    [iter 2042683] reheat + diversify: T=262.7, value=26832.0
    [iter 2048436] reheat + diversify: T=262.7, value=26211.0
    [iter 2054189] reheat + diversify: T=262.7, value=13902.0
    [iter 2059942] reheat + diversify: T=262.7, value=16554.0
    [iter 2065695] reheat + diversify: T=262.7, value=24078.0
    [iter 2071448] reheat + diversify: T=262.7, value=21018.0
    [iter 2077201] reheat + diversify: T=262.7, value=16518.0
    [iter 2082954] reheat + diversify: T=262.7, value=19278.0
    [iter 2088707] reheat + diversify: T=262.7, value=21018.0
    [iter 2094460] reheat + diversify: T=262.7, value=19944.0
    [iter 2100213] reheat + diversify: T=262.7, value=16554.0
    [iter 2105966] reheat + diversify: T=262.7, value=24078.0
    [iter 2111719] reheat + diversify: T=262.7, value=19944.0
    [iter 2117472] reheat + diversify: T=262.7, value=19242.0
    [iter 2123225] reheat + diversify: T=262.7, value=23625.0
    [iter 2128978] reheat + diversify: T=262.7, value=19578.0
    [iter 2134731] reheat + diversify: T=262.7, value=21762.0
    [iter 2140484] reheat + diversify: T=262.7, value=20418.0
    [iter 2146237] reheat + diversify: T=262.7, value=13902.0
    [iter 2151990] reheat + diversify: T=262.7, value=24246.0
    [iter 2157743] reheat + diversify: T=262.7, value=19242.0
    [iter 2163496] reheat + diversify: T=262.7, value=19242.0
    [iter 2169249] reheat + diversify: T=262.7, value=26832.0
    [iter 2175002] reheat + diversify: T=262.7, value=22011.0
    [iter 2180755] reheat + diversify: T=262.7, value=16554.0
    [iter 2186508] reheat + diversify: T=262.7, value=16554.0
    [iter 2192261] reheat + diversify: T=262.7, value=26832.0
    [iter 2198014] reheat + diversify: T=262.7, value=19242.0
    [iter 2203767] reheat + diversify: T=262.7, value=19242.0
    [iter 2209520] reheat + diversify: T=262.7, value=21828.0
    [iter 2215273] reheat + diversify: T=262.7, value=23004.0
    [iter 2221026] reheat + diversify: T=262.7, value=24078.0
    [iter 2226779] reheat + diversify: T=262.7, value=24078.0
    [iter 2232532] reheat + diversify: T=262.7, value=21018.0
    [iter 2238285] reheat + diversify: T=262.7, value=16554.0
    [iter 2244038] reheat + diversify: T=262.7, value=21390.0
    [iter 2249791] reheat + diversify: T=262.7, value=16554.0
    [iter 2255544] reheat + diversify: T=262.7, value=21966.0
    [iter 2261297] reheat + diversify: T=262.7, value=22632.0
    [iter 2267050] reheat + diversify: T=262.7, value=24699.0
    [iter 2272803] reheat + diversify: T=262.7, value=21018.0
    [iter 2278556] reheat + diversify: T=262.7, value=17994.0
    [iter 2284309] reheat + diversify: T=262.7, value=19170.0
    [iter 2290062] reheat + diversify: T=262.7, value=24078.0
    [iter 2295815] reheat + diversify: T=262.7, value=21909.0
    [iter 2301568] reheat + diversify: T=262.7, value=19944.0
    [iter 2307321] reheat + diversify: T=262.7, value=24246.0
    [iter 2313074] reheat + diversify: T=262.7, value=14940.0
    [iter 2318827] reheat + diversify: T=262.7, value=23172.0
    [iter 2324580] reheat + diversify: T=262.7, value=21558.0
    [iter 2330333] reheat + diversify: T=262.7, value=19944.0
    [iter 2336086] reheat + diversify: T=262.7, value=18102.0
    [iter 2341839] reheat + diversify: T=262.7, value=26832.0
    [iter 2347592] reheat + diversify: T=262.7, value=22011.0
    [iter 2353345] reheat + diversify: T=262.7, value=24078.0
    [iter 2359098] reheat + diversify: T=262.7, value=15378.0
    [iter 2364851] reheat + diversify: T=262.7, value=16554.0
    [iter 2370604] reheat + diversify: T=262.7, value=21909.0
    [iter 2376357] reheat + diversify: T=262.7, value=16554.0
    [iter 2382110] reheat + diversify: T=262.7, value=15378.0
    [iter 2387863] reheat + diversify: T=262.7, value=24078.0
    [iter 2393616] reheat + diversify: T=262.7, value=25320.0
    [iter 2399369] reheat + diversify: T=262.7, value=25152.0
    [iter 2405122] reheat + diversify: T=262.7, value=26211.0
    [iter 2410875] reheat + diversify: T=262.7, value=22011.0
    [iter 2416628] reheat + diversify: T=262.7, value=19242.0
    [iter 2422381] reheat + diversify: T=262.7, value=21909.0
    [iter 2428134] reheat + diversify: T=262.7, value=19593.0
    [iter 2433887] reheat + diversify: T=262.7, value=24078.0
    [iter 2439640] reheat + diversify: T=262.7, value=20418.0
    [iter 2445393] reheat + diversify: T=262.7, value=24699.0
    [iter 2451146] reheat + diversify: T=262.7, value=24078.0
    [iter 2456899] reheat + diversify: T=262.7, value=14940.0
    [iter 2462652] reheat + diversify: T=262.7, value=24078.0
    [iter 2468405] reheat + diversify: T=262.7, value=18804.0
    [iter 2474158] reheat + diversify: T=262.7, value=20988.0
    [iter 2479911] reheat + diversify: T=262.7, value=23004.0
    [iter 2485664] reheat + diversify: T=262.7, value=18066.0
    [iter 2491417] reheat + diversify: T=262.7, value=24633.0
    [iter 2497170] reheat + diversify: T=262.7, value=15414.0
    [iter 2502923] reheat + diversify: T=262.7, value=21909.0
    [iter 2508676] reheat + diversify: T=262.7, value=16554.0
    [iter 2514429] reheat + diversify: T=262.7, value=18066.0
    [iter 2520182] reheat + diversify: T=262.7, value=22011.0
    [iter 2525935] reheat + diversify: T=262.7, value=20352.0
    [iter 2531688] reheat + diversify: T=262.7, value=17994.0
    [iter 2537441] reheat + diversify: T=262.7, value=16554.0
    [iter 2543194] reheat + diversify: T=262.7, value=16518.0
    [iter 2548947] reheat + diversify: T=262.7, value=18102.0
    [iter 2554700] reheat + diversify: T=262.7, value=17994.0
    [iter 2560453] reheat + diversify: T=262.7, value=21018.0
    [iter 2566206] reheat + diversify: T=262.7, value=22632.0
    [iter 2571959] reheat + diversify: T=262.7, value=24246.0
    [iter 2577712] reheat + diversify: T=262.7, value=26832.0
    [iter 2583465] reheat + diversify: T=262.7, value=14940.0
    [iter 2589218] reheat + diversify: T=262.7, value=15480.0
    [iter 2594971] reheat + diversify: T=262.7, value=19278.0
    [iter 2600724] reheat + diversify: T=262.7, value=15480.0
    [iter 2606477] reheat + diversify: T=262.7, value=24078.0
    [iter 2612230] reheat + diversify: T=262.7, value=16554.0
    [iter 2617983] reheat + diversify: T=262.7, value=24078.0
    [iter 2623736] reheat + diversify: T=262.7, value=24078.0
    [iter 2629489] reheat + diversify: T=262.7, value=17409.0
    [iter 2635242] reheat + diversify: T=262.7, value=25320.0
    [iter 2640995] reheat + diversify: T=262.7, value=26832.0
    [iter 2646748] reheat + diversify: T=262.7, value=21909.0
    [iter 2652501] reheat + diversify: T=262.7, value=24078.0
    [iter 2658254] reheat + diversify: T=262.7, value=18804.0
    [iter 2664007] reheat + diversify: T=262.7, value=18066.0
    [iter 2669760] reheat + diversify: T=262.7, value=22011.0
    [iter 2675513] reheat + diversify: T=262.7, value=22011.0
    [iter 2681266] reheat + diversify: T=262.7, value=20418.0
    [iter 2687019] reheat + diversify: T=262.7, value=18030.0
    [iter 2692772] reheat + diversify: T=262.7, value=23976.0
    [iter 2698525] reheat + diversify: T=262.7, value=24078.0
    [iter 2704278] reheat + diversify: T=262.7, value=18102.0
    [iter 2710031] reheat + diversify: T=262.7, value=20169.0
    [iter 2715784] reheat + diversify: T=262.7, value=17628.0
    [iter 2721537] reheat + diversify: T=262.7, value=14940.0
    [iter 2727290] reheat + diversify: T=262.7, value=19944.0
    [iter 2733043] reheat + diversify: T=262.7, value=16554.0
    [iter 2738796] reheat + diversify: T=262.7, value=19242.0
    [iter 2744549] reheat + diversify: T=262.7, value=19944.0
    [iter 2750302] reheat + diversify: T=262.7, value=20418.0
    [iter 2756055] reheat + diversify: T=262.7, value=20835.0
    [iter 2761808] reheat + diversify: T=262.7, value=22011.0
    [iter 2767561] reheat + diversify: T=262.7, value=22836.0
    [iter 2773314] reheat + diversify: T=262.7, value=21828.0
    [iter 2779067] reheat + diversify: T=262.7, value=18651.0
    [iter 2784820] reheat + diversify: T=262.7, value=17409.0
    [iter 2790573] reheat + diversify: T=262.7, value=21909.0
    [iter 2796326] reheat + diversify: T=262.7, value=18249.0
    [iter 2802079] reheat + diversify: T=262.7, value=25320.0
    [iter 2807832] reheat + diversify: T=262.7, value=18804.0
    [iter 2813585] reheat + diversify: T=262.7, value=21909.0
    [iter 2819338] reheat + diversify: T=262.7, value=21966.0
    [iter 2825091] reheat + diversify: T=262.7, value=19878.0
    [iter 2830844] reheat + diversify: T=262.7, value=25320.0
    [iter 2836597] reheat + diversify: T=262.7, value=16518.0
    [iter 2842350] reheat + diversify: T=262.7, value=15342.0
    [iter 2848103] reheat + diversify: T=262.7, value=16518.0
    [iter 2853856] reheat + diversify: T=262.7, value=18066.0
    [iter 2859609] reheat + diversify: T=262.7, value=24633.0
    [iter 2865362] reheat + diversify: T=262.7, value=17409.0
    [iter 2871115] reheat + diversify: T=262.7, value=19761.0
    [iter 2876868] reheat + diversify: T=262.7, value=19170.0
    [iter 2882621] reheat + diversify: T=262.7, value=19242.0
    [iter 2888374] reheat + diversify: T=262.7, value=24246.0
    [iter 2894127] reheat + diversify: T=262.7, value=19170.0
    [iter 2899880] reheat + diversify: T=262.7, value=20346.0
    [iter 2905633] reheat + diversify: T=262.7, value=21909.0
    [iter 2911386] reheat + diversify: T=262.7, value=21828.0
    [iter 2917139] reheat + diversify: T=262.7, value=21909.0
    [iter 2922892] reheat + diversify: T=262.7, value=24078.0
    [iter 2928645] reheat + diversify: T=262.7, value=14940.0
    [iter 2934398] reheat + diversify: T=262.7, value=24078.0
    [iter 2940151] reheat + diversify: T=262.7, value=19170.0
    [iter 2945904] reheat + diversify: T=262.7, value=16554.0
    [iter 2951657] reheat + diversify: T=262.7, value=22011.0
    [iter 2957410] reheat + diversify: T=262.7, value=16554.0
    [iter 2963163] reheat + diversify: T=262.7, value=25320.0
    [iter 2968916] reheat + diversify: T=262.7, value=25152.0
    [iter 2974669] reheat + diversify: T=262.7, value=18066.0
    [iter 2980422] reheat + diversify: T=262.7, value=14940.0
    [iter 2986175] reheat + diversify: T=262.7, value=24078.0
    [iter 2991928] reheat + diversify: T=262.7, value=17994.0
    [iter 2997681] reheat + diversify: T=262.7, value=22011.0
    [iter 3003434] reheat + diversify: T=262.7, value=16554.0
    [iter 3009187] reheat + diversify: T=262.7, value=21828.0
    [iter 3014940] reheat + diversify: T=262.7, value=24246.0
    [iter 3020693] reheat + diversify: T=262.7, value=18657.0
    [iter 3026446] reheat + diversify: T=262.7, value=21018.0
    [iter 3032199] reheat + diversify: T=262.7, value=23004.0
    [iter 3037952] reheat + diversify: T=262.7, value=24246.0
    [iter 3043705] reheat + diversify: T=262.7, value=24699.0
    [iter 3049458] reheat + diversify: T=262.7, value=19878.0
    [iter 3055211] reheat + diversify: T=262.7, value=19878.0
    [iter 3060964] reheat + diversify: T=262.7, value=16518.0
    [iter 3066717] reheat + diversify: T=262.7, value=19878.0
    [iter 3072470] reheat + diversify: T=262.7, value=17994.0
    [iter 3078223] reheat + diversify: T=262.7, value=20418.0
    [iter 3083976] reheat + diversify: T=262.7, value=24078.0
    [iter 3089729] reheat + diversify: T=262.7, value=16554.0
    [iter 3095482] reheat + diversify: T=262.7, value=15378.0
    [iter 3101235] reheat + diversify: T=262.7, value=19944.0
    [iter 3106988] reheat + diversify: T=262.7, value=21390.0
    [iter 3112741] reheat + diversify: T=262.7, value=20346.0
    [iter 3118494] reheat + diversify: T=262.7, value=13902.0
    [iter 3124247] reheat + diversify: T=262.7, value=18066.0
    [iter 3130000] reheat + diversify: T=262.7, value=18972.0
    [iter 3135753] reheat + diversify: T=262.7, value=19278.0
    [iter 3141506] reheat + diversify: T=262.7, value=20346.0
    [iter 3147259] reheat + diversify: T=262.7, value=22011.0
    [iter 3153012] reheat + diversify: T=262.7, value=16554.0
    [iter 3158765] reheat + diversify: T=262.7, value=17694.0
    [iter 3164518] reheat + diversify: T=262.7, value=18168.0
    [iter 3170271] reheat + diversify: T=262.7, value=21762.0
    [iter 3176024] reheat + diversify: T=262.7, value=21966.0
    [iter 3181777] reheat + diversify: T=262.7, value=16554.0
    [iter 3187530] reheat + diversify: T=262.7, value=16554.0
    [iter 3193283] reheat + diversify: T=262.7, value=17409.0
    [iter 3199036] reheat + diversify: T=262.7, value=21966.0
    [iter 3204789] reheat + diversify: T=262.7, value=24078.0
    [iter 3210542] reheat + diversify: T=262.7, value=20346.0
    [iter 3216295] reheat + diversify: T=262.7, value=21909.0
    [iter 3222048] reheat + diversify: T=262.7, value=16554.0
    [iter 3227801] reheat + diversify: T=262.7, value=18066.0
    [iter 3233554] reheat + diversify: T=262.7, value=16518.0
    [iter 3239307] reheat + diversify: T=262.7, value=16518.0
    [iter 3245060] reheat + diversify: T=262.7, value=26832.0
    [iter 3250813] reheat + diversify: T=262.7, value=16518.0
    [iter 3256566] reheat + diversify: T=262.7, value=20382.0
    [iter 3262319] reheat + diversify: T=262.7, value=23457.0
    [iter 3268072] reheat + diversify: T=262.7, value=25320.0
    [iter 3273825] reheat + diversify: T=262.7, value=13866.0
    [iter 3279578] reheat + diversify: T=262.7, value=17994.0
    [iter 3285331] reheat + diversify: T=262.7, value=24078.0
    [iter 3291084] reheat + diversify: T=262.7, value=21018.0
    [iter 3296837] reheat + diversify: T=262.7, value=17409.0
    [iter 3302590] reheat + diversify: T=262.7, value=22632.0
    [iter 3308343] reheat + diversify: T=262.7, value=22011.0
    [iter 3314096] reheat + diversify: T=262.7, value=23706.0
    [iter 3319849] reheat + diversify: T=262.7, value=24078.0
    [iter 3325602] reheat + diversify: T=262.7, value=22011.0
    [iter 3331355] reheat + diversify: T=262.7, value=19170.0
    [iter 3337108] reheat + diversify: T=262.7, value=22011.0
    [iter 3342861] reheat + diversify: T=262.7, value=23004.0
    [iter 3348614] reheat + diversify: T=262.7, value=22011.0
    [iter 3354367] reheat + diversify: T=262.7, value=22011.0
    [iter 3360120] reheat + diversify: T=262.7, value=16554.0
    [iter 3365873] reheat + diversify: T=262.7, value=21756.0
    [iter 3371626] reheat + diversify: T=262.7, value=25320.0
    [iter 3377379] reheat + diversify: T=262.7, value=14940.0
    [iter 3383132] reheat + diversify: T=262.7, value=16554.0
    [iter 3388885] reheat + diversify: T=262.7, value=15378.0
    [iter 3394638] reheat + diversify: T=262.7, value=24078.0
    [iter 3400391] reheat + diversify: T=262.7, value=15378.0
    [iter 3406144] reheat + diversify: T=262.7, value=18768.0
    [iter 3411897] reheat + diversify: T=262.7, value=19278.0
    [iter 3417650] reheat + diversify: T=262.7, value=14940.0
    [iter 3423403] reheat + diversify: T=262.7, value=22902.0
    [iter 3429156] reheat + diversify: T=262.7, value=16554.0
    [iter 3434909] reheat + diversify: T=262.7, value=21966.0
    [iter 3440662] reheat + diversify: T=262.7, value=24078.0
    [iter 3446415] reheat + diversify: T=262.7, value=22011.0
    [iter 3452168] reheat + diversify: T=262.7, value=16554.0
    [iter 3457921] reheat + diversify: T=262.7, value=19944.0
    [iter 3463674] reheat + diversify: T=262.7, value=22011.0
    [iter 3469427] reheat + diversify: T=262.7, value=16518.0
    [iter 3475180] reheat + diversify: T=262.7, value=22011.0
    [iter 3480933] reheat + diversify: T=262.7, value=19944.0
    [iter 3486686] reheat + diversify: T=262.7, value=16590.0
    [iter 3492439] reheat + diversify: T=262.7, value=14940.0
    [iter 3498192] reheat + diversify: T=262.7, value=25320.0
    [iter 3503945] reheat + diversify: T=262.7, value=20418.0
    [iter 3509698] reheat + diversify: T=262.7, value=26832.0
    [iter 3515451] reheat + diversify: T=262.7, value=19944.0
    [iter 3521204] reheat + diversify: T=262.7, value=18804.0
    [iter 3526957] reheat + diversify: T=262.7, value=24078.0
    [iter 3532710] reheat + diversify: T=262.7, value=16518.0
    [iter 3538463] reheat + diversify: T=262.7, value=18066.0
    [iter 3544216] reheat + diversify: T=262.7, value=18972.0
    [iter 3549969] reheat + diversify: T=262.7, value=16590.0
    [iter 3555722] reheat + diversify: T=262.7, value=21018.0
    [iter 3561475] reheat + diversify: T=262.7, value=16554.0
    [iter 3567228] reheat + diversify: T=262.7, value=16590.0
    [iter 3572981] reheat + diversify: T=262.7, value=24078.0
    [iter 3578734] reheat + diversify: T=262.7, value=21558.0
    [iter 3584487] reheat + diversify: T=262.7, value=21966.0
    [iter 3590240] reheat + diversify: T=262.7, value=19242.0
    [iter 3595993] reheat + diversify: T=262.7, value=18885.0
    [iter 3601746] reheat + diversify: T=262.7, value=21909.0
    [iter 3607499] reheat + diversify: T=262.7, value=17730.0
    [iter 3613252] reheat + diversify: T=262.7, value=16554.0
    [iter 3619005] reheat + diversify: T=262.7, value=21966.0
    [iter 3624758] reheat + diversify: T=262.7, value=15378.0
    [iter 3630511] reheat + diversify: T=262.7, value=15414.0
    [iter 3636264] reheat + diversify: T=262.7, value=19878.0
    [iter 3642017] reheat + diversify: T=262.7, value=25320.0
    [iter 3647770] reheat + diversify: T=262.7, value=25152.0
    [iter 3653523] reheat + diversify: T=262.7, value=26832.0
    [iter 3659276] reheat + diversify: T=262.7, value=25320.0
    [iter 3665029] reheat + diversify: T=262.7, value=17628.0
    [iter 3670782] reheat + diversify: T=262.7, value=15480.0
    [iter 3676535] reheat + diversify: T=262.7, value=22566.0
    [iter 3682288] reheat + diversify: T=262.7, value=15342.0
    [iter 3688041] reheat + diversify: T=262.7, value=18885.0
    [iter 3693794] reheat + diversify: T=262.7, value=21345.0
    [iter 3699547] reheat + diversify: T=262.7, value=22551.0
    [iter 3705300] reheat + diversify: T=262.7, value=16554.0
    [iter 3711053] reheat + diversify: T=262.7, value=16518.0
    [iter 3716806] reheat + diversify: T=262.7, value=23706.0
    [iter 3722559] reheat + diversify: T=262.7, value=22011.0
    [iter 3728312] reheat + diversify: T=262.7, value=25320.0
    [iter 3734065] reheat + diversify: T=262.7, value=26832.0
    [iter 3739818] reheat + diversify: T=262.7, value=21018.0
    [iter 3745571] reheat + diversify: T=262.7, value=18621.0
    [iter 3751324] reheat + diversify: T=262.7, value=24246.0
    [iter 3757077] reheat + diversify: T=262.7, value=24078.0
    [iter 3762830] reheat + diversify: T=262.7, value=18804.0
    [iter 3768583] reheat + diversify: T=262.7, value=19878.0
    [iter 3774336] reheat + diversify: T=262.7, value=19242.0
    [iter 3780089] reheat + diversify: T=262.7, value=24078.0
    [iter 3785842] reheat + diversify: T=262.7, value=25320.0
    [iter 3791595] reheat + diversify: T=262.7, value=16554.0
    [iter 3797348] reheat + diversify: T=262.7, value=21558.0
    [iter 3803101] reheat + diversify: T=262.7, value=24078.0
    [iter 3808854] reheat + diversify: T=262.7, value=24078.0
    [iter 3814607] reheat + diversify: T=262.7, value=14940.0
    [iter 3820360] reheat + diversify: T=262.7, value=16554.0
    [iter 3826113] reheat + diversify: T=262.7, value=18657.0
    [iter 3831866] reheat + diversify: T=262.7, value=16554.0
    [iter 3837619] reheat + diversify: T=262.7, value=26832.0
    [iter 3843372] reheat + diversify: T=262.7, value=16554.0
    [iter 3849125] reheat + diversify: T=262.7, value=16554.0
    [iter 3854878] reheat + diversify: T=262.7, value=19944.0
    [iter 3860631] reheat + diversify: T=262.7, value=18804.0
    [iter 3866384] reheat + diversify: T=262.7, value=19272.0
    [iter 3872137] reheat + diversify: T=262.7, value=22632.0
    [iter 3877890] reheat + diversify: T=262.7, value=25152.0
    [iter 3883643] reheat + diversify: T=262.7, value=16518.0
    [iter 3889396] reheat + diversify: T=262.7, value=24246.0
    [iter 3895149] reheat + diversify: T=262.7, value=22011.0
    [iter 3900902] reheat + diversify: T=262.7, value=19944.0
    [iter 3906655] reheat + diversify: T=262.7, value=25320.0
    [iter 3912408] reheat + diversify: T=262.7, value=21492.0
    [iter 3918161] reheat + diversify: T=262.7, value=22902.0
    [iter 3923914] reheat + diversify: T=262.7, value=16554.0
    [iter 3929667] reheat + diversify: T=262.7, value=22632.0
    [iter 3935420] reheat + diversify: T=262.7, value=19593.0
    [iter 3941173] reheat + diversify: T=262.7, value=18102.0
    [iter 3946926] reheat + diversify: T=262.7, value=21909.0
    [iter 3952679] reheat + diversify: T=262.7, value=24078.0
    [iter 3958432] reheat + diversify: T=262.7, value=21018.0
    [iter 3964185] reheat + diversify: T=262.7, value=25320.0
    [iter 3969938] reheat + diversify: T=262.7, value=20418.0
    [iter 3975691] reheat + diversify: T=262.7, value=18804.0
    [iter 3981444] reheat + diversify: T=262.7, value=21909.0
    [iter 3987197] reheat + diversify: T=262.7, value=19944.0
    [iter 3992950] reheat + diversify: T=262.7, value=19863.0
    [iter 3998703] reheat + diversify: T=262.7, value=22632.0
    [iter 4004456] reheat + diversify: T=262.7, value=19944.0
    [iter 4010209] reheat + diversify: T=262.7, value=17409.0
    [iter 4015962] reheat + diversify: T=262.7, value=24078.0
    [iter 4021715] reheat + diversify: T=262.7, value=16554.0
    [iter 4027468] reheat + diversify: T=262.7, value=18030.0
    [iter 4033221] reheat + diversify: T=262.7, value=21558.0
    [iter 4038974] reheat + diversify: T=262.7, value=24078.0
    [iter 4044727] reheat + diversify: T=262.7, value=17409.0
    [iter 4050480] reheat + diversify: T=262.7, value=13866.0
    [iter 4056233] reheat + diversify: T=262.7, value=21558.0
    [iter 4061986] reheat + diversify: T=262.7, value=16590.0
    [iter 4067739] reheat + diversify: T=262.7, value=18804.0
    [iter 4073492] reheat + diversify: T=262.7, value=20418.0
    [iter 4079245] reheat + diversify: T=262.7, value=21909.0
    [iter 4084998] reheat + diversify: T=262.7, value=15480.0
    [iter 4090751] reheat + diversify: T=262.7, value=15378.0
    [iter 4096504] reheat + diversify: T=262.7, value=19278.0
    [iter 4102257] reheat + diversify: T=262.7, value=16554.0
    [iter 4108010] reheat + diversify: T=262.7, value=18768.0
    [iter 4113763] reheat + diversify: T=262.7, value=20484.0
    [iter 4119516] reheat + diversify: T=262.7, value=21930.0
    [iter 4125269] reheat + diversify: T=262.7, value=23625.0
    [iter 4131022] reheat + diversify: T=262.7, value=20835.0
    [iter 4136775] reheat + diversify: T=262.7, value=25320.0
    [iter 4142528] reheat + diversify: T=262.7, value=26832.0
    [iter 4148281] reheat + diversify: T=262.7, value=25152.0
    [iter 4154034] reheat + diversify: T=262.7, value=18855.0
    [iter 4159787] reheat + diversify: T=262.7, value=16518.0
    [iter 4165540] reheat + diversify: T=262.7, value=16554.0
    [iter 4171293] reheat + diversify: T=262.7, value=21018.0
    [iter 4177046] reheat + diversify: T=262.7, value=19242.0
    [iter 4182799] reheat + diversify: T=262.7, value=16554.0
    [iter 4188552] reheat + diversify: T=262.7, value=19242.0
    [iter 4194305] reheat + diversify: T=262.7, value=17694.0
    [iter 4200058] reheat + diversify: T=262.7, value=22011.0
    [iter 4205811] reheat + diversify: T=262.7, value=24246.0
    [iter 4211564] reheat + diversify: T=262.7, value=25320.0
    [iter 4217317] reheat + diversify: T=262.7, value=17409.0
    [iter 4223070] reheat + diversify: T=262.7, value=17694.0
    [iter 4228823] reheat + diversify: T=262.7, value=22011.0
    [iter 4234576] reheat + diversify: T=262.7, value=16554.0
    [iter 4240329] reheat + diversify: T=262.7, value=14940.0
    [iter 4246082] reheat + diversify: T=262.7, value=21828.0
    [iter 4251835] reheat + diversify: T=262.7, value=15342.0
    [iter 4257588] reheat + diversify: T=262.7, value=19944.0
    [iter 4263341] reheat + diversify: T=262.7, value=18030.0
    [iter 4269094] reheat + diversify: T=262.7, value=25320.0
    [iter 4274847] reheat + diversify: T=262.7, value=14940.0
    [iter 4280600] reheat + diversify: T=262.7, value=20937.0
    [iter 4286353] reheat + diversify: T=262.7, value=24078.0
    [iter 4292106] reheat + diversify: T=262.7, value=19578.0
    [iter 4297859] reheat + diversify: T=262.7, value=19878.0
    [iter 4303612] reheat + diversify: T=262.7, value=24246.0
    [iter 4309365] reheat + diversify: T=262.7, value=21909.0
    [iter 4315118] reheat + diversify: T=262.7, value=20250.0
    [iter 4320871] reheat + diversify: T=262.7, value=20988.0
    [iter 4326624] reheat + diversify: T=262.7, value=24078.0
    [iter 4332377] reheat + diversify: T=262.7, value=20718.0
    [iter 4338130] reheat + diversify: T=262.7, value=26832.0
    [iter 4343883] reheat + diversify: T=262.7, value=16554.0
    [iter 4349636] reheat + diversify: T=262.7, value=22566.0
    [iter 4355389] reheat + diversify: T=262.7, value=19878.0
    [iter 4361142] reheat + diversify: T=262.7, value=17409.0
    [iter 4366895] reheat + diversify: T=262.7, value=19512.0
    [iter 4372648] reheat + diversify: T=262.7, value=26832.0
    [iter 4378401] reheat + diversify: T=262.7, value=16554.0
    [iter 4384154] reheat + diversify: T=262.7, value=22011.0
    [iter 4389907] reheat + diversify: T=262.7, value=15342.0
    [iter 4395660] reheat + diversify: T=262.7, value=17409.0
    [iter 4401413] reheat + diversify: T=262.7, value=18102.0
    [iter 4407166] reheat + diversify: T=262.7, value=24633.0
    [iter 4412919] reheat + diversify: T=262.7, value=21945.0
    [iter 4418672] reheat + diversify: T=262.7, value=19278.0
    [iter 4424425] reheat + diversify: T=262.7, value=24246.0
    [iter 4430178] reheat + diversify: T=262.7, value=19242.0
    [iter 4435931] reheat + diversify: T=262.7, value=22011.0
    [iter 4441684] reheat + diversify: T=262.7, value=23004.0
    [iter 4447437] reheat + diversify: T=262.7, value=25320.0
    [iter 4453190] reheat + diversify: T=262.7, value=19944.0
    [iter 4458943] reheat + diversify: T=262.7, value=15480.0
    [iter 4464696] reheat + diversify: T=262.7, value=25320.0
    [iter 4470449] reheat + diversify: T=262.7, value=20418.0
    [iter 4476202] reheat + diversify: T=262.7, value=16518.0
    [iter 4481955] reheat + diversify: T=262.7, value=24078.0
    [iter 4487708] reheat + diversify: T=262.7, value=19242.0
    [iter 4493461] reheat + diversify: T=262.7, value=19170.0
    [iter 4499214] reheat + diversify: T=262.7, value=22632.0
    [iter 4504967] reheat + diversify: T=262.7, value=16518.0
    [iter 4510720] reheat + diversify: T=262.7, value=16554.0
    [iter 4516473] reheat + diversify: T=262.7, value=16554.0
    [iter 4522226] reheat + diversify: T=262.7, value=26832.0
    [iter 4527979] reheat + diversify: T=262.7, value=16554.0
    [iter 4533732] reheat + diversify: T=262.7, value=17730.0
    [iter 4539485] reheat + diversify: T=262.7, value=24078.0
    [iter 4545238] reheat + diversify: T=262.7, value=25320.0
    [iter 4550991] reheat + diversify: T=262.7, value=16554.0
    [iter 4556744] reheat + diversify: T=262.7, value=21018.0
    [iter 4562497] reheat + diversify: T=262.7, value=25152.0
    [iter 4568250] reheat + diversify: T=262.7, value=22011.0
    [iter 4574003] reheat + diversify: T=262.7, value=20718.0
    [iter 4579756] reheat + diversify: T=262.7, value=22011.0
    [iter 4585509] reheat + diversify: T=262.7, value=24078.0
    [iter 4591262] reheat + diversify: T=262.7, value=26832.0
    [iter 4597015] reheat + diversify: T=262.7, value=18972.0
    [iter 4602768] reheat + diversify: T=262.7, value=18804.0
    [iter 4608521] reheat + diversify: T=262.7, value=16554.0
    [iter 4614274] reheat + diversify: T=262.7, value=26832.0
    [iter 4620027] reheat + diversify: T=262.7, value=24078.0
    [iter 4625780] reheat + diversify: T=262.7, value=24078.0
    [iter 4631533] reheat + diversify: T=262.7, value=17994.0
    [iter 4637286] reheat + diversify: T=262.7, value=24078.0
    [iter 4643039] reheat + diversify: T=262.7, value=16554.0
    [iter 4648792] reheat + diversify: T=262.7, value=22011.0
    [iter 4654545] reheat + diversify: T=262.7, value=17730.0
    [iter 4660298] reheat + diversify: T=262.7, value=18066.0
    [iter 4666051] reheat + diversify: T=262.7, value=16554.0
    [iter 4671804] reheat + diversify: T=262.7, value=14940.0
    [iter 4677557] reheat + diversify: T=262.7, value=23625.0
    [iter 4683310] reheat + diversify: T=262.7, value=26832.0
    [iter 4689063] reheat + diversify: T=262.7, value=20418.0
    [iter 4694816] reheat + diversify: T=262.7, value=21018.0
    [iter 4700569] reheat + diversify: T=262.7, value=23625.0
    [iter 4706322] reheat + diversify: T=262.7, value=19140.0
    [iter 4712075] reheat + diversify: T=262.7, value=22485.0
    [iter 4717828] reheat + diversify: T=262.7, value=23004.0
    [iter 4723581] reheat + diversify: T=262.7, value=21243.0
    [iter 4729334] reheat + diversify: T=262.7, value=23706.0
    [iter 4735087] reheat + diversify: T=262.7, value=18066.0
    [iter 4740840] reheat + diversify: T=262.7, value=24699.0
    [iter 4746593] reheat + diversify: T=262.7, value=16554.0
    [iter 4752346] reheat + diversify: T=262.7, value=16518.0
    [iter 4758099] reheat + diversify: T=262.7, value=21966.0
    [iter 4763852] reheat + diversify: T=262.7, value=24078.0
    [iter 4769605] reheat + diversify: T=262.7, value=21909.0
    [iter 4775358] reheat + diversify: T=262.7, value=18030.0
    [iter 4781111] reheat + diversify: T=262.7, value=25320.0
    [iter 4786864] reheat + diversify: T=262.7, value=21018.0
    [iter 4792617] reheat + diversify: T=262.7, value=21018.0
    [iter 4798370] reheat + diversify: T=262.7, value=19878.0
    [iter 4804123] reheat + diversify: T=262.7, value=25320.0
    [iter 4809876] reheat + diversify: T=262.7, value=26832.0
    [iter 4815629] reheat + diversify: T=262.7, value=21018.0
    [iter 4821382] reheat + diversify: T=262.7, value=18804.0
    [iter 4827135] reheat + diversify: T=262.7, value=24633.0
    [iter 4832888] reheat + diversify: T=262.7, value=15378.0
    [iter 4838641] reheat + diversify: T=262.7, value=23172.0
    [iter 4844394] reheat + diversify: T=262.7, value=17730.0
    [iter 4850147] reheat + diversify: T=262.7, value=16554.0
    [iter 4855900] reheat + diversify: T=262.7, value=16554.0
    [iter 4861653] reheat + diversify: T=262.7, value=19944.0
    [iter 4867406] reheat + diversify: T=262.7, value=21864.0
    [iter 4873159] reheat + diversify: T=262.7, value=23004.0
    [iter 4878912] reheat + diversify: T=262.7, value=17409.0
    [iter 4884665] reheat + diversify: T=262.7, value=17994.0
    [iter 4890418] reheat + diversify: T=262.7, value=19170.0
    [iter 4896171] reheat + diversify: T=262.7, value=15480.0
    [iter 4901924] reheat + diversify: T=262.7, value=16554.0
    [iter 4907677] reheat + diversify: T=262.7, value=16554.0
    [iter 4913430] reheat + diversify: T=262.7, value=21492.0
    [iter 4919183] reheat + diversify: T=262.7, value=24246.0
    [iter 4924936] reheat + diversify: T=262.7, value=16554.0
    [iter 4930689] reheat + diversify: T=262.7, value=19944.0
    [iter 4936442] reheat + diversify: T=262.7, value=23004.0
    [iter 4942195] reheat + diversify: T=262.7, value=15378.0
    [iter 4947948] reheat + diversify: T=262.7, value=22632.0
    [iter 4953701] reheat + diversify: T=262.7, value=20346.0
    [iter 4959454] reheat + diversify: T=262.7, value=16554.0
    [iter 4965207] reheat + diversify: T=262.7, value=23172.0
    [iter 4970960] reheat + diversify: T=262.7, value=18768.0
    [iter 4976713] reheat + diversify: T=262.7, value=26832.0
    [iter 4982466] reheat + diversify: T=262.7, value=25152.0
    [iter 4988219] reheat + diversify: T=262.7, value=22011.0
    [iter 4993972] reheat + diversify: T=262.7, value=22011.0
    [iter 4999725] reheat + diversify: T=262.7, value=19944.0
    [iter 5005478] reheat + diversify: T=262.7, value=16518.0
    [iter 5011231] reheat + diversify: T=262.7, value=19944.0
    [iter 5016984] reheat + diversify: T=262.7, value=24246.0
    [iter 5022737] reheat + diversify: T=262.7, value=16554.0
    [iter 5028490] reheat + diversify: T=262.7, value=18585.0
    [iter 5034243] reheat + diversify: T=262.7, value=26832.0
    [iter 5039996] reheat + diversify: T=262.7, value=22011.0
    [iter 5045749] reheat + diversify: T=262.7, value=24078.0
    [iter 5051502] reheat + diversify: T=262.7, value=24078.0
    [iter 5057255] reheat + diversify: T=262.7, value=18066.0
    [iter 5063008] reheat + diversify: T=262.7, value=20484.0
    [iter 5068761] reheat + diversify: T=262.7, value=22551.0
    [iter 5074514] reheat + diversify: T=262.7, value=19944.0
    [iter 5080267] reheat + diversify: T=262.7, value=19629.0
    [iter 5086020] reheat + diversify: T=262.7, value=22011.0
    [iter 5091773] reheat + diversify: T=262.7, value=21018.0
    [iter 5097526] reheat + diversify: T=262.7, value=25152.0
    [iter 5103279] reheat + diversify: T=262.7, value=24078.0
    [iter 5109032] reheat + diversify: T=262.7, value=24078.0
    [iter 5114785] reheat + diversify: T=262.7, value=22011.0
    [iter 5120538] reheat + diversify: T=262.7, value=16554.0
    [iter 5126291] reheat + diversify: T=262.7, value=24078.0
    [iter 5132044] reheat + diversify: T=262.7, value=15480.0
    [iter 5137797] reheat + diversify: T=262.7, value=16554.0
    [iter 5143550] reheat + diversify: T=262.7, value=19944.0
    [iter 5149303] reheat + diversify: T=262.7, value=25320.0
    [iter 5155056] reheat + diversify: T=262.7, value=19944.0
    [iter 5160809] reheat + diversify: T=262.7, value=24078.0
    [iter 5166562] reheat + diversify: T=262.7, value=16554.0
    [iter 5172315] reheat + diversify: T=262.7, value=16554.0
    [iter 5178068] reheat + diversify: T=262.7, value=22011.0
    [iter 5183821] reheat + diversify: T=262.7, value=22485.0
    [iter 5189574] reheat + diversify: T=262.7, value=15378.0
    [iter 5195327] reheat + diversify: T=262.7, value=17409.0
    [iter 5201080] reheat + diversify: T=262.7, value=15378.0
    [iter 5206833] reheat + diversify: T=262.7, value=22011.0
    [iter 5212586] reheat + diversify: T=262.7, value=22902.0
    [iter 5218339] reheat + diversify: T=262.7, value=14940.0
    [iter 5224092] reheat + diversify: T=262.7, value=22011.0
    [iter 5229845] reheat + diversify: T=262.7, value=16518.0
  time limit reached at iteration 5231245
  SA finished: 5231245 iterations in 300.0s (17437 it/s), accepted 2957899 (56.5%), rejected 2273345, no-move draws 0, reheats 909
  SA: value 26832.0 (greedy 21018.0, +5814.0), bound 34613.5, gap 22.48%, util 84.1%
  report -> /home/mcaspar/3DMHKP/results_3DMHKP_ep3/ep3-20-L-C-50-3DMHKP-SA-a0.999-r0.25-t300s.txt

================================================================================================
SUMMARY
================================================================================================
instance      boxes  packed       greedy     SA value        bound      gap    util    iters    time
------------------------------------------------------------------------------------------------
ep3-20-L-C-50     20       9      21018.0      26832.0      34613.5   22.5%   84.1%  5231245  300.0s
------------------------------------------------------------------------------------------------
proven optimal (value reaches the upper bound): 0/1
improved over greedy: 1/1 (total value 21018.0 -> 26832.0, +27.66%)
mean gap to continuous-knapsack bound: 22.5%
mean volume utilization: 84.1%
