============================================================
  Solver:     3DMHKP-SA.py
  Instance:   /home/mcaspar/3DMHKP/Egeblad/ep3-20-U-R-50.txt
  Value mode: flat
  Timelimit:  300s
  Reports:    /home/mcaspar/3DMHKP/results_3DMHKP_ep3
  CPUs:       1
============================================================
======================================================================
3DMHKP Simulated Annealing (random single-neighbour, sequence decoder)
SA params: T0=5% of f(S_0), alpha=0.999, T_min=0.001, reheat_threshold=5753, reheat_fraction=0.25
Move weights: {'relocate': 0.0, 'swap': 1.0, '2opt': 0.0, 'promote': 1.5, 'demote': 1.5, 'orient': 1.0, 'container': 0.5}
Time limit: 300.0s per instance, seed 693418581
======================================================================

======================================================================
ep3-20-U-R-50: 20 boxes (20 types), 1 containers (1 types)
  continuous-knapsack bound: 144346.3
  initial (value-density) decode: value 86267.0 (6/20 boxes)
  T0 = 3453.9 (calibrated, 297 worsening draws, target accept 35%)
  schedule: time-based, T0 -> 787.38 over 300s
    [iter 2] *** NEW BEST: value 87383.0, boxes 6/20, T=3452.2, elapsed=0.1s
    [iter 5] *** NEW BEST: value 90546.0, boxes 7/20, T=3452.2, elapsed=0.1s
    [iter 10] *** NEW BEST: value 90846.0, boxes 7/20, T=3452.2, elapsed=0.1s
    [iter 87] *** NEW BEST: value 91036.0, boxes 7/20, T=3452.0, elapsed=0.1s
    [iter 194] *** NEW BEST: value 93632.0, boxes 7/20, T=3451.8, elapsed=0.1s
    [iter 484] *** NEW BEST: value 96240.0, boxes 7/20, T=3451.3, elapsed=0.2s
    [iter 518] *** NEW BEST: value 97394.0, boxes 7/20, T=3451.3, elapsed=0.2s
    [iter 521] *** NEW BEST: value 104846.0, boxes 7/20, T=3451.3, elapsed=0.2s
    [iter 565] *** NEW BEST: value 106926.0, boxes 7/20, T=3451.2, elapsed=0.2s
    [iter 6318] reheat + diversify: ceiling=863.48, value=75433.0
    [iter 10068] *** NEW BEST: value 107834.0, boxes 8/20, T=3434.7, elapsed=1.1s
    [iter 15821] reheat + diversify: ceiling=777.13, value=79343.0
    [iter 21574] reheat + diversify: ceiling=699.42, value=61823.0
    [iter 23576] *** NEW BEST: value 108636.0, boxes 8/20, T=3409.7, elapsed=2.6s
    [iter 29329] reheat + diversify: ceiling=629.48, value=79542.0
    [iter 35082] reheat + diversify: ceiling=566.53, value=75702.0
    [iter 40835] reheat + diversify: ceiling=509.88, value=86468.0
    [iter 46588] reheat + diversify: ceiling=458.89, value=78463.0
    [iter 52341] reheat + diversify: ceiling=413.00, value=89365.0
    [iter 58094] reheat + diversify: ceiling=371.70, value=65993.0
    [iter 63847] reheat + diversify: ceiling=334.53, value=71124.0
    [iter 69600] reheat + diversify: ceiling=301.08, value=57835.0
    [iter 72457] *** NEW BEST: value 111270.0, boxes 9/20, T=3327.0, elapsed=7.6s
    [iter 78210] reheat + diversify: ceiling=270.97, value=75127.0
    [iter 83963] reheat + diversify: ceiling=243.87, value=83295.0
    [iter 89716] reheat + diversify: ceiling=219.48, value=80219.0
    [iter 95469] reheat + diversify: ceiling=197.54, value=58174.0
    [iter 101222] reheat + diversify: ceiling=177.78, value=82086.0
    [iter 106975] reheat + diversify: ceiling=160.00, value=88958.0
    [iter 112728] reheat + diversify: ceiling=144.00, value=66786.0
    [iter 118481] reheat + diversify: ceiling=129.60, value=90836.0
    [iter 124234] reheat + diversify: ceiling=116.64, value=56448.0
    [iter 129987] reheat + diversify: ceiling=104.98, value=63959.0
    [iter 135740] reheat + diversify: ceiling=94.48, value=92447.0
    [iter 141493] reheat + diversify: ceiling=85.03, value=68014.0
    [iter 147246] reheat + diversify: ceiling=76.53, value=76279.0
    [iter 152999] reheat + diversify: ceiling=68.88, value=57611.0
    [iter 158752] reheat + diversify: ceiling=61.99, value=53154.0
    [iter 164505] reheat + diversify: ceiling=55.79, value=79459.0
    [iter 170258] reheat + diversify: ceiling=50.21, value=97043.0
    [iter 176011] reheat + diversify: ceiling=45.19, value=69452.0
    [iter 181764] reheat + diversify: ceiling=40.67, value=85869.0
    [iter 187517] reheat + diversify: ceiling=36.60, value=67768.0
    [iter 193270] reheat + diversify: ceiling=32.94, value=50815.0
    [iter 199023] reheat + diversify: ceiling=29.65, value=90008.0
    [iter 204776] reheat + diversify: ceiling=26.68, value=50402.0
    [iter 210529] reheat + diversify: ceiling=24.02, value=70910.0
    [iter 216282] reheat + diversify: ceiling=21.61, value=65693.0
    [iter 222035] reheat + diversify: ceiling=19.45, value=84776.0
    [iter 227788] reheat + diversify: ceiling=17.51, value=73649.0
    [iter 233541] reheat + diversify: ceiling=15.76, value=76526.0
    [iter 239294] reheat + diversify: ceiling=14.18, value=86977.0
    [iter 245047] reheat + diversify: ceiling=12.76, value=60139.0
    [iter 250800] reheat + diversify: ceiling=11.49, value=57895.0
    [iter 256553] reheat + diversify: ceiling=10.34, value=70483.0
    [iter 262306] reheat + diversify: ceiling=9.30, value=72876.0
    [iter 268059] reheat + diversify: ceiling=8.37, value=57066.0
    [iter 273812] reheat + diversify: ceiling=7.54, value=67205.0
    [iter 279565] reheat + diversify: ceiling=6.78, value=78599.0
    [iter 285318] reheat + diversify: ceiling=6.10, value=81062.0
    [iter 291071] reheat + diversify: ceiling=5.49, value=75508.0
    [iter 296824] reheat + diversify: ceiling=4.94, value=71180.0
    [iter 302577] reheat + diversify: ceiling=4.45, value=45952.0
    [iter 308330] reheat + diversify: ceiling=4.01, value=64053.0
    [iter 314083] reheat + diversify: ceiling=3.60, value=77329.0
    [iter 319836] reheat + diversify: ceiling=3.24, value=58315.0
    [iter 325589] reheat + diversify: ceiling=2.92, value=55640.0
    [iter 331342] reheat + diversify: ceiling=2.63, value=82777.0
    [iter 337095] reheat + diversify: ceiling=2.37, value=54100.0
    [iter 342848] reheat + diversify: ceiling=2.13, value=70601.0
    [iter 348601] reheat + diversify: ceiling=1.92, value=76747.0
    [iter 354354] reheat + diversify: ceiling=1.72, value=79549.0
    [iter 360107] reheat + diversify: ceiling=1.55, value=75365.0
    [iter 365860] reheat + diversify: ceiling=1.40, value=56090.0
    [iter 371613] reheat + diversify: ceiling=1.26, value=60622.0
    [iter 377366] reheat + diversify: ceiling=1.13, value=51446.0
    [iter 383119] reheat + diversify: ceiling=1.02, value=64506.0
    [iter 388872] reheat + diversify: ceiling=0.92, value=71327.0
    [iter 394625] reheat + diversify: ceiling=0.82, value=77106.0
    [iter 400378] reheat + diversify: ceiling=0.74, value=56203.0
    [iter 406131] reheat + diversify: ceiling=0.67, value=57955.0
    [iter 411884] reheat + diversify: ceiling=0.60, value=66574.0
    [iter 417637] reheat + diversify: ceiling=0.54, value=76407.0
    [iter 423390] reheat + diversify: ceiling=0.49, value=73990.0
    [iter 429143] reheat + diversify: ceiling=0.44, value=71405.0
    [iter 434896] reheat + diversify: ceiling=0.39, value=57536.0
    [iter 440649] reheat + diversify: ceiling=0.35, value=95089.0
    [iter 446402] reheat + diversify: ceiling=0.32, value=49410.0
    [iter 452155] reheat + diversify: ceiling=0.29, value=80653.0
    [iter 457908] reheat + diversify: ceiling=0.26, value=64076.0
    [iter 463661] reheat + diversify: ceiling=0.23, value=78511.0
    [iter 469414] reheat + diversify: ceiling=0.21, value=76545.0
    [iter 475167] reheat + diversify: ceiling=0.19, value=79159.0
    [iter 480920] reheat + diversify: ceiling=0.17, value=75582.0
    [iter 486673] reheat + diversify: ceiling=0.15, value=54101.0
    [iter 492426] reheat + diversify: ceiling=0.14, value=76432.0
    [iter 498179] reheat + diversify: ceiling=0.12, value=64012.0
    [iter 503932] reheat + diversify: ceiling=0.11, value=99464.0
    [iter 509685] reheat + diversify: ceiling=0.10, value=74909.0
    [iter 515438] reheat + diversify: ceiling=0.09, value=74697.0
    [iter 521191] reheat + diversify: ceiling=0.08, value=92747.0
    [iter 526944] reheat + diversify: ceiling=0.07, value=71602.0
    [iter 532697] reheat + diversify: ceiling=0.07, value=56111.0
    [iter 538450] reheat + diversify: ceiling=0.06, value=72932.0
    [iter 544203] reheat + diversify: ceiling=0.05, value=87770.0
    [iter 549956] reheat + diversify: ceiling=0.05, value=52509.0
    [iter 555709] reheat + diversify: ceiling=0.04, value=86455.0
    [iter 561462] reheat + diversify: ceiling=0.04, value=68681.0
    [iter 567215] reheat + diversify: ceiling=0.03, value=102430.0
    [iter 572968] reheat + diversify: ceiling=0.03, value=76530.0
    [iter 578721] reheat + diversify: ceiling=0.03, value=73482.0
    [iter 584474] reheat + diversify: ceiling=0.03, value=94096.0
    [iter 590227] reheat + diversify: ceiling=0.02, value=43249.0
    [iter 595980] reheat + diversify: ceiling=0.02, value=67407.0
    [iter 601733] reheat + diversify: ceiling=0.02, value=75881.0
    [iter 607486] reheat + diversify: ceiling=0.02, value=64413.0
    [iter 613239] reheat + diversify: ceiling=0.02, value=77454.0
    [iter 618992] reheat + diversify: ceiling=0.01, value=94593.0
    [iter 624745] reheat + diversify: ceiling=0.01, value=72185.0
    [iter 630498] reheat + diversify: ceiling=0.01, value=92278.0
    [iter 636251] reheat + diversify: ceiling=0.01, value=62761.0
    [iter 642004] reheat + diversify: ceiling=0.01, value=51218.0
    [iter 647757] reheat + diversify: ceiling=0.01, value=70949.0
    [iter 653510] reheat + diversify: ceiling=0.01, value=61485.0
    [iter 659263] reheat + diversify: ceiling=0.01, value=83869.0
    [iter 665016] reheat + diversify: ceiling=0.01, value=50932.0
    [iter 670769] reheat + diversify: ceiling=0.01, value=63572.0
    [iter 676522] reheat + diversify: ceiling=0.00, value=82626.0
    [iter 682275] reheat + diversify: ceiling=0.00, value=87305.0
    [iter 688028] reheat + diversify: ceiling=0.00, value=73685.0
    [iter 693781] reheat + diversify: ceiling=0.00, value=82620.0
    [iter 699534] reheat + diversify: ceiling=0.00, value=97951.0
    [iter 705287] reheat + diversify: ceiling=0.00, value=86174.0
    [iter 711040] reheat + diversify: ceiling=0.00, value=56439.0
    [iter 716793] reheat + diversify: ceiling=0.00, value=65400.0
    [iter 722546] reheat + diversify: ceiling=0.00, value=69667.0
    [iter 728299] reheat + diversify: ceiling=0.00, value=83368.0
    [iter 734052] reheat + diversify: ceiling=0.00, value=80983.0
    [iter 739805] reheat + diversify: ceiling=0.00, value=79049.0
    [iter 745558] reheat + diversify: ceiling=0.00, value=80765.0
    [iter 751311] reheat + diversify: ceiling=0.00, value=64860.0
    [iter 757064] reheat + diversify: ceiling=0.00, value=60075.0
    [iter 762817] reheat + diversify: ceiling=0.00, value=79778.0
    [iter 768570] reheat + diversify: ceiling=0.00, value=50292.0
    [iter 774323] reheat + diversify: ceiling=0.00, value=83348.0
    [iter 780076] reheat + diversify: ceiling=0.00, value=57491.0
    [iter 785829] reheat + diversify: ceiling=0.00, value=63593.0
    [iter 791582] reheat + diversify: ceiling=0.00, value=79349.0
    [iter 797335] reheat + diversify: ceiling=0.00, value=72340.0
    [iter 803088] reheat + diversify: ceiling=0.00, value=75881.0
    [iter 808841] reheat + diversify: ceiling=0.00, value=78881.0
    [iter 814594] reheat + diversify: ceiling=0.00, value=63564.0
    [iter 820347] reheat + diversify: ceiling=0.00, value=85623.0
    [iter 826100] reheat + diversify: ceiling=0.00, value=67148.0
    [iter 831853] reheat + diversify: ceiling=0.00, value=67943.0
    [iter 837606] reheat + diversify: ceiling=0.00, value=91053.0
    [iter 843359] reheat + diversify: ceiling=0.00, value=85856.0
    [iter 849112] reheat + diversify: ceiling=0.00, value=93377.0
    [iter 854865] reheat + diversify: ceiling=0.00, value=85219.0
    [iter 860618] reheat + diversify: ceiling=0.00, value=59632.0
    [iter 866371] reheat + diversify: ceiling=0.00, value=60784.0
    [iter 872124] reheat + diversify: ceiling=0.00, value=51156.0
    [iter 877877] reheat + diversify: ceiling=0.00, value=62817.0
    [iter 883630] reheat + diversify: ceiling=0.00, value=91427.0
    [iter 889383] reheat + diversify: ceiling=0.00, value=69438.0
    [iter 895136] reheat + diversify: ceiling=0.00, value=63429.0
    [iter 900889] reheat + diversify: ceiling=0.00, value=68739.0
    [iter 906642] reheat + diversify: ceiling=0.00, value=71658.0
    [iter 912395] reheat + diversify: ceiling=0.00, value=62930.0
    [iter 918148] reheat + diversify: ceiling=0.00, value=68577.0
    [iter 923901] reheat + diversify: ceiling=0.00, value=92820.0
    [iter 929654] reheat + diversify: ceiling=0.00, value=78293.0
    [iter 935407] reheat + diversify: ceiling=0.00, value=103101.0
    [iter 941160] reheat + diversify: ceiling=0.00, value=56145.0
    [iter 946913] reheat + diversify: ceiling=0.00, value=73606.0
    [iter 952666] reheat + diversify: ceiling=0.00, value=76159.0
    [iter 958419] reheat + diversify: ceiling=0.00, value=62853.0
    [iter 964172] reheat + diversify: ceiling=0.00, value=93940.0
    [iter 969925] reheat + diversify: ceiling=0.00, value=60095.0
    [iter 975678] reheat + diversify: ceiling=0.00, value=99958.0
    [iter 981431] reheat + diversify: ceiling=0.00, value=84577.0
    [iter 987184] reheat + diversify: ceiling=0.00, value=77218.0
    [iter 992937] reheat + diversify: ceiling=0.00, value=77882.0
    [iter 998690] reheat + diversify: ceiling=0.00, value=98734.0
    [iter 1004443] reheat + diversify: ceiling=0.00, value=67108.0
    [iter 1010196] reheat + diversify: ceiling=0.00, value=76356.0
    [iter 1015949] reheat + diversify: ceiling=0.00, value=56837.0
    [iter 1021702] reheat + diversify: ceiling=0.00, value=87112.0
    [iter 1027455] reheat + diversify: ceiling=0.00, value=96258.0
    [iter 1033208] reheat + diversify: ceiling=0.00, value=87799.0
    [iter 1038961] reheat + diversify: ceiling=0.00, value=70314.0
    [iter 1044714] reheat + diversify: ceiling=0.00, value=80073.0
    [iter 1050467] reheat + diversify: ceiling=0.00, value=78376.0
    [iter 1056220] reheat + diversify: ceiling=0.00, value=87256.0
    [iter 1061973] reheat + diversify: ceiling=0.00, value=89248.0
    [iter 1067726] reheat + diversify: ceiling=0.00, value=78320.0
    [iter 1073479] reheat + diversify: ceiling=0.00, value=106196.0
    [iter 1079232] reheat + diversify: ceiling=0.00, value=66878.0
    [iter 1084985] reheat + diversify: ceiling=0.00, value=66436.0
    [iter 1090738] reheat + diversify: ceiling=0.00, value=69924.0
    [iter 1096491] reheat + diversify: ceiling=0.00, value=64223.0
    [iter 1102244] reheat + diversify: ceiling=0.00, value=66403.0
    [iter 1107997] reheat + diversify: ceiling=0.00, value=78832.0
    [iter 1113750] reheat + diversify: ceiling=0.00, value=83881.0
    [iter 1119503] reheat + diversify: ceiling=0.00, value=70195.0
    [iter 1125256] reheat + diversify: ceiling=0.00, value=81229.0
    [iter 1131009] reheat + diversify: ceiling=0.00, value=71941.0
    [iter 1136762] reheat + diversify: ceiling=0.00, value=94221.0
    [iter 1142515] reheat + diversify: ceiling=0.00, value=98544.0
    [iter 1148268] reheat + diversify: ceiling=0.00, value=54575.0
    [iter 1154021] reheat + diversify: ceiling=0.00, value=80827.0
    [iter 1159774] reheat + diversify: ceiling=0.00, value=79166.0
    [iter 1165527] reheat + diversify: ceiling=0.00, value=98166.0
    [iter 1171280] reheat + diversify: ceiling=0.00, value=65017.0
    [iter 1177033] reheat + diversify: ceiling=0.00, value=70269.0
    [iter 1182786] reheat + diversify: ceiling=0.00, value=74799.0
    [iter 1188539] reheat + diversify: ceiling=0.00, value=84026.0
    [iter 1194292] reheat + diversify: ceiling=0.00, value=81235.0
    [iter 1200045] reheat + diversify: ceiling=0.00, value=75346.0
    [iter 1205798] reheat + diversify: ceiling=0.00, value=55939.0
    [iter 1211551] reheat + diversify: ceiling=0.00, value=93470.0
    [iter 1217304] reheat + diversify: ceiling=0.00, value=75454.0
    [iter 1223057] reheat + diversify: ceiling=0.00, value=89172.0
    [iter 1228810] reheat + diversify: ceiling=0.00, value=60825.0
    [iter 1234563] reheat + diversify: ceiling=0.00, value=67595.0
    [iter 1240316] reheat + diversify: ceiling=0.00, value=67768.0
    [iter 1246069] reheat + diversify: ceiling=0.00, value=80794.0
    [iter 1251822] reheat + diversify: ceiling=0.00, value=73338.0
    [iter 1257575] reheat + diversify: ceiling=0.00, value=59438.0
    [iter 1263328] reheat + diversify: ceiling=0.00, value=87696.0
    [iter 1269081] reheat + diversify: ceiling=0.00, value=68796.0
    [iter 1274834] reheat + diversify: ceiling=0.00, value=70524.0
    [iter 1280587] reheat + diversify: ceiling=0.00, value=75873.0
    [iter 1286340] reheat + diversify: ceiling=0.00, value=71449.0
    [iter 1292093] reheat + diversify: ceiling=0.00, value=74894.0
    [iter 1297846] reheat + diversify: ceiling=0.00, value=76872.0
    [iter 1303599] reheat + diversify: ceiling=0.00, value=69005.0
    [iter 1309352] reheat + diversify: ceiling=0.00, value=59473.0
    [iter 1315105] reheat + diversify: ceiling=0.00, value=52330.0
    [iter 1320858] reheat + diversify: ceiling=0.00, value=58566.0
    [iter 1326611] reheat + diversify: ceiling=0.00, value=70858.0
    [iter 1332364] reheat + diversify: ceiling=0.00, value=96557.0
    [iter 1338117] reheat + diversify: ceiling=0.00, value=82526.0
    [iter 1343870] reheat + diversify: ceiling=0.00, value=86180.0
    [iter 1349623] reheat + diversify: ceiling=0.00, value=70539.0
    [iter 1355376] reheat + diversify: ceiling=0.00, value=94546.0
    [iter 1361129] reheat + diversify: ceiling=0.00, value=69626.0
    [iter 1366882] reheat + diversify: ceiling=0.00, value=65257.0
    [iter 1372635] reheat + diversify: ceiling=0.00, value=74984.0
    [iter 1378388] reheat + diversify: ceiling=0.00, value=96835.0
    [iter 1384141] reheat + diversify: ceiling=0.00, value=76550.0
    [iter 1389894] reheat + diversify: ceiling=0.00, value=65789.0
    [iter 1395647] reheat + diversify: ceiling=0.00, value=76698.0
    [iter 1401400] reheat + diversify: ceiling=0.00, value=73973.0
    [iter 1407153] reheat + diversify: ceiling=0.00, value=55701.0
    [iter 1412906] reheat + diversify: ceiling=0.00, value=68062.0
    [iter 1418659] reheat + diversify: ceiling=0.00, value=68837.0
    [iter 1424412] reheat + diversify: ceiling=0.00, value=60114.0
    [iter 1430165] reheat + diversify: ceiling=0.00, value=98915.0
    [iter 1435918] reheat + diversify: ceiling=0.00, value=97658.0
    [iter 1441671] reheat + diversify: ceiling=0.00, value=85153.0
    [iter 1447424] reheat + diversify: ceiling=0.00, value=80585.0
    [iter 1453177] reheat + diversify: ceiling=0.00, value=62317.0
    [iter 1458930] reheat + diversify: ceiling=0.00, value=82029.0
    [iter 1464683] reheat + diversify: ceiling=0.00, value=78992.0
    [iter 1470436] reheat + diversify: ceiling=0.00, value=78451.0
    [iter 1476189] reheat + diversify: ceiling=0.00, value=70601.0
    [iter 1481942] reheat + diversify: ceiling=0.00, value=80075.0
    [iter 1487695] reheat + diversify: ceiling=0.00, value=65873.0
    [iter 1493448] reheat + diversify: ceiling=0.00, value=59003.0
    [iter 1499201] reheat + diversify: ceiling=0.00, value=82029.0
    [iter 1504954] reheat + diversify: ceiling=0.00, value=93012.0
    [iter 1510707] reheat + diversify: ceiling=0.00, value=66003.0
    [iter 1516460] reheat + diversify: ceiling=0.00, value=82262.0
    [iter 1522213] reheat + diversify: ceiling=0.00, value=93659.0
    [iter 1527966] reheat + diversify: ceiling=0.00, value=88110.0
    [iter 1533719] reheat + diversify: ceiling=0.00, value=36608.0
    [iter 1539472] reheat + diversify: ceiling=0.00, value=73094.0
    [iter 1545225] reheat + diversify: ceiling=0.00, value=71505.0
    [iter 1550978] reheat + diversify: ceiling=0.00, value=72729.0
    [iter 1556731] reheat + diversify: ceiling=0.00, value=70576.0
    [iter 1562484] reheat + diversify: ceiling=0.00, value=80303.0
    [iter 1568237] reheat + diversify: ceiling=0.00, value=68585.0
    [iter 1573990] reheat + diversify: ceiling=0.00, value=72674.0
    [iter 1579743] reheat + diversify: ceiling=0.00, value=52708.0
    [iter 1585496] reheat + diversify: ceiling=0.00, value=66931.0
    [iter 1591249] reheat + diversify: ceiling=0.00, value=74988.0
    [iter 1597002] reheat + diversify: ceiling=0.00, value=61727.0
    [iter 1602755] reheat + diversify: ceiling=0.00, value=76499.0
    [iter 1608508] reheat + diversify: ceiling=0.00, value=60763.0
    [iter 1614261] reheat + diversify: ceiling=0.00, value=93837.0
    [iter 1620014] reheat + diversify: ceiling=0.00, value=89355.0
    [iter 1625767] reheat + diversify: ceiling=0.00, value=90445.0
    [iter 1631520] reheat + diversify: ceiling=0.00, value=72129.0
    [iter 1637273] reheat + diversify: ceiling=0.00, value=83978.0
    [iter 1643026] reheat + diversify: ceiling=0.00, value=58311.0
    [iter 1648779] reheat + diversify: ceiling=0.00, value=69400.0
    [iter 1654532] reheat + diversify: ceiling=0.00, value=68493.0
    [iter 1660285] reheat + diversify: ceiling=0.00, value=75449.0
    [iter 1666038] reheat + diversify: ceiling=0.00, value=84490.0
    [iter 1671791] reheat + diversify: ceiling=0.00, value=50161.0
    [iter 1677544] reheat + diversify: ceiling=0.00, value=48217.0
    [iter 1683297] reheat + diversify: ceiling=0.00, value=68243.0
    [iter 1689050] reheat + diversify: ceiling=0.00, value=83198.0
    [iter 1694803] reheat + diversify: ceiling=0.00, value=84672.0
    [iter 1700556] reheat + diversify: ceiling=0.00, value=90013.0
    [iter 1706309] reheat + diversify: ceiling=0.00, value=92787.0
    [iter 1712062] reheat + diversify: ceiling=0.00, value=55553.0
    [iter 1717815] reheat + diversify: ceiling=0.00, value=68776.0
    [iter 1723568] reheat + diversify: ceiling=0.00, value=90217.0
    [iter 1729321] reheat + diversify: ceiling=0.00, value=75943.0
    [iter 1735074] reheat + diversify: ceiling=0.00, value=64504.0
    [iter 1740827] reheat + diversify: ceiling=0.00, value=77546.0
    [iter 1746580] reheat + diversify: ceiling=0.00, value=67767.0
    [iter 1752333] reheat + diversify: ceiling=0.00, value=82058.0
    [iter 1758086] reheat + diversify: ceiling=0.00, value=80323.0
    [iter 1763839] reheat + diversify: ceiling=0.00, value=85054.0
    [iter 1769592] reheat + diversify: ceiling=0.00, value=74346.0
    [iter 1775345] reheat + diversify: ceiling=0.00, value=85128.0
    [iter 1781098] reheat + diversify: ceiling=0.00, value=73402.0
    [iter 1786851] reheat + diversify: ceiling=0.00, value=77367.0
    [iter 1792604] reheat + diversify: ceiling=0.00, value=63145.0
    [iter 1798357] reheat + diversify: ceiling=0.00, value=69494.0
    [iter 1804110] reheat + diversify: ceiling=0.00, value=92173.0
    [iter 1809863] reheat + diversify: ceiling=0.00, value=81611.0
    [iter 1815616] reheat + diversify: ceiling=0.00, value=69602.0
    [iter 1821369] reheat + diversify: ceiling=0.00, value=89734.0
    [iter 1827122] reheat + diversify: ceiling=0.00, value=82824.0
    [iter 1832875] reheat + diversify: ceiling=0.00, value=90028.0
    [iter 1838628] reheat + diversify: ceiling=0.00, value=95935.0
    [iter 1844381] reheat + diversify: ceiling=0.00, value=89190.0
    [iter 1850134] reheat + diversify: ceiling=0.00, value=71757.0
    [iter 1855887] reheat + diversify: ceiling=0.00, value=71738.0
    [iter 1861640] reheat + diversify: ceiling=0.00, value=84808.0
    [iter 1867393] reheat + diversify: ceiling=0.00, value=81201.0
    [iter 1873146] reheat + diversify: ceiling=0.00, value=84742.0
    [iter 1878899] reheat + diversify: ceiling=0.00, value=78932.0
    [iter 1884652] reheat + diversify: ceiling=0.00, value=55472.0
    [iter 1890405] reheat + diversify: ceiling=0.00, value=82676.0
    [iter 1896158] reheat + diversify: ceiling=0.00, value=77236.0
    [iter 1901911] reheat + diversify: ceiling=0.00, value=68889.0
    [iter 1907664] reheat + diversify: ceiling=0.00, value=52725.0
    [iter 1913417] reheat + diversify: ceiling=0.00, value=94539.0
    [iter 1919170] reheat + diversify: ceiling=0.00, value=49806.0
    [iter 1924923] reheat + diversify: ceiling=0.00, value=81733.0
    [iter 1930676] reheat + diversify: ceiling=0.00, value=87229.0
    [iter 1936429] reheat + diversify: ceiling=0.00, value=80655.0
    [iter 1942182] reheat + diversify: ceiling=0.00, value=66141.0
    [iter 1947935] reheat + diversify: ceiling=0.00, value=64417.0
    [iter 1953688] reheat + diversify: ceiling=0.00, value=58159.0
    [iter 1959441] reheat + diversify: ceiling=0.00, value=74429.0
    [iter 1965194] reheat + diversify: ceiling=0.00, value=62846.0
    [iter 1970947] reheat + diversify: ceiling=0.00, value=76975.0
    [iter 1976700] reheat + diversify: ceiling=0.00, value=88764.0
    [iter 1982453] reheat + diversify: ceiling=0.00, value=72141.0
    [iter 1988206] reheat + diversify: ceiling=0.00, value=65082.0
    [iter 1993959] reheat + diversify: ceiling=0.00, value=69183.0
    [iter 1999712] reheat + diversify: ceiling=0.00, value=76388.0
    [iter 2005465] reheat + diversify: ceiling=0.00, value=79475.0
    [iter 2011218] reheat + diversify: ceiling=0.00, value=71283.0
    [iter 2016971] reheat + diversify: ceiling=0.00, value=87746.0
    [iter 2022724] reheat + diversify: ceiling=0.00, value=61890.0
    [iter 2028477] reheat + diversify: ceiling=0.00, value=77777.0
    [iter 2034230] reheat + diversify: ceiling=0.00, value=88656.0
    [iter 2039983] reheat + diversify: ceiling=0.00, value=75807.0
    [iter 2045736] reheat + diversify: ceiling=0.00, value=74120.0
    [iter 2051489] reheat + diversify: ceiling=0.00, value=74421.0
    [iter 2057242] reheat + diversify: ceiling=0.00, value=68678.0
    [iter 2062995] reheat + diversify: ceiling=0.00, value=86654.0
    [iter 2068748] reheat + diversify: ceiling=0.00, value=68756.0
    [iter 2074501] reheat + diversify: ceiling=0.00, value=79769.0
    [iter 2080254] reheat + diversify: ceiling=0.00, value=87305.0
    [iter 2086007] reheat + diversify: ceiling=0.00, value=66820.0
    [iter 2091760] reheat + diversify: ceiling=0.00, value=86439.0
    [iter 2097513] reheat + diversify: ceiling=0.00, value=81562.0
    [iter 2103266] reheat + diversify: ceiling=0.00, value=86751.0
    [iter 2109019] reheat + diversify: ceiling=0.00, value=58786.0
    [iter 2114772] reheat + diversify: ceiling=0.00, value=102909.0
    [iter 2120525] reheat + diversify: ceiling=0.00, value=84221.0
    [iter 2126278] reheat + diversify: ceiling=0.00, value=67131.0
    [iter 2132031] reheat + diversify: ceiling=0.00, value=98544.0
    [iter 2137784] reheat + diversify: ceiling=0.00, value=54390.0
    [iter 2143537] reheat + diversify: ceiling=0.00, value=77981.0
    [iter 2149290] reheat + diversify: ceiling=0.00, value=59418.0
    [iter 2155043] reheat + diversify: ceiling=0.00, value=82949.0
    [iter 2160796] reheat + diversify: ceiling=0.00, value=94703.0
    [iter 2166549] reheat + diversify: ceiling=0.00, value=106203.0
    [iter 2172302] reheat + diversify: ceiling=0.00, value=64738.0
    [iter 2178055] reheat + diversify: ceiling=0.00, value=73799.0
    [iter 2183808] reheat + diversify: ceiling=0.00, value=55734.0
    [iter 2189561] reheat + diversify: ceiling=0.00, value=89214.0
    [iter 2195314] reheat + diversify: ceiling=0.00, value=91621.0
    [iter 2201067] reheat + diversify: ceiling=0.00, value=47690.0
    [iter 2206820] reheat + diversify: ceiling=0.00, value=80443.0
    [iter 2212573] reheat + diversify: ceiling=0.00, value=68148.0
    [iter 2218326] reheat + diversify: ceiling=0.00, value=53753.0
    [iter 2224079] reheat + diversify: ceiling=0.00, value=92398.0
    [iter 2229832] reheat + diversify: ceiling=0.00, value=88315.0
    [iter 2235585] reheat + diversify: ceiling=0.00, value=84368.0
    [iter 2241338] reheat + diversify: ceiling=0.00, value=64121.0
    [iter 2247091] reheat + diversify: ceiling=0.00, value=63743.0
    [iter 2252844] reheat + diversify: ceiling=0.00, value=86881.0
    [iter 2258597] reheat + diversify: ceiling=0.00, value=94149.0
    [iter 2264350] reheat + diversify: ceiling=0.00, value=84474.0
    [iter 2270103] reheat + diversify: ceiling=0.00, value=82258.0
    [iter 2275856] reheat + diversify: ceiling=0.00, value=72749.0
    [iter 2281609] reheat + diversify: ceiling=0.00, value=90125.0
    [iter 2287362] reheat + diversify: ceiling=0.00, value=67511.0
    [iter 2293115] reheat + diversify: ceiling=0.00, value=68271.0
    [iter 2298868] reheat + diversify: ceiling=0.00, value=80793.0
    [iter 2304621] reheat + diversify: ceiling=0.00, value=68843.0
    [iter 2310374] reheat + diversify: ceiling=0.00, value=77200.0
    [iter 2316127] reheat + diversify: ceiling=0.00, value=71454.0
    [iter 2321880] reheat + diversify: ceiling=0.00, value=66764.0
    [iter 2327633] reheat + diversify: ceiling=0.00, value=65908.0
    [iter 2333386] reheat + diversify: ceiling=0.00, value=79723.0
    [iter 2339139] reheat + diversify: ceiling=0.00, value=104491.0
    [iter 2344892] reheat + diversify: ceiling=0.00, value=80357.0
    [iter 2350645] reheat + diversify: ceiling=0.00, value=87487.0
    [iter 2356398] reheat + diversify: ceiling=0.00, value=75980.0
    [iter 2362151] reheat + diversify: ceiling=0.00, value=60705.0
    [iter 2367904] reheat + diversify: ceiling=0.00, value=69501.0
    [iter 2373657] reheat + diversify: ceiling=0.00, value=82345.0
    [iter 2379410] reheat + diversify: ceiling=0.00, value=80244.0
    [iter 2385163] reheat + diversify: ceiling=0.00, value=76265.0
    [iter 2390916] reheat + diversify: ceiling=0.00, value=64644.0
    [iter 2396669] reheat + diversify: ceiling=0.00, value=71158.0
    [iter 2402422] reheat + diversify: ceiling=0.00, value=73992.0
    [iter 2408175] reheat + diversify: ceiling=0.00, value=55737.0
    [iter 2413928] reheat + diversify: ceiling=0.00, value=75906.0
    [iter 2419681] reheat + diversify: ceiling=0.00, value=81513.0
    [iter 2425434] reheat + diversify: ceiling=0.00, value=82258.0
    [iter 2431187] reheat + diversify: ceiling=0.00, value=70093.0
    [iter 2436940] reheat + diversify: ceiling=0.00, value=72627.0
    [iter 2442693] reheat + diversify: ceiling=0.00, value=72797.0
    [iter 2448446] reheat + diversify: ceiling=0.00, value=74195.0
    [iter 2454199] reheat + diversify: ceiling=0.00, value=62665.0
    [iter 2459952] reheat + diversify: ceiling=0.00, value=74999.0
    [iter 2465705] reheat + diversify: ceiling=0.00, value=81562.0
    [iter 2471458] reheat + diversify: ceiling=0.00, value=43681.0
    [iter 2477211] reheat + diversify: ceiling=0.00, value=71380.0
    [iter 2482964] reheat + diversify: ceiling=0.00, value=49124.0
    [iter 2488717] reheat + diversify: ceiling=0.00, value=86471.0
    [iter 2494470] reheat + diversify: ceiling=0.00, value=70032.0
    [iter 2500223] reheat + diversify: ceiling=0.00, value=71592.0
    [iter 2505976] reheat + diversify: ceiling=0.00, value=61110.0
    [iter 2511729] reheat + diversify: ceiling=0.00, value=75980.0
    [iter 2517482] reheat + diversify: ceiling=0.00, value=72053.0
    [iter 2523235] reheat + diversify: ceiling=0.00, value=91416.0
    [iter 2528988] reheat + diversify: ceiling=0.00, value=78470.0
    [iter 2534741] reheat + diversify: ceiling=0.00, value=79691.0
    [iter 2540494] reheat + diversify: ceiling=0.00, value=96086.0
    [iter 2546247] reheat + diversify: ceiling=0.00, value=75769.0
    [iter 2552000] reheat + diversify: ceiling=0.00, value=76813.0
    [iter 2557753] reheat + diversify: ceiling=0.00, value=81139.0
    [iter 2563506] reheat + diversify: ceiling=0.00, value=82425.0
    [iter 2569259] reheat + diversify: ceiling=0.00, value=60557.0
    [iter 2575012] reheat + diversify: ceiling=0.00, value=82880.0
    [iter 2580765] reheat + diversify: ceiling=0.00, value=60200.0
    [iter 2586518] reheat + diversify: ceiling=0.00, value=73233.0
    [iter 2592271] reheat + diversify: ceiling=0.00, value=94138.0
    [iter 2598024] reheat + diversify: ceiling=0.00, value=68940.0
    [iter 2603777] reheat + diversify: ceiling=0.00, value=62366.0
    [iter 2609530] reheat + diversify: ceiling=0.00, value=75681.0
    [iter 2615283] reheat + diversify: ceiling=0.00, value=68604.0
    [iter 2621036] reheat + diversify: ceiling=0.00, value=63335.0
    [iter 2626789] reheat + diversify: ceiling=0.00, value=64820.0
    [iter 2632542] reheat + diversify: ceiling=0.00, value=26595.0
    [iter 2638295] reheat + diversify: ceiling=0.00, value=81159.0
    [iter 2644048] reheat + diversify: ceiling=0.00, value=75454.0
    [iter 2649801] reheat + diversify: ceiling=0.00, value=72732.0
    [iter 2655554] reheat + diversify: ceiling=0.00, value=53314.0
    [iter 2661307] reheat + diversify: ceiling=0.00, value=88637.0
    [iter 2667060] reheat + diversify: ceiling=0.00, value=99204.0
    [iter 2672813] reheat + diversify: ceiling=0.00, value=76382.0
    [iter 2678566] reheat + diversify: ceiling=0.00, value=67033.0
    [iter 2684319] reheat + diversify: ceiling=0.00, value=81095.0
    [iter 2690072] reheat + diversify: ceiling=0.00, value=86519.0
    [iter 2695825] reheat + diversify: ceiling=0.00, value=79566.0
    [iter 2701578] reheat + diversify: ceiling=0.00, value=50297.0
    [iter 2707331] reheat + diversify: ceiling=0.00, value=65102.0
    [iter 2713084] reheat + diversify: ceiling=0.00, value=44791.0
    [iter 2718837] reheat + diversify: ceiling=0.00, value=84186.0
    [iter 2724590] reheat + diversify: ceiling=0.00, value=59531.0
    [iter 2730343] reheat + diversify: ceiling=0.00, value=85770.0
    [iter 2736096] reheat + diversify: ceiling=0.00, value=90217.0
    [iter 2741849] reheat + diversify: ceiling=0.00, value=83387.0
    [iter 2747602] reheat + diversify: ceiling=0.00, value=82880.0
    [iter 2753355] reheat + diversify: ceiling=0.00, value=73344.0
    [iter 2759108] reheat + diversify: ceiling=0.00, value=94891.0
    [iter 2764861] reheat + diversify: ceiling=0.00, value=81867.0
    [iter 2770614] reheat + diversify: ceiling=0.00, value=80156.0
    [iter 2776367] reheat + diversify: ceiling=0.00, value=68599.0
    [iter 2782120] reheat + diversify: ceiling=0.00, value=74842.0
    [iter 2787873] reheat + diversify: ceiling=0.00, value=98994.0
    [iter 2793626] reheat + diversify: ceiling=0.00, value=95412.0
    [iter 2799379] reheat + diversify: ceiling=0.00, value=89134.0
    [iter 2805132] reheat + diversify: ceiling=0.00, value=46884.0
    [iter 2810885] reheat + diversify: ceiling=0.00, value=84590.0
    [iter 2816638] reheat + diversify: ceiling=0.00, value=62376.0
    [iter 2822391] reheat + diversify: ceiling=0.00, value=72129.0
    [iter 2828144] reheat + diversify: ceiling=0.00, value=85150.0
    [iter 2833897] reheat + diversify: ceiling=0.00, value=49090.0
    [iter 2839650] reheat + diversify: ceiling=0.00, value=93893.0
    [iter 2845403] reheat + diversify: ceiling=0.00, value=68661.0
    [iter 2851156] reheat + diversify: ceiling=0.00, value=84742.0
    [iter 2856909] reheat + diversify: ceiling=0.00, value=93813.0
    [iter 2862662] reheat + diversify: ceiling=0.00, value=63827.0
    [iter 2868415] reheat + diversify: ceiling=0.00, value=61896.0
    [iter 2874168] reheat + diversify: ceiling=0.00, value=72017.0
    [iter 2879921] reheat + diversify: ceiling=0.00, value=72854.0
    [iter 2885674] reheat + diversify: ceiling=0.00, value=70824.0
    [iter 2891427] reheat + diversify: ceiling=0.00, value=72765.0
    [iter 2897180] reheat + diversify: ceiling=0.00, value=64300.0
    [iter 2902933] reheat + diversify: ceiling=0.00, value=68178.0
    [iter 2908686] reheat + diversify: ceiling=0.00, value=69752.0
    [iter 2914439] reheat + diversify: ceiling=0.00, value=84700.0
    [iter 2920192] reheat + diversify: ceiling=0.00, value=43910.0
    [iter 2925945] reheat + diversify: ceiling=0.00, value=78870.0
    [iter 2931698] reheat + diversify: ceiling=0.00, value=84771.0
    [iter 2937451] reheat + diversify: ceiling=0.00, value=66017.0
    [iter 2943204] reheat + diversify: ceiling=0.00, value=62773.0
    [iter 2948957] reheat + diversify: ceiling=0.00, value=83764.0
    [iter 2954710] reheat + diversify: ceiling=0.00, value=68320.0
    [iter 2960463] reheat + diversify: ceiling=0.00, value=50416.0
    [iter 2966216] reheat + diversify: ceiling=0.00, value=84076.0
    [iter 2971969] reheat + diversify: ceiling=0.00, value=82463.0
    [iter 2977722] reheat + diversify: ceiling=0.00, value=85815.0
    [iter 2983475] reheat + diversify: ceiling=0.00, value=52971.0
    [iter 2989228] reheat + diversify: ceiling=0.00, value=87622.0
  time limit reached at iteration 2992369
  SA finished: 2992369 iterations in 300.0s (9975 it/s), accepted 1283283 (42.9%), rejected 1709085, neutral 1147191 (38.3%), worsening accepted 7.4%, no-move draws 0, reheats 518
  SA: value 111270.0 (greedy 86267.0, +25003.0), bound 144346.3, gap 22.91%, util 80.6%
  report -> /home/mcaspar/3DMHKP/results_3DMHKP_ep3/ep3-20-U-R-50-3DMHKP-SA-a0.999-r0.25-t300s.txt

================================================================================================
SUMMARY
================================================================================================
instance      boxes  packed       greedy     SA value        bound      gap    util    iters    time
------------------------------------------------------------------------------------------------
ep3-20-U-R-50     20       9      86267.0     111270.0     144346.3   22.9%   80.6%  2992369  300.0s
------------------------------------------------------------------------------------------------
proven optimal (value reaches the upper bound): 0/1
improved over greedy: 1/1 (total value 86267.0 -> 111270.0, +28.98%)
mean gap to continuous-knapsack bound: 22.9%
mean volume utilization: 80.6%
