============================================================
  Solver:     3DMHKP-SA.py
  Instance:   /home/mcaspar/3DMHKP/Egeblad/ep3-20-F-R-50.txt
  Value mode: flat
  Timelimit:  300s
  Reports:    /home/mcaspar/3DMHKP/results_3DMHKP_ep3
  CPUs:       1
============================================================
======================================================================
3DMHKP Simulated Annealing (random single-neighbour, sequence decoder)
SA params: T0=5% of f(S_0), alpha=0.999, T_min=0.001, reheat_threshold=5753, reheat_fraction=0.25
Move weights: {'relocate': 0.0, 'swap': 1.0, '2opt': 0.0, 'promote': 1.5, 'demote': 1.5, 'orient': 1.0, 'container': 0.5}
Time limit: 300.0s per instance, seed 649379003
======================================================================

======================================================================
ep3-20-F-R-50: 20 boxes (20 types), 1 containers (1 types)
  continuous-knapsack bound: 132400.9
  initial (value-density) decode: value 89202.0 (9/20 boxes)
  T0 = 4530.3 (calibrated, 402 worsening draws, target accept 35%)
  schedule: time-based, T0 -> 1032.75 over 300s
    [iter 4] *** NEW BEST: value 89693.0, boxes 8/20, T=4526.4, elapsed=0.2s
    [iter 21] *** NEW BEST: value 91407.0, boxes 8/20, T=4526.3, elapsed=0.2s
    [iter 47] *** NEW BEST: value 91664.0, boxes 8/20, T=4526.2, elapsed=0.2s
    [iter 98] *** NEW BEST: value 94834.0, boxes 8/20, T=4526.1, elapsed=0.2s
    [iter 162] *** NEW BEST: value 95230.0, boxes 8/20, T=4525.9, elapsed=0.2s
    [iter 283] *** NEW BEST: value 97539.0, boxes 8/20, T=4525.5, elapsed=0.2s
    [iter 289] *** NEW BEST: value 101023.0, boxes 9/20, T=4525.5, elapsed=0.2s
    [iter 4601] *** NEW BEST: value 101737.0, boxes 8/20, T=4512.5, elapsed=0.8s
    [iter 4682] *** NEW BEST: value 103055.0, boxes 8/20, T=4512.2, elapsed=0.8s
    [iter 7053] *** NEW BEST: value 103107.0, boxes 8/20, T=4505.3, elapsed=1.1s
    [iter 7239] *** NEW BEST: value 103671.0, boxes 10/20, T=4504.8, elapsed=1.1s
    [iter 9788] *** NEW BEST: value 105548.0, boxes 10/20, T=4497.1, elapsed=1.5s
    [iter 11547] *** NEW BEST: value 106102.0, boxes 9/20, T=4491.7, elapsed=1.7s
    [iter 17300] reheat + diversify: ceiling=1132.57, value=75854.0
    [iter 23053] reheat + diversify: ceiling=1019.32, value=48832.0
    [iter 28806] reheat + diversify: ceiling=917.38, value=74564.0
    [iter 34559] reheat + diversify: ceiling=825.65, value=74302.0
    [iter 40312] reheat + diversify: ceiling=743.08, value=66672.0
    [iter 46065] reheat + diversify: ceiling=668.77, value=69221.0
    [iter 51818] reheat + diversify: ceiling=601.90, value=66505.0
    [iter 57571] reheat + diversify: ceiling=541.71, value=59116.0
    [iter 63324] reheat + diversify: ceiling=487.54, value=59056.0
    [iter 69077] reheat + diversify: ceiling=438.78, value=65843.0
    [iter 74830] reheat + diversify: ceiling=394.90, value=78169.0
    [iter 77936] *** NEW BEST: value 109699.0, boxes 9/20, T=4307.0, elapsed=10.3s
    [iter 83689] reheat + diversify: ceiling=355.41, value=77635.0
    [iter 89442] reheat + diversify: ceiling=319.87, value=58804.0
    [iter 95195] reheat + diversify: ceiling=287.88, value=73147.0
    [iter 100948] reheat + diversify: ceiling=259.10, value=60580.0
    [iter 106701] reheat + diversify: ceiling=233.19, value=82619.0
    [iter 112454] reheat + diversify: ceiling=209.87, value=86230.0
    [iter 118207] reheat + diversify: ceiling=188.88, value=68120.0
    [iter 123960] reheat + diversify: ceiling=169.99, value=69916.0
    [iter 129713] reheat + diversify: ceiling=152.99, value=71576.0
    [iter 135466] reheat + diversify: ceiling=137.69, value=54916.0
    [iter 137893] *** NEW BEST: value 110083.0, boxes 9/20, T=4137.9, elapsed=18.4s
    [iter 143646] reheat + diversify: ceiling=123.92, value=95271.0
    [iter 149399] reheat + diversify: ceiling=111.53, value=66908.0
    [iter 155152] reheat + diversify: ceiling=100.38, value=59656.0
    [iter 160905] reheat + diversify: ceiling=90.34, value=80935.0
    [iter 166658] reheat + diversify: ceiling=81.31, value=77226.0
    [iter 172411] reheat + diversify: ceiling=73.18, value=86084.0
    [iter 178164] reheat + diversify: ceiling=65.86, value=62291.0
    [iter 183917] reheat + diversify: ceiling=59.27, value=65566.0
    [iter 189670] reheat + diversify: ceiling=53.35, value=47058.0
    [iter 195423] reheat + diversify: ceiling=48.01, value=78380.0
    [iter 201176] reheat + diversify: ceiling=43.21, value=84260.0
    [iter 206929] reheat + diversify: ceiling=38.89, value=69920.0
    [iter 212682] reheat + diversify: ceiling=35.00, value=77911.0
    [iter 218435] reheat + diversify: ceiling=31.50, value=66542.0
    [iter 224188] reheat + diversify: ceiling=28.35, value=57439.0
    [iter 229941] reheat + diversify: ceiling=25.52, value=58093.0
    [iter 235694] reheat + diversify: ceiling=22.96, value=67032.0
    [iter 241447] reheat + diversify: ceiling=20.67, value=84419.0
    [iter 247200] reheat + diversify: ceiling=18.60, value=80928.0
    [iter 252953] reheat + diversify: ceiling=16.74, value=76711.0
    [iter 258706] reheat + diversify: ceiling=15.07, value=78368.0
    [iter 264459] reheat + diversify: ceiling=13.56, value=56027.0
    [iter 270212] reheat + diversify: ceiling=12.20, value=56628.0
    [iter 275965] reheat + diversify: ceiling=10.98, value=62743.0
    [iter 281718] reheat + diversify: ceiling=9.89, value=59891.0
    [iter 287471] reheat + diversify: ceiling=8.90, value=65538.0
    [iter 293224] reheat + diversify: ceiling=8.01, value=77998.0
    [iter 298977] reheat + diversify: ceiling=7.21, value=83871.0
    [iter 304730] reheat + diversify: ceiling=6.49, value=91157.0
    [iter 310483] reheat + diversify: ceiling=5.84, value=63111.0
    [iter 316236] reheat + diversify: ceiling=5.25, value=80846.0
    [iter 321989] reheat + diversify: ceiling=4.73, value=83162.0
    [iter 327742] reheat + diversify: ceiling=4.26, value=74374.0
    [iter 333495] reheat + diversify: ceiling=3.83, value=57008.0
    [iter 339248] reheat + diversify: ceiling=3.45, value=66840.0
    [iter 345001] reheat + diversify: ceiling=3.10, value=79332.0
    [iter 350754] reheat + diversify: ceiling=2.79, value=76345.0
    [iter 356507] reheat + diversify: ceiling=2.51, value=71205.0
    [iter 362260] reheat + diversify: ceiling=2.26, value=54986.0
    [iter 368013] reheat + diversify: ceiling=2.04, value=56003.0
    [iter 373766] reheat + diversify: ceiling=1.83, value=89999.0
    [iter 379519] reheat + diversify: ceiling=1.65, value=64487.0
    [iter 385272] reheat + diversify: ceiling=1.48, value=56769.0
    [iter 391025] reheat + diversify: ceiling=1.34, value=73031.0
    [iter 396778] reheat + diversify: ceiling=1.20, value=60148.0
    [iter 402531] reheat + diversify: ceiling=1.08, value=84980.0
    [iter 408284] reheat + diversify: ceiling=0.97, value=91793.0
    [iter 414037] reheat + diversify: ceiling=0.88, value=67769.0
    [iter 419790] reheat + diversify: ceiling=0.79, value=66073.0
    [iter 425543] reheat + diversify: ceiling=0.71, value=57045.0
    [iter 431296] reheat + diversify: ceiling=0.64, value=89813.0
    [iter 437049] reheat + diversify: ceiling=0.57, value=94322.0
    [iter 442802] reheat + diversify: ceiling=0.52, value=62152.0
    [iter 448555] reheat + diversify: ceiling=0.47, value=82413.0
    [iter 454308] reheat + diversify: ceiling=0.42, value=66147.0
    [iter 460061] reheat + diversify: ceiling=0.38, value=57904.0
    [iter 465814] reheat + diversify: ceiling=0.34, value=56604.0
    [iter 471567] reheat + diversify: ceiling=0.31, value=58392.0
    [iter 477320] reheat + diversify: ceiling=0.27, value=56874.0
    [iter 483073] reheat + diversify: ceiling=0.25, value=61991.0
    [iter 488826] reheat + diversify: ceiling=0.22, value=29314.0
    [iter 494579] reheat + diversify: ceiling=0.20, value=74952.0
    [iter 500332] reheat + diversify: ceiling=0.18, value=69477.0
    [iter 506085] reheat + diversify: ceiling=0.16, value=61754.0
    [iter 511838] reheat + diversify: ceiling=0.15, value=50298.0
    [iter 517591] reheat + diversify: ceiling=0.13, value=98262.0
    [iter 523344] reheat + diversify: ceiling=0.12, value=69708.0
    [iter 529097] reheat + diversify: ceiling=0.11, value=82904.0
    [iter 534850] reheat + diversify: ceiling=0.10, value=74646.0
    [iter 540603] reheat + diversify: ceiling=0.09, value=67433.0
    [iter 546356] reheat + diversify: ceiling=0.08, value=67767.0
    [iter 552109] reheat + diversify: ceiling=0.07, value=76626.0
    [iter 557862] reheat + diversify: ceiling=0.06, value=72562.0
    [iter 563615] reheat + diversify: ceiling=0.06, value=55623.0
    [iter 569368] reheat + diversify: ceiling=0.05, value=59869.0
    [iter 575121] reheat + diversify: ceiling=0.05, value=67565.0
    [iter 580874] reheat + diversify: ceiling=0.04, value=81265.0
    [iter 586627] reheat + diversify: ceiling=0.04, value=44219.0
    [iter 592380] reheat + diversify: ceiling=0.03, value=80529.0
    [iter 598133] reheat + diversify: ceiling=0.03, value=66805.0
    [iter 603886] reheat + diversify: ceiling=0.03, value=82771.0
    [iter 609639] reheat + diversify: ceiling=0.02, value=64032.0
    [iter 615392] reheat + diversify: ceiling=0.02, value=93516.0
    [iter 621145] reheat + diversify: ceiling=0.02, value=78750.0
    [iter 626898] reheat + diversify: ceiling=0.02, value=85436.0
    [iter 632651] reheat + diversify: ceiling=0.02, value=62974.0
    [iter 638404] reheat + diversify: ceiling=0.01, value=60867.0
    [iter 644157] reheat + diversify: ceiling=0.01, value=64861.0
    [iter 649910] reheat + diversify: ceiling=0.01, value=55869.0
    [iter 655663] reheat + diversify: ceiling=0.01, value=73552.0
    [iter 661416] reheat + diversify: ceiling=0.01, value=64529.0
    [iter 667169] reheat + diversify: ceiling=0.01, value=81701.0
    [iter 672922] reheat + diversify: ceiling=0.01, value=67334.0
    [iter 678675] reheat + diversify: ceiling=0.01, value=50209.0
    [iter 684428] reheat + diversify: ceiling=0.01, value=45599.0
    [iter 690181] reheat + diversify: ceiling=0.01, value=85678.0
    [iter 695934] reheat + diversify: ceiling=0.01, value=70597.0
    [iter 701687] reheat + diversify: ceiling=0.00, value=89542.0
    [iter 707440] reheat + diversify: ceiling=0.00, value=52318.0
    [iter 713193] reheat + diversify: ceiling=0.00, value=72332.0
    [iter 718946] reheat + diversify: ceiling=0.00, value=59146.0
    [iter 724699] reheat + diversify: ceiling=0.00, value=62532.0
    [iter 730452] reheat + diversify: ceiling=0.00, value=72709.0
    [iter 736205] reheat + diversify: ceiling=0.00, value=70645.0
    [iter 741958] reheat + diversify: ceiling=0.00, value=79479.0
    [iter 747711] reheat + diversify: ceiling=0.00, value=55740.0
    [iter 753464] reheat + diversify: ceiling=0.00, value=56149.0
    [iter 759217] reheat + diversify: ceiling=0.00, value=67894.0
    [iter 764970] reheat + diversify: ceiling=0.00, value=66724.0
    [iter 770723] reheat + diversify: ceiling=0.00, value=62490.0
    [iter 776476] reheat + diversify: ceiling=0.00, value=58440.0
    [iter 782229] reheat + diversify: ceiling=0.00, value=78714.0
    [iter 787982] reheat + diversify: ceiling=0.00, value=84436.0
    [iter 793735] reheat + diversify: ceiling=0.00, value=69485.0
    [iter 799488] reheat + diversify: ceiling=0.00, value=71062.0
    [iter 805241] reheat + diversify: ceiling=0.00, value=60362.0
    [iter 810994] reheat + diversify: ceiling=0.00, value=55374.0
    [iter 816747] reheat + diversify: ceiling=0.00, value=59060.0
    [iter 822500] reheat + diversify: ceiling=0.00, value=57920.0
    [iter 828253] reheat + diversify: ceiling=0.00, value=87295.0
    [iter 834006] reheat + diversify: ceiling=0.00, value=70304.0
    [iter 839759] reheat + diversify: ceiling=0.00, value=66280.0
    [iter 845512] reheat + diversify: ceiling=0.00, value=69223.0
    [iter 851265] reheat + diversify: ceiling=0.00, value=61467.0
    [iter 857018] reheat + diversify: ceiling=0.00, value=42510.0
    [iter 862771] reheat + diversify: ceiling=0.00, value=63075.0
    [iter 868524] reheat + diversify: ceiling=0.00, value=72568.0
    [iter 874277] reheat + diversify: ceiling=0.00, value=66497.0
    [iter 880030] reheat + diversify: ceiling=0.00, value=67462.0
    [iter 885783] reheat + diversify: ceiling=0.00, value=64322.0
    [iter 891536] reheat + diversify: ceiling=0.00, value=56912.0
    [iter 897289] reheat + diversify: ceiling=0.00, value=66381.0
    [iter 903042] reheat + diversify: ceiling=0.00, value=43804.0
    [iter 908795] reheat + diversify: ceiling=0.00, value=70390.0
    [iter 914548] reheat + diversify: ceiling=0.00, value=47388.0
    [iter 920301] reheat + diversify: ceiling=0.00, value=68570.0
    [iter 926054] reheat + diversify: ceiling=0.00, value=67996.0
    [iter 931807] reheat + diversify: ceiling=0.00, value=51102.0
    [iter 937560] reheat + diversify: ceiling=0.00, value=90717.0
    [iter 943313] reheat + diversify: ceiling=0.00, value=67995.0
    [iter 949066] reheat + diversify: ceiling=0.00, value=66605.0
    [iter 954819] reheat + diversify: ceiling=0.00, value=76647.0
    [iter 960572] reheat + diversify: ceiling=0.00, value=49908.0
    [iter 966325] reheat + diversify: ceiling=0.00, value=50140.0
    [iter 972078] reheat + diversify: ceiling=0.00, value=84791.0
    [iter 977831] reheat + diversify: ceiling=0.00, value=81441.0
    [iter 983584] reheat + diversify: ceiling=0.00, value=69149.0
    [iter 989337] reheat + diversify: ceiling=0.00, value=70577.0
    [iter 995090] reheat + diversify: ceiling=0.00, value=73985.0
    [iter 1000843] reheat + diversify: ceiling=0.00, value=80951.0
    [iter 1006596] reheat + diversify: ceiling=0.00, value=68683.0
    [iter 1012349] reheat + diversify: ceiling=0.00, value=62392.0
    [iter 1018102] reheat + diversify: ceiling=0.00, value=57132.0
    [iter 1023855] reheat + diversify: ceiling=0.00, value=76089.0
    [iter 1029608] reheat + diversify: ceiling=0.00, value=67547.0
    [iter 1035361] reheat + diversify: ceiling=0.00, value=74678.0
    [iter 1041114] reheat + diversify: ceiling=0.00, value=76995.0
    [iter 1046867] reheat + diversify: ceiling=0.00, value=65843.0
    [iter 1052620] reheat + diversify: ceiling=0.00, value=75752.0
    [iter 1058373] reheat + diversify: ceiling=0.00, value=89150.0
    [iter 1064126] reheat + diversify: ceiling=0.00, value=64242.0
    [iter 1069879] reheat + diversify: ceiling=0.00, value=88646.0
    [iter 1075632] reheat + diversify: ceiling=0.00, value=63950.0
    [iter 1081385] reheat + diversify: ceiling=0.00, value=97787.0
    [iter 1087138] reheat + diversify: ceiling=0.00, value=64165.0
    [iter 1092891] reheat + diversify: ceiling=0.00, value=71271.0
    [iter 1098644] reheat + diversify: ceiling=0.00, value=46520.0
    [iter 1104397] reheat + diversify: ceiling=0.00, value=70834.0
    [iter 1110150] reheat + diversify: ceiling=0.00, value=70302.0
    [iter 1115903] reheat + diversify: ceiling=0.00, value=87683.0
    [iter 1121656] reheat + diversify: ceiling=0.00, value=80391.0
    [iter 1127409] reheat + diversify: ceiling=0.00, value=79325.0
    [iter 1133162] reheat + diversify: ceiling=0.00, value=67589.0
    [iter 1138915] reheat + diversify: ceiling=0.00, value=67382.0
    [iter 1144668] reheat + diversify: ceiling=0.00, value=75730.0
    [iter 1150421] reheat + diversify: ceiling=0.00, value=80533.0
    [iter 1156174] reheat + diversify: ceiling=0.00, value=56496.0
    [iter 1161927] reheat + diversify: ceiling=0.00, value=69792.0
    [iter 1167680] reheat + diversify: ceiling=0.00, value=63139.0
    [iter 1173433] reheat + diversify: ceiling=0.00, value=54067.0
    [iter 1179186] reheat + diversify: ceiling=0.00, value=62862.0
    [iter 1184939] reheat + diversify: ceiling=0.00, value=76458.0
    [iter 1190692] reheat + diversify: ceiling=0.00, value=55900.0
    [iter 1196445] reheat + diversify: ceiling=0.00, value=69754.0
    [iter 1202198] reheat + diversify: ceiling=0.00, value=73196.0
    [iter 1207951] reheat + diversify: ceiling=0.00, value=57378.0
    [iter 1213704] reheat + diversify: ceiling=0.00, value=78062.0
    [iter 1219457] reheat + diversify: ceiling=0.00, value=78951.0
    [iter 1225210] reheat + diversify: ceiling=0.00, value=42151.0
    [iter 1230963] reheat + diversify: ceiling=0.00, value=80220.0
    [iter 1236716] reheat + diversify: ceiling=0.00, value=52328.0
    [iter 1242469] reheat + diversify: ceiling=0.00, value=58122.0
    [iter 1248222] reheat + diversify: ceiling=0.00, value=92108.0
    [iter 1253975] reheat + diversify: ceiling=0.00, value=71599.0
    [iter 1259728] reheat + diversify: ceiling=0.00, value=83920.0
    [iter 1265481] reheat + diversify: ceiling=0.00, value=67735.0
    [iter 1271234] reheat + diversify: ceiling=0.00, value=88896.0
    [iter 1276987] reheat + diversify: ceiling=0.00, value=63417.0
    [iter 1282740] reheat + diversify: ceiling=0.00, value=65548.0
    [iter 1288493] reheat + diversify: ceiling=0.00, value=85256.0
    [iter 1294246] reheat + diversify: ceiling=0.00, value=68792.0
    [iter 1299999] reheat + diversify: ceiling=0.00, value=78216.0
    [iter 1305752] reheat + diversify: ceiling=0.00, value=56068.0
    [iter 1311505] reheat + diversify: ceiling=0.00, value=76934.0
    [iter 1317258] reheat + diversify: ceiling=0.00, value=48289.0
    [iter 1323011] reheat + diversify: ceiling=0.00, value=62605.0
    [iter 1328764] reheat + diversify: ceiling=0.00, value=46264.0
    [iter 1334517] reheat + diversify: ceiling=0.00, value=69439.0
    [iter 1340270] reheat + diversify: ceiling=0.00, value=52765.0
    [iter 1346023] reheat + diversify: ceiling=0.00, value=51991.0
    [iter 1351776] reheat + diversify: ceiling=0.00, value=49418.0
    [iter 1357529] reheat + diversify: ceiling=0.00, value=70197.0
    [iter 1363282] reheat + diversify: ceiling=0.00, value=63274.0
    [iter 1369035] reheat + diversify: ceiling=0.00, value=56723.0
    [iter 1374788] reheat + diversify: ceiling=0.00, value=70699.0
    [iter 1380541] reheat + diversify: ceiling=0.00, value=59395.0
    [iter 1386294] reheat + diversify: ceiling=0.00, value=87191.0
    [iter 1392047] reheat + diversify: ceiling=0.00, value=62430.0
    [iter 1397800] reheat + diversify: ceiling=0.00, value=57923.0
    [iter 1403553] reheat + diversify: ceiling=0.00, value=89910.0
    [iter 1409306] reheat + diversify: ceiling=0.00, value=62284.0
    [iter 1415059] reheat + diversify: ceiling=0.00, value=61168.0
    [iter 1420812] reheat + diversify: ceiling=0.00, value=67899.0
    [iter 1426565] reheat + diversify: ceiling=0.00, value=72652.0
    [iter 1432318] reheat + diversify: ceiling=0.00, value=66506.0
    [iter 1438071] reheat + diversify: ceiling=0.00, value=61303.0
    [iter 1443824] reheat + diversify: ceiling=0.00, value=66944.0
    [iter 1449577] reheat + diversify: ceiling=0.00, value=84054.0
    [iter 1455330] reheat + diversify: ceiling=0.00, value=64388.0
    [iter 1461083] reheat + diversify: ceiling=0.00, value=87656.0
    [iter 1466836] reheat + diversify: ceiling=0.00, value=52676.0
    [iter 1472589] reheat + diversify: ceiling=0.00, value=44962.0
    [iter 1478342] reheat + diversify: ceiling=0.00, value=71836.0
    [iter 1484095] reheat + diversify: ceiling=0.00, value=63659.0
    [iter 1489848] reheat + diversify: ceiling=0.00, value=57445.0
    [iter 1495601] reheat + diversify: ceiling=0.00, value=67031.0
    [iter 1501354] reheat + diversify: ceiling=0.00, value=62604.0
    [iter 1507107] reheat + diversify: ceiling=0.00, value=41546.0
    [iter 1512860] reheat + diversify: ceiling=0.00, value=50301.0
    [iter 1518613] reheat + diversify: ceiling=0.00, value=81807.0
    [iter 1524366] reheat + diversify: ceiling=0.00, value=50707.0
    [iter 1530119] reheat + diversify: ceiling=0.00, value=58242.0
    [iter 1535872] reheat + diversify: ceiling=0.00, value=85329.0
    [iter 1541625] reheat + diversify: ceiling=0.00, value=54609.0
    [iter 1547378] reheat + diversify: ceiling=0.00, value=66856.0
    [iter 1553131] reheat + diversify: ceiling=0.00, value=72965.0
    [iter 1558884] reheat + diversify: ceiling=0.00, value=97855.0
    [iter 1564637] reheat + diversify: ceiling=0.00, value=80452.0
    [iter 1570390] reheat + diversify: ceiling=0.00, value=78847.0
    [iter 1576143] reheat + diversify: ceiling=0.00, value=69599.0
    [iter 1581896] reheat + diversify: ceiling=0.00, value=64136.0
    [iter 1587649] reheat + diversify: ceiling=0.00, value=59218.0
    [iter 1593402] reheat + diversify: ceiling=0.00, value=68404.0
    [iter 1599155] reheat + diversify: ceiling=0.00, value=60265.0
    [iter 1604908] reheat + diversify: ceiling=0.00, value=67457.0
    [iter 1610661] reheat + diversify: ceiling=0.00, value=64122.0
    [iter 1616414] reheat + diversify: ceiling=0.00, value=61817.0
    [iter 1622167] reheat + diversify: ceiling=0.00, value=81025.0
    [iter 1627920] reheat + diversify: ceiling=0.00, value=53984.0
    [iter 1633673] reheat + diversify: ceiling=0.00, value=66594.0
    [iter 1639426] reheat + diversify: ceiling=0.00, value=71033.0
    [iter 1645179] reheat + diversify: ceiling=0.00, value=76140.0
    [iter 1650932] reheat + diversify: ceiling=0.00, value=98262.0
    [iter 1656685] reheat + diversify: ceiling=0.00, value=76902.0
    [iter 1662438] reheat + diversify: ceiling=0.00, value=77747.0
    [iter 1668191] reheat + diversify: ceiling=0.00, value=67601.0
    [iter 1673944] reheat + diversify: ceiling=0.00, value=65169.0
    [iter 1679697] reheat + diversify: ceiling=0.00, value=76054.0
    [iter 1685450] reheat + diversify: ceiling=0.00, value=84550.0
    [iter 1691203] reheat + diversify: ceiling=0.00, value=73310.0
    [iter 1696956] reheat + diversify: ceiling=0.00, value=97381.0
    [iter 1702709] reheat + diversify: ceiling=0.00, value=51243.0
    [iter 1708462] reheat + diversify: ceiling=0.00, value=56487.0
    [iter 1714215] reheat + diversify: ceiling=0.00, value=81278.0
    [iter 1719968] reheat + diversify: ceiling=0.00, value=68241.0
    [iter 1725721] reheat + diversify: ceiling=0.00, value=82933.0
    [iter 1731474] reheat + diversify: ceiling=0.00, value=71757.0
    [iter 1737227] reheat + diversify: ceiling=0.00, value=68741.0
    [iter 1742980] reheat + diversify: ceiling=0.00, value=66552.0
    [iter 1748733] reheat + diversify: ceiling=0.00, value=42306.0
    [iter 1754486] reheat + diversify: ceiling=0.00, value=65499.0
    [iter 1760239] reheat + diversify: ceiling=0.00, value=91604.0
    [iter 1765992] reheat + diversify: ceiling=0.00, value=48653.0
    [iter 1771745] reheat + diversify: ceiling=0.00, value=90137.0
    [iter 1777498] reheat + diversify: ceiling=0.00, value=73163.0
    [iter 1783251] reheat + diversify: ceiling=0.00, value=84028.0
    [iter 1789004] reheat + diversify: ceiling=0.00, value=83282.0
    [iter 1794757] reheat + diversify: ceiling=0.00, value=75565.0
    [iter 1800510] reheat + diversify: ceiling=0.00, value=65405.0
    [iter 1806263] reheat + diversify: ceiling=0.00, value=72923.0
    [iter 1812016] reheat + diversify: ceiling=0.00, value=82352.0
    [iter 1817769] reheat + diversify: ceiling=0.00, value=65675.0
    [iter 1823522] reheat + diversify: ceiling=0.00, value=53343.0
    [iter 1829275] reheat + diversify: ceiling=0.00, value=64873.0
    [iter 1835028] reheat + diversify: ceiling=0.00, value=84247.0
    [iter 1840781] reheat + diversify: ceiling=0.00, value=51867.0
    [iter 1846534] reheat + diversify: ceiling=0.00, value=73745.0
    [iter 1852287] reheat + diversify: ceiling=0.00, value=85000.0
    [iter 1858040] reheat + diversify: ceiling=0.00, value=74242.0
    [iter 1863793] reheat + diversify: ceiling=0.00, value=61657.0
    [iter 1869546] reheat + diversify: ceiling=0.00, value=60155.0
    [iter 1875299] reheat + diversify: ceiling=0.00, value=77665.0
    [iter 1881052] reheat + diversify: ceiling=0.00, value=62260.0
    [iter 1886805] reheat + diversify: ceiling=0.00, value=68485.0
    [iter 1892558] reheat + diversify: ceiling=0.00, value=55165.0
    [iter 1898311] reheat + diversify: ceiling=0.00, value=79910.0
    [iter 1904064] reheat + diversify: ceiling=0.00, value=83594.0
    [iter 1909817] reheat + diversify: ceiling=0.00, value=79964.0
    [iter 1915570] reheat + diversify: ceiling=0.00, value=76225.0
    [iter 1921323] reheat + diversify: ceiling=0.00, value=69852.0
    [iter 1922641] *** NEW BEST: value 114455.0, boxes 10/20, T=1396.1, elapsed=238.8s
    [iter 1928394] reheat + diversify: ceiling=0.00, value=86787.0
    [iter 1934147] reheat + diversify: ceiling=0.00, value=75790.0
    [iter 1939900] reheat + diversify: ceiling=0.00, value=86943.0
    [iter 1945653] reheat + diversify: ceiling=0.00, value=69980.0
    [iter 1951406] reheat + diversify: ceiling=0.00, value=90047.0
    [iter 1957159] reheat + diversify: ceiling=0.00, value=49849.0
    [iter 1962912] reheat + diversify: ceiling=0.00, value=83322.0
    [iter 1968665] reheat + diversify: ceiling=0.00, value=76337.0
    [iter 1974418] reheat + diversify: ceiling=0.00, value=72275.0
    [iter 1980171] reheat + diversify: ceiling=0.00, value=73902.0
    [iter 1985924] reheat + diversify: ceiling=0.00, value=86864.0
    [iter 1991677] reheat + diversify: ceiling=0.00, value=73617.0
    [iter 1997430] reheat + diversify: ceiling=0.00, value=62606.0
    [iter 2003183] reheat + diversify: ceiling=0.00, value=64792.0
    [iter 2008936] reheat + diversify: ceiling=0.00, value=48352.0
    [iter 2014689] reheat + diversify: ceiling=0.00, value=65638.0
    [iter 2020442] reheat + diversify: ceiling=0.00, value=70204.0
    [iter 2026195] reheat + diversify: ceiling=0.00, value=55843.0
    [iter 2031948] reheat + diversify: ceiling=0.00, value=72114.0
    [iter 2037701] reheat + diversify: ceiling=0.00, value=85124.0
    [iter 2043454] reheat + diversify: ceiling=0.00, value=71649.0
    [iter 2049207] reheat + diversify: ceiling=0.00, value=96018.0
    [iter 2054960] reheat + diversify: ceiling=0.00, value=80274.0
    [iter 2060713] reheat + diversify: ceiling=0.00, value=77012.0
    [iter 2066466] reheat + diversify: ceiling=0.00, value=52103.0
    [iter 2072219] reheat + diversify: ceiling=0.00, value=62611.0
    [iter 2077972] reheat + diversify: ceiling=0.00, value=54314.0
    [iter 2083725] reheat + diversify: ceiling=0.00, value=94783.0
    [iter 2089478] reheat + diversify: ceiling=0.00, value=69975.0
    [iter 2095231] reheat + diversify: ceiling=0.00, value=72124.0
    [iter 2100984] reheat + diversify: ceiling=0.00, value=72327.0
    [iter 2106737] reheat + diversify: ceiling=0.00, value=55686.0
    [iter 2112490] reheat + diversify: ceiling=0.00, value=67804.0
    [iter 2118243] reheat + diversify: ceiling=0.00, value=70431.0
    [iter 2123996] reheat + diversify: ceiling=0.00, value=77354.0
    [iter 2129749] reheat + diversify: ceiling=0.00, value=78707.0
    [iter 2135502] reheat + diversify: ceiling=0.00, value=58841.0
    [iter 2141255] reheat + diversify: ceiling=0.00, value=64376.0
    [iter 2147008] reheat + diversify: ceiling=0.00, value=88056.0
    [iter 2152761] reheat + diversify: ceiling=0.00, value=61589.0
    [iter 2158514] reheat + diversify: ceiling=0.00, value=46462.0
    [iter 2164267] reheat + diversify: ceiling=0.00, value=103967.0
    [iter 2170020] reheat + diversify: ceiling=0.00, value=75658.0
    [iter 2175773] reheat + diversify: ceiling=0.00, value=80132.0
    [iter 2181526] reheat + diversify: ceiling=0.00, value=73887.0
    [iter 2187279] reheat + diversify: ceiling=0.00, value=103967.0
    [iter 2193032] reheat + diversify: ceiling=0.00, value=69549.0
    [iter 2198785] reheat + diversify: ceiling=0.00, value=78548.0
    [iter 2204538] reheat + diversify: ceiling=0.00, value=52934.0
    [iter 2210291] reheat + diversify: ceiling=0.00, value=78215.0
    [iter 2216044] reheat + diversify: ceiling=0.00, value=63852.0
    [iter 2221797] reheat + diversify: ceiling=0.00, value=65690.0
    [iter 2227550] reheat + diversify: ceiling=0.00, value=68788.0
    [iter 2233303] reheat + diversify: ceiling=0.00, value=90632.0
    [iter 2239056] reheat + diversify: ceiling=0.00, value=67855.0
    [iter 2244809] reheat + diversify: ceiling=0.00, value=48637.0
    [iter 2250562] reheat + diversify: ceiling=0.00, value=73461.0
    [iter 2256315] reheat + diversify: ceiling=0.00, value=77441.0
    [iter 2262068] reheat + diversify: ceiling=0.00, value=87533.0
    [iter 2267821] reheat + diversify: ceiling=0.00, value=55699.0
    [iter 2273574] reheat + diversify: ceiling=0.00, value=61106.0
    [iter 2279327] reheat + diversify: ceiling=0.00, value=51089.0
    [iter 2285080] reheat + diversify: ceiling=0.00, value=72573.0
    [iter 2290833] reheat + diversify: ceiling=0.00, value=60397.0
    [iter 2296586] reheat + diversify: ceiling=0.00, value=67933.0
    [iter 2302339] reheat + diversify: ceiling=0.00, value=62108.0
    [iter 2308092] reheat + diversify: ceiling=0.00, value=51661.0
    [iter 2313845] reheat + diversify: ceiling=0.00, value=67782.0
    [iter 2319598] reheat + diversify: ceiling=0.00, value=107975.0
    [iter 2325351] reheat + diversify: ceiling=0.00, value=69910.0
    [iter 2331104] reheat + diversify: ceiling=0.00, value=62851.0
    [iter 2336857] reheat + diversify: ceiling=0.00, value=82092.0
    [iter 2342610] reheat + diversify: ceiling=0.00, value=62205.0
    [iter 2348363] reheat + diversify: ceiling=0.00, value=79597.0
    [iter 2354116] reheat + diversify: ceiling=0.00, value=71596.0
    [iter 2359869] reheat + diversify: ceiling=0.00, value=44533.0
    [iter 2365622] reheat + diversify: ceiling=0.00, value=83013.0
    [iter 2371375] reheat + diversify: ceiling=0.00, value=67826.0
    [iter 2377128] reheat + diversify: ceiling=0.00, value=58149.0
    [iter 2382881] reheat + diversify: ceiling=0.00, value=57915.0
    [iter 2388634] reheat + diversify: ceiling=0.00, value=63796.0
    [iter 2394387] reheat + diversify: ceiling=0.00, value=82902.0
    [iter 2400140] reheat + diversify: ceiling=0.00, value=68587.0
    [iter 2405893] reheat + diversify: ceiling=0.00, value=61695.0
    [iter 2411646] reheat + diversify: ceiling=0.00, value=93600.0
    [iter 2417399] reheat + diversify: ceiling=0.00, value=66096.0
    [iter 2423152] reheat + diversify: ceiling=0.00, value=72143.0
    [iter 2428905] reheat + diversify: ceiling=0.00, value=72060.0
  time limit reached at iteration 2429390
  SA finished: 2429390 iterations in 300.0s (8098 it/s), accepted 1096506 (45.1%), rejected 1332883, neutral 958312 (39.4%), worsening accepted 9.4%, no-move draws 0, reheats 419
  SA: value 114455.0 (greedy 89202.0, +25253.0), bound 132400.9, gap 13.55%, util 81.3%
  report -> /home/mcaspar/3DMHKP/results_3DMHKP_ep3/ep3-20-F-R-50-3DMHKP-SA-a0.999-r0.25-t300s.txt

================================================================================================
SUMMARY
================================================================================================
instance      boxes  packed       greedy     SA value        bound      gap    util    iters    time
------------------------------------------------------------------------------------------------
ep3-20-F-R-50     20      10      89202.0     114455.0     132400.9   13.6%   81.3%  2429390  300.0s
------------------------------------------------------------------------------------------------
proven optimal (value reaches the upper bound): 0/1
improved over greedy: 1/1 (total value 89202.0 -> 114455.0, +28.31%)
mean gap to continuous-knapsack bound: 13.6%
mean volume utilization: 81.3%
