============================================================
  Solver:     3DMHKP-SA.py
  Instance:   /home/mcaspar/3DMHKP/Egeblad/ep3-20-C-R-90.txt
  Value mode: flat
  Timelimit:  300s
  Reports:    /home/mcaspar/3DMHKP/results_3DMHKP_ep3
  CPUs:       1
============================================================
======================================================================
3DMHKP Simulated Annealing (random single-neighbour, sequence decoder)
SA params: T0=5% of f(S_0), alpha=0.999, T_min=0.001, reheat_threshold=5753, reheat_fraction=0.25
Move weights: {'relocate': 0.0, 'swap': 1.0, '2opt': 0.0, 'promote': 1.5, 'demote': 1.5, 'orient': 1.0, 'container': 0.5}
Time limit: 300.0s per instance, seed 304826232
======================================================================

======================================================================
ep3-20-C-R-90: 20 boxes (18 types), 1 containers (1 types)
  continuous-knapsack bound: 119984.7
  initial (value-density) decode: value 29162.0 (12/20 boxes)
  T0 = 12827.9 (calibrated, 42 worsening draws, target accept 35%)
  schedule: time-based, T0 -> 2924.32 over 300s
    [iter 2] *** NEW BEST: value 53841.0, boxes 12/20, T=12819.1, elapsed=0.1s
    [iter 3] *** NEW BEST: value 57322.0, boxes 13/20, T=12819.1, elapsed=0.1s
    [iter 4] *** NEW BEST: value 61043.0, boxes 14/20, T=12819.1, elapsed=0.1s
    [iter 16] *** NEW BEST: value 66844.0, boxes 14/20, T=12819.0, elapsed=0.1s
    [iter 5769] reheat + diversify: ceiling=3206.97, value=26999.0
    [iter 11522] reheat + diversify: ceiling=2886.27, value=45366.0
    [iter 17275] reheat + diversify: ceiling=2597.65, value=54486.0
    [iter 23028] reheat + diversify: ceiling=2337.88, value=45366.0
    [iter 28781] reheat + diversify: ceiling=2104.09, value=48442.0
    [iter 34534] reheat + diversify: ceiling=1893.68, value=54243.0
    [iter 40287] reheat + diversify: ceiling=1704.32, value=39718.0
    [iter 46040] reheat + diversify: ceiling=1533.88, value=53039.0
    [iter 51793] reheat + diversify: ceiling=1380.50, value=60287.0
    [iter 57546] reheat + diversify: ceiling=1242.45, value=43670.0
    [iter 63299] reheat + diversify: ceiling=1118.20, value=44187.0
    [iter 69052] reheat + diversify: ceiling=1006.38, value=28847.0
    [iter 74805] reheat + diversify: ceiling=905.74, value=35648.0
    [iter 80558] reheat + diversify: ceiling=815.17, value=41634.0
    [iter 86311] reheat + diversify: ceiling=733.65, value=57724.0
    [iter 92064] reheat + diversify: ceiling=660.29, value=30905.0
    [iter 97817] reheat + diversify: ceiling=594.26, value=60858.0
    [iter 103570] reheat + diversify: ceiling=534.83, value=47576.0
    [iter 109323] reheat + diversify: ceiling=481.35, value=60287.0
    [iter 115076] reheat + diversify: ceiling=433.21, value=46114.0
    [iter 120829] reheat + diversify: ceiling=389.89, value=36368.0
    [iter 126582] reheat + diversify: ceiling=350.90, value=51923.0
    [iter 132335] reheat + diversify: ceiling=315.81, value=45181.0
    [iter 138088] reheat + diversify: ceiling=284.23, value=59949.0
    [iter 143841] reheat + diversify: ceiling=255.81, value=66844.0
    [iter 149594] reheat + diversify: ceiling=230.23, value=53377.0
    [iter 155347] reheat + diversify: ceiling=207.21, value=37815.0
    [iter 161100] reheat + diversify: ceiling=186.48, value=66506.0
    [iter 166853] reheat + diversify: ceiling=167.84, value=54824.0
    [iter 172606] reheat + diversify: ceiling=151.05, value=50416.0
    [iter 178359] reheat + diversify: ceiling=135.95, value=51923.0
    [iter 184112] reheat + diversify: ceiling=122.35, value=66506.0
    [iter 189865] reheat + diversify: ceiling=110.12, value=55879.0
    [iter 195618] reheat + diversify: ceiling=99.11, value=40241.0
    [iter 201371] reheat + diversify: ceiling=89.19, value=52261.0
    [iter 207124] reheat + diversify: ceiling=80.28, value=60287.0
    [iter 212877] reheat + diversify: ceiling=72.25, value=54486.0
    [iter 218630] reheat + diversify: ceiling=65.02, value=41296.0
    [iter 224383] reheat + diversify: ceiling=58.52, value=48838.0
    [iter 230136] reheat + diversify: ceiling=52.67, value=38271.0
    [iter 235889] reheat + diversify: ceiling=47.40, value=54486.0
    [iter 241642] reheat + diversify: ceiling=42.66, value=35648.0
    [iter 247395] reheat + diversify: ceiling=38.40, value=27184.0
    [iter 253148] reheat + diversify: ceiling=34.56, value=44372.0
    [iter 258901] reheat + diversify: ceiling=31.10, value=45704.0
    [iter 264654] reheat + diversify: ceiling=27.99, value=50173.0
    [iter 270407] reheat + diversify: ceiling=25.19, value=60287.0
    [iter 276160] reheat + diversify: ceiling=22.67, value=66506.0
    [iter 281913] reheat + diversify: ceiling=20.40, value=54301.0
    [iter 287666] reheat + diversify: ceiling=18.36, value=47097.0
    [iter 293419] reheat + diversify: ceiling=16.53, value=51167.0
    [iter 299172] reheat + diversify: ceiling=14.88, value=45704.0
    [iter 304925] reheat + diversify: ceiling=13.39, value=39718.0
    [iter 310678] reheat + diversify: ceiling=12.05, value=58955.0
    [iter 316431] reheat + diversify: ceiling=10.84, value=59949.0
    [iter 322184] reheat + diversify: ceiling=9.76, value=41111.0
    [iter 327937] reheat + diversify: ceiling=8.78, value=60287.0
    [iter 333690] reheat + diversify: ceiling=7.91, value=40536.0
    [iter 339443] reheat + diversify: ceiling=7.11, value=38271.0
    [iter 345196] reheat + diversify: ceiling=6.40, value=45519.0
    [iter 350949] reheat + diversify: ceiling=5.76, value=40198.0
    [iter 356702] reheat + diversify: ceiling=5.19, value=32808.0
    [iter 362455] reheat + diversify: ceiling=4.67, value=50416.0
    [iter 368208] reheat + diversify: ceiling=4.20, value=57386.0
    [iter 373961] reheat + diversify: ceiling=3.78, value=47097.0
    [iter 379714] reheat + diversify: ceiling=3.40, value=66506.0
    [iter 385467] reheat + diversify: ceiling=3.06, value=39718.0
    [iter 391220] reheat + diversify: ceiling=2.76, value=54824.0
    [iter 396973] reheat + diversify: ceiling=2.48, value=57386.0
    [iter 402726] reheat + diversify: ceiling=2.23, value=50416.0
    [iter 408479] reheat + diversify: ceiling=2.01, value=43670.0
    [iter 414232] reheat + diversify: ceiling=1.81, value=32808.0
    [iter 419985] reheat + diversify: ceiling=1.63, value=46759.0
    [iter 425738] reheat + diversify: ceiling=1.46, value=52261.0
    [iter 431491] reheat + diversify: ceiling=1.32, value=50231.0
    [iter 437244] reheat + diversify: ceiling=1.19, value=54486.0
    [iter 442997] reheat + diversify: ceiling=1.07, value=53039.0
    [iter 448750] reheat + diversify: ceiling=0.96, value=58955.0
    [iter 454503] reheat + diversify: ceiling=0.86, value=55879.0
    [iter 460256] reheat + diversify: ceiling=0.78, value=50231.0
    [iter 466009] reheat + diversify: ceiling=0.70, value=47391.0
    [iter 471762] reheat + diversify: ceiling=0.63, value=40056.0
    [iter 477515] reheat + diversify: ceiling=0.57, value=62785.0
    [iter 483268] reheat + diversify: ceiling=0.51, value=51923.0
    [iter 489021] reheat + diversify: ceiling=0.46, value=50416.0
    [iter 494774] reheat + diversify: ceiling=0.41, value=41111.0
    [iter 500527] reheat + diversify: ceiling=0.37, value=38271.0
    [iter 506280] reheat + diversify: ceiling=0.34, value=56217.0
    [iter 512033] reheat + diversify: ceiling=0.30, value=52261.0
    [iter 517786] reheat + diversify: ceiling=0.27, value=41449.0
    [iter 523539] reheat + diversify: ceiling=0.24, value=38794.0
    [iter 529292] reheat + diversify: ceiling=0.22, value=45704.0
    [iter 535045] reheat + diversify: ceiling=0.20, value=35648.0
    [iter 540798] reheat + diversify: ceiling=0.18, value=50416.0
    [iter 546551] reheat + diversify: ceiling=0.16, value=58955.0
    [iter 552304] reheat + diversify: ceiling=0.14, value=66506.0
    [iter 558057] reheat + diversify: ceiling=0.13, value=54639.0
    [iter 563810] reheat + diversify: ceiling=0.12, value=51738.0
    [iter 569563] reheat + diversify: ceiling=0.11, value=50231.0
    [iter 575316] reheat + diversify: ceiling=0.09, value=55879.0
    [iter 581069] reheat + diversify: ceiling=0.09, value=32808.0
    [iter 586822] reheat + diversify: ceiling=0.08, value=51923.0
    [iter 592575] reheat + diversify: ceiling=0.07, value=57724.0
    [iter 598328] reheat + diversify: ceiling=0.06, value=41296.0
    [iter 604081] reheat + diversify: ceiling=0.06, value=51923.0
    [iter 609834] reheat + diversify: ceiling=0.05, value=41634.0
    [iter 615587] reheat + diversify: ceiling=0.05, value=44372.0
    [iter 621340] reheat + diversify: ceiling=0.04, value=61043.0
    [iter 627093] reheat + diversify: ceiling=0.04, value=60287.0
    [iter 632846] reheat + diversify: ceiling=0.03, value=66844.0
    [iter 638599] reheat + diversify: ceiling=0.03, value=40536.0
    [iter 644352] reheat + diversify: ceiling=0.03, value=61043.0
    [iter 650105] reheat + diversify: ceiling=0.02, value=50416.0
    [iter 655858] reheat + diversify: ceiling=0.02, value=51738.0
    [iter 661611] reheat + diversify: ceiling=0.02, value=45704.0
    [iter 667364] reheat + diversify: ceiling=0.02, value=51923.0
    [iter 673117] reheat + diversify: ceiling=0.02, value=45366.0
    [iter 678870] reheat + diversify: ceiling=0.01, value=54486.0
    [iter 684623] reheat + diversify: ceiling=0.01, value=38609.0
    [iter 690376] reheat + diversify: ceiling=0.01, value=52261.0
    [iter 696129] reheat + diversify: ceiling=0.01, value=58955.0
    [iter 701882] reheat + diversify: ceiling=0.01, value=57386.0
    [iter 707635] reheat + diversify: ceiling=0.01, value=66506.0
    [iter 713388] reheat + diversify: ceiling=0.01, value=40241.0
    [iter 719141] reheat + diversify: ceiling=0.01, value=54824.0
    [iter 724894] reheat + diversify: ceiling=0.01, value=50416.0
    [iter 730647] reheat + diversify: ceiling=0.01, value=48838.0
    [iter 736400] reheat + diversify: ceiling=0.00, value=55879.0
    [iter 742153] reheat + diversify: ceiling=0.00, value=66844.0
    [iter 747906] reheat + diversify: ceiling=0.00, value=43670.0
    [iter 753659] reheat + diversify: ceiling=0.00, value=41111.0
    [iter 759412] reheat + diversify: ceiling=0.00, value=41111.0
    [iter 765165] reheat + diversify: ceiling=0.00, value=44257.0
    [iter 770918] reheat + diversify: ceiling=0.00, value=40241.0
    [iter 776671] reheat + diversify: ceiling=0.00, value=51923.0
    [iter 782424] reheat + diversify: ceiling=0.00, value=39718.0
    [iter 788177] reheat + diversify: ceiling=0.00, value=53039.0
    [iter 793930] reheat + diversify: ceiling=0.00, value=30720.0
    [iter 799683] reheat + diversify: ceiling=0.00, value=55879.0
    [iter 805436] reheat + diversify: ceiling=0.00, value=45181.0
    [iter 811189] reheat + diversify: ceiling=0.00, value=49318.0
    [iter 816942] reheat + diversify: ceiling=0.00, value=54243.0
    [iter 822695] reheat + diversify: ceiling=0.00, value=45519.0
    [iter 828448] reheat + diversify: ceiling=0.00, value=51738.0
    [iter 834201] reheat + diversify: ceiling=0.00, value=55879.0
    [iter 839954] reheat + diversify: ceiling=0.00, value=51738.0
    [iter 845707] reheat + diversify: ceiling=0.00, value=49318.0
    [iter 851460] reheat + diversify: ceiling=0.00, value=41296.0
    [iter 857213] reheat + diversify: ceiling=0.00, value=60858.0
    [iter 862966] reheat + diversify: ceiling=0.00, value=48202.0
    [iter 868719] reheat + diversify: ceiling=0.00, value=38456.0
    [iter 874472] reheat + diversify: ceiling=0.00, value=59949.0
    [iter 880225] reheat + diversify: ceiling=0.00, value=52261.0
    [iter 885978] reheat + diversify: ceiling=0.00, value=58955.0
    [iter 891731] reheat + diversify: ceiling=0.00, value=34735.0
    [iter 897484] reheat + diversify: ceiling=0.00, value=38609.0
    [iter 903237] reheat + diversify: ceiling=0.00, value=51923.0
    [iter 908990] reheat + diversify: ceiling=0.00, value=56217.0
    [iter 914743] reheat + diversify: ceiling=0.00, value=50173.0
    [iter 920496] reheat + diversify: ceiling=0.00, value=54486.0
    [iter 926249] reheat + diversify: ceiling=0.00, value=51738.0
    [iter 932002] reheat + diversify: ceiling=0.00, value=49835.0
    [iter 937755] reheat + diversify: ceiling=0.00, value=54486.0
    [iter 943508] reheat + diversify: ceiling=0.00, value=45704.0
    [iter 949261] reheat + diversify: ceiling=0.00, value=66506.0
    [iter 955014] reheat + diversify: ceiling=0.00, value=46275.0
    [iter 960767] reheat + diversify: ceiling=0.00, value=54301.0
    [iter 966520] reheat + diversify: ceiling=0.00, value=66844.0
    [iter 972273] reheat + diversify: ceiling=0.00, value=54486.0
    [iter 978026] reheat + diversify: ceiling=0.00, value=51923.0
    [iter 983779] reheat + diversify: ceiling=0.00, value=60287.0
    [iter 989532] reheat + diversify: ceiling=0.00, value=54486.0
    [iter 995285] reheat + diversify: ceiling=0.00, value=39903.0
    [iter 1001038] reheat + diversify: ceiling=0.00, value=35833.0
    [iter 1006791] reheat + diversify: ceiling=0.00, value=51923.0
    [iter 1012544] reheat + diversify: ceiling=0.00, value=54301.0
    [iter 1018297] reheat + diversify: ceiling=0.00, value=35648.0
    [iter 1024050] reheat + diversify: ceiling=0.00, value=55879.0
    [iter 1029803] reheat + diversify: ceiling=0.00, value=57724.0
    [iter 1035556] reheat + diversify: ceiling=0.00, value=47097.0
    [iter 1041309] reheat + diversify: ceiling=0.00, value=40241.0
    [iter 1047062] reheat + diversify: ceiling=0.00, value=66844.0
    [iter 1052815] reheat + diversify: ceiling=0.00, value=38271.0
    [iter 1058568] reheat + diversify: ceiling=0.00, value=45704.0
    [iter 1064321] reheat + diversify: ceiling=0.00, value=39718.0
    [iter 1070074] reheat + diversify: ceiling=0.00, value=48017.0
    [iter 1075827] reheat + diversify: ceiling=0.00, value=66506.0
    [iter 1081580] reheat + diversify: ceiling=0.00, value=47097.0
    [iter 1087333] reheat + diversify: ceiling=0.00, value=51923.0
    [iter 1093086] reheat + diversify: ceiling=0.00, value=47576.0
    [iter 1098839] reheat + diversify: ceiling=0.00, value=51738.0
    [iter 1104592] reheat + diversify: ceiling=0.00, value=45704.0
    [iter 1110345] reheat + diversify: ceiling=0.00, value=39903.0
    [iter 1116098] reheat + diversify: ceiling=0.00, value=38794.0
    [iter 1121851] reheat + diversify: ceiling=0.00, value=54486.0
    [iter 1127604] reheat + diversify: ceiling=0.00, value=48838.0
    [iter 1133357] reheat + diversify: ceiling=0.00, value=54824.0
    [iter 1139110] reheat + diversify: ceiling=0.00, value=47576.0
    [iter 1144863] reheat + diversify: ceiling=0.00, value=49835.0
    [iter 1150616] reheat + diversify: ceiling=0.00, value=55879.0
    [iter 1156369] reheat + diversify: ceiling=0.00, value=41296.0
    [iter 1162122] reheat + diversify: ceiling=0.00, value=43919.0
    [iter 1167875] reheat + diversify: ceiling=0.00, value=57724.0
    [iter 1173628] reheat + diversify: ceiling=0.00, value=50416.0
    [iter 1179381] reheat + diversify: ceiling=0.00, value=54301.0
    [iter 1185134] reheat + diversify: ceiling=0.00, value=45366.0
    [iter 1190887] reheat + diversify: ceiling=0.00, value=44257.0
    [iter 1196640] reheat + diversify: ceiling=0.00, value=41296.0
    [iter 1202393] reheat + diversify: ceiling=0.00, value=59949.0
    [iter 1208146] reheat + diversify: ceiling=0.00, value=60287.0
    [iter 1213899] reheat + diversify: ceiling=0.00, value=39718.0
    [iter 1219652] reheat + diversify: ceiling=0.00, value=63363.0
    [iter 1225405] reheat + diversify: ceiling=0.00, value=44372.0
    [iter 1231158] reheat + diversify: ceiling=0.00, value=41296.0
    [iter 1236911] reheat + diversify: ceiling=0.00, value=47097.0
    [iter 1242664] reheat + diversify: ceiling=0.00, value=51738.0
    [iter 1248417] reheat + diversify: ceiling=0.00, value=54824.0
    [iter 1254170] reheat + diversify: ceiling=0.00, value=61043.0
    [iter 1259923] reheat + diversify: ceiling=0.00, value=40241.0
    [iter 1265676] reheat + diversify: ceiling=0.00, value=51167.0
    [iter 1271429] reheat + diversify: ceiling=0.00, value=60858.0
    [iter 1277182] reheat + diversify: ceiling=0.00, value=45366.0
    [iter 1282935] reheat + diversify: ceiling=0.00, value=53039.0
    [iter 1288688] reheat + diversify: ceiling=0.00, value=51738.0
    [iter 1294441] reheat + diversify: ceiling=0.00, value=43919.0
    [iter 1300194] reheat + diversify: ceiling=0.00, value=47097.0
    [iter 1305947] reheat + diversify: ceiling=0.00, value=55879.0
    [iter 1311700] reheat + diversify: ceiling=0.00, value=61043.0
    [iter 1317453] reheat + diversify: ceiling=0.00, value=35648.0
    [iter 1323206] reheat + diversify: ceiling=0.00, value=52261.0
    [iter 1328959] reheat + diversify: ceiling=0.00, value=57562.0
    [iter 1334712] reheat + diversify: ceiling=0.00, value=55879.0
    [iter 1340465] reheat + diversify: ceiling=0.00, value=51923.0
    [iter 1346218] reheat + diversify: ceiling=0.00, value=48838.0
    [iter 1351971] reheat + diversify: ceiling=0.00, value=66506.0
    [iter 1357724] reheat + diversify: ceiling=0.00, value=40241.0
    [iter 1363477] reheat + diversify: ceiling=0.00, value=41111.0
    [iter 1369230] reheat + diversify: ceiling=0.00, value=56217.0
    [iter 1374983] reheat + diversify: ceiling=0.00, value=47097.0
    [iter 1380736] reheat + diversify: ceiling=0.00, value=49835.0
    [iter 1386489] reheat + diversify: ceiling=0.00, value=55879.0
    [iter 1392242] reheat + diversify: ceiling=0.00, value=39903.0
    [iter 1397995] reheat + diversify: ceiling=0.00, value=58955.0
    [iter 1403748] reheat + diversify: ceiling=0.00, value=66506.0
    [iter 1409501] reheat + diversify: ceiling=0.00, value=54486.0
    [iter 1415254] reheat + diversify: ceiling=0.00, value=53039.0
    [iter 1421007] reheat + diversify: ceiling=0.00, value=51923.0
    [iter 1426760] reheat + diversify: ceiling=0.00, value=49656.0
    [iter 1432513] reheat + diversify: ceiling=0.00, value=56217.0
    [iter 1438266] reheat + diversify: ceiling=0.00, value=58955.0
    [iter 1444019] reheat + diversify: ceiling=0.00, value=61043.0
    [iter 1449772] reheat + diversify: ceiling=0.00, value=45181.0
    [iter 1455525] reheat + diversify: ceiling=0.00, value=45366.0
    [iter 1461278] reheat + diversify: ceiling=0.00, value=45366.0
    [iter 1467031] reheat + diversify: ceiling=0.00, value=54824.0
    [iter 1472784] reheat + diversify: ceiling=0.00, value=45519.0
    [iter 1478537] reheat + diversify: ceiling=0.00, value=48838.0
    [iter 1484290] reheat + diversify: ceiling=0.00, value=48838.0
    [iter 1490043] reheat + diversify: ceiling=0.00, value=54301.0
    [iter 1495796] reheat + diversify: ceiling=0.00, value=58955.0
    [iter 1501549] reheat + diversify: ceiling=0.00, value=35723.0
    [iter 1507302] reheat + diversify: ceiling=0.00, value=51738.0
    [iter 1513055] reheat + diversify: ceiling=0.00, value=49835.0
    [iter 1518808] reheat + diversify: ceiling=0.00, value=60287.0
    [iter 1524561] reheat + diversify: ceiling=0.00, value=45704.0
    [iter 1530314] reheat + diversify: ceiling=0.00, value=63025.0
    [iter 1536067] reheat + diversify: ceiling=0.00, value=54824.0
    [iter 1541820] reheat + diversify: ceiling=0.00, value=49318.0
    [iter 1547573] reheat + diversify: ceiling=0.00, value=66506.0
    [iter 1553326] reheat + diversify: ceiling=0.00, value=49835.0
    [iter 1559079] reheat + diversify: ceiling=0.00, value=54639.0
    [iter 1564832] reheat + diversify: ceiling=0.00, value=54301.0
    [iter 1570585] reheat + diversify: ceiling=0.00, value=55879.0
    [iter 1576338] reheat + diversify: ceiling=0.00, value=34735.0
    [iter 1582091] reheat + diversify: ceiling=0.00, value=55879.0
    [iter 1587844] reheat + diversify: ceiling=0.00, value=53377.0
    [iter 1593597] reheat + diversify: ceiling=0.00, value=45366.0
    [iter 1599350] reheat + diversify: ceiling=0.00, value=54486.0
    [iter 1605103] reheat + diversify: ceiling=0.00, value=54486.0
    [iter 1610856] reheat + diversify: ceiling=0.00, value=55879.0
    [iter 1616609] reheat + diversify: ceiling=0.00, value=60287.0
    [iter 1622362] reheat + diversify: ceiling=0.00, value=66506.0
    [iter 1628115] reheat + diversify: ceiling=0.00, value=60287.0
    [iter 1633868] reheat + diversify: ceiling=0.00, value=57386.0
    [iter 1639621] reheat + diversify: ceiling=0.00, value=55879.0
    [iter 1645374] reheat + diversify: ceiling=0.00, value=42979.0
    [iter 1651127] reheat + diversify: ceiling=0.00, value=32808.0
    [iter 1656880] reheat + diversify: ceiling=0.00, value=66844.0
    [iter 1662633] reheat + diversify: ceiling=0.00, value=55879.0
    [iter 1668386] reheat + diversify: ceiling=0.00, value=49318.0
    [iter 1674139] reheat + diversify: ceiling=0.00, value=41296.0
    [iter 1679892] reheat + diversify: ceiling=0.00, value=63025.0
    [iter 1685645] reheat + diversify: ceiling=0.00, value=45704.0
    [iter 1691398] reheat + diversify: ceiling=0.00, value=54486.0
    [iter 1697151] reheat + diversify: ceiling=0.00, value=66506.0
    [iter 1702904] reheat + diversify: ceiling=0.00, value=56217.0
    [iter 1708657] reheat + diversify: ceiling=0.00, value=47097.0
    [iter 1714410] reheat + diversify: ceiling=0.00, value=58955.0
    [iter 1720163] reheat + diversify: ceiling=0.00, value=57724.0
    [iter 1725916] reheat + diversify: ceiling=0.00, value=35648.0
    [iter 1731669] reheat + diversify: ceiling=0.00, value=41449.0
    [iter 1737422] reheat + diversify: ceiling=0.00, value=44372.0
    [iter 1743175] reheat + diversify: ceiling=0.00, value=61043.0
    [iter 1748928] reheat + diversify: ceiling=0.00, value=66506.0
    [iter 1754681] reheat + diversify: ceiling=0.00, value=58955.0
    [iter 1760434] reheat + diversify: ceiling=0.00, value=40241.0
    [iter 1766187] reheat + diversify: ceiling=0.00, value=54301.0
    [iter 1771940] reheat + diversify: ceiling=0.00, value=54301.0
    [iter 1777693] reheat + diversify: ceiling=0.00, value=43855.0
    [iter 1783446] reheat + diversify: ceiling=0.00, value=48838.0
    [iter 1789199] reheat + diversify: ceiling=0.00, value=66506.0
    [iter 1794952] reheat + diversify: ceiling=0.00, value=46460.0
    [iter 1800705] reheat + diversify: ceiling=0.00, value=44257.0
    [iter 1806458] reheat + diversify: ceiling=0.00, value=35723.0
    [iter 1812211] reheat + diversify: ceiling=0.00, value=58955.0
    [iter 1817964] reheat + diversify: ceiling=0.00, value=54301.0
    [iter 1823717] reheat + diversify: ceiling=0.00, value=51923.0
    [iter 1829470] reheat + diversify: ceiling=0.00, value=57724.0
    [iter 1835223] reheat + diversify: ceiling=0.00, value=59949.0
    [iter 1840976] reheat + diversify: ceiling=0.00, value=54486.0
    [iter 1846729] reheat + diversify: ceiling=0.00, value=43855.0
    [iter 1852482] reheat + diversify: ceiling=0.00, value=41449.0
    [iter 1858235] reheat + diversify: ceiling=0.00, value=66506.0
    [iter 1863988] reheat + diversify: ceiling=0.00, value=54824.0
    [iter 1869741] reheat + diversify: ceiling=0.00, value=45704.0
    [iter 1875494] reheat + diversify: ceiling=0.00, value=50173.0
    [iter 1881247] reheat + diversify: ceiling=0.00, value=51923.0
    [iter 1887000] reheat + diversify: ceiling=0.00, value=46275.0
    [iter 1892753] reheat + diversify: ceiling=0.00, value=49023.0
    [iter 1898506] reheat + diversify: ceiling=0.00, value=36368.0
    [iter 1904259] reheat + diversify: ceiling=0.00, value=51167.0
    [iter 1910012] reheat + diversify: ceiling=0.00, value=46759.0
    [iter 1915765] reheat + diversify: ceiling=0.00, value=44372.0
    [iter 1921518] reheat + diversify: ceiling=0.00, value=60287.0
    [iter 1927271] reheat + diversify: ceiling=0.00, value=51923.0
    [iter 1933024] reheat + diversify: ceiling=0.00, value=53039.0
    [iter 1938777] reheat + diversify: ceiling=0.00, value=66506.0
    [iter 1944530] reheat + diversify: ceiling=0.00, value=60287.0
    [iter 1950283] reheat + diversify: ceiling=0.00, value=54301.0
    [iter 1956036] reheat + diversify: ceiling=0.00, value=51738.0
    [iter 1961789] reheat + diversify: ceiling=0.00, value=46460.0
    [iter 1967542] reheat + diversify: ceiling=0.00, value=66506.0
    [iter 1973295] reheat + diversify: ceiling=0.00, value=60287.0
    [iter 1979048] reheat + diversify: ceiling=0.00, value=60858.0
    [iter 1984801] reheat + diversify: ceiling=0.00, value=59949.0
    [iter 1990554] reheat + diversify: ceiling=0.00, value=52261.0
    [iter 1996307] reheat + diversify: ceiling=0.00, value=49835.0
    [iter 2002060] reheat + diversify: ceiling=0.00, value=48838.0
    [iter 2007813] reheat + diversify: ceiling=0.00, value=60287.0
    [iter 2013566] reheat + diversify: ceiling=0.00, value=51923.0
    [iter 2019319] reheat + diversify: ceiling=0.00, value=47097.0
    [iter 2025072] reheat + diversify: ceiling=0.00, value=35648.0
    [iter 2030825] reheat + diversify: ceiling=0.00, value=54301.0
    [iter 2036578] reheat + diversify: ceiling=0.00, value=45704.0
    [iter 2042331] reheat + diversify: ceiling=0.00, value=48442.0
    [iter 2048084] reheat + diversify: ceiling=0.00, value=60287.0
    [iter 2053837] reheat + diversify: ceiling=0.00, value=66506.0
    [iter 2059590] reheat + diversify: ceiling=0.00, value=41111.0
    [iter 2065343] reheat + diversify: ceiling=0.00, value=36368.0
    [iter 2071096] reheat + diversify: ceiling=0.00, value=25791.0
    [iter 2076849] reheat + diversify: ceiling=0.00, value=61043.0
    [iter 2082602] reheat + diversify: ceiling=0.00, value=54486.0
    [iter 2088355] reheat + diversify: ceiling=0.00, value=36368.0
    [iter 2094108] reheat + diversify: ceiling=0.00, value=57137.0
    [iter 2099861] reheat + diversify: ceiling=0.00, value=55879.0
    [iter 2105614] reheat + diversify: ceiling=0.00, value=50173.0
    [iter 2111367] reheat + diversify: ceiling=0.00, value=57724.0
    [iter 2117120] reheat + diversify: ceiling=0.00, value=54824.0
    [iter 2122873] reheat + diversify: ceiling=0.00, value=66506.0
    [iter 2128626] reheat + diversify: ceiling=0.00, value=45366.0
    [iter 2134379] reheat + diversify: ceiling=0.00, value=54639.0
    [iter 2140132] reheat + diversify: ceiling=0.00, value=46275.0
    [iter 2145885] reheat + diversify: ceiling=0.00, value=30720.0
    [iter 2151638] reheat + diversify: ceiling=0.00, value=60287.0
    [iter 2157391] reheat + diversify: ceiling=0.00, value=49656.0
    [iter 2163144] reheat + diversify: ceiling=0.00, value=52261.0
    [iter 2168897] reheat + diversify: ceiling=0.00, value=66506.0
    [iter 2174650] reheat + diversify: ceiling=0.00, value=54824.0
    [iter 2180403] reheat + diversify: ceiling=0.00, value=50173.0
    [iter 2186156] reheat + diversify: ceiling=0.00, value=47576.0
    [iter 2191909] reheat + diversify: ceiling=0.00, value=54486.0
    [iter 2197662] reheat + diversify: ceiling=0.00, value=57724.0
    [iter 2203415] reheat + diversify: ceiling=0.00, value=66506.0
    [iter 2209168] reheat + diversify: ceiling=0.00, value=36706.0
    [iter 2214921] reheat + diversify: ceiling=0.00, value=54486.0
    [iter 2220674] reheat + diversify: ceiling=0.00, value=66844.0
    [iter 2226427] reheat + diversify: ceiling=0.00, value=41296.0
    [iter 2232180] reheat + diversify: ceiling=0.00, value=54486.0
    [iter 2237933] reheat + diversify: ceiling=0.00, value=40241.0
    [iter 2243686] reheat + diversify: ceiling=0.00, value=54824.0
    [iter 2249439] reheat + diversify: ceiling=0.00, value=54486.0
    [iter 2255192] reheat + diversify: ceiling=0.00, value=54639.0
    [iter 2260945] reheat + diversify: ceiling=0.00, value=60858.0
    [iter 2266698] reheat + diversify: ceiling=0.00, value=44372.0
    [iter 2272451] reheat + diversify: ceiling=0.00, value=38271.0
    [iter 2278204] reheat + diversify: ceiling=0.00, value=48442.0
    [iter 2283957] reheat + diversify: ceiling=0.00, value=51738.0
    [iter 2289710] reheat + diversify: ceiling=0.00, value=54824.0
    [iter 2295463] reheat + diversify: ceiling=0.00, value=30720.0
    [iter 2301216] reheat + diversify: ceiling=0.00, value=66844.0
    [iter 2306969] reheat + diversify: ceiling=0.00, value=58955.0
    [iter 2312722] reheat + diversify: ceiling=0.00, value=60287.0
    [iter 2318475] reheat + diversify: ceiling=0.00, value=44372.0
    [iter 2324228] reheat + diversify: ceiling=0.00, value=49023.0
    [iter 2329981] reheat + diversify: ceiling=0.00, value=54824.0
    [iter 2335734] reheat + diversify: ceiling=0.00, value=47097.0
    [iter 2341487] reheat + diversify: ceiling=0.00, value=45181.0
    [iter 2347240] reheat + diversify: ceiling=0.00, value=66506.0
    [iter 2352993] reheat + diversify: ceiling=0.00, value=51923.0
    [iter 2358746] reheat + diversify: ceiling=0.00, value=35648.0
    [iter 2364499] reheat + diversify: ceiling=0.00, value=49835.0
    [iter 2370252] reheat + diversify: ceiling=0.00, value=66506.0
    [iter 2376005] reheat + diversify: ceiling=0.00, value=54301.0
    [iter 2381758] reheat + diversify: ceiling=0.00, value=50416.0
    [iter 2387511] reheat + diversify: ceiling=0.00, value=49835.0
    [iter 2393264] reheat + diversify: ceiling=0.00, value=39718.0
    [iter 2399017] reheat + diversify: ceiling=0.00, value=40241.0
    [iter 2404770] reheat + diversify: ceiling=0.00, value=51738.0
    [iter 2410523] reheat + diversify: ceiling=0.00, value=66506.0
    [iter 2416276] reheat + diversify: ceiling=0.00, value=61043.0
    [iter 2422029] reheat + diversify: ceiling=0.00, value=56217.0
    [iter 2427782] reheat + diversify: ceiling=0.00, value=54486.0
    [iter 2433535] reheat + diversify: ceiling=0.00, value=54824.0
    [iter 2439288] reheat + diversify: ceiling=0.00, value=58955.0
    [iter 2445041] reheat + diversify: ceiling=0.00, value=40536.0
    [iter 2450794] reheat + diversify: ceiling=0.00, value=54486.0
    [iter 2456547] reheat + diversify: ceiling=0.00, value=58955.0
    [iter 2462300] reheat + diversify: ceiling=0.00, value=25606.0
    [iter 2468053] reheat + diversify: ceiling=0.00, value=46275.0
    [iter 2473806] reheat + diversify: ceiling=0.00, value=60287.0
    [iter 2479559] reheat + diversify: ceiling=0.00, value=54824.0
    [iter 2485312] reheat + diversify: ceiling=0.00, value=40536.0
    [iter 2491065] reheat + diversify: ceiling=0.00, value=66844.0
    [iter 2496818] reheat + diversify: ceiling=0.00, value=39903.0
    [iter 2502571] reheat + diversify: ceiling=0.00, value=48442.0
    [iter 2508324] reheat + diversify: ceiling=0.00, value=60287.0
    [iter 2514077] reheat + diversify: ceiling=0.00, value=54301.0
    [iter 2519830] reheat + diversify: ceiling=0.00, value=60287.0
    [iter 2525583] reheat + diversify: ceiling=0.00, value=54486.0
    [iter 2531336] reheat + diversify: ceiling=0.00, value=48838.0
    [iter 2537089] reheat + diversify: ceiling=0.00, value=54486.0
    [iter 2542842] reheat + diversify: ceiling=0.00, value=54486.0
    [iter 2548595] reheat + diversify: ceiling=0.00, value=45704.0
    [iter 2554348] reheat + diversify: ceiling=0.00, value=34888.0
    [iter 2560101] reheat + diversify: ceiling=0.00, value=41296.0
    [iter 2565854] reheat + diversify: ceiling=0.00, value=54486.0
    [iter 2571607] reheat + diversify: ceiling=0.00, value=54486.0
    [iter 2577360] reheat + diversify: ceiling=0.00, value=66844.0
    [iter 2583113] reheat + diversify: ceiling=0.00, value=49835.0
    [iter 2588866] reheat + diversify: ceiling=0.00, value=66506.0
    [iter 2594619] reheat + diversify: ceiling=0.00, value=51167.0
    [iter 2600372] reheat + diversify: ceiling=0.00, value=54639.0
    [iter 2606125] reheat + diversify: ceiling=0.00, value=52076.0
    [iter 2611878] reheat + diversify: ceiling=0.00, value=59949.0
    [iter 2617631] reheat + diversify: ceiling=0.00, value=29087.0
    [iter 2623384] reheat + diversify: ceiling=0.00, value=60287.0
    [iter 2629137] reheat + diversify: ceiling=0.00, value=54824.0
    [iter 2634890] reheat + diversify: ceiling=0.00, value=60287.0
    [iter 2640643] reheat + diversify: ceiling=0.00, value=54301.0
    [iter 2646396] reheat + diversify: ceiling=0.00, value=50416.0
    [iter 2652149] reheat + diversify: ceiling=0.00, value=59949.0
    [iter 2657902] reheat + diversify: ceiling=0.00, value=54824.0
    [iter 2663655] reheat + diversify: ceiling=0.00, value=41634.0
    [iter 2669408] reheat + diversify: ceiling=0.00, value=66506.0
    [iter 2675161] reheat + diversify: ceiling=0.00, value=66506.0
    [iter 2680914] reheat + diversify: ceiling=0.00, value=39718.0
    [iter 2686667] reheat + diversify: ceiling=0.00, value=62785.0
    [iter 2692420] reheat + diversify: ceiling=0.00, value=60287.0
    [iter 2698173] reheat + diversify: ceiling=0.00, value=54486.0
    [iter 2703926] reheat + diversify: ceiling=0.00, value=66506.0
    [iter 2709679] reheat + diversify: ceiling=0.00, value=54243.0
    [iter 2715432] reheat + diversify: ceiling=0.00, value=51738.0
    [iter 2721185] reheat + diversify: ceiling=0.00, value=59949.0
    [iter 2726938] reheat + diversify: ceiling=0.00, value=55879.0
    [iter 2732691] reheat + diversify: ceiling=0.00, value=52261.0
    [iter 2738444] reheat + diversify: ceiling=0.00, value=40536.0
    [iter 2744197] reheat + diversify: ceiling=0.00, value=54486.0
    [iter 2749950] reheat + diversify: ceiling=0.00, value=55879.0
    [iter 2755703] reheat + diversify: ceiling=0.00, value=66506.0
    [iter 2761456] reheat + diversify: ceiling=0.00, value=61043.0
    [iter 2767209] reheat + diversify: ceiling=0.00, value=66506.0
    [iter 2772962] reheat + diversify: ceiling=0.00, value=54824.0
    [iter 2778715] reheat + diversify: ceiling=0.00, value=60287.0
    [iter 2784468] reheat + diversify: ceiling=0.00, value=61043.0
    [iter 2790221] reheat + diversify: ceiling=0.00, value=54301.0
    [iter 2795974] reheat + diversify: ceiling=0.00, value=54486.0
    [iter 2801727] reheat + diversify: ceiling=0.00, value=54824.0
    [iter 2807480] reheat + diversify: ceiling=0.00, value=61043.0
    [iter 2813233] reheat + diversify: ceiling=0.00, value=51923.0
    [iter 2818986] reheat + diversify: ceiling=0.00, value=50173.0
    [iter 2824739] reheat + diversify: ceiling=0.00, value=66844.0
    [iter 2830492] reheat + diversify: ceiling=0.00, value=39903.0
    [iter 2836245] reheat + diversify: ceiling=0.00, value=45519.0
    [iter 2841998] reheat + diversify: ceiling=0.00, value=58955.0
    [iter 2847751] reheat + diversify: ceiling=0.00, value=57386.0
    [iter 2853504] reheat + diversify: ceiling=0.00, value=39903.0
    [iter 2859257] reheat + diversify: ceiling=0.00, value=57724.0
    [iter 2865010] reheat + diversify: ceiling=0.00, value=39718.0
    [iter 2870763] reheat + diversify: ceiling=0.00, value=35648.0
    [iter 2876516] reheat + diversify: ceiling=0.00, value=35648.0
    [iter 2882269] reheat + diversify: ceiling=0.00, value=45704.0
    [iter 2888022] reheat + diversify: ceiling=0.00, value=39718.0
    [iter 2893775] reheat + diversify: ceiling=0.00, value=41111.0
    [iter 2899528] reheat + diversify: ceiling=0.00, value=66844.0
    [iter 2905281] reheat + diversify: ceiling=0.00, value=61043.0
    [iter 2911034] reheat + diversify: ceiling=0.00, value=54486.0
    [iter 2916787] reheat + diversify: ceiling=0.00, value=58955.0
    [iter 2922540] reheat + diversify: ceiling=0.00, value=47097.0
    [iter 2928293] reheat + diversify: ceiling=0.00, value=61043.0
    [iter 2934046] reheat + diversify: ceiling=0.00, value=59949.0
    [iter 2939799] reheat + diversify: ceiling=0.00, value=57724.0
    [iter 2945552] reheat + diversify: ceiling=0.00, value=52394.0
    [iter 2951305] reheat + diversify: ceiling=0.00, value=54486.0
    [iter 2957058] reheat + diversify: ceiling=0.00, value=53377.0
    [iter 2962811] reheat + diversify: ceiling=0.00, value=25606.0
    [iter 2968564] reheat + diversify: ceiling=0.00, value=59949.0
    [iter 2974317] reheat + diversify: ceiling=0.00, value=52076.0
    [iter 2980070] reheat + diversify: ceiling=0.00, value=40536.0
    [iter 2985823] reheat + diversify: ceiling=0.00, value=56217.0
    [iter 2991576] reheat + diversify: ceiling=0.00, value=60287.0
    [iter 2997329] reheat + diversify: ceiling=0.00, value=40056.0
    [iter 3003082] reheat + diversify: ceiling=0.00, value=60858.0
    [iter 3008835] reheat + diversify: ceiling=0.00, value=66506.0
    [iter 3014588] reheat + diversify: ceiling=0.00, value=55879.0
    [iter 3020341] reheat + diversify: ceiling=0.00, value=51738.0
    [iter 3026094] reheat + diversify: ceiling=0.00, value=66844.0
    [iter 3031847] reheat + diversify: ceiling=0.00, value=66506.0
    [iter 3037600] reheat + diversify: ceiling=0.00, value=66844.0
    [iter 3043353] reheat + diversify: ceiling=0.00, value=46460.0
    [iter 3049106] reheat + diversify: ceiling=0.00, value=66506.0
    [iter 3054859] reheat + diversify: ceiling=0.00, value=56217.0
    [iter 3060612] reheat + diversify: ceiling=0.00, value=49023.0
    [iter 3066365] reheat + diversify: ceiling=0.00, value=55879.0
    [iter 3072118] reheat + diversify: ceiling=0.00, value=52076.0
    [iter 3077871] reheat + diversify: ceiling=0.00, value=45181.0
    [iter 3083624] reheat + diversify: ceiling=0.00, value=51738.0
    [iter 3089377] reheat + diversify: ceiling=0.00, value=39718.0
    [iter 3095130] reheat + diversify: ceiling=0.00, value=54301.0
    [iter 3100883] reheat + diversify: ceiling=0.00, value=55879.0
    [iter 3106636] reheat + diversify: ceiling=0.00, value=47576.0
    [iter 3112389] reheat + diversify: ceiling=0.00, value=50416.0
    [iter 3118142] reheat + diversify: ceiling=0.00, value=36368.0
    [iter 3123895] reheat + diversify: ceiling=0.00, value=52261.0
    [iter 3129648] reheat + diversify: ceiling=0.00, value=53039.0
    [iter 3135401] reheat + diversify: ceiling=0.00, value=66506.0
    [iter 3141154] reheat + diversify: ceiling=0.00, value=58955.0
    [iter 3146907] reheat + diversify: ceiling=0.00, value=44372.0
    [iter 3152660] reheat + diversify: ceiling=0.00, value=45366.0
    [iter 3158413] reheat + diversify: ceiling=0.00, value=55879.0
    [iter 3164166] reheat + diversify: ceiling=0.00, value=60858.0
    [iter 3169919] reheat + diversify: ceiling=0.00, value=39718.0
    [iter 3175672] reheat + diversify: ceiling=0.00, value=57724.0
    [iter 3181425] reheat + diversify: ceiling=0.00, value=51738.0
    [iter 3187178] reheat + diversify: ceiling=0.00, value=56217.0
    [iter 3192931] reheat + diversify: ceiling=0.00, value=57724.0
    [iter 3198684] reheat + diversify: ceiling=0.00, value=66844.0
    [iter 3204437] reheat + diversify: ceiling=0.00, value=29087.0
    [iter 3210190] reheat + diversify: ceiling=0.00, value=60287.0
    [iter 3215943] reheat + diversify: ceiling=0.00, value=56217.0
    [iter 3221696] reheat + diversify: ceiling=0.00, value=51923.0
    [iter 3227449] reheat + diversify: ceiling=0.00, value=66506.0
    [iter 3233202] reheat + diversify: ceiling=0.00, value=50416.0
    [iter 3238955] reheat + diversify: ceiling=0.00, value=66506.0
    [iter 3244708] reheat + diversify: ceiling=0.00, value=60287.0
    [iter 3250461] reheat + diversify: ceiling=0.00, value=54486.0
    [iter 3256214] reheat + diversify: ceiling=0.00, value=52394.0
    [iter 3261967] reheat + diversify: ceiling=0.00, value=61043.0
    [iter 3267720] reheat + diversify: ceiling=0.00, value=58955.0
    [iter 3273473] reheat + diversify: ceiling=0.00, value=60287.0
    [iter 3279226] reheat + diversify: ceiling=0.00, value=58955.0
    [iter 3284979] reheat + diversify: ceiling=0.00, value=60287.0
    [iter 3290732] reheat + diversify: ceiling=0.00, value=59949.0
    [iter 3296485] reheat + diversify: ceiling=0.00, value=45519.0
    [iter 3302238] reheat + diversify: ceiling=0.00, value=54486.0
    [iter 3307991] reheat + diversify: ceiling=0.00, value=61043.0
    [iter 3313744] reheat + diversify: ceiling=0.00, value=57724.0
    [iter 3319497] reheat + diversify: ceiling=0.00, value=66506.0
    [iter 3325250] reheat + diversify: ceiling=0.00, value=41296.0
    [iter 3331003] reheat + diversify: ceiling=0.00, value=59949.0
    [iter 3336756] reheat + diversify: ceiling=0.00, value=37626.0
    [iter 3342509] reheat + diversify: ceiling=0.00, value=57386.0
    [iter 3348262] reheat + diversify: ceiling=0.00, value=57724.0
    [iter 3354015] reheat + diversify: ceiling=0.00, value=66844.0
    [iter 3359768] reheat + diversify: ceiling=0.00, value=59949.0
    [iter 3365521] reheat + diversify: ceiling=0.00, value=58955.0
    [iter 3371274] reheat + diversify: ceiling=0.00, value=36706.0
    [iter 3377027] reheat + diversify: ceiling=0.00, value=38794.0
    [iter 3382780] reheat + diversify: ceiling=0.00, value=61043.0
    [iter 3388533] reheat + diversify: ceiling=0.00, value=54301.0
    [iter 3394286] reheat + diversify: ceiling=0.00, value=57724.0
    [iter 3400039] reheat + diversify: ceiling=0.00, value=58955.0
    [iter 3405792] reheat + diversify: ceiling=0.00, value=50416.0
    [iter 3411545] reheat + diversify: ceiling=0.00, value=57724.0
    [iter 3417298] reheat + diversify: ceiling=0.00, value=57724.0
    [iter 3423051] reheat + diversify: ceiling=0.00, value=63025.0
    [iter 3428804] reheat + diversify: ceiling=0.00, value=55879.0
    [iter 3434557] reheat + diversify: ceiling=0.00, value=55879.0
    [iter 3440310] reheat + diversify: ceiling=0.00, value=59949.0
    [iter 3446063] reheat + diversify: ceiling=0.00, value=54486.0
    [iter 3451816] reheat + diversify: ceiling=0.00, value=60287.0
    [iter 3457569] reheat + diversify: ceiling=0.00, value=66506.0
    [iter 3463322] reheat + diversify: ceiling=0.00, value=60287.0
    [iter 3469075] reheat + diversify: ceiling=0.00, value=60287.0
    [iter 3474828] reheat + diversify: ceiling=0.00, value=54486.0
    [iter 3480581] reheat + diversify: ceiling=0.00, value=54486.0
    [iter 3486334] reheat + diversify: ceiling=0.00, value=36368.0
    [iter 3492087] reheat + diversify: ceiling=0.00, value=56217.0
    [iter 3497840] reheat + diversify: ceiling=0.00, value=66506.0
    [iter 3503593] reheat + diversify: ceiling=0.00, value=30905.0
    [iter 3509346] reheat + diversify: ceiling=0.00, value=52261.0
    [iter 3515099] reheat + diversify: ceiling=0.00, value=55879.0
    [iter 3520852] reheat + diversify: ceiling=0.00, value=51923.0
    [iter 3526605] reheat + diversify: ceiling=0.00, value=51923.0
    [iter 3532358] reheat + diversify: ceiling=0.00, value=66844.0
    [iter 3538111] reheat + diversify: ceiling=0.00, value=57562.0
    [iter 3543864] reheat + diversify: ceiling=0.00, value=66506.0
    [iter 3549617] reheat + diversify: ceiling=0.00, value=50231.0
    [iter 3555370] reheat + diversify: ceiling=0.00, value=30720.0
    [iter 3561123] reheat + diversify: ceiling=0.00, value=45366.0
    [iter 3566876] reheat + diversify: ceiling=0.00, value=50416.0
    [iter 3572629] reheat + diversify: ceiling=0.00, value=44257.0
    [iter 3578382] reheat + diversify: ceiling=0.00, value=52261.0
    [iter 3584135] reheat + diversify: ceiling=0.00, value=66506.0
    [iter 3589888] reheat + diversify: ceiling=0.00, value=60858.0
    [iter 3595641] reheat + diversify: ceiling=0.00, value=60287.0
    [iter 3601394] reheat + diversify: ceiling=0.00, value=66506.0
    [iter 3607147] reheat + diversify: ceiling=0.00, value=55879.0
    [iter 3612900] reheat + diversify: ceiling=0.00, value=54824.0
    [iter 3618653] reheat + diversify: ceiling=0.00, value=54486.0
    [iter 3624406] reheat + diversify: ceiling=0.00, value=45704.0
    [iter 3630159] reheat + diversify: ceiling=0.00, value=55879.0
    [iter 3635912] reheat + diversify: ceiling=0.00, value=46759.0
    [iter 3641665] reheat + diversify: ceiling=0.00, value=51923.0
    [iter 3647418] reheat + diversify: ceiling=0.00, value=57386.0
    [iter 3653171] reheat + diversify: ceiling=0.00, value=54486.0
    [iter 3658924] reheat + diversify: ceiling=0.00, value=46460.0
    [iter 3664677] reheat + diversify: ceiling=0.00, value=51167.0
    [iter 3670430] reheat + diversify: ceiling=0.00, value=54824.0
    [iter 3676183] reheat + diversify: ceiling=0.00, value=44187.0
    [iter 3681936] reheat + diversify: ceiling=0.00, value=39718.0
    [iter 3687689] reheat + diversify: ceiling=0.00, value=45366.0
    [iter 3693442] reheat + diversify: ceiling=0.00, value=41296.0
    [iter 3699195] reheat + diversify: ceiling=0.00, value=54486.0
    [iter 3704948] reheat + diversify: ceiling=0.00, value=48838.0
    [iter 3710701] reheat + diversify: ceiling=0.00, value=60287.0
    [iter 3716454] reheat + diversify: ceiling=0.00, value=45181.0
    [iter 3722207] reheat + diversify: ceiling=0.00, value=39718.0
    [iter 3727960] reheat + diversify: ceiling=0.00, value=46275.0
    [iter 3733713] reheat + diversify: ceiling=0.00, value=39718.0
    [iter 3739466] reheat + diversify: ceiling=0.00, value=48838.0
    [iter 3745219] reheat + diversify: ceiling=0.00, value=61043.0
    [iter 3750972] reheat + diversify: ceiling=0.00, value=48442.0
    [iter 3756725] reheat + diversify: ceiling=0.00, value=54824.0
    [iter 3762478] reheat + diversify: ceiling=0.00, value=56217.0
    [iter 3768231] reheat + diversify: ceiling=0.00, value=55879.0
    [iter 3773984] reheat + diversify: ceiling=0.00, value=45704.0
    [iter 3779737] reheat + diversify: ceiling=0.00, value=54486.0
    [iter 3785490] reheat + diversify: ceiling=0.00, value=61043.0
    [iter 3791243] reheat + diversify: ceiling=0.00, value=60858.0
    [iter 3796996] reheat + diversify: ceiling=0.00, value=54824.0
    [iter 3802749] reheat + diversify: ceiling=0.00, value=51738.0
    [iter 3808502] reheat + diversify: ceiling=0.00, value=45519.0
    [iter 3814255] reheat + diversify: ceiling=0.00, value=60287.0
    [iter 3820008] reheat + diversify: ceiling=0.00, value=66506.0
    [iter 3825761] reheat + diversify: ceiling=0.00, value=52261.0
    [iter 3831514] reheat + diversify: ceiling=0.00, value=49835.0
    [iter 3837267] reheat + diversify: ceiling=0.00, value=60287.0
    [iter 3843020] reheat + diversify: ceiling=0.00, value=56217.0
    [iter 3848773] reheat + diversify: ceiling=0.00, value=41111.0
    [iter 3854526] reheat + diversify: ceiling=0.00, value=56217.0
    [iter 3860279] reheat + diversify: ceiling=0.00, value=51923.0
    [iter 3866032] reheat + diversify: ceiling=0.00, value=44372.0
    [iter 3871785] reheat + diversify: ceiling=0.00, value=66844.0
    [iter 3877538] reheat + diversify: ceiling=0.00, value=66506.0
    [iter 3883291] reheat + diversify: ceiling=0.00, value=54301.0
    [iter 3889044] reheat + diversify: ceiling=0.00, value=51923.0
    [iter 3894797] reheat + diversify: ceiling=0.00, value=55879.0
    [iter 3900550] reheat + diversify: ceiling=0.00, value=54824.0
    [iter 3906303] reheat + diversify: ceiling=0.00, value=55879.0
    [iter 3912056] reheat + diversify: ceiling=0.00, value=58955.0
    [iter 3917809] reheat + diversify: ceiling=0.00, value=60287.0
    [iter 3923562] reheat + diversify: ceiling=0.00, value=40056.0
    [iter 3929315] reheat + diversify: ceiling=0.00, value=57724.0
    [iter 3935068] reheat + diversify: ceiling=0.00, value=51738.0
    [iter 3940821] reheat + diversify: ceiling=0.00, value=66506.0
    [iter 3946574] reheat + diversify: ceiling=0.00, value=51923.0
    [iter 3952327] reheat + diversify: ceiling=0.00, value=51167.0
    [iter 3958080] reheat + diversify: ceiling=0.00, value=51738.0
    [iter 3963833] reheat + diversify: ceiling=0.00, value=45704.0
    [iter 3969586] reheat + diversify: ceiling=0.00, value=66506.0
    [iter 3975339] reheat + diversify: ceiling=0.00, value=39903.0
    [iter 3981092] reheat + diversify: ceiling=0.00, value=51738.0
    [iter 3986845] reheat + diversify: ceiling=0.00, value=41052.0
    [iter 3992598] reheat + diversify: ceiling=0.00, value=54639.0
    [iter 3998351] reheat + diversify: ceiling=0.00, value=50416.0
    [iter 4004104] reheat + diversify: ceiling=0.00, value=60287.0
    [iter 4009857] reheat + diversify: ceiling=0.00, value=59949.0
    [iter 4015610] reheat + diversify: ceiling=0.00, value=54301.0
    [iter 4021363] reheat + diversify: ceiling=0.00, value=66506.0
    [iter 4027116] reheat + diversify: ceiling=0.00, value=40241.0
    [iter 4032869] reheat + diversify: ceiling=0.00, value=34735.0
    [iter 4038622] reheat + diversify: ceiling=0.00, value=61043.0
    [iter 4044375] reheat + diversify: ceiling=0.00, value=47097.0
    [iter 4050128] reheat + diversify: ceiling=0.00, value=66844.0
    [iter 4055881] reheat + diversify: ceiling=0.00, value=54486.0
    [iter 4061634] reheat + diversify: ceiling=0.00, value=40056.0
    [iter 4067387] reheat + diversify: ceiling=0.00, value=66506.0
    [iter 4073140] reheat + diversify: ceiling=0.00, value=66844.0
    [iter 4078893] reheat + diversify: ceiling=0.00, value=59949.0
    [iter 4084646] reheat + diversify: ceiling=0.00, value=60287.0
    [iter 4090399] reheat + diversify: ceiling=0.00, value=52076.0
    [iter 4096152] reheat + diversify: ceiling=0.00, value=66506.0
    [iter 4101905] reheat + diversify: ceiling=0.00, value=58955.0
    [iter 4107658] reheat + diversify: ceiling=0.00, value=38271.0
    [iter 4113411] reheat + diversify: ceiling=0.00, value=50416.0
    [iter 4119164] reheat + diversify: ceiling=0.00, value=53377.0
    [iter 4124917] reheat + diversify: ceiling=0.00, value=66506.0
    [iter 4130670] reheat + diversify: ceiling=0.00, value=49835.0
    [iter 4136423] reheat + diversify: ceiling=0.00, value=50173.0
    [iter 4142176] reheat + diversify: ceiling=0.00, value=54639.0
    [iter 4147929] reheat + diversify: ceiling=0.00, value=60287.0
    [iter 4153682] reheat + diversify: ceiling=0.00, value=55879.0
    [iter 4159435] reheat + diversify: ceiling=0.00, value=56217.0
    [iter 4165188] reheat + diversify: ceiling=0.00, value=55879.0
    [iter 4170941] reheat + diversify: ceiling=0.00, value=55879.0
    [iter 4176694] reheat + diversify: ceiling=0.00, value=63363.0
    [iter 4182447] reheat + diversify: ceiling=0.00, value=66506.0
    [iter 4188200] reheat + diversify: ceiling=0.00, value=50173.0
    [iter 4193953] reheat + diversify: ceiling=0.00, value=48838.0
    [iter 4199706] reheat + diversify: ceiling=0.00, value=54486.0
    [iter 4205459] reheat + diversify: ceiling=0.00, value=45181.0
    [iter 4211212] reheat + diversify: ceiling=0.00, value=54824.0
    [iter 4216965] reheat + diversify: ceiling=0.00, value=55879.0
    [iter 4222718] reheat + diversify: ceiling=0.00, value=39903.0
    [iter 4228471] reheat + diversify: ceiling=0.00, value=48838.0
    [iter 4234224] reheat + diversify: ceiling=0.00, value=60858.0
    [iter 4239977] reheat + diversify: ceiling=0.00, value=60858.0
    [iter 4245730] reheat + diversify: ceiling=0.00, value=66844.0
    [iter 4251483] reheat + diversify: ceiling=0.00, value=54486.0
    [iter 4257236] reheat + diversify: ceiling=0.00, value=60287.0
    [iter 4262989] reheat + diversify: ceiling=0.00, value=60287.0
    [iter 4268742] reheat + diversify: ceiling=0.00, value=57386.0
    [iter 4274495] reheat + diversify: ceiling=0.00, value=49835.0
    [iter 4280248] reheat + diversify: ceiling=0.00, value=54486.0
    [iter 4286001] reheat + diversify: ceiling=0.00, value=60287.0
    [iter 4291754] reheat + diversify: ceiling=0.00, value=66506.0
    [iter 4297507] reheat + diversify: ceiling=0.00, value=48838.0
    [iter 4303260] reheat + diversify: ceiling=0.00, value=55879.0
    [iter 4309013] reheat + diversify: ceiling=0.00, value=66506.0
    [iter 4314766] reheat + diversify: ceiling=0.00, value=37811.0
    [iter 4320519] reheat + diversify: ceiling=0.00, value=57724.0
    [iter 4326272] reheat + diversify: ceiling=0.00, value=61043.0
    [iter 4332025] reheat + diversify: ceiling=0.00, value=61043.0
    [iter 4337778] reheat + diversify: ceiling=0.00, value=48838.0
    [iter 4343531] reheat + diversify: ceiling=0.00, value=66506.0
    [iter 4349284] reheat + diversify: ceiling=0.00, value=51923.0
    [iter 4355037] reheat + diversify: ceiling=0.00, value=60287.0
    [iter 4360790] reheat + diversify: ceiling=0.00, value=66506.0
    [iter 4366543] reheat + diversify: ceiling=0.00, value=66844.0
    [iter 4372296] reheat + diversify: ceiling=0.00, value=43855.0
    [iter 4378049] reheat + diversify: ceiling=0.00, value=56217.0
    [iter 4383802] reheat + diversify: ceiling=0.00, value=66844.0
    [iter 4389555] reheat + diversify: ceiling=0.00, value=61043.0
    [iter 4395308] reheat + diversify: ceiling=0.00, value=49835.0
    [iter 4401061] reheat + diversify: ceiling=0.00, value=56217.0
    [iter 4406814] reheat + diversify: ceiling=0.00, value=50231.0
    [iter 4412567] reheat + diversify: ceiling=0.00, value=54824.0
    [iter 4418320] reheat + diversify: ceiling=0.00, value=66844.0
    [iter 4424073] reheat + diversify: ceiling=0.00, value=51738.0
    [iter 4429826] reheat + diversify: ceiling=0.00, value=66844.0
  time limit reached at iteration 4434931
  SA finished: 4434931 iterations in 300.0s (14783 it/s), accepted 3573373 (80.6%), rejected 861557, neutral 2867442 (64.7%), worsening accepted 45.0%, no-move draws 0, reheats 770
  SA: value 66844.0 (greedy 29162.0, +37682.0), bound 119984.7, gap 44.29%, util 39.3%
  report -> /home/mcaspar/3DMHKP/results_3DMHKP_ep3/ep3-20-C-R-90-3DMHKP-SA-a0.999-r0.25-t300s.txt

================================================================================================
SUMMARY
================================================================================================
instance      boxes  packed       greedy     SA value        bound      gap    util    iters    time
------------------------------------------------------------------------------------------------
ep3-20-C-R-90     20      14      29162.0      66844.0     119984.7   44.3%   39.3%  4434931  300.0s
------------------------------------------------------------------------------------------------
proven optimal (value reaches the upper bound): 0/1
improved over greedy: 1/1 (total value 29162.0 -> 66844.0, +129.22%)
mean gap to continuous-knapsack bound: 44.3%
mean volume utilization: 39.3%
