============================================================
  Solver:     3DMHKP-SA.py
  Instance:   /home/mcaspar/3DMHKP/Egeblad/ep3-20-L-C-50.txt
  Value mode: flat
  Timelimit:  300s
  Reports:    /home/mcaspar/3DMHKP/results_3DMHKP_ep3
  CPUs:       1
============================================================
======================================================================
3DMHKP Simulated Annealing (random single-neighbour, sequence decoder)
SA params: T0=5% of f(S_0), alpha=0.999, T_min=0.001, reheat_threshold=5753, reheat_fraction=0.25
Move weights: {'relocate': 0.0, 'swap': 1.0, '2opt': 0.0, 'promote': 1.5, 'demote': 1.5, 'orient': 1.0, 'container': 0.5}
Time limit: 300.0s per instance, seed 1653582390
======================================================================

======================================================================
ep3-20-L-C-50: 20 boxes (5 types), 1 containers (1 types)
  continuous-knapsack bound: 34613.5
  initial (value-density) decode: value 21018.0 (8/20 boxes)
  T0 = 1085.9 (calibrated, 42 worsening draws, target accept 35%)
  schedule: time-based, T0 -> 247.55 over 300s
    [iter 15] *** NEW BEST: value 23625.0, boxes 9/20, T=1085.6, elapsed=0.1s
    [iter 597] *** NEW BEST: value 23706.0, boxes 9/20, T=1085.4, elapsed=0.1s
    [iter 997] *** NEW BEST: value 23976.0, boxes 6/20, T=1085.3, elapsed=0.1s
    [iter 1348] *** NEW BEST: value 24078.0, boxes 8/20, T=1085.2, elapsed=0.1s
    [iter 1400] *** NEW BEST: value 24699.0, boxes 9/20, T=1085.1, elapsed=0.1s
    [iter 1536] *** NEW BEST: value 25320.0, boxes 10/20, T=1085.1, elapsed=0.2s
    [iter 3171] *** NEW BEST: value 25590.0, boxes 7/20, T=1084.6, elapsed=0.2s
    [iter 3786] *** NEW BEST: value 26145.0, boxes 8/20, T=1084.4, elapsed=0.3s
    [iter 6217] *** NEW BEST: value 26832.0, boxes 9/20, T=1083.6, elapsed=0.4s
    [iter 11970] reheat + diversify: ceiling=271.47, value=24078.0
    [iter 17723] reheat + diversify: ceiling=244.33, value=20484.0
    [iter 23476] reheat + diversify: ceiling=219.89, value=17694.0
    [iter 29229] reheat + diversify: ceiling=197.90, value=23004.0
    [iter 34982] reheat + diversify: ceiling=178.11, value=19761.0
    [iter 40735] reheat + diversify: ceiling=160.30, value=22632.0
    [iter 46488] reheat + diversify: ceiling=144.27, value=22566.0
    [iter 52241] reheat + diversify: ceiling=129.85, value=20133.0
    [iter 57994] reheat + diversify: ceiling=116.86, value=20346.0
    [iter 63747] reheat + diversify: ceiling=105.17, value=13866.0
    [iter 69500] reheat + diversify: ceiling=94.66, value=20316.0
    [iter 75253] reheat + diversify: ceiling=85.19, value=16554.0
    [iter 81006] reheat + diversify: ceiling=76.67, value=18030.0
    [iter 86759] reheat + diversify: ceiling=69.01, value=21792.0
    [iter 92512] reheat + diversify: ceiling=62.10, value=20418.0
    [iter 98265] reheat + diversify: ceiling=55.89, value=16554.0
    [iter 104018] reheat + diversify: ceiling=50.30, value=21018.0
    [iter 109771] reheat + diversify: ceiling=45.27, value=16518.0
    [iter 115524] reheat + diversify: ceiling=40.75, value=15480.0
    [iter 121277] reheat + diversify: ceiling=36.67, value=25320.0
    [iter 127030] reheat + diversify: ceiling=33.00, value=22566.0
    [iter 132783] reheat + diversify: ceiling=29.70, value=19878.0
    [iter 138536] reheat + diversify: ceiling=26.73, value=14940.0
    [iter 144289] reheat + diversify: ceiling=24.06, value=21762.0
    [iter 150042] reheat + diversify: ceiling=21.65, value=19344.0
    [iter 155795] reheat + diversify: ceiling=19.49, value=19278.0
    [iter 161548] reheat + diversify: ceiling=17.54, value=26832.0
    [iter 167301] reheat + diversify: ceiling=15.79, value=18870.0
    [iter 173054] reheat + diversify: ceiling=14.21, value=16854.0
    [iter 178807] reheat + diversify: ceiling=12.79, value=18066.0
    [iter 184560] reheat + diversify: ceiling=11.51, value=17730.0
    [iter 190313] reheat + diversify: ceiling=10.36, value=22011.0
    [iter 196066] reheat + diversify: ceiling=9.32, value=22632.0
    [iter 201819] reheat + diversify: ceiling=8.39, value=25152.0
    [iter 207572] reheat + diversify: ceiling=7.55, value=20382.0
    [iter 213325] reheat + diversify: ceiling=6.80, value=21909.0
    [iter 219078] reheat + diversify: ceiling=6.12, value=19206.0
    [iter 224831] reheat + diversify: ceiling=5.50, value=20937.0
    [iter 230584] reheat + diversify: ceiling=4.95, value=21756.0
    [iter 236337] reheat + diversify: ceiling=4.46, value=22902.0
    [iter 242090] reheat + diversify: ceiling=4.01, value=21243.0
    [iter 247843] reheat + diversify: ceiling=3.61, value=21828.0
    [iter 253596] reheat + diversify: ceiling=3.25, value=16554.0
    [iter 259349] reheat + diversify: ceiling=2.93, value=15480.0
    [iter 265102] reheat + diversify: ceiling=2.63, value=23976.0
    [iter 270855] reheat + diversify: ceiling=2.37, value=16554.0
    [iter 276608] reheat + diversify: ceiling=2.13, value=19242.0
    [iter 282361] reheat + diversify: ceiling=1.92, value=19944.0
    [iter 288114] reheat + diversify: ceiling=1.73, value=24078.0
    [iter 293867] reheat + diversify: ceiling=1.55, value=21864.0
    [iter 299620] reheat + diversify: ceiling=1.40, value=21762.0
    [iter 305373] reheat + diversify: ceiling=1.26, value=17475.0
    [iter 311126] reheat + diversify: ceiling=1.13, value=10038.0
    [iter 316879] reheat + diversify: ceiling=1.02, value=18972.0
    [iter 322632] reheat + diversify: ceiling=0.92, value=20316.0
    [iter 328385] reheat + diversify: ceiling=0.83, value=20097.0
    [iter 334138] reheat + diversify: ceiling=0.74, value=22836.0
    [iter 339891] reheat + diversify: ceiling=0.67, value=13902.0
    [iter 345644] reheat + diversify: ceiling=0.60, value=16554.0
    [iter 351397] reheat + diversify: ceiling=0.54, value=19878.0
    [iter 357150] reheat + diversify: ceiling=0.49, value=24078.0
    [iter 362903] reheat + diversify: ceiling=0.44, value=21909.0
    [iter 368656] reheat + diversify: ceiling=0.40, value=13866.0
    [iter 374409] reheat + diversify: ceiling=0.36, value=23523.0
    [iter 380162] reheat + diversify: ceiling=0.32, value=17730.0
    [iter 385915] reheat + diversify: ceiling=0.29, value=17730.0
    [iter 391668] reheat + diversify: ceiling=0.26, value=22011.0
    [iter 397421] reheat + diversify: ceiling=0.23, value=21792.0
    [iter 403174] reheat + diversify: ceiling=0.21, value=19140.0
    [iter 408927] reheat + diversify: ceiling=0.19, value=22632.0
    [iter 414680] reheat + diversify: ceiling=0.17, value=21792.0
    [iter 420433] reheat + diversify: ceiling=0.15, value=17409.0
    [iter 426186] reheat + diversify: ceiling=0.14, value=15516.0
    [iter 431939] reheat + diversify: ceiling=0.12, value=19140.0
    [iter 437692] reheat + diversify: ceiling=0.11, value=22011.0
    [iter 443445] reheat + diversify: ceiling=0.10, value=19308.0
    [iter 449198] reheat + diversify: ceiling=0.09, value=19170.0
    [iter 454951] reheat + diversify: ceiling=0.08, value=21558.0
    [iter 460704] reheat + diversify: ceiling=0.07, value=21558.0
    [iter 466457] reheat + diversify: ceiling=0.07, value=21558.0
    [iter 472210] reheat + diversify: ceiling=0.06, value=23625.0
    [iter 477963] reheat + diversify: ceiling=0.05, value=20250.0
    [iter 483716] reheat + diversify: ceiling=0.05, value=21756.0
    [iter 489469] reheat + diversify: ceiling=0.04, value=16554.0
    [iter 495222] reheat + diversify: ceiling=0.04, value=22551.0
    [iter 500975] reheat + diversify: ceiling=0.04, value=16554.0
    [iter 506728] reheat + diversify: ceiling=0.03, value=22632.0
    [iter 512481] reheat + diversify: ceiling=0.03, value=22632.0
    [iter 518234] reheat + diversify: ceiling=0.03, value=16518.0
    [iter 523987] reheat + diversify: ceiling=0.02, value=20250.0
    [iter 529740] reheat + diversify: ceiling=0.02, value=14940.0
    [iter 535493] reheat + diversify: ceiling=0.02, value=15378.0
    [iter 541246] reheat + diversify: ceiling=0.02, value=16554.0
    [iter 546999] reheat + diversify: ceiling=0.02, value=21243.0
    [iter 552752] reheat + diversify: ceiling=0.01, value=25320.0
    [iter 558505] reheat + diversify: ceiling=0.01, value=18585.0
    [iter 564258] reheat + diversify: ceiling=0.01, value=20418.0
    [iter 570011] reheat + diversify: ceiling=0.01, value=21864.0
    [iter 575764] reheat + diversify: ceiling=0.01, value=18870.0
    [iter 581517] reheat + diversify: ceiling=0.01, value=19878.0
    [iter 587270] reheat + diversify: ceiling=0.01, value=17730.0
    [iter 593023] reheat + diversify: ceiling=0.01, value=19206.0
    [iter 598776] reheat + diversify: ceiling=0.01, value=19242.0
    [iter 604529] reheat + diversify: ceiling=0.01, value=22011.0
    [iter 610282] reheat + diversify: ceiling=0.00, value=21756.0
    [iter 616035] reheat + diversify: ceiling=0.00, value=14940.0
    [iter 621788] reheat + diversify: ceiling=0.00, value=23625.0
    [iter 627541] reheat + diversify: ceiling=0.00, value=20418.0
    [iter 633294] reheat + diversify: ceiling=0.00, value=20988.0
    [iter 639047] reheat + diversify: ceiling=0.00, value=14340.0
    [iter 644800] reheat + diversify: ceiling=0.00, value=20418.0
    [iter 650553] reheat + diversify: ceiling=0.00, value=12690.0
    [iter 656306] reheat + diversify: ceiling=0.00, value=14940.0
    [iter 662059] reheat + diversify: ceiling=0.00, value=22566.0
    [iter 667812] reheat + diversify: ceiling=0.00, value=19206.0
    [iter 673565] reheat + diversify: ceiling=0.00, value=18804.0
    [iter 679318] reheat + diversify: ceiling=0.00, value=18204.0
    [iter 685071] reheat + diversify: ceiling=0.00, value=21756.0
    [iter 690824] reheat + diversify: ceiling=0.00, value=21018.0
    [iter 696577] reheat + diversify: ceiling=0.00, value=16554.0
    [iter 702330] reheat + diversify: ceiling=0.00, value=16554.0
    [iter 708083] reheat + diversify: ceiling=0.00, value=18972.0
    [iter 713836] reheat + diversify: ceiling=0.00, value=22551.0
    [iter 719589] reheat + diversify: ceiling=0.00, value=14940.0
    [iter 725342] reheat + diversify: ceiling=0.00, value=16116.0
    [iter 731095] reheat + diversify: ceiling=0.00, value=17730.0
    [iter 736848] reheat + diversify: ceiling=0.00, value=16554.0
    [iter 742601] reheat + diversify: ceiling=0.00, value=17994.0
    [iter 748354] reheat + diversify: ceiling=0.00, value=20418.0
    [iter 754107] reheat + diversify: ceiling=0.00, value=19593.0
    [iter 759860] reheat + diversify: ceiling=0.00, value=23625.0
    [iter 765613] reheat + diversify: ceiling=0.00, value=20418.0
    [iter 771366] reheat + diversify: ceiling=0.00, value=21966.0
    [iter 777119] reheat + diversify: ceiling=0.00, value=22011.0
    [iter 782872] reheat + diversify: ceiling=0.00, value=18066.0
    [iter 788625] reheat + diversify: ceiling=0.00, value=20250.0
    [iter 794378] reheat + diversify: ceiling=0.00, value=19944.0
    [iter 800131] reheat + diversify: ceiling=0.00, value=13866.0
    [iter 805884] reheat + diversify: ceiling=0.00, value=18102.0
    [iter 811637] reheat + diversify: ceiling=0.00, value=16554.0
    [iter 817390] reheat + diversify: ceiling=0.00, value=22530.0
    [iter 823143] reheat + diversify: ceiling=0.00, value=20418.0
    [iter 828896] reheat + diversify: ceiling=0.00, value=17730.0
    [iter 834649] reheat + diversify: ceiling=0.00, value=21909.0
    [iter 840402] reheat + diversify: ceiling=0.00, value=22530.0
    [iter 846155] reheat + diversify: ceiling=0.00, value=20937.0
    [iter 851908] reheat + diversify: ceiling=0.00, value=21492.0
    [iter 857661] reheat + diversify: ceiling=0.00, value=26211.0
    [iter 863414] reheat + diversify: ceiling=0.00, value=21390.0
    [iter 869167] reheat + diversify: ceiling=0.00, value=24078.0
    [iter 874920] reheat + diversify: ceiling=0.00, value=15378.0
    [iter 880673] reheat + diversify: ceiling=0.00, value=20352.0
    [iter 886426] reheat + diversify: ceiling=0.00, value=16554.0
    [iter 892179] reheat + diversify: ceiling=0.00, value=16554.0
    [iter 897932] reheat + diversify: ceiling=0.00, value=22632.0
    [iter 903685] reheat + diversify: ceiling=0.00, value=23976.0
    [iter 909438] reheat + diversify: ceiling=0.00, value=17628.0
    [iter 915191] reheat + diversify: ceiling=0.00, value=22566.0
    [iter 920944] reheat + diversify: ceiling=0.00, value=22632.0
    [iter 926697] reheat + diversify: ceiling=0.00, value=22011.0
    [iter 932450] reheat + diversify: ceiling=0.00, value=21792.0
    [iter 938203] reheat + diversify: ceiling=0.00, value=20169.0
    [iter 943956] reheat + diversify: ceiling=0.00, value=21558.0
    [iter 949709] reheat + diversify: ceiling=0.00, value=15378.0
    [iter 955462] reheat + diversify: ceiling=0.00, value=16554.0
    [iter 961215] reheat + diversify: ceiling=0.00, value=22566.0
    [iter 966968] reheat + diversify: ceiling=0.00, value=18066.0
    [iter 972721] reheat + diversify: ceiling=0.00, value=19242.0
    [iter 978474] reheat + diversify: ceiling=0.00, value=21558.0
    [iter 984227] reheat + diversify: ceiling=0.00, value=16554.0
    [iter 989980] reheat + diversify: ceiling=0.00, value=25320.0
    [iter 995733] reheat + diversify: ceiling=0.00, value=22632.0
    [iter 1001486] reheat + diversify: ceiling=0.00, value=23106.0
    [iter 1007239] reheat + diversify: ceiling=0.00, value=25320.0
    [iter 1012992] reheat + diversify: ceiling=0.00, value=22011.0
    [iter 1018745] reheat + diversify: ceiling=0.00, value=23457.0
    [iter 1024498] reheat + diversify: ceiling=0.00, value=24078.0
    [iter 1030251] reheat + diversify: ceiling=0.00, value=23625.0
    [iter 1036004] reheat + diversify: ceiling=0.00, value=23625.0
    [iter 1041757] reheat + diversify: ceiling=0.00, value=19944.0
    [iter 1047510] reheat + diversify: ceiling=0.00, value=18804.0
    [iter 1053263] reheat + diversify: ceiling=0.00, value=20169.0
    [iter 1059016] reheat + diversify: ceiling=0.00, value=22011.0
    [iter 1064769] reheat + diversify: ceiling=0.00, value=21762.0
    [iter 1070522] reheat + diversify: ceiling=0.00, value=16554.0
    [iter 1076275] reheat + diversify: ceiling=0.00, value=22632.0
    [iter 1082028] reheat + diversify: ceiling=0.00, value=17694.0
    [iter 1087781] reheat + diversify: ceiling=0.00, value=22011.0
    [iter 1093534] reheat + diversify: ceiling=0.00, value=25320.0
    [iter 1099287] reheat + diversify: ceiling=0.00, value=18066.0
    [iter 1105040] reheat + diversify: ceiling=0.00, value=24078.0
    [iter 1110793] reheat + diversify: ceiling=0.00, value=19578.0
    [iter 1116546] reheat + diversify: ceiling=0.00, value=16518.0
    [iter 1122299] reheat + diversify: ceiling=0.00, value=21828.0
    [iter 1128052] reheat + diversify: ceiling=0.00, value=20835.0
    [iter 1133805] reheat + diversify: ceiling=0.00, value=15480.0
    [iter 1139558] reheat + diversify: ceiling=0.00, value=19344.0
    [iter 1145311] reheat + diversify: ceiling=0.00, value=22566.0
    [iter 1151064] reheat + diversify: ceiling=0.00, value=19593.0
    [iter 1156817] reheat + diversify: ceiling=0.00, value=25320.0
    [iter 1162570] reheat + diversify: ceiling=0.00, value=16554.0
    [iter 1168323] reheat + diversify: ceiling=0.00, value=20718.0
    [iter 1174076] reheat + diversify: ceiling=0.00, value=10038.0
    [iter 1179829] reheat + diversify: ceiling=0.00, value=21390.0
    [iter 1185582] reheat + diversify: ceiling=0.00, value=23625.0
    [iter 1191335] reheat + diversify: ceiling=0.00, value=23625.0
    [iter 1197088] reheat + diversify: ceiling=0.00, value=22632.0
    [iter 1202841] reheat + diversify: ceiling=0.00, value=23004.0
    [iter 1208594] reheat + diversify: ceiling=0.00, value=16554.0
    [iter 1214347] reheat + diversify: ceiling=0.00, value=20937.0
    [iter 1220100] reheat + diversify: ceiling=0.00, value=16554.0
    [iter 1225853] reheat + diversify: ceiling=0.00, value=19878.0
    [iter 1231606] reheat + diversify: ceiling=0.00, value=19944.0
    [iter 1237359] reheat + diversify: ceiling=0.00, value=25152.0
    [iter 1243112] reheat + diversify: ceiling=0.00, value=16554.0
    [iter 1248865] reheat + diversify: ceiling=0.00, value=21243.0
    [iter 1254618] reheat + diversify: ceiling=0.00, value=17694.0
    [iter 1260371] reheat + diversify: ceiling=0.00, value=20988.0
    [iter 1266124] reheat + diversify: ceiling=0.00, value=24246.0
    [iter 1271877] reheat + diversify: ceiling=0.00, value=17994.0
    [iter 1277630] reheat + diversify: ceiling=0.00, value=19242.0
    [iter 1283383] reheat + diversify: ceiling=0.00, value=20169.0
    [iter 1289136] reheat + diversify: ceiling=0.00, value=25320.0
    [iter 1294889] reheat + diversify: ceiling=0.00, value=22011.0
    [iter 1300642] reheat + diversify: ceiling=0.00, value=22938.0
    [iter 1306395] reheat + diversify: ceiling=0.00, value=12726.0
    [iter 1312148] reheat + diversify: ceiling=0.00, value=19944.0
    [iter 1317901] reheat + diversify: ceiling=0.00, value=15480.0
    [iter 1323654] reheat + diversify: ceiling=0.00, value=18870.0
    [iter 1329407] reheat + diversify: ceiling=0.00, value=16554.0
    [iter 1335160] reheat + diversify: ceiling=0.00, value=16890.0
    [iter 1340913] reheat + diversify: ceiling=0.00, value=24633.0
    [iter 1346666] reheat + diversify: ceiling=0.00, value=13866.0
    [iter 1352419] reheat + diversify: ceiling=0.00, value=19242.0
    [iter 1358172] reheat + diversify: ceiling=0.00, value=22632.0
    [iter 1363925] reheat + diversify: ceiling=0.00, value=18972.0
    [iter 1369678] reheat + diversify: ceiling=0.00, value=17409.0
    [iter 1375431] reheat + diversify: ceiling=0.00, value=21966.0
    [iter 1381184] reheat + diversify: ceiling=0.00, value=19725.0
    [iter 1386937] reheat + diversify: ceiling=0.00, value=19278.0
    [iter 1392690] reheat + diversify: ceiling=0.00, value=21024.0
    [iter 1398443] reheat + diversify: ceiling=0.00, value=24078.0
    [iter 1404196] reheat + diversify: ceiling=0.00, value=12726.0
    [iter 1409949] reheat + diversify: ceiling=0.00, value=20346.0
    [iter 1415702] reheat + diversify: ceiling=0.00, value=14940.0
    [iter 1421455] reheat + diversify: ceiling=0.00, value=24144.0
    [iter 1427208] reheat + diversify: ceiling=0.00, value=21909.0
    [iter 1432961] reheat + diversify: ceiling=0.00, value=24078.0
    [iter 1438714] reheat + diversify: ceiling=0.00, value=26832.0
    [iter 1444467] reheat + diversify: ceiling=0.00, value=21018.0
    [iter 1450220] reheat + diversify: ceiling=0.00, value=20682.0
    [iter 1455973] reheat + diversify: ceiling=0.00, value=21828.0
    [iter 1461726] reheat + diversify: ceiling=0.00, value=20682.0
    [iter 1467479] reheat + diversify: ceiling=0.00, value=16554.0
    [iter 1473232] reheat + diversify: ceiling=0.00, value=16554.0
    [iter 1478985] reheat + diversify: ceiling=0.00, value=18972.0
    [iter 1484738] reheat + diversify: ceiling=0.00, value=23004.0
    [iter 1490491] reheat + diversify: ceiling=0.00, value=16518.0
    [iter 1496244] reheat + diversify: ceiling=0.00, value=18972.0
    [iter 1501997] reheat + diversify: ceiling=0.00, value=20346.0
    [iter 1507750] reheat + diversify: ceiling=0.00, value=16554.0
    [iter 1513503] reheat + diversify: ceiling=0.00, value=21492.0
    [iter 1519256] reheat + diversify: ceiling=0.00, value=13866.0
    [iter 1525009] reheat + diversify: ceiling=0.00, value=19761.0
    [iter 1530762] reheat + diversify: ceiling=0.00, value=23625.0
    [iter 1536515] reheat + diversify: ceiling=0.00, value=20418.0
    [iter 1542268] reheat + diversify: ceiling=0.00, value=20418.0
    [iter 1548021] reheat + diversify: ceiling=0.00, value=23625.0
    [iter 1553774] reheat + diversify: ceiling=0.00, value=18132.0
    [iter 1559527] reheat + diversify: ceiling=0.00, value=19761.0
    [iter 1565280] reheat + diversify: ceiling=0.00, value=22011.0
    [iter 1571033] reheat + diversify: ceiling=0.00, value=19725.0
    [iter 1576786] reheat + diversify: ceiling=0.00, value=16554.0
    [iter 1582539] reheat + diversify: ceiling=0.00, value=16518.0
    [iter 1588292] reheat + diversify: ceiling=0.00, value=21018.0
    [iter 1594045] reheat + diversify: ceiling=0.00, value=25320.0
    [iter 1599798] reheat + diversify: ceiling=0.00, value=16518.0
    [iter 1605551] reheat + diversify: ceiling=0.00, value=19944.0
    [iter 1611304] reheat + diversify: ceiling=0.00, value=21909.0
    [iter 1617057] reheat + diversify: ceiling=0.00, value=19170.0
    [iter 1622810] reheat + diversify: ceiling=0.00, value=19944.0
    [iter 1628563] reheat + diversify: ceiling=0.00, value=20682.0
    [iter 1634316] reheat + diversify: ceiling=0.00, value=24552.0
    [iter 1640069] reheat + diversify: ceiling=0.00, value=25320.0
    [iter 1645822] reheat + diversify: ceiling=0.00, value=21966.0
    [iter 1651575] reheat + diversify: ceiling=0.00, value=24699.0
    [iter 1657328] reheat + diversify: ceiling=0.00, value=16554.0
    [iter 1663081] reheat + diversify: ceiling=0.00, value=23625.0
    [iter 1668834] reheat + diversify: ceiling=0.00, value=22632.0
    [iter 1674587] reheat + diversify: ceiling=0.00, value=22632.0
    [iter 1680340] reheat + diversify: ceiling=0.00, value=22632.0
    [iter 1686093] reheat + diversify: ceiling=0.00, value=20418.0
    [iter 1691846] reheat + diversify: ceiling=0.00, value=23625.0
    [iter 1697599] reheat + diversify: ceiling=0.00, value=18066.0
    [iter 1703352] reheat + diversify: ceiling=0.00, value=22011.0
    [iter 1709105] reheat + diversify: ceiling=0.00, value=21390.0
    [iter 1714858] reheat + diversify: ceiling=0.00, value=13902.0
    [iter 1720611] reheat + diversify: ceiling=0.00, value=19593.0
    [iter 1726364] reheat + diversify: ceiling=0.00, value=21909.0
    [iter 1732117] reheat + diversify: ceiling=0.00, value=19140.0
    [iter 1737870] reheat + diversify: ceiling=0.00, value=22632.0
    [iter 1743623] reheat + diversify: ceiling=0.00, value=16554.0
    [iter 1749376] reheat + diversify: ceiling=0.00, value=18066.0
    [iter 1755129] reheat + diversify: ceiling=0.00, value=13866.0
    [iter 1760882] reheat + diversify: ceiling=0.00, value=13866.0
    [iter 1766635] reheat + diversify: ceiling=0.00, value=21492.0
    [iter 1772388] reheat + diversify: ceiling=0.00, value=16518.0
    [iter 1778141] reheat + diversify: ceiling=0.00, value=20382.0
    [iter 1783894] reheat + diversify: ceiling=0.00, value=19944.0
    [iter 1789647] reheat + diversify: ceiling=0.00, value=21558.0
    [iter 1795400] reheat + diversify: ceiling=0.00, value=19725.0
    [iter 1801153] reheat + diversify: ceiling=0.00, value=24078.0
    [iter 1806906] reheat + diversify: ceiling=0.00, value=18066.0
    [iter 1812659] reheat + diversify: ceiling=0.00, value=19242.0
    [iter 1818412] reheat + diversify: ceiling=0.00, value=16554.0
    [iter 1824165] reheat + diversify: ceiling=0.00, value=18030.0
    [iter 1829918] reheat + diversify: ceiling=0.00, value=20988.0
    [iter 1835671] reheat + diversify: ceiling=0.00, value=21492.0
    [iter 1841424] reheat + diversify: ceiling=0.00, value=21558.0
    [iter 1847177] reheat + diversify: ceiling=0.00, value=15342.0
    [iter 1852930] reheat + diversify: ceiling=0.00, value=19344.0
    [iter 1858683] reheat + diversify: ceiling=0.00, value=23004.0
    [iter 1864436] reheat + diversify: ceiling=0.00, value=20346.0
    [iter 1870189] reheat + diversify: ceiling=0.00, value=22449.0
    [iter 1875942] reheat + diversify: ceiling=0.00, value=22011.0
    [iter 1881695] reheat + diversify: ceiling=0.00, value=25320.0
    [iter 1887448] reheat + diversify: ceiling=0.00, value=19944.0
    [iter 1893201] reheat + diversify: ceiling=0.00, value=21909.0
    [iter 1898954] reheat + diversify: ceiling=0.00, value=23976.0
    [iter 1904707] reheat + diversify: ceiling=0.00, value=23004.0
    [iter 1910460] reheat + diversify: ceiling=0.00, value=22011.0
    [iter 1916213] reheat + diversify: ceiling=0.00, value=21558.0
    [iter 1921966] reheat + diversify: ceiling=0.00, value=24078.0
    [iter 1927719] reheat + diversify: ceiling=0.00, value=16518.0
    [iter 1933472] reheat + diversify: ceiling=0.00, value=18804.0
    [iter 1939225] reheat + diversify: ceiling=0.00, value=19761.0
    [iter 1944978] reheat + diversify: ceiling=0.00, value=16554.0
    [iter 1950731] reheat + diversify: ceiling=0.00, value=20418.0
    [iter 1956484] reheat + diversify: ceiling=0.00, value=21762.0
    [iter 1962237] reheat + diversify: ceiling=0.00, value=17694.0
    [iter 1967990] reheat + diversify: ceiling=0.00, value=22011.0
    [iter 1973743] reheat + diversify: ceiling=0.00, value=24078.0
    [iter 1979496] reheat + diversify: ceiling=0.00, value=21558.0
    [iter 1985249] reheat + diversify: ceiling=0.00, value=15342.0
    [iter 1991002] reheat + diversify: ceiling=0.00, value=19170.0
    [iter 1996755] reheat + diversify: ceiling=0.00, value=22011.0
    [iter 2002508] reheat + diversify: ceiling=0.00, value=16116.0
    [iter 2008261] reheat + diversify: ceiling=0.00, value=24078.0
    [iter 2014014] reheat + diversify: ceiling=0.00, value=22530.0
    [iter 2019767] reheat + diversify: ceiling=0.00, value=19944.0
    [iter 2025520] reheat + diversify: ceiling=0.00, value=16554.0
    [iter 2031273] reheat + diversify: ceiling=0.00, value=16656.0
    [iter 2037026] reheat + diversify: ceiling=0.00, value=24078.0
    [iter 2042779] reheat + diversify: ceiling=0.00, value=18132.0
    [iter 2048532] reheat + diversify: ceiling=0.00, value=20418.0
    [iter 2054285] reheat + diversify: ceiling=0.00, value=20871.0
    [iter 2060038] reheat + diversify: ceiling=0.00, value=19242.0
    [iter 2065791] reheat + diversify: ceiling=0.00, value=21171.0
    [iter 2071544] reheat + diversify: ceiling=0.00, value=24699.0
    [iter 2077297] reheat + diversify: ceiling=0.00, value=20988.0
    [iter 2083050] reheat + diversify: ceiling=0.00, value=16518.0
    [iter 2088803] reheat + diversify: ceiling=0.00, value=22632.0
    [iter 2094556] reheat + diversify: ceiling=0.00, value=22032.0
    [iter 2100309] reheat + diversify: ceiling=0.00, value=14940.0
    [iter 2106062] reheat + diversify: ceiling=0.00, value=25320.0
    [iter 2111815] reheat + diversify: ceiling=0.00, value=16518.0
    [iter 2117568] reheat + diversify: ceiling=0.00, value=22011.0
    [iter 2123321] reheat + diversify: ceiling=0.00, value=25152.0
    [iter 2129074] reheat + diversify: ceiling=0.00, value=24246.0
    [iter 2134827] reheat + diversify: ceiling=0.00, value=22011.0
    [iter 2140580] reheat + diversify: ceiling=0.00, value=21909.0
    [iter 2146333] reheat + diversify: ceiling=0.00, value=19242.0
    [iter 2152086] reheat + diversify: ceiling=0.00, value=16518.0
    [iter 2157839] reheat + diversify: ceiling=0.00, value=20346.0
    [iter 2163592] reheat + diversify: ceiling=0.00, value=19863.0
    [iter 2169345] reheat + diversify: ceiling=0.00, value=16554.0
    [iter 2175098] reheat + diversify: ceiling=0.00, value=24078.0
    [iter 2180851] reheat + diversify: ceiling=0.00, value=20316.0
    [iter 2186604] reheat + diversify: ceiling=0.00, value=23706.0
    [iter 2192357] reheat + diversify: ceiling=0.00, value=21018.0
    [iter 2198110] reheat + diversify: ceiling=0.00, value=19944.0
    [iter 2203863] reheat + diversify: ceiling=0.00, value=25320.0
    [iter 2209616] reheat + diversify: ceiling=0.00, value=23625.0
    [iter 2215369] reheat + diversify: ceiling=0.00, value=19878.0
    [iter 2221122] reheat + diversify: ceiling=0.00, value=22632.0
    [iter 2226875] reheat + diversify: ceiling=0.00, value=17409.0
    [iter 2232628] reheat + diversify: ceiling=0.00, value=22632.0
    [iter 2238381] reheat + diversify: ceiling=0.00, value=15480.0
    [iter 2244134] reheat + diversify: ceiling=0.00, value=23004.0
    [iter 2249887] reheat + diversify: ceiling=0.00, value=16554.0
    [iter 2255640] reheat + diversify: ceiling=0.00, value=16554.0
    [iter 2261393] reheat + diversify: ceiling=0.00, value=22011.0
    [iter 2267146] reheat + diversify: ceiling=0.00, value=15378.0
    [iter 2272899] reheat + diversify: ceiling=0.00, value=21909.0
    [iter 2278652] reheat + diversify: ceiling=0.00, value=19944.0
    [iter 2284405] reheat + diversify: ceiling=0.00, value=26832.0
    [iter 2290158] reheat + diversify: ceiling=0.00, value=23172.0
    [iter 2295911] reheat + diversify: ceiling=0.00, value=16554.0
    [iter 2301664] reheat + diversify: ceiling=0.00, value=23625.0
    [iter 2307417] reheat + diversify: ceiling=0.00, value=16554.0
    [iter 2313170] reheat + diversify: ceiling=0.00, value=22566.0
    [iter 2318923] reheat + diversify: ceiling=0.00, value=20418.0
    [iter 2324676] reheat + diversify: ceiling=0.00, value=16518.0
    [iter 2330429] reheat + diversify: ceiling=0.00, value=19944.0
    [iter 2336182] reheat + diversify: ceiling=0.00, value=17994.0
    [iter 2341935] reheat + diversify: ceiling=0.00, value=19242.0
    [iter 2347688] reheat + diversify: ceiling=0.00, value=17073.0
    [iter 2353441] reheat + diversify: ceiling=0.00, value=19944.0
    [iter 2359194] reheat + diversify: ceiling=0.00, value=24078.0
    [iter 2364947] reheat + diversify: ceiling=0.00, value=21558.0
    [iter 2370700] reheat + diversify: ceiling=0.00, value=20346.0
    [iter 2376453] reheat + diversify: ceiling=0.00, value=19242.0
    [iter 2382206] reheat + diversify: ceiling=0.00, value=16554.0
    [iter 2387959] reheat + diversify: ceiling=0.00, value=23004.0
    [iter 2393712] reheat + diversify: ceiling=0.00, value=19761.0
    [iter 2399465] reheat + diversify: ceiling=0.00, value=20937.0
    [iter 2405218] reheat + diversify: ceiling=0.00, value=22011.0
    [iter 2410971] reheat + diversify: ceiling=0.00, value=15378.0
    [iter 2416724] reheat + diversify: ceiling=0.00, value=18621.0
    [iter 2422477] reheat + diversify: ceiling=0.00, value=23625.0
    [iter 2428230] reheat + diversify: ceiling=0.00, value=22836.0
    [iter 2433983] reheat + diversify: ceiling=0.00, value=19878.0
    [iter 2439736] reheat + diversify: ceiling=0.00, value=18804.0
    [iter 2445489] reheat + diversify: ceiling=0.00, value=19242.0
    [iter 2451242] reheat + diversify: ceiling=0.00, value=25320.0
    [iter 2456995] reheat + diversify: ceiling=0.00, value=25152.0
    [iter 2462748] reheat + diversify: ceiling=0.00, value=17409.0
    [iter 2468501] reheat + diversify: ceiling=0.00, value=18804.0
    [iter 2474254] reheat + diversify: ceiling=0.00, value=15342.0
    [iter 2480007] reheat + diversify: ceiling=0.00, value=18804.0
    [iter 2485760] reheat + diversify: ceiling=0.00, value=18621.0
    [iter 2491513] reheat + diversify: ceiling=0.00, value=19944.0
    [iter 2497266] reheat + diversify: ceiling=0.00, value=16554.0
    [iter 2503019] reheat + diversify: ceiling=0.00, value=21492.0
    [iter 2508772] reheat + diversify: ceiling=0.00, value=19944.0
    [iter 2514525] reheat + diversify: ceiling=0.00, value=22011.0
    [iter 2520278] reheat + diversify: ceiling=0.00, value=16554.0
    [iter 2526031] reheat + diversify: ceiling=0.00, value=25320.0
    [iter 2531784] reheat + diversify: ceiling=0.00, value=20484.0
    [iter 2537537] reheat + diversify: ceiling=0.00, value=25320.0
    [iter 2543290] reheat + diversify: ceiling=0.00, value=16554.0
    [iter 2549043] reheat + diversify: ceiling=0.00, value=19761.0
    [iter 2554796] reheat + diversify: ceiling=0.00, value=25152.0
    [iter 2560549] reheat + diversify: ceiling=0.00, value=17994.0
    [iter 2566302] reheat + diversify: ceiling=0.00, value=16554.0
    [iter 2572055] reheat + diversify: ceiling=0.00, value=21909.0
    [iter 2577808] reheat + diversify: ceiling=0.00, value=17994.0
    [iter 2583561] reheat + diversify: ceiling=0.00, value=23625.0
    [iter 2589314] reheat + diversify: ceiling=0.00, value=25590.0
    [iter 2595067] reheat + diversify: ceiling=0.00, value=23625.0
    [iter 2600820] reheat + diversify: ceiling=0.00, value=18066.0
    [iter 2606573] reheat + diversify: ceiling=0.00, value=19944.0
    [iter 2612326] reheat + diversify: ceiling=0.00, value=17409.0
    [iter 2618079] reheat + diversify: ceiling=0.00, value=17409.0
    [iter 2623832] reheat + diversify: ceiling=0.00, value=24078.0
    [iter 2629585] reheat + diversify: ceiling=0.00, value=22011.0
    [iter 2635338] reheat + diversify: ceiling=0.00, value=23625.0
    [iter 2641091] reheat + diversify: ceiling=0.00, value=16518.0
    [iter 2646844] reheat + diversify: ceiling=0.00, value=23004.0
    [iter 2652597] reheat + diversify: ceiling=0.00, value=15342.0
    [iter 2658350] reheat + diversify: ceiling=0.00, value=25320.0
    [iter 2664103] reheat + diversify: ceiling=0.00, value=13902.0
    [iter 2669856] reheat + diversify: ceiling=0.00, value=22011.0
    [iter 2675609] reheat + diversify: ceiling=0.00, value=25152.0
    [iter 2681362] reheat + diversify: ceiling=0.00, value=25320.0
    [iter 2687115] reheat + diversify: ceiling=0.00, value=22011.0
    [iter 2692868] reheat + diversify: ceiling=0.00, value=21492.0
    [iter 2698621] reheat + diversify: ceiling=0.00, value=16554.0
    [iter 2704374] reheat + diversify: ceiling=0.00, value=21018.0
    [iter 2710127] reheat + diversify: ceiling=0.00, value=20418.0
    [iter 2715880] reheat + diversify: ceiling=0.00, value=21018.0
    [iter 2721633] reheat + diversify: ceiling=0.00, value=24078.0
    [iter 2727386] reheat + diversify: ceiling=0.00, value=14304.0
    [iter 2733139] reheat + diversify: ceiling=0.00, value=25320.0
    [iter 2738892] reheat + diversify: ceiling=0.00, value=22011.0
    [iter 2744645] reheat + diversify: ceiling=0.00, value=24078.0
    [iter 2750398] reheat + diversify: ceiling=0.00, value=16554.0
    [iter 2756151] reheat + diversify: ceiling=0.00, value=21762.0
    [iter 2761904] reheat + diversify: ceiling=0.00, value=25320.0
    [iter 2767657] reheat + diversify: ceiling=0.00, value=24246.0
    [iter 2773410] reheat + diversify: ceiling=0.00, value=24078.0
    [iter 2779163] reheat + diversify: ceiling=0.00, value=18804.0
    [iter 2784916] reheat + diversify: ceiling=0.00, value=16554.0
    [iter 2790669] reheat + diversify: ceiling=0.00, value=15378.0
    [iter 2796422] reheat + diversify: ceiling=0.00, value=13866.0
    [iter 2802175] reheat + diversify: ceiling=0.00, value=26832.0
    [iter 2807928] reheat + diversify: ceiling=0.00, value=21492.0
    [iter 2813681] reheat + diversify: ceiling=0.00, value=16656.0
    [iter 2819434] reheat + diversify: ceiling=0.00, value=16554.0
    [iter 2825187] reheat + diversify: ceiling=0.00, value=24078.0
    [iter 2830940] reheat + diversify: ceiling=0.00, value=25152.0
    [iter 2836693] reheat + diversify: ceiling=0.00, value=16554.0
    [iter 2842446] reheat + diversify: ceiling=0.00, value=21018.0
    [iter 2848199] reheat + diversify: ceiling=0.00, value=25320.0
    [iter 2853952] reheat + diversify: ceiling=0.00, value=16554.0
    [iter 2859705] reheat + diversify: ceiling=0.00, value=16554.0
    [iter 2865458] reheat + diversify: ceiling=0.00, value=17409.0
    [iter 2871211] reheat + diversify: ceiling=0.00, value=16554.0
    [iter 2876964] reheat + diversify: ceiling=0.00, value=21909.0
    [iter 2882717] reheat + diversify: ceiling=0.00, value=26832.0
    [iter 2888470] reheat + diversify: ceiling=0.00, value=20718.0
    [iter 2894223] reheat + diversify: ceiling=0.00, value=17730.0
    [iter 2899976] reheat + diversify: ceiling=0.00, value=16590.0
    [iter 2905729] reheat + diversify: ceiling=0.00, value=14940.0
    [iter 2911482] reheat + diversify: ceiling=0.00, value=19944.0
    [iter 2917235] reheat + diversify: ceiling=0.00, value=16554.0
    [iter 2922988] reheat + diversify: ceiling=0.00, value=19944.0
    [iter 2928741] reheat + diversify: ceiling=0.00, value=15480.0
    [iter 2934494] reheat + diversify: ceiling=0.00, value=18804.0
    [iter 2940247] reheat + diversify: ceiling=0.00, value=22011.0
    [iter 2946000] reheat + diversify: ceiling=0.00, value=18066.0
    [iter 2951753] reheat + diversify: ceiling=0.00, value=26832.0
    [iter 2957506] reheat + diversify: ceiling=0.00, value=21207.0
    [iter 2963259] reheat + diversify: ceiling=0.00, value=16554.0
    [iter 2969012] reheat + diversify: ceiling=0.00, value=19761.0
    [iter 2974765] reheat + diversify: ceiling=0.00, value=23625.0
    [iter 2980518] reheat + diversify: ceiling=0.00, value=19944.0
    [iter 2986271] reheat + diversify: ceiling=0.00, value=24078.0
    [iter 2992024] reheat + diversify: ceiling=0.00, value=18030.0
    [iter 2997777] reheat + diversify: ceiling=0.00, value=19170.0
    [iter 3003530] reheat + diversify: ceiling=0.00, value=23625.0
    [iter 3009283] reheat + diversify: ceiling=0.00, value=25320.0
    [iter 3015036] reheat + diversify: ceiling=0.00, value=22530.0
    [iter 3020789] reheat + diversify: ceiling=0.00, value=16554.0
    [iter 3026542] reheat + diversify: ceiling=0.00, value=16554.0
    [iter 3032295] reheat + diversify: ceiling=0.00, value=19878.0
    [iter 3038048] reheat + diversify: ceiling=0.00, value=20718.0
    [iter 3043801] reheat + diversify: ceiling=0.00, value=21966.0
    [iter 3049554] reheat + diversify: ceiling=0.00, value=18621.0
    [iter 3055307] reheat + diversify: ceiling=0.00, value=21909.0
    [iter 3061060] reheat + diversify: ceiling=0.00, value=20133.0
    [iter 3066813] reheat + diversify: ceiling=0.00, value=21492.0
    [iter 3072566] reheat + diversify: ceiling=0.00, value=16554.0
    [iter 3078319] reheat + diversify: ceiling=0.00, value=22632.0
    [iter 3084072] reheat + diversify: ceiling=0.00, value=16518.0
    [iter 3089825] reheat + diversify: ceiling=0.00, value=19878.0
    [iter 3095578] reheat + diversify: ceiling=0.00, value=22011.0
    [iter 3101331] reheat + diversify: ceiling=0.00, value=24078.0
    [iter 3107084] reheat + diversify: ceiling=0.00, value=15480.0
    [iter 3112837] reheat + diversify: ceiling=0.00, value=22902.0
    [iter 3118590] reheat + diversify: ceiling=0.00, value=16518.0
    [iter 3124343] reheat + diversify: ceiling=0.00, value=16518.0
    [iter 3130096] reheat + diversify: ceiling=0.00, value=22011.0
    [iter 3135849] reheat + diversify: ceiling=0.00, value=20169.0
    [iter 3141602] reheat + diversify: ceiling=0.00, value=25320.0
    [iter 3147355] reheat + diversify: ceiling=0.00, value=10476.0
    [iter 3153108] reheat + diversify: ceiling=0.00, value=16554.0
    [iter 3158861] reheat + diversify: ceiling=0.00, value=22011.0
    [iter 3164614] reheat + diversify: ceiling=0.00, value=24078.0
    [iter 3170367] reheat + diversify: ceiling=0.00, value=15378.0
    [iter 3176120] reheat + diversify: ceiling=0.00, value=15378.0
    [iter 3181873] reheat + diversify: ceiling=0.00, value=14940.0
    [iter 3187626] reheat + diversify: ceiling=0.00, value=26832.0
    [iter 3193379] reheat + diversify: ceiling=0.00, value=16554.0
    [iter 3199132] reheat + diversify: ceiling=0.00, value=17994.0
    [iter 3204885] reheat + diversify: ceiling=0.00, value=16554.0
    [iter 3210638] reheat + diversify: ceiling=0.00, value=25152.0
    [iter 3216391] reheat + diversify: ceiling=0.00, value=24078.0
    [iter 3222144] reheat + diversify: ceiling=0.00, value=21558.0
    [iter 3227897] reheat + diversify: ceiling=0.00, value=25320.0
    [iter 3233650] reheat + diversify: ceiling=0.00, value=16554.0
    [iter 3239403] reheat + diversify: ceiling=0.00, value=22011.0
    [iter 3245156] reheat + diversify: ceiling=0.00, value=21930.0
    [iter 3250909] reheat + diversify: ceiling=0.00, value=19242.0
    [iter 3256662] reheat + diversify: ceiling=0.00, value=22011.0
    [iter 3262415] reheat + diversify: ceiling=0.00, value=19944.0
    [iter 3268168] reheat + diversify: ceiling=0.00, value=16554.0
    [iter 3273921] reheat + diversify: ceiling=0.00, value=19761.0
    [iter 3279674] reheat + diversify: ceiling=0.00, value=22566.0
    [iter 3285427] reheat + diversify: ceiling=0.00, value=16554.0
    [iter 3291180] reheat + diversify: ceiling=0.00, value=24552.0
    [iter 3296933] reheat + diversify: ceiling=0.00, value=20316.0
    [iter 3302686] reheat + diversify: ceiling=0.00, value=24078.0
    [iter 3308439] reheat + diversify: ceiling=0.00, value=19278.0
    [iter 3314192] reheat + diversify: ceiling=0.00, value=24078.0
    [iter 3319945] reheat + diversify: ceiling=0.00, value=21018.0
    [iter 3325698] reheat + diversify: ceiling=0.00, value=16554.0
    [iter 3331451] reheat + diversify: ceiling=0.00, value=24078.0
    [iter 3337204] reheat + diversify: ceiling=0.00, value=16554.0
    [iter 3342957] reheat + diversify: ceiling=0.00, value=24078.0
    [iter 3348710] reheat + diversify: ceiling=0.00, value=26832.0
    [iter 3354463] reheat + diversify: ceiling=0.00, value=21756.0
    [iter 3360216] reheat + diversify: ceiling=0.00, value=15342.0
    [iter 3365969] reheat + diversify: ceiling=0.00, value=24699.0
    [iter 3371722] reheat + diversify: ceiling=0.00, value=21018.0
    [iter 3377475] reheat + diversify: ceiling=0.00, value=26832.0
    [iter 3383228] reheat + diversify: ceiling=0.00, value=23625.0
    [iter 3388981] reheat + diversify: ceiling=0.00, value=24144.0
    [iter 3394734] reheat + diversify: ceiling=0.00, value=26832.0
    [iter 3400487] reheat + diversify: ceiling=0.00, value=21018.0
    [iter 3406240] reheat + diversify: ceiling=0.00, value=22011.0
    [iter 3411993] reheat + diversify: ceiling=0.00, value=14940.0
    [iter 3417746] reheat + diversify: ceiling=0.00, value=18804.0
    [iter 3423499] reheat + diversify: ceiling=0.00, value=22011.0
    [iter 3429252] reheat + diversify: ceiling=0.00, value=16590.0
    [iter 3435005] reheat + diversify: ceiling=0.00, value=25320.0
    [iter 3440758] reheat + diversify: ceiling=0.00, value=23004.0
    [iter 3446511] reheat + diversify: ceiling=0.00, value=21171.0
    [iter 3452264] reheat + diversify: ceiling=0.00, value=16554.0
    [iter 3458017] reheat + diversify: ceiling=0.00, value=16656.0
    [iter 3463770] reheat + diversify: ceiling=0.00, value=18249.0
    [iter 3469523] reheat + diversify: ceiling=0.00, value=21966.0
    [iter 3475276] reheat + diversify: ceiling=0.00, value=19170.0
    [iter 3481029] reheat + diversify: ceiling=0.00, value=25320.0
    [iter 3486782] reheat + diversify: ceiling=0.00, value=15480.0
    [iter 3492535] reheat + diversify: ceiling=0.00, value=25320.0
    [iter 3498288] reheat + diversify: ceiling=0.00, value=25320.0
    [iter 3504041] reheat + diversify: ceiling=0.00, value=23706.0
    [iter 3509794] reheat + diversify: ceiling=0.00, value=24246.0
    [iter 3515547] reheat + diversify: ceiling=0.00, value=22011.0
    [iter 3521300] reheat + diversify: ceiling=0.00, value=26832.0
    [iter 3527053] reheat + diversify: ceiling=0.00, value=15342.0
    [iter 3532806] reheat + diversify: ceiling=0.00, value=23004.0
    [iter 3538559] reheat + diversify: ceiling=0.00, value=19170.0
    [iter 3544312] reheat + diversify: ceiling=0.00, value=20382.0
    [iter 3550065] reheat + diversify: ceiling=0.00, value=20346.0
    [iter 3555818] reheat + diversify: ceiling=0.00, value=22011.0
    [iter 3561571] reheat + diversify: ceiling=0.00, value=25320.0
    [iter 3567324] reheat + diversify: ceiling=0.00, value=22011.0
    [iter 3573077] reheat + diversify: ceiling=0.00, value=26832.0
    [iter 3578830] reheat + diversify: ceiling=0.00, value=16518.0
    [iter 3584583] reheat + diversify: ceiling=0.00, value=15378.0
    [iter 3590336] reheat + diversify: ceiling=0.00, value=19944.0
    [iter 3596089] reheat + diversify: ceiling=0.00, value=25320.0
    [iter 3601842] reheat + diversify: ceiling=0.00, value=21018.0
    [iter 3607595] reheat + diversify: ceiling=0.00, value=19761.0
    [iter 3613348] reheat + diversify: ceiling=0.00, value=21558.0
    [iter 3619101] reheat + diversify: ceiling=0.00, value=19944.0
    [iter 3624854] reheat + diversify: ceiling=0.00, value=24078.0
    [iter 3630607] reheat + diversify: ceiling=0.00, value=15342.0
    [iter 3636360] reheat + diversify: ceiling=0.00, value=26832.0
    [iter 3642113] reheat + diversify: ceiling=0.00, value=24078.0
    [iter 3647866] reheat + diversify: ceiling=0.00, value=24078.0
    [iter 3653619] reheat + diversify: ceiling=0.00, value=19278.0
    [iter 3659372] reheat + diversify: ceiling=0.00, value=16554.0
    [iter 3665125] reheat + diversify: ceiling=0.00, value=21828.0
    [iter 3670878] reheat + diversify: ceiling=0.00, value=19944.0
    [iter 3676631] reheat + diversify: ceiling=0.00, value=21018.0
    [iter 3682384] reheat + diversify: ceiling=0.00, value=22011.0
    [iter 3688137] reheat + diversify: ceiling=0.00, value=20754.0
    [iter 3693890] reheat + diversify: ceiling=0.00, value=16554.0
    [iter 3699643] reheat + diversify: ceiling=0.00, value=20418.0
    [iter 3705396] reheat + diversify: ceiling=0.00, value=25320.0
    [iter 3711149] reheat + diversify: ceiling=0.00, value=16518.0
    [iter 3716902] reheat + diversify: ceiling=0.00, value=19242.0
    [iter 3722655] reheat + diversify: ceiling=0.00, value=16554.0
    [iter 3728408] reheat + diversify: ceiling=0.00, value=16554.0
    [iter 3734161] reheat + diversify: ceiling=0.00, value=18030.0
    [iter 3739914] reheat + diversify: ceiling=0.00, value=24078.0
    [iter 3745667] reheat + diversify: ceiling=0.00, value=16518.0
    [iter 3751420] reheat + diversify: ceiling=0.00, value=21018.0
    [iter 3757173] reheat + diversify: ceiling=0.00, value=21909.0
    [iter 3762926] reheat + diversify: ceiling=0.00, value=16518.0
    [iter 3768679] reheat + diversify: ceiling=0.00, value=16554.0
    [iter 3774432] reheat + diversify: ceiling=0.00, value=21966.0
    [iter 3780185] reheat + diversify: ceiling=0.00, value=20724.0
    [iter 3785938] reheat + diversify: ceiling=0.00, value=16554.0
    [iter 3791691] reheat + diversify: ceiling=0.00, value=19944.0
    [iter 3797444] reheat + diversify: ceiling=0.00, value=25320.0
    [iter 3803197] reheat + diversify: ceiling=0.00, value=16554.0
    [iter 3808950] reheat + diversify: ceiling=0.00, value=16554.0
    [iter 3814703] reheat + diversify: ceiling=0.00, value=16554.0
    [iter 3820456] reheat + diversify: ceiling=0.00, value=21018.0
    [iter 3826209] reheat + diversify: ceiling=0.00, value=24246.0
    [iter 3831962] reheat + diversify: ceiling=0.00, value=21909.0
    [iter 3837715] reheat + diversify: ceiling=0.00, value=18066.0
    [iter 3843468] reheat + diversify: ceiling=0.00, value=23625.0
    [iter 3849221] reheat + diversify: ceiling=0.00, value=26832.0
    [iter 3854974] reheat + diversify: ceiling=0.00, value=24078.0
    [iter 3860727] reheat + diversify: ceiling=0.00, value=16518.0
    [iter 3866480] reheat + diversify: ceiling=0.00, value=25320.0
    [iter 3872233] reheat + diversify: ceiling=0.00, value=20418.0
    [iter 3877986] reheat + diversify: ceiling=0.00, value=19944.0
    [iter 3883739] reheat + diversify: ceiling=0.00, value=21966.0
    [iter 3889492] reheat + diversify: ceiling=0.00, value=26832.0
    [iter 3895245] reheat + diversify: ceiling=0.00, value=22632.0
    [iter 3900998] reheat + diversify: ceiling=0.00, value=16518.0
    [iter 3906751] reheat + diversify: ceiling=0.00, value=25152.0
    [iter 3912504] reheat + diversify: ceiling=0.00, value=16518.0
    [iter 3918257] reheat + diversify: ceiling=0.00, value=16554.0
    [iter 3924010] reheat + diversify: ceiling=0.00, value=22011.0
    [iter 3929763] reheat + diversify: ceiling=0.00, value=24246.0
    [iter 3935516] reheat + diversify: ceiling=0.00, value=22011.0
    [iter 3941269] reheat + diversify: ceiling=0.00, value=25152.0
    [iter 3947022] reheat + diversify: ceiling=0.00, value=24078.0
    [iter 3952775] reheat + diversify: ceiling=0.00, value=24078.0
    [iter 3958528] reheat + diversify: ceiling=0.00, value=26832.0
    [iter 3964281] reheat + diversify: ceiling=0.00, value=25320.0
    [iter 3970034] reheat + diversify: ceiling=0.00, value=19278.0
    [iter 3975787] reheat + diversify: ceiling=0.00, value=13866.0
    [iter 3981540] reheat + diversify: ceiling=0.00, value=17994.0
    [iter 3987293] reheat + diversify: ceiling=0.00, value=24078.0
    [iter 3993046] reheat + diversify: ceiling=0.00, value=21018.0
    [iter 3998799] reheat + diversify: ceiling=0.00, value=23004.0
    [iter 4004552] reheat + diversify: ceiling=0.00, value=25152.0
    [iter 4010305] reheat + diversify: ceiling=0.00, value=24078.0
    [iter 4016058] reheat + diversify: ceiling=0.00, value=16518.0
    [iter 4021811] reheat + diversify: ceiling=0.00, value=19878.0
    [iter 4027564] reheat + diversify: ceiling=0.00, value=21018.0
    [iter 4033317] reheat + diversify: ceiling=0.00, value=15480.0
    [iter 4039070] reheat + diversify: ceiling=0.00, value=16554.0
    [iter 4044823] reheat + diversify: ceiling=0.00, value=22011.0
    [iter 4050576] reheat + diversify: ceiling=0.00, value=24246.0
    [iter 4056329] reheat + diversify: ceiling=0.00, value=16554.0
    [iter 4062082] reheat + diversify: ceiling=0.00, value=26211.0
    [iter 4067835] reheat + diversify: ceiling=0.00, value=24246.0
    [iter 4073588] reheat + diversify: ceiling=0.00, value=19242.0
    [iter 4079341] reheat + diversify: ceiling=0.00, value=24246.0
    [iter 4085094] reheat + diversify: ceiling=0.00, value=22011.0
    [iter 4090847] reheat + diversify: ceiling=0.00, value=22011.0
    [iter 4096600] reheat + diversify: ceiling=0.00, value=17994.0
    [iter 4102353] reheat + diversify: ceiling=0.00, value=22632.0
    [iter 4108106] reheat + diversify: ceiling=0.00, value=19944.0
    [iter 4113859] reheat + diversify: ceiling=0.00, value=17409.0
    [iter 4119612] reheat + diversify: ceiling=0.00, value=17994.0
    [iter 4125365] reheat + diversify: ceiling=0.00, value=21828.0
    [iter 4131118] reheat + diversify: ceiling=0.00, value=21762.0
    [iter 4136871] reheat + diversify: ceiling=0.00, value=25320.0
    [iter 4142624] reheat + diversify: ceiling=0.00, value=14940.0
    [iter 4148377] reheat + diversify: ceiling=0.00, value=22632.0
    [iter 4154130] reheat + diversify: ceiling=0.00, value=26832.0
    [iter 4159883] reheat + diversify: ceiling=0.00, value=16554.0
    [iter 4165636] reheat + diversify: ceiling=0.00, value=17994.0
    [iter 4171389] reheat + diversify: ceiling=0.00, value=19944.0
    [iter 4177142] reheat + diversify: ceiling=0.00, value=21828.0
    [iter 4182895] reheat + diversify: ceiling=0.00, value=16554.0
    [iter 4188648] reheat + diversify: ceiling=0.00, value=18066.0
    [iter 4194401] reheat + diversify: ceiling=0.00, value=25320.0
    [iter 4200154] reheat + diversify: ceiling=0.00, value=23706.0
    [iter 4205907] reheat + diversify: ceiling=0.00, value=17445.0
    [iter 4211660] reheat + diversify: ceiling=0.00, value=24078.0
    [iter 4217413] reheat + diversify: ceiling=0.00, value=19944.0
    [iter 4223166] reheat + diversify: ceiling=0.00, value=16554.0
    [iter 4228919] reheat + diversify: ceiling=0.00, value=18804.0
    [iter 4234672] reheat + diversify: ceiling=0.00, value=16590.0
    [iter 4240425] reheat + diversify: ceiling=0.00, value=13866.0
    [iter 4246178] reheat + diversify: ceiling=0.00, value=22011.0
    [iter 4251931] reheat + diversify: ceiling=0.00, value=19170.0
    [iter 4257684] reheat + diversify: ceiling=0.00, value=25320.0
    [iter 4263437] reheat + diversify: ceiling=0.00, value=17994.0
    [iter 4269190] reheat + diversify: ceiling=0.00, value=19878.0
    [iter 4274943] reheat + diversify: ceiling=0.00, value=24246.0
    [iter 4280696] reheat + diversify: ceiling=0.00, value=21018.0
    [iter 4286449] reheat + diversify: ceiling=0.00, value=24078.0
    [iter 4292202] reheat + diversify: ceiling=0.00, value=24078.0
    [iter 4297955] reheat + diversify: ceiling=0.00, value=19170.0
    [iter 4303708] reheat + diversify: ceiling=0.00, value=16554.0
    [iter 4309461] reheat + diversify: ceiling=0.00, value=21558.0
    [iter 4315214] reheat + diversify: ceiling=0.00, value=20418.0
    [iter 4320967] reheat + diversify: ceiling=0.00, value=20937.0
    [iter 4326720] reheat + diversify: ceiling=0.00, value=19944.0
    [iter 4332473] reheat + diversify: ceiling=0.00, value=21018.0
    [iter 4338226] reheat + diversify: ceiling=0.00, value=22011.0
    [iter 4343979] reheat + diversify: ceiling=0.00, value=18804.0
    [iter 4349732] reheat + diversify: ceiling=0.00, value=14940.0
    [iter 4355485] reheat + diversify: ceiling=0.00, value=14940.0
    [iter 4361238] reheat + diversify: ceiling=0.00, value=20352.0
    [iter 4366991] reheat + diversify: ceiling=0.00, value=25320.0
    [iter 4372744] reheat + diversify: ceiling=0.00, value=21909.0
    [iter 4378497] reheat + diversify: ceiling=0.00, value=22011.0
    [iter 4384250] reheat + diversify: ceiling=0.00, value=24078.0
    [iter 4390003] reheat + diversify: ceiling=0.00, value=22011.0
    [iter 4395756] reheat + diversify: ceiling=0.00, value=18621.0
    [iter 4401509] reheat + diversify: ceiling=0.00, value=19725.0
    [iter 4407262] reheat + diversify: ceiling=0.00, value=23625.0
    [iter 4413015] reheat + diversify: ceiling=0.00, value=15378.0
    [iter 4418768] reheat + diversify: ceiling=0.00, value=24078.0
    [iter 4424521] reheat + diversify: ceiling=0.00, value=23004.0
    [iter 4430274] reheat + diversify: ceiling=0.00, value=19878.0
    [iter 4436027] reheat + diversify: ceiling=0.00, value=16554.0
    [iter 4441780] reheat + diversify: ceiling=0.00, value=19170.0
    [iter 4447533] reheat + diversify: ceiling=0.00, value=23625.0
    [iter 4453286] reheat + diversify: ceiling=0.00, value=22011.0
    [iter 4459039] reheat + diversify: ceiling=0.00, value=18768.0
    [iter 4464792] reheat + diversify: ceiling=0.00, value=16554.0
    [iter 4470545] reheat + diversify: ceiling=0.00, value=15378.0
    [iter 4476298] reheat + diversify: ceiling=0.00, value=24078.0
    [iter 4482051] reheat + diversify: ceiling=0.00, value=25320.0
    [iter 4487804] reheat + diversify: ceiling=0.00, value=21762.0
    [iter 4493557] reheat + diversify: ceiling=0.00, value=23004.0
    [iter 4499310] reheat + diversify: ceiling=0.00, value=19944.0
    [iter 4505063] reheat + diversify: ceiling=0.00, value=25152.0
    [iter 4510816] reheat + diversify: ceiling=0.00, value=16554.0
    [iter 4516569] reheat + diversify: ceiling=0.00, value=16554.0
    [iter 4522322] reheat + diversify: ceiling=0.00, value=24078.0
    [iter 4528075] reheat + diversify: ceiling=0.00, value=22632.0
    [iter 4533828] reheat + diversify: ceiling=0.00, value=16554.0
    [iter 4539581] reheat + diversify: ceiling=0.00, value=24078.0
    [iter 4545334] reheat + diversify: ceiling=0.00, value=16554.0
    [iter 4551087] reheat + diversify: ceiling=0.00, value=17409.0
    [iter 4556840] reheat + diversify: ceiling=0.00, value=22011.0
    [iter 4562593] reheat + diversify: ceiling=0.00, value=21492.0
    [iter 4568346] reheat + diversify: ceiling=0.00, value=19944.0
    [iter 4574099] reheat + diversify: ceiling=0.00, value=25320.0
    [iter 4579852] reheat + diversify: ceiling=0.00, value=26832.0
    [iter 4585605] reheat + diversify: ceiling=0.00, value=16518.0
    [iter 4591358] reheat + diversify: ceiling=0.00, value=22011.0
    [iter 4597111] reheat + diversify: ceiling=0.00, value=16554.0
    [iter 4602864] reheat + diversify: ceiling=0.00, value=16554.0
    [iter 4608617] reheat + diversify: ceiling=0.00, value=16554.0
    [iter 4614370] reheat + diversify: ceiling=0.00, value=25320.0
    [iter 4620123] reheat + diversify: ceiling=0.00, value=19170.0
    [iter 4625876] reheat + diversify: ceiling=0.00, value=24078.0
    [iter 4631629] reheat + diversify: ceiling=0.00, value=16518.0
    [iter 4637382] reheat + diversify: ceiling=0.00, value=21018.0
    [iter 4643135] reheat + diversify: ceiling=0.00, value=21492.0
    [iter 4648888] reheat + diversify: ceiling=0.00, value=19023.0
    [iter 4654641] reheat + diversify: ceiling=0.00, value=19944.0
    [iter 4660394] reheat + diversify: ceiling=0.00, value=15378.0
    [iter 4666147] reheat + diversify: ceiling=0.00, value=24078.0
    [iter 4671900] reheat + diversify: ceiling=0.00, value=23004.0
    [iter 4677653] reheat + diversify: ceiling=0.00, value=19170.0
    [iter 4683406] reheat + diversify: ceiling=0.00, value=24078.0
    [iter 4689159] reheat + diversify: ceiling=0.00, value=19944.0
    [iter 4694912] reheat + diversify: ceiling=0.00, value=24078.0
    [iter 4700665] reheat + diversify: ceiling=0.00, value=16554.0
    [iter 4706418] reheat + diversify: ceiling=0.00, value=25320.0
    [iter 4712171] reheat + diversify: ceiling=0.00, value=19170.0
    [iter 4717924] reheat + diversify: ceiling=0.00, value=15342.0
    [iter 4723677] reheat + diversify: ceiling=0.00, value=26832.0
    [iter 4729430] reheat + diversify: ceiling=0.00, value=22902.0
    [iter 4735183] reheat + diversify: ceiling=0.00, value=14940.0
    [iter 4740936] reheat + diversify: ceiling=0.00, value=25590.0
    [iter 4746689] reheat + diversify: ceiling=0.00, value=25590.0
    [iter 4752442] reheat + diversify: ceiling=0.00, value=25320.0
    [iter 4758195] reheat + diversify: ceiling=0.00, value=19944.0
    [iter 4763948] reheat + diversify: ceiling=0.00, value=16554.0
    [iter 4769701] reheat + diversify: ceiling=0.00, value=16554.0
    [iter 4775454] reheat + diversify: ceiling=0.00, value=16554.0
    [iter 4781207] reheat + diversify: ceiling=0.00, value=16554.0
    [iter 4786960] reheat + diversify: ceiling=0.00, value=26832.0
    [iter 4792713] reheat + diversify: ceiling=0.00, value=21018.0
    [iter 4798466] reheat + diversify: ceiling=0.00, value=26832.0
    [iter 4804219] reheat + diversify: ceiling=0.00, value=21909.0
    [iter 4809972] reheat + diversify: ceiling=0.00, value=24078.0
    [iter 4815725] reheat + diversify: ceiling=0.00, value=21018.0
    [iter 4821478] reheat + diversify: ceiling=0.00, value=22632.0
    [iter 4827231] reheat + diversify: ceiling=0.00, value=23004.0
    [iter 4832984] reheat + diversify: ceiling=0.00, value=21492.0
    [iter 4838737] reheat + diversify: ceiling=0.00, value=16554.0
    [iter 4844490] reheat + diversify: ceiling=0.00, value=14940.0
    [iter 4850243] reheat + diversify: ceiling=0.00, value=16554.0
    [iter 4855996] reheat + diversify: ceiling=0.00, value=19170.0
    [iter 4861749] reheat + diversify: ceiling=0.00, value=24078.0
    [iter 4867502] reheat + diversify: ceiling=0.00, value=16554.0
    [iter 4873255] reheat + diversify: ceiling=0.00, value=22011.0
    [iter 4879008] reheat + diversify: ceiling=0.00, value=25320.0
    [iter 4884761] reheat + diversify: ceiling=0.00, value=21018.0
    [iter 4890514] reheat + diversify: ceiling=0.00, value=24078.0
    [iter 4896267] reheat + diversify: ceiling=0.00, value=23457.0
    [iter 4902020] reheat + diversify: ceiling=0.00, value=24078.0
    [iter 4907773] reheat + diversify: ceiling=0.00, value=16554.0
    [iter 4913526] reheat + diversify: ceiling=0.00, value=19278.0
    [iter 4919279] reheat + diversify: ceiling=0.00, value=25320.0
    [iter 4925032] reheat + diversify: ceiling=0.00, value=18030.0
    [iter 4930785] reheat + diversify: ceiling=0.00, value=19206.0
    [iter 4936538] reheat + diversify: ceiling=0.00, value=16554.0
    [iter 4942291] reheat + diversify: ceiling=0.00, value=18804.0
    [iter 4948044] reheat + diversify: ceiling=0.00, value=22011.0
    [iter 4953797] reheat + diversify: ceiling=0.00, value=26832.0
    [iter 4959550] reheat + diversify: ceiling=0.00, value=16554.0
    [iter 4965303] reheat + diversify: ceiling=0.00, value=25320.0
    [iter 4971056] reheat + diversify: ceiling=0.00, value=16554.0
    [iter 4976809] reheat + diversify: ceiling=0.00, value=14940.0
    [iter 4982562] reheat + diversify: ceiling=0.00, value=21558.0
    [iter 4988315] reheat + diversify: ceiling=0.00, value=21756.0
    [iter 4994068] reheat + diversify: ceiling=0.00, value=24078.0
    [iter 4999821] reheat + diversify: ceiling=0.00, value=16518.0
    [iter 5005574] reheat + diversify: ceiling=0.00, value=22566.0
    [iter 5011327] reheat + diversify: ceiling=0.00, value=26832.0
    [iter 5017080] reheat + diversify: ceiling=0.00, value=24078.0
  time limit reached at iteration 5019369
  SA finished: 5019369 iterations in 300.0s (16731 it/s), accepted 3115322 (62.1%), rejected 1904046, neutral 2965788 (59.1%), worsening accepted 7.3%, no-move draws 0, reheats 871
  SA: value 26832.0 (greedy 21018.0, +5814.0), bound 34613.5, gap 22.48%, util 84.1%
  report -> /home/mcaspar/3DMHKP/results_3DMHKP_ep3/ep3-20-L-C-50-3DMHKP-SA-a0.999-r0.25-t300s.txt

================================================================================================
SUMMARY
================================================================================================
instance      boxes  packed       greedy     SA value        bound      gap    util    iters    time
------------------------------------------------------------------------------------------------
ep3-20-L-C-50     20       9      21018.0      26832.0      34613.5   22.5%   84.1%  5019369  300.0s
------------------------------------------------------------------------------------------------
proven optimal (value reaches the upper bound): 0/1
improved over greedy: 1/1 (total value 21018.0 -> 26832.0, +27.66%)
mean gap to continuous-knapsack bound: 22.5%
mean volume utilization: 84.1%
