============================================================
  Solver:     3DMHKP-SA.py
  Instance:   /home/mcaspar/3DMHKP/Egeblad/ep3-20-C-R-50.txt
  Value mode: flat
  Timelimit:  300s
  Reports:    /home/mcaspar/3DMHKP/results_3DMHKP_ep3
  CPUs:       1
============================================================
======================================================================
3DMHKP Simulated Annealing (random single-neighbour, sequence decoder)
SA params: T0=5% of f(S_0), alpha=0.999, T_min=0.001, reheat_threshold=5753, reheat_fraction=0.25
Move weights: {'relocate': 0.0, 'swap': 1.0, '2opt': 0.0, 'promote': 1.5, 'demote': 1.5, 'orient': 1.0, 'container': 0.5}
Time limit: 300.0s per instance, seed 1216698515
======================================================================

======================================================================
ep3-20-C-R-50: 20 boxes (18 types), 1 containers (1 types)
  continuous-knapsack bound: 110921.9
  initial (value-density) decode: value 4142.0 (8/20 boxes)
  T0 = 207.1 (5% of f(S_0))
  schedule: time-based, T0 -> 0.00 over 300s
    [iter 1] *** NEW BEST: value 21010.0, boxes 11/20, T=207.1, elapsed=0.1s
    [iter 2] *** NEW BEST: value 55436.0, boxes 11/20, T=206.4, elapsed=0.1s
    [iter 5] *** NEW BEST: value 56921.0, boxes 11/20, T=206.4, elapsed=0.1s
    [iter 9] *** NEW BEST: value 59625.0, boxes 12/20, T=206.4, elapsed=0.1s
    [iter 5762] reheat + diversify: ceiling=51.78, value=59625.0
    [iter 11515] reheat + diversify: ceiling=46.60, value=49482.0
    [iter 11552] *** NEW BEST: value 62364.0, boxes 12/20, T=201.0, elapsed=0.7s
    [iter 17305] reheat + diversify: ceiling=41.94, value=62364.0
    [iter 23058] reheat + diversify: ceiling=37.74, value=34739.0
    [iter 28811] reheat + diversify: ceiling=33.97, value=62364.0
    [iter 34564] reheat + diversify: ceiling=30.57, value=37994.0
    [iter 40317] reheat + diversify: ceiling=27.52, value=62364.0
    [iter 46070] reheat + diversify: ceiling=24.76, value=46402.0
    [iter 51823] reheat + diversify: ceiling=22.29, value=62364.0
    [iter 57576] reheat + diversify: ceiling=20.06, value=52903.0
    [iter 63329] reheat + diversify: ceiling=18.05, value=46832.0
    [iter 69082] reheat + diversify: ceiling=16.25, value=43827.0
    [iter 74835] reheat + diversify: ceiling=14.62, value=62364.0
    [iter 80588] reheat + diversify: ceiling=13.16, value=62364.0
    [iter 86341] reheat + diversify: ceiling=11.84, value=62364.0
    [iter 92094] reheat + diversify: ceiling=10.66, value=46832.0
    [iter 97847] reheat + diversify: ceiling=9.59, value=62364.0
    [iter 103600] reheat + diversify: ceiling=8.63, value=40448.0
    [iter 109353] reheat + diversify: ceiling=7.77, value=40448.0
    [iter 115106] reheat + diversify: ceiling=6.99, value=43827.0
    [iter 120859] reheat + diversify: ceiling=6.29, value=53406.0
    [iter 126612] reheat + diversify: ceiling=5.67, value=62364.0
    [iter 132365] reheat + diversify: ceiling=5.10, value=62364.0
    [iter 138118] reheat + diversify: ceiling=4.59, value=62364.0
    [iter 143871] reheat + diversify: ceiling=4.13, value=53406.0
    [iter 149624] reheat + diversify: ceiling=3.72, value=62364.0
    [iter 155377] reheat + diversify: ceiling=3.35, value=51418.0
    [iter 161130] reheat + diversify: ceiling=3.01, value=39483.0
    [iter 166883] reheat + diversify: ceiling=2.71, value=46201.0
    [iter 172636] reheat + diversify: ceiling=2.44, value=49482.0
    [iter 178389] reheat + diversify: ceiling=2.19, value=62364.0
    [iter 184142] reheat + diversify: ceiling=1.98, value=46832.0
    [iter 189895] reheat + diversify: ceiling=1.78, value=37994.0
    [iter 195648] reheat + diversify: ceiling=1.60, value=53406.0
    [iter 201401] reheat + diversify: ceiling=1.44, value=46832.0
    [iter 207154] reheat + diversify: ceiling=1.30, value=40448.0
    [iter 212907] reheat + diversify: ceiling=1.17, value=62364.0
    [iter 218660] reheat + diversify: ceiling=1.05, value=43827.0
    [iter 224413] reheat + diversify: ceiling=0.94, value=62364.0
    [iter 230166] reheat + diversify: ceiling=0.85, value=37994.0
    [iter 235919] reheat + diversify: ceiling=0.77, value=62364.0
    [iter 241672] reheat + diversify: ceiling=0.69, value=62364.0
    [iter 247425] reheat + diversify: ceiling=0.62, value=62364.0
    [iter 253178] reheat + diversify: ceiling=0.56, value=49482.0
    [iter 258931] reheat + diversify: ceiling=0.50, value=46201.0
    [iter 264684] reheat + diversify: ceiling=0.45, value=62364.0
    [iter 270437] reheat + diversify: ceiling=0.41, value=62364.0
    [iter 276190] reheat + diversify: ceiling=0.37, value=46832.0
    [iter 281943] reheat + diversify: ceiling=0.33, value=62364.0
    [iter 287696] reheat + diversify: ceiling=0.30, value=62364.0
    [iter 293449] reheat + diversify: ceiling=0.27, value=62364.0
    [iter 299202] reheat + diversify: ceiling=0.24, value=40448.0
    [iter 304955] reheat + diversify: ceiling=0.22, value=40448.0
    [iter 310708] reheat + diversify: ceiling=0.19, value=59625.0
    [iter 316461] reheat + diversify: ceiling=0.18, value=53406.0
    [iter 322214] reheat + diversify: ceiling=0.16, value=53406.0
    [iter 327967] reheat + diversify: ceiling=0.14, value=40693.0
    [iter 333720] reheat + diversify: ceiling=0.13, value=46832.0
    [iter 339473] reheat + diversify: ceiling=0.11, value=62364.0
    [iter 345226] reheat + diversify: ceiling=0.10, value=62364.0
    [iter 350979] reheat + diversify: ceiling=0.09, value=62364.0
    [iter 356732] reheat + diversify: ceiling=0.08, value=46832.0
    [iter 362485] reheat + diversify: ceiling=0.08, value=62364.0
    [iter 368238] reheat + diversify: ceiling=0.07, value=40448.0
    [iter 373991] reheat + diversify: ceiling=0.06, value=62364.0
    [iter 379744] reheat + diversify: ceiling=0.05, value=53406.0
    [iter 385497] reheat + diversify: ceiling=0.05, value=62364.0
    [iter 391250] reheat + diversify: ceiling=0.04, value=62364.0
    [iter 397003] reheat + diversify: ceiling=0.04, value=53406.0
    [iter 402756] reheat + diversify: ceiling=0.04, value=62364.0
    [iter 408509] reheat + diversify: ceiling=0.03, value=62364.0
    [iter 414262] reheat + diversify: ceiling=0.03, value=46402.0
    [iter 420015] reheat + diversify: ceiling=0.03, value=40448.0
    [iter 425768] reheat + diversify: ceiling=0.02, value=62364.0
    [iter 431521] reheat + diversify: ceiling=0.02, value=62364.0
    [iter 437274] reheat + diversify: ceiling=0.02, value=62364.0
    [iter 443027] reheat + diversify: ceiling=0.02, value=62364.0
    [iter 448780] reheat + diversify: ceiling=0.02, value=62364.0
    [iter 454533] reheat + diversify: ceiling=0.01, value=53406.0
    [iter 460286] reheat + diversify: ceiling=0.01, value=51418.0
    [iter 466039] reheat + diversify: ceiling=0.01, value=62364.0
    [iter 471792] reheat + diversify: ceiling=0.01, value=44700.0
    [iter 477545] reheat + diversify: ceiling=0.01, value=49482.0
    [iter 483298] reheat + diversify: ceiling=0.01, value=51418.0
    [iter 489051] reheat + diversify: ceiling=0.01, value=52903.0
    [iter 494804] reheat + diversify: ceiling=0.01, value=43827.0
    [iter 500557] reheat + diversify: ceiling=0.01, value=62364.0
    [iter 506310] reheat + diversify: ceiling=0.01, value=62364.0
    [iter 512063] reheat + diversify: ceiling=0.00, value=62364.0
    [iter 517816] reheat + diversify: ceiling=0.00, value=46688.0
    [iter 523569] reheat + diversify: ceiling=0.00, value=29522.0
    [iter 529322] reheat + diversify: ceiling=0.00, value=62364.0
    [iter 535075] reheat + diversify: ceiling=0.00, value=62364.0
    [iter 540828] reheat + diversify: ceiling=0.00, value=53406.0
    [iter 546581] reheat + diversify: ceiling=0.00, value=40448.0
    [iter 552334] reheat + diversify: ceiling=0.00, value=37994.0
    [iter 558087] reheat + diversify: ceiling=0.00, value=62364.0
    [iter 563840] reheat + diversify: ceiling=0.00, value=62364.0
    [iter 569593] reheat + diversify: ceiling=0.00, value=39982.0
    [iter 575346] reheat + diversify: ceiling=0.00, value=52903.0
    [iter 581099] reheat + diversify: ceiling=0.00, value=62364.0
    [iter 586852] reheat + diversify: ceiling=0.00, value=62364.0
    [iter 592605] reheat + diversify: ceiling=0.00, value=62364.0
    [iter 598358] reheat + diversify: ceiling=0.00, value=62364.0
    [iter 604111] reheat + diversify: ceiling=0.00, value=46688.0
    [iter 609864] reheat + diversify: ceiling=0.00, value=62364.0
    [iter 615617] reheat + diversify: ceiling=0.00, value=53406.0
    [iter 621370] reheat + diversify: ceiling=0.00, value=37994.0
    [iter 627123] reheat + diversify: ceiling=0.00, value=62364.0
    [iter 632876] reheat + diversify: ceiling=0.00, value=44700.0
    [iter 638629] reheat + diversify: ceiling=0.00, value=46688.0
    [iter 644382] reheat + diversify: ceiling=0.00, value=51418.0
    [iter 650135] reheat + diversify: ceiling=0.00, value=46832.0
    [iter 655888] reheat + diversify: ceiling=0.00, value=62364.0
    [iter 661641] reheat + diversify: ceiling=0.00, value=46832.0
    [iter 667394] reheat + diversify: ceiling=0.00, value=39076.0
    [iter 673147] reheat + diversify: ceiling=0.00, value=59625.0
    [iter 678900] reheat + diversify: ceiling=0.00, value=62364.0
    [iter 684653] reheat + diversify: ceiling=0.00, value=49482.0
    [iter 690406] reheat + diversify: ceiling=0.00, value=62364.0
    [iter 696159] reheat + diversify: ceiling=0.00, value=49482.0
    [iter 701912] reheat + diversify: ceiling=0.00, value=62364.0
    [iter 707665] reheat + diversify: ceiling=0.00, value=62364.0
    [iter 713418] reheat + diversify: ceiling=0.00, value=53406.0
    [iter 719171] reheat + diversify: ceiling=0.00, value=39982.0
    [iter 724924] reheat + diversify: ceiling=0.00, value=62364.0
    [iter 730677] reheat + diversify: ceiling=0.00, value=38738.0
    [iter 736430] reheat + diversify: ceiling=0.00, value=39982.0
    [iter 742183] reheat + diversify: ceiling=0.00, value=46688.0
    [iter 747936] reheat + diversify: ceiling=0.00, value=32354.0
    [iter 753689] reheat + diversify: ceiling=0.00, value=62364.0
    [iter 759442] reheat + diversify: ceiling=0.00, value=46832.0
    [iter 765195] reheat + diversify: ceiling=0.00, value=62364.0
    [iter 770948] reheat + diversify: ceiling=0.00, value=62364.0
    [iter 776701] reheat + diversify: ceiling=0.00, value=62364.0
    [iter 782454] reheat + diversify: ceiling=0.00, value=62364.0
    [iter 788207] reheat + diversify: ceiling=0.00, value=49482.0
    [iter 793960] reheat + diversify: ceiling=0.00, value=53406.0
    [iter 799713] reheat + diversify: ceiling=0.00, value=52903.0
    [iter 805466] reheat + diversify: ceiling=0.00, value=62364.0
    [iter 811219] reheat + diversify: ceiling=0.00, value=62364.0
    [iter 816972] reheat + diversify: ceiling=0.00, value=62364.0
    [iter 822725] reheat + diversify: ceiling=0.00, value=44700.0
    [iter 828478] reheat + diversify: ceiling=0.00, value=62364.0
    [iter 834231] reheat + diversify: ceiling=0.00, value=62364.0
    [iter 839984] reheat + diversify: ceiling=0.00, value=40448.0
    [iter 845737] reheat + diversify: ceiling=0.00, value=37994.0
    [iter 851490] reheat + diversify: ceiling=0.00, value=46832.0
    [iter 857243] reheat + diversify: ceiling=0.00, value=59625.0
    [iter 862996] reheat + diversify: ceiling=0.00, value=38308.0
    [iter 868749] reheat + diversify: ceiling=0.00, value=62364.0
    [iter 874502] reheat + diversify: ceiling=0.00, value=62364.0
    [iter 880255] reheat + diversify: ceiling=0.00, value=43827.0
    [iter 886008] reheat + diversify: ceiling=0.00, value=49482.0
    [iter 891761] reheat + diversify: ceiling=0.00, value=53406.0
    [iter 897514] reheat + diversify: ceiling=0.00, value=46832.0
    [iter 903267] reheat + diversify: ceiling=0.00, value=62364.0
    [iter 909020] reheat + diversify: ceiling=0.00, value=62364.0
    [iter 914773] reheat + diversify: ceiling=0.00, value=44700.0
    [iter 920526] reheat + diversify: ceiling=0.00, value=46201.0
    [iter 926279] reheat + diversify: ceiling=0.00, value=52903.0
    [iter 932032] reheat + diversify: ceiling=0.00, value=53406.0
    [iter 937785] reheat + diversify: ceiling=0.00, value=62364.0
    [iter 943538] reheat + diversify: ceiling=0.00, value=49482.0
    [iter 949291] reheat + diversify: ceiling=0.00, value=46832.0
    [iter 955044] reheat + diversify: ceiling=0.00, value=62364.0
    [iter 960797] reheat + diversify: ceiling=0.00, value=40448.0
    [iter 966550] reheat + diversify: ceiling=0.00, value=52903.0
    [iter 972303] reheat + diversify: ceiling=0.00, value=29506.0
    [iter 978056] reheat + diversify: ceiling=0.00, value=62364.0
    [iter 983809] reheat + diversify: ceiling=0.00, value=62364.0
    [iter 989562] reheat + diversify: ceiling=0.00, value=62364.0
    [iter 995315] reheat + diversify: ceiling=0.00, value=62364.0
    [iter 1001068] reheat + diversify: ceiling=0.00, value=62364.0
    [iter 1006821] reheat + diversify: ceiling=0.00, value=53406.0
    [iter 1012574] reheat + diversify: ceiling=0.00, value=62364.0
    [iter 1018327] reheat + diversify: ceiling=0.00, value=38738.0
    [iter 1024080] reheat + diversify: ceiling=0.00, value=43827.0
    [iter 1029833] reheat + diversify: ceiling=0.00, value=22800.0
    [iter 1035586] reheat + diversify: ceiling=0.00, value=62364.0
    [iter 1041339] reheat + diversify: ceiling=0.00, value=42946.0
    [iter 1047092] reheat + diversify: ceiling=0.00, value=38738.0
    [iter 1052845] reheat + diversify: ceiling=0.00, value=46402.0
    [iter 1058598] reheat + diversify: ceiling=0.00, value=62364.0
    [iter 1064351] reheat + diversify: ceiling=0.00, value=53406.0
    [iter 1070104] reheat + diversify: ceiling=0.00, value=53406.0
    [iter 1075857] reheat + diversify: ceiling=0.00, value=52903.0
    [iter 1081610] reheat + diversify: ceiling=0.00, value=62364.0
    [iter 1087363] reheat + diversify: ceiling=0.00, value=51418.0
    [iter 1093116] reheat + diversify: ceiling=0.00, value=38594.0
    [iter 1098869] reheat + diversify: ceiling=0.00, value=43827.0
    [iter 1104622] reheat + diversify: ceiling=0.00, value=46832.0
    [iter 1110375] reheat + diversify: ceiling=0.00, value=53406.0
    [iter 1116128] reheat + diversify: ceiling=0.00, value=37994.0
    [iter 1121881] reheat + diversify: ceiling=0.00, value=49482.0
    [iter 1127634] reheat + diversify: ceiling=0.00, value=62364.0
    [iter 1133387] reheat + diversify: ceiling=0.00, value=37994.0
    [iter 1139140] reheat + diversify: ceiling=0.00, value=62364.0
    [iter 1144893] reheat + diversify: ceiling=0.00, value=49482.0
    [iter 1150646] reheat + diversify: ceiling=0.00, value=52903.0
    [iter 1156399] reheat + diversify: ceiling=0.00, value=62364.0
    [iter 1162152] reheat + diversify: ceiling=0.00, value=46832.0
    [iter 1167905] reheat + diversify: ceiling=0.00, value=44700.0
    [iter 1173658] reheat + diversify: ceiling=0.00, value=59625.0
    [iter 1179411] reheat + diversify: ceiling=0.00, value=47170.0
    [iter 1185164] reheat + diversify: ceiling=0.00, value=62364.0
    [iter 1190917] reheat + diversify: ceiling=0.00, value=43827.0
    [iter 1196670] reheat + diversify: ceiling=0.00, value=43827.0
    [iter 1202423] reheat + diversify: ceiling=0.00, value=62364.0
    [iter 1208176] reheat + diversify: ceiling=0.00, value=62364.0
    [iter 1213929] reheat + diversify: ceiling=0.00, value=49482.0
    [iter 1219682] reheat + diversify: ceiling=0.00, value=62364.0
    [iter 1225435] reheat + diversify: ceiling=0.00, value=62364.0
    [iter 1231188] reheat + diversify: ceiling=0.00, value=62364.0
    [iter 1236941] reheat + diversify: ceiling=0.00, value=62364.0
    [iter 1242694] reheat + diversify: ceiling=0.00, value=47170.0
    [iter 1248447] reheat + diversify: ceiling=0.00, value=43827.0
    [iter 1254200] reheat + diversify: ceiling=0.00, value=45312.0
    [iter 1259953] reheat + diversify: ceiling=0.00, value=46688.0
    [iter 1265706] reheat + diversify: ceiling=0.00, value=39982.0
    [iter 1271459] reheat + diversify: ceiling=0.00, value=62364.0
    [iter 1277212] reheat + diversify: ceiling=0.00, value=62364.0
    [iter 1282965] reheat + diversify: ceiling=0.00, value=53406.0
    [iter 1288718] reheat + diversify: ceiling=0.00, value=46688.0
    [iter 1294471] reheat + diversify: ceiling=0.00, value=53406.0
    [iter 1300224] reheat + diversify: ceiling=0.00, value=49482.0
    [iter 1305977] reheat + diversify: ceiling=0.00, value=59625.0
    [iter 1311730] reheat + diversify: ceiling=0.00, value=49482.0
    [iter 1317483] reheat + diversify: ceiling=0.00, value=51418.0
    [iter 1323236] reheat + diversify: ceiling=0.00, value=37994.0
    [iter 1328989] reheat + diversify: ceiling=0.00, value=53406.0
    [iter 1334742] reheat + diversify: ceiling=0.00, value=62364.0
    [iter 1340495] reheat + diversify: ceiling=0.00, value=40448.0
    [iter 1346248] reheat + diversify: ceiling=0.00, value=62364.0
    [iter 1352001] reheat + diversify: ceiling=0.00, value=49482.0
    [iter 1357754] reheat + diversify: ceiling=0.00, value=62364.0
    [iter 1363507] reheat + diversify: ceiling=0.00, value=62364.0
    [iter 1369260] reheat + diversify: ceiling=0.00, value=62364.0
    [iter 1375013] reheat + diversify: ceiling=0.00, value=49482.0
    [iter 1380766] reheat + diversify: ceiling=0.00, value=46832.0
    [iter 1386519] reheat + diversify: ceiling=0.00, value=44700.0
    [iter 1392272] reheat + diversify: ceiling=0.00, value=46688.0
    [iter 1398025] reheat + diversify: ceiling=0.00, value=58140.0
    [iter 1403778] reheat + diversify: ceiling=0.00, value=62364.0
    [iter 1409531] reheat + diversify: ceiling=0.00, value=62364.0
    [iter 1415284] reheat + diversify: ceiling=0.00, value=62364.0
    [iter 1421037] reheat + diversify: ceiling=0.00, value=53406.0
    [iter 1426790] reheat + diversify: ceiling=0.00, value=34739.0
    [iter 1432543] reheat + diversify: ceiling=0.00, value=43827.0
    [iter 1438296] reheat + diversify: ceiling=0.00, value=40448.0
    [iter 1444049] reheat + diversify: ceiling=0.00, value=46832.0
    [iter 1449802] reheat + diversify: ceiling=0.00, value=53406.0
    [iter 1455555] reheat + diversify: ceiling=0.00, value=62364.0
    [iter 1461308] reheat + diversify: ceiling=0.00, value=62364.0
    [iter 1467061] reheat + diversify: ceiling=0.00, value=37994.0
    [iter 1472814] reheat + diversify: ceiling=0.00, value=47170.0
    [iter 1478567] reheat + diversify: ceiling=0.00, value=62364.0
    [iter 1484320] reheat + diversify: ceiling=0.00, value=58140.0
    [iter 1490073] reheat + diversify: ceiling=0.00, value=53406.0
    [iter 1495826] reheat + diversify: ceiling=0.00, value=62364.0
    [iter 1501579] reheat + diversify: ceiling=0.00, value=46832.0
    [iter 1507332] reheat + diversify: ceiling=0.00, value=62364.0
    [iter 1513085] reheat + diversify: ceiling=0.00, value=40448.0
    [iter 1518838] reheat + diversify: ceiling=0.00, value=62364.0
    [iter 1524591] reheat + diversify: ceiling=0.00, value=62364.0
    [iter 1530344] reheat + diversify: ceiling=0.00, value=46832.0
    [iter 1536097] reheat + diversify: ceiling=0.00, value=62364.0
    [iter 1541850] reheat + diversify: ceiling=0.00, value=46832.0
    [iter 1547603] reheat + diversify: ceiling=0.00, value=62364.0
    [iter 1553356] reheat + diversify: ceiling=0.00, value=40448.0
    [iter 1559109] reheat + diversify: ceiling=0.00, value=62364.0
    [iter 1564862] reheat + diversify: ceiling=0.00, value=37994.0
    [iter 1570615] reheat + diversify: ceiling=0.00, value=62364.0
    [iter 1576368] reheat + diversify: ceiling=0.00, value=62364.0
    [iter 1582121] reheat + diversify: ceiling=0.00, value=49482.0
    [iter 1587874] reheat + diversify: ceiling=0.00, value=62364.0
    [iter 1593627] reheat + diversify: ceiling=0.00, value=40448.0
    [iter 1599380] reheat + diversify: ceiling=0.00, value=62364.0
    [iter 1605133] reheat + diversify: ceiling=0.00, value=43827.0
    [iter 1610886] reheat + diversify: ceiling=0.00, value=46402.0
    [iter 1616639] reheat + diversify: ceiling=0.00, value=53406.0
    [iter 1622392] reheat + diversify: ceiling=0.00, value=53406.0
    [iter 1628145] reheat + diversify: ceiling=0.00, value=62364.0
    [iter 1633898] reheat + diversify: ceiling=0.00, value=53406.0
    [iter 1639651] reheat + diversify: ceiling=0.00, value=44700.0
    [iter 1645404] reheat + diversify: ceiling=0.00, value=44700.0
    [iter 1651157] reheat + diversify: ceiling=0.00, value=62364.0
    [iter 1656910] reheat + diversify: ceiling=0.00, value=62364.0
    [iter 1662663] reheat + diversify: ceiling=0.00, value=62364.0
    [iter 1668416] reheat + diversify: ceiling=0.00, value=39982.0
    [iter 1674169] reheat + diversify: ceiling=0.00, value=53406.0
    [iter 1679922] reheat + diversify: ceiling=0.00, value=46688.0
    [iter 1685675] reheat + diversify: ceiling=0.00, value=62364.0
    [iter 1691428] reheat + diversify: ceiling=0.00, value=62364.0
    [iter 1697181] reheat + diversify: ceiling=0.00, value=46688.0
    [iter 1702934] reheat + diversify: ceiling=0.00, value=51418.0
    [iter 1708687] reheat + diversify: ceiling=0.00, value=46832.0
    [iter 1714440] reheat + diversify: ceiling=0.00, value=39982.0
    [iter 1720193] reheat + diversify: ceiling=0.00, value=59625.0
    [iter 1725946] reheat + diversify: ceiling=0.00, value=46688.0
    [iter 1731699] reheat + diversify: ceiling=0.00, value=53406.0
    [iter 1737452] reheat + diversify: ceiling=0.00, value=46832.0
    [iter 1743205] reheat + diversify: ceiling=0.00, value=49482.0
    [iter 1748958] reheat + diversify: ceiling=0.00, value=62364.0
    [iter 1754711] reheat + diversify: ceiling=0.00, value=62364.0
    [iter 1760464] reheat + diversify: ceiling=0.00, value=62364.0
    [iter 1766217] reheat + diversify: ceiling=0.00, value=62364.0
    [iter 1771970] reheat + diversify: ceiling=0.00, value=51418.0
    [iter 1777723] reheat + diversify: ceiling=0.00, value=29184.0
    [iter 1783476] reheat + diversify: ceiling=0.00, value=46201.0
    [iter 1789229] reheat + diversify: ceiling=0.00, value=62364.0
    [iter 1794982] reheat + diversify: ceiling=0.00, value=37994.0
    [iter 1800735] reheat + diversify: ceiling=0.00, value=32354.0
    [iter 1806488] reheat + diversify: ceiling=0.00, value=53406.0
    [iter 1812241] reheat + diversify: ceiling=0.00, value=34739.0
    [iter 1817994] reheat + diversify: ceiling=0.00, value=62364.0
    [iter 1823747] reheat + diversify: ceiling=0.00, value=62364.0
    [iter 1829500] reheat + diversify: ceiling=0.00, value=46688.0
    [iter 1835253] reheat + diversify: ceiling=0.00, value=43827.0
    [iter 1841006] reheat + diversify: ceiling=0.00, value=52903.0
    [iter 1846759] reheat + diversify: ceiling=0.00, value=62364.0
    [iter 1852512] reheat + diversify: ceiling=0.00, value=62364.0
    [iter 1858265] reheat + diversify: ceiling=0.00, value=62364.0
    [iter 1864018] reheat + diversify: ceiling=0.00, value=46832.0
    [iter 1869771] reheat + diversify: ceiling=0.00, value=62364.0
    [iter 1875524] reheat + diversify: ceiling=0.00, value=62364.0
    [iter 1881277] reheat + diversify: ceiling=0.00, value=46201.0
    [iter 1887030] reheat + diversify: ceiling=0.00, value=46402.0
    [iter 1892783] reheat + diversify: ceiling=0.00, value=39483.0
    [iter 1898536] reheat + diversify: ceiling=0.00, value=38594.0
    [iter 1904289] reheat + diversify: ceiling=0.00, value=37994.0
    [iter 1910042] reheat + diversify: ceiling=0.00, value=46688.0
    [iter 1915795] reheat + diversify: ceiling=0.00, value=46688.0
    [iter 1921548] reheat + diversify: ceiling=0.00, value=62364.0
    [iter 1927301] reheat + diversify: ceiling=0.00, value=44700.0
    [iter 1933054] reheat + diversify: ceiling=0.00, value=49482.0
    [iter 1938807] reheat + diversify: ceiling=0.00, value=62364.0
    [iter 1944560] reheat + diversify: ceiling=0.00, value=62364.0
    [iter 1950313] reheat + diversify: ceiling=0.00, value=43827.0
    [iter 1956066] reheat + diversify: ceiling=0.00, value=49482.0
    [iter 1961819] reheat + diversify: ceiling=0.00, value=62364.0
    [iter 1967572] reheat + diversify: ceiling=0.00, value=62364.0
    [iter 1973325] reheat + diversify: ceiling=0.00, value=62364.0
    [iter 1979078] reheat + diversify: ceiling=0.00, value=62364.0
    [iter 1984831] reheat + diversify: ceiling=0.00, value=62364.0
    [iter 1990584] reheat + diversify: ceiling=0.00, value=62364.0
    [iter 1996337] reheat + diversify: ceiling=0.00, value=46201.0
    [iter 2002090] reheat + diversify: ceiling=0.00, value=52907.0
    [iter 2007843] reheat + diversify: ceiling=0.00, value=62364.0
    [iter 2013596] reheat + diversify: ceiling=0.00, value=46688.0
    [iter 2019349] reheat + diversify: ceiling=0.00, value=45312.0
    [iter 2025102] reheat + diversify: ceiling=0.00, value=52903.0
    [iter 2030855] reheat + diversify: ceiling=0.00, value=59625.0
    [iter 2036608] reheat + diversify: ceiling=0.00, value=52903.0
    [iter 2042361] reheat + diversify: ceiling=0.00, value=62364.0
    [iter 2048114] reheat + diversify: ceiling=0.00, value=43827.0
    [iter 2053867] reheat + diversify: ceiling=0.00, value=62364.0
    [iter 2059620] reheat + diversify: ceiling=0.00, value=62364.0
    [iter 2065373] reheat + diversify: ceiling=0.00, value=51418.0
    [iter 2071126] reheat + diversify: ceiling=0.00, value=62364.0
    [iter 2076879] reheat + diversify: ceiling=0.00, value=62364.0
    [iter 2082632] reheat + diversify: ceiling=0.00, value=62364.0
    [iter 2088385] reheat + diversify: ceiling=0.00, value=62364.0
    [iter 2094138] reheat + diversify: ceiling=0.00, value=62364.0
    [iter 2099891] reheat + diversify: ceiling=0.00, value=43827.0
    [iter 2105644] reheat + diversify: ceiling=0.00, value=62364.0
    [iter 2111397] reheat + diversify: ceiling=0.00, value=40448.0
    [iter 2117150] reheat + diversify: ceiling=0.00, value=40448.0
    [iter 2122903] reheat + diversify: ceiling=0.00, value=62364.0
    [iter 2128656] reheat + diversify: ceiling=0.00, value=46402.0
    [iter 2134409] reheat + diversify: ceiling=0.00, value=43827.0
    [iter 2140162] reheat + diversify: ceiling=0.00, value=62364.0
    [iter 2145915] reheat + diversify: ceiling=0.00, value=62364.0
    [iter 2151668] reheat + diversify: ceiling=0.00, value=53406.0
    [iter 2157421] reheat + diversify: ceiling=0.00, value=46832.0
    [iter 2163174] reheat + diversify: ceiling=0.00, value=46185.0
    [iter 2168927] reheat + diversify: ceiling=0.00, value=37994.0
    [iter 2174680] reheat + diversify: ceiling=0.00, value=46201.0
    [iter 2180433] reheat + diversify: ceiling=0.00, value=53406.0
    [iter 2186186] reheat + diversify: ceiling=0.00, value=46832.0
    [iter 2191939] reheat + diversify: ceiling=0.00, value=62364.0
    [iter 2197692] reheat + diversify: ceiling=0.00, value=51418.0
    [iter 2203445] reheat + diversify: ceiling=0.00, value=46832.0
    [iter 2209198] reheat + diversify: ceiling=0.00, value=53406.0
    [iter 2214951] reheat + diversify: ceiling=0.00, value=44700.0
    [iter 2220704] reheat + diversify: ceiling=0.00, value=51422.0
    [iter 2226457] reheat + diversify: ceiling=0.00, value=39483.0
    [iter 2232210] reheat + diversify: ceiling=0.00, value=53406.0
    [iter 2237963] reheat + diversify: ceiling=0.00, value=62364.0
    [iter 2243716] reheat + diversify: ceiling=0.00, value=46832.0
    [iter 2249469] reheat + diversify: ceiling=0.00, value=62364.0
    [iter 2255222] reheat + diversify: ceiling=0.00, value=46688.0
    [iter 2260975] reheat + diversify: ceiling=0.00, value=39483.0
    [iter 2266728] reheat + diversify: ceiling=0.00, value=46201.0
    [iter 2272481] reheat + diversify: ceiling=0.00, value=62364.0
    [iter 2278234] reheat + diversify: ceiling=0.00, value=40448.0
    [iter 2283987] reheat + diversify: ceiling=0.00, value=62364.0
    [iter 2289740] reheat + diversify: ceiling=0.00, value=62364.0
    [iter 2295493] reheat + diversify: ceiling=0.00, value=62364.0
    [iter 2301246] reheat + diversify: ceiling=0.00, value=62364.0
    [iter 2306999] reheat + diversify: ceiling=0.00, value=62364.0
    [iter 2312752] reheat + diversify: ceiling=0.00, value=43827.0
    [iter 2318505] reheat + diversify: ceiling=0.00, value=62364.0
    [iter 2324258] reheat + diversify: ceiling=0.00, value=46832.0
    [iter 2330011] reheat + diversify: ceiling=0.00, value=62364.0
    [iter 2335764] reheat + diversify: ceiling=0.00, value=37994.0
    [iter 2341517] reheat + diversify: ceiling=0.00, value=43827.0
    [iter 2347270] reheat + diversify: ceiling=0.00, value=34739.0
    [iter 2353023] reheat + diversify: ceiling=0.00, value=62364.0
    [iter 2358776] reheat + diversify: ceiling=0.00, value=51418.0
    [iter 2364529] reheat + diversify: ceiling=0.00, value=39982.0
    [iter 2370282] reheat + diversify: ceiling=0.00, value=46832.0
    [iter 2376035] reheat + diversify: ceiling=0.00, value=62364.0
    [iter 2381788] reheat + diversify: ceiling=0.00, value=62364.0
    [iter 2387541] reheat + diversify: ceiling=0.00, value=62364.0
    [iter 2393294] reheat + diversify: ceiling=0.00, value=62364.0
    [iter 2399047] reheat + diversify: ceiling=0.00, value=62364.0
    [iter 2404800] reheat + diversify: ceiling=0.00, value=44700.0
    [iter 2410553] reheat + diversify: ceiling=0.00, value=62364.0
    [iter 2416306] reheat + diversify: ceiling=0.00, value=46832.0
    [iter 2422059] reheat + diversify: ceiling=0.00, value=46832.0
    [iter 2427812] reheat + diversify: ceiling=0.00, value=62364.0
    [iter 2433565] reheat + diversify: ceiling=0.00, value=62364.0
    [iter 2439318] reheat + diversify: ceiling=0.00, value=62364.0
    [iter 2445071] reheat + diversify: ceiling=0.00, value=62364.0
    [iter 2450824] reheat + diversify: ceiling=0.00, value=62364.0
    [iter 2456577] reheat + diversify: ceiling=0.00, value=53406.0
    [iter 2462330] reheat + diversify: ceiling=0.00, value=37994.0
    [iter 2468083] reheat + diversify: ceiling=0.00, value=53406.0
    [iter 2473836] reheat + diversify: ceiling=0.00, value=52903.0
    [iter 2479589] reheat + diversify: ceiling=0.00, value=62364.0
    [iter 2485342] reheat + diversify: ceiling=0.00, value=62364.0
    [iter 2491095] reheat + diversify: ceiling=0.00, value=39982.0
    [iter 2496848] reheat + diversify: ceiling=0.00, value=46688.0
    [iter 2502601] reheat + diversify: ceiling=0.00, value=53406.0
    [iter 2508354] reheat + diversify: ceiling=0.00, value=58140.0
    [iter 2514107] reheat + diversify: ceiling=0.00, value=51418.0
    [iter 2519860] reheat + diversify: ceiling=0.00, value=46832.0
    [iter 2525613] reheat + diversify: ceiling=0.00, value=62364.0
    [iter 2531366] reheat + diversify: ceiling=0.00, value=43827.0
    [iter 2537119] reheat + diversify: ceiling=0.00, value=58140.0
    [iter 2542872] reheat + diversify: ceiling=0.00, value=62364.0
    [iter 2548625] reheat + diversify: ceiling=0.00, value=62364.0
    [iter 2554378] reheat + diversify: ceiling=0.00, value=62364.0
    [iter 2560131] reheat + diversify: ceiling=0.00, value=53406.0
    [iter 2565884] reheat + diversify: ceiling=0.00, value=62364.0
    [iter 2571637] reheat + diversify: ceiling=0.00, value=62364.0
    [iter 2577390] reheat + diversify: ceiling=0.00, value=51418.0
    [iter 2583143] reheat + diversify: ceiling=0.00, value=62364.0
    [iter 2588896] reheat + diversify: ceiling=0.00, value=62364.0
    [iter 2594649] reheat + diversify: ceiling=0.00, value=46688.0
    [iter 2600402] reheat + diversify: ceiling=0.00, value=40448.0
    [iter 2606155] reheat + diversify: ceiling=0.00, value=62364.0
    [iter 2611908] reheat + diversify: ceiling=0.00, value=44700.0
    [iter 2617661] reheat + diversify: ceiling=0.00, value=37994.0
    [iter 2623414] reheat + diversify: ceiling=0.00, value=62364.0
    [iter 2629167] reheat + diversify: ceiling=0.00, value=49482.0
    [iter 2634920] reheat + diversify: ceiling=0.00, value=62364.0
    [iter 2640673] reheat + diversify: ceiling=0.00, value=46402.0
    [iter 2646426] reheat + diversify: ceiling=0.00, value=62364.0
    [iter 2652179] reheat + diversify: ceiling=0.00, value=62364.0
    [iter 2657932] reheat + diversify: ceiling=0.00, value=62364.0
    [iter 2663685] reheat + diversify: ceiling=0.00, value=62364.0
    [iter 2669438] reheat + diversify: ceiling=0.00, value=62364.0
    [iter 2675191] reheat + diversify: ceiling=0.00, value=44700.0
    [iter 2680944] reheat + diversify: ceiling=0.00, value=43827.0
    [iter 2686697] reheat + diversify: ceiling=0.00, value=40448.0
    [iter 2692450] reheat + diversify: ceiling=0.00, value=59625.0
    [iter 2698203] reheat + diversify: ceiling=0.00, value=52907.0
    [iter 2703956] reheat + diversify: ceiling=0.00, value=62364.0
    [iter 2709709] reheat + diversify: ceiling=0.00, value=39982.0
    [iter 2715462] reheat + diversify: ceiling=0.00, value=39982.0
    [iter 2721215] reheat + diversify: ceiling=0.00, value=47170.0
    [iter 2726968] reheat + diversify: ceiling=0.00, value=53406.0
    [iter 2732721] reheat + diversify: ceiling=0.00, value=62364.0
    [iter 2738474] reheat + diversify: ceiling=0.00, value=62364.0
    [iter 2744227] reheat + diversify: ceiling=0.00, value=62364.0
    [iter 2749980] reheat + diversify: ceiling=0.00, value=39076.0
    [iter 2755733] reheat + diversify: ceiling=0.00, value=52903.0
    [iter 2761486] reheat + diversify: ceiling=0.00, value=62364.0
    [iter 2767239] reheat + diversify: ceiling=0.00, value=58140.0
    [iter 2772992] reheat + diversify: ceiling=0.00, value=62364.0
    [iter 2778745] reheat + diversify: ceiling=0.00, value=62364.0
    [iter 2784498] reheat + diversify: ceiling=0.00, value=62364.0
    [iter 2790251] reheat + diversify: ceiling=0.00, value=62364.0
    [iter 2796004] reheat + diversify: ceiling=0.00, value=46832.0
    [iter 2801757] reheat + diversify: ceiling=0.00, value=53406.0
    [iter 2807510] reheat + diversify: ceiling=0.00, value=47170.0
    [iter 2813263] reheat + diversify: ceiling=0.00, value=46832.0
    [iter 2819016] reheat + diversify: ceiling=0.00, value=46688.0
    [iter 2824769] reheat + diversify: ceiling=0.00, value=52907.0
    [iter 2830522] reheat + diversify: ceiling=0.00, value=62364.0
    [iter 2836275] reheat + diversify: ceiling=0.00, value=62364.0
    [iter 2842028] reheat + diversify: ceiling=0.00, value=46832.0
    [iter 2847781] reheat + diversify: ceiling=0.00, value=40448.0
    [iter 2853534] reheat + diversify: ceiling=0.00, value=62364.0
    [iter 2859287] reheat + diversify: ceiling=0.00, value=46185.0
    [iter 2865040] reheat + diversify: ceiling=0.00, value=32354.0
    [iter 2870793] reheat + diversify: ceiling=0.00, value=62364.0
    [iter 2876546] reheat + diversify: ceiling=0.00, value=62364.0
    [iter 2882299] reheat + diversify: ceiling=0.00, value=62364.0
    [iter 2888052] reheat + diversify: ceiling=0.00, value=62364.0
    [iter 2893805] reheat + diversify: ceiling=0.00, value=51418.0
    [iter 2899558] reheat + diversify: ceiling=0.00, value=46832.0
    [iter 2905311] reheat + diversify: ceiling=0.00, value=40448.0
    [iter 2911064] reheat + diversify: ceiling=0.00, value=62364.0
    [iter 2916817] reheat + diversify: ceiling=0.00, value=62364.0
    [iter 2922570] reheat + diversify: ceiling=0.00, value=62364.0
    [iter 2928323] reheat + diversify: ceiling=0.00, value=62364.0
    [iter 2934076] reheat + diversify: ceiling=0.00, value=62364.0
    [iter 2939829] reheat + diversify: ceiling=0.00, value=62364.0
    [iter 2945582] reheat + diversify: ceiling=0.00, value=62364.0
    [iter 2951335] reheat + diversify: ceiling=0.00, value=62364.0
    [iter 2957088] reheat + diversify: ceiling=0.00, value=46402.0
    [iter 2962841] reheat + diversify: ceiling=0.00, value=62364.0
    [iter 2968594] reheat + diversify: ceiling=0.00, value=62364.0
    [iter 2974347] reheat + diversify: ceiling=0.00, value=62364.0
    [iter 2980100] reheat + diversify: ceiling=0.00, value=62364.0
    [iter 2985853] reheat + diversify: ceiling=0.00, value=62364.0
    [iter 2991606] reheat + diversify: ceiling=0.00, value=62364.0
    [iter 2997359] reheat + diversify: ceiling=0.00, value=46201.0
    [iter 3003112] reheat + diversify: ceiling=0.00, value=62364.0
    [iter 3008865] reheat + diversify: ceiling=0.00, value=62364.0
    [iter 3014618] reheat + diversify: ceiling=0.00, value=39982.0
    [iter 3020371] reheat + diversify: ceiling=0.00, value=39982.0
    [iter 3026124] reheat + diversify: ceiling=0.00, value=51418.0
    [iter 3031877] reheat + diversify: ceiling=0.00, value=46832.0
    [iter 3037630] reheat + diversify: ceiling=0.00, value=62364.0
    [iter 3043383] reheat + diversify: ceiling=0.00, value=62364.0
    [iter 3049136] reheat + diversify: ceiling=0.00, value=62364.0
    [iter 3054889] reheat + diversify: ceiling=0.00, value=62364.0
    [iter 3060642] reheat + diversify: ceiling=0.00, value=49482.0
    [iter 3066395] reheat + diversify: ceiling=0.00, value=46688.0
    [iter 3072148] reheat + diversify: ceiling=0.00, value=47170.0
    [iter 3077901] reheat + diversify: ceiling=0.00, value=62364.0
    [iter 3083654] reheat + diversify: ceiling=0.00, value=53406.0
    [iter 3089407] reheat + diversify: ceiling=0.00, value=62364.0
    [iter 3095160] reheat + diversify: ceiling=0.00, value=37994.0
    [iter 3100913] reheat + diversify: ceiling=0.00, value=37994.0
    [iter 3106666] reheat + diversify: ceiling=0.00, value=46832.0
    [iter 3112419] reheat + diversify: ceiling=0.00, value=62364.0
    [iter 3118172] reheat + diversify: ceiling=0.00, value=62364.0
    [iter 3123925] reheat + diversify: ceiling=0.00, value=62364.0
    [iter 3129678] reheat + diversify: ceiling=0.00, value=62364.0
    [iter 3135431] reheat + diversify: ceiling=0.00, value=53406.0
    [iter 3141184] reheat + diversify: ceiling=0.00, value=62364.0
    [iter 3146937] reheat + diversify: ceiling=0.00, value=37994.0
    [iter 3152690] reheat + diversify: ceiling=0.00, value=62364.0
    [iter 3158443] reheat + diversify: ceiling=0.00, value=62364.0
    [iter 3164196] reheat + diversify: ceiling=0.00, value=62364.0
    [iter 3169949] reheat + diversify: ceiling=0.00, value=62364.0
    [iter 3175702] reheat + diversify: ceiling=0.00, value=62364.0
    [iter 3181455] reheat + diversify: ceiling=0.00, value=62364.0
    [iter 3187208] reheat + diversify: ceiling=0.00, value=62364.0
    [iter 3192961] reheat + diversify: ceiling=0.00, value=47170.0
    [iter 3198714] reheat + diversify: ceiling=0.00, value=59625.0
    [iter 3204467] reheat + diversify: ceiling=0.00, value=62364.0
    [iter 3210220] reheat + diversify: ceiling=0.00, value=62364.0
    [iter 3215973] reheat + diversify: ceiling=0.00, value=46832.0
    [iter 3221726] reheat + diversify: ceiling=0.00, value=44700.0
    [iter 3227479] reheat + diversify: ceiling=0.00, value=62364.0
    [iter 3233232] reheat + diversify: ceiling=0.00, value=43827.0
    [iter 3238985] reheat + diversify: ceiling=0.00, value=53406.0
    [iter 3244738] reheat + diversify: ceiling=0.00, value=51422.0
    [iter 3250491] reheat + diversify: ceiling=0.00, value=62364.0
    [iter 3256244] reheat + diversify: ceiling=0.00, value=62364.0
    [iter 3261997] reheat + diversify: ceiling=0.00, value=62364.0
    [iter 3267750] reheat + diversify: ceiling=0.00, value=62364.0
    [iter 3273503] reheat + diversify: ceiling=0.00, value=62364.0
    [iter 3279256] reheat + diversify: ceiling=0.00, value=51418.0
    [iter 3285009] reheat + diversify: ceiling=0.00, value=62364.0
    [iter 3290762] reheat + diversify: ceiling=0.00, value=62364.0
    [iter 3296515] reheat + diversify: ceiling=0.00, value=46832.0
    [iter 3302268] reheat + diversify: ceiling=0.00, value=46688.0
    [iter 3308021] reheat + diversify: ceiling=0.00, value=49482.0
    [iter 3313774] reheat + diversify: ceiling=0.00, value=46402.0
    [iter 3319527] reheat + diversify: ceiling=0.00, value=46402.0
    [iter 3325280] reheat + diversify: ceiling=0.00, value=51418.0
    [iter 3331033] reheat + diversify: ceiling=0.00, value=45312.0
    [iter 3336786] reheat + diversify: ceiling=0.00, value=49482.0
    [iter 3342539] reheat + diversify: ceiling=0.00, value=62364.0
    [iter 3348292] reheat + diversify: ceiling=0.00, value=62364.0
    [iter 3354045] reheat + diversify: ceiling=0.00, value=40448.0
    [iter 3359798] reheat + diversify: ceiling=0.00, value=53406.0
    [iter 3365551] reheat + diversify: ceiling=0.00, value=51418.0
    [iter 3371304] reheat + diversify: ceiling=0.00, value=62364.0
    [iter 3377057] reheat + diversify: ceiling=0.00, value=62364.0
    [iter 3382810] reheat + diversify: ceiling=0.00, value=62364.0
    [iter 3388563] reheat + diversify: ceiling=0.00, value=46832.0
    [iter 3394316] reheat + diversify: ceiling=0.00, value=38594.0
    [iter 3400069] reheat + diversify: ceiling=0.00, value=62364.0
    [iter 3405822] reheat + diversify: ceiling=0.00, value=62364.0
    [iter 3411575] reheat + diversify: ceiling=0.00, value=51418.0
    [iter 3417328] reheat + diversify: ceiling=0.00, value=46832.0
    [iter 3423081] reheat + diversify: ceiling=0.00, value=32354.0
    [iter 3428834] reheat + diversify: ceiling=0.00, value=45312.0
    [iter 3434587] reheat + diversify: ceiling=0.00, value=47170.0
    [iter 3440340] reheat + diversify: ceiling=0.00, value=62364.0
    [iter 3446093] reheat + diversify: ceiling=0.00, value=46688.0
    [iter 3451846] reheat + diversify: ceiling=0.00, value=62364.0
    [iter 3457599] reheat + diversify: ceiling=0.00, value=46688.0
    [iter 3463352] reheat + diversify: ceiling=0.00, value=53406.0
    [iter 3469105] reheat + diversify: ceiling=0.00, value=45312.0
    [iter 3474858] reheat + diversify: ceiling=0.00, value=62364.0
    [iter 3480611] reheat + diversify: ceiling=0.00, value=37994.0
    [iter 3486364] reheat + diversify: ceiling=0.00, value=62364.0
    [iter 3492117] reheat + diversify: ceiling=0.00, value=22800.0
    [iter 3497870] reheat + diversify: ceiling=0.00, value=43827.0
    [iter 3503623] reheat + diversify: ceiling=0.00, value=62364.0
    [iter 3509376] reheat + diversify: ceiling=0.00, value=53406.0
    [iter 3515129] reheat + diversify: ceiling=0.00, value=51418.0
    [iter 3520882] reheat + diversify: ceiling=0.00, value=62364.0
    [iter 3526635] reheat + diversify: ceiling=0.00, value=47170.0
    [iter 3532388] reheat + diversify: ceiling=0.00, value=62364.0
    [iter 3538141] reheat + diversify: ceiling=0.00, value=62364.0
    [iter 3543894] reheat + diversify: ceiling=0.00, value=46832.0
    [iter 3549647] reheat + diversify: ceiling=0.00, value=43827.0
    [iter 3555400] reheat + diversify: ceiling=0.00, value=51418.0
    [iter 3561153] reheat + diversify: ceiling=0.00, value=59625.0
    [iter 3566906] reheat + diversify: ceiling=0.00, value=62364.0
    [iter 3572659] reheat + diversify: ceiling=0.00, value=62364.0
    [iter 3578412] reheat + diversify: ceiling=0.00, value=62364.0
    [iter 3584165] reheat + diversify: ceiling=0.00, value=39982.0
    [iter 3589918] reheat + diversify: ceiling=0.00, value=62364.0
    [iter 3595671] reheat + diversify: ceiling=0.00, value=53406.0
    [iter 3601424] reheat + diversify: ceiling=0.00, value=40448.0
    [iter 3607177] reheat + diversify: ceiling=0.00, value=51418.0
    [iter 3612930] reheat + diversify: ceiling=0.00, value=53406.0
    [iter 3618683] reheat + diversify: ceiling=0.00, value=43827.0
    [iter 3624436] reheat + diversify: ceiling=0.00, value=53406.0
    [iter 3630189] reheat + diversify: ceiling=0.00, value=53406.0
    [iter 3635942] reheat + diversify: ceiling=0.00, value=62364.0
    [iter 3641695] reheat + diversify: ceiling=0.00, value=62364.0
    [iter 3647448] reheat + diversify: ceiling=0.00, value=62364.0
    [iter 3653201] reheat + diversify: ceiling=0.00, value=51418.0
    [iter 3658954] reheat + diversify: ceiling=0.00, value=62364.0
    [iter 3664707] reheat + diversify: ceiling=0.00, value=46832.0
    [iter 3670460] reheat + diversify: ceiling=0.00, value=53406.0
    [iter 3676213] reheat + diversify: ceiling=0.00, value=49482.0
    [iter 3681966] reheat + diversify: ceiling=0.00, value=52903.0
    [iter 3687719] reheat + diversify: ceiling=0.00, value=46832.0
    [iter 3693472] reheat + diversify: ceiling=0.00, value=49482.0
    [iter 3699225] reheat + diversify: ceiling=0.00, value=46832.0
    [iter 3704978] reheat + diversify: ceiling=0.00, value=40448.0
    [iter 3710731] reheat + diversify: ceiling=0.00, value=62364.0
    [iter 3716484] reheat + diversify: ceiling=0.00, value=34739.0
    [iter 3722237] reheat + diversify: ceiling=0.00, value=43827.0
    [iter 3727990] reheat + diversify: ceiling=0.00, value=46688.0
    [iter 3733743] reheat + diversify: ceiling=0.00, value=62364.0
    [iter 3739496] reheat + diversify: ceiling=0.00, value=62364.0
    [iter 3745249] reheat + diversify: ceiling=0.00, value=62364.0
    [iter 3751002] reheat + diversify: ceiling=0.00, value=43827.0
    [iter 3756755] reheat + diversify: ceiling=0.00, value=51418.0
    [iter 3762508] reheat + diversify: ceiling=0.00, value=51418.0
    [iter 3768261] reheat + diversify: ceiling=0.00, value=62364.0
    [iter 3774014] reheat + diversify: ceiling=0.00, value=40448.0
    [iter 3779767] reheat + diversify: ceiling=0.00, value=62364.0
    [iter 3785520] reheat + diversify: ceiling=0.00, value=51418.0
    [iter 3791273] reheat + diversify: ceiling=0.00, value=47170.0
    [iter 3797026] reheat + diversify: ceiling=0.00, value=62364.0
    [iter 3802779] reheat + diversify: ceiling=0.00, value=52907.0
    [iter 3808532] reheat + diversify: ceiling=0.00, value=46832.0
    [iter 3814285] reheat + diversify: ceiling=0.00, value=51418.0
    [iter 3820038] reheat + diversify: ceiling=0.00, value=40448.0
    [iter 3825791] reheat + diversify: ceiling=0.00, value=52903.0
    [iter 3831544] reheat + diversify: ceiling=0.00, value=43827.0
    [iter 3837297] reheat + diversify: ceiling=0.00, value=62364.0
    [iter 3843050] reheat + diversify: ceiling=0.00, value=37994.0
    [iter 3848803] reheat + diversify: ceiling=0.00, value=43827.0
    [iter 3854556] reheat + diversify: ceiling=0.00, value=53406.0
    [iter 3860309] reheat + diversify: ceiling=0.00, value=62364.0
    [iter 3866062] reheat + diversify: ceiling=0.00, value=44700.0
    [iter 3871815] reheat + diversify: ceiling=0.00, value=62364.0
    [iter 3877568] reheat + diversify: ceiling=0.00, value=62364.0
    [iter 3883321] reheat + diversify: ceiling=0.00, value=46832.0
    [iter 3889074] reheat + diversify: ceiling=0.00, value=62364.0
    [iter 3894827] reheat + diversify: ceiling=0.00, value=62364.0
    [iter 3900580] reheat + diversify: ceiling=0.00, value=53406.0
    [iter 3906333] reheat + diversify: ceiling=0.00, value=46832.0
    [iter 3912086] reheat + diversify: ceiling=0.00, value=62364.0
    [iter 3917839] reheat + diversify: ceiling=0.00, value=49482.0
    [iter 3923592] reheat + diversify: ceiling=0.00, value=62364.0
    [iter 3929345] reheat + diversify: ceiling=0.00, value=43827.0
    [iter 3935098] reheat + diversify: ceiling=0.00, value=28754.0
    [iter 3940851] reheat + diversify: ceiling=0.00, value=62364.0
    [iter 3946604] reheat + diversify: ceiling=0.00, value=39982.0
    [iter 3952357] reheat + diversify: ceiling=0.00, value=62364.0
    [iter 3958110] reheat + diversify: ceiling=0.00, value=40448.0
    [iter 3963863] reheat + diversify: ceiling=0.00, value=52903.0
    [iter 3969616] reheat + diversify: ceiling=0.00, value=45312.0
    [iter 3975369] reheat + diversify: ceiling=0.00, value=51418.0
    [iter 3981122] reheat + diversify: ceiling=0.00, value=62364.0
    [iter 3986875] reheat + diversify: ceiling=0.00, value=39982.0
    [iter 3992628] reheat + diversify: ceiling=0.00, value=62364.0
    [iter 3998381] reheat + diversify: ceiling=0.00, value=53406.0
    [iter 4004134] reheat + diversify: ceiling=0.00, value=46832.0
    [iter 4009887] reheat + diversify: ceiling=0.00, value=40448.0
    [iter 4015640] reheat + diversify: ceiling=0.00, value=62364.0
    [iter 4021393] reheat + diversify: ceiling=0.00, value=49482.0
    [iter 4027146] reheat + diversify: ceiling=0.00, value=49482.0
    [iter 4032899] reheat + diversify: ceiling=0.00, value=51422.0
    [iter 4038652] reheat + diversify: ceiling=0.00, value=62364.0
    [iter 4044405] reheat + diversify: ceiling=0.00, value=40448.0
    [iter 4050158] reheat + diversify: ceiling=0.00, value=47170.0
    [iter 4055911] reheat + diversify: ceiling=0.00, value=62364.0
    [iter 4061664] reheat + diversify: ceiling=0.00, value=29184.0
    [iter 4067417] reheat + diversify: ceiling=0.00, value=40448.0
    [iter 4073170] reheat + diversify: ceiling=0.00, value=62364.0
    [iter 4078923] reheat + diversify: ceiling=0.00, value=39483.0
    [iter 4084676] reheat + diversify: ceiling=0.00, value=40693.0
    [iter 4090429] reheat + diversify: ceiling=0.00, value=53406.0
    [iter 4096182] reheat + diversify: ceiling=0.00, value=49482.0
    [iter 4101935] reheat + diversify: ceiling=0.00, value=62364.0
    [iter 4107688] reheat + diversify: ceiling=0.00, value=62364.0
    [iter 4113441] reheat + diversify: ceiling=0.00, value=62364.0
    [iter 4119194] reheat + diversify: ceiling=0.00, value=46402.0
    [iter 4124947] reheat + diversify: ceiling=0.00, value=53406.0
    [iter 4130700] reheat + diversify: ceiling=0.00, value=62364.0
    [iter 4136453] reheat + diversify: ceiling=0.00, value=62364.0
    [iter 4142206] reheat + diversify: ceiling=0.00, value=46402.0
    [iter 4147959] reheat + diversify: ceiling=0.00, value=43827.0
    [iter 4153712] reheat + diversify: ceiling=0.00, value=40448.0
    [iter 4159465] reheat + diversify: ceiling=0.00, value=43827.0
    [iter 4165218] reheat + diversify: ceiling=0.00, value=43827.0
    [iter 4170971] reheat + diversify: ceiling=0.00, value=62364.0
    [iter 4176724] reheat + diversify: ceiling=0.00, value=62364.0
    [iter 4182477] reheat + diversify: ceiling=0.00, value=47170.0
    [iter 4188230] reheat + diversify: ceiling=0.00, value=62364.0
    [iter 4193983] reheat + diversify: ceiling=0.00, value=62364.0
    [iter 4199736] reheat + diversify: ceiling=0.00, value=62364.0
    [iter 4205489] reheat + diversify: ceiling=0.00, value=62364.0
    [iter 4211242] reheat + diversify: ceiling=0.00, value=46402.0
    [iter 4216995] reheat + diversify: ceiling=0.00, value=46832.0
    [iter 4222748] reheat + diversify: ceiling=0.00, value=37994.0
    [iter 4228501] reheat + diversify: ceiling=0.00, value=62364.0
    [iter 4234254] reheat + diversify: ceiling=0.00, value=40448.0
    [iter 4240007] reheat + diversify: ceiling=0.00, value=34739.0
    [iter 4245760] reheat + diversify: ceiling=0.00, value=62364.0
    [iter 4251513] reheat + diversify: ceiling=0.00, value=51418.0
    [iter 4257266] reheat + diversify: ceiling=0.00, value=59625.0
    [iter 4263019] reheat + diversify: ceiling=0.00, value=49482.0
    [iter 4268772] reheat + diversify: ceiling=0.00, value=32354.0
    [iter 4274525] reheat + diversify: ceiling=0.00, value=34739.0
    [iter 4280278] reheat + diversify: ceiling=0.00, value=62364.0
    [iter 4286031] reheat + diversify: ceiling=0.00, value=46832.0
    [iter 4291784] reheat + diversify: ceiling=0.00, value=46402.0
    [iter 4297537] reheat + diversify: ceiling=0.00, value=59625.0
    [iter 4303290] reheat + diversify: ceiling=0.00, value=45312.0
    [iter 4309043] reheat + diversify: ceiling=0.00, value=62364.0
    [iter 4314796] reheat + diversify: ceiling=0.00, value=43827.0
    [iter 4320549] reheat + diversify: ceiling=0.00, value=46402.0
    [iter 4326302] reheat + diversify: ceiling=0.00, value=46402.0
    [iter 4332055] reheat + diversify: ceiling=0.00, value=62364.0
    [iter 4337808] reheat + diversify: ceiling=0.00, value=39076.0
    [iter 4343561] reheat + diversify: ceiling=0.00, value=62364.0
    [iter 4349314] reheat + diversify: ceiling=0.00, value=53406.0
    [iter 4355067] reheat + diversify: ceiling=0.00, value=62364.0
    [iter 4360820] reheat + diversify: ceiling=0.00, value=62364.0
    [iter 4366573] reheat + diversify: ceiling=0.00, value=39982.0
    [iter 4372326] reheat + diversify: ceiling=0.00, value=62364.0
    [iter 4378079] reheat + diversify: ceiling=0.00, value=62364.0
    [iter 4383832] reheat + diversify: ceiling=0.00, value=39076.0
    [iter 4389585] reheat + diversify: ceiling=0.00, value=62364.0
    [iter 4395338] reheat + diversify: ceiling=0.00, value=47170.0
    [iter 4401091] reheat + diversify: ceiling=0.00, value=39982.0
    [iter 4406844] reheat + diversify: ceiling=0.00, value=62364.0
    [iter 4412597] reheat + diversify: ceiling=0.00, value=62364.0
    [iter 4418350] reheat + diversify: ceiling=0.00, value=62364.0
    [iter 4424103] reheat + diversify: ceiling=0.00, value=62364.0
    [iter 4429856] reheat + diversify: ceiling=0.00, value=62364.0
    [iter 4435609] reheat + diversify: ceiling=0.00, value=62364.0
    [iter 4441362] reheat + diversify: ceiling=0.00, value=62364.0
    [iter 4447115] reheat + diversify: ceiling=0.00, value=40448.0
    [iter 4452868] reheat + diversify: ceiling=0.00, value=59625.0
    [iter 4458621] reheat + diversify: ceiling=0.00, value=45312.0
    [iter 4464374] reheat + diversify: ceiling=0.00, value=59625.0
    [iter 4470127] reheat + diversify: ceiling=0.00, value=46832.0
    [iter 4475880] reheat + diversify: ceiling=0.00, value=62364.0
    [iter 4481633] reheat + diversify: ceiling=0.00, value=51418.0
    [iter 4487386] reheat + diversify: ceiling=0.00, value=40448.0
    [iter 4493139] reheat + diversify: ceiling=0.00, value=53406.0
    [iter 4498892] reheat + diversify: ceiling=0.00, value=62364.0
    [iter 4504645] reheat + diversify: ceiling=0.00, value=62364.0
    [iter 4510398] reheat + diversify: ceiling=0.00, value=52903.0
    [iter 4516151] reheat + diversify: ceiling=0.00, value=62364.0
    [iter 4521904] reheat + diversify: ceiling=0.00, value=51418.0
    [iter 4527657] reheat + diversify: ceiling=0.00, value=59625.0
    [iter 4533410] reheat + diversify: ceiling=0.00, value=46832.0
    [iter 4539163] reheat + diversify: ceiling=0.00, value=43827.0
    [iter 4544916] reheat + diversify: ceiling=0.00, value=58140.0
    [iter 4550669] reheat + diversify: ceiling=0.00, value=58140.0
    [iter 4556422] reheat + diversify: ceiling=0.00, value=62364.0
    [iter 4562175] reheat + diversify: ceiling=0.00, value=44700.0
    [iter 4567928] reheat + diversify: ceiling=0.00, value=62364.0
    [iter 4573681] reheat + diversify: ceiling=0.00, value=51418.0
    [iter 4579434] reheat + diversify: ceiling=0.00, value=62364.0
    [iter 4585187] reheat + diversify: ceiling=0.00, value=34739.0
    [iter 4590940] reheat + diversify: ceiling=0.00, value=52903.0
    [iter 4596693] reheat + diversify: ceiling=0.00, value=52907.0
    [iter 4602446] reheat + diversify: ceiling=0.00, value=62364.0
    [iter 4608199] reheat + diversify: ceiling=0.00, value=40448.0
    [iter 4613952] reheat + diversify: ceiling=0.00, value=49482.0
    [iter 4619705] reheat + diversify: ceiling=0.00, value=62364.0
    [iter 4625458] reheat + diversify: ceiling=0.00, value=40448.0
    [iter 4631211] reheat + diversify: ceiling=0.00, value=62364.0
    [iter 4636964] reheat + diversify: ceiling=0.00, value=43827.0
    [iter 4642717] reheat + diversify: ceiling=0.00, value=62364.0
    [iter 4648470] reheat + diversify: ceiling=0.00, value=62364.0
    [iter 4654223] reheat + diversify: ceiling=0.00, value=62364.0
    [iter 4659976] reheat + diversify: ceiling=0.00, value=38738.0
    [iter 4665729] reheat + diversify: ceiling=0.00, value=62364.0
    [iter 4671482] reheat + diversify: ceiling=0.00, value=62364.0
    [iter 4677235] reheat + diversify: ceiling=0.00, value=62364.0
    [iter 4682988] reheat + diversify: ceiling=0.00, value=62364.0
    [iter 4688741] reheat + diversify: ceiling=0.00, value=62364.0
    [iter 4694494] reheat + diversify: ceiling=0.00, value=49482.0
    [iter 4700247] reheat + diversify: ceiling=0.00, value=52907.0
    [iter 4706000] reheat + diversify: ceiling=0.00, value=45312.0
    [iter 4711753] reheat + diversify: ceiling=0.00, value=53406.0
    [iter 4717506] reheat + diversify: ceiling=0.00, value=62364.0
    [iter 4723259] reheat + diversify: ceiling=0.00, value=62364.0
    [iter 4729012] reheat + diversify: ceiling=0.00, value=62364.0
    [iter 4734765] reheat + diversify: ceiling=0.00, value=62364.0
    [iter 4740518] reheat + diversify: ceiling=0.00, value=39982.0
    [iter 4746271] reheat + diversify: ceiling=0.00, value=62364.0
    [iter 4752024] reheat + diversify: ceiling=0.00, value=62364.0
    [iter 4757777] reheat + diversify: ceiling=0.00, value=46832.0
    [iter 4763530] reheat + diversify: ceiling=0.00, value=44700.0
    [iter 4769283] reheat + diversify: ceiling=0.00, value=62364.0
    [iter 4775036] reheat + diversify: ceiling=0.00, value=46832.0
    [iter 4780789] reheat + diversify: ceiling=0.00, value=37994.0
    [iter 4786542] reheat + diversify: ceiling=0.00, value=46832.0
    [iter 4792295] reheat + diversify: ceiling=0.00, value=62364.0
    [iter 4798048] reheat + diversify: ceiling=0.00, value=47170.0
    [iter 4803801] reheat + diversify: ceiling=0.00, value=62364.0
    [iter 4809554] reheat + diversify: ceiling=0.00, value=62364.0
    [iter 4815307] reheat + diversify: ceiling=0.00, value=62364.0
    [iter 4821060] reheat + diversify: ceiling=0.00, value=62364.0
    [iter 4826813] reheat + diversify: ceiling=0.00, value=62364.0
    [iter 4832566] reheat + diversify: ceiling=0.00, value=39982.0
    [iter 4838319] reheat + diversify: ceiling=0.00, value=62364.0
    [iter 4844072] reheat + diversify: ceiling=0.00, value=62364.0
    [iter 4849825] reheat + diversify: ceiling=0.00, value=58140.0
    [iter 4855578] reheat + diversify: ceiling=0.00, value=44700.0
    [iter 4861331] reheat + diversify: ceiling=0.00, value=62364.0
    [iter 4867084] reheat + diversify: ceiling=0.00, value=62364.0
    [iter 4872837] reheat + diversify: ceiling=0.00, value=62364.0
    [iter 4878590] reheat + diversify: ceiling=0.00, value=53406.0
    [iter 4884343] reheat + diversify: ceiling=0.00, value=53406.0
    [iter 4890096] reheat + diversify: ceiling=0.00, value=62364.0
    [iter 4895849] reheat + diversify: ceiling=0.00, value=62364.0
    [iter 4901602] reheat + diversify: ceiling=0.00, value=46688.0
    [iter 4907355] reheat + diversify: ceiling=0.00, value=62364.0
    [iter 4913108] reheat + diversify: ceiling=0.00, value=46688.0
    [iter 4918861] reheat + diversify: ceiling=0.00, value=62364.0
    [iter 4924614] reheat + diversify: ceiling=0.00, value=62364.0
    [iter 4930367] reheat + diversify: ceiling=0.00, value=43827.0
    [iter 4936120] reheat + diversify: ceiling=0.00, value=59625.0
    [iter 4941873] reheat + diversify: ceiling=0.00, value=62364.0
    [iter 4947626] reheat + diversify: ceiling=0.00, value=62364.0
    [iter 4953379] reheat + diversify: ceiling=0.00, value=62364.0
    [iter 4959132] reheat + diversify: ceiling=0.00, value=62364.0
    [iter 4964885] reheat + diversify: ceiling=0.00, value=62364.0
    [iter 4970638] reheat + diversify: ceiling=0.00, value=46832.0
    [iter 4976391] reheat + diversify: ceiling=0.00, value=62364.0
    [iter 4982144] reheat + diversify: ceiling=0.00, value=43827.0
    [iter 4987897] reheat + diversify: ceiling=0.00, value=40448.0
    [iter 4993650] reheat + diversify: ceiling=0.00, value=45312.0
    [iter 4999403] reheat + diversify: ceiling=0.00, value=40448.0
    [iter 5005156] reheat + diversify: ceiling=0.00, value=46688.0
    [iter 5010909] reheat + diversify: ceiling=0.00, value=62364.0
    [iter 5016662] reheat + diversify: ceiling=0.00, value=53406.0
    [iter 5022415] reheat + diversify: ceiling=0.00, value=45312.0
    [iter 5028168] reheat + diversify: ceiling=0.00, value=59625.0
    [iter 5033921] reheat + diversify: ceiling=0.00, value=62364.0
    [iter 5039674] reheat + diversify: ceiling=0.00, value=40448.0
    [iter 5045427] reheat + diversify: ceiling=0.00, value=52907.0
    [iter 5051180] reheat + diversify: ceiling=0.00, value=62364.0
    [iter 5056933] reheat + diversify: ceiling=0.00, value=44700.0
    [iter 5062686] reheat + diversify: ceiling=0.00, value=40448.0
    [iter 5068439] reheat + diversify: ceiling=0.00, value=62364.0
    [iter 5074192] reheat + diversify: ceiling=0.00, value=46832.0
    [iter 5079945] reheat + diversify: ceiling=0.00, value=62364.0
    [iter 5085698] reheat + diversify: ceiling=0.00, value=47170.0
    [iter 5091451] reheat + diversify: ceiling=0.00, value=46832.0
    [iter 5097204] reheat + diversify: ceiling=0.00, value=62364.0
    [iter 5102957] reheat + diversify: ceiling=0.00, value=49482.0
    [iter 5108710] reheat + diversify: ceiling=0.00, value=46688.0
    [iter 5114463] reheat + diversify: ceiling=0.00, value=46688.0
    [iter 5120216] reheat + diversify: ceiling=0.00, value=62364.0
    [iter 5125969] reheat + diversify: ceiling=0.00, value=62364.0
    [iter 5131722] reheat + diversify: ceiling=0.00, value=62364.0
    [iter 5137475] reheat + diversify: ceiling=0.00, value=38594.0
    [iter 5143228] reheat + diversify: ceiling=0.00, value=62364.0
    [iter 5148981] reheat + diversify: ceiling=0.00, value=62364.0
    [iter 5154734] reheat + diversify: ceiling=0.00, value=62364.0
    [iter 5160487] reheat + diversify: ceiling=0.00, value=62364.0
    [iter 5166240] reheat + diversify: ceiling=0.00, value=43827.0
    [iter 5171993] reheat + diversify: ceiling=0.00, value=51418.0
    [iter 5177746] reheat + diversify: ceiling=0.00, value=62364.0
    [iter 5183499] reheat + diversify: ceiling=0.00, value=62364.0
    [iter 5189252] reheat + diversify: ceiling=0.00, value=39982.0
    [iter 5195005] reheat + diversify: ceiling=0.00, value=62364.0
    [iter 5200758] reheat + diversify: ceiling=0.00, value=53406.0
    [iter 5206511] reheat + diversify: ceiling=0.00, value=53406.0
    [iter 5212264] reheat + diversify: ceiling=0.00, value=46688.0
    [iter 5218017] reheat + diversify: ceiling=0.00, value=52903.0
    [iter 5223770] reheat + diversify: ceiling=0.00, value=43827.0
    [iter 5229523] reheat + diversify: ceiling=0.00, value=62364.0
    [iter 5235276] reheat + diversify: ceiling=0.00, value=51422.0
    [iter 5241029] reheat + diversify: ceiling=0.00, value=62364.0
    [iter 5246782] reheat + diversify: ceiling=0.00, value=62364.0
    [iter 5252535] reheat + diversify: ceiling=0.00, value=49482.0
    [iter 5258288] reheat + diversify: ceiling=0.00, value=44700.0
  time limit reached at iteration 5259297
  SA finished: 5259297 iterations in 300.0s (17531 it/s), accepted 3765224 (71.6%), rejected 1494072, neutral 3764093 (71.6%), worsening accepted 0.1%, no-move draws 0, reheats 914
  SA: value 62364.0 (greedy 4142.0, +58222.0), bound 110921.9, gap 43.78%, util 54.4%
  report -> /home/mcaspar/3DMHKP/results_3DMHKP_ep3/ep3-20-C-R-50-3DMHKP-SA-a0.999-r0.25-t300s.txt

================================================================================================
SUMMARY
================================================================================================
instance      boxes  packed       greedy     SA value        bound      gap    util    iters    time
------------------------------------------------------------------------------------------------
ep3-20-C-R-50     20      12       4142.0      62364.0     110921.9   43.8%   54.4%  5259297  300.0s
------------------------------------------------------------------------------------------------
proven optimal (value reaches the upper bound): 0/1
improved over greedy: 1/1 (total value 4142.0 -> 62364.0, +1405.65%)
mean gap to continuous-knapsack bound: 43.8%
mean volume utilization: 54.4%
