============================================================
  Solver:     3DMHKP-SA.py
  Instance:   /home/mcaspar/3DMHKP/Egeblad/ep3-20-U-C-50.txt
  Value mode: flat
  Timelimit:  300s
  Reports:    /home/mcaspar/3DMHKP/results_3DMHKP_ep3
  CPUs:       1
============================================================
======================================================================
3DMHKP Simulated Annealing (random single-neighbour, sequence decoder)
SA params: T0=5% of f(S_0), alpha=0.999, T_min=0.001, reheat_threshold=5753, reheat_fraction=0.25
Move weights: {'relocate': 0.0, 'swap': 1.0, '2opt': 0.0, 'promote': 1.5, 'demote': 1.5, 'orient': 1.0, 'container': 0.5}
Time limit: 300.0s per instance, seed 1336471387
======================================================================

======================================================================
ep3-20-U-C-50: 20 boxes (5 types), 1 containers (1 types)
  continuous-knapsack bound: 157180.5
  initial (value-density) decode: value 85910.0 (6/20 boxes)
  T0 = 3497.7 (calibrated, 91 worsening draws, target accept 35%)
  schedule: time-based, T0 -> 797.36 over 300s
    [iter 22] *** NEW BEST: value 88095.0, boxes 7/20, T=3496.9, elapsed=0.0s
    [iter 70] *** NEW BEST: value 90353.0, boxes 7/20, T=3496.9, elapsed=0.1s
    [iter 83] *** NEW BEST: value 92138.0, boxes 7/20, T=3496.8, elapsed=0.1s
    [iter 134] *** NEW BEST: value 94815.0, boxes 7/20, T=3496.8, elapsed=0.1s
    [iter 370] *** NEW BEST: value 99170.0, boxes 7/20, T=3496.5, elapsed=0.1s
    [iter 782] *** NEW BEST: value 103613.0, boxes 8/20, T=3496.1, elapsed=0.1s
    [iter 3062] *** NEW BEST: value 108758.0, boxes 8/20, T=3493.9, elapsed=0.2s
    [iter 8815] reheat + diversify: ceiling=874.43, value=58790.0
    [iter 14568] reheat + diversify: ceiling=786.99, value=70846.0
    [iter 20321] reheat + diversify: ceiling=708.29, value=81550.0
    [iter 26074] reheat + diversify: ceiling=637.46, value=78195.0
    [iter 31827] reheat + diversify: ceiling=573.72, value=90353.0
    [iter 37580] reheat + diversify: ceiling=516.34, value=88568.0
    [iter 43333] reheat + diversify: ceiling=464.71, value=81550.0
    [iter 49086] reheat + diversify: ceiling=418.24, value=74518.0
    [iter 54839] reheat + diversify: ceiling=376.42, value=86676.0
    [iter 60592] reheat + diversify: ceiling=338.77, value=49680.0
    [iter 66345] reheat + diversify: ceiling=304.90, value=77195.0
    [iter 72098] reheat + diversify: ceiling=274.41, value=73854.0
    [iter 77851] reheat + diversify: ceiling=246.97, value=77195.0
    [iter 83604] reheat + diversify: ceiling=222.27, value=79765.0
    [iter 89357] reheat + diversify: ceiling=200.04, value=69846.0
    [iter 95110] reheat + diversify: ceiling=180.04, value=66486.0
    [iter 100863] reheat + diversify: ceiling=162.03, value=70182.0
    [iter 106616] reheat + diversify: ceiling=145.83, value=73835.0
    [iter 112369] reheat + diversify: ceiling=131.25, value=86993.0
    [iter 118122] reheat + diversify: ceiling=118.12, value=82652.0
    [iter 123875] reheat + diversify: ceiling=106.31, value=91138.0
    [iter 129628] reheat + diversify: ceiling=95.68, value=86993.0
    [iter 135381] reheat + diversify: ceiling=86.11, value=78980.0
    [iter 141134] reheat + diversify: ceiling=77.50, value=48890.0
    [iter 146887] reheat + diversify: ceiling=69.75, value=85891.0
    [iter 152640] reheat + diversify: ceiling=62.78, value=54328.0
    [iter 158393] reheat + diversify: ceiling=56.50, value=64599.0
    [iter 164146] reheat + diversify: ceiling=50.85, value=84106.0
    [iter 169899] reheat + diversify: ceiling=45.76, value=59473.0
    [iter 175652] reheat + diversify: ceiling=41.19, value=70163.0
    [iter 181405] reheat + diversify: ceiling=37.07, value=66924.0
    [iter 187158] reheat + diversify: ceiling=33.36, value=104296.0
    [iter 192911] reheat + diversify: ceiling=30.03, value=86676.0
    [iter 198664] reheat + diversify: ceiling=27.02, value=94025.0
    [iter 204417] reheat + diversify: ceiling=24.32, value=51758.0
    [iter 210170] reheat + diversify: ceiling=21.89, value=94815.0
    [iter 215923] reheat + diversify: ceiling=19.70, value=73523.0
    [iter 221676] reheat + diversify: ceiling=17.73, value=70182.0
    [iter 227429] reheat + diversify: ceiling=15.96, value=62462.0
    [iter 233182] reheat + diversify: ceiling=14.36, value=79765.0
    [iter 238935] reheat + diversify: ceiling=12.92, value=86012.0
    [iter 244688] reheat + diversify: ceiling=11.63, value=67295.0
    [iter 250441] reheat + diversify: ceiling=10.47, value=92240.0
    [iter 256194] reheat + diversify: ceiling=9.42, value=71631.0
    [iter 261947] reheat + diversify: ceiling=8.48, value=76410.0
    [iter 267700] reheat + diversify: ceiling=7.63, value=77195.0
    [iter 273453] reheat + diversify: ceiling=6.87, value=91138.0
    [iter 279206] reheat + diversify: ceiling=6.18, value=68397.0
    [iter 284959] reheat + diversify: ceiling=5.56, value=87778.0
    [iter 290712] reheat + diversify: ceiling=5.01, value=82340.0
    [iter 296465] reheat + diversify: ceiling=4.51, value=60263.0
    [iter 302218] reheat + diversify: ceiling=4.06, value=92923.0
    [iter 307971] reheat + diversify: ceiling=3.65, value=54328.0
    [iter 313724] reheat + diversify: ceiling=3.29, value=85891.0
    [iter 319477] reheat + diversify: ceiling=2.96, value=60263.0
    [iter 325230] reheat + diversify: ceiling=2.66, value=71948.0
    [iter 330983] reheat + diversify: ceiling=2.40, value=87778.0
    [iter 336736] reheat + diversify: ceiling=2.16, value=49554.0
    [iter 342489] reheat + diversify: ceiling=1.94, value=77195.0
    [iter 348242] reheat + diversify: ceiling=1.75, value=62462.0
    [iter 353995] reheat + diversify: ceiling=1.57, value=85891.0
    [iter 359748] reheat + diversify: ceiling=1.41, value=71948.0
    [iter 365501] reheat + diversify: ceiling=1.27, value=69061.0
    [iter 371254] reheat + diversify: ceiling=1.15, value=72069.0
    [iter 377007] reheat + diversify: ceiling=1.03, value=69494.0
    [iter 382760] reheat + diversify: ceiling=0.93, value=75620.0
    [iter 388513] reheat + diversify: ceiling=0.84, value=65822.0
    [iter 394266] reheat + diversify: ceiling=0.75, value=86012.0
    [iter 400019] reheat + diversify: ceiling=0.68, value=63935.0
    [iter 405772] reheat + diversify: ceiling=0.61, value=62150.0
    [iter 411525] reheat + diversify: ceiling=0.55, value=90353.0
    [iter 417278] reheat + diversify: ceiling=0.49, value=86012.0
    [iter 423031] reheat + diversify: ceiling=0.44, value=77195.0
    [iter 428784] reheat + diversify: ceiling=0.40, value=73835.0
    [iter 434537] reheat + diversify: ceiling=0.36, value=62150.0
    [iter 440290] reheat + diversify: ceiling=0.32, value=83004.0
    [iter 446043] reheat + diversify: ceiling=0.29, value=65822.0
    [iter 451796] reheat + diversify: ceiling=0.26, value=79765.0
    [iter 457549] reheat + diversify: ceiling=0.24, value=70967.0
    [iter 463302] reheat + diversify: ceiling=0.21, value=56903.0
    [iter 469055] reheat + diversify: ceiling=0.19, value=74518.0
    [iter 474808] reheat + diversify: ceiling=0.17, value=64720.0
    [iter 480561] reheat + diversify: ceiling=0.15, value=68271.0
    [iter 486314] reheat + diversify: ceiling=0.14, value=90353.0
    [iter 492067] reheat + diversify: ceiling=0.13, value=65384.0
    [iter 497820] reheat + diversify: ceiling=0.11, value=70846.0
    [iter 503573] reheat + diversify: ceiling=0.10, value=70163.0
    [iter 509326] reheat + diversify: ceiling=0.09, value=68397.0
    [iter 515079] reheat + diversify: ceiling=0.08, value=69494.0
    [iter 520832] reheat + diversify: ceiling=0.07, value=81219.0
    [iter 526585] reheat + diversify: ceiling=0.07, value=86012.0
    [iter 532338] reheat + diversify: ceiling=0.06, value=76410.0
    [iter 538091] reheat + diversify: ceiling=0.05, value=76093.0
    [iter 543844] reheat + diversify: ceiling=0.05, value=87797.0
    [iter 549597] reheat + diversify: ceiling=0.04, value=74518.0
    [iter 555350] reheat + diversify: ceiling=0.04, value=74518.0
    [iter 561103] reheat + diversify: ceiling=0.04, value=84891.0
    [iter 566856] reheat + diversify: ceiling=0.03, value=65822.0
    [iter 572609] reheat + diversify: ceiling=0.03, value=51758.0
    [iter 578362] reheat + diversify: ceiling=0.03, value=63252.0
    [iter 584115] reheat + diversify: ceiling=0.02, value=78980.0
    [iter 589868] reheat + diversify: ceiling=0.02, value=90353.0
    [iter 595621] reheat + diversify: ceiling=0.02, value=50656.0
    [iter 601374] reheat + diversify: ceiling=0.02, value=93240.0
    [iter 607127] reheat + diversify: ceiling=0.02, value=72752.0
    [iter 612880] reheat + diversify: ceiling=0.01, value=82340.0
    [iter 618633] reheat + diversify: ceiling=0.01, value=83004.0
    [iter 624386] reheat + diversify: ceiling=0.01, value=86012.0
    [iter 630139] reheat + diversify: ceiling=0.01, value=72733.0
    [iter 635892] reheat + diversify: ceiling=0.01, value=62150.0
    [iter 641645] reheat + diversify: ceiling=0.01, value=72069.0
    [iter 647398] reheat + diversify: ceiling=0.01, value=83004.0
    [iter 653151] reheat + diversify: ceiling=0.01, value=77195.0
    [iter 658904] reheat + diversify: ceiling=0.01, value=69494.0
    [iter 664657] reheat + diversify: ceiling=0.01, value=104296.0
    [iter 670410] reheat + diversify: ceiling=0.00, value=70967.0
    [iter 676163] reheat + diversify: ceiling=0.00, value=53226.0
    [iter 681916] reheat + diversify: ceiling=0.00, value=77195.0
    [iter 687669] reheat + diversify: ceiling=0.00, value=69846.0
    [iter 693422] reheat + diversify: ceiling=0.00, value=83442.0
    [iter 699175] reheat + diversify: ceiling=0.00, value=78980.0
    [iter 704928] reheat + diversify: ceiling=0.00, value=70163.0
    [iter 710681] reheat + diversify: ceiling=0.00, value=78980.0
    [iter 716434] reheat + diversify: ceiling=0.00, value=79765.0
    [iter 722187] reheat + diversify: ceiling=0.00, value=80082.0
    [iter 727940] reheat + diversify: ceiling=0.00, value=87778.0
    [iter 733693] reheat + diversify: ceiling=0.00, value=79765.0
    [iter 739446] reheat + diversify: ceiling=0.00, value=93240.0
    [iter 745199] reheat + diversify: ceiling=0.00, value=73523.0
    [iter 750952] reheat + diversify: ceiling=0.00, value=88568.0
    [iter 756705] reheat + diversify: ceiling=0.00, value=80867.0
    [iter 762458] reheat + diversify: ceiling=0.00, value=78668.0
    [iter 768211] reheat + diversify: ceiling=0.00, value=90353.0
    [iter 773964] reheat + diversify: ceiling=0.00, value=90353.0
    [iter 779717] reheat + diversify: ceiling=0.00, value=58790.0
    [iter 785470] reheat + diversify: ceiling=0.00, value=53664.0
    [iter 791223] reheat + diversify: ceiling=0.00, value=63252.0
    [iter 796976] reheat + diversify: ceiling=0.00, value=59892.0
    [iter 802729] reheat + diversify: ceiling=0.00, value=69061.0
    [iter 808482] reheat + diversify: ceiling=0.00, value=92240.0
    [iter 814235] reheat + diversify: ceiling=0.00, value=87466.0
    [iter 819988] reheat + diversify: ceiling=0.00, value=65701.0
    [iter 825741] reheat + diversify: ceiling=0.00, value=87778.0
    [iter 831494] reheat + diversify: ceiling=0.00, value=57688.0
    [iter 837247] reheat + diversify: ceiling=0.00, value=77878.0
    [iter 843000] reheat + diversify: ceiling=0.00, value=81550.0
    [iter 848753] reheat + diversify: ceiling=0.00, value=83004.0
    [iter 854506] reheat + diversify: ceiling=0.00, value=66174.0
    [iter 860259] reheat + diversify: ceiling=0.00, value=67607.0
    [iter 866012] reheat + diversify: ceiling=0.00, value=73050.0
    [iter 871765] reheat + diversify: ceiling=0.00, value=71948.0
    [iter 877518] reheat + diversify: ceiling=0.00, value=69080.0
    [iter 883271] reheat + diversify: ceiling=0.00, value=68271.0
    [iter 889024] reheat + diversify: ceiling=0.00, value=93713.0
    [iter 894777] reheat + diversify: ceiling=0.00, value=71948.0
    [iter 900530] reheat + diversify: ceiling=0.00, value=67486.0
    [iter 906283] reheat + diversify: ceiling=0.00, value=78980.0
    [iter 912036] reheat + diversify: ceiling=0.00, value=77878.0
    [iter 917789] reheat + diversify: ceiling=0.00, value=76093.0
    [iter 923542] reheat + diversify: ceiling=0.00, value=52562.0
    [iter 929295] reheat + diversify: ceiling=0.00, value=79765.0
    [iter 935048] reheat + diversify: ceiling=0.00, value=70182.0
    [iter 940801] reheat + diversify: ceiling=0.00, value=77878.0
    [iter 946554] reheat + diversify: ceiling=0.00, value=71948.0
    [iter 952307] reheat + diversify: ceiling=0.00, value=91138.0
    [iter 958060] reheat + diversify: ceiling=0.00, value=50656.0
    [iter 963813] reheat + diversify: ceiling=0.00, value=64720.0
    [iter 969566] reheat + diversify: ceiling=0.00, value=78980.0
    [iter 975319] reheat + diversify: ceiling=0.00, value=78980.0
    [iter 981072] reheat + diversify: ceiling=0.00, value=87466.0
    [iter 986825] reheat + diversify: ceiling=0.00, value=57024.0
    [iter 992578] reheat + diversify: ceiling=0.00, value=80082.0
    [iter 998331] reheat + diversify: ceiling=0.00, value=63497.0
    [iter 1004084] reheat + diversify: ceiling=0.00, value=97385.0
    [iter 1009837] reheat + diversify: ceiling=0.00, value=73050.0
    [iter 1015590] reheat + diversify: ceiling=0.00, value=64599.0
    [iter 1021343] reheat + diversify: ceiling=0.00, value=55118.0
    [iter 1027096] reheat + diversify: ceiling=0.00, value=80867.0
    [iter 1032849] reheat + diversify: ceiling=0.00, value=83004.0
    [iter 1038602] reheat + diversify: ceiling=0.00, value=90353.0
    [iter 1044355] reheat + diversify: ceiling=0.00, value=85891.0
    [iter 1050108] reheat + diversify: ceiling=0.00, value=87778.0
    [iter 1055861] reheat + diversify: ceiling=0.00, value=57688.0
    [iter 1061614] reheat + diversify: ceiling=0.00, value=86012.0
    [iter 1067367] reheat + diversify: ceiling=0.00, value=81550.0
    [iter 1073120] reheat + diversify: ceiling=0.00, value=82340.0
    [iter 1078873] reheat + diversify: ceiling=0.00, value=81867.0
    [iter 1084626] reheat + diversify: ceiling=0.00, value=70846.0
    [iter 1090379] reheat + diversify: ceiling=0.00, value=80082.0
    [iter 1096132] reheat + diversify: ceiling=0.00, value=76093.0
    [iter 1101885] reheat + diversify: ceiling=0.00, value=72069.0
    [iter 1107638] reheat + diversify: ceiling=0.00, value=69080.0
    [iter 1113391] reheat + diversify: ceiling=0.00, value=61677.0
    [iter 1119144] reheat + diversify: ceiling=0.00, value=67486.0
    [iter 1124897] reheat + diversify: ceiling=0.00, value=82340.0
    [iter 1130650] reheat + diversify: ceiling=0.00, value=87466.0
    [iter 1136403] reheat + diversify: ceiling=0.00, value=77214.0
    [iter 1142156] reheat + diversify: ceiling=0.00, value=77195.0
    [iter 1147909] reheat + diversify: ceiling=0.00, value=94815.0
    [iter 1153662] reheat + diversify: ceiling=0.00, value=86676.0
    [iter 1159415] reheat + diversify: ceiling=0.00, value=83004.0
    [iter 1165168] reheat + diversify: ceiling=0.00, value=83004.0
    [iter 1170921] reheat + diversify: ceiling=0.00, value=89251.0
    [iter 1176674] reheat + diversify: ceiling=0.00, value=86676.0
    [iter 1182427] reheat + diversify: ceiling=0.00, value=83442.0
    [iter 1188180] reheat + diversify: ceiling=0.00, value=66486.0
    [iter 1193933] reheat + diversify: ceiling=0.00, value=73733.0
    [iter 1199686] reheat + diversify: ceiling=0.00, value=80867.0
    [iter 1205439] reheat + diversify: ceiling=0.00, value=53664.0
    [iter 1211192] reheat + diversify: ceiling=0.00, value=89251.0
    [iter 1216945] reheat + diversify: ceiling=0.00, value=71948.0
    [iter 1222698] reheat + diversify: ceiling=0.00, value=93713.0
    [iter 1228451] reheat + diversify: ceiling=0.00, value=71948.0
    [iter 1234204] reheat + diversify: ceiling=0.00, value=97385.0
    [iter 1239957] reheat + diversify: ceiling=0.00, value=49554.0
    [iter 1245710] reheat + diversify: ceiling=0.00, value=98049.0
    [iter 1251463] reheat + diversify: ceiling=0.00, value=92923.0
    [iter 1257216] reheat + diversify: ceiling=0.00, value=90353.0
    [iter 1262969] reheat + diversify: ceiling=0.00, value=73523.0
    [iter 1268722] reheat + diversify: ceiling=0.00, value=82340.0
    [iter 1274475] reheat + diversify: ceiling=0.00, value=79644.0
    [iter 1280228] reheat + diversify: ceiling=0.00, value=72733.0
    [iter 1285981] reheat + diversify: ceiling=0.00, value=65720.0
    [iter 1291734] reheat + diversify: ceiling=0.00, value=97385.0
    [iter 1297487] reheat + diversify: ceiling=0.00, value=85891.0
    [iter 1303240] reheat + diversify: ceiling=0.00, value=67295.0
    [iter 1308993] reheat + diversify: ceiling=0.00, value=93240.0
    [iter 1314746] reheat + diversify: ceiling=0.00, value=76410.0
    [iter 1320499] reheat + diversify: ceiling=0.00, value=86676.0
    [iter 1326252] reheat + diversify: ceiling=0.00, value=58790.0
    [iter 1332005] reheat + diversify: ceiling=0.00, value=77878.0
    [iter 1337758] reheat + diversify: ceiling=0.00, value=77214.0
    [iter 1343511] reheat + diversify: ceiling=0.00, value=84125.0
    [iter 1349264] reheat + diversify: ceiling=0.00, value=91138.0
    [iter 1355017] reheat + diversify: ceiling=0.00, value=87778.0
    [iter 1360770] reheat + diversify: ceiling=0.00, value=84891.0
    [iter 1366523] reheat + diversify: ceiling=0.00, value=75620.0
    [iter 1372276] reheat + diversify: ceiling=0.00, value=85208.0
    [iter 1378029] reheat + diversify: ceiling=0.00, value=72752.0
    [iter 1383782] reheat + diversify: ceiling=0.00, value=80082.0
    [iter 1389535] reheat + diversify: ceiling=0.00, value=58005.0
    [iter 1395288] reheat + diversify: ceiling=0.00, value=73835.0
    [iter 1401041] reheat + diversify: ceiling=0.00, value=76410.0
    [iter 1406794] reheat + diversify: ceiling=0.00, value=93240.0
    [iter 1412547] reheat + diversify: ceiling=0.00, value=87466.0
    [iter 1418300] reheat + diversify: ceiling=0.00, value=74518.0
    [iter 1424053] reheat + diversify: ceiling=0.00, value=67959.0
    [iter 1429806] reheat + diversify: ceiling=0.00, value=70967.0
    [iter 1435559] reheat + diversify: ceiling=0.00, value=92240.0
    [iter 1441312] reheat + diversify: ceiling=0.00, value=91138.0
    [iter 1447065] reheat + diversify: ceiling=0.00, value=90353.0
    [iter 1452818] reheat + diversify: ceiling=0.00, value=72421.0
    [iter 1458571] reheat + diversify: ceiling=0.00, value=81550.0
    [iter 1464324] reheat + diversify: ceiling=0.00, value=73523.0
    [iter 1470077] reheat + diversify: ceiling=0.00, value=88778.0
    [iter 1475830] reheat + diversify: ceiling=0.00, value=77195.0
    [iter 1481583] reheat + diversify: ceiling=0.00, value=77195.0
    [iter 1487336] reheat + diversify: ceiling=0.00, value=91138.0
    [iter 1493089] reheat + diversify: ceiling=0.00, value=89670.0
    [iter 1498842] reheat + diversify: ceiling=0.00, value=90353.0
    [iter 1504595] reheat + diversify: ceiling=0.00, value=87466.0
    [iter 1510348] reheat + diversify: ceiling=0.00, value=70163.0
    [iter 1516101] reheat + diversify: ceiling=0.00, value=62833.0
    [iter 1521854] reheat + diversify: ceiling=0.00, value=90353.0
    [iter 1527607] reheat + diversify: ceiling=0.00, value=75620.0
    [iter 1533360] reheat + diversify: ceiling=0.00, value=77195.0
    [iter 1539113] reheat + diversify: ceiling=0.00, value=54016.0
    [iter 1544866] reheat + diversify: ceiling=0.00, value=69061.0
    [iter 1550619] reheat + diversify: ceiling=0.00, value=70967.0
    [iter 1556372] reheat + diversify: ceiling=0.00, value=79765.0
    [iter 1562125] reheat + diversify: ceiling=0.00, value=72069.0
    [iter 1567878] reheat + diversify: ceiling=0.00, value=66803.0
    [iter 1573631] reheat + diversify: ceiling=0.00, value=73854.0
    [iter 1579384] reheat + diversify: ceiling=0.00, value=70596.0
    [iter 1585137] reheat + diversify: ceiling=0.00, value=77195.0
    [iter 1590890] reheat + diversify: ceiling=0.00, value=88568.0
    [iter 1596643] reheat + diversify: ceiling=0.00, value=78542.0
    [iter 1602396] reheat + diversify: ceiling=0.00, value=65701.0
    [iter 1608149] reheat + diversify: ceiling=0.00, value=62150.0
    [iter 1613902] reheat + diversify: ceiling=0.00, value=58790.0
    [iter 1619655] reheat + diversify: ceiling=0.00, value=89251.0
    [iter 1625408] reheat + diversify: ceiling=0.00, value=80867.0
    [iter 1631161] reheat + diversify: ceiling=0.00, value=86012.0
    [iter 1636914] reheat + diversify: ceiling=0.00, value=65037.0
    [iter 1642667] reheat + diversify: ceiling=0.00, value=62814.0
    [iter 1648420] reheat + diversify: ceiling=0.00, value=86676.0
    [iter 1654173] reheat + diversify: ceiling=0.00, value=66803.0
    [iter 1659926] reheat + diversify: ceiling=0.00, value=72069.0
    [iter 1665679] reheat + diversify: ceiling=0.00, value=62150.0
    [iter 1671432] reheat + diversify: ceiling=0.00, value=86676.0
    [iter 1677185] reheat + diversify: ceiling=0.00, value=77195.0
    [iter 1682938] reheat + diversify: ceiling=0.00, value=68397.0
    [iter 1688691] reheat + diversify: ceiling=0.00, value=71948.0
    [iter 1694444] reheat + diversify: ceiling=0.00, value=108758.0
    [iter 1700197] reheat + diversify: ceiling=0.00, value=77195.0
    [iter 1705950] reheat + diversify: ceiling=0.00, value=69846.0
    [iter 1711703] reheat + diversify: ceiling=0.00, value=77195.0
    [iter 1717456] reheat + diversify: ceiling=0.00, value=70846.0
    [iter 1723209] reheat + diversify: ceiling=0.00, value=62462.0
    [iter 1728962] reheat + diversify: ceiling=0.00, value=74625.0
    [iter 1734715] reheat + diversify: ceiling=0.00, value=92240.0
    [iter 1740468] reheat + diversify: ceiling=0.00, value=74518.0
    [iter 1746221] reheat + diversify: ceiling=0.00, value=70967.0
    [iter 1751974] reheat + diversify: ceiling=0.00, value=79765.0
    [iter 1757727] reheat + diversify: ceiling=0.00, value=69061.0
    [iter 1763480] reheat + diversify: ceiling=0.00, value=84891.0
    [iter 1769233] reheat + diversify: ceiling=0.00, value=85891.0
    [iter 1774986] reheat + diversify: ceiling=0.00, value=86676.0
    [iter 1780739] reheat + diversify: ceiling=0.00, value=71948.0
    [iter 1786492] reheat + diversify: ceiling=0.00, value=78980.0
    [iter 1792245] reheat + diversify: ceiling=0.00, value=86676.0
    [iter 1797998] reheat + diversify: ceiling=0.00, value=84106.0
    [iter 1803751] reheat + diversify: ceiling=0.00, value=86012.0
    [iter 1809504] reheat + diversify: ceiling=0.00, value=78980.0
    [iter 1815257] reheat + diversify: ceiling=0.00, value=58790.0
    [iter 1821010] reheat + diversify: ceiling=0.00, value=49554.0
    [iter 1826763] reheat + diversify: ceiling=0.00, value=79765.0
    [iter 1832516] reheat + diversify: ceiling=0.00, value=82652.0
    [iter 1838269] reheat + diversify: ceiling=0.00, value=71948.0
    [iter 1844022] reheat + diversify: ceiling=0.00, value=77195.0
    [iter 1849775] reheat + diversify: ceiling=0.00, value=70846.0
    [iter 1855528] reheat + diversify: ceiling=0.00, value=77195.0
    [iter 1861281] reheat + diversify: ceiling=0.00, value=86012.0
    [iter 1867034] reheat + diversify: ceiling=0.00, value=80867.0
    [iter 1872787] reheat + diversify: ceiling=0.00, value=66486.0
    [iter 1878540] reheat + diversify: ceiling=0.00, value=63935.0
    [iter 1884293] reheat + diversify: ceiling=0.00, value=88568.0
    [iter 1890046] reheat + diversify: ceiling=0.00, value=66384.0
    [iter 1895799] reheat + diversify: ceiling=0.00, value=69846.0
    [iter 1901552] reheat + diversify: ceiling=0.00, value=68392.0
    [iter 1907305] reheat + diversify: ceiling=0.00, value=85891.0
    [iter 1913058] reheat + diversify: ceiling=0.00, value=87778.0
    [iter 1918811] reheat + diversify: ceiling=0.00, value=76093.0
    [iter 1924564] reheat + diversify: ceiling=0.00, value=86012.0
    [iter 1930317] reheat + diversify: ceiling=0.00, value=90353.0
    [iter 1936070] reheat + diversify: ceiling=0.00, value=57688.0
    [iter 1941823] reheat + diversify: ceiling=0.00, value=77878.0
    [iter 1947576] reheat + diversify: ceiling=0.00, value=91455.0
    [iter 1953329] reheat + diversify: ceiling=0.00, value=77878.0
    [iter 1959082] reheat + diversify: ceiling=0.00, value=97385.0
    [iter 1964835] reheat + diversify: ceiling=0.00, value=73518.0
    [iter 1970588] reheat + diversify: ceiling=0.00, value=69061.0
    [iter 1976341] reheat + diversify: ceiling=0.00, value=63935.0
    [iter 1982094] reheat + diversify: ceiling=0.00, value=77878.0
    [iter 1987847] reheat + diversify: ceiling=0.00, value=48890.0
    [iter 1993600] reheat + diversify: ceiling=0.00, value=85891.0
    [iter 1999353] reheat + diversify: ceiling=0.00, value=70846.0
    [iter 2005106] reheat + diversify: ceiling=0.00, value=68397.0
    [iter 2010859] reheat + diversify: ceiling=0.00, value=79765.0
    [iter 2016612] reheat + diversify: ceiling=0.00, value=61712.0
    [iter 2022365] reheat + diversify: ceiling=0.00, value=62150.0
    [iter 2028118] reheat + diversify: ceiling=0.00, value=85891.0
    [iter 2033871] reheat + diversify: ceiling=0.00, value=71948.0
    [iter 2039624] reheat + diversify: ceiling=0.00, value=70163.0
    [iter 2045377] reheat + diversify: ceiling=0.00, value=82652.0
    [iter 2051130] reheat + diversify: ceiling=0.00, value=73050.0
    [iter 2056883] reheat + diversify: ceiling=0.00, value=62150.0
    [iter 2062636] reheat + diversify: ceiling=0.00, value=86012.0
    [iter 2068389] reheat + diversify: ceiling=0.00, value=93240.0
    [iter 2074142] reheat + diversify: ceiling=0.00, value=74937.0
    [iter 2079895] reheat + diversify: ceiling=0.00, value=77195.0
    [iter 2085648] reheat + diversify: ceiling=0.00, value=83004.0
    [iter 2091401] reheat + diversify: ceiling=0.00, value=83004.0
    [iter 2097154] reheat + diversify: ceiling=0.00, value=70967.0
    [iter 2102907] reheat + diversify: ceiling=0.00, value=71948.0
    [iter 2108660] reheat + diversify: ceiling=0.00, value=90353.0
    [iter 2114413] reheat + diversify: ceiling=0.00, value=69061.0
    [iter 2120166] reheat + diversify: ceiling=0.00, value=82340.0
    [iter 2125919] reheat + diversify: ceiling=0.00, value=73854.0
    [iter 2131672] reheat + diversify: ceiling=0.00, value=86993.0
    [iter 2137425] reheat + diversify: ceiling=0.00, value=86676.0
    [iter 2143178] reheat + diversify: ceiling=0.00, value=81550.0
    [iter 2148931] reheat + diversify: ceiling=0.00, value=77195.0
    [iter 2154684] reheat + diversify: ceiling=0.00, value=56586.0
    [iter 2160437] reheat + diversify: ceiling=0.00, value=91138.0
    [iter 2166190] reheat + diversify: ceiling=0.00, value=74518.0
    [iter 2171943] reheat + diversify: ceiling=0.00, value=83442.0
    [iter 2177696] reheat + diversify: ceiling=0.00, value=79765.0
    [iter 2183449] reheat + diversify: ceiling=0.00, value=58005.0
    [iter 2189202] reheat + diversify: ceiling=0.00, value=70163.0
    [iter 2194955] reheat + diversify: ceiling=0.00, value=73854.0
    [iter 2200708] reheat + diversify: ceiling=0.00, value=67607.0
    [iter 2206461] reheat + diversify: ceiling=0.00, value=63935.0
    [iter 2212214] reheat + diversify: ceiling=0.00, value=69080.0
    [iter 2217967] reheat + diversify: ceiling=0.00, value=73835.0
    [iter 2223720] reheat + diversify: ceiling=0.00, value=75620.0
    [iter 2229473] reheat + diversify: ceiling=0.00, value=58790.0
    [iter 2235226] reheat + diversify: ceiling=0.00, value=75308.0
    [iter 2240979] reheat + diversify: ceiling=0.00, value=99834.0
    [iter 2246732] reheat + diversify: ceiling=0.00, value=88568.0
    [iter 2252485] reheat + diversify: ceiling=0.00, value=52914.0
    [iter 2258238] reheat + diversify: ceiling=0.00, value=80765.0
    [iter 2263991] reheat + diversify: ceiling=0.00, value=86993.0
    [iter 2269744] reheat + diversify: ceiling=0.00, value=85891.0
    [iter 2275497] reheat + diversify: ceiling=0.00, value=91138.0
    [iter 2281250] reheat + diversify: ceiling=0.00, value=69846.0
    [iter 2287003] reheat + diversify: ceiling=0.00, value=65701.0
    [iter 2292756] reheat + diversify: ceiling=0.00, value=70967.0
    [iter 2298509] reheat + diversify: ceiling=0.00, value=71948.0
    [iter 2304262] reheat + diversify: ceiling=0.00, value=73854.0
    [iter 2310015] reheat + diversify: ceiling=0.00, value=72069.0
    [iter 2315768] reheat + diversify: ceiling=0.00, value=68397.0
    [iter 2321521] reheat + diversify: ceiling=0.00, value=95810.0
    [iter 2327274] reheat + diversify: ceiling=0.00, value=70967.0
    [iter 2333027] reheat + diversify: ceiling=0.00, value=86012.0
    [iter 2338780] reheat + diversify: ceiling=0.00, value=63935.0
    [iter 2344533] reheat + diversify: ceiling=0.00, value=86676.0
    [iter 2350286] reheat + diversify: ceiling=0.00, value=65701.0
    [iter 2356039] reheat + diversify: ceiling=0.00, value=79644.0
    [iter 2361792] reheat + diversify: ceiling=0.00, value=85891.0
    [iter 2367545] reheat + diversify: ceiling=0.00, value=71948.0
    [iter 2373298] reheat + diversify: ceiling=0.00, value=71948.0
    [iter 2379051] reheat + diversify: ceiling=0.00, value=87466.0
    [iter 2384804] reheat + diversify: ceiling=0.00, value=62814.0
    [iter 2390557] reheat + diversify: ceiling=0.00, value=83004.0
    [iter 2396310] reheat + diversify: ceiling=0.00, value=50656.0
    [iter 2402063] reheat + diversify: ceiling=0.00, value=73523.0
    [iter 2407816] reheat + diversify: ceiling=0.00, value=99834.0
    [iter 2413569] reheat + diversify: ceiling=0.00, value=73523.0
    [iter 2419322] reheat + diversify: ceiling=0.00, value=59580.0
    [iter 2425075] reheat + diversify: ceiling=0.00, value=66486.0
    [iter 2430828] reheat + diversify: ceiling=0.00, value=51460.0
    [iter 2436581] reheat + diversify: ceiling=0.00, value=83004.0
    [iter 2442334] reheat + diversify: ceiling=0.00, value=65822.0
    [iter 2448087] reheat + diversify: ceiling=0.00, value=58790.0
    [iter 2453840] reheat + diversify: ceiling=0.00, value=55118.0
    [iter 2459593] reheat + diversify: ceiling=0.00, value=100272.0
    [iter 2465346] reheat + diversify: ceiling=0.00, value=83004.0
    [iter 2471099] reheat + diversify: ceiling=0.00, value=78980.0
    [iter 2476852] reheat + diversify: ceiling=0.00, value=63935.0
    [iter 2482605] reheat + diversify: ceiling=0.00, value=63935.0
    [iter 2488358] reheat + diversify: ceiling=0.00, value=90353.0
    [iter 2494111] reheat + diversify: ceiling=0.00, value=86993.0
    [iter 2499864] reheat + diversify: ceiling=0.00, value=79765.0
    [iter 2505617] reheat + diversify: ceiling=0.00, value=70967.0
    [iter 2511370] reheat + diversify: ceiling=0.00, value=69080.0
    [iter 2517123] reheat + diversify: ceiling=0.00, value=78668.0
    [iter 2522876] reheat + diversify: ceiling=0.00, value=75308.0
    [iter 2528629] reheat + diversify: ceiling=0.00, value=75308.0
    [iter 2534382] reheat + diversify: ceiling=0.00, value=95810.0
    [iter 2540135] reheat + diversify: ceiling=0.00, value=84106.0
    [iter 2545888] reheat + diversify: ceiling=0.00, value=87778.0
    [iter 2551641] reheat + diversify: ceiling=0.00, value=86012.0
    [iter 2557394] reheat + diversify: ceiling=0.00, value=65720.0
    [iter 2563147] reheat + diversify: ceiling=0.00, value=78668.0
    [iter 2568900] reheat + diversify: ceiling=0.00, value=86310.0
    [iter 2574653] reheat + diversify: ceiling=0.00, value=85891.0
    [iter 2580406] reheat + diversify: ceiling=0.00, value=86012.0
    [iter 2586159] reheat + diversify: ceiling=0.00, value=66924.0
    [iter 2591912] reheat + diversify: ceiling=0.00, value=85891.0
    [iter 2597665] reheat + diversify: ceiling=0.00, value=93240.0
    [iter 2603418] reheat + diversify: ceiling=0.00, value=77195.0
    [iter 2609171] reheat + diversify: ceiling=0.00, value=76410.0
    [iter 2614924] reheat + diversify: ceiling=0.00, value=79765.0
    [iter 2620677] reheat + diversify: ceiling=0.00, value=68397.0
    [iter 2626430] reheat + diversify: ceiling=0.00, value=63935.0
    [iter 2632183] reheat + diversify: ceiling=0.00, value=77878.0
    [iter 2637936] reheat + diversify: ceiling=0.00, value=76410.0
    [iter 2643689] reheat + diversify: ceiling=0.00, value=58478.0
    [iter 2649442] reheat + diversify: ceiling=0.00, value=88568.0
    [iter 2655195] reheat + diversify: ceiling=0.00, value=77214.0
    [iter 2660948] reheat + diversify: ceiling=0.00, value=103613.0
    [iter 2666701] reheat + diversify: ceiling=0.00, value=78542.0
    [iter 2672454] reheat + diversify: ceiling=0.00, value=90353.0
    [iter 2678207] reheat + diversify: ceiling=0.00, value=71948.0
    [iter 2683960] reheat + diversify: ceiling=0.00, value=67959.0
    [iter 2689713] reheat + diversify: ceiling=0.00, value=78980.0
    [iter 2695466] reheat + diversify: ceiling=0.00, value=58790.0
    [iter 2701219] reheat + diversify: ceiling=0.00, value=108758.0
    [iter 2706972] reheat + diversify: ceiling=0.00, value=66486.0
    [iter 2712725] reheat + diversify: ceiling=0.00, value=80867.0
    [iter 2718478] reheat + diversify: ceiling=0.00, value=83442.0
    [iter 2724231] reheat + diversify: ceiling=0.00, value=77195.0
    [iter 2729984] reheat + diversify: ceiling=0.00, value=69061.0
    [iter 2735737] reheat + diversify: ceiling=0.00, value=67295.0
    [iter 2741490] reheat + diversify: ceiling=0.00, value=75991.0
    [iter 2747243] reheat + diversify: ceiling=0.00, value=91138.0
    [iter 2752996] reheat + diversify: ceiling=0.00, value=104296.0
    [iter 2758749] reheat + diversify: ceiling=0.00, value=68709.0
    [iter 2764502] reheat + diversify: ceiling=0.00, value=78980.0
    [iter 2770255] reheat + diversify: ceiling=0.00, value=66924.0
    [iter 2776008] reheat + diversify: ceiling=0.00, value=78980.0
    [iter 2781761] reheat + diversify: ceiling=0.00, value=97385.0
    [iter 2787514] reheat + diversify: ceiling=0.00, value=97385.0
    [iter 2793267] reheat + diversify: ceiling=0.00, value=79644.0
    [iter 2799020] reheat + diversify: ceiling=0.00, value=76093.0
    [iter 2804773] reheat + diversify: ceiling=0.00, value=82340.0
    [iter 2810526] reheat + diversify: ceiling=0.00, value=60263.0
    [iter 2816279] reheat + diversify: ceiling=0.00, value=77195.0
    [iter 2822032] reheat + diversify: ceiling=0.00, value=65037.0
    [iter 2827785] reheat + diversify: ceiling=0.00, value=90353.0
    [iter 2833538] reheat + diversify: ceiling=0.00, value=86012.0
    [iter 2839291] reheat + diversify: ceiling=0.00, value=93240.0
    [iter 2845044] reheat + diversify: ceiling=0.00, value=62833.0
    [iter 2850797] reheat + diversify: ceiling=0.00, value=86676.0
    [iter 2856550] reheat + diversify: ceiling=0.00, value=93240.0
    [iter 2862303] reheat + diversify: ceiling=0.00, value=58790.0
    [iter 2868056] reheat + diversify: ceiling=0.00, value=82340.0
    [iter 2873809] reheat + diversify: ceiling=0.00, value=85891.0
    [iter 2879562] reheat + diversify: ceiling=0.00, value=69846.0
    [iter 2885315] reheat + diversify: ceiling=0.00, value=85891.0
    [iter 2891068] reheat + diversify: ceiling=0.00, value=74937.0
    [iter 2896821] reheat + diversify: ceiling=0.00, value=77195.0
    [iter 2902574] reheat + diversify: ceiling=0.00, value=72733.0
    [iter 2908327] reheat + diversify: ceiling=0.00, value=104296.0
    [iter 2914080] reheat + diversify: ceiling=0.00, value=54016.0
    [iter 2919833] reheat + diversify: ceiling=0.00, value=58790.0
    [iter 2925586] reheat + diversify: ceiling=0.00, value=70163.0
    [iter 2931339] reheat + diversify: ceiling=0.00, value=73523.0
    [iter 2937092] reheat + diversify: ceiling=0.00, value=72733.0
    [iter 2942845] reheat + diversify: ceiling=0.00, value=86012.0
    [iter 2948598] reheat + diversify: ceiling=0.00, value=59892.0
    [iter 2954351] reheat + diversify: ceiling=0.00, value=65037.0
    [iter 2960104] reheat + diversify: ceiling=0.00, value=97385.0
    [iter 2965857] reheat + diversify: ceiling=0.00, value=76093.0
    [iter 2971610] reheat + diversify: ceiling=0.00, value=86012.0
    [iter 2977363] reheat + diversify: ceiling=0.00, value=70967.0
    [iter 2983116] reheat + diversify: ceiling=0.00, value=85891.0
    [iter 2988869] reheat + diversify: ceiling=0.00, value=92923.0
    [iter 2994622] reheat + diversify: ceiling=0.00, value=58790.0
    [iter 3000375] reheat + diversify: ceiling=0.00, value=62150.0
    [iter 3006128] reheat + diversify: ceiling=0.00, value=76093.0
    [iter 3011881] reheat + diversify: ceiling=0.00, value=70846.0
    [iter 3017634] reheat + diversify: ceiling=0.00, value=86676.0
    [iter 3023387] reheat + diversify: ceiling=0.00, value=94815.0
    [iter 3029140] reheat + diversify: ceiling=0.00, value=71948.0
    [iter 3034893] reheat + diversify: ceiling=0.00, value=75308.0
    [iter 3040646] reheat + diversify: ceiling=0.00, value=55118.0
    [iter 3046399] reheat + diversify: ceiling=0.00, value=78297.0
    [iter 3052152] reheat + diversify: ceiling=0.00, value=90353.0
    [iter 3057905] reheat + diversify: ceiling=0.00, value=50656.0
    [iter 3063658] reheat + diversify: ceiling=0.00, value=91138.0
    [iter 3069411] reheat + diversify: ceiling=0.00, value=91138.0
    [iter 3075164] reheat + diversify: ceiling=0.00, value=78980.0
    [iter 3080917] reheat + diversify: ceiling=0.00, value=91138.0
    [iter 3086670] reheat + diversify: ceiling=0.00, value=88568.0
    [iter 3092423] reheat + diversify: ceiling=0.00, value=85891.0
    [iter 3098176] reheat + diversify: ceiling=0.00, value=51758.0
    [iter 3103929] reheat + diversify: ceiling=0.00, value=73050.0
    [iter 3109682] reheat + diversify: ceiling=0.00, value=50656.0
    [iter 3115435] reheat + diversify: ceiling=0.00, value=72733.0
    [iter 3121188] reheat + diversify: ceiling=0.00, value=65037.0
    [iter 3126941] reheat + diversify: ceiling=0.00, value=79770.0
    [iter 3132694] reheat + diversify: ceiling=0.00, value=81550.0
    [iter 3138447] reheat + diversify: ceiling=0.00, value=93240.0
    [iter 3144200] reheat + diversify: ceiling=0.00, value=79765.0
    [iter 3149953] reheat + diversify: ceiling=0.00, value=67959.0
    [iter 3155706] reheat + diversify: ceiling=0.00, value=80867.0
    [iter 3161459] reheat + diversify: ceiling=0.00, value=86012.0
    [iter 3167212] reheat + diversify: ceiling=0.00, value=90353.0
    [iter 3172965] reheat + diversify: ceiling=0.00, value=86993.0
    [iter 3178718] reheat + diversify: ceiling=0.00, value=85891.0
    [iter 3184471] reheat + diversify: ceiling=0.00, value=66486.0
    [iter 3190224] reheat + diversify: ceiling=0.00, value=93240.0
    [iter 3195977] reheat + diversify: ceiling=0.00, value=69061.0
    [iter 3201730] reheat + diversify: ceiling=0.00, value=83004.0
    [iter 3207483] reheat + diversify: ceiling=0.00, value=86012.0
    [iter 3213236] reheat + diversify: ceiling=0.00, value=62150.0
    [iter 3218989] reheat + diversify: ceiling=0.00, value=86012.0
    [iter 3224742] reheat + diversify: ceiling=0.00, value=75620.0
    [iter 3230495] reheat + diversify: ceiling=0.00, value=94815.0
    [iter 3236248] reheat + diversify: ceiling=0.00, value=70967.0
    [iter 3242001] reheat + diversify: ceiling=0.00, value=76093.0
    [iter 3247754] reheat + diversify: ceiling=0.00, value=85891.0
    [iter 3253507] reheat + diversify: ceiling=0.00, value=89251.0
    [iter 3259260] reheat + diversify: ceiling=0.00, value=63935.0
    [iter 3265013] reheat + diversify: ceiling=0.00, value=72069.0
    [iter 3270766] reheat + diversify: ceiling=0.00, value=66822.0
    [iter 3276519] reheat + diversify: ceiling=0.00, value=79644.0
    [iter 3282272] reheat + diversify: ceiling=0.00, value=74518.0
    [iter 3288025] reheat + diversify: ceiling=0.00, value=93240.0
    [iter 3293778] reheat + diversify: ceiling=0.00, value=58790.0
    [iter 3299531] reheat + diversify: ceiling=0.00, value=83004.0
    [iter 3305284] reheat + diversify: ceiling=0.00, value=67295.0
    [iter 3311037] reheat + diversify: ceiling=0.00, value=85891.0
    [iter 3316790] reheat + diversify: ceiling=0.00, value=94025.0
    [iter 3322543] reheat + diversify: ceiling=0.00, value=86012.0
    [iter 3328296] reheat + diversify: ceiling=0.00, value=80082.0
    [iter 3334049] reheat + diversify: ceiling=0.00, value=86012.0
    [iter 3339802] reheat + diversify: ceiling=0.00, value=73050.0
    [iter 3345555] reheat + diversify: ceiling=0.00, value=65822.0
    [iter 3351308] reheat + diversify: ceiling=0.00, value=75308.0
    [iter 3357061] reheat + diversify: ceiling=0.00, value=58790.0
    [iter 3362814] reheat + diversify: ceiling=0.00, value=82340.0
    [iter 3368567] reheat + diversify: ceiling=0.00, value=65701.0
    [iter 3374320] reheat + diversify: ceiling=0.00, value=80082.0
    [iter 3380073] reheat + diversify: ceiling=0.00, value=97385.0
    [iter 3385826] reheat + diversify: ceiling=0.00, value=83004.0
    [iter 3391579] reheat + diversify: ceiling=0.00, value=86012.0
    [iter 3397332] reheat + diversify: ceiling=0.00, value=73523.0
    [iter 3403085] reheat + diversify: ceiling=0.00, value=54016.0
    [iter 3408838] reheat + diversify: ceiling=0.00, value=79765.0
    [iter 3414591] reheat + diversify: ceiling=0.00, value=87466.0
    [iter 3420344] reheat + diversify: ceiling=0.00, value=80867.0
    [iter 3426097] reheat + diversify: ceiling=0.00, value=78980.0
    [iter 3431850] reheat + diversify: ceiling=0.00, value=86676.0
    [iter 3437603] reheat + diversify: ceiling=0.00, value=76093.0
    [iter 3443356] reheat + diversify: ceiling=0.00, value=73523.0
    [iter 3449109] reheat + diversify: ceiling=0.00, value=86676.0
    [iter 3454862] reheat + diversify: ceiling=0.00, value=57024.0
    [iter 3460615] reheat + diversify: ceiling=0.00, value=78980.0
    [iter 3466368] reheat + diversify: ceiling=0.00, value=86012.0
    [iter 3472121] reheat + diversify: ceiling=0.00, value=87466.0
    [iter 3477874] reheat + diversify: ceiling=0.00, value=85891.0
    [iter 3483627] reheat + diversify: ceiling=0.00, value=85891.0
    [iter 3489380] reheat + diversify: ceiling=0.00, value=71948.0
    [iter 3495133] reheat + diversify: ceiling=0.00, value=72733.0
    [iter 3500886] reheat + diversify: ceiling=0.00, value=90353.0
    [iter 3506639] reheat + diversify: ceiling=0.00, value=69080.0
    [iter 3512392] reheat + diversify: ceiling=0.00, value=86012.0
    [iter 3518145] reheat + diversify: ceiling=0.00, value=77195.0
    [iter 3523898] reheat + diversify: ceiling=0.00, value=92923.0
    [iter 3529651] reheat + diversify: ceiling=0.00, value=65701.0
    [iter 3535404] reheat + diversify: ceiling=0.00, value=88568.0
    [iter 3541157] reheat + diversify: ceiling=0.00, value=86676.0
    [iter 3546910] reheat + diversify: ceiling=0.00, value=78980.0
    [iter 3552663] reheat + diversify: ceiling=0.00, value=65720.0
    [iter 3558416] reheat + diversify: ceiling=0.00, value=66486.0
    [iter 3564169] reheat + diversify: ceiling=0.00, value=87466.0
    [iter 3569922] reheat + diversify: ceiling=0.00, value=74835.0
    [iter 3575675] reheat + diversify: ceiling=0.00, value=73523.0
    [iter 3581428] reheat + diversify: ceiling=0.00, value=94025.0
    [iter 3587181] reheat + diversify: ceiling=0.00, value=91138.0
    [iter 3592934] reheat + diversify: ceiling=0.00, value=75308.0
    [iter 3598687] reheat + diversify: ceiling=0.00, value=80867.0
    [iter 3604440] reheat + diversify: ceiling=0.00, value=56903.0
    [iter 3610193] reheat + diversify: ceiling=0.00, value=72733.0
    [iter 3615946] reheat + diversify: ceiling=0.00, value=81550.0
    [iter 3621699] reheat + diversify: ceiling=0.00, value=86012.0
    [iter 3627452] reheat + diversify: ceiling=0.00, value=86012.0
    [iter 3633205] reheat + diversify: ceiling=0.00, value=58790.0
    [iter 3638958] reheat + diversify: ceiling=0.00, value=86012.0
    [iter 3644711] reheat + diversify: ceiling=0.00, value=86993.0
    [iter 3650464] reheat + diversify: ceiling=0.00, value=78980.0
    [iter 3656217] reheat + diversify: ceiling=0.00, value=76093.0
    [iter 3661970] reheat + diversify: ceiling=0.00, value=66384.0
    [iter 3667723] reheat + diversify: ceiling=0.00, value=63935.0
    [iter 3673476] reheat + diversify: ceiling=0.00, value=83004.0
    [iter 3679229] reheat + diversify: ceiling=0.00, value=78980.0
    [iter 3684982] reheat + diversify: ceiling=0.00, value=73518.0
    [iter 3690735] reheat + diversify: ceiling=0.00, value=82340.0
    [iter 3696488] reheat + diversify: ceiling=0.00, value=75308.0
    [iter 3702241] reheat + diversify: ceiling=0.00, value=72733.0
    [iter 3707994] reheat + diversify: ceiling=0.00, value=71631.0
    [iter 3713747] reheat + diversify: ceiling=0.00, value=70182.0
    [iter 3719500] reheat + diversify: ceiling=0.00, value=90353.0
    [iter 3725253] reheat + diversify: ceiling=0.00, value=71631.0
    [iter 3731006] reheat + diversify: ceiling=0.00, value=76093.0
    [iter 3736759] reheat + diversify: ceiling=0.00, value=60575.0
    [iter 3742512] reheat + diversify: ceiling=0.00, value=65822.0
    [iter 3748265] reheat + diversify: ceiling=0.00, value=83004.0
    [iter 3754018] reheat + diversify: ceiling=0.00, value=90353.0
    [iter 3759771] reheat + diversify: ceiling=0.00, value=69846.0
    [iter 3765524] reheat + diversify: ceiling=0.00, value=77195.0
    [iter 3771277] reheat + diversify: ceiling=0.00, value=83004.0
    [iter 3777030] reheat + diversify: ceiling=0.00, value=93240.0
    [iter 3782783] reheat + diversify: ceiling=0.00, value=65701.0
    [iter 3788536] reheat + diversify: ceiling=0.00, value=108758.0
    [iter 3794289] reheat + diversify: ceiling=0.00, value=81550.0
    [iter 3800042] reheat + diversify: ceiling=0.00, value=74206.0
    [iter 3805795] reheat + diversify: ceiling=0.00, value=86012.0
    [iter 3811548] reheat + diversify: ceiling=0.00, value=81550.0
    [iter 3817301] reheat + diversify: ceiling=0.00, value=93240.0
    [iter 3823054] reheat + diversify: ceiling=0.00, value=80867.0
    [iter 3828807] reheat + diversify: ceiling=0.00, value=84106.0
    [iter 3834560] reheat + diversify: ceiling=0.00, value=88461.0
    [iter 3840313] reheat + diversify: ceiling=0.00, value=72733.0
    [iter 3846066] reheat + diversify: ceiling=0.00, value=85227.0
    [iter 3851819] reheat + diversify: ceiling=0.00, value=78980.0
    [iter 3857572] reheat + diversify: ceiling=0.00, value=83442.0
    [iter 3863325] reheat + diversify: ceiling=0.00, value=73523.0
    [iter 3869078] reheat + diversify: ceiling=0.00, value=63935.0
    [iter 3874831] reheat + diversify: ceiling=0.00, value=85891.0
    [iter 3880584] reheat + diversify: ceiling=0.00, value=79765.0
    [iter 3886337] reheat + diversify: ceiling=0.00, value=85891.0
    [iter 3892090] reheat + diversify: ceiling=0.00, value=100936.0
    [iter 3897843] reheat + diversify: ceiling=0.00, value=69744.0
    [iter 3903596] reheat + diversify: ceiling=0.00, value=87466.0
    [iter 3909349] reheat + diversify: ceiling=0.00, value=85891.0
    [iter 3915102] reheat + diversify: ceiling=0.00, value=91138.0
    [iter 3920855] reheat + diversify: ceiling=0.00, value=85891.0
    [iter 3926608] reheat + diversify: ceiling=0.00, value=85891.0
    [iter 3932361] reheat + diversify: ceiling=0.00, value=84106.0
    [iter 3938114] reheat + diversify: ceiling=0.00, value=85891.0
    [iter 3943867] reheat + diversify: ceiling=0.00, value=70846.0
    [iter 3949620] reheat + diversify: ceiling=0.00, value=73835.0
    [iter 3955373] reheat + diversify: ceiling=0.00, value=94815.0
    [iter 3961126] reheat + diversify: ceiling=0.00, value=85891.0
    [iter 3966879] reheat + diversify: ceiling=0.00, value=80867.0
    [iter 3972632] reheat + diversify: ceiling=0.00, value=67486.0
    [iter 3978385] reheat + diversify: ceiling=0.00, value=65701.0
    [iter 3984138] reheat + diversify: ceiling=0.00, value=52562.0
    [iter 3989891] reheat + diversify: ceiling=0.00, value=84891.0
    [iter 3995644] reheat + diversify: ceiling=0.00, value=92138.0
    [iter 4001397] reheat + diversify: ceiling=0.00, value=63935.0
    [iter 4007150] reheat + diversify: ceiling=0.00, value=68588.0
    [iter 4012903] reheat + diversify: ceiling=0.00, value=91455.0
    [iter 4018656] reheat + diversify: ceiling=0.00, value=67959.0
    [iter 4024409] reheat + diversify: ceiling=0.00, value=76410.0
    [iter 4030162] reheat + diversify: ceiling=0.00, value=84891.0
    [iter 4035915] reheat + diversify: ceiling=0.00, value=72752.0
    [iter 4041668] reheat + diversify: ceiling=0.00, value=108758.0
    [iter 4047421] reheat + diversify: ceiling=0.00, value=85891.0
    [iter 4053174] reheat + diversify: ceiling=0.00, value=58790.0
    [iter 4058927] reheat + diversify: ceiling=0.00, value=86676.0
    [iter 4064680] reheat + diversify: ceiling=0.00, value=65701.0
    [iter 4070433] reheat + diversify: ceiling=0.00, value=51758.0
    [iter 4076186] reheat + diversify: ceiling=0.00, value=70967.0
    [iter 4081939] reheat + diversify: ceiling=0.00, value=89251.0
    [iter 4087692] reheat + diversify: ceiling=0.00, value=67607.0
    [iter 4093445] reheat + diversify: ceiling=0.00, value=90353.0
    [iter 4099198] reheat + diversify: ceiling=0.00, value=78542.0
    [iter 4104951] reheat + diversify: ceiling=0.00, value=76410.0
    [iter 4110704] reheat + diversify: ceiling=0.00, value=77878.0
    [iter 4116457] reheat + diversify: ceiling=0.00, value=92923.0
    [iter 4122210] reheat + diversify: ceiling=0.00, value=86012.0
    [iter 4127963] reheat + diversify: ceiling=0.00, value=82340.0
    [iter 4133716] reheat + diversify: ceiling=0.00, value=71631.0
    [iter 4139469] reheat + diversify: ceiling=0.00, value=66486.0
    [iter 4145222] reheat + diversify: ceiling=0.00, value=62150.0
    [iter 4150975] reheat + diversify: ceiling=0.00, value=90353.0
    [iter 4156728] reheat + diversify: ceiling=0.00, value=87778.0
    [iter 4162481] reheat + diversify: ceiling=0.00, value=50656.0
    [iter 4168234] reheat + diversify: ceiling=0.00, value=86012.0
    [iter 4173987] reheat + diversify: ceiling=0.00, value=65037.0
    [iter 4179740] reheat + diversify: ceiling=0.00, value=64720.0
    [iter 4185493] reheat + diversify: ceiling=0.00, value=72733.0
    [iter 4191246] reheat + diversify: ceiling=0.00, value=70846.0
    [iter 4196999] reheat + diversify: ceiling=0.00, value=80765.0
    [iter 4202752] reheat + diversify: ceiling=0.00, value=78980.0
    [iter 4208505] reheat + diversify: ceiling=0.00, value=72733.0
    [iter 4214258] reheat + diversify: ceiling=0.00, value=79765.0
    [iter 4220011] reheat + diversify: ceiling=0.00, value=87778.0
    [iter 4225764] reheat + diversify: ceiling=0.00, value=55118.0
    [iter 4231517] reheat + diversify: ceiling=0.00, value=58790.0
    [iter 4237270] reheat + diversify: ceiling=0.00, value=70846.0
    [iter 4243023] reheat + diversify: ceiling=0.00, value=86012.0
    [iter 4248776] reheat + diversify: ceiling=0.00, value=90353.0
    [iter 4254529] reheat + diversify: ceiling=0.00, value=63935.0
    [iter 4260282] reheat + diversify: ceiling=0.00, value=65822.0
    [iter 4266035] reheat + diversify: ceiling=0.00, value=78297.0
    [iter 4271788] reheat + diversify: ceiling=0.00, value=64720.0
    [iter 4277541] reheat + diversify: ceiling=0.00, value=94815.0
    [iter 4283294] reheat + diversify: ceiling=0.00, value=85891.0
    [iter 4289047] reheat + diversify: ceiling=0.00, value=93240.0
    [iter 4294800] reheat + diversify: ceiling=0.00, value=70163.0
    [iter 4300553] reheat + diversify: ceiling=0.00, value=83004.0
    [iter 4306306] reheat + diversify: ceiling=0.00, value=86012.0
    [iter 4312059] reheat + diversify: ceiling=0.00, value=86310.0
    [iter 4317812] reheat + diversify: ceiling=0.00, value=91138.0
    [iter 4323565] reheat + diversify: ceiling=0.00, value=57688.0
    [iter 4329318] reheat + diversify: ceiling=0.00, value=77195.0
    [iter 4335071] reheat + diversify: ceiling=0.00, value=78980.0
    [iter 4340824] reheat + diversify: ceiling=0.00, value=78980.0
    [iter 4346577] reheat + diversify: ceiling=0.00, value=74518.0
    [iter 4352330] reheat + diversify: ceiling=0.00, value=72733.0
    [iter 4358083] reheat + diversify: ceiling=0.00, value=78980.0
    [iter 4363836] reheat + diversify: ceiling=0.00, value=64599.0
    [iter 4369589] reheat + diversify: ceiling=0.00, value=70967.0
    [iter 4375342] reheat + diversify: ceiling=0.00, value=65822.0
    [iter 4381095] reheat + diversify: ceiling=0.00, value=71948.0
    [iter 4386848] reheat + diversify: ceiling=0.00, value=52441.0
    [iter 4392601] reheat + diversify: ceiling=0.00, value=68397.0
    [iter 4398354] reheat + diversify: ceiling=0.00, value=83004.0
    [iter 4404107] reheat + diversify: ceiling=0.00, value=93240.0
    [iter 4409860] reheat + diversify: ceiling=0.00, value=80867.0
    [iter 4415613] reheat + diversify: ceiling=0.00, value=78980.0
    [iter 4421366] reheat + diversify: ceiling=0.00, value=70182.0
    [iter 4427119] reheat + diversify: ceiling=0.00, value=85891.0
    [iter 4432872] reheat + diversify: ceiling=0.00, value=77195.0
    [iter 4438625] reheat + diversify: ceiling=0.00, value=99834.0
    [iter 4444378] reheat + diversify: ceiling=0.00, value=86012.0
    [iter 4450131] reheat + diversify: ceiling=0.00, value=64599.0
    [iter 4455884] reheat + diversify: ceiling=0.00, value=69061.0
    [iter 4461637] reheat + diversify: ceiling=0.00, value=86012.0
    [iter 4467390] reheat + diversify: ceiling=0.00, value=78980.0
    [iter 4473143] reheat + diversify: ceiling=0.00, value=82340.0
    [iter 4478896] reheat + diversify: ceiling=0.00, value=62150.0
    [iter 4484649] reheat + diversify: ceiling=0.00, value=65701.0
    [iter 4490402] reheat + diversify: ceiling=0.00, value=72733.0
    [iter 4496155] reheat + diversify: ceiling=0.00, value=77195.0
    [iter 4501908] reheat + diversify: ceiling=0.00, value=86993.0
    [iter 4507661] reheat + diversify: ceiling=0.00, value=97385.0
    [iter 4513414] reheat + diversify: ceiling=0.00, value=62833.0
    [iter 4519167] reheat + diversify: ceiling=0.00, value=82340.0
    [iter 4524920] reheat + diversify: ceiling=0.00, value=83004.0
    [iter 4530673] reheat + diversify: ceiling=0.00, value=91138.0
    [iter 4536426] reheat + diversify: ceiling=0.00, value=79765.0
    [iter 4542179] reheat + diversify: ceiling=0.00, value=73523.0
    [iter 4547932] reheat + diversify: ceiling=0.00, value=79770.0
    [iter 4553685] reheat + diversify: ceiling=0.00, value=55118.0
    [iter 4559438] reheat + diversify: ceiling=0.00, value=87466.0
    [iter 4565191] reheat + diversify: ceiling=0.00, value=62814.0
    [iter 4570944] reheat + diversify: ceiling=0.00, value=78980.0
    [iter 4576697] reheat + diversify: ceiling=0.00, value=80867.0
    [iter 4582450] reheat + diversify: ceiling=0.00, value=48890.0
    [iter 4588203] reheat + diversify: ceiling=0.00, value=80867.0
    [iter 4593956] reheat + diversify: ceiling=0.00, value=73835.0
    [iter 4599709] reheat + diversify: ceiling=0.00, value=94815.0
    [iter 4605462] reheat + diversify: ceiling=0.00, value=70182.0
    [iter 4611215] reheat + diversify: ceiling=0.00, value=83004.0
    [iter 4616968] reheat + diversify: ceiling=0.00, value=65720.0
    [iter 4622721] reheat + diversify: ceiling=0.00, value=71631.0
    [iter 4628474] reheat + diversify: ceiling=0.00, value=72069.0
    [iter 4634227] reheat + diversify: ceiling=0.00, value=74518.0
    [iter 4639980] reheat + diversify: ceiling=0.00, value=80867.0
    [iter 4645733] reheat + diversify: ceiling=0.00, value=86012.0
    [iter 4651486] reheat + diversify: ceiling=0.00, value=77878.0
    [iter 4657239] reheat + diversify: ceiling=0.00, value=75308.0
    [iter 4662992] reheat + diversify: ceiling=0.00, value=76410.0
    [iter 4668745] reheat + diversify: ceiling=0.00, value=78980.0
    [iter 4674498] reheat + diversify: ceiling=0.00, value=94815.0
    [iter 4680251] reheat + diversify: ceiling=0.00, value=71948.0
    [iter 4686004] reheat + diversify: ceiling=0.00, value=70967.0
    [iter 4691757] reheat + diversify: ceiling=0.00, value=50656.0
    [iter 4697510] reheat + diversify: ceiling=0.00, value=85891.0
    [iter 4703263] reheat + diversify: ceiling=0.00, value=92923.0
    [iter 4709016] reheat + diversify: ceiling=0.00, value=69061.0
    [iter 4714769] reheat + diversify: ceiling=0.00, value=73523.0
    [iter 4720522] reheat + diversify: ceiling=0.00, value=85891.0
    [iter 4726275] reheat + diversify: ceiling=0.00, value=85891.0
    [iter 4732028] reheat + diversify: ceiling=0.00, value=58352.0
    [iter 4737781] reheat + diversify: ceiling=0.00, value=73523.0
    [iter 4743534] reheat + diversify: ceiling=0.00, value=82340.0
    [iter 4749287] reheat + diversify: ceiling=0.00, value=86993.0
    [iter 4755040] reheat + diversify: ceiling=0.00, value=71948.0
    [iter 4760793] reheat + diversify: ceiling=0.00, value=85891.0
    [iter 4766546] reheat + diversify: ceiling=0.00, value=78980.0
    [iter 4772299] reheat + diversify: ceiling=0.00, value=86012.0
    [iter 4778052] reheat + diversify: ceiling=0.00, value=83004.0
    [iter 4783805] reheat + diversify: ceiling=0.00, value=94025.0
    [iter 4789558] reheat + diversify: ceiling=0.00, value=57688.0
    [iter 4795311] reheat + diversify: ceiling=0.00, value=89251.0
    [iter 4801064] reheat + diversify: ceiling=0.00, value=91138.0
    [iter 4806817] reheat + diversify: ceiling=0.00, value=56586.0
    [iter 4812570] reheat + diversify: ceiling=0.00, value=66822.0
    [iter 4818323] reheat + diversify: ceiling=0.00, value=56903.0
    [iter 4824076] reheat + diversify: ceiling=0.00, value=82340.0
    [iter 4829829] reheat + diversify: ceiling=0.00, value=77878.0
    [iter 4835582] reheat + diversify: ceiling=0.00, value=70846.0
    [iter 4841335] reheat + diversify: ceiling=0.00, value=79765.0
    [iter 4847088] reheat + diversify: ceiling=0.00, value=81550.0
    [iter 4852841] reheat + diversify: ceiling=0.00, value=78542.0
    [iter 4858594] reheat + diversify: ceiling=0.00, value=70967.0
    [iter 4864347] reheat + diversify: ceiling=0.00, value=58478.0
    [iter 4870100] reheat + diversify: ceiling=0.00, value=70967.0
    [iter 4875853] reheat + diversify: ceiling=0.00, value=83004.0
    [iter 4881606] reheat + diversify: ceiling=0.00, value=51460.0
    [iter 4887359] reheat + diversify: ceiling=0.00, value=85891.0
    [iter 4893112] reheat + diversify: ceiling=0.00, value=75620.0
    [iter 4898865] reheat + diversify: ceiling=0.00, value=94815.0
    [iter 4904618] reheat + diversify: ceiling=0.00, value=87778.0
    [iter 4910371] reheat + diversify: ceiling=0.00, value=90353.0
    [iter 4916124] reheat + diversify: ceiling=0.00, value=94815.0
    [iter 4921877] reheat + diversify: ceiling=0.00, value=62814.0
    [iter 4927630] reheat + diversify: ceiling=0.00, value=84125.0
    [iter 4933383] reheat + diversify: ceiling=0.00, value=78980.0
    [iter 4939136] reheat + diversify: ceiling=0.00, value=61360.0
    [iter 4944889] reheat + diversify: ceiling=0.00, value=91138.0
    [iter 4950642] reheat + diversify: ceiling=0.00, value=55801.0
    [iter 4956395] reheat + diversify: ceiling=0.00, value=86012.0
    [iter 4962148] reheat + diversify: ceiling=0.00, value=69494.0
    [iter 4967901] reheat + diversify: ceiling=0.00, value=86012.0
    [iter 4973654] reheat + diversify: ceiling=0.00, value=103632.0
    [iter 4979407] reheat + diversify: ceiling=0.00, value=77195.0
    [iter 4985160] reheat + diversify: ceiling=0.00, value=97385.0
    [iter 4990913] reheat + diversify: ceiling=0.00, value=84106.0
    [iter 4996666] reheat + diversify: ceiling=0.00, value=69080.0
    [iter 5002419] reheat + diversify: ceiling=0.00, value=108758.0
    [iter 5008172] reheat + diversify: ceiling=0.00, value=93240.0
    [iter 5013925] reheat + diversify: ceiling=0.00, value=58790.0
    [iter 5019678] reheat + diversify: ceiling=0.00, value=77195.0
    [iter 5025431] reheat + diversify: ceiling=0.00, value=85891.0
    [iter 5031184] reheat + diversify: ceiling=0.00, value=68397.0
    [iter 5036937] reheat + diversify: ceiling=0.00, value=73854.0
    [iter 5042690] reheat + diversify: ceiling=0.00, value=76410.0
    [iter 5048443] reheat + diversify: ceiling=0.00, value=92240.0
    [iter 5054196] reheat + diversify: ceiling=0.00, value=86012.0
    [iter 5059949] reheat + diversify: ceiling=0.00, value=51758.0
    [iter 5065702] reheat + diversify: ceiling=0.00, value=57688.0
    [iter 5071455] reheat + diversify: ceiling=0.00, value=94815.0
    [iter 5077208] reheat + diversify: ceiling=0.00, value=96264.0
    [iter 5082961] reheat + diversify: ceiling=0.00, value=91138.0
    [iter 5088714] reheat + diversify: ceiling=0.00, value=80082.0
    [iter 5094467] reheat + diversify: ceiling=0.00, value=71948.0
    [iter 5100220] reheat + diversify: ceiling=0.00, value=104296.0
    [iter 5105973] reheat + diversify: ceiling=0.00, value=91138.0
    [iter 5111726] reheat + diversify: ceiling=0.00, value=92138.0
  time limit reached at iteration 5117445
  SA finished: 5117445 iterations in 300.0s (17058 it/s), accepted 2459627 (48.1%), rejected 2657817, neutral 2368773 (46.3%), worsening accepted 3.3%, no-move draws 0, reheats 888
  SA: value 108758.0 (greedy 85910.0, +22848.0), bound 157180.5, gap 30.81%, util 68.5%
  report -> /home/mcaspar/3DMHKP/results_3DMHKP_ep3/ep3-20-U-C-50-3DMHKP-SA-a0.999-r0.25-t300s.txt

================================================================================================
SUMMARY
================================================================================================
instance      boxes  packed       greedy     SA value        bound      gap    util    iters    time
------------------------------------------------------------------------------------------------
ep3-20-U-C-50     20       8      85910.0     108758.0     157180.5   30.8%   68.5%  5117445  300.0s
------------------------------------------------------------------------------------------------
proven optimal (value reaches the upper bound): 0/1
improved over greedy: 1/1 (total value 85910.0 -> 108758.0, +26.60%)
mean gap to continuous-knapsack bound: 30.8%
mean volume utilization: 68.5%
