============================================================
  Solver:     3DMHKP-SA.py
  Instance:   /home/mcaspar/3DMHKP/Egeblad/ep3-20-D-C-90.txt
  Value mode: flat
  Timelimit:  300s
  Reports:    /home/mcaspar/3DMHKP/results_3DMHKP_ep3
  CPUs:       1
============================================================
======================================================================
3DMHKP Simulated Annealing (random single-neighbour, sequence decoder)
SA params: T0=5% of f(S_0), alpha=0.999, T_min=0.001, reheat_threshold=5753, reheat_fraction=0.25
Move weights: {'relocate': 0.0, 'swap': 1.0, '2opt': 0.0, 'promote': 1.5, 'demote': 1.5, 'orient': 1.0, 'container': 0.5}
Time limit: 300.0s per instance, seed 233307287
======================================================================

======================================================================
ep3-20-D-C-90: 20 boxes (5 types), 1 containers (1 types)
  continuous-knapsack bound: 39200.0
  initial (value-density) decode: value 27848.0 (14/20 boxes)
  T0 = 3629.2 (calibrated, 320 worsening draws, target accept 35%)
  schedule: time-based, T0 -> 827.33 over 300s
    [iter 65] *** NEW BEST: value 28424.0, boxes 15/20, T=3627.3, elapsed=0.1s
    [iter 86] *** NEW BEST: value 30728.0, boxes 15/20, T=3627.3, elapsed=0.1s
    [iter 632] *** NEW BEST: value 33608.0, boxes 16/20, T=3626.4, elapsed=0.2s
    [iter 6385] reheat + diversify: ceiling=907.30, value=15620.0
    [iter 12138] reheat + diversify: ceiling=816.57, value=11012.0
    [iter 17891] reheat + diversify: ceiling=734.91, value=30728.0
    [iter 23644] reheat + diversify: ceiling=661.42, value=27848.0
    [iter 29397] reheat + diversify: ceiling=595.28, value=29798.0
    [iter 35150] reheat + diversify: ceiling=535.75, value=20804.0
    [iter 40903] reheat + diversify: ceiling=482.17, value=29798.0
    [iter 46656] reheat + diversify: ceiling=433.96, value=33608.0
    [iter 52409] reheat + diversify: ceiling=390.56, value=30728.0
    [iter 58162] reheat + diversify: ceiling=351.51, value=13316.0
    [iter 63915] reheat + diversify: ceiling=316.35, value=18500.0
    [iter 69668] reheat + diversify: ceiling=284.72, value=8132.0
    [iter 75421] reheat + diversify: ceiling=256.25, value=14246.0
    [iter 81174] reheat + diversify: ceiling=230.62, value=24614.0
    [iter 86927] reheat + diversify: ceiling=207.56, value=29798.0
    [iter 92680] reheat + diversify: ceiling=186.80, value=27848.0
    [iter 98433] reheat + diversify: ceiling=168.12, value=13316.0
    [iter 104186] reheat + diversify: ceiling=151.31, value=29798.0
    [iter 109939] reheat + diversify: ceiling=136.18, value=30728.0
    [iter 115692] reheat + diversify: ceiling=122.56, value=30728.0
    [iter 121445] reheat + diversify: ceiling=110.31, value=14246.0
    [iter 127198] reheat + diversify: ceiling=99.28, value=33608.0
    [iter 132951] reheat + diversify: ceiling=89.35, value=27848.0
    [iter 138704] reheat + diversify: ceiling=80.41, value=24614.0
    [iter 144457] reheat + diversify: ceiling=72.37, value=28424.0
    [iter 150210] reheat + diversify: ceiling=65.13, value=29798.0
    [iter 155963] reheat + diversify: ceiling=58.62, value=11366.0
    [iter 161716] reheat + diversify: ceiling=52.76, value=33608.0
    [iter 167469] reheat + diversify: ceiling=47.48, value=24614.0
    [iter 173222] reheat + diversify: ceiling=42.73, value=11012.0
    [iter 178975] reheat + diversify: ceiling=38.46, value=24614.0
    [iter 184728] reheat + diversify: ceiling=34.62, value=18500.0
    [iter 190481] reheat + diversify: ceiling=31.15, value=33608.0
    [iter 196234] reheat + diversify: ceiling=28.04, value=8132.0
    [iter 201987] reheat + diversify: ceiling=25.23, value=30728.0
    [iter 207740] reheat + diversify: ceiling=22.71, value=30728.0
    [iter 213493] reheat + diversify: ceiling=20.44, value=33608.0
    [iter 219246] reheat + diversify: ceiling=18.40, value=29798.0
    [iter 224999] reheat + diversify: ceiling=16.56, value=30728.0
    [iter 230752] reheat + diversify: ceiling=14.90, value=24614.0
    [iter 236505] reheat + diversify: ceiling=13.41, value=30728.0
    [iter 242258] reheat + diversify: ceiling=12.07, value=19430.0
    [iter 248011] reheat + diversify: ceiling=10.86, value=18500.0
    [iter 253764] reheat + diversify: ceiling=9.78, value=22310.0
    [iter 259517] reheat + diversify: ceiling=8.80, value=13316.0
    [iter 265270] reheat + diversify: ceiling=7.92, value=30728.0
    [iter 271023] reheat + diversify: ceiling=7.13, value=14246.0
    [iter 276776] reheat + diversify: ceiling=6.41, value=30728.0
    [iter 282529] reheat + diversify: ceiling=5.77, value=26918.0
    [iter 288282] reheat + diversify: ceiling=5.20, value=30728.0
    [iter 294035] reheat + diversify: ceiling=4.68, value=30728.0
    [iter 299788] reheat + diversify: ceiling=4.21, value=33608.0
    [iter 305541] reheat + diversify: ceiling=3.79, value=30728.0
    [iter 311294] reheat + diversify: ceiling=3.41, value=22310.0
    [iter 317047] reheat + diversify: ceiling=3.07, value=11012.0
    [iter 322800] reheat + diversify: ceiling=2.76, value=13316.0
    [iter 328553] reheat + diversify: ceiling=2.49, value=33608.0
    [iter 334306] reheat + diversify: ceiling=2.24, value=33608.0
    [iter 340059] reheat + diversify: ceiling=2.01, value=30728.0
    [iter 345812] reheat + diversify: ceiling=1.81, value=21734.0
    [iter 351565] reheat + diversify: ceiling=1.63, value=13316.0
    [iter 357318] reheat + diversify: ceiling=1.47, value=22310.0
    [iter 363071] reheat + diversify: ceiling=1.32, value=22310.0
    [iter 368824] reheat + diversify: ceiling=1.19, value=24614.0
    [iter 374577] reheat + diversify: ceiling=1.07, value=8132.0
    [iter 380330] reheat + diversify: ceiling=0.96, value=18500.0
    [iter 386083] reheat + diversify: ceiling=0.87, value=30728.0
    [iter 391836] reheat + diversify: ceiling=0.78, value=30728.0
    [iter 397589] reheat + diversify: ceiling=0.70, value=21734.0
    [iter 403342] reheat + diversify: ceiling=0.63, value=12872.0
    [iter 409095] reheat + diversify: ceiling=0.57, value=24614.0
    [iter 414848] reheat + diversify: ceiling=0.51, value=30728.0
    [iter 420601] reheat + diversify: ceiling=0.46, value=30728.0
    [iter 426354] reheat + diversify: ceiling=0.41, value=27848.0
    [iter 432107] reheat + diversify: ceiling=0.37, value=30728.0
    [iter 437860] reheat + diversify: ceiling=0.34, value=27848.0
    [iter 443613] reheat + diversify: ceiling=0.30, value=19430.0
    [iter 449366] reheat + diversify: ceiling=0.27, value=28424.0
    [iter 455119] reheat + diversify: ceiling=0.24, value=11012.0
    [iter 460872] reheat + diversify: ceiling=0.22, value=13316.0
    [iter 466625] reheat + diversify: ceiling=0.20, value=30728.0
    [iter 472378] reheat + diversify: ceiling=0.18, value=30728.0
    [iter 478131] reheat + diversify: ceiling=0.16, value=26918.0
    [iter 483884] reheat + diversify: ceiling=0.14, value=33608.0
    [iter 489637] reheat + diversify: ceiling=0.13, value=30728.0
    [iter 495390] reheat + diversify: ceiling=0.12, value=30728.0
    [iter 501143] reheat + diversify: ceiling=0.11, value=30728.0
    [iter 506896] reheat + diversify: ceiling=0.09, value=28424.0
    [iter 512649] reheat + diversify: ceiling=0.09, value=7202.0
    [iter 518402] reheat + diversify: ceiling=0.08, value=13316.0
    [iter 524155] reheat + diversify: ceiling=0.07, value=18500.0
    [iter 529908] reheat + diversify: ceiling=0.06, value=22310.0
    [iter 535661] reheat + diversify: ceiling=0.06, value=30728.0
    [iter 541414] reheat + diversify: ceiling=0.05, value=30728.0
    [iter 547167] reheat + diversify: ceiling=0.05, value=27848.0
    [iter 552920] reheat + diversify: ceiling=0.04, value=30728.0
    [iter 558673] reheat + diversify: ceiling=0.04, value=23240.0
    [iter 564426] reheat + diversify: ceiling=0.03, value=28424.0
    [iter 570179] reheat + diversify: ceiling=0.03, value=30728.0
    [iter 575932] reheat + diversify: ceiling=0.03, value=13316.0
    [iter 581685] reheat + diversify: ceiling=0.02, value=33608.0
    [iter 587438] reheat + diversify: ceiling=0.02, value=28424.0
    [iter 593191] reheat + diversify: ceiling=0.02, value=30728.0
    [iter 598944] reheat + diversify: ceiling=0.02, value=13316.0
    [iter 604697] reheat + diversify: ceiling=0.02, value=30728.0
    [iter 610450] reheat + diversify: ceiling=0.01, value=28424.0
    [iter 616203] reheat + diversify: ceiling=0.01, value=24614.0
    [iter 621956] reheat + diversify: ceiling=0.01, value=30728.0
    [iter 627709] reheat + diversify: ceiling=0.01, value=28424.0
    [iter 633462] reheat + diversify: ceiling=0.01, value=7202.0
    [iter 639215] reheat + diversify: ceiling=0.01, value=30728.0
    [iter 644968] reheat + diversify: ceiling=0.01, value=28424.0
    [iter 650721] reheat + diversify: ceiling=0.01, value=13316.0
    [iter 656474] reheat + diversify: ceiling=0.01, value=11942.0
    [iter 662227] reheat + diversify: ceiling=0.01, value=33608.0
    [iter 667980] reheat + diversify: ceiling=0.00, value=23240.0
    [iter 673733] reheat + diversify: ceiling=0.00, value=19430.0
    [iter 679486] reheat + diversify: ceiling=0.00, value=19430.0
    [iter 685239] reheat + diversify: ceiling=0.00, value=30728.0
    [iter 690992] reheat + diversify: ceiling=0.00, value=19430.0
    [iter 696745] reheat + diversify: ceiling=0.00, value=33608.0
    [iter 702498] reheat + diversify: ceiling=0.00, value=30728.0
    [iter 708251] reheat + diversify: ceiling=0.00, value=19430.0
    [iter 714004] reheat + diversify: ceiling=0.00, value=30728.0
    [iter 719757] reheat + diversify: ceiling=0.00, value=17126.0
    [iter 725510] reheat + diversify: ceiling=0.00, value=30728.0
    [iter 731263] reheat + diversify: ceiling=0.00, value=16550.0
    [iter 737016] reheat + diversify: ceiling=0.00, value=11012.0
    [iter 742769] reheat + diversify: ceiling=0.00, value=30728.0
    [iter 748522] reheat + diversify: ceiling=0.00, value=30728.0
    [iter 754275] reheat + diversify: ceiling=0.00, value=15620.0
    [iter 760028] reheat + diversify: ceiling=0.00, value=30728.0
    [iter 765781] reheat + diversify: ceiling=0.00, value=15620.0
    [iter 771534] reheat + diversify: ceiling=0.00, value=30728.0
    [iter 777287] reheat + diversify: ceiling=0.00, value=25544.0
    [iter 783040] reheat + diversify: ceiling=0.00, value=30728.0
    [iter 788793] reheat + diversify: ceiling=0.00, value=24968.0
    [iter 794546] reheat + diversify: ceiling=0.00, value=30728.0
    [iter 800299] reheat + diversify: ceiling=0.00, value=19430.0
    [iter 806052] reheat + diversify: ceiling=0.00, value=15620.0
    [iter 811805] reheat + diversify: ceiling=0.00, value=30728.0
    [iter 817558] reheat + diversify: ceiling=0.00, value=22310.0
    [iter 823311] reheat + diversify: ceiling=0.00, value=30728.0
    [iter 829064] reheat + diversify: ceiling=0.00, value=33608.0
    [iter 834817] reheat + diversify: ceiling=0.00, value=33608.0
    [iter 840570] reheat + diversify: ceiling=0.00, value=30728.0
    [iter 846323] reheat + diversify: ceiling=0.00, value=27848.0
    [iter 852076] reheat + diversify: ceiling=0.00, value=33608.0
    [iter 857829] reheat + diversify: ceiling=0.00, value=28424.0
    [iter 863582] reheat + diversify: ceiling=0.00, value=13316.0
    [iter 869335] reheat + diversify: ceiling=0.00, value=13316.0
    [iter 875088] reheat + diversify: ceiling=0.00, value=33608.0
    [iter 880841] reheat + diversify: ceiling=0.00, value=17126.0
    [iter 886594] reheat + diversify: ceiling=0.00, value=19430.0
    [iter 892347] reheat + diversify: ceiling=0.00, value=15620.0
    [iter 898100] reheat + diversify: ceiling=0.00, value=11012.0
    [iter 903853] reheat + diversify: ceiling=0.00, value=30728.0
    [iter 909606] reheat + diversify: ceiling=0.00, value=30728.0
    [iter 915359] reheat + diversify: ceiling=0.00, value=23240.0
    [iter 921112] reheat + diversify: ceiling=0.00, value=13316.0
    [iter 926865] reheat + diversify: ceiling=0.00, value=20804.0
    [iter 932618] reheat + diversify: ceiling=0.00, value=29798.0
    [iter 938371] reheat + diversify: ceiling=0.00, value=30728.0
    [iter 944124] reheat + diversify: ceiling=0.00, value=14246.0
    [iter 949877] reheat + diversify: ceiling=0.00, value=13316.0
    [iter 955630] reheat + diversify: ceiling=0.00, value=33608.0
    [iter 961383] reheat + diversify: ceiling=0.00, value=24614.0
    [iter 967136] reheat + diversify: ceiling=0.00, value=30728.0
    [iter 972889] reheat + diversify: ceiling=0.00, value=14246.0
    [iter 978642] reheat + diversify: ceiling=0.00, value=14246.0
    [iter 984395] reheat + diversify: ceiling=0.00, value=33608.0
    [iter 990148] reheat + diversify: ceiling=0.00, value=30728.0
    [iter 995901] reheat + diversify: ceiling=0.00, value=11012.0
    [iter 1001654] reheat + diversify: ceiling=0.00, value=7202.0
    [iter 1007407] reheat + diversify: ceiling=0.00, value=30728.0
    [iter 1013160] reheat + diversify: ceiling=0.00, value=30728.0
    [iter 1018913] reheat + diversify: ceiling=0.00, value=33608.0
    [iter 1024666] reheat + diversify: ceiling=0.00, value=30728.0
    [iter 1030419] reheat + diversify: ceiling=0.00, value=30728.0
    [iter 1036172] reheat + diversify: ceiling=0.00, value=33608.0
    [iter 1041925] reheat + diversify: ceiling=0.00, value=11942.0
    [iter 1047678] reheat + diversify: ceiling=0.00, value=30728.0
    [iter 1053431] reheat + diversify: ceiling=0.00, value=30728.0
    [iter 1059184] reheat + diversify: ceiling=0.00, value=30728.0
    [iter 1064937] reheat + diversify: ceiling=0.00, value=33608.0
    [iter 1070690] reheat + diversify: ceiling=0.00, value=30728.0
    [iter 1076443] reheat + diversify: ceiling=0.00, value=30728.0
    [iter 1082196] reheat + diversify: ceiling=0.00, value=21734.0
    [iter 1087949] reheat + diversify: ceiling=0.00, value=27848.0
    [iter 1093702] reheat + diversify: ceiling=0.00, value=22310.0
    [iter 1099455] reheat + diversify: ceiling=0.00, value=30728.0
    [iter 1105208] reheat + diversify: ceiling=0.00, value=20360.0
    [iter 1110961] reheat + diversify: ceiling=0.00, value=9062.0
    [iter 1116714] reheat + diversify: ceiling=0.00, value=30728.0
    [iter 1122467] reheat + diversify: ceiling=0.00, value=19430.0
    [iter 1128220] reheat + diversify: ceiling=0.00, value=19430.0
    [iter 1133973] reheat + diversify: ceiling=0.00, value=27848.0
    [iter 1139726] reheat + diversify: ceiling=0.00, value=19430.0
    [iter 1145479] reheat + diversify: ceiling=0.00, value=13316.0
    [iter 1151232] reheat + diversify: ceiling=0.00, value=30728.0
    [iter 1156985] reheat + diversify: ceiling=0.00, value=19430.0
    [iter 1162738] reheat + diversify: ceiling=0.00, value=14246.0
    [iter 1168491] reheat + diversify: ceiling=0.00, value=25544.0
    [iter 1174244] reheat + diversify: ceiling=0.00, value=30728.0
    [iter 1179997] reheat + diversify: ceiling=0.00, value=30728.0
    [iter 1185750] reheat + diversify: ceiling=0.00, value=15620.0
    [iter 1191503] reheat + diversify: ceiling=0.00, value=33608.0
    [iter 1197256] reheat + diversify: ceiling=0.00, value=30728.0
    [iter 1203009] reheat + diversify: ceiling=0.00, value=24614.0
    [iter 1208762] reheat + diversify: ceiling=0.00, value=15620.0
    [iter 1214515] reheat + diversify: ceiling=0.00, value=13316.0
    [iter 1220268] reheat + diversify: ceiling=0.00, value=33608.0
    [iter 1226021] reheat + diversify: ceiling=0.00, value=27848.0
    [iter 1231774] reheat + diversify: ceiling=0.00, value=19430.0
    [iter 1237527] reheat + diversify: ceiling=0.00, value=19430.0
    [iter 1243280] reheat + diversify: ceiling=0.00, value=30728.0
    [iter 1249033] reheat + diversify: ceiling=0.00, value=30728.0
    [iter 1254786] reheat + diversify: ceiling=0.00, value=30728.0
    [iter 1260539] reheat + diversify: ceiling=0.00, value=30728.0
    [iter 1266292] reheat + diversify: ceiling=0.00, value=22310.0
    [iter 1272045] reheat + diversify: ceiling=0.00, value=30728.0
    [iter 1277798] reheat + diversify: ceiling=0.00, value=28424.0
    [iter 1283551] reheat + diversify: ceiling=0.00, value=30728.0
    [iter 1289304] reheat + diversify: ceiling=0.00, value=18500.0
    [iter 1295057] reheat + diversify: ceiling=0.00, value=30728.0
    [iter 1300810] reheat + diversify: ceiling=0.00, value=29798.0
    [iter 1306563] reheat + diversify: ceiling=0.00, value=30728.0
    [iter 1312316] reheat + diversify: ceiling=0.00, value=13316.0
    [iter 1318069] reheat + diversify: ceiling=0.00, value=27848.0
    [iter 1323822] reheat + diversify: ceiling=0.00, value=26918.0
    [iter 1329575] reheat + diversify: ceiling=0.00, value=19430.0
    [iter 1335328] reheat + diversify: ceiling=0.00, value=33608.0
    [iter 1341081] reheat + diversify: ceiling=0.00, value=33608.0
    [iter 1346834] reheat + diversify: ceiling=0.00, value=33608.0
    [iter 1352587] reheat + diversify: ceiling=0.00, value=30728.0
    [iter 1358340] reheat + diversify: ceiling=0.00, value=22310.0
    [iter 1364093] reheat + diversify: ceiling=0.00, value=28424.0
    [iter 1369846] reheat + diversify: ceiling=0.00, value=30728.0
    [iter 1375599] reheat + diversify: ceiling=0.00, value=30728.0
    [iter 1381352] reheat + diversify: ceiling=0.00, value=24614.0
    [iter 1387105] reheat + diversify: ceiling=0.00, value=24614.0
    [iter 1392858] reheat + diversify: ceiling=0.00, value=28424.0
    [iter 1398611] reheat + diversify: ceiling=0.00, value=30728.0
    [iter 1404364] reheat + diversify: ceiling=0.00, value=30728.0
    [iter 1410117] reheat + diversify: ceiling=0.00, value=30728.0
    [iter 1415870] reheat + diversify: ceiling=0.00, value=15620.0
    [iter 1421623] reheat + diversify: ceiling=0.00, value=11012.0
    [iter 1427376] reheat + diversify: ceiling=0.00, value=13316.0
    [iter 1433129] reheat + diversify: ceiling=0.00, value=30728.0
    [iter 1438882] reheat + diversify: ceiling=0.00, value=33608.0
    [iter 1444635] reheat + diversify: ceiling=0.00, value=30728.0
    [iter 1450388] reheat + diversify: ceiling=0.00, value=13316.0
    [iter 1456141] reheat + diversify: ceiling=0.00, value=30728.0
    [iter 1461894] reheat + diversify: ceiling=0.00, value=19430.0
    [iter 1467647] reheat + diversify: ceiling=0.00, value=30728.0
    [iter 1473400] reheat + diversify: ceiling=0.00, value=30728.0
    [iter 1479153] reheat + diversify: ceiling=0.00, value=11012.0
    [iter 1484906] reheat + diversify: ceiling=0.00, value=24614.0
    [iter 1490659] reheat + diversify: ceiling=0.00, value=33608.0
    [iter 1496412] reheat + diversify: ceiling=0.00, value=30728.0
    [iter 1502165] reheat + diversify: ceiling=0.00, value=33608.0
    [iter 1507918] reheat + diversify: ceiling=0.00, value=18500.0
    [iter 1513671] reheat + diversify: ceiling=0.00, value=30728.0
    [iter 1519424] reheat + diversify: ceiling=0.00, value=30728.0
    [iter 1525177] reheat + diversify: ceiling=0.00, value=27848.0
    [iter 1530930] reheat + diversify: ceiling=0.00, value=30728.0
    [iter 1536683] reheat + diversify: ceiling=0.00, value=13316.0
    [iter 1542436] reheat + diversify: ceiling=0.00, value=33608.0
    [iter 1548189] reheat + diversify: ceiling=0.00, value=30728.0
    [iter 1553942] reheat + diversify: ceiling=0.00, value=30728.0
    [iter 1559695] reheat + diversify: ceiling=0.00, value=11366.0
    [iter 1565448] reheat + diversify: ceiling=0.00, value=26918.0
    [iter 1571201] reheat + diversify: ceiling=0.00, value=30728.0
    [iter 1576954] reheat + diversify: ceiling=0.00, value=22310.0
    [iter 1582707] reheat + diversify: ceiling=0.00, value=30728.0
    [iter 1588460] reheat + diversify: ceiling=0.00, value=23240.0
    [iter 1594213] reheat + diversify: ceiling=0.00, value=30728.0
    [iter 1599966] reheat + diversify: ceiling=0.00, value=30728.0
    [iter 1605719] reheat + diversify: ceiling=0.00, value=33608.0
    [iter 1611472] reheat + diversify: ceiling=0.00, value=28424.0
    [iter 1617225] reheat + diversify: ceiling=0.00, value=30728.0
    [iter 1622978] reheat + diversify: ceiling=0.00, value=13316.0
    [iter 1628731] reheat + diversify: ceiling=0.00, value=24614.0
    [iter 1634484] reheat + diversify: ceiling=0.00, value=24614.0
    [iter 1640237] reheat + diversify: ceiling=0.00, value=30728.0
    [iter 1645990] reheat + diversify: ceiling=0.00, value=30728.0
    [iter 1651743] reheat + diversify: ceiling=0.00, value=33608.0
    [iter 1657496] reheat + diversify: ceiling=0.00, value=29798.0
    [iter 1663249] reheat + diversify: ceiling=0.00, value=30728.0
    [iter 1669002] reheat + diversify: ceiling=0.00, value=30728.0
    [iter 1674755] reheat + diversify: ceiling=0.00, value=13316.0
    [iter 1680508] reheat + diversify: ceiling=0.00, value=33608.0
    [iter 1686261] reheat + diversify: ceiling=0.00, value=33608.0
    [iter 1692014] reheat + diversify: ceiling=0.00, value=30728.0
    [iter 1697767] reheat + diversify: ceiling=0.00, value=24614.0
    [iter 1703520] reheat + diversify: ceiling=0.00, value=30728.0
    [iter 1709273] reheat + diversify: ceiling=0.00, value=25544.0
    [iter 1715026] reheat + diversify: ceiling=0.00, value=24614.0
    [iter 1720779] reheat + diversify: ceiling=0.00, value=13316.0
    [iter 1726532] reheat + diversify: ceiling=0.00, value=22310.0
    [iter 1732285] reheat + diversify: ceiling=0.00, value=13316.0
    [iter 1738038] reheat + diversify: ceiling=0.00, value=18500.0
    [iter 1743791] reheat + diversify: ceiling=0.00, value=13316.0
    [iter 1749544] reheat + diversify: ceiling=0.00, value=30728.0
    [iter 1755297] reheat + diversify: ceiling=0.00, value=19430.0
    [iter 1761050] reheat + diversify: ceiling=0.00, value=33608.0
    [iter 1766803] reheat + diversify: ceiling=0.00, value=15620.0
    [iter 1772556] reheat + diversify: ceiling=0.00, value=13316.0
    [iter 1778309] reheat + diversify: ceiling=0.00, value=22310.0
    [iter 1784062] reheat + diversify: ceiling=0.00, value=30728.0
    [iter 1789815] reheat + diversify: ceiling=0.00, value=24614.0
    [iter 1795568] reheat + diversify: ceiling=0.00, value=33608.0
    [iter 1801321] reheat + diversify: ceiling=0.00, value=15620.0
    [iter 1807074] reheat + diversify: ceiling=0.00, value=19430.0
    [iter 1812827] reheat + diversify: ceiling=0.00, value=24614.0
    [iter 1818580] reheat + diversify: ceiling=0.00, value=33608.0
    [iter 1824333] reheat + diversify: ceiling=0.00, value=19430.0
    [iter 1830086] reheat + diversify: ceiling=0.00, value=28424.0
    [iter 1835839] reheat + diversify: ceiling=0.00, value=30728.0
    [iter 1841592] reheat + diversify: ceiling=0.00, value=25544.0
    [iter 1847345] reheat + diversify: ceiling=0.00, value=30728.0
    [iter 1853098] reheat + diversify: ceiling=0.00, value=17126.0
    [iter 1858851] reheat + diversify: ceiling=0.00, value=20360.0
    [iter 1864604] reheat + diversify: ceiling=0.00, value=30728.0
    [iter 1870357] reheat + diversify: ceiling=0.00, value=23240.0
    [iter 1876110] reheat + diversify: ceiling=0.00, value=13316.0
    [iter 1881863] reheat + diversify: ceiling=0.00, value=19430.0
    [iter 1887616] reheat + diversify: ceiling=0.00, value=30728.0
    [iter 1893369] reheat + diversify: ceiling=0.00, value=18500.0
    [iter 1899122] reheat + diversify: ceiling=0.00, value=19430.0
    [iter 1904875] reheat + diversify: ceiling=0.00, value=22310.0
    [iter 1910628] reheat + diversify: ceiling=0.00, value=30728.0
    [iter 1916381] reheat + diversify: ceiling=0.00, value=13316.0
    [iter 1922134] reheat + diversify: ceiling=0.00, value=30728.0
    [iter 1927887] reheat + diversify: ceiling=0.00, value=30728.0
    [iter 1933640] reheat + diversify: ceiling=0.00, value=28424.0
    [iter 1939393] reheat + diversify: ceiling=0.00, value=30728.0
    [iter 1945146] reheat + diversify: ceiling=0.00, value=14246.0
    [iter 1950899] reheat + diversify: ceiling=0.00, value=13316.0
    [iter 1956652] reheat + diversify: ceiling=0.00, value=33608.0
    [iter 1962405] reheat + diversify: ceiling=0.00, value=30728.0
    [iter 1968158] reheat + diversify: ceiling=0.00, value=11012.0
    [iter 1973911] reheat + diversify: ceiling=0.00, value=22310.0
    [iter 1979664] reheat + diversify: ceiling=0.00, value=28424.0
    [iter 1985417] reheat + diversify: ceiling=0.00, value=33608.0
    [iter 1991170] reheat + diversify: ceiling=0.00, value=30728.0
    [iter 1996923] reheat + diversify: ceiling=0.00, value=29798.0
    [iter 2002676] reheat + diversify: ceiling=0.00, value=33608.0
    [iter 2008429] reheat + diversify: ceiling=0.00, value=22310.0
    [iter 2014182] reheat + diversify: ceiling=0.00, value=26918.0
    [iter 2019935] reheat + diversify: ceiling=0.00, value=22310.0
    [iter 2025688] reheat + diversify: ceiling=0.00, value=22310.0
    [iter 2031441] reheat + diversify: ceiling=0.00, value=14246.0
    [iter 2037194] reheat + diversify: ceiling=0.00, value=33608.0
    [iter 2042947] reheat + diversify: ceiling=0.00, value=13316.0
    [iter 2048700] reheat + diversify: ceiling=0.00, value=30728.0
    [iter 2054453] reheat + diversify: ceiling=0.00, value=30728.0
    [iter 2060206] reheat + diversify: ceiling=0.00, value=30728.0
    [iter 2065959] reheat + diversify: ceiling=0.00, value=29798.0
    [iter 2071712] reheat + diversify: ceiling=0.00, value=30728.0
    [iter 2077465] reheat + diversify: ceiling=0.00, value=33608.0
    [iter 2083218] reheat + diversify: ceiling=0.00, value=29798.0
    [iter 2088971] reheat + diversify: ceiling=0.00, value=30728.0
    [iter 2094724] reheat + diversify: ceiling=0.00, value=30728.0
    [iter 2100477] reheat + diversify: ceiling=0.00, value=19430.0
    [iter 2106230] reheat + diversify: ceiling=0.00, value=30728.0
    [iter 2111983] reheat + diversify: ceiling=0.00, value=13316.0
    [iter 2117736] reheat + diversify: ceiling=0.00, value=33608.0
    [iter 2123489] reheat + diversify: ceiling=0.00, value=33608.0
    [iter 2129242] reheat + diversify: ceiling=0.00, value=11012.0
    [iter 2134995] reheat + diversify: ceiling=0.00, value=33608.0
    [iter 2140748] reheat + diversify: ceiling=0.00, value=30728.0
    [iter 2146501] reheat + diversify: ceiling=0.00, value=22310.0
    [iter 2152254] reheat + diversify: ceiling=0.00, value=33608.0
    [iter 2158007] reheat + diversify: ceiling=0.00, value=33608.0
    [iter 2163760] reheat + diversify: ceiling=0.00, value=30728.0
    [iter 2169513] reheat + diversify: ceiling=0.00, value=14822.0
    [iter 2175266] reheat + diversify: ceiling=0.00, value=30728.0
    [iter 2181019] reheat + diversify: ceiling=0.00, value=13316.0
    [iter 2186772] reheat + diversify: ceiling=0.00, value=13316.0
    [iter 2192525] reheat + diversify: ceiling=0.00, value=33608.0
    [iter 2198278] reheat + diversify: ceiling=0.00, value=28424.0
    [iter 2204031] reheat + diversify: ceiling=0.00, value=13316.0
    [iter 2209784] reheat + diversify: ceiling=0.00, value=33608.0
    [iter 2215537] reheat + diversify: ceiling=0.00, value=13316.0
    [iter 2221290] reheat + diversify: ceiling=0.00, value=33608.0
    [iter 2227043] reheat + diversify: ceiling=0.00, value=33608.0
    [iter 2232796] reheat + diversify: ceiling=0.00, value=13316.0
    [iter 2238549] reheat + diversify: ceiling=0.00, value=29798.0
    [iter 2244302] reheat + diversify: ceiling=0.00, value=13316.0
    [iter 2250055] reheat + diversify: ceiling=0.00, value=18500.0
    [iter 2255808] reheat + diversify: ceiling=0.00, value=8132.0
    [iter 2261561] reheat + diversify: ceiling=0.00, value=29798.0
    [iter 2267314] reheat + diversify: ceiling=0.00, value=30728.0
    [iter 2273067] reheat + diversify: ceiling=0.00, value=29798.0
    [iter 2278820] reheat + diversify: ceiling=0.00, value=33608.0
    [iter 2284573] reheat + diversify: ceiling=0.00, value=24614.0
    [iter 2290326] reheat + diversify: ceiling=0.00, value=13316.0
    [iter 2296079] reheat + diversify: ceiling=0.00, value=19430.0
    [iter 2301832] reheat + diversify: ceiling=0.00, value=30728.0
    [iter 2307585] reheat + diversify: ceiling=0.00, value=30728.0
    [iter 2313338] reheat + diversify: ceiling=0.00, value=33608.0
    [iter 2319091] reheat + diversify: ceiling=0.00, value=33608.0
    [iter 2324844] reheat + diversify: ceiling=0.00, value=22310.0
    [iter 2330597] reheat + diversify: ceiling=0.00, value=33608.0
    [iter 2336350] reheat + diversify: ceiling=0.00, value=30728.0
    [iter 2342103] reheat + diversify: ceiling=0.00, value=29798.0
    [iter 2347856] reheat + diversify: ceiling=0.00, value=15620.0
    [iter 2353609] reheat + diversify: ceiling=0.00, value=30728.0
    [iter 2359362] reheat + diversify: ceiling=0.00, value=19430.0
    [iter 2365115] reheat + diversify: ceiling=0.00, value=30728.0
    [iter 2370868] reheat + diversify: ceiling=0.00, value=33608.0
    [iter 2376621] reheat + diversify: ceiling=0.00, value=18500.0
    [iter 2382374] reheat + diversify: ceiling=0.00, value=33608.0
    [iter 2388127] reheat + diversify: ceiling=0.00, value=30728.0
    [iter 2393880] reheat + diversify: ceiling=0.00, value=30728.0
    [iter 2399633] reheat + diversify: ceiling=0.00, value=33608.0
    [iter 2405386] reheat + diversify: ceiling=0.00, value=33608.0
    [iter 2411139] reheat + diversify: ceiling=0.00, value=11366.0
    [iter 2416892] reheat + diversify: ceiling=0.00, value=30728.0
    [iter 2422645] reheat + diversify: ceiling=0.00, value=30728.0
    [iter 2428398] reheat + diversify: ceiling=0.00, value=22310.0
    [iter 2434151] reheat + diversify: ceiling=0.00, value=30728.0
    [iter 2439904] reheat + diversify: ceiling=0.00, value=26918.0
    [iter 2445657] reheat + diversify: ceiling=0.00, value=25544.0
    [iter 2451410] reheat + diversify: ceiling=0.00, value=14246.0
    [iter 2457163] reheat + diversify: ceiling=0.00, value=33608.0
    [iter 2462916] reheat + diversify: ceiling=0.00, value=23240.0
    [iter 2468669] reheat + diversify: ceiling=0.00, value=33608.0
    [iter 2474422] reheat + diversify: ceiling=0.00, value=30728.0
    [iter 2480175] reheat + diversify: ceiling=0.00, value=14822.0
    [iter 2485928] reheat + diversify: ceiling=0.00, value=33608.0
    [iter 2491681] reheat + diversify: ceiling=0.00, value=30728.0
    [iter 2497434] reheat + diversify: ceiling=0.00, value=33608.0
    [iter 2503187] reheat + diversify: ceiling=0.00, value=22310.0
    [iter 2508940] reheat + diversify: ceiling=0.00, value=23240.0
    [iter 2514693] reheat + diversify: ceiling=0.00, value=30728.0
    [iter 2520446] reheat + diversify: ceiling=0.00, value=30728.0
    [iter 2526199] reheat + diversify: ceiling=0.00, value=14246.0
    [iter 2531952] reheat + diversify: ceiling=0.00, value=13316.0
    [iter 2537705] reheat + diversify: ceiling=0.00, value=11942.0
    [iter 2543458] reheat + diversify: ceiling=0.00, value=33608.0
    [iter 2549211] reheat + diversify: ceiling=0.00, value=33608.0
    [iter 2554964] reheat + diversify: ceiling=0.00, value=23240.0
    [iter 2560717] reheat + diversify: ceiling=0.00, value=22310.0
    [iter 2566470] reheat + diversify: ceiling=0.00, value=30728.0
    [iter 2572223] reheat + diversify: ceiling=0.00, value=30728.0
    [iter 2577976] reheat + diversify: ceiling=0.00, value=17126.0
    [iter 2583729] reheat + diversify: ceiling=0.00, value=30728.0
    [iter 2589482] reheat + diversify: ceiling=0.00, value=33608.0
    [iter 2595235] reheat + diversify: ceiling=0.00, value=23240.0
    [iter 2600988] reheat + diversify: ceiling=0.00, value=33608.0
    [iter 2606741] reheat + diversify: ceiling=0.00, value=33608.0
    [iter 2612494] reheat + diversify: ceiling=0.00, value=19430.0
    [iter 2618247] reheat + diversify: ceiling=0.00, value=15620.0
    [iter 2624000] reheat + diversify: ceiling=0.00, value=22310.0
    [iter 2629753] reheat + diversify: ceiling=0.00, value=29798.0
    [iter 2635506] reheat + diversify: ceiling=0.00, value=33608.0
    [iter 2641259] reheat + diversify: ceiling=0.00, value=18500.0
    [iter 2647012] reheat + diversify: ceiling=0.00, value=30728.0
    [iter 2652765] reheat + diversify: ceiling=0.00, value=33608.0
    [iter 2658518] reheat + diversify: ceiling=0.00, value=33608.0
    [iter 2664271] reheat + diversify: ceiling=0.00, value=33608.0
    [iter 2670024] reheat + diversify: ceiling=0.00, value=30728.0
    [iter 2675777] reheat + diversify: ceiling=0.00, value=11012.0
    [iter 2681530] reheat + diversify: ceiling=0.00, value=33608.0
    [iter 2687283] reheat + diversify: ceiling=0.00, value=13316.0
    [iter 2693036] reheat + diversify: ceiling=0.00, value=33608.0
    [iter 2698789] reheat + diversify: ceiling=0.00, value=33608.0
    [iter 2704542] reheat + diversify: ceiling=0.00, value=20360.0
    [iter 2710295] reheat + diversify: ceiling=0.00, value=33608.0
    [iter 2716048] reheat + diversify: ceiling=0.00, value=21734.0
    [iter 2721801] reheat + diversify: ceiling=0.00, value=13316.0
    [iter 2727554] reheat + diversify: ceiling=0.00, value=33608.0
    [iter 2733307] reheat + diversify: ceiling=0.00, value=33608.0
    [iter 2739060] reheat + diversify: ceiling=0.00, value=28424.0
    [iter 2744813] reheat + diversify: ceiling=0.00, value=23240.0
    [iter 2750566] reheat + diversify: ceiling=0.00, value=33608.0
    [iter 2756319] reheat + diversify: ceiling=0.00, value=33608.0
    [iter 2762072] reheat + diversify: ceiling=0.00, value=33608.0
    [iter 2767825] reheat + diversify: ceiling=0.00, value=29798.0
    [iter 2773578] reheat + diversify: ceiling=0.00, value=30728.0
    [iter 2779331] reheat + diversify: ceiling=0.00, value=13316.0
    [iter 2785084] reheat + diversify: ceiling=0.00, value=25544.0
    [iter 2790837] reheat + diversify: ceiling=0.00, value=30728.0
    [iter 2796590] reheat + diversify: ceiling=0.00, value=11012.0
    [iter 2802343] reheat + diversify: ceiling=0.00, value=29798.0
    [iter 2808096] reheat + diversify: ceiling=0.00, value=14246.0
    [iter 2813849] reheat + diversify: ceiling=0.00, value=33608.0
    [iter 2819602] reheat + diversify: ceiling=0.00, value=33608.0
    [iter 2825355] reheat + diversify: ceiling=0.00, value=10436.0
    [iter 2831108] reheat + diversify: ceiling=0.00, value=30728.0
    [iter 2836861] reheat + diversify: ceiling=0.00, value=33608.0
    [iter 2842614] reheat + diversify: ceiling=0.00, value=26918.0
    [iter 2848367] reheat + diversify: ceiling=0.00, value=27848.0
    [iter 2854120] reheat + diversify: ceiling=0.00, value=33608.0
    [iter 2859873] reheat + diversify: ceiling=0.00, value=33608.0
    [iter 2865626] reheat + diversify: ceiling=0.00, value=30728.0
    [iter 2871379] reheat + diversify: ceiling=0.00, value=29798.0
    [iter 2877132] reheat + diversify: ceiling=0.00, value=33608.0
    [iter 2882885] reheat + diversify: ceiling=0.00, value=30728.0
    [iter 2888638] reheat + diversify: ceiling=0.00, value=33608.0
    [iter 2894391] reheat + diversify: ceiling=0.00, value=30728.0
    [iter 2900144] reheat + diversify: ceiling=0.00, value=33608.0
    [iter 2905897] reheat + diversify: ceiling=0.00, value=22310.0
    [iter 2911650] reheat + diversify: ceiling=0.00, value=13316.0
    [iter 2917403] reheat + diversify: ceiling=0.00, value=11012.0
    [iter 2923156] reheat + diversify: ceiling=0.00, value=30728.0
    [iter 2928909] reheat + diversify: ceiling=0.00, value=33608.0
    [iter 2934662] reheat + diversify: ceiling=0.00, value=22310.0
    [iter 2940415] reheat + diversify: ceiling=0.00, value=33608.0
    [iter 2946168] reheat + diversify: ceiling=0.00, value=33608.0
    [iter 2951921] reheat + diversify: ceiling=0.00, value=30728.0
    [iter 2957674] reheat + diversify: ceiling=0.00, value=13316.0
    [iter 2963427] reheat + diversify: ceiling=0.00, value=28424.0
    [iter 2969180] reheat + diversify: ceiling=0.00, value=33608.0
    [iter 2974933] reheat + diversify: ceiling=0.00, value=13316.0
    [iter 2980686] reheat + diversify: ceiling=0.00, value=13316.0
    [iter 2986439] reheat + diversify: ceiling=0.00, value=13316.0
    [iter 2992192] reheat + diversify: ceiling=0.00, value=33608.0
    [iter 2997945] reheat + diversify: ceiling=0.00, value=33608.0
    [iter 3003698] reheat + diversify: ceiling=0.00, value=33608.0
    [iter 3009451] reheat + diversify: ceiling=0.00, value=29798.0
    [iter 3015204] reheat + diversify: ceiling=0.00, value=33608.0
    [iter 3020957] reheat + diversify: ceiling=0.00, value=18500.0
    [iter 3026710] reheat + diversify: ceiling=0.00, value=14246.0
    [iter 3032463] reheat + diversify: ceiling=0.00, value=14822.0
    [iter 3038216] reheat + diversify: ceiling=0.00, value=33608.0
    [iter 3043969] reheat + diversify: ceiling=0.00, value=22310.0
    [iter 3049722] reheat + diversify: ceiling=0.00, value=33608.0
    [iter 3055475] reheat + diversify: ceiling=0.00, value=33608.0
    [iter 3061228] reheat + diversify: ceiling=0.00, value=33608.0
    [iter 3066981] reheat + diversify: ceiling=0.00, value=29798.0
    [iter 3072734] reheat + diversify: ceiling=0.00, value=33608.0
    [iter 3078487] reheat + diversify: ceiling=0.00, value=30728.0
    [iter 3084240] reheat + diversify: ceiling=0.00, value=33608.0
    [iter 3089993] reheat + diversify: ceiling=0.00, value=33608.0
    [iter 3095746] reheat + diversify: ceiling=0.00, value=24614.0
    [iter 3101499] reheat + diversify: ceiling=0.00, value=30728.0
    [iter 3107252] reheat + diversify: ceiling=0.00, value=33608.0
    [iter 3113005] reheat + diversify: ceiling=0.00, value=27848.0
    [iter 3118758] reheat + diversify: ceiling=0.00, value=33608.0
    [iter 3124511] reheat + diversify: ceiling=0.00, value=33608.0
    [iter 3130264] reheat + diversify: ceiling=0.00, value=29798.0
    [iter 3136017] reheat + diversify: ceiling=0.00, value=13316.0
    [iter 3141770] reheat + diversify: ceiling=0.00, value=22310.0
    [iter 3147523] reheat + diversify: ceiling=0.00, value=33608.0
    [iter 3153276] reheat + diversify: ceiling=0.00, value=24614.0
    [iter 3159029] reheat + diversify: ceiling=0.00, value=19430.0
    [iter 3164782] reheat + diversify: ceiling=0.00, value=28424.0
    [iter 3170535] reheat + diversify: ceiling=0.00, value=29798.0
    [iter 3176288] reheat + diversify: ceiling=0.00, value=33608.0
    [iter 3182041] reheat + diversify: ceiling=0.00, value=33608.0
    [iter 3187794] reheat + diversify: ceiling=0.00, value=30728.0
    [iter 3193547] reheat + diversify: ceiling=0.00, value=14246.0
    [iter 3199300] reheat + diversify: ceiling=0.00, value=29798.0
    [iter 3205053] reheat + diversify: ceiling=0.00, value=33608.0
    [iter 3210806] reheat + diversify: ceiling=0.00, value=30728.0
    [iter 3216559] reheat + diversify: ceiling=0.00, value=33608.0
    [iter 3222312] reheat + diversify: ceiling=0.00, value=25544.0
    [iter 3228065] reheat + diversify: ceiling=0.00, value=33608.0
    [iter 3233818] reheat + diversify: ceiling=0.00, value=33608.0
  time limit reached at iteration 3236544
  SA finished: 3236544 iterations in 300.0s (10788 it/s), accepted 2220482 (68.6%), rejected 1016061, neutral 2104073 (65.0%), worsening accepted 10.3%, no-move draws 0, reheats 562
  SA: value 33608.0 (greedy 27848.0, +5760.0), bound 39200.0, gap 14.27%, util 72.6%
  report -> /home/mcaspar/3DMHKP/results_3DMHKP_ep3/ep3-20-D-C-90-3DMHKP-SA-a0.999-r0.25-t300s.txt

================================================================================================
SUMMARY
================================================================================================
instance      boxes  packed       greedy     SA value        bound      gap    util    iters    time
------------------------------------------------------------------------------------------------
ep3-20-D-C-90     20      16      27848.0      33608.0      39200.0   14.3%   72.6%  3236544  300.0s
------------------------------------------------------------------------------------------------
proven optimal (value reaches the upper bound): 0/1
improved over greedy: 1/1 (total value 27848.0 -> 33608.0, +20.68%)
mean gap to continuous-knapsack bound: 14.3%
mean volume utilization: 72.6%
