============================================================
  Solver:     3DMHKP-SA.py
  Instance:   /home/mcaspar/3DMHKP/Egeblad/ep3-20-C-C-50.txt
  Value mode: flat
  Timelimit:  300s
  Reports:    /home/mcaspar/3DMHKP/results_3DMHKP_ep3
  CPUs:       1
============================================================
======================================================================
3DMHKP Simulated Annealing (random single-neighbour, sequence decoder)
SA params: T0=5% of f(S_0), alpha=0.999, T_min=0.001, reheat_threshold=5753, reheat_fraction=0.25
Move weights: {'relocate': 0.0, 'swap': 1.0, '2opt': 0.0, 'promote': 1.5, 'demote': 1.5, 'orient': 1.0, 'container': 0.5}
Time limit: 300.0s per instance, seed 1979040237
======================================================================

======================================================================
ep3-20-C-C-50: 20 boxes (5 types), 1 containers (1 types)
  continuous-knapsack bound: 126214.6
  initial (value-density) decode: value 56330.0 (10/20 boxes)
  T0 = 4169.3 (calibrated, 253 worsening draws, target accept 35%)
  schedule: time-based, T0 -> 950.45 over 300s
    [iter 1] *** NEW BEST: value 65308.0, boxes 11/20, T=4169.3, elapsed=0.1s
    [iter 5754] reheat + diversify: ceiling=1042.32, value=65308.0
    [iter 11507] reheat + diversify: ceiling=938.09, value=65308.0
    [iter 17260] reheat + diversify: ceiling=844.28, value=65308.0
    [iter 23013] reheat + diversify: ceiling=759.85, value=51953.0
    [iter 28766] reheat + diversify: ceiling=683.87, value=52611.0
    [iter 34519] reheat + diversify: ceiling=615.48, value=65308.0
    [iter 40272] reheat + diversify: ceiling=553.93, value=48234.0
    [iter 46025] reheat + diversify: ceiling=498.54, value=51953.0
    [iter 51778] reheat + diversify: ceiling=448.68, value=47576.0
    [iter 57531] reheat + diversify: ceiling=403.82, value=51953.0
    [iter 63284] reheat + diversify: ceiling=363.43, value=48234.0
    [iter 69037] reheat + diversify: ceiling=327.09, value=51953.0
    [iter 74790] reheat + diversify: ceiling=294.38, value=51953.0
    [iter 80543] reheat + diversify: ceiling=264.94, value=52611.0
    [iter 86296] reheat + diversify: ceiling=238.45, value=51953.0
    [iter 92049] reheat + diversify: ceiling=214.60, value=51953.0
    [iter 97802] reheat + diversify: ceiling=193.14, value=51953.0
    [iter 103555] reheat + diversify: ceiling=173.83, value=65308.0
    [iter 109308] reheat + diversify: ceiling=156.45, value=51953.0
    [iter 115061] reheat + diversify: ceiling=140.80, value=65308.0
    [iter 120814] reheat + diversify: ceiling=126.72, value=52611.0
    [iter 126567] reheat + diversify: ceiling=114.05, value=51953.0
    [iter 132320] reheat + diversify: ceiling=102.64, value=65308.0
    [iter 138073] reheat + diversify: ceiling=92.38, value=51953.0
    [iter 143826] reheat + diversify: ceiling=83.14, value=48234.0
    [iter 149579] reheat + diversify: ceiling=74.83, value=51953.0
    [iter 155332] reheat + diversify: ceiling=67.35, value=52611.0
    [iter 161085] reheat + diversify: ceiling=60.61, value=65308.0
    [iter 166838] reheat + diversify: ceiling=54.55, value=51953.0
    [iter 172591] reheat + diversify: ceiling=49.09, value=51953.0
    [iter 178344] reheat + diversify: ceiling=44.19, value=65308.0
    [iter 184097] reheat + diversify: ceiling=39.77, value=65308.0
    [iter 189850] reheat + diversify: ceiling=35.79, value=65308.0
    [iter 195603] reheat + diversify: ceiling=32.21, value=65308.0
    [iter 201356] reheat + diversify: ceiling=28.99, value=65308.0
    [iter 207109] reheat + diversify: ceiling=26.09, value=65308.0
    [iter 212862] reheat + diversify: ceiling=23.48, value=65308.0
    [iter 218615] reheat + diversify: ceiling=21.13, value=51953.0
    [iter 224368] reheat + diversify: ceiling=19.02, value=48234.0
    [iter 230121] reheat + diversify: ceiling=17.12, value=65308.0
    [iter 235874] reheat + diversify: ceiling=15.41, value=65308.0
    [iter 241627] reheat + diversify: ceiling=13.87, value=65308.0
    [iter 247380] reheat + diversify: ceiling=12.48, value=65308.0
    [iter 253133] reheat + diversify: ceiling=11.23, value=65308.0
    [iter 258886] reheat + diversify: ceiling=10.11, value=65308.0
    [iter 264639] reheat + diversify: ceiling=9.10, value=48234.0
    [iter 270392] reheat + diversify: ceiling=8.19, value=65308.0
    [iter 276145] reheat + diversify: ceiling=7.37, value=65308.0
    [iter 281898] reheat + diversify: ceiling=6.63, value=51953.0
    [iter 287651] reheat + diversify: ceiling=5.97, value=48234.0
    [iter 293404] reheat + diversify: ceiling=5.37, value=65308.0
    [iter 299157] reheat + diversify: ceiling=4.83, value=65308.0
    [iter 304910] reheat + diversify: ceiling=4.35, value=52611.0
    [iter 310663] reheat + diversify: ceiling=3.92, value=52611.0
    [iter 316416] reheat + diversify: ceiling=3.52, value=65308.0
    [iter 322169] reheat + diversify: ceiling=3.17, value=39914.0
    [iter 327922] reheat + diversify: ceiling=2.85, value=52611.0
    [iter 333675] reheat + diversify: ceiling=2.57, value=65308.0
    [iter 339428] reheat + diversify: ceiling=2.31, value=48234.0
    [iter 345181] reheat + diversify: ceiling=2.08, value=65308.0
    [iter 350934] reheat + diversify: ceiling=1.87, value=65308.0
    [iter 356687] reheat + diversify: ceiling=1.69, value=51953.0
    [iter 362440] reheat + diversify: ceiling=1.52, value=65308.0
    [iter 368193] reheat + diversify: ceiling=1.37, value=65308.0
    [iter 373946] reheat + diversify: ceiling=1.23, value=51953.0
    [iter 379699] reheat + diversify: ceiling=1.11, value=48234.0
    [iter 385452] reheat + diversify: ceiling=1.00, value=65308.0
    [iter 391205] reheat + diversify: ceiling=0.90, value=51953.0
    [iter 396958] reheat + diversify: ceiling=0.81, value=51953.0
    [iter 402711] reheat + diversify: ceiling=0.73, value=52611.0
    [iter 408464] reheat + diversify: ceiling=0.65, value=65308.0
    [iter 414217] reheat + diversify: ceiling=0.59, value=52611.0
    [iter 419970] reheat + diversify: ceiling=0.53, value=52611.0
    [iter 425723] reheat + diversify: ceiling=0.48, value=48234.0
    [iter 431476] reheat + diversify: ceiling=0.43, value=65308.0
    [iter 437229] reheat + diversify: ceiling=0.39, value=52611.0
    [iter 442982] reheat + diversify: ceiling=0.35, value=65308.0
    [iter 448735] reheat + diversify: ceiling=0.31, value=52611.0
    [iter 454488] reheat + diversify: ceiling=0.28, value=51953.0
    [iter 460241] reheat + diversify: ceiling=0.25, value=65308.0
    [iter 465994] reheat + diversify: ceiling=0.23, value=51953.0
    [iter 471747] reheat + diversify: ceiling=0.20, value=65308.0
    [iter 477500] reheat + diversify: ceiling=0.18, value=52611.0
    [iter 483253] reheat + diversify: ceiling=0.17, value=47576.0
    [iter 489006] reheat + diversify: ceiling=0.15, value=65308.0
    [iter 494759] reheat + diversify: ceiling=0.13, value=48234.0
    [iter 500512] reheat + diversify: ceiling=0.12, value=47576.0
    [iter 506265] reheat + diversify: ceiling=0.11, value=48234.0
    [iter 512018] reheat + diversify: ceiling=0.10, value=48234.0
    [iter 517771] reheat + diversify: ceiling=0.09, value=52611.0
    [iter 523524] reheat + diversify: ceiling=0.08, value=65308.0
    [iter 529277] reheat + diversify: ceiling=0.07, value=52611.0
    [iter 535030] reheat + diversify: ceiling=0.06, value=65308.0
    [iter 540783] reheat + diversify: ceiling=0.06, value=65308.0
    [iter 546536] reheat + diversify: ceiling=0.05, value=52611.0
    [iter 552289] reheat + diversify: ceiling=0.05, value=52611.0
    [iter 558042] reheat + diversify: ceiling=0.04, value=65308.0
    [iter 563795] reheat + diversify: ceiling=0.04, value=48234.0
    [iter 569548] reheat + diversify: ceiling=0.03, value=65308.0
    [iter 575301] reheat + diversify: ceiling=0.03, value=51953.0
    [iter 581054] reheat + diversify: ceiling=0.03, value=52611.0
    [iter 586807] reheat + diversify: ceiling=0.02, value=51953.0
    [iter 592560] reheat + diversify: ceiling=0.02, value=47576.0
    [iter 598313] reheat + diversify: ceiling=0.02, value=52611.0
    [iter 604066] reheat + diversify: ceiling=0.02, value=65308.0
    [iter 609819] reheat + diversify: ceiling=0.02, value=65308.0
    [iter 615572] reheat + diversify: ceiling=0.01, value=52611.0
    [iter 621325] reheat + diversify: ceiling=0.01, value=47576.0
    [iter 627078] reheat + diversify: ceiling=0.01, value=51953.0
    [iter 632831] reheat + diversify: ceiling=0.01, value=65308.0
    [iter 638584] reheat + diversify: ceiling=0.01, value=51953.0
    [iter 644337] reheat + diversify: ceiling=0.01, value=48234.0
    [iter 650090] reheat + diversify: ceiling=0.01, value=65308.0
    [iter 655843] reheat + diversify: ceiling=0.01, value=65308.0
    [iter 661596] reheat + diversify: ceiling=0.01, value=52611.0
    [iter 667349] reheat + diversify: ceiling=0.01, value=52611.0
    [iter 673102] reheat + diversify: ceiling=0.01, value=65308.0
    [iter 678855] reheat + diversify: ceiling=0.00, value=65308.0
    [iter 684608] reheat + diversify: ceiling=0.00, value=51953.0
    [iter 690361] reheat + diversify: ceiling=0.00, value=51953.0
    [iter 696114] reheat + diversify: ceiling=0.00, value=65308.0
    [iter 701867] reheat + diversify: ceiling=0.00, value=65308.0
    [iter 707620] reheat + diversify: ceiling=0.00, value=65308.0
    [iter 713373] reheat + diversify: ceiling=0.00, value=65308.0
    [iter 719126] reheat + diversify: ceiling=0.00, value=51953.0
    [iter 724879] reheat + diversify: ceiling=0.00, value=52611.0
    [iter 730632] reheat + diversify: ceiling=0.00, value=51953.0
    [iter 736385] reheat + diversify: ceiling=0.00, value=65308.0
    [iter 742138] reheat + diversify: ceiling=0.00, value=65308.0
    [iter 747891] reheat + diversify: ceiling=0.00, value=51953.0
    [iter 753644] reheat + diversify: ceiling=0.00, value=65308.0
    [iter 759397] reheat + diversify: ceiling=0.00, value=65308.0
    [iter 765150] reheat + diversify: ceiling=0.00, value=48234.0
    [iter 770903] reheat + diversify: ceiling=0.00, value=39914.0
    [iter 776656] reheat + diversify: ceiling=0.00, value=48234.0
    [iter 782409] reheat + diversify: ceiling=0.00, value=39256.0
    [iter 788162] reheat + diversify: ceiling=0.00, value=65308.0
    [iter 793915] reheat + diversify: ceiling=0.00, value=65308.0
    [iter 799668] reheat + diversify: ceiling=0.00, value=65308.0
    [iter 805421] reheat + diversify: ceiling=0.00, value=48234.0
    [iter 811174] reheat + diversify: ceiling=0.00, value=65308.0
    [iter 816927] reheat + diversify: ceiling=0.00, value=65308.0
    [iter 822680] reheat + diversify: ceiling=0.00, value=65308.0
    [iter 828433] reheat + diversify: ceiling=0.00, value=65308.0
    [iter 834186] reheat + diversify: ceiling=0.00, value=52611.0
    [iter 839939] reheat + diversify: ceiling=0.00, value=65308.0
    [iter 845692] reheat + diversify: ceiling=0.00, value=65308.0
    [iter 851445] reheat + diversify: ceiling=0.00, value=51953.0
    [iter 857198] reheat + diversify: ceiling=0.00, value=51953.0
    [iter 862951] reheat + diversify: ceiling=0.00, value=65308.0
    [iter 868704] reheat + diversify: ceiling=0.00, value=52611.0
    [iter 874457] reheat + diversify: ceiling=0.00, value=65308.0
    [iter 880210] reheat + diversify: ceiling=0.00, value=52611.0
    [iter 885963] reheat + diversify: ceiling=0.00, value=65308.0
    [iter 891716] reheat + diversify: ceiling=0.00, value=51953.0
    [iter 897469] reheat + diversify: ceiling=0.00, value=65308.0
    [iter 903222] reheat + diversify: ceiling=0.00, value=65308.0
    [iter 908975] reheat + diversify: ceiling=0.00, value=52611.0
    [iter 914728] reheat + diversify: ceiling=0.00, value=52611.0
    [iter 920481] reheat + diversify: ceiling=0.00, value=65308.0
    [iter 926234] reheat + diversify: ceiling=0.00, value=39256.0
    [iter 931987] reheat + diversify: ceiling=0.00, value=65308.0
    [iter 937740] reheat + diversify: ceiling=0.00, value=39914.0
    [iter 943493] reheat + diversify: ceiling=0.00, value=51953.0
    [iter 949246] reheat + diversify: ceiling=0.00, value=65308.0
    [iter 954999] reheat + diversify: ceiling=0.00, value=48234.0
    [iter 960752] reheat + diversify: ceiling=0.00, value=52611.0
    [iter 966505] reheat + diversify: ceiling=0.00, value=51953.0
    [iter 972258] reheat + diversify: ceiling=0.00, value=65308.0
    [iter 978011] reheat + diversify: ceiling=0.00, value=48234.0
    [iter 983764] reheat + diversify: ceiling=0.00, value=65308.0
    [iter 989517] reheat + diversify: ceiling=0.00, value=52611.0
    [iter 995270] reheat + diversify: ceiling=0.00, value=65308.0
    [iter 1001023] reheat + diversify: ceiling=0.00, value=52611.0
    [iter 1006776] reheat + diversify: ceiling=0.00, value=65308.0
    [iter 1012529] reheat + diversify: ceiling=0.00, value=52611.0
    [iter 1018282] reheat + diversify: ceiling=0.00, value=65308.0
    [iter 1024035] reheat + diversify: ceiling=0.00, value=51953.0
    [iter 1029788] reheat + diversify: ceiling=0.00, value=52611.0
    [iter 1035541] reheat + diversify: ceiling=0.00, value=65308.0
    [iter 1041294] reheat + diversify: ceiling=0.00, value=65308.0
    [iter 1047047] reheat + diversify: ceiling=0.00, value=65308.0
    [iter 1052800] reheat + diversify: ceiling=0.00, value=51953.0
    [iter 1058553] reheat + diversify: ceiling=0.00, value=65308.0
    [iter 1064306] reheat + diversify: ceiling=0.00, value=39914.0
    [iter 1070059] reheat + diversify: ceiling=0.00, value=51953.0
    [iter 1075812] reheat + diversify: ceiling=0.00, value=65308.0
    [iter 1081565] reheat + diversify: ceiling=0.00, value=51953.0
    [iter 1087318] reheat + diversify: ceiling=0.00, value=52611.0
    [iter 1093071] reheat + diversify: ceiling=0.00, value=52611.0
    [iter 1098824] reheat + diversify: ceiling=0.00, value=52611.0
    [iter 1104577] reheat + diversify: ceiling=0.00, value=65308.0
    [iter 1110330] reheat + diversify: ceiling=0.00, value=52611.0
    [iter 1116083] reheat + diversify: ceiling=0.00, value=48234.0
    [iter 1121836] reheat + diversify: ceiling=0.00, value=51953.0
    [iter 1127589] reheat + diversify: ceiling=0.00, value=65308.0
    [iter 1133342] reheat + diversify: ceiling=0.00, value=65308.0
    [iter 1139095] reheat + diversify: ceiling=0.00, value=48234.0
    [iter 1144848] reheat + diversify: ceiling=0.00, value=65308.0
    [iter 1150601] reheat + diversify: ceiling=0.00, value=51953.0
    [iter 1156354] reheat + diversify: ceiling=0.00, value=52611.0
    [iter 1162107] reheat + diversify: ceiling=0.00, value=65308.0
    [iter 1167860] reheat + diversify: ceiling=0.00, value=65308.0
    [iter 1173613] reheat + diversify: ceiling=0.00, value=65308.0
    [iter 1179366] reheat + diversify: ceiling=0.00, value=52611.0
    [iter 1185119] reheat + diversify: ceiling=0.00, value=65308.0
    [iter 1190872] reheat + diversify: ceiling=0.00, value=48234.0
    [iter 1196625] reheat + diversify: ceiling=0.00, value=65308.0
    [iter 1202378] reheat + diversify: ceiling=0.00, value=52611.0
    [iter 1208131] reheat + diversify: ceiling=0.00, value=52611.0
    [iter 1213884] reheat + diversify: ceiling=0.00, value=52611.0
    [iter 1219637] reheat + diversify: ceiling=0.00, value=65308.0
    [iter 1225390] reheat + diversify: ceiling=0.00, value=51953.0
    [iter 1231143] reheat + diversify: ceiling=0.00, value=65308.0
    [iter 1236896] reheat + diversify: ceiling=0.00, value=52611.0
    [iter 1242649] reheat + diversify: ceiling=0.00, value=65308.0
    [iter 1248402] reheat + diversify: ceiling=0.00, value=65308.0
    [iter 1254155] reheat + diversify: ceiling=0.00, value=51953.0
    [iter 1259908] reheat + diversify: ceiling=0.00, value=52611.0
    [iter 1265661] reheat + diversify: ceiling=0.00, value=51953.0
    [iter 1271414] reheat + diversify: ceiling=0.00, value=65308.0
    [iter 1277167] reheat + diversify: ceiling=0.00, value=47576.0
    [iter 1282920] reheat + diversify: ceiling=0.00, value=65308.0
    [iter 1288673] reheat + diversify: ceiling=0.00, value=47576.0
    [iter 1294426] reheat + diversify: ceiling=0.00, value=51953.0
    [iter 1300179] reheat + diversify: ceiling=0.00, value=51953.0
    [iter 1305932] reheat + diversify: ceiling=0.00, value=51953.0
    [iter 1311685] reheat + diversify: ceiling=0.00, value=51953.0
    [iter 1317438] reheat + diversify: ceiling=0.00, value=65308.0
    [iter 1323191] reheat + diversify: ceiling=0.00, value=51953.0
    [iter 1328944] reheat + diversify: ceiling=0.00, value=48234.0
    [iter 1334697] reheat + diversify: ceiling=0.00, value=65308.0
    [iter 1340450] reheat + diversify: ceiling=0.00, value=48234.0
    [iter 1346203] reheat + diversify: ceiling=0.00, value=65308.0
    [iter 1351956] reheat + diversify: ceiling=0.00, value=65308.0
    [iter 1357709] reheat + diversify: ceiling=0.00, value=48234.0
    [iter 1363462] reheat + diversify: ceiling=0.00, value=52611.0
    [iter 1369215] reheat + diversify: ceiling=0.00, value=65308.0
    [iter 1374968] reheat + diversify: ceiling=0.00, value=39256.0
    [iter 1380721] reheat + diversify: ceiling=0.00, value=65308.0
    [iter 1386474] reheat + diversify: ceiling=0.00, value=65308.0
    [iter 1392227] reheat + diversify: ceiling=0.00, value=65308.0
    [iter 1397980] reheat + diversify: ceiling=0.00, value=65308.0
    [iter 1403733] reheat + diversify: ceiling=0.00, value=65308.0
    [iter 1409486] reheat + diversify: ceiling=0.00, value=47576.0
    [iter 1415239] reheat + diversify: ceiling=0.00, value=65308.0
    [iter 1420992] reheat + diversify: ceiling=0.00, value=65308.0
    [iter 1426745] reheat + diversify: ceiling=0.00, value=65308.0
    [iter 1432498] reheat + diversify: ceiling=0.00, value=47576.0
    [iter 1438251] reheat + diversify: ceiling=0.00, value=65308.0
    [iter 1444004] reheat + diversify: ceiling=0.00, value=65308.0
    [iter 1449757] reheat + diversify: ceiling=0.00, value=65308.0
    [iter 1455510] reheat + diversify: ceiling=0.00, value=52611.0
    [iter 1461263] reheat + diversify: ceiling=0.00, value=65308.0
    [iter 1467016] reheat + diversify: ceiling=0.00, value=48234.0
    [iter 1472769] reheat + diversify: ceiling=0.00, value=65308.0
    [iter 1478522] reheat + diversify: ceiling=0.00, value=48234.0
    [iter 1484275] reheat + diversify: ceiling=0.00, value=65308.0
    [iter 1490028] reheat + diversify: ceiling=0.00, value=48234.0
    [iter 1495781] reheat + diversify: ceiling=0.00, value=51953.0
    [iter 1501534] reheat + diversify: ceiling=0.00, value=65308.0
    [iter 1507287] reheat + diversify: ceiling=0.00, value=51953.0
    [iter 1513040] reheat + diversify: ceiling=0.00, value=52611.0
    [iter 1518793] reheat + diversify: ceiling=0.00, value=65308.0
    [iter 1524546] reheat + diversify: ceiling=0.00, value=65308.0
    [iter 1530299] reheat + diversify: ceiling=0.00, value=48234.0
    [iter 1536052] reheat + diversify: ceiling=0.00, value=51953.0
    [iter 1541805] reheat + diversify: ceiling=0.00, value=65308.0
    [iter 1547558] reheat + diversify: ceiling=0.00, value=51953.0
    [iter 1553311] reheat + diversify: ceiling=0.00, value=65308.0
    [iter 1559064] reheat + diversify: ceiling=0.00, value=52611.0
    [iter 1564817] reheat + diversify: ceiling=0.00, value=65308.0
    [iter 1570570] reheat + diversify: ceiling=0.00, value=52611.0
    [iter 1576323] reheat + diversify: ceiling=0.00, value=52611.0
    [iter 1582076] reheat + diversify: ceiling=0.00, value=39914.0
    [iter 1587829] reheat + diversify: ceiling=0.00, value=52611.0
    [iter 1593582] reheat + diversify: ceiling=0.00, value=51953.0
    [iter 1599335] reheat + diversify: ceiling=0.00, value=65308.0
    [iter 1605088] reheat + diversify: ceiling=0.00, value=48234.0
    [iter 1610841] reheat + diversify: ceiling=0.00, value=52611.0
    [iter 1616594] reheat + diversify: ceiling=0.00, value=65308.0
    [iter 1622347] reheat + diversify: ceiling=0.00, value=65308.0
    [iter 1628100] reheat + diversify: ceiling=0.00, value=48234.0
    [iter 1633853] reheat + diversify: ceiling=0.00, value=65308.0
    [iter 1639606] reheat + diversify: ceiling=0.00, value=65308.0
    [iter 1645359] reheat + diversify: ceiling=0.00, value=52611.0
    [iter 1651112] reheat + diversify: ceiling=0.00, value=65308.0
    [iter 1656865] reheat + diversify: ceiling=0.00, value=65308.0
    [iter 1662618] reheat + diversify: ceiling=0.00, value=51953.0
    [iter 1668371] reheat + diversify: ceiling=0.00, value=65308.0
    [iter 1674124] reheat + diversify: ceiling=0.00, value=52611.0
    [iter 1679877] reheat + diversify: ceiling=0.00, value=65308.0
    [iter 1685630] reheat + diversify: ceiling=0.00, value=51953.0
    [iter 1691383] reheat + diversify: ceiling=0.00, value=52611.0
    [iter 1697136] reheat + diversify: ceiling=0.00, value=51953.0
    [iter 1702889] reheat + diversify: ceiling=0.00, value=48234.0
    [iter 1708642] reheat + diversify: ceiling=0.00, value=65308.0
    [iter 1714395] reheat + diversify: ceiling=0.00, value=65308.0
    [iter 1720148] reheat + diversify: ceiling=0.00, value=65308.0
    [iter 1725901] reheat + diversify: ceiling=0.00, value=51953.0
    [iter 1731654] reheat + diversify: ceiling=0.00, value=65308.0
    [iter 1737407] reheat + diversify: ceiling=0.00, value=65308.0
    [iter 1743160] reheat + diversify: ceiling=0.00, value=65308.0
    [iter 1748913] reheat + diversify: ceiling=0.00, value=48234.0
    [iter 1754666] reheat + diversify: ceiling=0.00, value=65308.0
    [iter 1760419] reheat + diversify: ceiling=0.00, value=51953.0
    [iter 1766172] reheat + diversify: ceiling=0.00, value=52611.0
    [iter 1771925] reheat + diversify: ceiling=0.00, value=65308.0
    [iter 1777678] reheat + diversify: ceiling=0.00, value=52611.0
    [iter 1783431] reheat + diversify: ceiling=0.00, value=39914.0
    [iter 1789184] reheat + diversify: ceiling=0.00, value=65308.0
    [iter 1794937] reheat + diversify: ceiling=0.00, value=65308.0
    [iter 1800690] reheat + diversify: ceiling=0.00, value=65308.0
    [iter 1806443] reheat + diversify: ceiling=0.00, value=51953.0
    [iter 1812196] reheat + diversify: ceiling=0.00, value=52611.0
    [iter 1817949] reheat + diversify: ceiling=0.00, value=65308.0
    [iter 1823702] reheat + diversify: ceiling=0.00, value=65308.0
    [iter 1829455] reheat + diversify: ceiling=0.00, value=65308.0
    [iter 1835208] reheat + diversify: ceiling=0.00, value=65308.0
    [iter 1840961] reheat + diversify: ceiling=0.00, value=51953.0
    [iter 1846714] reheat + diversify: ceiling=0.00, value=48234.0
    [iter 1852467] reheat + diversify: ceiling=0.00, value=52611.0
    [iter 1858220] reheat + diversify: ceiling=0.00, value=52611.0
    [iter 1863973] reheat + diversify: ceiling=0.00, value=48234.0
    [iter 1869726] reheat + diversify: ceiling=0.00, value=65308.0
    [iter 1875479] reheat + diversify: ceiling=0.00, value=65308.0
    [iter 1881232] reheat + diversify: ceiling=0.00, value=51953.0
    [iter 1886985] reheat + diversify: ceiling=0.00, value=51953.0
    [iter 1892738] reheat + diversify: ceiling=0.00, value=51953.0
    [iter 1898491] reheat + diversify: ceiling=0.00, value=65308.0
    [iter 1904244] reheat + diversify: ceiling=0.00, value=52611.0
    [iter 1909997] reheat + diversify: ceiling=0.00, value=65308.0
    [iter 1915750] reheat + diversify: ceiling=0.00, value=52611.0
    [iter 1921503] reheat + diversify: ceiling=0.00, value=39914.0
    [iter 1927256] reheat + diversify: ceiling=0.00, value=52611.0
    [iter 1933009] reheat + diversify: ceiling=0.00, value=65308.0
    [iter 1938762] reheat + diversify: ceiling=0.00, value=65308.0
    [iter 1944515] reheat + diversify: ceiling=0.00, value=51953.0
    [iter 1950268] reheat + diversify: ceiling=0.00, value=48234.0
    [iter 1956021] reheat + diversify: ceiling=0.00, value=51953.0
    [iter 1961774] reheat + diversify: ceiling=0.00, value=65308.0
    [iter 1967527] reheat + diversify: ceiling=0.00, value=65308.0
    [iter 1973280] reheat + diversify: ceiling=0.00, value=65308.0
    [iter 1979033] reheat + diversify: ceiling=0.00, value=65308.0
    [iter 1984786] reheat + diversify: ceiling=0.00, value=51953.0
    [iter 1990539] reheat + diversify: ceiling=0.00, value=65308.0
    [iter 1996292] reheat + diversify: ceiling=0.00, value=52611.0
    [iter 2002045] reheat + diversify: ceiling=0.00, value=65308.0
    [iter 2007798] reheat + diversify: ceiling=0.00, value=52611.0
    [iter 2013551] reheat + diversify: ceiling=0.00, value=47576.0
    [iter 2019304] reheat + diversify: ceiling=0.00, value=65308.0
    [iter 2025057] reheat + diversify: ceiling=0.00, value=51953.0
    [iter 2030810] reheat + diversify: ceiling=0.00, value=65308.0
    [iter 2036563] reheat + diversify: ceiling=0.00, value=65308.0
    [iter 2042316] reheat + diversify: ceiling=0.00, value=65308.0
    [iter 2048069] reheat + diversify: ceiling=0.00, value=51953.0
    [iter 2053822] reheat + diversify: ceiling=0.00, value=51953.0
    [iter 2059575] reheat + diversify: ceiling=0.00, value=48234.0
    [iter 2065328] reheat + diversify: ceiling=0.00, value=52611.0
    [iter 2071081] reheat + diversify: ceiling=0.00, value=65308.0
    [iter 2076834] reheat + diversify: ceiling=0.00, value=51953.0
    [iter 2082587] reheat + diversify: ceiling=0.00, value=52611.0
    [iter 2088340] reheat + diversify: ceiling=0.00, value=65308.0
    [iter 2094093] reheat + diversify: ceiling=0.00, value=47576.0
    [iter 2099846] reheat + diversify: ceiling=0.00, value=65308.0
    [iter 2105599] reheat + diversify: ceiling=0.00, value=47576.0
    [iter 2111352] reheat + diversify: ceiling=0.00, value=52611.0
    [iter 2117105] reheat + diversify: ceiling=0.00, value=65308.0
    [iter 2122858] reheat + diversify: ceiling=0.00, value=65308.0
    [iter 2128611] reheat + diversify: ceiling=0.00, value=51953.0
    [iter 2134364] reheat + diversify: ceiling=0.00, value=51953.0
    [iter 2140117] reheat + diversify: ceiling=0.00, value=48234.0
    [iter 2145870] reheat + diversify: ceiling=0.00, value=52611.0
    [iter 2151623] reheat + diversify: ceiling=0.00, value=65308.0
    [iter 2157376] reheat + diversify: ceiling=0.00, value=65308.0
    [iter 2163129] reheat + diversify: ceiling=0.00, value=51953.0
    [iter 2168882] reheat + diversify: ceiling=0.00, value=65308.0
    [iter 2174635] reheat + diversify: ceiling=0.00, value=65308.0
    [iter 2180388] reheat + diversify: ceiling=0.00, value=47576.0
    [iter 2186141] reheat + diversify: ceiling=0.00, value=39256.0
    [iter 2191894] reheat + diversify: ceiling=0.00, value=65308.0
    [iter 2197647] reheat + diversify: ceiling=0.00, value=65308.0
    [iter 2203400] reheat + diversify: ceiling=0.00, value=51953.0
    [iter 2209153] reheat + diversify: ceiling=0.00, value=51953.0
    [iter 2214906] reheat + diversify: ceiling=0.00, value=65308.0
    [iter 2220659] reheat + diversify: ceiling=0.00, value=51953.0
    [iter 2226412] reheat + diversify: ceiling=0.00, value=65308.0
    [iter 2232165] reheat + diversify: ceiling=0.00, value=65308.0
    [iter 2237918] reheat + diversify: ceiling=0.00, value=65308.0
    [iter 2243671] reheat + diversify: ceiling=0.00, value=48234.0
    [iter 2249424] reheat + diversify: ceiling=0.00, value=52611.0
    [iter 2255177] reheat + diversify: ceiling=0.00, value=48234.0
    [iter 2260930] reheat + diversify: ceiling=0.00, value=48234.0
    [iter 2266683] reheat + diversify: ceiling=0.00, value=52611.0
    [iter 2272436] reheat + diversify: ceiling=0.00, value=52611.0
    [iter 2278189] reheat + diversify: ceiling=0.00, value=52611.0
    [iter 2283942] reheat + diversify: ceiling=0.00, value=65308.0
    [iter 2289695] reheat + diversify: ceiling=0.00, value=65308.0
    [iter 2295448] reheat + diversify: ceiling=0.00, value=39914.0
    [iter 2301201] reheat + diversify: ceiling=0.00, value=51953.0
    [iter 2306954] reheat + diversify: ceiling=0.00, value=52611.0
    [iter 2312707] reheat + diversify: ceiling=0.00, value=52611.0
    [iter 2318460] reheat + diversify: ceiling=0.00, value=39914.0
    [iter 2324213] reheat + diversify: ceiling=0.00, value=48234.0
    [iter 2329966] reheat + diversify: ceiling=0.00, value=65308.0
    [iter 2335719] reheat + diversify: ceiling=0.00, value=48234.0
    [iter 2341472] reheat + diversify: ceiling=0.00, value=52611.0
    [iter 2347225] reheat + diversify: ceiling=0.00, value=51953.0
    [iter 2352978] reheat + diversify: ceiling=0.00, value=65308.0
    [iter 2358731] reheat + diversify: ceiling=0.00, value=51953.0
    [iter 2364484] reheat + diversify: ceiling=0.00, value=65308.0
    [iter 2370237] reheat + diversify: ceiling=0.00, value=51953.0
    [iter 2375990] reheat + diversify: ceiling=0.00, value=52611.0
    [iter 2381743] reheat + diversify: ceiling=0.00, value=65308.0
    [iter 2387496] reheat + diversify: ceiling=0.00, value=51953.0
    [iter 2393249] reheat + diversify: ceiling=0.00, value=65308.0
    [iter 2399002] reheat + diversify: ceiling=0.00, value=48234.0
    [iter 2404755] reheat + diversify: ceiling=0.00, value=48234.0
    [iter 2410508] reheat + diversify: ceiling=0.00, value=48234.0
    [iter 2416261] reheat + diversify: ceiling=0.00, value=52611.0
    [iter 2422014] reheat + diversify: ceiling=0.00, value=39256.0
    [iter 2427767] reheat + diversify: ceiling=0.00, value=52611.0
    [iter 2433520] reheat + diversify: ceiling=0.00, value=47576.0
    [iter 2439273] reheat + diversify: ceiling=0.00, value=65308.0
    [iter 2445026] reheat + diversify: ceiling=0.00, value=51953.0
    [iter 2450779] reheat + diversify: ceiling=0.00, value=52611.0
    [iter 2456532] reheat + diversify: ceiling=0.00, value=51953.0
    [iter 2462285] reheat + diversify: ceiling=0.00, value=65308.0
    [iter 2468038] reheat + diversify: ceiling=0.00, value=65308.0
    [iter 2473791] reheat + diversify: ceiling=0.00, value=65308.0
    [iter 2479544] reheat + diversify: ceiling=0.00, value=48234.0
    [iter 2485297] reheat + diversify: ceiling=0.00, value=51953.0
    [iter 2491050] reheat + diversify: ceiling=0.00, value=48234.0
    [iter 2496803] reheat + diversify: ceiling=0.00, value=65308.0
    [iter 2502556] reheat + diversify: ceiling=0.00, value=51953.0
    [iter 2508309] reheat + diversify: ceiling=0.00, value=65308.0
    [iter 2514062] reheat + diversify: ceiling=0.00, value=51953.0
    [iter 2519815] reheat + diversify: ceiling=0.00, value=52611.0
    [iter 2525568] reheat + diversify: ceiling=0.00, value=48234.0
    [iter 2531321] reheat + diversify: ceiling=0.00, value=52611.0
    [iter 2537074] reheat + diversify: ceiling=0.00, value=65308.0
    [iter 2542827] reheat + diversify: ceiling=0.00, value=47576.0
    [iter 2548580] reheat + diversify: ceiling=0.00, value=65308.0
    [iter 2554333] reheat + diversify: ceiling=0.00, value=65308.0
    [iter 2560086] reheat + diversify: ceiling=0.00, value=52611.0
    [iter 2565839] reheat + diversify: ceiling=0.00, value=47576.0
    [iter 2571592] reheat + diversify: ceiling=0.00, value=65308.0
    [iter 2577345] reheat + diversify: ceiling=0.00, value=48234.0
    [iter 2583098] reheat + diversify: ceiling=0.00, value=48234.0
    [iter 2588851] reheat + diversify: ceiling=0.00, value=51953.0
    [iter 2594604] reheat + diversify: ceiling=0.00, value=52611.0
    [iter 2600357] reheat + diversify: ceiling=0.00, value=52611.0
    [iter 2606110] reheat + diversify: ceiling=0.00, value=51953.0
    [iter 2611863] reheat + diversify: ceiling=0.00, value=65308.0
    [iter 2617616] reheat + diversify: ceiling=0.00, value=65308.0
    [iter 2623369] reheat + diversify: ceiling=0.00, value=65308.0
    [iter 2629122] reheat + diversify: ceiling=0.00, value=65308.0
    [iter 2634875] reheat + diversify: ceiling=0.00, value=65308.0
    [iter 2640628] reheat + diversify: ceiling=0.00, value=51953.0
    [iter 2646381] reheat + diversify: ceiling=0.00, value=51953.0
    [iter 2652134] reheat + diversify: ceiling=0.00, value=65308.0
    [iter 2657887] reheat + diversify: ceiling=0.00, value=65308.0
    [iter 2663640] reheat + diversify: ceiling=0.00, value=65308.0
    [iter 2669393] reheat + diversify: ceiling=0.00, value=65308.0
    [iter 2675146] reheat + diversify: ceiling=0.00, value=65308.0
    [iter 2680899] reheat + diversify: ceiling=0.00, value=51953.0
    [iter 2686652] reheat + diversify: ceiling=0.00, value=52611.0
    [iter 2692405] reheat + diversify: ceiling=0.00, value=52611.0
    [iter 2698158] reheat + diversify: ceiling=0.00, value=65308.0
    [iter 2703911] reheat + diversify: ceiling=0.00, value=52611.0
    [iter 2709664] reheat + diversify: ceiling=0.00, value=65308.0
    [iter 2715417] reheat + diversify: ceiling=0.00, value=52611.0
    [iter 2721170] reheat + diversify: ceiling=0.00, value=65308.0
    [iter 2726923] reheat + diversify: ceiling=0.00, value=65308.0
    [iter 2732676] reheat + diversify: ceiling=0.00, value=65308.0
    [iter 2738429] reheat + diversify: ceiling=0.00, value=51953.0
    [iter 2744182] reheat + diversify: ceiling=0.00, value=65308.0
    [iter 2749935] reheat + diversify: ceiling=0.00, value=51953.0
    [iter 2755688] reheat + diversify: ceiling=0.00, value=51953.0
    [iter 2761441] reheat + diversify: ceiling=0.00, value=65308.0
    [iter 2767194] reheat + diversify: ceiling=0.00, value=51953.0
    [iter 2772947] reheat + diversify: ceiling=0.00, value=65308.0
    [iter 2778700] reheat + diversify: ceiling=0.00, value=39914.0
    [iter 2784453] reheat + diversify: ceiling=0.00, value=52611.0
    [iter 2790206] reheat + diversify: ceiling=0.00, value=51953.0
    [iter 2795959] reheat + diversify: ceiling=0.00, value=65308.0
    [iter 2801712] reheat + diversify: ceiling=0.00, value=65308.0
    [iter 2807465] reheat + diversify: ceiling=0.00, value=65308.0
    [iter 2813218] reheat + diversify: ceiling=0.00, value=48234.0
    [iter 2818971] reheat + diversify: ceiling=0.00, value=51953.0
    [iter 2824724] reheat + diversify: ceiling=0.00, value=48234.0
    [iter 2830477] reheat + diversify: ceiling=0.00, value=52611.0
    [iter 2836230] reheat + diversify: ceiling=0.00, value=65308.0
    [iter 2841983] reheat + diversify: ceiling=0.00, value=65308.0
    [iter 2847736] reheat + diversify: ceiling=0.00, value=52611.0
    [iter 2853489] reheat + diversify: ceiling=0.00, value=65308.0
    [iter 2859242] reheat + diversify: ceiling=0.00, value=47576.0
    [iter 2864995] reheat + diversify: ceiling=0.00, value=52611.0
    [iter 2870748] reheat + diversify: ceiling=0.00, value=65308.0
    [iter 2876501] reheat + diversify: ceiling=0.00, value=65308.0
    [iter 2882254] reheat + diversify: ceiling=0.00, value=52611.0
    [iter 2888007] reheat + diversify: ceiling=0.00, value=51953.0
    [iter 2893760] reheat + diversify: ceiling=0.00, value=47576.0
    [iter 2899513] reheat + diversify: ceiling=0.00, value=48234.0
    [iter 2905266] reheat + diversify: ceiling=0.00, value=47576.0
    [iter 2911019] reheat + diversify: ceiling=0.00, value=48234.0
    [iter 2916772] reheat + diversify: ceiling=0.00, value=51953.0
    [iter 2922525] reheat + diversify: ceiling=0.00, value=65308.0
    [iter 2928278] reheat + diversify: ceiling=0.00, value=65308.0
    [iter 2934031] reheat + diversify: ceiling=0.00, value=51953.0
    [iter 2939784] reheat + diversify: ceiling=0.00, value=52611.0
    [iter 2945537] reheat + diversify: ceiling=0.00, value=52611.0
    [iter 2951290] reheat + diversify: ceiling=0.00, value=48234.0
    [iter 2957043] reheat + diversify: ceiling=0.00, value=65308.0
    [iter 2962796] reheat + diversify: ceiling=0.00, value=65308.0
    [iter 2968549] reheat + diversify: ceiling=0.00, value=51953.0
    [iter 2974302] reheat + diversify: ceiling=0.00, value=52611.0
    [iter 2980055] reheat + diversify: ceiling=0.00, value=48234.0
    [iter 2985808] reheat + diversify: ceiling=0.00, value=52611.0
    [iter 2991561] reheat + diversify: ceiling=0.00, value=51953.0
    [iter 2997314] reheat + diversify: ceiling=0.00, value=65308.0
    [iter 3003067] reheat + diversify: ceiling=0.00, value=52611.0
    [iter 3008820] reheat + diversify: ceiling=0.00, value=65308.0
    [iter 3014573] reheat + diversify: ceiling=0.00, value=65308.0
    [iter 3020326] reheat + diversify: ceiling=0.00, value=48234.0
    [iter 3026079] reheat + diversify: ceiling=0.00, value=65308.0
    [iter 3031832] reheat + diversify: ceiling=0.00, value=65308.0
    [iter 3037585] reheat + diversify: ceiling=0.00, value=51953.0
    [iter 3043338] reheat + diversify: ceiling=0.00, value=52611.0
    [iter 3049091] reheat + diversify: ceiling=0.00, value=51953.0
    [iter 3054844] reheat + diversify: ceiling=0.00, value=65308.0
    [iter 3060597] reheat + diversify: ceiling=0.00, value=51953.0
    [iter 3066350] reheat + diversify: ceiling=0.00, value=65308.0
    [iter 3072103] reheat + diversify: ceiling=0.00, value=65308.0
    [iter 3077856] reheat + diversify: ceiling=0.00, value=65308.0
    [iter 3083609] reheat + diversify: ceiling=0.00, value=65308.0
    [iter 3089362] reheat + diversify: ceiling=0.00, value=51953.0
    [iter 3095115] reheat + diversify: ceiling=0.00, value=65308.0
    [iter 3100868] reheat + diversify: ceiling=0.00, value=52611.0
    [iter 3106621] reheat + diversify: ceiling=0.00, value=65308.0
    [iter 3112374] reheat + diversify: ceiling=0.00, value=47576.0
    [iter 3118127] reheat + diversify: ceiling=0.00, value=65308.0
    [iter 3123880] reheat + diversify: ceiling=0.00, value=65308.0
    [iter 3129633] reheat + diversify: ceiling=0.00, value=65308.0
    [iter 3135386] reheat + diversify: ceiling=0.00, value=65308.0
    [iter 3141139] reheat + diversify: ceiling=0.00, value=65308.0
    [iter 3146892] reheat + diversify: ceiling=0.00, value=52611.0
    [iter 3152645] reheat + diversify: ceiling=0.00, value=65308.0
    [iter 3158398] reheat + diversify: ceiling=0.00, value=65308.0
    [iter 3164151] reheat + diversify: ceiling=0.00, value=65308.0
    [iter 3169904] reheat + diversify: ceiling=0.00, value=48234.0
    [iter 3175657] reheat + diversify: ceiling=0.00, value=51953.0
    [iter 3181410] reheat + diversify: ceiling=0.00, value=65308.0
    [iter 3187163] reheat + diversify: ceiling=0.00, value=52611.0
    [iter 3192916] reheat + diversify: ceiling=0.00, value=65308.0
    [iter 3198669] reheat + diversify: ceiling=0.00, value=52611.0
    [iter 3204422] reheat + diversify: ceiling=0.00, value=51953.0
    [iter 3210175] reheat + diversify: ceiling=0.00, value=65308.0
    [iter 3215928] reheat + diversify: ceiling=0.00, value=48234.0
    [iter 3221681] reheat + diversify: ceiling=0.00, value=52611.0
    [iter 3227434] reheat + diversify: ceiling=0.00, value=47576.0
    [iter 3233187] reheat + diversify: ceiling=0.00, value=52611.0
    [iter 3238940] reheat + diversify: ceiling=0.00, value=47576.0
    [iter 3244693] reheat + diversify: ceiling=0.00, value=48234.0
    [iter 3250446] reheat + diversify: ceiling=0.00, value=65308.0
    [iter 3256199] reheat + diversify: ceiling=0.00, value=65308.0
    [iter 3261952] reheat + diversify: ceiling=0.00, value=51953.0
    [iter 3267705] reheat + diversify: ceiling=0.00, value=65308.0
    [iter 3273458] reheat + diversify: ceiling=0.00, value=65308.0
    [iter 3279211] reheat + diversify: ceiling=0.00, value=65308.0
    [iter 3284964] reheat + diversify: ceiling=0.00, value=51953.0
    [iter 3290717] reheat + diversify: ceiling=0.00, value=51953.0
    [iter 3296470] reheat + diversify: ceiling=0.00, value=51953.0
    [iter 3302223] reheat + diversify: ceiling=0.00, value=51953.0
    [iter 3307976] reheat + diversify: ceiling=0.00, value=65308.0
    [iter 3313729] reheat + diversify: ceiling=0.00, value=52611.0
    [iter 3319482] reheat + diversify: ceiling=0.00, value=48234.0
    [iter 3325235] reheat + diversify: ceiling=0.00, value=65308.0
    [iter 3330988] reheat + diversify: ceiling=0.00, value=51953.0
    [iter 3336741] reheat + diversify: ceiling=0.00, value=65308.0
    [iter 3342494] reheat + diversify: ceiling=0.00, value=65308.0
    [iter 3348247] reheat + diversify: ceiling=0.00, value=65308.0
    [iter 3354000] reheat + diversify: ceiling=0.00, value=48234.0
    [iter 3359753] reheat + diversify: ceiling=0.00, value=39256.0
    [iter 3365506] reheat + diversify: ceiling=0.00, value=48234.0
    [iter 3371259] reheat + diversify: ceiling=0.00, value=51953.0
    [iter 3377012] reheat + diversify: ceiling=0.00, value=48234.0
    [iter 3382765] reheat + diversify: ceiling=0.00, value=51953.0
    [iter 3388518] reheat + diversify: ceiling=0.00, value=65308.0
    [iter 3394271] reheat + diversify: ceiling=0.00, value=51953.0
    [iter 3400024] reheat + diversify: ceiling=0.00, value=51953.0
    [iter 3405777] reheat + diversify: ceiling=0.00, value=65308.0
    [iter 3411530] reheat + diversify: ceiling=0.00, value=65308.0
    [iter 3417283] reheat + diversify: ceiling=0.00, value=65308.0
    [iter 3423036] reheat + diversify: ceiling=0.00, value=51953.0
    [iter 3428789] reheat + diversify: ceiling=0.00, value=48234.0
    [iter 3434542] reheat + diversify: ceiling=0.00, value=48234.0
    [iter 3440295] reheat + diversify: ceiling=0.00, value=51953.0
    [iter 3446048] reheat + diversify: ceiling=0.00, value=65308.0
    [iter 3451801] reheat + diversify: ceiling=0.00, value=65308.0
    [iter 3457554] reheat + diversify: ceiling=0.00, value=51953.0
    [iter 3463307] reheat + diversify: ceiling=0.00, value=48234.0
    [iter 3469060] reheat + diversify: ceiling=0.00, value=65308.0
    [iter 3474813] reheat + diversify: ceiling=0.00, value=65308.0
    [iter 3480566] reheat + diversify: ceiling=0.00, value=65308.0
    [iter 3486319] reheat + diversify: ceiling=0.00, value=51953.0
    [iter 3492072] reheat + diversify: ceiling=0.00, value=51953.0
    [iter 3497825] reheat + diversify: ceiling=0.00, value=65308.0
    [iter 3503578] reheat + diversify: ceiling=0.00, value=39256.0
    [iter 3509331] reheat + diversify: ceiling=0.00, value=48234.0
    [iter 3515084] reheat + diversify: ceiling=0.00, value=65308.0
    [iter 3520837] reheat + diversify: ceiling=0.00, value=51953.0
    [iter 3526590] reheat + diversify: ceiling=0.00, value=48234.0
    [iter 3532343] reheat + diversify: ceiling=0.00, value=65308.0
    [iter 3538096] reheat + diversify: ceiling=0.00, value=52611.0
    [iter 3543849] reheat + diversify: ceiling=0.00, value=51953.0
    [iter 3549602] reheat + diversify: ceiling=0.00, value=48234.0
    [iter 3555355] reheat + diversify: ceiling=0.00, value=65308.0
    [iter 3561108] reheat + diversify: ceiling=0.00, value=65308.0
    [iter 3566861] reheat + diversify: ceiling=0.00, value=65308.0
    [iter 3572614] reheat + diversify: ceiling=0.00, value=65308.0
    [iter 3578367] reheat + diversify: ceiling=0.00, value=65308.0
    [iter 3584120] reheat + diversify: ceiling=0.00, value=52611.0
    [iter 3589873] reheat + diversify: ceiling=0.00, value=51953.0
    [iter 3595626] reheat + diversify: ceiling=0.00, value=51953.0
    [iter 3601379] reheat + diversify: ceiling=0.00, value=51953.0
    [iter 3607132] reheat + diversify: ceiling=0.00, value=65308.0
    [iter 3612885] reheat + diversify: ceiling=0.00, value=65308.0
    [iter 3618638] reheat + diversify: ceiling=0.00, value=39914.0
    [iter 3624391] reheat + diversify: ceiling=0.00, value=48234.0
    [iter 3630144] reheat + diversify: ceiling=0.00, value=48234.0
    [iter 3635897] reheat + diversify: ceiling=0.00, value=65308.0
    [iter 3641650] reheat + diversify: ceiling=0.00, value=51953.0
    [iter 3647403] reheat + diversify: ceiling=0.00, value=51953.0
    [iter 3653156] reheat + diversify: ceiling=0.00, value=65308.0
    [iter 3658909] reheat + diversify: ceiling=0.00, value=65308.0
    [iter 3664662] reheat + diversify: ceiling=0.00, value=48234.0
    [iter 3670415] reheat + diversify: ceiling=0.00, value=52611.0
    [iter 3676168] reheat + diversify: ceiling=0.00, value=51953.0
    [iter 3681921] reheat + diversify: ceiling=0.00, value=48234.0
    [iter 3687674] reheat + diversify: ceiling=0.00, value=65308.0
    [iter 3693427] reheat + diversify: ceiling=0.00, value=65308.0
    [iter 3699180] reheat + diversify: ceiling=0.00, value=65308.0
    [iter 3704933] reheat + diversify: ceiling=0.00, value=65308.0
    [iter 3710686] reheat + diversify: ceiling=0.00, value=65308.0
    [iter 3716439] reheat + diversify: ceiling=0.00, value=65308.0
    [iter 3722192] reheat + diversify: ceiling=0.00, value=48234.0
    [iter 3727945] reheat + diversify: ceiling=0.00, value=65308.0
    [iter 3733698] reheat + diversify: ceiling=0.00, value=65308.0
    [iter 3739451] reheat + diversify: ceiling=0.00, value=51953.0
    [iter 3745204] reheat + diversify: ceiling=0.00, value=52611.0
    [iter 3750957] reheat + diversify: ceiling=0.00, value=52611.0
    [iter 3756710] reheat + diversify: ceiling=0.00, value=65308.0
    [iter 3762463] reheat + diversify: ceiling=0.00, value=65308.0
    [iter 3768216] reheat + diversify: ceiling=0.00, value=65308.0
    [iter 3773969] reheat + diversify: ceiling=0.00, value=51953.0
    [iter 3779722] reheat + diversify: ceiling=0.00, value=65308.0
    [iter 3785475] reheat + diversify: ceiling=0.00, value=65308.0
    [iter 3791228] reheat + diversify: ceiling=0.00, value=65308.0
    [iter 3796981] reheat + diversify: ceiling=0.00, value=48234.0
    [iter 3802734] reheat + diversify: ceiling=0.00, value=65308.0
    [iter 3808487] reheat + diversify: ceiling=0.00, value=65308.0
    [iter 3814240] reheat + diversify: ceiling=0.00, value=51953.0
    [iter 3819993] reheat + diversify: ceiling=0.00, value=48234.0
    [iter 3825746] reheat + diversify: ceiling=0.00, value=51953.0
    [iter 3831499] reheat + diversify: ceiling=0.00, value=65308.0
    [iter 3837252] reheat + diversify: ceiling=0.00, value=51953.0
    [iter 3843005] reheat + diversify: ceiling=0.00, value=52611.0
    [iter 3848758] reheat + diversify: ceiling=0.00, value=47576.0
    [iter 3854511] reheat + diversify: ceiling=0.00, value=65308.0
    [iter 3860264] reheat + diversify: ceiling=0.00, value=51953.0
    [iter 3866017] reheat + diversify: ceiling=0.00, value=48234.0
    [iter 3871770] reheat + diversify: ceiling=0.00, value=47576.0
    [iter 3877523] reheat + diversify: ceiling=0.00, value=65308.0
    [iter 3883276] reheat + diversify: ceiling=0.00, value=65308.0
    [iter 3889029] reheat + diversify: ceiling=0.00, value=65308.0
    [iter 3894782] reheat + diversify: ceiling=0.00, value=39914.0
    [iter 3900535] reheat + diversify: ceiling=0.00, value=48234.0
    [iter 3906288] reheat + diversify: ceiling=0.00, value=52611.0
    [iter 3912041] reheat + diversify: ceiling=0.00, value=65308.0
    [iter 3917794] reheat + diversify: ceiling=0.00, value=52611.0
    [iter 3923547] reheat + diversify: ceiling=0.00, value=48234.0
    [iter 3929300] reheat + diversify: ceiling=0.00, value=65308.0
    [iter 3935053] reheat + diversify: ceiling=0.00, value=52611.0
    [iter 3940806] reheat + diversify: ceiling=0.00, value=65308.0
    [iter 3946559] reheat + diversify: ceiling=0.00, value=65308.0
    [iter 3952312] reheat + diversify: ceiling=0.00, value=52611.0
    [iter 3958065] reheat + diversify: ceiling=0.00, value=51953.0
    [iter 3963818] reheat + diversify: ceiling=0.00, value=65308.0
    [iter 3969571] reheat + diversify: ceiling=0.00, value=51953.0
    [iter 3975324] reheat + diversify: ceiling=0.00, value=65308.0
    [iter 3981077] reheat + diversify: ceiling=0.00, value=65308.0
    [iter 3986830] reheat + diversify: ceiling=0.00, value=51953.0
    [iter 3992583] reheat + diversify: ceiling=0.00, value=52611.0
    [iter 3998336] reheat + diversify: ceiling=0.00, value=65308.0
    [iter 4004089] reheat + diversify: ceiling=0.00, value=51953.0
    [iter 4009842] reheat + diversify: ceiling=0.00, value=65308.0
    [iter 4015595] reheat + diversify: ceiling=0.00, value=65308.0
    [iter 4021348] reheat + diversify: ceiling=0.00, value=51953.0
    [iter 4027101] reheat + diversify: ceiling=0.00, value=51953.0
    [iter 4032854] reheat + diversify: ceiling=0.00, value=52611.0
    [iter 4038607] reheat + diversify: ceiling=0.00, value=65308.0
    [iter 4044360] reheat + diversify: ceiling=0.00, value=65308.0
    [iter 4050113] reheat + diversify: ceiling=0.00, value=51953.0
    [iter 4055866] reheat + diversify: ceiling=0.00, value=65308.0
    [iter 4061619] reheat + diversify: ceiling=0.00, value=51953.0
    [iter 4067372] reheat + diversify: ceiling=0.00, value=52611.0
    [iter 4073125] reheat + diversify: ceiling=0.00, value=48234.0
    [iter 4078878] reheat + diversify: ceiling=0.00, value=52611.0
    [iter 4084631] reheat + diversify: ceiling=0.00, value=52611.0
    [iter 4090384] reheat + diversify: ceiling=0.00, value=47576.0
    [iter 4096137] reheat + diversify: ceiling=0.00, value=52611.0
    [iter 4101890] reheat + diversify: ceiling=0.00, value=65308.0
    [iter 4107643] reheat + diversify: ceiling=0.00, value=65308.0
    [iter 4113396] reheat + diversify: ceiling=0.00, value=52611.0
    [iter 4119149] reheat + diversify: ceiling=0.00, value=65308.0
    [iter 4124902] reheat + diversify: ceiling=0.00, value=52611.0
    [iter 4130655] reheat + diversify: ceiling=0.00, value=52611.0
    [iter 4136408] reheat + diversify: ceiling=0.00, value=65308.0
    [iter 4142161] reheat + diversify: ceiling=0.00, value=65308.0
    [iter 4147914] reheat + diversify: ceiling=0.00, value=51953.0
    [iter 4153667] reheat + diversify: ceiling=0.00, value=65308.0
    [iter 4159420] reheat + diversify: ceiling=0.00, value=65308.0
    [iter 4165173] reheat + diversify: ceiling=0.00, value=52611.0
    [iter 4170926] reheat + diversify: ceiling=0.00, value=65308.0
    [iter 4176679] reheat + diversify: ceiling=0.00, value=52611.0
    [iter 4182432] reheat + diversify: ceiling=0.00, value=51953.0
    [iter 4188185] reheat + diversify: ceiling=0.00, value=65308.0
    [iter 4193938] reheat + diversify: ceiling=0.00, value=65308.0
    [iter 4199691] reheat + diversify: ceiling=0.00, value=51953.0
    [iter 4205444] reheat + diversify: ceiling=0.00, value=65308.0
    [iter 4211197] reheat + diversify: ceiling=0.00, value=52611.0
    [iter 4216950] reheat + diversify: ceiling=0.00, value=51953.0
    [iter 4222703] reheat + diversify: ceiling=0.00, value=51953.0
    [iter 4228456] reheat + diversify: ceiling=0.00, value=52611.0
    [iter 4234209] reheat + diversify: ceiling=0.00, value=51953.0
    [iter 4239962] reheat + diversify: ceiling=0.00, value=65308.0
    [iter 4245715] reheat + diversify: ceiling=0.00, value=65308.0
    [iter 4251468] reheat + diversify: ceiling=0.00, value=65308.0
    [iter 4257221] reheat + diversify: ceiling=0.00, value=48234.0
    [iter 4262974] reheat + diversify: ceiling=0.00, value=48234.0
    [iter 4268727] reheat + diversify: ceiling=0.00, value=52611.0
    [iter 4274480] reheat + diversify: ceiling=0.00, value=47576.0
    [iter 4280233] reheat + diversify: ceiling=0.00, value=39256.0
    [iter 4285986] reheat + diversify: ceiling=0.00, value=65308.0
    [iter 4291739] reheat + diversify: ceiling=0.00, value=52611.0
    [iter 4297492] reheat + diversify: ceiling=0.00, value=52611.0
    [iter 4303245] reheat + diversify: ceiling=0.00, value=65308.0
    [iter 4308998] reheat + diversify: ceiling=0.00, value=48234.0
    [iter 4314751] reheat + diversify: ceiling=0.00, value=65308.0
    [iter 4320504] reheat + diversify: ceiling=0.00, value=51953.0
    [iter 4326257] reheat + diversify: ceiling=0.00, value=51953.0
    [iter 4332010] reheat + diversify: ceiling=0.00, value=51953.0
    [iter 4337763] reheat + diversify: ceiling=0.00, value=51953.0
    [iter 4343516] reheat + diversify: ceiling=0.00, value=51953.0
    [iter 4349269] reheat + diversify: ceiling=0.00, value=65308.0
    [iter 4355022] reheat + diversify: ceiling=0.00, value=65308.0
    [iter 4360775] reheat + diversify: ceiling=0.00, value=51953.0
    [iter 4366528] reheat + diversify: ceiling=0.00, value=51953.0
    [iter 4372281] reheat + diversify: ceiling=0.00, value=65308.0
    [iter 4378034] reheat + diversify: ceiling=0.00, value=51953.0
    [iter 4383787] reheat + diversify: ceiling=0.00, value=65308.0
    [iter 4389540] reheat + diversify: ceiling=0.00, value=52611.0
    [iter 4395293] reheat + diversify: ceiling=0.00, value=65308.0
    [iter 4401046] reheat + diversify: ceiling=0.00, value=65308.0
    [iter 4406799] reheat + diversify: ceiling=0.00, value=52611.0
    [iter 4412552] reheat + diversify: ceiling=0.00, value=65308.0
    [iter 4418305] reheat + diversify: ceiling=0.00, value=65308.0
    [iter 4424058] reheat + diversify: ceiling=0.00, value=52611.0
    [iter 4429811] reheat + diversify: ceiling=0.00, value=51953.0
    [iter 4435564] reheat + diversify: ceiling=0.00, value=51953.0
    [iter 4441317] reheat + diversify: ceiling=0.00, value=65308.0
    [iter 4447070] reheat + diversify: ceiling=0.00, value=51953.0
    [iter 4452823] reheat + diversify: ceiling=0.00, value=65308.0
    [iter 4458576] reheat + diversify: ceiling=0.00, value=65308.0
    [iter 4464329] reheat + diversify: ceiling=0.00, value=52611.0
    [iter 4470082] reheat + diversify: ceiling=0.00, value=51953.0
    [iter 4475835] reheat + diversify: ceiling=0.00, value=65308.0
    [iter 4481588] reheat + diversify: ceiling=0.00, value=51953.0
    [iter 4487341] reheat + diversify: ceiling=0.00, value=65308.0
    [iter 4493094] reheat + diversify: ceiling=0.00, value=65308.0
    [iter 4498847] reheat + diversify: ceiling=0.00, value=47576.0
    [iter 4504600] reheat + diversify: ceiling=0.00, value=51953.0
    [iter 4510353] reheat + diversify: ceiling=0.00, value=48234.0
    [iter 4516106] reheat + diversify: ceiling=0.00, value=65308.0
    [iter 4521859] reheat + diversify: ceiling=0.00, value=52611.0
    [iter 4527612] reheat + diversify: ceiling=0.00, value=51953.0
    [iter 4533365] reheat + diversify: ceiling=0.00, value=52611.0
    [iter 4539118] reheat + diversify: ceiling=0.00, value=65308.0
    [iter 4544871] reheat + diversify: ceiling=0.00, value=48234.0
    [iter 4550624] reheat + diversify: ceiling=0.00, value=48234.0
    [iter 4556377] reheat + diversify: ceiling=0.00, value=65308.0
    [iter 4562130] reheat + diversify: ceiling=0.00, value=51953.0
    [iter 4567883] reheat + diversify: ceiling=0.00, value=51953.0
    [iter 4573636] reheat + diversify: ceiling=0.00, value=52611.0
    [iter 4579389] reheat + diversify: ceiling=0.00, value=52611.0
    [iter 4585142] reheat + diversify: ceiling=0.00, value=48234.0
    [iter 4590895] reheat + diversify: ceiling=0.00, value=51953.0
    [iter 4596648] reheat + diversify: ceiling=0.00, value=65308.0
    [iter 4602401] reheat + diversify: ceiling=0.00, value=48234.0
    [iter 4608154] reheat + diversify: ceiling=0.00, value=51953.0
    [iter 4613907] reheat + diversify: ceiling=0.00, value=65308.0
    [iter 4619660] reheat + diversify: ceiling=0.00, value=65308.0
    [iter 4625413] reheat + diversify: ceiling=0.00, value=65308.0
    [iter 4631166] reheat + diversify: ceiling=0.00, value=65308.0
    [iter 4636919] reheat + diversify: ceiling=0.00, value=39256.0
    [iter 4642672] reheat + diversify: ceiling=0.00, value=51953.0
    [iter 4648425] reheat + diversify: ceiling=0.00, value=52611.0
    [iter 4654178] reheat + diversify: ceiling=0.00, value=65308.0
    [iter 4659931] reheat + diversify: ceiling=0.00, value=65308.0
    [iter 4665684] reheat + diversify: ceiling=0.00, value=51953.0
    [iter 4671437] reheat + diversify: ceiling=0.00, value=65308.0
    [iter 4677190] reheat + diversify: ceiling=0.00, value=65308.0
    [iter 4682943] reheat + diversify: ceiling=0.00, value=65308.0
    [iter 4688696] reheat + diversify: ceiling=0.00, value=51953.0
    [iter 4694449] reheat + diversify: ceiling=0.00, value=65308.0
    [iter 4700202] reheat + diversify: ceiling=0.00, value=65308.0
    [iter 4705955] reheat + diversify: ceiling=0.00, value=39914.0
    [iter 4711708] reheat + diversify: ceiling=0.00, value=52611.0
    [iter 4717461] reheat + diversify: ceiling=0.00, value=52611.0
    [iter 4723214] reheat + diversify: ceiling=0.00, value=65308.0
    [iter 4728967] reheat + diversify: ceiling=0.00, value=65308.0
    [iter 4734720] reheat + diversify: ceiling=0.00, value=65308.0
    [iter 4740473] reheat + diversify: ceiling=0.00, value=52611.0
    [iter 4746226] reheat + diversify: ceiling=0.00, value=48234.0
    [iter 4751979] reheat + diversify: ceiling=0.00, value=65308.0
    [iter 4757732] reheat + diversify: ceiling=0.00, value=65308.0
    [iter 4763485] reheat + diversify: ceiling=0.00, value=65308.0
    [iter 4769238] reheat + diversify: ceiling=0.00, value=51953.0
    [iter 4774991] reheat + diversify: ceiling=0.00, value=48234.0
    [iter 4780744] reheat + diversify: ceiling=0.00, value=65308.0
    [iter 4786497] reheat + diversify: ceiling=0.00, value=52611.0
    [iter 4792250] reheat + diversify: ceiling=0.00, value=48234.0
    [iter 4798003] reheat + diversify: ceiling=0.00, value=65308.0
    [iter 4803756] reheat + diversify: ceiling=0.00, value=65308.0
    [iter 4809509] reheat + diversify: ceiling=0.00, value=65308.0
    [iter 4815262] reheat + diversify: ceiling=0.00, value=65308.0
    [iter 4821015] reheat + diversify: ceiling=0.00, value=52611.0
    [iter 4826768] reheat + diversify: ceiling=0.00, value=47576.0
    [iter 4832521] reheat + diversify: ceiling=0.00, value=65308.0
    [iter 4838274] reheat + diversify: ceiling=0.00, value=65308.0
    [iter 4844027] reheat + diversify: ceiling=0.00, value=65308.0
    [iter 4849780] reheat + diversify: ceiling=0.00, value=51953.0
    [iter 4855533] reheat + diversify: ceiling=0.00, value=51953.0
    [iter 4861286] reheat + diversify: ceiling=0.00, value=65308.0
    [iter 4867039] reheat + diversify: ceiling=0.00, value=52611.0
    [iter 4872792] reheat + diversify: ceiling=0.00, value=52611.0
    [iter 4878545] reheat + diversify: ceiling=0.00, value=51953.0
    [iter 4884298] reheat + diversify: ceiling=0.00, value=52611.0
    [iter 4890051] reheat + diversify: ceiling=0.00, value=51953.0
    [iter 4895804] reheat + diversify: ceiling=0.00, value=52611.0
    [iter 4901557] reheat + diversify: ceiling=0.00, value=51953.0
    [iter 4907310] reheat + diversify: ceiling=0.00, value=52611.0
    [iter 4913063] reheat + diversify: ceiling=0.00, value=65308.0
    [iter 4918816] reheat + diversify: ceiling=0.00, value=52611.0
    [iter 4924569] reheat + diversify: ceiling=0.00, value=52611.0
    [iter 4930322] reheat + diversify: ceiling=0.00, value=65308.0
    [iter 4936075] reheat + diversify: ceiling=0.00, value=65308.0
    [iter 4941828] reheat + diversify: ceiling=0.00, value=65308.0
    [iter 4947581] reheat + diversify: ceiling=0.00, value=65308.0
    [iter 4953334] reheat + diversify: ceiling=0.00, value=48234.0
    [iter 4959087] reheat + diversify: ceiling=0.00, value=52611.0
    [iter 4964840] reheat + diversify: ceiling=0.00, value=65308.0
    [iter 4970593] reheat + diversify: ceiling=0.00, value=65308.0
    [iter 4976346] reheat + diversify: ceiling=0.00, value=65308.0
    [iter 4982099] reheat + diversify: ceiling=0.00, value=52611.0
    [iter 4987852] reheat + diversify: ceiling=0.00, value=48234.0
    [iter 4993605] reheat + diversify: ceiling=0.00, value=65308.0
    [iter 4999358] reheat + diversify: ceiling=0.00, value=65308.0
    [iter 5005111] reheat + diversify: ceiling=0.00, value=48234.0
    [iter 5010864] reheat + diversify: ceiling=0.00, value=52611.0
    [iter 5016617] reheat + diversify: ceiling=0.00, value=65308.0
    [iter 5022370] reheat + diversify: ceiling=0.00, value=51953.0
    [iter 5028123] reheat + diversify: ceiling=0.00, value=52611.0
    [iter 5033876] reheat + diversify: ceiling=0.00, value=52611.0
    [iter 5039629] reheat + diversify: ceiling=0.00, value=51953.0
    [iter 5045382] reheat + diversify: ceiling=0.00, value=48234.0
    [iter 5051135] reheat + diversify: ceiling=0.00, value=52611.0
    [iter 5056888] reheat + diversify: ceiling=0.00, value=65308.0
    [iter 5062641] reheat + diversify: ceiling=0.00, value=65308.0
    [iter 5068394] reheat + diversify: ceiling=0.00, value=65308.0
    [iter 5074147] reheat + diversify: ceiling=0.00, value=65308.0
    [iter 5079900] reheat + diversify: ceiling=0.00, value=65308.0
    [iter 5085653] reheat + diversify: ceiling=0.00, value=48234.0
    [iter 5091406] reheat + diversify: ceiling=0.00, value=51953.0
    [iter 5097159] reheat + diversify: ceiling=0.00, value=51953.0
    [iter 5102912] reheat + diversify: ceiling=0.00, value=52611.0
    [iter 5108665] reheat + diversify: ceiling=0.00, value=65308.0
    [iter 5114418] reheat + diversify: ceiling=0.00, value=65308.0
    [iter 5120171] reheat + diversify: ceiling=0.00, value=65308.0
    [iter 5125924] reheat + diversify: ceiling=0.00, value=48234.0
    [iter 5131677] reheat + diversify: ceiling=0.00, value=48234.0
    [iter 5137430] reheat + diversify: ceiling=0.00, value=52611.0
    [iter 5143183] reheat + diversify: ceiling=0.00, value=65308.0
    [iter 5148936] reheat + diversify: ceiling=0.00, value=65308.0
    [iter 5154689] reheat + diversify: ceiling=0.00, value=48234.0
    [iter 5160442] reheat + diversify: ceiling=0.00, value=65308.0
    [iter 5166195] reheat + diversify: ceiling=0.00, value=52611.0
    [iter 5171948] reheat + diversify: ceiling=0.00, value=48234.0
    [iter 5177701] reheat + diversify: ceiling=0.00, value=52611.0
    [iter 5183454] reheat + diversify: ceiling=0.00, value=65308.0
    [iter 5189207] reheat + diversify: ceiling=0.00, value=52611.0
    [iter 5194960] reheat + diversify: ceiling=0.00, value=51953.0
    [iter 5200713] reheat + diversify: ceiling=0.00, value=65308.0
    [iter 5206466] reheat + diversify: ceiling=0.00, value=51953.0
    [iter 5212219] reheat + diversify: ceiling=0.00, value=51953.0
    [iter 5217972] reheat + diversify: ceiling=0.00, value=65308.0
    [iter 5223725] reheat + diversify: ceiling=0.00, value=65308.0
    [iter 5229478] reheat + diversify: ceiling=0.00, value=48234.0
    [iter 5235231] reheat + diversify: ceiling=0.00, value=48234.0
    [iter 5240984] reheat + diversify: ceiling=0.00, value=51953.0
    [iter 5246737] reheat + diversify: ceiling=0.00, value=65308.0
    [iter 5252490] reheat + diversify: ceiling=0.00, value=52611.0
    [iter 5258243] reheat + diversify: ceiling=0.00, value=52611.0
    [iter 5263996] reheat + diversify: ceiling=0.00, value=52611.0
    [iter 5269749] reheat + diversify: ceiling=0.00, value=65308.0
    [iter 5275502] reheat + diversify: ceiling=0.00, value=65308.0
    [iter 5281255] reheat + diversify: ceiling=0.00, value=65308.0
    [iter 5287008] reheat + diversify: ceiling=0.00, value=65308.0
    [iter 5292761] reheat + diversify: ceiling=0.00, value=51953.0
    [iter 5298514] reheat + diversify: ceiling=0.00, value=52611.0
    [iter 5304267] reheat + diversify: ceiling=0.00, value=51953.0
    [iter 5310020] reheat + diversify: ceiling=0.00, value=65308.0
    [iter 5315773] reheat + diversify: ceiling=0.00, value=65308.0
    [iter 5321526] reheat + diversify: ceiling=0.00, value=51953.0
    [iter 5327279] reheat + diversify: ceiling=0.00, value=65308.0
    [iter 5333032] reheat + diversify: ceiling=0.00, value=48234.0
    [iter 5338785] reheat + diversify: ceiling=0.00, value=48234.0
    [iter 5344538] reheat + diversify: ceiling=0.00, value=51953.0
    [iter 5350291] reheat + diversify: ceiling=0.00, value=51953.0
    [iter 5356044] reheat + diversify: ceiling=0.00, value=65308.0
    [iter 5361797] reheat + diversify: ceiling=0.00, value=65308.0
    [iter 5367550] reheat + diversify: ceiling=0.00, value=51953.0
    [iter 5373303] reheat + diversify: ceiling=0.00, value=51953.0
    [iter 5379056] reheat + diversify: ceiling=0.00, value=52611.0
    [iter 5384809] reheat + diversify: ceiling=0.00, value=48234.0
    [iter 5390562] reheat + diversify: ceiling=0.00, value=65308.0
    [iter 5396315] reheat + diversify: ceiling=0.00, value=51953.0
    [iter 5402068] reheat + diversify: ceiling=0.00, value=51953.0
    [iter 5407821] reheat + diversify: ceiling=0.00, value=65308.0
    [iter 5413574] reheat + diversify: ceiling=0.00, value=51953.0
    [iter 5419327] reheat + diversify: ceiling=0.00, value=65308.0
    [iter 5425080] reheat + diversify: ceiling=0.00, value=51953.0
    [iter 5430833] reheat + diversify: ceiling=0.00, value=65308.0
    [iter 5436586] reheat + diversify: ceiling=0.00, value=65308.0
    [iter 5442339] reheat + diversify: ceiling=0.00, value=52611.0
    [iter 5448092] reheat + diversify: ceiling=0.00, value=65308.0
    [iter 5453845] reheat + diversify: ceiling=0.00, value=52611.0
    [iter 5459598] reheat + diversify: ceiling=0.00, value=65308.0
    [iter 5465351] reheat + diversify: ceiling=0.00, value=65308.0
    [iter 5471104] reheat + diversify: ceiling=0.00, value=52611.0
    [iter 5476857] reheat + diversify: ceiling=0.00, value=65308.0
    [iter 5482610] reheat + diversify: ceiling=0.00, value=65308.0
    [iter 5488363] reheat + diversify: ceiling=0.00, value=65308.0
    [iter 5494116] reheat + diversify: ceiling=0.00, value=65308.0
    [iter 5499869] reheat + diversify: ceiling=0.00, value=51953.0
    [iter 5505622] reheat + diversify: ceiling=0.00, value=52611.0
    [iter 5511375] reheat + diversify: ceiling=0.00, value=48234.0
    [iter 5517128] reheat + diversify: ceiling=0.00, value=65308.0
    [iter 5522881] reheat + diversify: ceiling=0.00, value=52611.0
    [iter 5528634] reheat + diversify: ceiling=0.00, value=65308.0
    [iter 5534387] reheat + diversify: ceiling=0.00, value=65308.0
    [iter 5540140] reheat + diversify: ceiling=0.00, value=51953.0
    [iter 5545893] reheat + diversify: ceiling=0.00, value=51953.0
    [iter 5551646] reheat + diversify: ceiling=0.00, value=48234.0
    [iter 5557399] reheat + diversify: ceiling=0.00, value=65308.0
    [iter 5563152] reheat + diversify: ceiling=0.00, value=52611.0
    [iter 5568905] reheat + diversify: ceiling=0.00, value=52611.0
    [iter 5574658] reheat + diversify: ceiling=0.00, value=65308.0
    [iter 5580411] reheat + diversify: ceiling=0.00, value=51953.0
    [iter 5586164] reheat + diversify: ceiling=0.00, value=52611.0
    [iter 5591917] reheat + diversify: ceiling=0.00, value=52611.0
    [iter 5597670] reheat + diversify: ceiling=0.00, value=47576.0
    [iter 5603423] reheat + diversify: ceiling=0.00, value=51953.0
    [iter 5609176] reheat + diversify: ceiling=0.00, value=48234.0
    [iter 5614929] reheat + diversify: ceiling=0.00, value=65308.0
    [iter 5620682] reheat + diversify: ceiling=0.00, value=52611.0
    [iter 5626435] reheat + diversify: ceiling=0.00, value=48234.0
    [iter 5632188] reheat + diversify: ceiling=0.00, value=65308.0
    [iter 5637941] reheat + diversify: ceiling=0.00, value=51953.0
    [iter 5643694] reheat + diversify: ceiling=0.00, value=51953.0
    [iter 5649447] reheat + diversify: ceiling=0.00, value=65308.0
    [iter 5655200] reheat + diversify: ceiling=0.00, value=48234.0
    [iter 5660953] reheat + diversify: ceiling=0.00, value=65308.0
    [iter 5666706] reheat + diversify: ceiling=0.00, value=48234.0
    [iter 5672459] reheat + diversify: ceiling=0.00, value=51953.0
    [iter 5678212] reheat + diversify: ceiling=0.00, value=39914.0
    [iter 5683965] reheat + diversify: ceiling=0.00, value=39914.0
    [iter 5689718] reheat + diversify: ceiling=0.00, value=51953.0
    [iter 5695471] reheat + diversify: ceiling=0.00, value=52611.0
    [iter 5701224] reheat + diversify: ceiling=0.00, value=65308.0
    [iter 5706977] reheat + diversify: ceiling=0.00, value=48234.0
    [iter 5712730] reheat + diversify: ceiling=0.00, value=65308.0
    [iter 5718483] reheat + diversify: ceiling=0.00, value=51953.0
    [iter 5724236] reheat + diversify: ceiling=0.00, value=52611.0
    [iter 5729989] reheat + diversify: ceiling=0.00, value=65308.0
    [iter 5735742] reheat + diversify: ceiling=0.00, value=51953.0
    [iter 5741495] reheat + diversify: ceiling=0.00, value=65308.0
    [iter 5747248] reheat + diversify: ceiling=0.00, value=51953.0
    [iter 5753001] reheat + diversify: ceiling=0.00, value=51953.0
    [iter 5758754] reheat + diversify: ceiling=0.00, value=47576.0
    [iter 5764507] reheat + diversify: ceiling=0.00, value=65308.0
    [iter 5770260] reheat + diversify: ceiling=0.00, value=65308.0
    [iter 5776013] reheat + diversify: ceiling=0.00, value=52611.0
    [iter 5781766] reheat + diversify: ceiling=0.00, value=51953.0
    [iter 5787519] reheat + diversify: ceiling=0.00, value=51953.0
    [iter 5793272] reheat + diversify: ceiling=0.00, value=52611.0
    [iter 5799025] reheat + diversify: ceiling=0.00, value=65308.0
    [iter 5804778] reheat + diversify: ceiling=0.00, value=51953.0
    [iter 5810531] reheat + diversify: ceiling=0.00, value=65308.0
    [iter 5816284] reheat + diversify: ceiling=0.00, value=52611.0
    [iter 5822037] reheat + diversify: ceiling=0.00, value=65308.0
    [iter 5827790] reheat + diversify: ceiling=0.00, value=51953.0
    [iter 5833543] reheat + diversify: ceiling=0.00, value=65308.0
    [iter 5839296] reheat + diversify: ceiling=0.00, value=48234.0
    [iter 5845049] reheat + diversify: ceiling=0.00, value=65308.0
    [iter 5850802] reheat + diversify: ceiling=0.00, value=65308.0
    [iter 5856555] reheat + diversify: ceiling=0.00, value=65308.0
    [iter 5862308] reheat + diversify: ceiling=0.00, value=48234.0
    [iter 5868061] reheat + diversify: ceiling=0.00, value=65308.0
    [iter 5873814] reheat + diversify: ceiling=0.00, value=52611.0
    [iter 5879567] reheat + diversify: ceiling=0.00, value=48234.0
    [iter 5885320] reheat + diversify: ceiling=0.00, value=65308.0
    [iter 5891073] reheat + diversify: ceiling=0.00, value=51953.0
    [iter 5896826] reheat + diversify: ceiling=0.00, value=51953.0
    [iter 5902579] reheat + diversify: ceiling=0.00, value=51953.0
    [iter 5908332] reheat + diversify: ceiling=0.00, value=51953.0
    [iter 5914085] reheat + diversify: ceiling=0.00, value=65308.0
    [iter 5919838] reheat + diversify: ceiling=0.00, value=65308.0
    [iter 5925591] reheat + diversify: ceiling=0.00, value=47576.0
    [iter 5931344] reheat + diversify: ceiling=0.00, value=65308.0
    [iter 5937097] reheat + diversify: ceiling=0.00, value=65308.0
    [iter 5942850] reheat + diversify: ceiling=0.00, value=65308.0
    [iter 5948603] reheat + diversify: ceiling=0.00, value=52611.0
    [iter 5954356] reheat + diversify: ceiling=0.00, value=52611.0
    [iter 5960109] reheat + diversify: ceiling=0.00, value=52611.0
    [iter 5965862] reheat + diversify: ceiling=0.00, value=52611.0
    [iter 5971615] reheat + diversify: ceiling=0.00, value=51953.0
    [iter 5977368] reheat + diversify: ceiling=0.00, value=51953.0
    [iter 5983121] reheat + diversify: ceiling=0.00, value=65308.0
    [iter 5988874] reheat + diversify: ceiling=0.00, value=65308.0
    [iter 5994627] reheat + diversify: ceiling=0.00, value=48234.0
    [iter 6000380] reheat + diversify: ceiling=0.00, value=65308.0
    [iter 6006133] reheat + diversify: ceiling=0.00, value=65308.0
    [iter 6011886] reheat + diversify: ceiling=0.00, value=65308.0
    [iter 6017639] reheat + diversify: ceiling=0.00, value=65308.0
    [iter 6023392] reheat + diversify: ceiling=0.00, value=65308.0
    [iter 6029145] reheat + diversify: ceiling=0.00, value=65308.0
    [iter 6034898] reheat + diversify: ceiling=0.00, value=65308.0
    [iter 6040651] reheat + diversify: ceiling=0.00, value=52611.0
    [iter 6046404] reheat + diversify: ceiling=0.00, value=52611.0
    [iter 6052157] reheat + diversify: ceiling=0.00, value=65308.0
    [iter 6057910] reheat + diversify: ceiling=0.00, value=52611.0
    [iter 6063663] reheat + diversify: ceiling=0.00, value=65308.0
    [iter 6069416] reheat + diversify: ceiling=0.00, value=65308.0
    [iter 6075169] reheat + diversify: ceiling=0.00, value=65308.0
    [iter 6080922] reheat + diversify: ceiling=0.00, value=52611.0
    [iter 6086675] reheat + diversify: ceiling=0.00, value=52611.0
    [iter 6092428] reheat + diversify: ceiling=0.00, value=51953.0
    [iter 6098181] reheat + diversify: ceiling=0.00, value=51953.0
    [iter 6103934] reheat + diversify: ceiling=0.00, value=51953.0
    [iter 6109687] reheat + diversify: ceiling=0.00, value=65308.0
    [iter 6115440] reheat + diversify: ceiling=0.00, value=65308.0
    [iter 6121193] reheat + diversify: ceiling=0.00, value=65308.0
    [iter 6126946] reheat + diversify: ceiling=0.00, value=65308.0
    [iter 6132699] reheat + diversify: ceiling=0.00, value=52611.0
    [iter 6138452] reheat + diversify: ceiling=0.00, value=51953.0
    [iter 6144205] reheat + diversify: ceiling=0.00, value=65308.0
    [iter 6149958] reheat + diversify: ceiling=0.00, value=51953.0
    [iter 6155711] reheat + diversify: ceiling=0.00, value=52611.0
    [iter 6161464] reheat + diversify: ceiling=0.00, value=65308.0
    [iter 6167217] reheat + diversify: ceiling=0.00, value=48234.0
    [iter 6172970] reheat + diversify: ceiling=0.00, value=65308.0
    [iter 6178723] reheat + diversify: ceiling=0.00, value=52611.0
    [iter 6184476] reheat + diversify: ceiling=0.00, value=65308.0
    [iter 6190229] reheat + diversify: ceiling=0.00, value=65308.0
    [iter 6195982] reheat + diversify: ceiling=0.00, value=51953.0
    [iter 6201735] reheat + diversify: ceiling=0.00, value=65308.0
  time limit reached at iteration 6204083
  SA finished: 6204083 iterations in 300.0s (20680 it/s), accepted 4785103 (77.1%), rejected 1418979, neutral 4757547 (76.7%), worsening accepted 1.9%, no-move draws 0, reheats 1078
  SA: value 65308.0 (greedy 56330.0, +8978.0), bound 126214.6, gap 48.26%, util 47.7%
  report -> /home/mcaspar/3DMHKP/results_3DMHKP_ep3/ep3-20-C-C-50-3DMHKP-SA-a0.999-r0.25-t300s.txt

================================================================================================
SUMMARY
================================================================================================
instance      boxes  packed       greedy     SA value        bound      gap    util    iters    time
------------------------------------------------------------------------------------------------
ep3-20-C-C-50     20      11      56330.0      65308.0     126214.6   48.3%   47.7%  6204083  300.0s
------------------------------------------------------------------------------------------------
proven optimal (value reaches the upper bound): 0/1
improved over greedy: 1/1 (total value 56330.0 -> 65308.0, +15.94%)
mean gap to continuous-knapsack bound: 48.3%
mean volume utilization: 47.7%
