============================================================
  Solver:     3DMHKP-SA.py
  Instance:   /home/mcaspar/3DMHKP/Egeblad/ep3-20-C-C-90.txt
  Value mode: flat
  Timelimit:  300s
  Reports:    /home/mcaspar/3DMHKP/results_3DMHKP_ep3
  CPUs:       1
============================================================
======================================================================
3DMHKP Simulated Annealing (random single-neighbour, sequence decoder)
SA params: T0=5% of f(S_0), alpha=0.999, T_min=0.001, reheat_threshold=5753, reheat_fraction=0.25
Move weights: {'relocate': 0.0, 'swap': 1.0, '2opt': 0.0, 'promote': 1.5, 'demote': 1.5, 'orient': 1.0, 'container': 0.5}
Time limit: 300.0s per instance, seed 1803604160
======================================================================

======================================================================
ep3-20-C-C-90: 20 boxes (5 types), 1 containers (1 types)
  continuous-knapsack bound: 156253.7
  initial (value-density) decode: value 59978.0 (13/20 boxes)
  T0 = 13764.2 (calibrated, 230 worsening draws, target accept 35%)
  schedule: time-based, T0 -> 3137.78 over 300s
    [iter 5] *** NEW BEST: value 62826.0, boxes 13/20, T=13757.1, elapsed=0.1s
    [iter 12] *** NEW BEST: value 77276.0, boxes 14/20, T=13757.1, elapsed=0.1s
    [iter 15] *** NEW BEST: value 80124.0, boxes 14/20, T=13757.0, elapsed=0.1s
    [iter 5768] reheat + diversify: ceiling=3441.06, value=77276.0
    [iter 11521] reheat + diversify: ceiling=3096.95, value=52966.0
    [iter 17274] reheat + diversify: ceiling=2787.26, value=52966.0
    [iter 23027] reheat + diversify: ceiling=2508.53, value=77276.0
    [iter 28780] reheat + diversify: ceiling=2257.68, value=65450.0
    [iter 34533] reheat + diversify: ceiling=2031.91, value=55814.0
    [iter 40286] reheat + diversify: ceiling=1828.72, value=55814.0
    [iter 46039] reheat + diversify: ceiling=1645.85, value=68298.0
    [iter 51792] reheat + diversify: ceiling=1481.26, value=65450.0
    [iter 57545] reheat + diversify: ceiling=1333.14, value=58662.0
    [iter 63298] reheat + diversify: ceiling=1199.82, value=80124.0
    [iter 69051] reheat + diversify: ceiling=1079.84, value=74428.0
    [iter 74804] reheat + diversify: ceiling=971.86, value=65450.0
    [iter 80557] reheat + diversify: ceiling=874.67, value=77276.0
    [iter 86310] reheat + diversify: ceiling=787.20, value=62168.0
    [iter 92063] reheat + diversify: ceiling=708.48, value=58662.0
    [iter 97816] reheat + diversify: ceiling=637.64, value=55814.0
    [iter 103569] reheat + diversify: ceiling=573.87, value=77276.0
    [iter 109322] reheat + diversify: ceiling=516.48, value=74428.0
    [iter 115075] reheat + diversify: ceiling=464.84, value=71146.0
    [iter 120828] reheat + diversify: ceiling=418.35, value=59320.0
    [iter 126581] reheat + diversify: ceiling=376.52, value=77276.0
    [iter 132334] reheat + diversify: ceiling=338.87, value=55814.0
    [iter 138087] reheat + diversify: ceiling=304.98, value=58662.0
    [iter 143840] reheat + diversify: ceiling=274.48, value=58662.0
    [iter 149593] reheat + diversify: ceiling=247.03, value=61510.0
    [iter 155346] reheat + diversify: ceiling=222.33, value=58662.0
    [iter 161099] reheat + diversify: ceiling=200.10, value=80124.0
    [iter 166852] reheat + diversify: ceiling=180.09, value=59320.0
    [iter 172605] reheat + diversify: ceiling=162.08, value=74428.0
    [iter 178358] reheat + diversify: ceiling=145.87, value=80124.0
    [iter 184111] reheat + diversify: ceiling=131.28, value=80124.0
    [iter 189864] reheat + diversify: ceiling=118.16, value=58662.0
    [iter 195617] reheat + diversify: ceiling=106.34, value=58662.0
    [iter 201370] reheat + diversify: ceiling=95.71, value=77276.0
    [iter 207123] reheat + diversify: ceiling=86.14, value=59320.0
    [iter 212876] reheat + diversify: ceiling=77.52, value=58662.0
    [iter 218629] reheat + diversify: ceiling=69.77, value=80124.0
    [iter 224382] reheat + diversify: ceiling=62.79, value=58662.0
    [iter 230135] reheat + diversify: ceiling=56.51, value=59320.0
    [iter 235888] reheat + diversify: ceiling=50.86, value=74428.0
    [iter 241641] reheat + diversify: ceiling=45.78, value=77276.0
    [iter 247394] reheat + diversify: ceiling=41.20, value=80124.0
    [iter 253147] reheat + diversify: ceiling=37.08, value=68298.0
    [iter 258900] reheat + diversify: ceiling=33.37, value=59320.0
    [iter 264653] reheat + diversify: ceiling=30.03, value=74428.0
    [iter 270406] reheat + diversify: ceiling=27.03, value=58662.0
    [iter 276159] reheat + diversify: ceiling=24.33, value=77276.0
    [iter 281912] reheat + diversify: ceiling=21.89, value=77276.0
    [iter 287665] reheat + diversify: ceiling=19.70, value=74428.0
    [iter 293418] reheat + diversify: ceiling=17.73, value=77276.0
    [iter 299171] reheat + diversify: ceiling=15.96, value=59320.0
    [iter 304924] reheat + diversify: ceiling=14.36, value=77276.0
    [iter 310677] reheat + diversify: ceiling=12.93, value=62168.0
    [iter 316430] reheat + diversify: ceiling=11.64, value=59320.0
    [iter 322183] reheat + diversify: ceiling=10.47, value=61510.0
    [iter 327936] reheat + diversify: ceiling=9.42, value=68298.0
    [iter 333689] reheat + diversify: ceiling=8.48, value=59320.0
    [iter 339442] reheat + diversify: ceiling=7.63, value=80124.0
    [iter 345195] reheat + diversify: ceiling=6.87, value=71146.0
    [iter 350948] reheat + diversify: ceiling=6.18, value=55814.0
    [iter 356701] reheat + diversify: ceiling=5.57, value=77276.0
    [iter 362454] reheat + diversify: ceiling=5.01, value=58662.0
    [iter 368207] reheat + diversify: ceiling=4.51, value=68298.0
    [iter 373960] reheat + diversify: ceiling=4.06, value=55814.0
    [iter 379713] reheat + diversify: ceiling=3.65, value=58662.0
    [iter 385466] reheat + diversify: ceiling=3.29, value=77276.0
    [iter 391219] reheat + diversify: ceiling=2.96, value=68298.0
    [iter 396972] reheat + diversify: ceiling=2.66, value=55814.0
    [iter 402725] reheat + diversify: ceiling=2.40, value=77276.0
    [iter 408478] reheat + diversify: ceiling=2.16, value=55814.0
    [iter 414231] reheat + diversify: ceiling=1.94, value=80124.0
    [iter 419984] reheat + diversify: ceiling=1.75, value=74428.0
    [iter 425737] reheat + diversify: ceiling=1.57, value=74428.0
    [iter 431490] reheat + diversify: ceiling=1.41, value=55814.0
    [iter 437243] reheat + diversify: ceiling=1.27, value=58662.0
    [iter 442996] reheat + diversify: ceiling=1.15, value=55814.0
    [iter 448749] reheat + diversify: ceiling=1.03, value=55814.0
    [iter 454502] reheat + diversify: ceiling=0.93, value=80124.0
    [iter 460255] reheat + diversify: ceiling=0.84, value=80124.0
    [iter 466008] reheat + diversify: ceiling=0.75, value=58662.0
    [iter 471761] reheat + diversify: ceiling=0.68, value=55814.0
    [iter 477514] reheat + diversify: ceiling=0.61, value=55814.0
    [iter 483267] reheat + diversify: ceiling=0.55, value=55814.0
    [iter 489020] reheat + diversify: ceiling=0.49, value=77276.0
    [iter 494773] reheat + diversify: ceiling=0.44, value=77276.0
    [iter 500526] reheat + diversify: ceiling=0.40, value=77276.0
    [iter 506279] reheat + diversify: ceiling=0.36, value=55814.0
    [iter 512032] reheat + diversify: ceiling=0.32, value=61510.0
    [iter 517785] reheat + diversify: ceiling=0.29, value=61510.0
    [iter 523538] reheat + diversify: ceiling=0.26, value=58662.0
    [iter 529291] reheat + diversify: ceiling=0.24, value=68298.0
    [iter 535044] reheat + diversify: ceiling=0.21, value=55814.0
    [iter 540797] reheat + diversify: ceiling=0.19, value=55814.0
    [iter 546550] reheat + diversify: ceiling=0.17, value=62826.0
    [iter 552303] reheat + diversify: ceiling=0.15, value=55814.0
    [iter 558056] reheat + diversify: ceiling=0.14, value=77276.0
    [iter 563809] reheat + diversify: ceiling=0.13, value=58662.0
    [iter 569562] reheat + diversify: ceiling=0.11, value=62826.0
    [iter 575315] reheat + diversify: ceiling=0.10, value=55814.0
    [iter 581068] reheat + diversify: ceiling=0.09, value=77276.0
    [iter 586821] reheat + diversify: ceiling=0.08, value=80124.0
    [iter 592574] reheat + diversify: ceiling=0.07, value=77276.0
    [iter 598327] reheat + diversify: ceiling=0.07, value=61510.0
    [iter 604080] reheat + diversify: ceiling=0.06, value=52966.0
    [iter 609833] reheat + diversify: ceiling=0.05, value=58662.0
    [iter 615586] reheat + diversify: ceiling=0.05, value=77276.0
    [iter 621339] reheat + diversify: ceiling=0.04, value=58662.0
    [iter 627092] reheat + diversify: ceiling=0.04, value=80124.0
    [iter 632845] reheat + diversify: ceiling=0.04, value=58662.0
    [iter 638598] reheat + diversify: ceiling=0.03, value=55814.0
    [iter 644351] reheat + diversify: ceiling=0.03, value=71146.0
    [iter 650104] reheat + diversify: ceiling=0.03, value=77276.0
    [iter 655857] reheat + diversify: ceiling=0.02, value=74428.0
    [iter 661610] reheat + diversify: ceiling=0.02, value=77276.0
    [iter 667363] reheat + diversify: ceiling=0.02, value=58662.0
    [iter 673116] reheat + diversify: ceiling=0.02, value=55814.0
    [iter 678869] reheat + diversify: ceiling=0.02, value=71146.0
    [iter 684622] reheat + diversify: ceiling=0.01, value=58662.0
    [iter 690375] reheat + diversify: ceiling=0.01, value=77276.0
    [iter 696128] reheat + diversify: ceiling=0.01, value=58662.0
    [iter 701881] reheat + diversify: ceiling=0.01, value=77276.0
    [iter 707634] reheat + diversify: ceiling=0.01, value=80124.0
    [iter 713387] reheat + diversify: ceiling=0.01, value=55814.0
    [iter 719140] reheat + diversify: ceiling=0.01, value=58662.0
    [iter 724893] reheat + diversify: ceiling=0.01, value=58662.0
    [iter 730646] reheat + diversify: ceiling=0.01, value=74428.0
    [iter 736399] reheat + diversify: ceiling=0.01, value=77276.0
    [iter 742152] reheat + diversify: ceiling=0.00, value=55814.0
    [iter 747905] reheat + diversify: ceiling=0.00, value=55814.0
    [iter 753658] reheat + diversify: ceiling=0.00, value=52966.0
    [iter 759411] reheat + diversify: ceiling=0.00, value=55814.0
    [iter 765164] reheat + diversify: ceiling=0.00, value=74428.0
    [iter 770917] reheat + diversify: ceiling=0.00, value=59320.0
    [iter 776670] reheat + diversify: ceiling=0.00, value=80124.0
    [iter 782423] reheat + diversify: ceiling=0.00, value=77276.0
    [iter 788176] reheat + diversify: ceiling=0.00, value=65450.0
    [iter 793929] reheat + diversify: ceiling=0.00, value=55814.0
    [iter 799682] reheat + diversify: ceiling=0.00, value=58662.0
    [iter 805435] reheat + diversify: ceiling=0.00, value=77276.0
    [iter 811188] reheat + diversify: ceiling=0.00, value=77276.0
    [iter 816941] reheat + diversify: ceiling=0.00, value=77276.0
    [iter 822694] reheat + diversify: ceiling=0.00, value=77276.0
    [iter 828447] reheat + diversify: ceiling=0.00, value=77276.0
    [iter 834200] reheat + diversify: ceiling=0.00, value=68298.0
    [iter 839953] reheat + diversify: ceiling=0.00, value=77276.0
    [iter 845706] reheat + diversify: ceiling=0.00, value=58662.0
    [iter 851459] reheat + diversify: ceiling=0.00, value=68298.0
    [iter 857212] reheat + diversify: ceiling=0.00, value=77276.0
    [iter 862965] reheat + diversify: ceiling=0.00, value=80124.0
    [iter 868718] reheat + diversify: ceiling=0.00, value=80124.0
    [iter 874471] reheat + diversify: ceiling=0.00, value=77276.0
    [iter 880224] reheat + diversify: ceiling=0.00, value=61510.0
    [iter 885977] reheat + diversify: ceiling=0.00, value=58662.0
    [iter 891730] reheat + diversify: ceiling=0.00, value=77276.0
    [iter 897483] reheat + diversify: ceiling=0.00, value=74428.0
    [iter 903236] reheat + diversify: ceiling=0.00, value=58662.0
    [iter 908989] reheat + diversify: ceiling=0.00, value=55814.0
    [iter 914742] reheat + diversify: ceiling=0.00, value=77276.0
    [iter 920495] reheat + diversify: ceiling=0.00, value=77276.0
    [iter 926248] reheat + diversify: ceiling=0.00, value=58662.0
    [iter 932001] reheat + diversify: ceiling=0.00, value=59978.0
    [iter 937754] reheat + diversify: ceiling=0.00, value=55814.0
    [iter 943507] reheat + diversify: ceiling=0.00, value=61510.0
    [iter 949260] reheat + diversify: ceiling=0.00, value=58662.0
    [iter 955013] reheat + diversify: ceiling=0.00, value=55814.0
    [iter 960766] reheat + diversify: ceiling=0.00, value=58662.0
    [iter 966519] reheat + diversify: ceiling=0.00, value=80124.0
    [iter 972272] reheat + diversify: ceiling=0.00, value=65450.0
    [iter 978025] reheat + diversify: ceiling=0.00, value=74428.0
    [iter 983778] reheat + diversify: ceiling=0.00, value=77276.0
    [iter 989531] reheat + diversify: ceiling=0.00, value=55814.0
    [iter 995284] reheat + diversify: ceiling=0.00, value=55814.0
    [iter 1001037] reheat + diversify: ceiling=0.00, value=80124.0
    [iter 1006790] reheat + diversify: ceiling=0.00, value=77276.0
    [iter 1012543] reheat + diversify: ceiling=0.00, value=55814.0
    [iter 1018296] reheat + diversify: ceiling=0.00, value=62168.0
    [iter 1024049] reheat + diversify: ceiling=0.00, value=77276.0
    [iter 1029802] reheat + diversify: ceiling=0.00, value=77276.0
    [iter 1035555] reheat + diversify: ceiling=0.00, value=77276.0
    [iter 1041308] reheat + diversify: ceiling=0.00, value=58662.0
    [iter 1047061] reheat + diversify: ceiling=0.00, value=77276.0
    [iter 1052814] reheat + diversify: ceiling=0.00, value=80124.0
    [iter 1058567] reheat + diversify: ceiling=0.00, value=77276.0
    [iter 1064320] reheat + diversify: ceiling=0.00, value=58662.0
    [iter 1070073] reheat + diversify: ceiling=0.00, value=59320.0
    [iter 1075826] reheat + diversify: ceiling=0.00, value=77276.0
    [iter 1081579] reheat + diversify: ceiling=0.00, value=77276.0
    [iter 1087332] reheat + diversify: ceiling=0.00, value=55814.0
    [iter 1093085] reheat + diversify: ceiling=0.00, value=77276.0
    [iter 1098838] reheat + diversify: ceiling=0.00, value=77276.0
    [iter 1104591] reheat + diversify: ceiling=0.00, value=58662.0
    [iter 1110344] reheat + diversify: ceiling=0.00, value=65450.0
    [iter 1116097] reheat + diversify: ceiling=0.00, value=77276.0
    [iter 1121850] reheat + diversify: ceiling=0.00, value=65450.0
    [iter 1127603] reheat + diversify: ceiling=0.00, value=58662.0
    [iter 1133356] reheat + diversify: ceiling=0.00, value=68298.0
    [iter 1139109] reheat + diversify: ceiling=0.00, value=55814.0
    [iter 1144862] reheat + diversify: ceiling=0.00, value=55814.0
    [iter 1150615] reheat + diversify: ceiling=0.00, value=55814.0
    [iter 1156368] reheat + diversify: ceiling=0.00, value=55814.0
    [iter 1162121] reheat + diversify: ceiling=0.00, value=55814.0
    [iter 1167874] reheat + diversify: ceiling=0.00, value=58662.0
    [iter 1173627] reheat + diversify: ceiling=0.00, value=74428.0
    [iter 1179380] reheat + diversify: ceiling=0.00, value=58662.0
    [iter 1185133] reheat + diversify: ceiling=0.00, value=55814.0
    [iter 1190886] reheat + diversify: ceiling=0.00, value=59320.0
    [iter 1196639] reheat + diversify: ceiling=0.00, value=80124.0
    [iter 1202392] reheat + diversify: ceiling=0.00, value=77276.0
    [iter 1208145] reheat + diversify: ceiling=0.00, value=58662.0
    [iter 1213898] reheat + diversify: ceiling=0.00, value=77276.0
    [iter 1219651] reheat + diversify: ceiling=0.00, value=80124.0
    [iter 1225404] reheat + diversify: ceiling=0.00, value=74428.0
    [iter 1231157] reheat + diversify: ceiling=0.00, value=77276.0
    [iter 1236910] reheat + diversify: ceiling=0.00, value=77276.0
    [iter 1242663] reheat + diversify: ceiling=0.00, value=61510.0
    [iter 1248416] reheat + diversify: ceiling=0.00, value=56472.0
    [iter 1254169] reheat + diversify: ceiling=0.00, value=59320.0
    [iter 1259922] reheat + diversify: ceiling=0.00, value=77276.0
    [iter 1265675] reheat + diversify: ceiling=0.00, value=77276.0
    [iter 1271428] reheat + diversify: ceiling=0.00, value=61510.0
    [iter 1277181] reheat + diversify: ceiling=0.00, value=77276.0
    [iter 1282934] reheat + diversify: ceiling=0.00, value=80124.0
    [iter 1288687] reheat + diversify: ceiling=0.00, value=65450.0
    [iter 1294440] reheat + diversify: ceiling=0.00, value=80124.0
    [iter 1300193] reheat + diversify: ceiling=0.00, value=55814.0
    [iter 1305946] reheat + diversify: ceiling=0.00, value=77276.0
    [iter 1311699] reheat + diversify: ceiling=0.00, value=80124.0
    [iter 1317452] reheat + diversify: ceiling=0.00, value=58662.0
    [iter 1323205] reheat + diversify: ceiling=0.00, value=55814.0
    [iter 1328958] reheat + diversify: ceiling=0.00, value=58662.0
    [iter 1334711] reheat + diversify: ceiling=0.00, value=77276.0
    [iter 1340464] reheat + diversify: ceiling=0.00, value=71146.0
    [iter 1346217] reheat + diversify: ceiling=0.00, value=77276.0
    [iter 1351970] reheat + diversify: ceiling=0.00, value=77276.0
    [iter 1357723] reheat + diversify: ceiling=0.00, value=77276.0
    [iter 1363476] reheat + diversify: ceiling=0.00, value=77276.0
    [iter 1369229] reheat + diversify: ceiling=0.00, value=77276.0
    [iter 1374982] reheat + diversify: ceiling=0.00, value=80124.0
    [iter 1380735] reheat + diversify: ceiling=0.00, value=55814.0
    [iter 1386488] reheat + diversify: ceiling=0.00, value=77276.0
    [iter 1392241] reheat + diversify: ceiling=0.00, value=80124.0
    [iter 1397994] reheat + diversify: ceiling=0.00, value=74428.0
    [iter 1403747] reheat + diversify: ceiling=0.00, value=58662.0
    [iter 1409500] reheat + diversify: ceiling=0.00, value=55814.0
    [iter 1415253] reheat + diversify: ceiling=0.00, value=77276.0
    [iter 1421006] reheat + diversify: ceiling=0.00, value=80124.0
    [iter 1426759] reheat + diversify: ceiling=0.00, value=55814.0
    [iter 1432512] reheat + diversify: ceiling=0.00, value=59320.0
    [iter 1438265] reheat + diversify: ceiling=0.00, value=77276.0
    [iter 1444018] reheat + diversify: ceiling=0.00, value=56472.0
    [iter 1449771] reheat + diversify: ceiling=0.00, value=77276.0
    [iter 1455524] reheat + diversify: ceiling=0.00, value=58662.0
    [iter 1461277] reheat + diversify: ceiling=0.00, value=58662.0
    [iter 1467030] reheat + diversify: ceiling=0.00, value=55814.0
    [iter 1472783] reheat + diversify: ceiling=0.00, value=61510.0
    [iter 1478536] reheat + diversify: ceiling=0.00, value=68298.0
    [iter 1484289] reheat + diversify: ceiling=0.00, value=77276.0
    [iter 1490042] reheat + diversify: ceiling=0.00, value=68298.0
    [iter 1495795] reheat + diversify: ceiling=0.00, value=52966.0
    [iter 1501548] reheat + diversify: ceiling=0.00, value=65450.0
    [iter 1507301] reheat + diversify: ceiling=0.00, value=55814.0
    [iter 1513054] reheat + diversify: ceiling=0.00, value=77276.0
    [iter 1518807] reheat + diversify: ceiling=0.00, value=58662.0
    [iter 1524560] reheat + diversify: ceiling=0.00, value=77276.0
    [iter 1530313] reheat + diversify: ceiling=0.00, value=58662.0
    [iter 1536066] reheat + diversify: ceiling=0.00, value=55814.0
    [iter 1541819] reheat + diversify: ceiling=0.00, value=74428.0
    [iter 1547572] reheat + diversify: ceiling=0.00, value=58662.0
    [iter 1553325] reheat + diversify: ceiling=0.00, value=77276.0
    [iter 1559078] reheat + diversify: ceiling=0.00, value=52966.0
    [iter 1564831] reheat + diversify: ceiling=0.00, value=77276.0
    [iter 1570584] reheat + diversify: ceiling=0.00, value=80124.0
    [iter 1576337] reheat + diversify: ceiling=0.00, value=58662.0
    [iter 1582090] reheat + diversify: ceiling=0.00, value=55814.0
    [iter 1587843] reheat + diversify: ceiling=0.00, value=74428.0
    [iter 1593596] reheat + diversify: ceiling=0.00, value=77276.0
    [iter 1599349] reheat + diversify: ceiling=0.00, value=58662.0
    [iter 1605102] reheat + diversify: ceiling=0.00, value=55814.0
    [iter 1610855] reheat + diversify: ceiling=0.00, value=58662.0
    [iter 1616608] reheat + diversify: ceiling=0.00, value=77276.0
    [iter 1622361] reheat + diversify: ceiling=0.00, value=55814.0
    [iter 1628114] reheat + diversify: ceiling=0.00, value=77276.0
    [iter 1633867] reheat + diversify: ceiling=0.00, value=58662.0
    [iter 1639620] reheat + diversify: ceiling=0.00, value=77276.0
    [iter 1645373] reheat + diversify: ceiling=0.00, value=80124.0
    [iter 1651126] reheat + diversify: ceiling=0.00, value=58662.0
    [iter 1656879] reheat + diversify: ceiling=0.00, value=77276.0
    [iter 1662632] reheat + diversify: ceiling=0.00, value=77276.0
    [iter 1668385] reheat + diversify: ceiling=0.00, value=58662.0
    [iter 1674138] reheat + diversify: ceiling=0.00, value=58662.0
    [iter 1679891] reheat + diversify: ceiling=0.00, value=80124.0
    [iter 1685644] reheat + diversify: ceiling=0.00, value=80124.0
    [iter 1691397] reheat + diversify: ceiling=0.00, value=52966.0
    [iter 1697150] reheat + diversify: ceiling=0.00, value=80124.0
    [iter 1702903] reheat + diversify: ceiling=0.00, value=55814.0
    [iter 1708656] reheat + diversify: ceiling=0.00, value=74428.0
    [iter 1714409] reheat + diversify: ceiling=0.00, value=55814.0
    [iter 1720162] reheat + diversify: ceiling=0.00, value=55814.0
    [iter 1725915] reheat + diversify: ceiling=0.00, value=74428.0
    [iter 1731668] reheat + diversify: ceiling=0.00, value=77276.0
    [iter 1737421] reheat + diversify: ceiling=0.00, value=55814.0
    [iter 1743174] reheat + diversify: ceiling=0.00, value=55814.0
    [iter 1748927] reheat + diversify: ceiling=0.00, value=77276.0
    [iter 1754680] reheat + diversify: ceiling=0.00, value=77276.0
    [iter 1760433] reheat + diversify: ceiling=0.00, value=58662.0
    [iter 1766186] reheat + diversify: ceiling=0.00, value=80124.0
    [iter 1771939] reheat + diversify: ceiling=0.00, value=52966.0
    [iter 1777692] reheat + diversify: ceiling=0.00, value=80124.0
    [iter 1783445] reheat + diversify: ceiling=0.00, value=58662.0
    [iter 1789198] reheat + diversify: ceiling=0.00, value=55814.0
    [iter 1794951] reheat + diversify: ceiling=0.00, value=77276.0
    [iter 1800704] reheat + diversify: ceiling=0.00, value=62168.0
    [iter 1806457] reheat + diversify: ceiling=0.00, value=80124.0
    [iter 1812210] reheat + diversify: ceiling=0.00, value=52966.0
    [iter 1817963] reheat + diversify: ceiling=0.00, value=80124.0
    [iter 1823716] reheat + diversify: ceiling=0.00, value=55814.0
    [iter 1829469] reheat + diversify: ceiling=0.00, value=55814.0
    [iter 1835222] reheat + diversify: ceiling=0.00, value=80124.0
    [iter 1840975] reheat + diversify: ceiling=0.00, value=55814.0
    [iter 1846728] reheat + diversify: ceiling=0.00, value=80124.0
    [iter 1852481] reheat + diversify: ceiling=0.00, value=58662.0
    [iter 1858234] reheat + diversify: ceiling=0.00, value=77276.0
    [iter 1863987] reheat + diversify: ceiling=0.00, value=55814.0
    [iter 1869740] reheat + diversify: ceiling=0.00, value=58662.0
    [iter 1875493] reheat + diversify: ceiling=0.00, value=55814.0
    [iter 1881246] reheat + diversify: ceiling=0.00, value=55814.0
    [iter 1886999] reheat + diversify: ceiling=0.00, value=77276.0
    [iter 1892752] reheat + diversify: ceiling=0.00, value=58662.0
    [iter 1898505] reheat + diversify: ceiling=0.00, value=61510.0
    [iter 1904258] reheat + diversify: ceiling=0.00, value=77276.0
    [iter 1910011] reheat + diversify: ceiling=0.00, value=55814.0
    [iter 1915764] reheat + diversify: ceiling=0.00, value=77276.0
    [iter 1921517] reheat + diversify: ceiling=0.00, value=58662.0
    [iter 1927270] reheat + diversify: ceiling=0.00, value=80124.0
    [iter 1933023] reheat + diversify: ceiling=0.00, value=77276.0
    [iter 1938776] reheat + diversify: ceiling=0.00, value=55814.0
    [iter 1944529] reheat + diversify: ceiling=0.00, value=77276.0
    [iter 1950282] reheat + diversify: ceiling=0.00, value=80124.0
    [iter 1956035] reheat + diversify: ceiling=0.00, value=65450.0
    [iter 1961788] reheat + diversify: ceiling=0.00, value=74428.0
    [iter 1967541] reheat + diversify: ceiling=0.00, value=55814.0
    [iter 1973294] reheat + diversify: ceiling=0.00, value=55814.0
    [iter 1979047] reheat + diversify: ceiling=0.00, value=77276.0
    [iter 1984800] reheat + diversify: ceiling=0.00, value=61510.0
    [iter 1990553] reheat + diversify: ceiling=0.00, value=58662.0
    [iter 1996306] reheat + diversify: ceiling=0.00, value=74428.0
    [iter 2002059] reheat + diversify: ceiling=0.00, value=80124.0
    [iter 2007812] reheat + diversify: ceiling=0.00, value=58662.0
    [iter 2013565] reheat + diversify: ceiling=0.00, value=58662.0
    [iter 2019318] reheat + diversify: ceiling=0.00, value=77276.0
    [iter 2025071] reheat + diversify: ceiling=0.00, value=55814.0
    [iter 2030824] reheat + diversify: ceiling=0.00, value=61510.0
    [iter 2036577] reheat + diversify: ceiling=0.00, value=58662.0
    [iter 2042330] reheat + diversify: ceiling=0.00, value=74428.0
    [iter 2048083] reheat + diversify: ceiling=0.00, value=55814.0
    [iter 2053836] reheat + diversify: ceiling=0.00, value=58662.0
    [iter 2059589] reheat + diversify: ceiling=0.00, value=62168.0
    [iter 2065342] reheat + diversify: ceiling=0.00, value=68298.0
    [iter 2071095] reheat + diversify: ceiling=0.00, value=77276.0
    [iter 2076848] reheat + diversify: ceiling=0.00, value=68298.0
    [iter 2082601] reheat + diversify: ceiling=0.00, value=77276.0
    [iter 2088354] reheat + diversify: ceiling=0.00, value=55814.0
    [iter 2094107] reheat + diversify: ceiling=0.00, value=68298.0
    [iter 2099860] reheat + diversify: ceiling=0.00, value=74428.0
    [iter 2105613] reheat + diversify: ceiling=0.00, value=80124.0
    [iter 2111366] reheat + diversify: ceiling=0.00, value=80124.0
    [iter 2117119] reheat + diversify: ceiling=0.00, value=77276.0
    [iter 2122872] reheat + diversify: ceiling=0.00, value=61510.0
    [iter 2128625] reheat + diversify: ceiling=0.00, value=80124.0
    [iter 2134378] reheat + diversify: ceiling=0.00, value=55814.0
    [iter 2140131] reheat + diversify: ceiling=0.00, value=55814.0
    [iter 2145884] reheat + diversify: ceiling=0.00, value=55814.0
    [iter 2151637] reheat + diversify: ceiling=0.00, value=77276.0
    [iter 2157390] reheat + diversify: ceiling=0.00, value=55814.0
    [iter 2163143] reheat + diversify: ceiling=0.00, value=77276.0
    [iter 2168896] reheat + diversify: ceiling=0.00, value=80124.0
    [iter 2174649] reheat + diversify: ceiling=0.00, value=74428.0
    [iter 2180402] reheat + diversify: ceiling=0.00, value=80124.0
    [iter 2186155] reheat + diversify: ceiling=0.00, value=77276.0
    [iter 2191908] reheat + diversify: ceiling=0.00, value=55814.0
    [iter 2197661] reheat + diversify: ceiling=0.00, value=77276.0
    [iter 2203414] reheat + diversify: ceiling=0.00, value=77276.0
    [iter 2209167] reheat + diversify: ceiling=0.00, value=55814.0
    [iter 2214920] reheat + diversify: ceiling=0.00, value=58662.0
    [iter 2220673] reheat + diversify: ceiling=0.00, value=77276.0
    [iter 2226426] reheat + diversify: ceiling=0.00, value=61510.0
    [iter 2232179] reheat + diversify: ceiling=0.00, value=58662.0
    [iter 2237932] reheat + diversify: ceiling=0.00, value=58662.0
    [iter 2243685] reheat + diversify: ceiling=0.00, value=55814.0
    [iter 2249438] reheat + diversify: ceiling=0.00, value=80124.0
    [iter 2255191] reheat + diversify: ceiling=0.00, value=71146.0
    [iter 2260944] reheat + diversify: ceiling=0.00, value=74428.0
    [iter 2266697] reheat + diversify: ceiling=0.00, value=77276.0
    [iter 2272450] reheat + diversify: ceiling=0.00, value=80124.0
    [iter 2278203] reheat + diversify: ceiling=0.00, value=55814.0
    [iter 2283956] reheat + diversify: ceiling=0.00, value=58662.0
    [iter 2289709] reheat + diversify: ceiling=0.00, value=80124.0
    [iter 2295462] reheat + diversify: ceiling=0.00, value=58662.0
    [iter 2301215] reheat + diversify: ceiling=0.00, value=52966.0
    [iter 2306968] reheat + diversify: ceiling=0.00, value=58662.0
    [iter 2312721] reheat + diversify: ceiling=0.00, value=52966.0
    [iter 2318474] reheat + diversify: ceiling=0.00, value=80124.0
    [iter 2324227] reheat + diversify: ceiling=0.00, value=77276.0
    [iter 2329980] reheat + diversify: ceiling=0.00, value=77276.0
    [iter 2335733] reheat + diversify: ceiling=0.00, value=80124.0
    [iter 2341486] reheat + diversify: ceiling=0.00, value=80124.0
    [iter 2347239] reheat + diversify: ceiling=0.00, value=77276.0
    [iter 2352992] reheat + diversify: ceiling=0.00, value=58662.0
    [iter 2358745] reheat + diversify: ceiling=0.00, value=77276.0
    [iter 2364498] reheat + diversify: ceiling=0.00, value=55814.0
    [iter 2370251] reheat + diversify: ceiling=0.00, value=55814.0
    [iter 2376004] reheat + diversify: ceiling=0.00, value=71146.0
    [iter 2381757] reheat + diversify: ceiling=0.00, value=77276.0
    [iter 2387510] reheat + diversify: ceiling=0.00, value=68298.0
    [iter 2393263] reheat + diversify: ceiling=0.00, value=68298.0
    [iter 2399016] reheat + diversify: ceiling=0.00, value=58662.0
    [iter 2404769] reheat + diversify: ceiling=0.00, value=80124.0
    [iter 2410522] reheat + diversify: ceiling=0.00, value=58662.0
    [iter 2416275] reheat + diversify: ceiling=0.00, value=58662.0
    [iter 2422028] reheat + diversify: ceiling=0.00, value=61510.0
    [iter 2427781] reheat + diversify: ceiling=0.00, value=65450.0
    [iter 2433534] reheat + diversify: ceiling=0.00, value=71146.0
    [iter 2439287] reheat + diversify: ceiling=0.00, value=55814.0
    [iter 2445040] reheat + diversify: ceiling=0.00, value=77276.0
    [iter 2450793] reheat + diversify: ceiling=0.00, value=80124.0
    [iter 2456546] reheat + diversify: ceiling=0.00, value=58662.0
    [iter 2462299] reheat + diversify: ceiling=0.00, value=77276.0
    [iter 2468052] reheat + diversify: ceiling=0.00, value=77276.0
    [iter 2473805] reheat + diversify: ceiling=0.00, value=55814.0
    [iter 2479558] reheat + diversify: ceiling=0.00, value=58662.0
    [iter 2485311] reheat + diversify: ceiling=0.00, value=68298.0
    [iter 2491064] reheat + diversify: ceiling=0.00, value=58662.0
    [iter 2496817] reheat + diversify: ceiling=0.00, value=77276.0
    [iter 2502570] reheat + diversify: ceiling=0.00, value=80124.0
    [iter 2508323] reheat + diversify: ceiling=0.00, value=77276.0
    [iter 2514076] reheat + diversify: ceiling=0.00, value=80124.0
    [iter 2519829] reheat + diversify: ceiling=0.00, value=74428.0
    [iter 2525582] reheat + diversify: ceiling=0.00, value=58662.0
    [iter 2531335] reheat + diversify: ceiling=0.00, value=74428.0
    [iter 2537088] reheat + diversify: ceiling=0.00, value=74428.0
    [iter 2542841] reheat + diversify: ceiling=0.00, value=58662.0
    [iter 2548594] reheat + diversify: ceiling=0.00, value=80124.0
    [iter 2554347] reheat + diversify: ceiling=0.00, value=77276.0
    [iter 2560100] reheat + diversify: ceiling=0.00, value=77276.0
    [iter 2565853] reheat + diversify: ceiling=0.00, value=55814.0
    [iter 2571606] reheat + diversify: ceiling=0.00, value=74428.0
    [iter 2577359] reheat + diversify: ceiling=0.00, value=58662.0
    [iter 2583112] reheat + diversify: ceiling=0.00, value=71146.0
    [iter 2588865] reheat + diversify: ceiling=0.00, value=77276.0
    [iter 2594618] reheat + diversify: ceiling=0.00, value=77276.0
    [iter 2600371] reheat + diversify: ceiling=0.00, value=58662.0
    [iter 2606124] reheat + diversify: ceiling=0.00, value=80124.0
    [iter 2611877] reheat + diversify: ceiling=0.00, value=77276.0
    [iter 2617630] reheat + diversify: ceiling=0.00, value=77276.0
    [iter 2623383] reheat + diversify: ceiling=0.00, value=55814.0
    [iter 2629136] reheat + diversify: ceiling=0.00, value=58662.0
    [iter 2634889] reheat + diversify: ceiling=0.00, value=61510.0
    [iter 2640642] reheat + diversify: ceiling=0.00, value=61510.0
    [iter 2646395] reheat + diversify: ceiling=0.00, value=58662.0
    [iter 2652148] reheat + diversify: ceiling=0.00, value=58662.0
    [iter 2657901] reheat + diversify: ceiling=0.00, value=80124.0
    [iter 2663654] reheat + diversify: ceiling=0.00, value=77276.0
    [iter 2669407] reheat + diversify: ceiling=0.00, value=77276.0
    [iter 2675160] reheat + diversify: ceiling=0.00, value=77276.0
    [iter 2680913] reheat + diversify: ceiling=0.00, value=52966.0
    [iter 2686666] reheat + diversify: ceiling=0.00, value=58662.0
    [iter 2692419] reheat + diversify: ceiling=0.00, value=55814.0
    [iter 2698172] reheat + diversify: ceiling=0.00, value=55814.0
    [iter 2703925] reheat + diversify: ceiling=0.00, value=77276.0
    [iter 2709678] reheat + diversify: ceiling=0.00, value=77276.0
    [iter 2715431] reheat + diversify: ceiling=0.00, value=77276.0
    [iter 2721184] reheat + diversify: ceiling=0.00, value=77276.0
    [iter 2726937] reheat + diversify: ceiling=0.00, value=55814.0
    [iter 2732690] reheat + diversify: ceiling=0.00, value=77276.0
    [iter 2738443] reheat + diversify: ceiling=0.00, value=58662.0
    [iter 2744196] reheat + diversify: ceiling=0.00, value=77276.0
    [iter 2749949] reheat + diversify: ceiling=0.00, value=52966.0
    [iter 2755702] reheat + diversify: ceiling=0.00, value=80124.0
    [iter 2761455] reheat + diversify: ceiling=0.00, value=55814.0
    [iter 2767208] reheat + diversify: ceiling=0.00, value=61510.0
    [iter 2772961] reheat + diversify: ceiling=0.00, value=55814.0
    [iter 2778714] reheat + diversify: ceiling=0.00, value=52966.0
    [iter 2784467] reheat + diversify: ceiling=0.00, value=74428.0
    [iter 2790220] reheat + diversify: ceiling=0.00, value=77276.0
    [iter 2795973] reheat + diversify: ceiling=0.00, value=80124.0
    [iter 2801726] reheat + diversify: ceiling=0.00, value=58662.0
    [iter 2807479] reheat + diversify: ceiling=0.00, value=55814.0
    [iter 2813232] reheat + diversify: ceiling=0.00, value=58662.0
    [iter 2818985] reheat + diversify: ceiling=0.00, value=52966.0
    [iter 2824738] reheat + diversify: ceiling=0.00, value=80124.0
    [iter 2830491] reheat + diversify: ceiling=0.00, value=52966.0
    [iter 2836244] reheat + diversify: ceiling=0.00, value=55814.0
    [iter 2841997] reheat + diversify: ceiling=0.00, value=58662.0
    [iter 2847750] reheat + diversify: ceiling=0.00, value=77276.0
    [iter 2853503] reheat + diversify: ceiling=0.00, value=58662.0
    [iter 2859256] reheat + diversify: ceiling=0.00, value=55814.0
    [iter 2865009] reheat + diversify: ceiling=0.00, value=77276.0
    [iter 2870762] reheat + diversify: ceiling=0.00, value=80124.0
    [iter 2876515] reheat + diversify: ceiling=0.00, value=77276.0
    [iter 2882268] reheat + diversify: ceiling=0.00, value=74428.0
    [iter 2888021] reheat + diversify: ceiling=0.00, value=77276.0
    [iter 2893774] reheat + diversify: ceiling=0.00, value=58662.0
    [iter 2899527] reheat + diversify: ceiling=0.00, value=77276.0
    [iter 2905280] reheat + diversify: ceiling=0.00, value=55814.0
    [iter 2911033] reheat + diversify: ceiling=0.00, value=77276.0
    [iter 2916786] reheat + diversify: ceiling=0.00, value=74428.0
    [iter 2922539] reheat + diversify: ceiling=0.00, value=55814.0
    [iter 2928292] reheat + diversify: ceiling=0.00, value=77276.0
    [iter 2934045] reheat + diversify: ceiling=0.00, value=59320.0
    [iter 2939798] reheat + diversify: ceiling=0.00, value=80124.0
    [iter 2945551] reheat + diversify: ceiling=0.00, value=68298.0
    [iter 2951304] reheat + diversify: ceiling=0.00, value=80124.0
    [iter 2957057] reheat + diversify: ceiling=0.00, value=58662.0
    [iter 2962810] reheat + diversify: ceiling=0.00, value=77276.0
    [iter 2968563] reheat + diversify: ceiling=0.00, value=74428.0
    [iter 2974316] reheat + diversify: ceiling=0.00, value=58662.0
    [iter 2980069] reheat + diversify: ceiling=0.00, value=55814.0
    [iter 2985822] reheat + diversify: ceiling=0.00, value=77276.0
    [iter 2991575] reheat + diversify: ceiling=0.00, value=58662.0
    [iter 2997328] reheat + diversify: ceiling=0.00, value=80124.0
    [iter 3003081] reheat + diversify: ceiling=0.00, value=58662.0
    [iter 3008834] reheat + diversify: ceiling=0.00, value=65450.0
    [iter 3014587] reheat + diversify: ceiling=0.00, value=77276.0
    [iter 3020340] reheat + diversify: ceiling=0.00, value=61510.0
    [iter 3026093] reheat + diversify: ceiling=0.00, value=77276.0
    [iter 3031846] reheat + diversify: ceiling=0.00, value=77276.0
    [iter 3037599] reheat + diversify: ceiling=0.00, value=77276.0
    [iter 3043352] reheat + diversify: ceiling=0.00, value=77276.0
    [iter 3049105] reheat + diversify: ceiling=0.00, value=77276.0
    [iter 3054858] reheat + diversify: ceiling=0.00, value=80124.0
    [iter 3060611] reheat + diversify: ceiling=0.00, value=58662.0
    [iter 3066364] reheat + diversify: ceiling=0.00, value=58662.0
    [iter 3072117] reheat + diversify: ceiling=0.00, value=74428.0
    [iter 3077870] reheat + diversify: ceiling=0.00, value=58662.0
    [iter 3083623] reheat + diversify: ceiling=0.00, value=61510.0
    [iter 3089376] reheat + diversify: ceiling=0.00, value=58662.0
    [iter 3095129] reheat + diversify: ceiling=0.00, value=77276.0
    [iter 3100882] reheat + diversify: ceiling=0.00, value=77276.0
    [iter 3106635] reheat + diversify: ceiling=0.00, value=55814.0
    [iter 3112388] reheat + diversify: ceiling=0.00, value=77276.0
    [iter 3118141] reheat + diversify: ceiling=0.00, value=61510.0
    [iter 3123894] reheat + diversify: ceiling=0.00, value=77276.0
    [iter 3129647] reheat + diversify: ceiling=0.00, value=80124.0
    [iter 3135400] reheat + diversify: ceiling=0.00, value=58662.0
    [iter 3141153] reheat + diversify: ceiling=0.00, value=58662.0
    [iter 3146906] reheat + diversify: ceiling=0.00, value=80124.0
    [iter 3152659] reheat + diversify: ceiling=0.00, value=77276.0
    [iter 3158412] reheat + diversify: ceiling=0.00, value=58662.0
    [iter 3164165] reheat + diversify: ceiling=0.00, value=77276.0
    [iter 3169918] reheat + diversify: ceiling=0.00, value=52966.0
    [iter 3175671] reheat + diversify: ceiling=0.00, value=52966.0
    [iter 3181424] reheat + diversify: ceiling=0.00, value=58662.0
    [iter 3187177] reheat + diversify: ceiling=0.00, value=68298.0
    [iter 3192930] reheat + diversify: ceiling=0.00, value=77276.0
    [iter 3198683] reheat + diversify: ceiling=0.00, value=80124.0
    [iter 3204436] reheat + diversify: ceiling=0.00, value=77276.0
    [iter 3210189] reheat + diversify: ceiling=0.00, value=55814.0
    [iter 3215942] reheat + diversify: ceiling=0.00, value=74428.0
    [iter 3221695] reheat + diversify: ceiling=0.00, value=58662.0
    [iter 3227448] reheat + diversify: ceiling=0.00, value=55814.0
    [iter 3233201] reheat + diversify: ceiling=0.00, value=55814.0
    [iter 3238954] reheat + diversify: ceiling=0.00, value=58662.0
    [iter 3244707] reheat + diversify: ceiling=0.00, value=58662.0
    [iter 3250460] reheat + diversify: ceiling=0.00, value=80124.0
    [iter 3256213] reheat + diversify: ceiling=0.00, value=61510.0
    [iter 3261966] reheat + diversify: ceiling=0.00, value=55814.0
    [iter 3267719] reheat + diversify: ceiling=0.00, value=55814.0
    [iter 3273472] reheat + diversify: ceiling=0.00, value=58662.0
    [iter 3279225] reheat + diversify: ceiling=0.00, value=55814.0
    [iter 3284978] reheat + diversify: ceiling=0.00, value=58662.0
    [iter 3290731] reheat + diversify: ceiling=0.00, value=77276.0
    [iter 3296484] reheat + diversify: ceiling=0.00, value=58662.0
    [iter 3302237] reheat + diversify: ceiling=0.00, value=55814.0
    [iter 3307990] reheat + diversify: ceiling=0.00, value=61510.0
    [iter 3313743] reheat + diversify: ceiling=0.00, value=80124.0
    [iter 3319496] reheat + diversify: ceiling=0.00, value=61510.0
    [iter 3325249] reheat + diversify: ceiling=0.00, value=61510.0
    [iter 3331002] reheat + diversify: ceiling=0.00, value=74428.0
    [iter 3336755] reheat + diversify: ceiling=0.00, value=77276.0
    [iter 3342508] reheat + diversify: ceiling=0.00, value=58662.0
    [iter 3348261] reheat + diversify: ceiling=0.00, value=80124.0
    [iter 3354014] reheat + diversify: ceiling=0.00, value=58662.0
    [iter 3359767] reheat + diversify: ceiling=0.00, value=52966.0
    [iter 3365520] reheat + diversify: ceiling=0.00, value=61510.0
    [iter 3371273] reheat + diversify: ceiling=0.00, value=77276.0
    [iter 3377026] reheat + diversify: ceiling=0.00, value=55814.0
    [iter 3382779] reheat + diversify: ceiling=0.00, value=52966.0
    [iter 3388532] reheat + diversify: ceiling=0.00, value=55814.0
    [iter 3394285] reheat + diversify: ceiling=0.00, value=58662.0
    [iter 3400038] reheat + diversify: ceiling=0.00, value=77276.0
    [iter 3405791] reheat + diversify: ceiling=0.00, value=58662.0
    [iter 3411544] reheat + diversify: ceiling=0.00, value=68298.0
    [iter 3417297] reheat + diversify: ceiling=0.00, value=71146.0
    [iter 3423050] reheat + diversify: ceiling=0.00, value=61510.0
    [iter 3428803] reheat + diversify: ceiling=0.00, value=77276.0
    [iter 3434556] reheat + diversify: ceiling=0.00, value=58662.0
    [iter 3440309] reheat + diversify: ceiling=0.00, value=74428.0
    [iter 3446062] reheat + diversify: ceiling=0.00, value=58662.0
    [iter 3451815] reheat + diversify: ceiling=0.00, value=77276.0
    [iter 3457568] reheat + diversify: ceiling=0.00, value=77276.0
    [iter 3463321] reheat + diversify: ceiling=0.00, value=80124.0
    [iter 3469074] reheat + diversify: ceiling=0.00, value=80124.0
    [iter 3474827] reheat + diversify: ceiling=0.00, value=77276.0
    [iter 3480580] reheat + diversify: ceiling=0.00, value=80124.0
    [iter 3486333] reheat + diversify: ceiling=0.00, value=58662.0
    [iter 3492086] reheat + diversify: ceiling=0.00, value=80124.0
    [iter 3497839] reheat + diversify: ceiling=0.00, value=58662.0
    [iter 3503592] reheat + diversify: ceiling=0.00, value=62168.0
    [iter 3509345] reheat + diversify: ceiling=0.00, value=58662.0
    [iter 3515098] reheat + diversify: ceiling=0.00, value=58662.0
    [iter 3520851] reheat + diversify: ceiling=0.00, value=80124.0
    [iter 3526604] reheat + diversify: ceiling=0.00, value=80124.0
    [iter 3532357] reheat + diversify: ceiling=0.00, value=71146.0
    [iter 3538110] reheat + diversify: ceiling=0.00, value=55814.0
    [iter 3543863] reheat + diversify: ceiling=0.00, value=58662.0
    [iter 3549616] reheat + diversify: ceiling=0.00, value=77276.0
    [iter 3555369] reheat + diversify: ceiling=0.00, value=77276.0
    [iter 3561122] reheat + diversify: ceiling=0.00, value=77276.0
    [iter 3566875] reheat + diversify: ceiling=0.00, value=77276.0
    [iter 3572628] reheat + diversify: ceiling=0.00, value=77276.0
    [iter 3578381] reheat + diversify: ceiling=0.00, value=74428.0
    [iter 3584134] reheat + diversify: ceiling=0.00, value=74428.0
    [iter 3589887] reheat + diversify: ceiling=0.00, value=74428.0
    [iter 3595640] reheat + diversify: ceiling=0.00, value=58662.0
    [iter 3601393] reheat + diversify: ceiling=0.00, value=80124.0
    [iter 3607146] reheat + diversify: ceiling=0.00, value=80124.0
    [iter 3612899] reheat + diversify: ceiling=0.00, value=58662.0
    [iter 3618652] reheat + diversify: ceiling=0.00, value=77276.0
    [iter 3624405] reheat + diversify: ceiling=0.00, value=55814.0
    [iter 3630158] reheat + diversify: ceiling=0.00, value=77276.0
    [iter 3635911] reheat + diversify: ceiling=0.00, value=80124.0
    [iter 3641664] reheat + diversify: ceiling=0.00, value=61510.0
    [iter 3647417] reheat + diversify: ceiling=0.00, value=55814.0
    [iter 3653170] reheat + diversify: ceiling=0.00, value=77276.0
    [iter 3658923] reheat + diversify: ceiling=0.00, value=61510.0
    [iter 3664676] reheat + diversify: ceiling=0.00, value=77276.0
    [iter 3670429] reheat + diversify: ceiling=0.00, value=80124.0
    [iter 3676182] reheat + diversify: ceiling=0.00, value=77276.0
    [iter 3681935] reheat + diversify: ceiling=0.00, value=55814.0
    [iter 3687688] reheat + diversify: ceiling=0.00, value=77276.0
    [iter 3693441] reheat + diversify: ceiling=0.00, value=55814.0
    [iter 3699194] reheat + diversify: ceiling=0.00, value=74428.0
    [iter 3704947] reheat + diversify: ceiling=0.00, value=52966.0
    [iter 3710700] reheat + diversify: ceiling=0.00, value=58662.0
    [iter 3716453] reheat + diversify: ceiling=0.00, value=58662.0
    [iter 3722206] reheat + diversify: ceiling=0.00, value=80124.0
    [iter 3727959] reheat + diversify: ceiling=0.00, value=58662.0
    [iter 3733712] reheat + diversify: ceiling=0.00, value=77276.0
    [iter 3739465] reheat + diversify: ceiling=0.00, value=58662.0
    [iter 3745218] reheat + diversify: ceiling=0.00, value=80124.0
    [iter 3750971] reheat + diversify: ceiling=0.00, value=55814.0
    [iter 3756724] reheat + diversify: ceiling=0.00, value=58662.0
    [iter 3762477] reheat + diversify: ceiling=0.00, value=77276.0
    [iter 3768230] reheat + diversify: ceiling=0.00, value=77276.0
    [iter 3773983] reheat + diversify: ceiling=0.00, value=80124.0
    [iter 3779736] reheat + diversify: ceiling=0.00, value=58662.0
    [iter 3785489] reheat + diversify: ceiling=0.00, value=77276.0
    [iter 3791242] reheat + diversify: ceiling=0.00, value=55814.0
    [iter 3796995] reheat + diversify: ceiling=0.00, value=77276.0
    [iter 3802748] reheat + diversify: ceiling=0.00, value=77276.0
    [iter 3808501] reheat + diversify: ceiling=0.00, value=58662.0
    [iter 3814254] reheat + diversify: ceiling=0.00, value=58662.0
    [iter 3820007] reheat + diversify: ceiling=0.00, value=71146.0
    [iter 3825760] reheat + diversify: ceiling=0.00, value=77276.0
    [iter 3831513] reheat + diversify: ceiling=0.00, value=55814.0
    [iter 3837266] reheat + diversify: ceiling=0.00, value=55814.0
    [iter 3843019] reheat + diversify: ceiling=0.00, value=61510.0
    [iter 3848772] reheat + diversify: ceiling=0.00, value=77276.0
    [iter 3854525] reheat + diversify: ceiling=0.00, value=61510.0
    [iter 3860278] reheat + diversify: ceiling=0.00, value=77276.0
    [iter 3866031] reheat + diversify: ceiling=0.00, value=55814.0
    [iter 3871784] reheat + diversify: ceiling=0.00, value=77276.0
    [iter 3877537] reheat + diversify: ceiling=0.00, value=55814.0
    [iter 3883290] reheat + diversify: ceiling=0.00, value=77276.0
    [iter 3889043] reheat + diversify: ceiling=0.00, value=68298.0
    [iter 3894796] reheat + diversify: ceiling=0.00, value=55814.0
    [iter 3900549] reheat + diversify: ceiling=0.00, value=77276.0
    [iter 3906302] reheat + diversify: ceiling=0.00, value=55814.0
    [iter 3912055] reheat + diversify: ceiling=0.00, value=61510.0
    [iter 3917808] reheat + diversify: ceiling=0.00, value=74428.0
    [iter 3923561] reheat + diversify: ceiling=0.00, value=77276.0
    [iter 3929314] reheat + diversify: ceiling=0.00, value=77276.0
    [iter 3935067] reheat + diversify: ceiling=0.00, value=77276.0
    [iter 3940820] reheat + diversify: ceiling=0.00, value=77276.0
    [iter 3946573] reheat + diversify: ceiling=0.00, value=58662.0
    [iter 3952326] reheat + diversify: ceiling=0.00, value=55814.0
    [iter 3958079] reheat + diversify: ceiling=0.00, value=77276.0
    [iter 3963832] reheat + diversify: ceiling=0.00, value=55814.0
    [iter 3969585] reheat + diversify: ceiling=0.00, value=58662.0
    [iter 3975338] reheat + diversify: ceiling=0.00, value=55814.0
    [iter 3981091] reheat + diversify: ceiling=0.00, value=77276.0
    [iter 3986844] reheat + diversify: ceiling=0.00, value=71146.0
    [iter 3992597] reheat + diversify: ceiling=0.00, value=61510.0
    [iter 3998350] reheat + diversify: ceiling=0.00, value=77276.0
    [iter 4004103] reheat + diversify: ceiling=0.00, value=80124.0
    [iter 4009856] reheat + diversify: ceiling=0.00, value=55814.0
    [iter 4015609] reheat + diversify: ceiling=0.00, value=55814.0
    [iter 4021362] reheat + diversify: ceiling=0.00, value=55814.0
    [iter 4027115] reheat + diversify: ceiling=0.00, value=80124.0
    [iter 4032868] reheat + diversify: ceiling=0.00, value=55814.0
    [iter 4038621] reheat + diversify: ceiling=0.00, value=55814.0
    [iter 4044374] reheat + diversify: ceiling=0.00, value=77276.0
    [iter 4050127] reheat + diversify: ceiling=0.00, value=58662.0
    [iter 4055880] reheat + diversify: ceiling=0.00, value=74428.0
    [iter 4061633] reheat + diversify: ceiling=0.00, value=80124.0
    [iter 4067386] reheat + diversify: ceiling=0.00, value=74428.0
    [iter 4073139] reheat + diversify: ceiling=0.00, value=77276.0
    [iter 4078892] reheat + diversify: ceiling=0.00, value=55814.0
    [iter 4084645] reheat + diversify: ceiling=0.00, value=77276.0
    [iter 4090398] reheat + diversify: ceiling=0.00, value=61510.0
    [iter 4096151] reheat + diversify: ceiling=0.00, value=77276.0
    [iter 4101904] reheat + diversify: ceiling=0.00, value=55814.0
    [iter 4107657] reheat + diversify: ceiling=0.00, value=80124.0
    [iter 4113410] reheat + diversify: ceiling=0.00, value=55814.0
    [iter 4119163] reheat + diversify: ceiling=0.00, value=55814.0
    [iter 4124916] reheat + diversify: ceiling=0.00, value=58662.0
    [iter 4130669] reheat + diversify: ceiling=0.00, value=58662.0
    [iter 4136422] reheat + diversify: ceiling=0.00, value=77276.0
    [iter 4142175] reheat + diversify: ceiling=0.00, value=80124.0
    [iter 4147928] reheat + diversify: ceiling=0.00, value=77276.0
    [iter 4153681] reheat + diversify: ceiling=0.00, value=58662.0
    [iter 4159434] reheat + diversify: ceiling=0.00, value=77276.0
    [iter 4165187] reheat + diversify: ceiling=0.00, value=58662.0
    [iter 4170940] reheat + diversify: ceiling=0.00, value=77276.0
    [iter 4176693] reheat + diversify: ceiling=0.00, value=77276.0
    [iter 4182446] reheat + diversify: ceiling=0.00, value=55814.0
    [iter 4188199] reheat + diversify: ceiling=0.00, value=80124.0
    [iter 4193952] reheat + diversify: ceiling=0.00, value=61510.0
    [iter 4199705] reheat + diversify: ceiling=0.00, value=80124.0
    [iter 4205458] reheat + diversify: ceiling=0.00, value=77276.0
    [iter 4211211] reheat + diversify: ceiling=0.00, value=77276.0
    [iter 4216964] reheat + diversify: ceiling=0.00, value=80124.0
    [iter 4222717] reheat + diversify: ceiling=0.00, value=58662.0
    [iter 4228470] reheat + diversify: ceiling=0.00, value=77276.0
    [iter 4234223] reheat + diversify: ceiling=0.00, value=74428.0
    [iter 4239976] reheat + diversify: ceiling=0.00, value=55814.0
    [iter 4245729] reheat + diversify: ceiling=0.00, value=77276.0
    [iter 4251482] reheat + diversify: ceiling=0.00, value=55814.0
    [iter 4257235] reheat + diversify: ceiling=0.00, value=55814.0
    [iter 4262988] reheat + diversify: ceiling=0.00, value=80124.0
    [iter 4268741] reheat + diversify: ceiling=0.00, value=55814.0
    [iter 4274494] reheat + diversify: ceiling=0.00, value=58662.0
    [iter 4280247] reheat + diversify: ceiling=0.00, value=80124.0
    [iter 4286000] reheat + diversify: ceiling=0.00, value=74428.0
    [iter 4291753] reheat + diversify: ceiling=0.00, value=61510.0
    [iter 4297506] reheat + diversify: ceiling=0.00, value=58662.0
    [iter 4303259] reheat + diversify: ceiling=0.00, value=58662.0
    [iter 4309012] reheat + diversify: ceiling=0.00, value=55814.0
    [iter 4314765] reheat + diversify: ceiling=0.00, value=77276.0
    [iter 4320518] reheat + diversify: ceiling=0.00, value=74428.0
    [iter 4326271] reheat + diversify: ceiling=0.00, value=61510.0
    [iter 4332024] reheat + diversify: ceiling=0.00, value=80124.0
    [iter 4337777] reheat + diversify: ceiling=0.00, value=58662.0
    [iter 4343530] reheat + diversify: ceiling=0.00, value=80124.0
    [iter 4349283] reheat + diversify: ceiling=0.00, value=77276.0
    [iter 4355036] reheat + diversify: ceiling=0.00, value=77276.0
    [iter 4360789] reheat + diversify: ceiling=0.00, value=80124.0
    [iter 4366542] reheat + diversify: ceiling=0.00, value=58662.0
    [iter 4372295] reheat + diversify: ceiling=0.00, value=55814.0
    [iter 4378048] reheat + diversify: ceiling=0.00, value=58662.0
    [iter 4383801] reheat + diversify: ceiling=0.00, value=77276.0
    [iter 4389554] reheat + diversify: ceiling=0.00, value=77276.0
    [iter 4395307] reheat + diversify: ceiling=0.00, value=58662.0
    [iter 4401060] reheat + diversify: ceiling=0.00, value=80124.0
    [iter 4406813] reheat + diversify: ceiling=0.00, value=55814.0
    [iter 4412566] reheat + diversify: ceiling=0.00, value=58662.0
    [iter 4418319] reheat + diversify: ceiling=0.00, value=77276.0
    [iter 4424072] reheat + diversify: ceiling=0.00, value=80124.0
    [iter 4429825] reheat + diversify: ceiling=0.00, value=58662.0
    [iter 4435578] reheat + diversify: ceiling=0.00, value=77276.0
    [iter 4441331] reheat + diversify: ceiling=0.00, value=55814.0
    [iter 4447084] reheat + diversify: ceiling=0.00, value=58662.0
    [iter 4452837] reheat + diversify: ceiling=0.00, value=58662.0
    [iter 4458590] reheat + diversify: ceiling=0.00, value=77276.0
    [iter 4464343] reheat + diversify: ceiling=0.00, value=55814.0
    [iter 4470096] reheat + diversify: ceiling=0.00, value=77276.0
    [iter 4475849] reheat + diversify: ceiling=0.00, value=55814.0
    [iter 4481602] reheat + diversify: ceiling=0.00, value=77276.0
    [iter 4487355] reheat + diversify: ceiling=0.00, value=74428.0
    [iter 4493108] reheat + diversify: ceiling=0.00, value=55814.0
    [iter 4498861] reheat + diversify: ceiling=0.00, value=80124.0
    [iter 4504614] reheat + diversify: ceiling=0.00, value=77276.0
    [iter 4510367] reheat + diversify: ceiling=0.00, value=77276.0
    [iter 4516120] reheat + diversify: ceiling=0.00, value=77276.0
    [iter 4521873] reheat + diversify: ceiling=0.00, value=77276.0
    [iter 4527626] reheat + diversify: ceiling=0.00, value=77276.0
    [iter 4533379] reheat + diversify: ceiling=0.00, value=58662.0
    [iter 4539132] reheat + diversify: ceiling=0.00, value=58662.0
    [iter 4544885] reheat + diversify: ceiling=0.00, value=58662.0
    [iter 4550638] reheat + diversify: ceiling=0.00, value=80124.0
    [iter 4556391] reheat + diversify: ceiling=0.00, value=58662.0
    [iter 4562144] reheat + diversify: ceiling=0.00, value=77276.0
    [iter 4567897] reheat + diversify: ceiling=0.00, value=61510.0
    [iter 4573650] reheat + diversify: ceiling=0.00, value=80124.0
    [iter 4579403] reheat + diversify: ceiling=0.00, value=77276.0
    [iter 4585156] reheat + diversify: ceiling=0.00, value=55814.0
    [iter 4590909] reheat + diversify: ceiling=0.00, value=77276.0
    [iter 4596662] reheat + diversify: ceiling=0.00, value=77276.0
    [iter 4602415] reheat + diversify: ceiling=0.00, value=55814.0
    [iter 4608168] reheat + diversify: ceiling=0.00, value=61510.0
    [iter 4613921] reheat + diversify: ceiling=0.00, value=58662.0
    [iter 4619674] reheat + diversify: ceiling=0.00, value=77276.0
    [iter 4625427] reheat + diversify: ceiling=0.00, value=61510.0
    [iter 4631180] reheat + diversify: ceiling=0.00, value=58662.0
    [iter 4636933] reheat + diversify: ceiling=0.00, value=77276.0
    [iter 4642686] reheat + diversify: ceiling=0.00, value=55814.0
    [iter 4648439] reheat + diversify: ceiling=0.00, value=58662.0
    [iter 4654192] reheat + diversify: ceiling=0.00, value=58662.0
    [iter 4659945] reheat + diversify: ceiling=0.00, value=58662.0
    [iter 4665698] reheat + diversify: ceiling=0.00, value=58662.0
    [iter 4671451] reheat + diversify: ceiling=0.00, value=55814.0
    [iter 4677204] reheat + diversify: ceiling=0.00, value=58662.0
    [iter 4682957] reheat + diversify: ceiling=0.00, value=80124.0
    [iter 4688710] reheat + diversify: ceiling=0.00, value=77276.0
    [iter 4694463] reheat + diversify: ceiling=0.00, value=77276.0
    [iter 4700216] reheat + diversify: ceiling=0.00, value=77276.0
    [iter 4705969] reheat + diversify: ceiling=0.00, value=58662.0
    [iter 4711722] reheat + diversify: ceiling=0.00, value=80124.0
    [iter 4717475] reheat + diversify: ceiling=0.00, value=58662.0
    [iter 4723228] reheat + diversify: ceiling=0.00, value=80124.0
    [iter 4728981] reheat + diversify: ceiling=0.00, value=77276.0
    [iter 4734734] reheat + diversify: ceiling=0.00, value=61510.0
    [iter 4740487] reheat + diversify: ceiling=0.00, value=80124.0
    [iter 4746240] reheat + diversify: ceiling=0.00, value=77276.0
    [iter 4751993] reheat + diversify: ceiling=0.00, value=61510.0
    [iter 4757746] reheat + diversify: ceiling=0.00, value=77276.0
    [iter 4763499] reheat + diversify: ceiling=0.00, value=74428.0
    [iter 4769252] reheat + diversify: ceiling=0.00, value=58662.0
    [iter 4775005] reheat + diversify: ceiling=0.00, value=58662.0
    [iter 4780758] reheat + diversify: ceiling=0.00, value=58662.0
    [iter 4786511] reheat + diversify: ceiling=0.00, value=77276.0
    [iter 4792264] reheat + diversify: ceiling=0.00, value=61510.0
    [iter 4798017] reheat + diversify: ceiling=0.00, value=55814.0
    [iter 4803770] reheat + diversify: ceiling=0.00, value=77276.0
    [iter 4809523] reheat + diversify: ceiling=0.00, value=61510.0
    [iter 4815276] reheat + diversify: ceiling=0.00, value=77276.0
    [iter 4821029] reheat + diversify: ceiling=0.00, value=74428.0
    [iter 4826782] reheat + diversify: ceiling=0.00, value=80124.0
    [iter 4832535] reheat + diversify: ceiling=0.00, value=58662.0
    [iter 4838288] reheat + diversify: ceiling=0.00, value=58662.0
    [iter 4844041] reheat + diversify: ceiling=0.00, value=77276.0
    [iter 4849794] reheat + diversify: ceiling=0.00, value=55814.0
    [iter 4855547] reheat + diversify: ceiling=0.00, value=58662.0
    [iter 4861300] reheat + diversify: ceiling=0.00, value=74428.0
    [iter 4867053] reheat + diversify: ceiling=0.00, value=58662.0
    [iter 4872806] reheat + diversify: ceiling=0.00, value=55814.0
    [iter 4878559] reheat + diversify: ceiling=0.00, value=80124.0
    [iter 4884312] reheat + diversify: ceiling=0.00, value=55814.0
    [iter 4890065] reheat + diversify: ceiling=0.00, value=77276.0
    [iter 4895818] reheat + diversify: ceiling=0.00, value=77276.0
    [iter 4901571] reheat + diversify: ceiling=0.00, value=58662.0
    [iter 4907324] reheat + diversify: ceiling=0.00, value=77276.0
    [iter 4913077] reheat + diversify: ceiling=0.00, value=77276.0
    [iter 4918830] reheat + diversify: ceiling=0.00, value=55814.0
    [iter 4924583] reheat + diversify: ceiling=0.00, value=55814.0
    [iter 4930336] reheat + diversify: ceiling=0.00, value=58662.0
    [iter 4936089] reheat + diversify: ceiling=0.00, value=58662.0
    [iter 4941842] reheat + diversify: ceiling=0.00, value=77276.0
    [iter 4947595] reheat + diversify: ceiling=0.00, value=55814.0
    [iter 4953348] reheat + diversify: ceiling=0.00, value=80124.0
    [iter 4959101] reheat + diversify: ceiling=0.00, value=74428.0
    [iter 4964854] reheat + diversify: ceiling=0.00, value=58662.0
    [iter 4970607] reheat + diversify: ceiling=0.00, value=77276.0
    [iter 4976360] reheat + diversify: ceiling=0.00, value=80124.0
    [iter 4982113] reheat + diversify: ceiling=0.00, value=55814.0
    [iter 4987866] reheat + diversify: ceiling=0.00, value=74428.0
    [iter 4993619] reheat + diversify: ceiling=0.00, value=77276.0
    [iter 4999372] reheat + diversify: ceiling=0.00, value=55814.0
    [iter 5005125] reheat + diversify: ceiling=0.00, value=59320.0
    [iter 5010878] reheat + diversify: ceiling=0.00, value=58662.0
    [iter 5016631] reheat + diversify: ceiling=0.00, value=80124.0
    [iter 5022384] reheat + diversify: ceiling=0.00, value=58662.0
    [iter 5028137] reheat + diversify: ceiling=0.00, value=58662.0
    [iter 5033890] reheat + diversify: ceiling=0.00, value=77276.0
    [iter 5039643] reheat + diversify: ceiling=0.00, value=77276.0
    [iter 5045396] reheat + diversify: ceiling=0.00, value=77276.0
    [iter 5051149] reheat + diversify: ceiling=0.00, value=77276.0
    [iter 5056902] reheat + diversify: ceiling=0.00, value=58662.0
  time limit reached at iteration 5062281
  SA finished: 5062281 iterations in 300.0s (16874 it/s), accepted 4099592 (81.0%), rejected 962688, neutral 3536025 (69.9%), worsening accepted 36.9%, no-move draws 0, reheats 879
  SA: value 80124.0 (greedy 59978.0, +20146.0), bound 156253.7, gap 48.72%, util 47.0%
  report -> /home/mcaspar/3DMHKP/results_3DMHKP_ep3/ep3-20-C-C-90-3DMHKP-SA-a0.999-r0.25-t300s.txt

================================================================================================
SUMMARY
================================================================================================
instance      boxes  packed       greedy     SA value        bound      gap    util    iters    time
------------------------------------------------------------------------------------------------
ep3-20-C-C-90     20      14      59978.0      80124.0     156253.7   48.7%   47.0%  5062281  300.0s
------------------------------------------------------------------------------------------------
proven optimal (value reaches the upper bound): 0/1
improved over greedy: 1/1 (total value 59978.0 -> 80124.0, +33.59%)
mean gap to continuous-knapsack bound: 48.7%
mean volume utilization: 47.0%
