============================================================
  Solver:     3DMHKP-SA.py
  Instance:   /home/mcaspar/3DMHKP/Egeblad/ep3-20-D-R-50.txt
  Value mode: flat
  Timelimit:  300s
  Reports:    /home/mcaspar/3DMHKP/results_3DMHKP_ep3
  CPUs:       1
============================================================
======================================================================
3DMHKP Simulated Annealing (random single-neighbour, sequence decoder)
SA params: T0=5% of f(S_0), alpha=0.999, T_min=0.001, reheat_threshold=5753, reheat_fraction=0.25
Move weights: {'relocate': 0.0, 'swap': 1.0, '2opt': 0.0, 'promote': 1.5, 'demote': 1.5, 'orient': 1.0, 'container': 0.5}
Time limit: 300.0s per instance, seed 1125581100
======================================================================

======================================================================
ep3-20-D-R-50: 20 boxes (20 types), 1 containers (1 types)
  continuous-knapsack bound: 19604.2
  initial (value-density) decode: value 9182.0 (12/20 boxes)
  T0 = 1094.5 (calibrated, 77 worsening draws, target accept 35%)
  schedule: time-based, T0 -> 249.50 over 300s
    [iter 1] *** NEW BEST: value 10766.0, boxes 12/20, T=1094.5, elapsed=0.2s
    [iter 12] *** NEW BEST: value 11058.0, boxes 11/20, T=1093.5, elapsed=0.2s
    [iter 28] *** NEW BEST: value 12308.0, boxes 12/20, T=1093.5, elapsed=0.2s
    [iter 35] *** NEW BEST: value 12748.0, boxes 10/20, T=1093.4, elapsed=0.2s
    [iter 37] *** NEW BEST: value 13672.0, boxes 11/20, T=1093.4, elapsed=0.2s
    [iter 198] *** NEW BEST: value 14017.0, boxes 12/20, T=1093.4, elapsed=0.2s
    [iter 205] *** NEW BEST: value 15313.0, boxes 13/20, T=1093.4, elapsed=0.2s
    [iter 2040] *** NEW BEST: value 15565.0, boxes 12/20, T=1092.3, elapsed=0.4s
    [iter 2041] *** NEW BEST: value 15741.0, boxes 12/20, T=1092.3, elapsed=0.4s
    [iter 3215] *** NEW BEST: value 15857.0, boxes 11/20, T=1091.6, elapsed=0.5s
    [iter 3221] *** NEW BEST: value 16153.0, boxes 11/20, T=1091.6, elapsed=0.5s
    [iter 8974] reheat + diversify: ceiling=273.62, value=13548.0
    [iter 14727] reheat + diversify: ceiling=246.26, value=13777.0
    [iter 20480] reheat + diversify: ceiling=221.63, value=12342.0
    [iter 26233] reheat + diversify: ceiling=199.47, value=12496.0
    [iter 31986] reheat + diversify: ceiling=179.52, value=13063.0
    [iter 37739] reheat + diversify: ceiling=161.57, value=9857.0
    [iter 43492] reheat + diversify: ceiling=145.41, value=12504.0
    [iter 49245] reheat + diversify: ceiling=130.87, value=12764.0
    [iter 54998] reheat + diversify: ceiling=117.78, value=12433.0
    [iter 60751] reheat + diversify: ceiling=106.01, value=13949.0
    [iter 66504] reheat + diversify: ceiling=95.40, value=13898.0
    [iter 72257] reheat + diversify: ceiling=85.86, value=9972.0
    [iter 78010] reheat + diversify: ceiling=77.28, value=9391.0
    [iter 83763] reheat + diversify: ceiling=69.55, value=10913.0
    [iter 89516] reheat + diversify: ceiling=62.59, value=9888.0
    [iter 95269] reheat + diversify: ceiling=56.34, value=8346.0
    [iter 101022] reheat + diversify: ceiling=50.70, value=10193.0
    [iter 106775] reheat + diversify: ceiling=45.63, value=10492.0
    [iter 112528] reheat + diversify: ceiling=41.07, value=11689.0
    [iter 118281] reheat + diversify: ceiling=36.96, value=13238.0
    [iter 124034] reheat + diversify: ceiling=33.27, value=12928.0
    [iter 129787] reheat + diversify: ceiling=29.94, value=10982.0
    [iter 133594] *** NEW BEST: value 16165.0, boxes 13/20, T=1014.6, elapsed=15.4s
    [iter 139347] reheat + diversify: ceiling=26.95, value=12669.0
    [iter 145100] reheat + diversify: ceiling=24.25, value=13564.0
    [iter 150853] reheat + diversify: ceiling=21.83, value=9535.0
    [iter 156606] reheat + diversify: ceiling=19.64, value=11457.0
    [iter 162359] reheat + diversify: ceiling=17.68, value=9838.0
    [iter 168112] reheat + diversify: ceiling=15.91, value=9967.0
    [iter 173865] reheat + diversify: ceiling=14.32, value=12525.0
    [iter 179618] reheat + diversify: ceiling=12.89, value=12742.0
    [iter 185371] reheat + diversify: ceiling=11.60, value=10134.0
    [iter 191124] reheat + diversify: ceiling=10.44, value=11196.0
    [iter 196877] reheat + diversify: ceiling=9.40, value=11195.0
    [iter 202630] reheat + diversify: ceiling=8.46, value=11936.0
    [iter 208383] reheat + diversify: ceiling=7.61, value=11490.0
    [iter 214136] reheat + diversify: ceiling=6.85, value=13389.0
    [iter 219889] reheat + diversify: ceiling=6.16, value=12646.0
    [iter 225642] reheat + diversify: ceiling=5.55, value=12858.0
    [iter 231395] reheat + diversify: ceiling=4.99, value=12062.0
    [iter 237148] reheat + diversify: ceiling=4.49, value=12389.0
    [iter 242901] reheat + diversify: ceiling=4.04, value=10094.0
    [iter 248654] reheat + diversify: ceiling=3.64, value=11252.0
    [iter 254407] reheat + diversify: ceiling=3.28, value=14518.0
    [iter 260160] reheat + diversify: ceiling=2.95, value=12263.0
    [iter 265913] reheat + diversify: ceiling=2.65, value=10784.0
    [iter 271666] reheat + diversify: ceiling=2.39, value=9118.0
    [iter 277419] reheat + diversify: ceiling=2.15, value=11939.0
    [iter 283172] reheat + diversify: ceiling=1.93, value=11163.0
    [iter 288925] reheat + diversify: ceiling=1.74, value=11371.0
    [iter 294678] reheat + diversify: ceiling=1.57, value=14824.0
    [iter 300431] reheat + diversify: ceiling=1.41, value=10792.0
    [iter 306184] reheat + diversify: ceiling=1.27, value=11702.0
    [iter 311937] reheat + diversify: ceiling=1.14, value=12428.0
    [iter 317690] reheat + diversify: ceiling=1.03, value=12064.0
    [iter 323443] reheat + diversify: ceiling=0.93, value=13937.0
    [iter 329196] reheat + diversify: ceiling=0.83, value=9088.0
    [iter 334949] reheat + diversify: ceiling=0.75, value=11252.0
    [iter 340702] reheat + diversify: ceiling=0.67, value=8139.0
    [iter 346455] reheat + diversify: ceiling=0.61, value=13609.0
    [iter 352208] reheat + diversify: ceiling=0.55, value=12480.0
    [iter 357961] reheat + diversify: ceiling=0.49, value=10852.0
    [iter 363714] reheat + diversify: ceiling=0.44, value=10692.0
    [iter 369467] reheat + diversify: ceiling=0.40, value=12238.0
    [iter 375220] reheat + diversify: ceiling=0.36, value=10693.0
    [iter 380973] reheat + diversify: ceiling=0.32, value=12133.0
    [iter 386726] reheat + diversify: ceiling=0.29, value=13640.0
    [iter 392479] reheat + diversify: ceiling=0.26, value=11090.0
    [iter 398232] reheat + diversify: ceiling=0.24, value=13185.0
    [iter 403985] reheat + diversify: ceiling=0.21, value=13238.0
    [iter 409738] reheat + diversify: ceiling=0.19, value=11263.0
    [iter 415491] reheat + diversify: ceiling=0.17, value=11186.0
    [iter 421244] reheat + diversify: ceiling=0.15, value=11092.0
    [iter 426997] reheat + diversify: ceiling=0.14, value=12389.0
    [iter 432750] reheat + diversify: ceiling=0.12, value=12868.0
    [iter 438503] reheat + diversify: ceiling=0.11, value=11558.0
    [iter 444256] reheat + diversify: ceiling=0.10, value=13080.0
    [iter 450009] reheat + diversify: ceiling=0.09, value=11025.0
    [iter 455762] reheat + diversify: ceiling=0.08, value=11457.0
    [iter 461515] reheat + diversify: ceiling=0.07, value=9462.0
    [iter 467268] reheat + diversify: ceiling=0.07, value=12187.0
    [iter 473021] reheat + diversify: ceiling=0.06, value=12466.0
    [iter 478774] reheat + diversify: ceiling=0.05, value=11739.0
    [iter 484527] reheat + diversify: ceiling=0.05, value=11490.0
    [iter 490280] reheat + diversify: ceiling=0.04, value=12817.0
    [iter 496033] reheat + diversify: ceiling=0.04, value=15022.0
    [iter 501786] reheat + diversify: ceiling=0.04, value=10026.0
    [iter 507539] reheat + diversify: ceiling=0.03, value=12548.0
    [iter 513292] reheat + diversify: ceiling=0.03, value=10459.0
    [iter 519045] reheat + diversify: ceiling=0.03, value=11638.0
    [iter 524798] reheat + diversify: ceiling=0.02, value=11883.0
    [iter 530551] reheat + diversify: ceiling=0.02, value=14408.0
    [iter 536304] reheat + diversify: ceiling=0.02, value=11632.0
    [iter 542057] reheat + diversify: ceiling=0.02, value=11497.0
    [iter 547810] reheat + diversify: ceiling=0.02, value=13558.0
    [iter 553563] reheat + diversify: ceiling=0.01, value=13120.0
    [iter 559316] reheat + diversify: ceiling=0.01, value=13199.0
    [iter 565069] reheat + diversify: ceiling=0.01, value=11742.0
    [iter 570822] reheat + diversify: ceiling=0.01, value=12065.0
    [iter 576575] reheat + diversify: ceiling=0.01, value=12263.0
    [iter 582328] reheat + diversify: ceiling=0.01, value=11496.0
    [iter 588081] reheat + diversify: ceiling=0.01, value=12712.0
    [iter 593834] reheat + diversify: ceiling=0.01, value=12672.0
    [iter 599587] reheat + diversify: ceiling=0.01, value=12480.0
    [iter 605340] reheat + diversify: ceiling=0.01, value=11674.0
    [iter 611093] reheat + diversify: ceiling=0.00, value=10566.0
    [iter 616846] reheat + diversify: ceiling=0.00, value=11705.0
    [iter 622599] reheat + diversify: ceiling=0.00, value=11558.0
    [iter 628352] reheat + diversify: ceiling=0.00, value=11314.0
    [iter 634105] reheat + diversify: ceiling=0.00, value=13130.0
    [iter 639858] reheat + diversify: ceiling=0.00, value=10913.0
    [iter 645611] reheat + diversify: ceiling=0.00, value=10415.0
    [iter 651364] reheat + diversify: ceiling=0.00, value=13159.0
    [iter 657117] reheat + diversify: ceiling=0.00, value=12165.0
    [iter 662870] reheat + diversify: ceiling=0.00, value=10216.0
    [iter 668623] reheat + diversify: ceiling=0.00, value=12974.0
    [iter 674376] reheat + diversify: ceiling=0.00, value=10243.0
    [iter 680129] reheat + diversify: ceiling=0.00, value=10927.0
    [iter 685882] reheat + diversify: ceiling=0.00, value=9257.0
    [iter 691635] reheat + diversify: ceiling=0.00, value=14726.0
    [iter 697388] reheat + diversify: ceiling=0.00, value=14518.0
    [iter 703141] reheat + diversify: ceiling=0.00, value=9492.0
    [iter 708894] reheat + diversify: ceiling=0.00, value=13099.0
    [iter 714647] reheat + diversify: ceiling=0.00, value=10128.0
    [iter 720400] reheat + diversify: ceiling=0.00, value=11695.0
    [iter 726153] reheat + diversify: ceiling=0.00, value=11399.0
    [iter 731906] reheat + diversify: ceiling=0.00, value=12231.0
    [iter 737659] reheat + diversify: ceiling=0.00, value=9967.0
    [iter 743412] reheat + diversify: ceiling=0.00, value=10998.0
    [iter 749165] reheat + diversify: ceiling=0.00, value=11839.0
    [iter 754918] reheat + diversify: ceiling=0.00, value=11807.0
    [iter 760671] reheat + diversify: ceiling=0.00, value=11881.0
    [iter 766424] reheat + diversify: ceiling=0.00, value=9496.0
    [iter 772177] reheat + diversify: ceiling=0.00, value=11268.0
    [iter 777930] reheat + diversify: ceiling=0.00, value=11209.0
    [iter 783683] reheat + diversify: ceiling=0.00, value=12445.0
    [iter 789436] reheat + diversify: ceiling=0.00, value=10412.0
    [iter 795189] reheat + diversify: ceiling=0.00, value=12073.0
    [iter 800942] reheat + diversify: ceiling=0.00, value=10067.0
    [iter 806695] reheat + diversify: ceiling=0.00, value=13914.0
    [iter 812448] reheat + diversify: ceiling=0.00, value=14074.0
    [iter 818201] reheat + diversify: ceiling=0.00, value=12389.0
    [iter 823954] reheat + diversify: ceiling=0.00, value=13240.0
    [iter 829707] reheat + diversify: ceiling=0.00, value=14042.0
    [iter 835460] reheat + diversify: ceiling=0.00, value=14989.0
    [iter 841213] reheat + diversify: ceiling=0.00, value=9193.0
    [iter 846966] reheat + diversify: ceiling=0.00, value=13361.0
    [iter 852719] reheat + diversify: ceiling=0.00, value=11447.0
    [iter 858472] reheat + diversify: ceiling=0.00, value=12415.0
    [iter 864225] reheat + diversify: ceiling=0.00, value=10830.0
    [iter 869978] reheat + diversify: ceiling=0.00, value=11631.0
    [iter 875731] reheat + diversify: ceiling=0.00, value=12877.0
    [iter 881484] reheat + diversify: ceiling=0.00, value=11496.0
    [iter 887237] reheat + diversify: ceiling=0.00, value=11883.0
    [iter 892990] reheat + diversify: ceiling=0.00, value=10897.0
    [iter 898743] reheat + diversify: ceiling=0.00, value=15000.0
    [iter 904496] reheat + diversify: ceiling=0.00, value=9910.0
    [iter 910249] reheat + diversify: ceiling=0.00, value=8860.0
    [iter 916002] reheat + diversify: ceiling=0.00, value=12930.0
    [iter 921755] reheat + diversify: ceiling=0.00, value=10236.0
    [iter 927508] reheat + diversify: ceiling=0.00, value=11360.0
    [iter 933261] reheat + diversify: ceiling=0.00, value=9975.0
    [iter 939014] reheat + diversify: ceiling=0.00, value=13238.0
    [iter 944767] reheat + diversify: ceiling=0.00, value=8330.0
    [iter 950520] reheat + diversify: ceiling=0.00, value=10704.0
    [iter 956273] reheat + diversify: ceiling=0.00, value=11755.0
    [iter 962026] reheat + diversify: ceiling=0.00, value=12868.0
    [iter 967779] reheat + diversify: ceiling=0.00, value=11702.0
    [iter 973532] reheat + diversify: ceiling=0.00, value=11860.0
    [iter 979285] reheat + diversify: ceiling=0.00, value=12777.0
    [iter 985038] reheat + diversify: ceiling=0.00, value=12050.0
    [iter 990791] reheat + diversify: ceiling=0.00, value=12123.0
    [iter 996544] reheat + diversify: ceiling=0.00, value=12309.0
    [iter 1002297] reheat + diversify: ceiling=0.00, value=9535.0
    [iter 1008050] reheat + diversify: ceiling=0.00, value=14622.0
    [iter 1013803] reheat + diversify: ceiling=0.00, value=12253.0
    [iter 1019556] reheat + diversify: ceiling=0.00, value=12252.0
    [iter 1025309] reheat + diversify: ceiling=0.00, value=14445.0
    [iter 1031062] reheat + diversify: ceiling=0.00, value=12806.0
    [iter 1036815] reheat + diversify: ceiling=0.00, value=11965.0
    [iter 1042568] reheat + diversify: ceiling=0.00, value=10210.0
    [iter 1048321] reheat + diversify: ceiling=0.00, value=13245.0
    [iter 1054074] reheat + diversify: ceiling=0.00, value=9654.0
    [iter 1059827] reheat + diversify: ceiling=0.00, value=11787.0
    [iter 1065580] reheat + diversify: ceiling=0.00, value=12361.0
    [iter 1071333] reheat + diversify: ceiling=0.00, value=9908.0
    [iter 1077086] reheat + diversify: ceiling=0.00, value=12341.0
    [iter 1082839] reheat + diversify: ceiling=0.00, value=12685.0
    [iter 1088592] reheat + diversify: ceiling=0.00, value=11761.0
    [iter 1094345] reheat + diversify: ceiling=0.00, value=11089.0
    [iter 1100098] reheat + diversify: ceiling=0.00, value=11299.0
    [iter 1105851] reheat + diversify: ceiling=0.00, value=12520.0
    [iter 1111604] reheat + diversify: ceiling=0.00, value=10913.0
    [iter 1117357] reheat + diversify: ceiling=0.00, value=12299.0
    [iter 1123110] reheat + diversify: ceiling=0.00, value=13245.0
    [iter 1128863] reheat + diversify: ceiling=0.00, value=12172.0
    [iter 1134616] reheat + diversify: ceiling=0.00, value=13164.0
    [iter 1140369] reheat + diversify: ceiling=0.00, value=13879.0
    [iter 1146122] reheat + diversify: ceiling=0.00, value=10200.0
    [iter 1151875] reheat + diversify: ceiling=0.00, value=13361.0
    [iter 1157628] reheat + diversify: ceiling=0.00, value=11507.0
    [iter 1163381] reheat + diversify: ceiling=0.00, value=12998.0
    [iter 1169134] reheat + diversify: ceiling=0.00, value=10321.0
    [iter 1174887] reheat + diversify: ceiling=0.00, value=10321.0
    [iter 1180640] reheat + diversify: ceiling=0.00, value=11942.0
    [iter 1186393] reheat + diversify: ceiling=0.00, value=12818.0
    [iter 1192146] reheat + diversify: ceiling=0.00, value=14100.0
    [iter 1197899] reheat + diversify: ceiling=0.00, value=14817.0
    [iter 1203652] reheat + diversify: ceiling=0.00, value=12418.0
    [iter 1209405] reheat + diversify: ceiling=0.00, value=10831.0
    [iter 1215158] reheat + diversify: ceiling=0.00, value=12418.0
    [iter 1220911] reheat + diversify: ceiling=0.00, value=13224.0
    [iter 1226664] reheat + diversify: ceiling=0.00, value=11116.0
    [iter 1232417] reheat + diversify: ceiling=0.00, value=14593.0
    [iter 1238170] reheat + diversify: ceiling=0.00, value=13982.0
    [iter 1243923] reheat + diversify: ceiling=0.00, value=15857.0
    [iter 1249676] reheat + diversify: ceiling=0.00, value=11810.0
    [iter 1255429] reheat + diversify: ceiling=0.00, value=11942.0
    [iter 1261182] reheat + diversify: ceiling=0.00, value=10642.0
    [iter 1266935] reheat + diversify: ceiling=0.00, value=14492.0
    [iter 1272688] reheat + diversify: ceiling=0.00, value=9842.0
    [iter 1278441] reheat + diversify: ceiling=0.00, value=14619.0
    [iter 1284194] reheat + diversify: ceiling=0.00, value=13597.0
    [iter 1289947] reheat + diversify: ceiling=0.00, value=10611.0
    [iter 1295700] reheat + diversify: ceiling=0.00, value=13982.0
    [iter 1301453] reheat + diversify: ceiling=0.00, value=7359.0
    [iter 1307206] reheat + diversify: ceiling=0.00, value=14518.0
    [iter 1312959] reheat + diversify: ceiling=0.00, value=10208.0
    [iter 1318712] reheat + diversify: ceiling=0.00, value=11988.0
    [iter 1324465] reheat + diversify: ceiling=0.00, value=9680.0
    [iter 1330218] reheat + diversify: ceiling=0.00, value=12057.0
    [iter 1335971] reheat + diversify: ceiling=0.00, value=11055.0
    [iter 1341724] reheat + diversify: ceiling=0.00, value=12853.0
    [iter 1347477] reheat + diversify: ceiling=0.00, value=12194.0
    [iter 1353230] reheat + diversify: ceiling=0.00, value=12376.0
    [iter 1358983] reheat + diversify: ceiling=0.00, value=9348.0
    [iter 1364736] reheat + diversify: ceiling=0.00, value=14148.0
    [iter 1370489] reheat + diversify: ceiling=0.00, value=13164.0
    [iter 1376242] reheat + diversify: ceiling=0.00, value=14086.0
    [iter 1381995] reheat + diversify: ceiling=0.00, value=12119.0
    [iter 1387748] reheat + diversify: ceiling=0.00, value=14966.0
    [iter 1393501] reheat + diversify: ceiling=0.00, value=12988.0
    [iter 1399254] reheat + diversify: ceiling=0.00, value=11363.0
    [iter 1405007] reheat + diversify: ceiling=0.00, value=12777.0
    [iter 1410760] reheat + diversify: ceiling=0.00, value=12452.0
    [iter 1416513] reheat + diversify: ceiling=0.00, value=12268.0
    [iter 1422266] reheat + diversify: ceiling=0.00, value=11726.0
    [iter 1428019] reheat + diversify: ceiling=0.00, value=12982.0
    [iter 1433772] reheat + diversify: ceiling=0.00, value=11569.0
    [iter 1439525] reheat + diversify: ceiling=0.00, value=12783.0
    [iter 1445278] reheat + diversify: ceiling=0.00, value=13337.0
    [iter 1451031] reheat + diversify: ceiling=0.00, value=13537.0
    [iter 1456784] reheat + diversify: ceiling=0.00, value=9383.0
    [iter 1462537] reheat + diversify: ceiling=0.00, value=14132.0
    [iter 1468290] reheat + diversify: ceiling=0.00, value=11816.0
    [iter 1474043] reheat + diversify: ceiling=0.00, value=12116.0
    [iter 1479796] reheat + diversify: ceiling=0.00, value=11969.0
    [iter 1485549] reheat + diversify: ceiling=0.00, value=9005.0
    [iter 1491302] reheat + diversify: ceiling=0.00, value=11055.0
    [iter 1497055] reheat + diversify: ceiling=0.00, value=11321.0
    [iter 1502808] reheat + diversify: ceiling=0.00, value=13064.0
    [iter 1508561] reheat + diversify: ceiling=0.00, value=12965.0
    [iter 1514314] reheat + diversify: ceiling=0.00, value=14708.0
    [iter 1520067] reheat + diversify: ceiling=0.00, value=11760.0
    [iter 1525820] reheat + diversify: ceiling=0.00, value=13945.0
    [iter 1531573] reheat + diversify: ceiling=0.00, value=8544.0
    [iter 1537326] reheat + diversify: ceiling=0.00, value=12416.0
    [iter 1543079] reheat + diversify: ceiling=0.00, value=13821.0
    [iter 1548832] reheat + diversify: ceiling=0.00, value=15422.0
    [iter 1554585] reheat + diversify: ceiling=0.00, value=14148.0
    [iter 1560338] reheat + diversify: ceiling=0.00, value=14970.0
    [iter 1566091] reheat + diversify: ceiling=0.00, value=13240.0
    [iter 1571844] reheat + diversify: ceiling=0.00, value=13141.0
    [iter 1577597] reheat + diversify: ceiling=0.00, value=10881.0
    [iter 1583350] reheat + diversify: ceiling=0.00, value=12171.0
    [iter 1589103] reheat + diversify: ceiling=0.00, value=14132.0
    [iter 1594856] reheat + diversify: ceiling=0.00, value=11360.0
    [iter 1600609] reheat + diversify: ceiling=0.00, value=13824.0
    [iter 1606362] reheat + diversify: ceiling=0.00, value=13982.0
    [iter 1612115] reheat + diversify: ceiling=0.00, value=12439.0
    [iter 1617868] reheat + diversify: ceiling=0.00, value=10248.0
    [iter 1623621] reheat + diversify: ceiling=0.00, value=14593.0
    [iter 1629374] reheat + diversify: ceiling=0.00, value=10422.0
    [iter 1635127] reheat + diversify: ceiling=0.00, value=14799.0
    [iter 1640880] reheat + diversify: ceiling=0.00, value=14150.0
    [iter 1646633] reheat + diversify: ceiling=0.00, value=13038.0
    [iter 1652386] reheat + diversify: ceiling=0.00, value=11760.0
    [iter 1658139] reheat + diversify: ceiling=0.00, value=12965.0
    [iter 1663892] reheat + diversify: ceiling=0.00, value=11496.0
    [iter 1669645] reheat + diversify: ceiling=0.00, value=14079.0
    [iter 1675398] reheat + diversify: ceiling=0.00, value=14821.0
    [iter 1681151] reheat + diversify: ceiling=0.00, value=14479.0
    [iter 1686904] reheat + diversify: ceiling=0.00, value=9838.0
    [iter 1692657] reheat + diversify: ceiling=0.00, value=11552.0
    [iter 1698410] reheat + diversify: ceiling=0.00, value=14074.0
    [iter 1704163] reheat + diversify: ceiling=0.00, value=7990.0
    [iter 1709916] reheat + diversify: ceiling=0.00, value=11195.0
    [iter 1715669] reheat + diversify: ceiling=0.00, value=11490.0
    [iter 1721422] reheat + diversify: ceiling=0.00, value=12913.0
    [iter 1727175] reheat + diversify: ceiling=0.00, value=10182.0
    [iter 1732928] reheat + diversify: ceiling=0.00, value=11869.0
    [iter 1738681] reheat + diversify: ceiling=0.00, value=12868.0
    [iter 1744434] reheat + diversify: ceiling=0.00, value=13436.0
    [iter 1750187] reheat + diversify: ceiling=0.00, value=12156.0
    [iter 1755940] reheat + diversify: ceiling=0.00, value=11771.0
    [iter 1761693] reheat + diversify: ceiling=0.00, value=12564.0
    [iter 1767446] reheat + diversify: ceiling=0.00, value=12418.0
    [iter 1773199] reheat + diversify: ceiling=0.00, value=11988.0
    [iter 1778952] reheat + diversify: ceiling=0.00, value=11909.0
    [iter 1784705] reheat + diversify: ceiling=0.00, value=13500.0
    [iter 1790458] reheat + diversify: ceiling=0.00, value=10202.0
    [iter 1796211] reheat + diversify: ceiling=0.00, value=14821.0
    [iter 1801964] reheat + diversify: ceiling=0.00, value=13080.0
    [iter 1807717] reheat + diversify: ceiling=0.00, value=11719.0
    [iter 1813470] reheat + diversify: ceiling=0.00, value=12504.0
    [iter 1819223] reheat + diversify: ceiling=0.00, value=12518.0
    [iter 1824976] reheat + diversify: ceiling=0.00, value=8558.0
    [iter 1830729] reheat + diversify: ceiling=0.00, value=11761.0
    [iter 1836482] reheat + diversify: ceiling=0.00, value=10942.0
    [iter 1842235] reheat + diversify: ceiling=0.00, value=11898.0
    [iter 1847988] reheat + diversify: ceiling=0.00, value=11944.0
    [iter 1853741] reheat + diversify: ceiling=0.00, value=13754.0
    [iter 1859494] reheat + diversify: ceiling=0.00, value=9181.0
    [iter 1865247] reheat + diversify: ceiling=0.00, value=12664.0
    [iter 1871000] reheat + diversify: ceiling=0.00, value=13984.0
    [iter 1876753] reheat + diversify: ceiling=0.00, value=13777.0
    [iter 1882506] reheat + diversify: ceiling=0.00, value=12217.0
    [iter 1888259] reheat + diversify: ceiling=0.00, value=11166.0
    [iter 1894012] reheat + diversify: ceiling=0.00, value=12609.0
    [iter 1899765] reheat + diversify: ceiling=0.00, value=14005.0
    [iter 1905518] reheat + diversify: ceiling=0.00, value=11930.0
    [iter 1911271] reheat + diversify: ceiling=0.00, value=9509.0
    [iter 1917024] reheat + diversify: ceiling=0.00, value=11666.0
    [iter 1922777] reheat + diversify: ceiling=0.00, value=12806.0
    [iter 1928530] reheat + diversify: ceiling=0.00, value=12541.0
    [iter 1934283] reheat + diversify: ceiling=0.00, value=12638.0
    [iter 1940036] reheat + diversify: ceiling=0.00, value=13646.0
    [iter 1945789] reheat + diversify: ceiling=0.00, value=10633.0
    [iter 1951542] reheat + diversify: ceiling=0.00, value=9613.0
    [iter 1957295] reheat + diversify: ceiling=0.00, value=14224.0
    [iter 1963048] reheat + diversify: ceiling=0.00, value=13698.0
    [iter 1968801] reheat + diversify: ceiling=0.00, value=13564.0
    [iter 1974554] reheat + diversify: ceiling=0.00, value=13824.0
    [iter 1980307] reheat + diversify: ceiling=0.00, value=10212.0
    [iter 1986060] reheat + diversify: ceiling=0.00, value=13270.0
    [iter 1991813] reheat + diversify: ceiling=0.00, value=13126.0
    [iter 1997566] reheat + diversify: ceiling=0.00, value=13755.0
    [iter 2003319] reheat + diversify: ceiling=0.00, value=12065.0
    [iter 2009072] reheat + diversify: ceiling=0.00, value=13235.0
    [iter 2014825] reheat + diversify: ceiling=0.00, value=11475.0
    [iter 2020578] reheat + diversify: ceiling=0.00, value=11568.0
    [iter 2026331] reheat + diversify: ceiling=0.00, value=12375.0
    [iter 2032084] reheat + diversify: ceiling=0.00, value=13564.0
    [iter 2037837] reheat + diversify: ceiling=0.00, value=15000.0
    [iter 2043590] reheat + diversify: ceiling=0.00, value=15313.0
    [iter 2049343] reheat + diversify: ceiling=0.00, value=13897.0
    [iter 2055096] reheat + diversify: ceiling=0.00, value=9491.0
    [iter 2060849] reheat + diversify: ceiling=0.00, value=11949.0
    [iter 2066602] reheat + diversify: ceiling=0.00, value=13921.0
    [iter 2072355] reheat + diversify: ceiling=0.00, value=12166.0
    [iter 2078108] reheat + diversify: ceiling=0.00, value=15378.0
    [iter 2083861] reheat + diversify: ceiling=0.00, value=12748.0
    [iter 2089614] reheat + diversify: ceiling=0.00, value=8785.0
    [iter 2095367] reheat + diversify: ceiling=0.00, value=10876.0
    [iter 2101120] reheat + diversify: ceiling=0.00, value=12490.0
    [iter 2106873] reheat + diversify: ceiling=0.00, value=14630.0
    [iter 2112626] reheat + diversify: ceiling=0.00, value=12155.0
    [iter 2118379] reheat + diversify: ceiling=0.00, value=11462.0
    [iter 2124132] reheat + diversify: ceiling=0.00, value=12240.0
    [iter 2129885] reheat + diversify: ceiling=0.00, value=10998.0
    [iter 2135638] reheat + diversify: ceiling=0.00, value=9309.0
    [iter 2141391] reheat + diversify: ceiling=0.00, value=12725.0
    [iter 2147144] reheat + diversify: ceiling=0.00, value=13462.0
    [iter 2152897] reheat + diversify: ceiling=0.00, value=11126.0
    [iter 2158650] reheat + diversify: ceiling=0.00, value=11942.0
    [iter 2164403] reheat + diversify: ceiling=0.00, value=12419.0
    [iter 2170156] reheat + diversify: ceiling=0.00, value=13366.0
    [iter 2175909] reheat + diversify: ceiling=0.00, value=12565.0
    [iter 2181662] reheat + diversify: ceiling=0.00, value=11839.0
    [iter 2187415] reheat + diversify: ceiling=0.00, value=12166.0
    [iter 2193168] reheat + diversify: ceiling=0.00, value=13439.0
    [iter 2198921] reheat + diversify: ceiling=0.00, value=8491.0
    [iter 2204674] reheat + diversify: ceiling=0.00, value=12714.0
    [iter 2210427] reheat + diversify: ceiling=0.00, value=15378.0
    [iter 2216180] reheat + diversify: ceiling=0.00, value=11314.0
    [iter 2221933] reheat + diversify: ceiling=0.00, value=12238.0
    [iter 2227686] reheat + diversify: ceiling=0.00, value=15193.0
    [iter 2233439] reheat + diversify: ceiling=0.00, value=13916.0
    [iter 2239192] reheat + diversify: ceiling=0.00, value=9270.0
    [iter 2244945] reheat + diversify: ceiling=0.00, value=13115.0
    [iter 2250698] reheat + diversify: ceiling=0.00, value=14065.0
    [iter 2256451] reheat + diversify: ceiling=0.00, value=11711.0
    [iter 2262204] reheat + diversify: ceiling=0.00, value=13216.0
    [iter 2267957] reheat + diversify: ceiling=0.00, value=11560.0
    [iter 2273710] reheat + diversify: ceiling=0.00, value=13525.0
    [iter 2279463] reheat + diversify: ceiling=0.00, value=12618.0
    [iter 2285216] reheat + diversify: ceiling=0.00, value=13339.0
    [iter 2290969] reheat + diversify: ceiling=0.00, value=12194.0
    [iter 2296722] reheat + diversify: ceiling=0.00, value=10507.0
    [iter 2302475] reheat + diversify: ceiling=0.00, value=15543.0
    [iter 2308228] reheat + diversify: ceiling=0.00, value=9602.0
    [iter 2313981] reheat + diversify: ceiling=0.00, value=10932.0
    [iter 2319734] reheat + diversify: ceiling=0.00, value=13821.0
    [iter 2325487] reheat + diversify: ceiling=0.00, value=12318.0
    [iter 2331240] reheat + diversify: ceiling=0.00, value=14222.0
    [iter 2336993] reheat + diversify: ceiling=0.00, value=7883.0
    [iter 2342746] reheat + diversify: ceiling=0.00, value=11240.0
    [iter 2348499] reheat + diversify: ceiling=0.00, value=11821.0
    [iter 2354252] reheat + diversify: ceiling=0.00, value=9157.0
    [iter 2360005] reheat + diversify: ceiling=0.00, value=12548.0
    [iter 2365758] reheat + diversify: ceiling=0.00, value=9596.0
    [iter 2371511] reheat + diversify: ceiling=0.00, value=13597.0
    [iter 2377264] reheat + diversify: ceiling=0.00, value=8538.0
    [iter 2383017] reheat + diversify: ceiling=0.00, value=13440.0
    [iter 2388770] reheat + diversify: ceiling=0.00, value=14313.0
    [iter 2394523] reheat + diversify: ceiling=0.00, value=7529.0
    [iter 2400276] reheat + diversify: ceiling=0.00, value=8617.0
    [iter 2406029] reheat + diversify: ceiling=0.00, value=13891.0
    [iter 2411782] reheat + diversify: ceiling=0.00, value=9456.0
    [iter 2417535] reheat + diversify: ceiling=0.00, value=13718.0
    [iter 2423288] reheat + diversify: ceiling=0.00, value=12058.0
    [iter 2429041] reheat + diversify: ceiling=0.00, value=12672.0
    [iter 2434794] reheat + diversify: ceiling=0.00, value=10184.0
    [iter 2440547] reheat + diversify: ceiling=0.00, value=11526.0
    [iter 2446300] reheat + diversify: ceiling=0.00, value=14085.0
    [iter 2452053] reheat + diversify: ceiling=0.00, value=13428.0
    [iter 2457806] reheat + diversify: ceiling=0.00, value=13887.0
    [iter 2463559] reheat + diversify: ceiling=0.00, value=11771.0
    [iter 2469312] reheat + diversify: ceiling=0.00, value=11270.0
    [iter 2475065] reheat + diversify: ceiling=0.00, value=12193.0
    [iter 2480818] reheat + diversify: ceiling=0.00, value=13671.0
    [iter 2486571] reheat + diversify: ceiling=0.00, value=11284.0
    [iter 2492324] reheat + diversify: ceiling=0.00, value=9860.0
    [iter 2498077] reheat + diversify: ceiling=0.00, value=13840.0
    [iter 2503830] reheat + diversify: ceiling=0.00, value=12389.0
    [iter 2509583] reheat + diversify: ceiling=0.00, value=13444.0
    [iter 2515336] reheat + diversify: ceiling=0.00, value=10309.0
    [iter 2521089] reheat + diversify: ceiling=0.00, value=9967.0
    [iter 2526842] reheat + diversify: ceiling=0.00, value=10427.0
    [iter 2532595] reheat + diversify: ceiling=0.00, value=12918.0
    [iter 2538348] reheat + diversify: ceiling=0.00, value=13132.0
    [iter 2544101] reheat + diversify: ceiling=0.00, value=11163.0
    [iter 2549854] reheat + diversify: ceiling=0.00, value=13611.0
    [iter 2555607] reheat + diversify: ceiling=0.00, value=12209.0
    [iter 2561360] reheat + diversify: ceiling=0.00, value=16165.0
    [iter 2567113] reheat + diversify: ceiling=0.00, value=12595.0
    [iter 2572866] reheat + diversify: ceiling=0.00, value=12349.0
    [iter 2578619] reheat + diversify: ceiling=0.00, value=8340.0
    [iter 2584372] reheat + diversify: ceiling=0.00, value=14821.0
    [iter 2590125] reheat + diversify: ceiling=0.00, value=11632.0
    [iter 2595878] reheat + diversify: ceiling=0.00, value=13593.0
    [iter 2601631] reheat + diversify: ceiling=0.00, value=13565.0
    [iter 2607384] reheat + diversify: ceiling=0.00, value=13458.0
    [iter 2613137] reheat + diversify: ceiling=0.00, value=15195.0
    [iter 2618890] reheat + diversify: ceiling=0.00, value=14396.0
    [iter 2624643] reheat + diversify: ceiling=0.00, value=10688.0
    [iter 2630396] reheat + diversify: ceiling=0.00, value=13141.0
    [iter 2636149] reheat + diversify: ceiling=0.00, value=14113.0
    [iter 2641902] reheat + diversify: ceiling=0.00, value=13339.0
    [iter 2647655] reheat + diversify: ceiling=0.00, value=15262.0
    [iter 2653408] reheat + diversify: ceiling=0.00, value=12496.0
    [iter 2659161] reheat + diversify: ceiling=0.00, value=12496.0
    [iter 2664914] reheat + diversify: ceiling=0.00, value=10881.0
    [iter 2670667] reheat + diversify: ceiling=0.00, value=8459.0
    [iter 2676420] reheat + diversify: ceiling=0.00, value=13772.0
    [iter 2682173] reheat + diversify: ceiling=0.00, value=8365.0
    [iter 2687926] reheat + diversify: ceiling=0.00, value=13727.0
    [iter 2693679] reheat + diversify: ceiling=0.00, value=15000.0
    [iter 2699432] reheat + diversify: ceiling=0.00, value=12159.0
    [iter 2705185] reheat + diversify: ceiling=0.00, value=11884.0
    [iter 2710938] reheat + diversify: ceiling=0.00, value=10657.0
    [iter 2716691] reheat + diversify: ceiling=0.00, value=10974.0
  time limit reached at iteration 2716973
  SA finished: 2716973 iterations in 300.0s (9057 it/s), accepted 1764547 (64.9%), rejected 952425, neutral 1427289 (52.5%), worsening accepted 26.2%, no-move draws 0, reheats 471
  SA: value 16165.0 (greedy 9182.0, +6983.0), bound 19604.2, gap 17.54%, util 81.4%
  report -> /home/mcaspar/3DMHKP/results_3DMHKP_ep3/ep3-20-D-R-50-3DMHKP-SA-a0.999-r0.25-t300s.txt

================================================================================================
SUMMARY
================================================================================================
instance      boxes  packed       greedy     SA value        bound      gap    util    iters    time
------------------------------------------------------------------------------------------------
ep3-20-D-R-50     20      13       9182.0      16165.0      19604.2   17.5%   81.4%  2716973  300.0s
------------------------------------------------------------------------------------------------
proven optimal (value reaches the upper bound): 0/1
improved over greedy: 1/1 (total value 9182.0 -> 16165.0, +76.05%)
mean gap to continuous-knapsack bound: 17.5%
mean volume utilization: 81.4%
