============================================================
  Solver:     3DMHKP-SA.py
  Instance:   /home/mcaspar/3DMHKP/Egeblad/ep3-20-U-C-90.txt
  Value mode: flat
  Timelimit:  300s
  Reports:    /home/mcaspar/3DMHKP/results_3DMHKP_ep3
  CPUs:       1
============================================================
======================================================================
3DMHKP Simulated Annealing (random single-neighbour, sequence decoder)
SA params: T0=5% of f(S_0), alpha=0.999, T_min=0.001, reheat_threshold=5753, reheat_fraction=0.25
Move weights: {'relocate': 0.0, 'swap': 1.0, '2opt': 0.0, 'promote': 1.5, 'demote': 1.5, 'orient': 1.0, 'container': 0.5}
Time limit: 300.0s per instance, seed 1398949399
======================================================================

======================================================================
ep3-20-U-C-90: 20 boxes (5 types), 1 containers (1 types)
  continuous-knapsack bound: 164485.9
  initial (value-density) decode: value 117506.0 (11/20 boxes)
  T0 = 3787.3 (calibrated, 220 worsening draws, target accept 35%)
  schedule: time-based, T0 -> 863.38 over 300s
    [iter 1] *** NEW BEST: value 122521.0, boxes 12/20, T=3787.3, elapsed=0.1s
    [iter 13] *** NEW BEST: value 124916.0, boxes 13/20, T=3784.7, elapsed=0.1s
    [iter 133] *** NEW BEST: value 127536.0, boxes 13/20, T=3784.4, elapsed=0.2s
    [iter 176] *** NEW BEST: value 131319.0, boxes 14/20, T=3784.2, elapsed=0.2s
    [iter 185] *** NEW BEST: value 131935.0, boxes 14/20, T=3784.2, elapsed=0.2s
    [iter 186] *** NEW BEST: value 132551.0, boxes 14/20, T=3784.2, elapsed=0.2s
    [iter 5939] reheat + diversify: ceiling=946.83, value=107543.0
    [iter 11692] reheat + diversify: ceiling=852.14, value=110398.0
    [iter 17445] reheat + diversify: ceiling=766.93, value=114699.0
    [iter 23198] reheat + diversify: ceiling=690.24, value=79965.0
    [iter 23553] *** NEW BEST: value 140933.0, boxes 14/20, T=3706.9, elapsed=4.4s
    [iter 23555] *** NEW BEST: value 141549.0, boxes 14/20, T=3706.9, elapsed=4.4s
    [iter 23664] *** NEW BEST: value 147206.0, boxes 14/20, T=3706.6, elapsed=4.4s
    [iter 29417] reheat + diversify: ceiling=621.21, value=113272.0
    [iter 35170] reheat + diversify: ceiling=559.09, value=90637.0
    [iter 40923] reheat + diversify: ceiling=503.18, value=100244.0
    [iter 46676] reheat + diversify: ceiling=452.86, value=121070.0
    [iter 52429] reheat + diversify: ceiling=407.58, value=109782.0
    [iter 58182] reheat + diversify: ceiling=366.82, value=100368.0
    [iter 63935] reheat + diversify: ceiling=330.14, value=110884.0
    [iter 69688] reheat + diversify: ceiling=297.12, value=75633.0
    [iter 75441] reheat + diversify: ceiling=267.41, value=96236.0
    [iter 76135] *** NEW BEST: value 147822.0, boxes 14/20, T=3542.8, elapsed=13.5s
    [iter 81888] reheat + diversify: ceiling=240.67, value=110398.0
    [iter 87641] reheat + diversify: ceiling=216.60, value=89865.0
    [iter 93394] reheat + diversify: ceiling=194.94, value=97138.0
    [iter 99147] reheat + diversify: ceiling=175.45, value=99596.0
    [iter 104900] reheat + diversify: ceiling=157.90, value=94264.0
    [iter 110653] reheat + diversify: ceiling=142.11, value=89249.0
    [iter 116406] reheat + diversify: ceiling=127.90, value=98240.0
    [iter 122159] reheat + diversify: ceiling=115.11, value=105415.0
    [iter 127912] reheat + diversify: ceiling=103.60, value=98494.0
    [iter 133665] reheat + diversify: ceiling=93.24, value=88763.0
    [iter 139418] reheat + diversify: ceiling=83.92, value=107038.0
    [iter 145171] reheat + diversify: ceiling=75.53, value=105999.0
    [iter 150924] reheat + diversify: ceiling=67.97, value=106771.0
    [iter 156677] reheat + diversify: ceiling=61.18, value=99882.0
    [iter 162430] reheat + diversify: ceiling=55.06, value=114829.0
    [iter 168183] reheat + diversify: ceiling=49.55, value=102153.0
    [iter 173936] reheat + diversify: ceiling=44.60, value=92123.0
    [iter 179689] reheat + diversify: ceiling=40.14, value=102055.0
    [iter 185442] reheat + diversify: ceiling=36.12, value=100368.0
    [iter 191195] reheat + diversify: ceiling=32.51, value=105999.0
    [iter 196948] reheat + diversify: ceiling=29.26, value=67226.0
    [iter 202701] reheat + diversify: ceiling=26.33, value=100667.0
    [iter 208454] reheat + diversify: ceiling=23.70, value=124560.0
    [iter 214207] reheat + diversify: ceiling=21.33, value=116541.0
    [iter 219960] reheat + diversify: ceiling=19.20, value=119545.0
    [iter 225713] reheat + diversify: ceiling=17.28, value=114146.0
    [iter 231466] reheat + diversify: ceiling=15.55, value=118643.0
    [iter 237219] reheat + diversify: ceiling=13.99, value=100984.0
    [iter 242972] reheat + diversify: ceiling=12.60, value=99012.0
    [iter 248725] reheat + diversify: ceiling=11.34, value=85364.0
    [iter 254478] reheat + diversify: ceiling=10.20, value=85136.0
    [iter 260231] reheat + diversify: ceiling=9.18, value=123658.0
    [iter 265984] reheat + diversify: ceiling=8.26, value=104999.0
    [iter 271737] reheat + diversify: ceiling=7.44, value=97624.0
    [iter 277490] reheat + diversify: ceiling=6.69, value=99797.0
    [iter 283243] reheat + diversify: ceiling=6.02, value=87375.0
    [iter 288996] reheat + diversify: ceiling=5.42, value=94264.0
    [iter 294749] reheat + diversify: ceiling=4.88, value=113174.0
    [iter 300502] reheat + diversify: ceiling=4.39, value=78863.0
    [iter 306255] reheat + diversify: ceiling=3.95, value=88277.0
    [iter 312008] reheat + diversify: ceiling=3.56, value=83846.0
    [iter 317761] reheat + diversify: ceiling=3.20, value=119161.0
    [iter 323514] reheat + diversify: ceiling=2.88, value=99882.0
    [iter 329267] reheat + diversify: ceiling=2.59, value=112695.0
    [iter 335020] reheat + diversify: ceiling=2.33, value=101600.0
    [iter 340773] reheat + diversify: ceiling=2.10, value=92123.0
    [iter 346526] reheat + diversify: ceiling=1.89, value=107940.0
    [iter 352279] reheat + diversify: ceiling=1.70, value=78733.0
    [iter 358032] reheat + diversify: ceiling=1.53, value=92609.0
    [iter 363785] reheat + diversify: ceiling=1.38, value=105869.0
    [iter 369538] reheat + diversify: ceiling=1.24, value=81937.0
    [iter 375291] reheat + diversify: ceiling=1.12, value=93511.0
    [iter 381044] reheat + diversify: ceiling=1.00, value=123172.0
    [iter 386797] reheat + diversify: ceiling=0.90, value=118942.0
    [iter 392550] reheat + diversify: ceiling=0.81, value=91221.0
    [iter 398303] reheat + diversify: ceiling=0.73, value=99142.0
    [iter 404056] reheat + diversify: ceiling=0.66, value=95197.0
    [iter 409809] reheat + diversify: ceiling=0.59, value=114511.0
    [iter 415562] reheat + diversify: ceiling=0.53, value=102858.0
    [iter 421315] reheat + diversify: ceiling=0.48, value=104513.0
    [iter 427068] reheat + diversify: ceiling=0.43, value=81620.0
    [iter 432821] reheat + diversify: ceiling=0.39, value=97494.0
    [iter 438574] reheat + diversify: ceiling=0.35, value=96652.0
    [iter 444327] reheat + diversify: ceiling=0.32, value=114244.0
    [iter 450080] reheat + diversify: ceiling=0.28, value=105901.0
    [iter 455833] reheat + diversify: ceiling=0.26, value=86336.0
    [iter 461586] reheat + diversify: ceiling=0.23, value=112758.0
    [iter 467339] reheat + diversify: ceiling=0.21, value=88147.0
    [iter 473092] reheat + diversify: ceiling=0.19, value=102956.0
    [iter 478845] reheat + diversify: ceiling=0.17, value=89865.0
    [iter 484598] reheat + diversify: ceiling=0.15, value=84364.0
    [iter 490351] reheat + diversify: ceiling=0.14, value=113628.0
    [iter 496104] reheat + diversify: ceiling=0.12, value=94362.0
    [iter 501857] reheat + diversify: ceiling=0.11, value=95652.0
    [iter 507610] reheat + diversify: ceiling=0.10, value=105999.0
    [iter 513363] reheat + diversify: ceiling=0.09, value=82976.0
    [iter 519116] reheat + diversify: ceiling=0.08, value=96652.0
    [iter 524869] reheat + diversify: ceiling=0.07, value=88763.0
    [iter 530622] reheat + diversify: ceiling=0.06, value=121200.0
    [iter 536375] reheat + diversify: ceiling=0.06, value=102023.0
    [iter 542128] reheat + diversify: ceiling=0.05, value=113272.0
    [iter 547881] reheat + diversify: ceiling=0.05, value=86238.0
    [iter 553634] reheat + diversify: ceiling=0.04, value=91221.0
    [iter 559387] reheat + diversify: ceiling=0.04, value=103411.0
    [iter 565140] reheat + diversify: ceiling=0.03, value=105513.0
    [iter 570893] reheat + diversify: ceiling=0.03, value=92609.0
    [iter 576646] reheat + diversify: ceiling=0.03, value=91837.0
    [iter 582399] reheat + diversify: ceiling=0.03, value=93225.0
    [iter 588152] reheat + diversify: ceiling=0.02, value=103411.0
    [iter 593905] reheat + diversify: ceiling=0.02, value=95522.0
    [iter 599658] reheat + diversify: ceiling=0.02, value=93225.0
    [iter 605411] reheat + diversify: ceiling=0.02, value=94127.0
    [iter 611164] reheat + diversify: ceiling=0.01, value=92609.0
    [iter 616917] reheat + diversify: ceiling=0.01, value=96652.0
    [iter 622670] reheat + diversify: ceiling=0.01, value=90021.0
    [iter 628423] reheat + diversify: ceiling=0.01, value=101470.0
    [iter 634176] reheat + diversify: ceiling=0.01, value=113790.0
    [iter 639929] reheat + diversify: ceiling=0.01, value=92609.0
    [iter 645682] reheat + diversify: ceiling=0.01, value=99596.0
    [iter 651435] reheat + diversify: ceiling=0.01, value=84364.0
    [iter 657188] reheat + diversify: ceiling=0.01, value=98110.0
    [iter 662941] reheat + diversify: ceiling=0.01, value=110398.0
    [iter 668694] reheat + diversify: ceiling=0.01, value=102509.0
    [iter 674447] reheat + diversify: ceiling=0.00, value=97624.0
    [iter 680200] reheat + diversify: ceiling=0.00, value=116671.0
    [iter 685953] reheat + diversify: ceiling=0.00, value=111014.0
    [iter 691706] reheat + diversify: ceiling=0.00, value=96236.0
    [iter 697459] reheat + diversify: ceiling=0.00, value=103411.0
    [iter 703212] reheat + diversify: ceiling=0.00, value=80063.0
    [iter 708965] reheat + diversify: ceiling=0.00, value=103255.0
    [iter 714718] reheat + diversify: ceiling=0.00, value=94680.0
    [iter 720471] reheat + diversify: ceiling=0.00, value=117773.0
    [iter 726224] reheat + diversify: ceiling=0.00, value=114730.0
    [iter 731977] reheat + diversify: ceiling=0.00, value=99110.0
    [iter 737730] reheat + diversify: ceiling=0.00, value=89379.0
    [iter 743483] reheat + diversify: ceiling=0.00, value=83592.0
    [iter 749236] reheat + diversify: ceiling=0.00, value=111170.0
    [iter 754989] reheat + diversify: ceiling=0.00, value=119129.0
    [iter 760742] reheat + diversify: ceiling=0.00, value=80388.0
    [iter 766495] reheat + diversify: ceiling=0.00, value=136334.0
    [iter 772248] reheat + diversify: ceiling=0.00, value=104027.0
    [iter 778001] reheat + diversify: ceiling=0.00, value=135848.0
    [iter 783754] reheat + diversify: ceiling=0.00, value=125818.0
    [iter 789507] reheat + diversify: ceiling=0.00, value=97754.0
    [iter 795260] reheat + diversify: ceiling=0.00, value=79746.0
    [iter 801013] reheat + diversify: ceiling=0.00, value=81906.0
    [iter 806766] reheat + diversify: ceiling=0.00, value=93292.0
    [iter 812519] reheat + diversify: ceiling=0.00, value=81906.0
    [iter 818272] reheat + diversify: ceiling=0.00, value=102023.0
    [iter 824025] reheat + diversify: ceiling=0.00, value=80349.0
    [iter 829778] reheat + diversify: ceiling=0.00, value=126434.0
    [iter 835531] reheat + diversify: ceiling=0.00, value=91221.0
    [iter 841284] reheat + diversify: ceiling=0.00, value=85364.0
    [iter 847037] reheat + diversify: ceiling=0.00, value=125818.0
    [iter 852790] reheat + diversify: ceiling=0.00, value=91351.0
    [iter 858543] reheat + diversify: ceiling=0.00, value=108743.0
    [iter 864296] reheat + diversify: ceiling=0.00, value=105513.0
    [iter 870049] reheat + diversify: ceiling=0.00, value=111300.0
    [iter 875802] reheat + diversify: ceiling=0.00, value=91253.0
    [iter 881555] reheat + diversify: ceiling=0.00, value=103255.0
    [iter 887308] reheat + diversify: ceiling=0.00, value=87076.0
    [iter 893061] reheat + diversify: ceiling=0.00, value=92739.0
    [iter 898814] reheat + diversify: ceiling=0.00, value=82360.0
    [iter 904567] reheat + diversify: ceiling=0.00, value=100082.0
    [iter 910320] reheat + diversify: ceiling=0.00, value=115413.0
    [iter 916073] reheat + diversify: ceiling=0.00, value=128289.0
    [iter 921826] reheat + diversify: ceiling=0.00, value=103255.0
    [iter 927579] reheat + diversify: ceiling=0.00, value=130417.0
    [iter 933332] reheat + diversify: ceiling=0.00, value=108782.0
    [iter 939085] reheat + diversify: ceiling=0.00, value=104643.0
    [iter 944838] reheat + diversify: ceiling=0.00, value=95652.0
    [iter 950591] reheat + diversify: ceiling=0.00, value=101140.0
    [iter 956344] reheat + diversify: ceiling=0.00, value=112370.0
    [iter 962097] reheat + diversify: ceiling=0.00, value=101016.0
    [iter 967850] reheat + diversify: ceiling=0.00, value=88763.0
    [iter 973603] reheat + diversify: ceiling=0.00, value=105415.0
    [iter 979356] reheat + diversify: ceiling=0.00, value=94680.0
    [iter 985109] reheat + diversify: ceiling=0.00, value=99628.0
    [iter 990862] reheat + diversify: ceiling=0.00, value=127050.0
    [iter 996615] reheat + diversify: ceiling=0.00, value=102086.0
    [iter 1002368] reheat + diversify: ceiling=0.00, value=136334.0
    [iter 1008121] reheat + diversify: ceiling=0.00, value=85466.0
    [iter 1013874] reheat + diversify: ceiling=0.00, value=93225.0
    [iter 1019627] reheat + diversify: ceiling=0.00, value=93511.0
    [iter 1025380] reheat + diversify: ceiling=0.00, value=97624.0
    [iter 1031133] reheat + diversify: ceiling=0.00, value=110170.0
    [iter 1036886] reheat + diversify: ceiling=0.00, value=121133.0
    [iter 1042639] reheat + diversify: ceiling=0.00, value=131449.0
    [iter 1048392] reheat + diversify: ceiling=0.00, value=114114.0
    [iter 1054145] reheat + diversify: ceiling=0.00, value=96522.0
    [iter 1059898] reheat + diversify: ceiling=0.00, value=120200.0
    [iter 1065651] reheat + diversify: ceiling=0.00, value=108693.0
    [iter 1071404] reheat + diversify: ceiling=0.00, value=124560.0
    [iter 1077157] reheat + diversify: ceiling=0.00, value=114374.0
    [iter 1082910] reheat + diversify: ceiling=0.00, value=82976.0
    [iter 1088663] reheat + diversify: ceiling=0.00, value=98882.0
    [iter 1094416] reheat + diversify: ceiling=0.00, value=120200.0
    [iter 1094619] *** NEW BEST: value 152837.0, boxes 15/20, T=1490.1, elapsed=189.3s
    [iter 1100372] reheat + diversify: ceiling=0.00, value=110884.0
    [iter 1106125] reheat + diversify: ceiling=0.00, value=140447.0
    [iter 1111878] reheat + diversify: ceiling=0.00, value=96754.0
    [iter 1117631] reheat + diversify: ceiling=0.00, value=93225.0
    [iter 1123384] reheat + diversify: ceiling=0.00, value=118157.0
    [iter 1129137] reheat + diversify: ceiling=0.00, value=117157.0
    [iter 1134890] reheat + diversify: ceiling=0.00, value=105869.0
    [iter 1140643] reheat + diversify: ceiling=0.00, value=100082.0
    [iter 1146396] reheat + diversify: ceiling=0.00, value=104513.0
    [iter 1152149] reheat + diversify: ceiling=0.00, value=108645.0
    [iter 1157902] reheat + diversify: ceiling=0.00, value=91253.0
    [iter 1163655] reheat + diversify: ceiling=0.00, value=100984.0
    [iter 1169408] reheat + diversify: ceiling=0.00, value=93997.0
    [iter 1175161] reheat + diversify: ceiling=0.00, value=103541.0
    [iter 1180914] reheat + diversify: ceiling=0.00, value=122588.0
    [iter 1186667] reheat + diversify: ceiling=0.00, value=108003.0
    [iter 1192420] reheat + diversify: ceiling=0.00, value=83592.0
    [iter 1198173] reheat + diversify: ceiling=0.00, value=83748.0
    [iter 1203926] reheat + diversify: ceiling=0.00, value=103995.0
    [iter 1209679] reheat + diversify: ceiling=0.00, value=92186.0
    [iter 1215432] reheat + diversify: ceiling=0.00, value=109328.0
    [iter 1221185] reheat + diversify: ceiling=0.00, value=110170.0
    [iter 1226938] reheat + diversify: ceiling=0.00, value=96652.0
    [iter 1232691] reheat + diversify: ceiling=0.00, value=98240.0
    [iter 1238444] reheat + diversify: ceiling=0.00, value=99012.0
    [iter 1244197] reheat + diversify: ceiling=0.00, value=110430.0
    [iter 1249950] reheat + diversify: ceiling=0.00, value=99596.0
    [iter 1255703] reheat + diversify: ceiling=0.00, value=96652.0
    [iter 1261456] reheat + diversify: ceiling=0.00, value=123658.0
    [iter 1267209] reheat + diversify: ceiling=0.00, value=94581.0
    [iter 1272962] reheat + diversify: ceiling=0.00, value=116671.0
    [iter 1278715] reheat + diversify: ceiling=0.00, value=130061.0
    [iter 1284468] reheat + diversify: ceiling=0.00, value=98110.0
    [iter 1290221] reheat + diversify: ceiling=0.00, value=111370.0
    [iter 1295974] reheat + diversify: ceiling=0.00, value=131449.0
    [iter 1301727] reheat + diversify: ceiling=0.00, value=93355.0
    [iter 1307480] reheat + diversify: ceiling=0.00, value=116055.0
    [iter 1313233] reheat + diversify: ceiling=0.00, value=97040.0
    [iter 1318986] reheat + diversify: ceiling=0.00, value=101439.0
    [iter 1324739] reheat + diversify: ceiling=0.00, value=113174.0
    [iter 1330492] reheat + diversify: ceiling=0.00, value=120647.0
    [iter 1336245] reheat + diversify: ceiling=0.00, value=99596.0
    [iter 1341998] reheat + diversify: ceiling=0.00, value=85564.0
    [iter 1347751] reheat + diversify: ceiling=0.00, value=119777.0
    [iter 1353504] reheat + diversify: ceiling=0.00, value=90637.0
    [iter 1359257] reheat + diversify: ceiling=0.00, value=92609.0
    [iter 1365010] reheat + diversify: ceiling=0.00, value=90735.0
    [iter 1370763] reheat + diversify: ceiling=0.00, value=101600.0
    [iter 1376516] reheat + diversify: ceiling=0.00, value=97780.0
    [iter 1382269] reheat + diversify: ceiling=0.00, value=108426.0
    [iter 1388022] reheat + diversify: ceiling=0.00, value=111300.0
    [iter 1393775] reheat + diversify: ceiling=0.00, value=125046.0
    [iter 1399528] reheat + diversify: ceiling=0.00, value=132688.0
    [iter 1405281] reheat + diversify: ceiling=0.00, value=99012.0
    [iter 1411034] reheat + diversify: ceiling=0.00, value=120784.0
    [iter 1416787] reheat + diversify: ceiling=0.00, value=115671.0
    [iter 1422540] reheat + diversify: ceiling=0.00, value=97008.0
    [iter 1428293] reheat + diversify: ceiling=0.00, value=89535.0
    [iter 1434046] reheat + diversify: ceiling=0.00, value=112370.0
    [iter 1439799] reheat + diversify: ceiling=0.00, value=90637.0
    [iter 1445552] reheat + diversify: ceiling=0.00, value=104513.0
    [iter 1451305] reheat + diversify: ceiling=0.00, value=116801.0
    [iter 1457058] reheat + diversify: ceiling=0.00, value=112402.0
    [iter 1462811] reheat + diversify: ceiling=0.00, value=123560.0
    [iter 1468564] reheat + diversify: ceiling=0.00, value=116671.0
    [iter 1474317] reheat + diversify: ceiling=0.00, value=106908.0
    [iter 1480070] reheat + diversify: ceiling=0.00, value=84234.0
    [iter 1485823] reheat + diversify: ceiling=0.00, value=113244.0
    [iter 1491576] reheat + diversify: ceiling=0.00, value=94264.0
    [iter 1497329] reheat + diversify: ceiling=0.00, value=89535.0
    [iter 1503082] reheat + diversify: ceiling=0.00, value=97754.0
    [iter 1508835] reheat + diversify: ceiling=0.00, value=113272.0
    [iter 1514588] reheat + diversify: ceiling=0.00, value=89379.0
    [iter 1520341] reheat + diversify: ceiling=0.00, value=97624.0
    [iter 1526094] reheat + diversify: ceiling=0.00, value=118189.0
    [iter 1531847] reheat + diversify: ceiling=0.00, value=111786.0
    [iter 1537600] reheat + diversify: ceiling=0.00, value=93809.0
    [iter 1543353] reheat + diversify: ceiling=0.00, value=95166.0
    [iter 1549106] reheat + diversify: ceiling=0.00, value=96366.0
    [iter 1554859] reheat + diversify: ceiling=0.00, value=109042.0
    [iter 1560612] reheat + diversify: ceiling=0.00, value=101283.0
    [iter 1566365] reheat + diversify: ceiling=0.00, value=108782.0
    [iter 1572118] reheat + diversify: ceiling=0.00, value=98882.0
    [iter 1577871] reheat + diversify: ceiling=0.00, value=95166.0
    [iter 1583624] reheat + diversify: ceiling=0.00, value=121419.0
    [iter 1589377] reheat + diversify: ceiling=0.00, value=103411.0
    [iter 1595130] reheat + diversify: ceiling=0.00, value=103125.0
    [iter 1600883] reheat + diversify: ceiling=0.00, value=123690.0
    [iter 1606636] reheat + diversify: ceiling=0.00, value=103541.0
    [iter 1612389] reheat + diversify: ceiling=0.00, value=105383.0
    [iter 1618142] reheat + diversify: ceiling=0.00, value=120200.0
    [iter 1623895] reheat + diversify: ceiling=0.00, value=125662.0
    [iter 1629648] reheat + diversify: ceiling=0.00, value=111754.0
    [iter 1635401] reheat + diversify: ceiling=0.00, value=84850.0
    [iter 1641154] reheat + diversify: ceiling=0.00, value=96652.0
    [iter 1646907] reheat + diversify: ceiling=0.00, value=107873.0
    [iter 1652660] reheat + diversify: ceiling=0.00, value=120517.0
    [iter 1658413] reheat + diversify: ceiling=0.00, value=131805.0
    [iter 1664166] reheat + diversify: ceiling=0.00, value=122035.0
    [iter 1669919] reheat + diversify: ceiling=0.00, value=94394.0
    [iter 1675672] reheat + diversify: ceiling=0.00, value=84462.0
    [iter 1681425] reheat + diversify: ceiling=0.00, value=119291.0
    [iter 1687178] reheat + diversify: ceiling=0.00, value=106485.0
    [iter 1692931] reheat + diversify: ceiling=0.00, value=105129.0
    [iter 1698684] reheat + diversify: ceiling=0.00, value=95782.0
    [iter 1704437] reheat + diversify: ceiling=0.00, value=98110.0
    [iter 1710190] reheat + diversify: ceiling=0.00, value=122035.0
    [iter 1715943] reheat + diversify: ceiling=0.00, value=106971.0
    [iter 1721696] reheat + diversify: ceiling=0.00, value=97624.0
    [iter 1727449] reheat + diversify: ceiling=0.00, value=102509.0
    [iter 1733202] reheat + diversify: ceiling=0.00, value=96138.0
    [iter 1738955] reheat + diversify: ceiling=0.00, value=92221.0
    [iter 1744708] reheat + diversify: ceiling=0.00, value=100635.0
    [iter 1750461] reheat + diversify: ceiling=0.00, value=105383.0
    [iter 1756214] reheat + diversify: ceiling=0.00, value=110014.0
    [iter 1761967] reheat + diversify: ceiling=0.00, value=118059.0
  time limit reached at iteration 1766146
  SA finished: 1766146 iterations in 300.0s (5887 it/s), accepted 738156 (41.8%), rejected 1027989, neutral 667439 (37.8%), worsening accepted 6.4%, no-move draws 0, reheats 306
  SA: value 152837.0 (greedy 117506.0, +35331.0), bound 164485.9, gap 7.08%, util 88.6%
  report -> /home/mcaspar/3DMHKP/results_3DMHKP_ep3/ep3-20-U-C-90-3DMHKP-SA-a0.999-r0.25-t300s.txt

================================================================================================
SUMMARY
================================================================================================
instance      boxes  packed       greedy     SA value        bound      gap    util    iters    time
------------------------------------------------------------------------------------------------
ep3-20-U-C-90     20      15     117506.0     152837.0     164485.9    7.1%   88.6%  1766146  300.0s
------------------------------------------------------------------------------------------------
proven optimal (value reaches the upper bound): 0/1
improved over greedy: 1/1 (total value 117506.0 -> 152837.0, +30.07%)
mean gap to continuous-knapsack bound: 7.1%
mean volume utilization: 88.6%
