============================================================
  Solver:     3DMHKP-SA.py
  Instance:   /home/mcaspar/3DMHKP/Egeblad/ep3-20-L-R-50.txt
  Value mode: flat
  Timelimit:  300s
  Reports:    /home/mcaspar/3DMHKP/results_3DMHKP_ep3
  CPUs:       1
============================================================
======================================================================
3DMHKP Simulated Annealing (random single-neighbour, sequence decoder)
SA params: T0=5% of f(S_0), alpha=0.999, T_min=0.001, reheat_threshold=5753, reheat_fraction=0.25
Move weights: {'relocate': 0.0, 'swap': 1.0, '2opt': 0.0, 'promote': 1.5, 'demote': 1.5, 'orient': 1.0, 'container': 0.5}
Time limit: 300.0s per instance, seed 473329129
======================================================================

======================================================================
ep3-20-L-R-50: 20 boxes (20 types), 1 containers (1 types)
  continuous-knapsack bound: 31654.5
  initial (value-density) decode: value 24479.0 (9/20 boxes)
  T0 = 5809.6 (calibrated, 497 worsening draws, target accept 35%)
  schedule: time-based, T0 -> 1324.38 over 300s
    [iter 447] *** NEW BEST: value 24530.0, boxes 9/20, T=5805.7, elapsed=0.1s
    [iter 714] *** NEW BEST: value 24787.0, boxes 9/20, T=5805.1, elapsed=0.2s
    [iter 723] *** NEW BEST: value 24838.0, boxes 9/20, T=5805.0, elapsed=0.2s
    [iter 849] *** NEW BEST: value 26361.0, boxes 9/20, T=5804.8, elapsed=0.2s
    [iter 6602] reheat + diversify: ceiling=1452.39, value=15521.0
    [iter 12355] reheat + diversify: ceiling=1307.15, value=13513.0
    [iter 18108] reheat + diversify: ceiling=1176.44, value=11246.0
    [iter 23861] reheat + diversify: ceiling=1058.79, value=21294.0
    [iter 29614] reheat + diversify: ceiling=952.91, value=12817.0
    [iter 35367] reheat + diversify: ceiling=857.62, value=10719.0
    [iter 41120] reheat + diversify: ceiling=771.86, value=15533.0
    [iter 46873] reheat + diversify: ceiling=694.67, value=18417.0
    [iter 52626] reheat + diversify: ceiling=625.21, value=11251.0
    [iter 58379] reheat + diversify: ceiling=562.69, value=20193.0
    [iter 64132] reheat + diversify: ceiling=506.42, value=15422.0
    [iter 69885] reheat + diversify: ceiling=455.78, value=13206.0
    [iter 75638] reheat + diversify: ceiling=410.20, value=14807.0
    [iter 81391] reheat + diversify: ceiling=369.18, value=17169.0
    [iter 87144] reheat + diversify: ceiling=332.26, value=11504.0
    [iter 92897] reheat + diversify: ceiling=299.03, value=15079.0
    [iter 98650] reheat + diversify: ceiling=269.13, value=11912.0
    [iter 104403] reheat + diversify: ceiling=242.22, value=14567.0
    [iter 110156] reheat + diversify: ceiling=218.00, value=19717.0
    [iter 115909] reheat + diversify: ceiling=196.20, value=16652.0
    [iter 121662] reheat + diversify: ceiling=176.58, value=22717.0
    [iter 127415] reheat + diversify: ceiling=158.92, value=16246.0
    [iter 133168] reheat + diversify: ceiling=143.03, value=21239.0
    [iter 138921] reheat + diversify: ceiling=128.72, value=16009.0
    [iter 144674] reheat + diversify: ceiling=115.85, value=19283.0
    [iter 150427] reheat + diversify: ceiling=104.27, value=20055.0
    [iter 156180] reheat + diversify: ceiling=93.84, value=12950.0
    [iter 161933] reheat + diversify: ceiling=84.46, value=11615.0
    [iter 167686] reheat + diversify: ceiling=76.01, value=22311.0
    [iter 173439] reheat + diversify: ceiling=68.41, value=19886.0
    [iter 179192] reheat + diversify: ceiling=61.57, value=14521.0
    [iter 184945] reheat + diversify: ceiling=55.41, value=11916.0
    [iter 190698] reheat + diversify: ceiling=49.87, value=11587.0
    [iter 196451] reheat + diversify: ceiling=44.88, value=14985.0
    [iter 202204] reheat + diversify: ceiling=40.40, value=19567.0
    [iter 207957] reheat + diversify: ceiling=36.36, value=24806.0
    [iter 213710] reheat + diversify: ceiling=32.72, value=20619.0
    [iter 219463] reheat + diversify: ceiling=29.45, value=19233.0
    [iter 225216] reheat + diversify: ceiling=26.50, value=17984.0
    [iter 230969] reheat + diversify: ceiling=23.85, value=17121.0
    [iter 236722] reheat + diversify: ceiling=21.47, value=19164.0
    [iter 242475] reheat + diversify: ceiling=19.32, value=19776.0
    [iter 248228] reheat + diversify: ceiling=17.39, value=16746.0
    [iter 253981] reheat + diversify: ceiling=15.65, value=16801.0
    [iter 259734] reheat + diversify: ceiling=14.08, value=18576.0
    [iter 265487] reheat + diversify: ceiling=12.68, value=16107.0
    [iter 271240] reheat + diversify: ceiling=11.41, value=23849.0
    [iter 276993] reheat + diversify: ceiling=10.27, value=17307.0
    [iter 282746] reheat + diversify: ceiling=9.24, value=23073.0
    [iter 288499] reheat + diversify: ceiling=8.32, value=18273.0
    [iter 294252] reheat + diversify: ceiling=7.49, value=17558.0
    [iter 300005] reheat + diversify: ceiling=6.74, value=15050.0
    [iter 305758] reheat + diversify: ceiling=6.06, value=14802.0
    [iter 311511] reheat + diversify: ceiling=5.46, value=12715.0
    [iter 317264] reheat + diversify: ceiling=4.91, value=20445.0
    [iter 323017] reheat + diversify: ceiling=4.42, value=22579.0
    [iter 328770] reheat + diversify: ceiling=3.98, value=17868.0
    [iter 334523] reheat + diversify: ceiling=3.58, value=14505.0
    [iter 340276] reheat + diversify: ceiling=3.22, value=18929.0
    [iter 346029] reheat + diversify: ceiling=2.90, value=14026.0
    [iter 351782] reheat + diversify: ceiling=2.61, value=13242.0
    [iter 357535] reheat + diversify: ceiling=2.35, value=24018.0
    [iter 363288] reheat + diversify: ceiling=2.11, value=18277.0
    [iter 369041] reheat + diversify: ceiling=1.90, value=14887.0
    [iter 374794] reheat + diversify: ceiling=1.71, value=14187.0
    [iter 380547] reheat + diversify: ceiling=1.54, value=15977.0
    [iter 386300] reheat + diversify: ceiling=1.39, value=22455.0
    [iter 392053] reheat + diversify: ceiling=1.25, value=14496.0
    [iter 397806] reheat + diversify: ceiling=1.12, value=15898.0
    [iter 403559] reheat + diversify: ceiling=1.01, value=14280.0
    [iter 409312] reheat + diversify: ceiling=0.91, value=13739.0
    [iter 415065] reheat + diversify: ceiling=0.82, value=15087.0
    [iter 420818] reheat + diversify: ceiling=0.74, value=19374.0
    [iter 426571] reheat + diversify: ceiling=0.66, value=17905.0
    [iter 432324] reheat + diversify: ceiling=0.60, value=14928.0
    [iter 438077] reheat + diversify: ceiling=0.54, value=21240.0
    [iter 443830] reheat + diversify: ceiling=0.48, value=16829.0
    [iter 449583] reheat + diversify: ceiling=0.44, value=11651.0
    [iter 455336] reheat + diversify: ceiling=0.39, value=18407.0
    [iter 461089] reheat + diversify: ceiling=0.35, value=18008.0
    [iter 466842] reheat + diversify: ceiling=0.32, value=11710.0
    [iter 472595] reheat + diversify: ceiling=0.29, value=15983.0
    [iter 478348] reheat + diversify: ceiling=0.26, value=11828.0
    [iter 484101] reheat + diversify: ceiling=0.23, value=15500.0
    [iter 489854] reheat + diversify: ceiling=0.21, value=14385.0
    [iter 495607] reheat + diversify: ceiling=0.19, value=12694.0
    [iter 501360] reheat + diversify: ceiling=0.17, value=24531.0
    [iter 507113] reheat + diversify: ceiling=0.15, value=13244.0
    [iter 512866] reheat + diversify: ceiling=0.14, value=13629.0
    [iter 518619] reheat + diversify: ceiling=0.12, value=23177.0
    [iter 524372] reheat + diversify: ceiling=0.11, value=22735.0
    [iter 530125] reheat + diversify: ceiling=0.10, value=17228.0
    [iter 535878] reheat + diversify: ceiling=0.09, value=23228.0
    [iter 541631] reheat + diversify: ceiling=0.08, value=11325.0
    [iter 547384] reheat + diversify: ceiling=0.07, value=20242.0
    [iter 553137] reheat + diversify: ceiling=0.07, value=23029.0
    [iter 558890] reheat + diversify: ceiling=0.06, value=20139.0
    [iter 564643] reheat + diversify: ceiling=0.05, value=12977.0
    [iter 570396] reheat + diversify: ceiling=0.05, value=19035.0
    [iter 576149] reheat + diversify: ceiling=0.04, value=23967.0
    [iter 581902] reheat + diversify: ceiling=0.04, value=18576.0
    [iter 587655] reheat + diversify: ceiling=0.03, value=23849.0
    [iter 593408] reheat + diversify: ceiling=0.03, value=11817.0
    [iter 599161] reheat + diversify: ceiling=0.03, value=13823.0
    [iter 604914] reheat + diversify: ceiling=0.03, value=16803.0
    [iter 610667] reheat + diversify: ceiling=0.02, value=14112.0
    [iter 616420] reheat + diversify: ceiling=0.02, value=15591.0
    [iter 622173] reheat + diversify: ceiling=0.02, value=19409.0
    [iter 627926] reheat + diversify: ceiling=0.02, value=17084.0
    [iter 633679] reheat + diversify: ceiling=0.01, value=23817.0
    [iter 639432] reheat + diversify: ceiling=0.01, value=22691.0
    [iter 645185] reheat + diversify: ceiling=0.01, value=12493.0
    [iter 650938] reheat + diversify: ceiling=0.01, value=19435.0
    [iter 656691] reheat + diversify: ceiling=0.01, value=12586.0
    [iter 662444] reheat + diversify: ceiling=0.01, value=16488.0
    [iter 668197] reheat + diversify: ceiling=0.01, value=16291.0
    [iter 673950] reheat + diversify: ceiling=0.01, value=24530.0
    [iter 679703] reheat + diversify: ceiling=0.01, value=19409.0
    [iter 685456] reheat + diversify: ceiling=0.01, value=11674.0
    [iter 691209] reheat + diversify: ceiling=0.01, value=16440.0
    [iter 696962] reheat + diversify: ceiling=0.00, value=17336.0
    [iter 702715] reheat + diversify: ceiling=0.00, value=15698.0
    [iter 708468] reheat + diversify: ceiling=0.00, value=19885.0
    [iter 714221] reheat + diversify: ceiling=0.00, value=12113.0
    [iter 719974] reheat + diversify: ceiling=0.00, value=19013.0
    [iter 725727] reheat + diversify: ceiling=0.00, value=24050.0
    [iter 731480] reheat + diversify: ceiling=0.00, value=23849.0
    [iter 737233] reheat + diversify: ceiling=0.00, value=16000.0
    [iter 742986] reheat + diversify: ceiling=0.00, value=19799.0
    [iter 748739] reheat + diversify: ceiling=0.00, value=18225.0
    [iter 754492] reheat + diversify: ceiling=0.00, value=18134.0
    [iter 760245] reheat + diversify: ceiling=0.00, value=16856.0
    [iter 765998] reheat + diversify: ceiling=0.00, value=16334.0
    [iter 771751] reheat + diversify: ceiling=0.00, value=19860.0
    [iter 777504] reheat + diversify: ceiling=0.00, value=14328.0
    [iter 783257] reheat + diversify: ceiling=0.00, value=15274.0
    [iter 789010] reheat + diversify: ceiling=0.00, value=17593.0
    [iter 794763] reheat + diversify: ceiling=0.00, value=14627.0
    [iter 800516] reheat + diversify: ceiling=0.00, value=17201.0
    [iter 806269] reheat + diversify: ceiling=0.00, value=18001.0
    [iter 812022] reheat + diversify: ceiling=0.00, value=18867.0
    [iter 817775] reheat + diversify: ceiling=0.00, value=11091.0
    [iter 823528] reheat + diversify: ceiling=0.00, value=24051.0
    [iter 829281] reheat + diversify: ceiling=0.00, value=16921.0
    [iter 835034] reheat + diversify: ceiling=0.00, value=11081.0
    [iter 840787] reheat + diversify: ceiling=0.00, value=17992.0
    [iter 846540] reheat + diversify: ceiling=0.00, value=12242.0
    [iter 852293] reheat + diversify: ceiling=0.00, value=17988.0
    [iter 858046] reheat + diversify: ceiling=0.00, value=24051.0
    [iter 863799] reheat + diversify: ceiling=0.00, value=13429.0
    [iter 869552] reheat + diversify: ceiling=0.00, value=12263.0
    [iter 875305] reheat + diversify: ceiling=0.00, value=12842.0
    [iter 881058] reheat + diversify: ceiling=0.00, value=22737.0
    [iter 886811] reheat + diversify: ceiling=0.00, value=20673.0
    [iter 892564] reheat + diversify: ceiling=0.00, value=19885.0
    [iter 898317] reheat + diversify: ceiling=0.00, value=22003.0
    [iter 904070] reheat + diversify: ceiling=0.00, value=15013.0
    [iter 909823] reheat + diversify: ceiling=0.00, value=17453.0
    [iter 915576] reheat + diversify: ceiling=0.00, value=11875.0
    [iter 921329] reheat + diversify: ceiling=0.00, value=18055.0
    [iter 927082] reheat + diversify: ceiling=0.00, value=13909.0
    [iter 932835] reheat + diversify: ceiling=0.00, value=18025.0
    [iter 938588] reheat + diversify: ceiling=0.00, value=24177.0
    [iter 944341] reheat + diversify: ceiling=0.00, value=20673.0
    [iter 950094] reheat + diversify: ceiling=0.00, value=14591.0
    [iter 955847] reheat + diversify: ceiling=0.00, value=14336.0
    [iter 961600] reheat + diversify: ceiling=0.00, value=16383.0
    [iter 967353] reheat + diversify: ceiling=0.00, value=17017.0
    [iter 973106] reheat + diversify: ceiling=0.00, value=9438.0
    [iter 978859] reheat + diversify: ceiling=0.00, value=14347.0
    [iter 984612] reheat + diversify: ceiling=0.00, value=14459.0
    [iter 990365] reheat + diversify: ceiling=0.00, value=23849.0
    [iter 996118] reheat + diversify: ceiling=0.00, value=15591.0
    [iter 1001871] reheat + diversify: ceiling=0.00, value=23848.0
    [iter 1007624] reheat + diversify: ceiling=0.00, value=15703.0
    [iter 1013377] reheat + diversify: ceiling=0.00, value=12944.0
    [iter 1019130] reheat + diversify: ceiling=0.00, value=19233.0
    [iter 1024883] reheat + diversify: ceiling=0.00, value=23859.0
    [iter 1030636] reheat + diversify: ceiling=0.00, value=15080.0
    [iter 1036389] reheat + diversify: ceiling=0.00, value=18867.0
    [iter 1042142] reheat + diversify: ceiling=0.00, value=22769.0
    [iter 1047895] reheat + diversify: ceiling=0.00, value=17121.0
    [iter 1053648] reheat + diversify: ceiling=0.00, value=17830.0
    [iter 1059401] reheat + diversify: ceiling=0.00, value=16121.0
    [iter 1065154] reheat + diversify: ceiling=0.00, value=18280.0
    [iter 1070907] reheat + diversify: ceiling=0.00, value=20242.0
    [iter 1076660] reheat + diversify: ceiling=0.00, value=15213.0
    [iter 1082413] reheat + diversify: ceiling=0.00, value=20046.0
    [iter 1088166] reheat + diversify: ceiling=0.00, value=13199.0
    [iter 1093919] reheat + diversify: ceiling=0.00, value=22257.0
    [iter 1099672] reheat + diversify: ceiling=0.00, value=12113.0
    [iter 1105425] reheat + diversify: ceiling=0.00, value=23073.0
    [iter 1111178] reheat + diversify: ceiling=0.00, value=12809.0
    [iter 1116931] reheat + diversify: ceiling=0.00, value=17872.0
    [iter 1122684] reheat + diversify: ceiling=0.00, value=17306.0
    [iter 1128437] reheat + diversify: ceiling=0.00, value=23398.0
    [iter 1134190] reheat + diversify: ceiling=0.00, value=19287.0
    [iter 1139943] reheat + diversify: ceiling=0.00, value=18489.0
    [iter 1145696] reheat + diversify: ceiling=0.00, value=20875.0
    [iter 1151449] reheat + diversify: ceiling=0.00, value=14501.0
    [iter 1157202] reheat + diversify: ceiling=0.00, value=10295.0
    [iter 1162955] reheat + diversify: ceiling=0.00, value=10473.0
    [iter 1168708] reheat + diversify: ceiling=0.00, value=24585.0
    [iter 1174461] reheat + diversify: ceiling=0.00, value=24838.0
    [iter 1180214] reheat + diversify: ceiling=0.00, value=19947.0
    [iter 1185967] reheat + diversify: ceiling=0.00, value=19625.0
    [iter 1191720] reheat + diversify: ceiling=0.00, value=16203.0
    [iter 1197473] reheat + diversify: ceiling=0.00, value=22685.0
    [iter 1203226] reheat + diversify: ceiling=0.00, value=12492.0
    [iter 1208979] reheat + diversify: ceiling=0.00, value=16491.0
    [iter 1214732] reheat + diversify: ceiling=0.00, value=15320.0
    [iter 1220485] reheat + diversify: ceiling=0.00, value=17540.0
    [iter 1226238] reheat + diversify: ceiling=0.00, value=10462.0
    [iter 1231991] reheat + diversify: ceiling=0.00, value=16015.0
    [iter 1237744] reheat + diversify: ceiling=0.00, value=23122.0
    [iter 1243497] reheat + diversify: ceiling=0.00, value=11573.0
    [iter 1249250] reheat + diversify: ceiling=0.00, value=20107.0
    [iter 1255003] reheat + diversify: ceiling=0.00, value=12577.0
    [iter 1260756] reheat + diversify: ceiling=0.00, value=16262.0
    [iter 1266509] reheat + diversify: ceiling=0.00, value=19016.0
    [iter 1272262] reheat + diversify: ceiling=0.00, value=12444.0
    [iter 1278015] reheat + diversify: ceiling=0.00, value=20075.0
    [iter 1283768] reheat + diversify: ceiling=0.00, value=17419.0
    [iter 1289521] reheat + diversify: ceiling=0.00, value=24073.0
    [iter 1295274] reheat + diversify: ceiling=0.00, value=14740.0
    [iter 1301027] reheat + diversify: ceiling=0.00, value=16839.0
    [iter 1306780] reheat + diversify: ceiling=0.00, value=19515.0
    [iter 1312533] reheat + diversify: ceiling=0.00, value=23849.0
    [iter 1318286] reheat + diversify: ceiling=0.00, value=16683.0
    [iter 1324039] reheat + diversify: ceiling=0.00, value=17097.0
    [iter 1329792] reheat + diversify: ceiling=0.00, value=17617.0
    [iter 1335545] reheat + diversify: ceiling=0.00, value=19003.0
    [iter 1341298] reheat + diversify: ceiling=0.00, value=18309.0
    [iter 1347051] reheat + diversify: ceiling=0.00, value=12127.0
    [iter 1352804] reheat + diversify: ceiling=0.00, value=14697.0
    [iter 1358557] reheat + diversify: ceiling=0.00, value=12885.0
    [iter 1364310] reheat + diversify: ceiling=0.00, value=13632.0
    [iter 1370063] reheat + diversify: ceiling=0.00, value=10607.0
    [iter 1375816] reheat + diversify: ceiling=0.00, value=22769.0
    [iter 1381569] reheat + diversify: ceiling=0.00, value=19832.0
    [iter 1387322] reheat + diversify: ceiling=0.00, value=15126.0
    [iter 1393075] reheat + diversify: ceiling=0.00, value=11929.0
    [iter 1398828] reheat + diversify: ceiling=0.00, value=19003.0
    [iter 1404581] reheat + diversify: ceiling=0.00, value=20567.0
    [iter 1410334] reheat + diversify: ceiling=0.00, value=11369.0
    [iter 1416087] reheat + diversify: ceiling=0.00, value=11957.0
    [iter 1421840] reheat + diversify: ceiling=0.00, value=10807.0
    [iter 1427593] reheat + diversify: ceiling=0.00, value=16408.0
    [iter 1433346] reheat + diversify: ceiling=0.00, value=12127.0
    [iter 1439099] reheat + diversify: ceiling=0.00, value=12606.0
    [iter 1444852] reheat + diversify: ceiling=0.00, value=23987.0
    [iter 1450605] reheat + diversify: ceiling=0.00, value=12701.0
    [iter 1456358] reheat + diversify: ceiling=0.00, value=19831.0
    [iter 1462111] reheat + diversify: ceiling=0.00, value=13565.0
    [iter 1467864] reheat + diversify: ceiling=0.00, value=10295.0
    [iter 1473617] reheat + diversify: ceiling=0.00, value=15345.0
    [iter 1479370] reheat + diversify: ceiling=0.00, value=13230.0
    [iter 1485123] reheat + diversify: ceiling=0.00, value=15926.0
    [iter 1490876] reheat + diversify: ceiling=0.00, value=13681.0
    [iter 1496629] reheat + diversify: ceiling=0.00, value=16388.0
    [iter 1502382] reheat + diversify: ceiling=0.00, value=19854.0
    [iter 1508135] reheat + diversify: ceiling=0.00, value=17459.0
    [iter 1513888] reheat + diversify: ceiling=0.00, value=14256.0
    [iter 1519641] reheat + diversify: ceiling=0.00, value=16119.0
    [iter 1525394] reheat + diversify: ceiling=0.00, value=23910.0
    [iter 1531147] reheat + diversify: ceiling=0.00, value=21867.0
    [iter 1536900] reheat + diversify: ceiling=0.00, value=19782.0
    [iter 1542653] reheat + diversify: ceiling=0.00, value=22593.0
    [iter 1548406] reheat + diversify: ceiling=0.00, value=15578.0
    [iter 1554159] reheat + diversify: ceiling=0.00, value=15585.0
    [iter 1559912] reheat + diversify: ceiling=0.00, value=20202.0
    [iter 1565665] reheat + diversify: ceiling=0.00, value=11910.0
    [iter 1571418] reheat + diversify: ceiling=0.00, value=20727.0
    [iter 1577171] reheat + diversify: ceiling=0.00, value=20619.0
    [iter 1582924] reheat + diversify: ceiling=0.00, value=16389.0
    [iter 1588677] reheat + diversify: ceiling=0.00, value=14455.0
    [iter 1594430] reheat + diversify: ceiling=0.00, value=23967.0
    [iter 1600183] reheat + diversify: ceiling=0.00, value=18951.0
    [iter 1605936] reheat + diversify: ceiling=0.00, value=12684.0
    [iter 1611689] reheat + diversify: ceiling=0.00, value=14476.0
    [iter 1617442] reheat + diversify: ceiling=0.00, value=10614.0
    [iter 1623195] reheat + diversify: ceiling=0.00, value=23964.0
    [iter 1628948] reheat + diversify: ceiling=0.00, value=11059.0
    [iter 1634701] reheat + diversify: ceiling=0.00, value=15214.0
    [iter 1640454] reheat + diversify: ceiling=0.00, value=14627.0
    [iter 1646207] reheat + diversify: ceiling=0.00, value=15656.0
    [iter 1651960] reheat + diversify: ceiling=0.00, value=19515.0
    [iter 1657713] reheat + diversify: ceiling=0.00, value=17122.0
    [iter 1663466] reheat + diversify: ceiling=0.00, value=15083.0
    [iter 1669219] reheat + diversify: ceiling=0.00, value=23347.0
    [iter 1674972] reheat + diversify: ceiling=0.00, value=17275.0
    [iter 1680725] reheat + diversify: ceiling=0.00, value=21527.0
    [iter 1686478] reheat + diversify: ceiling=0.00, value=11516.0
    [iter 1692231] reheat + diversify: ceiling=0.00, value=19136.0
    [iter 1697984] reheat + diversify: ceiling=0.00, value=23123.0
    [iter 1703737] reheat + diversify: ceiling=0.00, value=15617.0
    [iter 1709490] reheat + diversify: ceiling=0.00, value=23123.0
    [iter 1715243] reheat + diversify: ceiling=0.00, value=13036.0
    [iter 1720996] reheat + diversify: ceiling=0.00, value=12645.0
    [iter 1726749] reheat + diversify: ceiling=0.00, value=23398.0
    [iter 1732502] reheat + diversify: ceiling=0.00, value=15299.0
    [iter 1738255] reheat + diversify: ceiling=0.00, value=10225.0
    [iter 1744008] reheat + diversify: ceiling=0.00, value=12715.0
    [iter 1749761] reheat + diversify: ceiling=0.00, value=14860.0
    [iter 1755514] reheat + diversify: ceiling=0.00, value=19984.0
    [iter 1761267] reheat + diversify: ceiling=0.00, value=17400.0
    [iter 1767020] reheat + diversify: ceiling=0.00, value=19937.0
    [iter 1772773] reheat + diversify: ceiling=0.00, value=20193.0
    [iter 1778526] reheat + diversify: ceiling=0.00, value=16520.0
    [iter 1784279] reheat + diversify: ceiling=0.00, value=22450.0
    [iter 1790032] reheat + diversify: ceiling=0.00, value=12095.0
    [iter 1795785] reheat + diversify: ceiling=0.00, value=22053.0
    [iter 1801538] reheat + diversify: ceiling=0.00, value=21188.0
    [iter 1807291] reheat + diversify: ceiling=0.00, value=21240.0
    [iter 1813044] reheat + diversify: ceiling=0.00, value=13140.0
    [iter 1818797] reheat + diversify: ceiling=0.00, value=16300.0
    [iter 1824550] reheat + diversify: ceiling=0.00, value=22225.0
    [iter 1830303] reheat + diversify: ceiling=0.00, value=15444.0
    [iter 1836056] reheat + diversify: ceiling=0.00, value=13444.0
    [iter 1841809] reheat + diversify: ceiling=0.00, value=18366.0
    [iter 1847562] reheat + diversify: ceiling=0.00, value=19403.0
    [iter 1853315] reheat + diversify: ceiling=0.00, value=22409.0
    [iter 1859068] reheat + diversify: ceiling=0.00, value=16248.0
    [iter 1864821] reheat + diversify: ceiling=0.00, value=9771.0
    [iter 1870574] reheat + diversify: ceiling=0.00, value=14733.0
    [iter 1876327] reheat + diversify: ceiling=0.00, value=23743.0
    [iter 1882080] reheat + diversify: ceiling=0.00, value=21015.0
    [iter 1887833] reheat + diversify: ceiling=0.00, value=18615.0
    [iter 1893586] reheat + diversify: ceiling=0.00, value=24530.0
    [iter 1899339] reheat + diversify: ceiling=0.00, value=14163.0
    [iter 1905092] reheat + diversify: ceiling=0.00, value=13883.0
    [iter 1910845] reheat + diversify: ceiling=0.00, value=16910.0
    [iter 1916598] reheat + diversify: ceiling=0.00, value=12142.0
    [iter 1922351] reheat + diversify: ceiling=0.00, value=24051.0
    [iter 1928104] reheat + diversify: ceiling=0.00, value=16902.0
    [iter 1933857] reheat + diversify: ceiling=0.00, value=23430.0
    [iter 1939610] reheat + diversify: ceiling=0.00, value=19003.0
    [iter 1945363] reheat + diversify: ceiling=0.00, value=9981.0
    [iter 1951116] reheat + diversify: ceiling=0.00, value=21835.0
    [iter 1956869] reheat + diversify: ceiling=0.00, value=15497.0
    [iter 1962622] reheat + diversify: ceiling=0.00, value=23123.0
    [iter 1968375] reheat + diversify: ceiling=0.00, value=22951.0
    [iter 1974128] reheat + diversify: ceiling=0.00, value=16408.0
    [iter 1979881] reheat + diversify: ceiling=0.00, value=23430.0
    [iter 1985634] reheat + diversify: ceiling=0.00, value=24531.0
    [iter 1991387] reheat + diversify: ceiling=0.00, value=23073.0
    [iter 1997140] reheat + diversify: ceiling=0.00, value=12749.0
    [iter 2002893] reheat + diversify: ceiling=0.00, value=14448.0
    [iter 2008646] reheat + diversify: ceiling=0.00, value=21345.0
    [iter 2014399] reheat + diversify: ceiling=0.00, value=14655.0
    [iter 2020152] reheat + diversify: ceiling=0.00, value=14069.0
    [iter 2025905] reheat + diversify: ceiling=0.00, value=18884.0
    [iter 2031658] reheat + diversify: ceiling=0.00, value=22455.0
    [iter 2037411] reheat + diversify: ceiling=0.00, value=18107.0
    [iter 2043164] reheat + diversify: ceiling=0.00, value=11792.0
    [iter 2048917] reheat + diversify: ceiling=0.00, value=20875.0
    [iter 2054670] reheat + diversify: ceiling=0.00, value=12911.0
    [iter 2060423] reheat + diversify: ceiling=0.00, value=14532.0
    [iter 2066176] reheat + diversify: ceiling=0.00, value=17307.0
    [iter 2071929] reheat + diversify: ceiling=0.00, value=24530.0
    [iter 2077682] reheat + diversify: ceiling=0.00, value=23797.0
    [iter 2083435] reheat + diversify: ceiling=0.00, value=23071.0
    [iter 2089188] reheat + diversify: ceiling=0.00, value=23858.0
    [iter 2094941] reheat + diversify: ceiling=0.00, value=17638.0
    [iter 2100694] reheat + diversify: ceiling=0.00, value=20161.0
    [iter 2106447] reheat + diversify: ceiling=0.00, value=19736.0
    [iter 2112200] reheat + diversify: ceiling=0.00, value=20845.0
    [iter 2117953] reheat + diversify: ceiling=0.00, value=17031.0
    [iter 2123706] reheat + diversify: ceiling=0.00, value=11097.0
    [iter 2129459] reheat + diversify: ceiling=0.00, value=12689.0
    [iter 2135212] reheat + diversify: ceiling=0.00, value=14476.0
    [iter 2140965] reheat + diversify: ceiling=0.00, value=12142.0
    [iter 2146718] reheat + diversify: ceiling=0.00, value=15214.0
    [iter 2152471] reheat + diversify: ceiling=0.00, value=17139.0
    [iter 2158224] reheat + diversify: ceiling=0.00, value=24249.0
    [iter 2163977] reheat + diversify: ceiling=0.00, value=19937.0
    [iter 2169730] reheat + diversify: ceiling=0.00, value=20139.0
    [iter 2175483] reheat + diversify: ceiling=0.00, value=11717.0
    [iter 2181236] reheat + diversify: ceiling=0.00, value=11867.0
    [iter 2186989] reheat + diversify: ceiling=0.00, value=24531.0
    [iter 2192742] reheat + diversify: ceiling=0.00, value=18958.0
    [iter 2198495] reheat + diversify: ceiling=0.00, value=20760.0
    [iter 2204248] reheat + diversify: ceiling=0.00, value=14460.0
    [iter 2210001] reheat + diversify: ceiling=0.00, value=13055.0
    [iter 2215754] reheat + diversify: ceiling=0.00, value=22611.0
    [iter 2221507] reheat + diversify: ceiling=0.00, value=20452.0
    [iter 2227260] reheat + diversify: ceiling=0.00, value=15605.0
    [iter 2233013] reheat + diversify: ceiling=0.00, value=20567.0
    [iter 2238766] reheat + diversify: ceiling=0.00, value=18575.0
    [iter 2244519] reheat + diversify: ceiling=0.00, value=23849.0
    [iter 2250272] reheat + diversify: ceiling=0.00, value=12736.0
    [iter 2256025] reheat + diversify: ceiling=0.00, value=13055.0
    [iter 2261778] reheat + diversify: ceiling=0.00, value=23029.0
    [iter 2267531] reheat + diversify: ceiling=0.00, value=12051.0
    [iter 2273284] reheat + diversify: ceiling=0.00, value=24156.0
    [iter 2279037] reheat + diversify: ceiling=0.00, value=17225.0
    [iter 2284790] reheat + diversify: ceiling=0.00, value=21239.0
    [iter 2290543] reheat + diversify: ceiling=0.00, value=20024.0
    [iter 2296296] reheat + diversify: ceiling=0.00, value=23073.0
    [iter 2302049] reheat + diversify: ceiling=0.00, value=20557.0
    [iter 2307802] reheat + diversify: ceiling=0.00, value=20139.0
    [iter 2313555] reheat + diversify: ceiling=0.00, value=19937.0
    [iter 2319308] reheat + diversify: ceiling=0.00, value=19515.0
    [iter 2325061] reheat + diversify: ceiling=0.00, value=13597.0
    [iter 2330814] reheat + diversify: ceiling=0.00, value=13289.0
    [iter 2336567] reheat + diversify: ceiling=0.00, value=15014.0
    [iter 2342320] reheat + diversify: ceiling=0.00, value=24636.0
    [iter 2348073] reheat + diversify: ceiling=0.00, value=23398.0
    [iter 2353826] reheat + diversify: ceiling=0.00, value=23797.0
    [iter 2359579] reheat + diversify: ceiling=0.00, value=22717.0
    [iter 2365332] reheat + diversify: ceiling=0.00, value=20558.0
    [iter 2371085] reheat + diversify: ceiling=0.00, value=13866.0
    [iter 2376838] reheat + diversify: ceiling=0.00, value=22967.0
    [iter 2382591] reheat + diversify: ceiling=0.00, value=15214.0
    [iter 2388344] reheat + diversify: ceiling=0.00, value=23305.0
    [iter 2394097] reheat + diversify: ceiling=0.00, value=11911.0
    [iter 2399850] reheat + diversify: ceiling=0.00, value=15926.0
    [iter 2405603] reheat + diversify: ceiling=0.00, value=17681.0
    [iter 2411356] reheat + diversify: ceiling=0.00, value=10977.0
    [iter 2417109] reheat + diversify: ceiling=0.00, value=12579.0
    [iter 2422862] reheat + diversify: ceiling=0.00, value=11983.0
    [iter 2428615] reheat + diversify: ceiling=0.00, value=17441.0
    [iter 2434368] reheat + diversify: ceiling=0.00, value=13743.0
    [iter 2440121] reheat + diversify: ceiling=0.00, value=15580.0
    [iter 2445874] reheat + diversify: ceiling=0.00, value=17728.0
    [iter 2451627] reheat + diversify: ceiling=0.00, value=20452.0
    [iter 2457380] reheat + diversify: ceiling=0.00, value=22685.0
    [iter 2463133] reheat + diversify: ceiling=0.00, value=16512.0
    [iter 2468886] reheat + diversify: ceiling=0.00, value=11850.0
    [iter 2474639] reheat + diversify: ceiling=0.00, value=24953.0
    [iter 2480392] reheat + diversify: ceiling=0.00, value=19233.0
    [iter 2486145] reheat + diversify: ceiling=0.00, value=15327.0
    [iter 2491898] reheat + diversify: ceiling=0.00, value=23379.0
    [iter 2497651] reheat + diversify: ceiling=0.00, value=15926.0
    [iter 2503404] reheat + diversify: ceiling=0.00, value=20673.0
    [iter 2509157] reheat + diversify: ceiling=0.00, value=23176.0
    [iter 2514910] reheat + diversify: ceiling=0.00, value=19409.0
    [iter 2520663] reheat + diversify: ceiling=0.00, value=20759.0
    [iter 2526416] reheat + diversify: ceiling=0.00, value=17002.0
    [iter 2532169] reheat + diversify: ceiling=0.00, value=13233.0
    [iter 2537922] reheat + diversify: ceiling=0.00, value=10631.0
    [iter 2543675] reheat + diversify: ceiling=0.00, value=15556.0
    [iter 2549428] reheat + diversify: ceiling=0.00, value=15408.0
    [iter 2555181] reheat + diversify: ceiling=0.00, value=12719.0
    [iter 2560934] reheat + diversify: ceiling=0.00, value=19118.0
    [iter 2566687] reheat + diversify: ceiling=0.00, value=12809.0
    [iter 2572440] reheat + diversify: ceiling=0.00, value=14350.0
    [iter 2578193] reheat + diversify: ceiling=0.00, value=20760.0
    [iter 2583946] reheat + diversify: ceiling=0.00, value=18624.0
    [iter 2589699] reheat + diversify: ceiling=0.00, value=21547.0
    [iter 2595452] reheat + diversify: ceiling=0.00, value=21835.0
    [iter 2601205] reheat + diversify: ceiling=0.00, value=11808.0
    [iter 2606958] reheat + diversify: ceiling=0.00, value=10775.0
    [iter 2612711] reheat + diversify: ceiling=0.00, value=20055.0
    [iter 2618464] reheat + diversify: ceiling=0.00, value=23398.0
    [iter 2624217] reheat + diversify: ceiling=0.00, value=23430.0
    [iter 2629970] reheat + diversify: ceiling=0.00, value=19211.0
    [iter 2635723] reheat + diversify: ceiling=0.00, value=23849.0
    [iter 2641476] reheat + diversify: ceiling=0.00, value=22737.0
    [iter 2647229] reheat + diversify: ceiling=0.00, value=24018.0
    [iter 2652982] reheat + diversify: ceiling=0.00, value=23123.0
    [iter 2658735] reheat + diversify: ceiling=0.00, value=19676.0
    [iter 2664488] reheat + diversify: ceiling=0.00, value=15784.0
    [iter 2670241] reheat + diversify: ceiling=0.00, value=15742.0
    [iter 2675994] reheat + diversify: ceiling=0.00, value=21783.0
    [iter 2681747] reheat + diversify: ceiling=0.00, value=14452.0
    [iter 2687500] reheat + diversify: ceiling=0.00, value=12612.0
    [iter 2693253] reheat + diversify: ceiling=0.00, value=12531.0
    [iter 2699006] reheat + diversify: ceiling=0.00, value=12830.0
    [iter 2704759] reheat + diversify: ceiling=0.00, value=22685.0
    [iter 2710512] reheat + diversify: ceiling=0.00, value=9014.0
    [iter 2716265] reheat + diversify: ceiling=0.00, value=19435.0
    [iter 2722018] reheat + diversify: ceiling=0.00, value=19799.0
    [iter 2727771] reheat + diversify: ceiling=0.00, value=22408.0
    [iter 2733524] reheat + diversify: ceiling=0.00, value=11106.0
    [iter 2739277] reheat + diversify: ceiling=0.00, value=14278.0
    [iter 2745030] reheat + diversify: ceiling=0.00, value=14083.0
    [iter 2750783] reheat + diversify: ceiling=0.00, value=22791.0
    [iter 2756536] reheat + diversify: ceiling=0.00, value=18001.0
    [iter 2762289] reheat + diversify: ceiling=0.00, value=12925.0
    [iter 2768042] reheat + diversify: ceiling=0.00, value=23797.0
    [iter 2773795] reheat + diversify: ceiling=0.00, value=24531.0
    [iter 2779548] reheat + diversify: ceiling=0.00, value=21214.0
    [iter 2785301] reheat + diversify: ceiling=0.00, value=18436.0
    [iter 2791054] reheat + diversify: ceiling=0.00, value=17724.0
    [iter 2796807] reheat + diversify: ceiling=0.00, value=23637.0
    [iter 2802560] reheat + diversify: ceiling=0.00, value=20139.0
    [iter 2808313] reheat + diversify: ceiling=0.00, value=24124.0
    [iter 2814066] reheat + diversify: ceiling=0.00, value=20424.0
    [iter 2819819] reheat + diversify: ceiling=0.00, value=16811.0
    [iter 2825572] reheat + diversify: ceiling=0.00, value=23711.0
    [iter 2831325] reheat + diversify: ceiling=0.00, value=16519.0
    [iter 2837078] reheat + diversify: ceiling=0.00, value=13702.0
    [iter 2842831] reheat + diversify: ceiling=0.00, value=19288.0
    [iter 2848584] reheat + diversify: ceiling=0.00, value=15665.0
    [iter 2854337] reheat + diversify: ceiling=0.00, value=19885.0
    [iter 2860090] reheat + diversify: ceiling=0.00, value=13836.0
    [iter 2865843] reheat + diversify: ceiling=0.00, value=20107.0
    [iter 2871596] reheat + diversify: ceiling=0.00, value=15595.0
    [iter 2877349] reheat + diversify: ceiling=0.00, value=22967.0
    [iter 2883102] reheat + diversify: ceiling=0.00, value=19937.0
    [iter 2888855] reheat + diversify: ceiling=0.00, value=23228.0
    [iter 2894608] reheat + diversify: ceiling=0.00, value=15809.0
    [iter 2900361] reheat + diversify: ceiling=0.00, value=20843.0
    [iter 2906114] reheat + diversify: ceiling=0.00, value=12527.0
    [iter 2911867] reheat + diversify: ceiling=0.00, value=10781.0
    [iter 2917620] reheat + diversify: ceiling=0.00, value=19233.0
    [iter 2923373] reheat + diversify: ceiling=0.00, value=21547.0
    [iter 2929126] reheat + diversify: ceiling=0.00, value=20075.0
    [iter 2934879] reheat + diversify: ceiling=0.00, value=23430.0
    [iter 2940632] reheat + diversify: ceiling=0.00, value=23398.0
    [iter 2946385] reheat + diversify: ceiling=0.00, value=19146.0
    [iter 2952138] reheat + diversify: ceiling=0.00, value=14026.0
    [iter 2957891] reheat + diversify: ceiling=0.00, value=23849.0
    [iter 2963644] reheat + diversify: ceiling=0.00, value=22263.0
    [iter 2969397] reheat + diversify: ceiling=0.00, value=23357.0
    [iter 2975150] reheat + diversify: ceiling=0.00, value=21867.0
    [iter 2980903] reheat + diversify: ceiling=0.00, value=18925.0
    [iter 2986656] reheat + diversify: ceiling=0.00, value=12618.0
    [iter 2992409] reheat + diversify: ceiling=0.00, value=9122.0
    [iter 2998162] reheat + diversify: ceiling=0.00, value=22205.0
    [iter 3003915] reheat + diversify: ceiling=0.00, value=20014.0
    [iter 3009668] reheat + diversify: ceiling=0.00, value=19799.0
    [iter 3015421] reheat + diversify: ceiling=0.00, value=24953.0
    [iter 3021174] reheat + diversify: ceiling=0.00, value=23122.0
    [iter 3026927] reheat + diversify: ceiling=0.00, value=15226.0
    [iter 3032680] reheat + diversify: ceiling=0.00, value=24531.0
    [iter 3038433] reheat + diversify: ceiling=0.00, value=24806.0
    [iter 3044186] reheat + diversify: ceiling=0.00, value=10473.0
    [iter 3049939] reheat + diversify: ceiling=0.00, value=10705.0
    [iter 3055692] reheat + diversify: ceiling=0.00, value=17869.0
    [iter 3061445] reheat + diversify: ceiling=0.00, value=22967.0
    [iter 3067198] reheat + diversify: ceiling=0.00, value=19774.0
    [iter 3072951] reheat + diversify: ceiling=0.00, value=22418.0
    [iter 3078704] reheat + diversify: ceiling=0.00, value=22967.0
    [iter 3084457] reheat + diversify: ceiling=0.00, value=11677.0
    [iter 3090210] reheat + diversify: ceiling=0.00, value=23967.0
    [iter 3095963] reheat + diversify: ceiling=0.00, value=16373.0
    [iter 3101716] reheat + diversify: ceiling=0.00, value=21665.0
    [iter 3107469] reheat + diversify: ceiling=0.00, value=20343.0
    [iter 3113222] reheat + diversify: ceiling=0.00, value=23484.0
    [iter 3118975] reheat + diversify: ceiling=0.00, value=13976.0
    [iter 3124728] reheat + diversify: ceiling=0.00, value=16212.0
    [iter 3130481] reheat + diversify: ceiling=0.00, value=17202.0
    [iter 3136234] reheat + diversify: ceiling=0.00, value=24050.0
    [iter 3141987] reheat + diversify: ceiling=0.00, value=16084.0
    [iter 3147740] reheat + diversify: ceiling=0.00, value=18789.0
    [iter 3153493] reheat + diversify: ceiling=0.00, value=10807.0
    [iter 3159246] reheat + diversify: ceiling=0.00, value=19012.0
    [iter 3164999] reheat + diversify: ceiling=0.00, value=19799.0
    [iter 3170752] reheat + diversify: ceiling=0.00, value=24838.0
    [iter 3176505] reheat + diversify: ceiling=0.00, value=17002.0
    [iter 3182258] reheat + diversify: ceiling=0.00, value=19803.0
    [iter 3188011] reheat + diversify: ceiling=0.00, value=23797.0
    [iter 3193764] reheat + diversify: ceiling=0.00, value=20087.0
    [iter 3199517] reheat + diversify: ceiling=0.00, value=13966.0
    [iter 3205270] reheat + diversify: ceiling=0.00, value=18055.0
    [iter 3211023] reheat + diversify: ceiling=0.00, value=12572.0
    [iter 3216776] reheat + diversify: ceiling=0.00, value=13935.0
    [iter 3222529] reheat + diversify: ceiling=0.00, value=19118.0
    [iter 3228282] reheat + diversify: ceiling=0.00, value=15735.0
    [iter 3234035] reheat + diversify: ceiling=0.00, value=10259.0
    [iter 3239788] reheat + diversify: ceiling=0.00, value=23567.0
    [iter 3245541] reheat + diversify: ceiling=0.00, value=19885.0
    [iter 3251294] reheat + diversify: ceiling=0.00, value=24531.0
    [iter 3257047] reheat + diversify: ceiling=0.00, value=23513.0
    [iter 3262800] reheat + diversify: ceiling=0.00, value=23849.0
    [iter 3268553] reheat + diversify: ceiling=0.00, value=12736.0
    [iter 3274306] reheat + diversify: ceiling=0.00, value=11968.0
    [iter 3280059] reheat + diversify: ceiling=0.00, value=24019.0
    [iter 3285812] reheat + diversify: ceiling=0.00, value=21239.0
    [iter 3291565] reheat + diversify: ceiling=0.00, value=13098.0
    [iter 3297318] reheat + diversify: ceiling=0.00, value=23430.0
    [iter 3303071] reheat + diversify: ceiling=0.00, value=20557.0
    [iter 3308824] reheat + diversify: ceiling=0.00, value=12704.0
    [iter 3314577] reheat + diversify: ceiling=0.00, value=19268.0
    [iter 3320330] reheat + diversify: ceiling=0.00, value=11823.0
    [iter 3326083] reheat + diversify: ceiling=0.00, value=21559.0
    [iter 3331836] reheat + diversify: ceiling=0.00, value=23122.0
    [iter 3337589] reheat + diversify: ceiling=0.00, value=14079.0
    [iter 3343342] reheat + diversify: ceiling=0.00, value=15321.0
    [iter 3349095] reheat + diversify: ceiling=0.00, value=15187.0
    [iter 3354848] reheat + diversify: ceiling=0.00, value=23848.0
    [iter 3360601] reheat + diversify: ceiling=0.00, value=10067.0
    [iter 3366354] reheat + diversify: ceiling=0.00, value=21949.0
    [iter 3372107] reheat + diversify: ceiling=0.00, value=23743.0
    [iter 3377860] reheat + diversify: ceiling=0.00, value=14363.0
    [iter 3383613] reheat + diversify: ceiling=0.00, value=19409.0
    [iter 3389366] reheat + diversify: ceiling=0.00, value=20567.0
    [iter 3395119] reheat + diversify: ceiling=0.00, value=15512.0
    [iter 3400872] reheat + diversify: ceiling=0.00, value=13994.0
    [iter 3406625] reheat + diversify: ceiling=0.00, value=18598.0
    [iter 3412378] reheat + diversify: ceiling=0.00, value=23122.0
    [iter 3418131] reheat + diversify: ceiling=0.00, value=19400.0
    [iter 3423884] reheat + diversify: ceiling=0.00, value=23071.0
    [iter 3429637] reheat + diversify: ceiling=0.00, value=14273.0
    [iter 3435390] reheat + diversify: ceiling=0.00, value=19742.0
    [iter 3441143] reheat + diversify: ceiling=0.00, value=18225.0
    [iter 3446896] reheat + diversify: ceiling=0.00, value=24787.0
    [iter 3452649] reheat + diversify: ceiling=0.00, value=24073.0
    [iter 3458402] reheat + diversify: ceiling=0.00, value=19937.0
    [iter 3464155] reheat + diversify: ceiling=0.00, value=12113.0
    [iter 3469908] reheat + diversify: ceiling=0.00, value=13143.0
    [iter 3475661] reheat + diversify: ceiling=0.00, value=23849.0
    [iter 3481414] reheat + diversify: ceiling=0.00, value=12701.0
    [iter 3487167] reheat + diversify: ceiling=0.00, value=20558.0
    [iter 3492920] reheat + diversify: ceiling=0.00, value=17121.0
    [iter 3498673] reheat + diversify: ceiling=0.00, value=14969.0
    [iter 3504426] reheat + diversify: ceiling=0.00, value=15102.0
    [iter 3510179] reheat + diversify: ceiling=0.00, value=13897.0
    [iter 3515932] reheat + diversify: ceiling=0.00, value=22571.0
    [iter 3521685] reheat + diversify: ceiling=0.00, value=18966.0
    [iter 3527438] reheat + diversify: ceiling=0.00, value=14766.0
    [iter 3533191] reheat + diversify: ceiling=0.00, value=19515.0
    [iter 3538944] reheat + diversify: ceiling=0.00, value=11622.0
    [iter 3544697] reheat + diversify: ceiling=0.00, value=23849.0
    [iter 3550450] reheat + diversify: ceiling=0.00, value=12618.0
    [iter 3556203] reheat + diversify: ceiling=0.00, value=24051.0
    [iter 3561956] reheat + diversify: ceiling=0.00, value=24953.0
    [iter 3567709] reheat + diversify: ceiling=0.00, value=17005.0
    [iter 3573462] reheat + diversify: ceiling=0.00, value=18789.0
    [iter 3579215] reheat + diversify: ceiling=0.00, value=11615.0
    [iter 3584968] reheat + diversify: ceiling=0.00, value=18727.0
    [iter 3590721] reheat + diversify: ceiling=0.00, value=11985.0
  time limit reached at iteration 3596400
  SA finished: 3596400 iterations in 300.0s (11988 it/s), accepted 2946024 (81.9%), rejected 650375, neutral 1998318 (55.6%), worsening accepted 59.3%, no-move draws 0, reheats 624
  SA: value 26361.0 (greedy 24479.0, +1882.0), bound 31654.5, gap 16.72%, util 85.0%
  report -> /home/mcaspar/3DMHKP/results_3DMHKP_ep3/ep3-20-L-R-50-3DMHKP-SA-a0.999-r0.25-t300s.txt

================================================================================================
SUMMARY
================================================================================================
instance      boxes  packed       greedy     SA value        bound      gap    util    iters    time
------------------------------------------------------------------------------------------------
ep3-20-L-R-50     20       9      24479.0      26361.0      31654.5   16.7%   85.0%  3596400  300.0s
------------------------------------------------------------------------------------------------
proven optimal (value reaches the upper bound): 0/1
improved over greedy: 1/1 (total value 24479.0 -> 26361.0, +7.69%)
mean gap to continuous-knapsack bound: 16.7%
mean volume utilization: 85.0%
